[     974ms] Cannot use import statement outside a module
[     975ms] ReferenceError: Chart is not defined
    at https://phbidlautdemo.prahu-hub.com/_resources/themes/prahutheme/js/scripts-init/charts/chartjs.js:8:13
[    1058ms] Unexpected token '<'
[    1173ms] Unexpected token '<'
[    1207ms] Uncaught TypeError: expect element to be DOM Element, but got null
    at n.init (https://cdnjs.cloudflare.com/ajax/libs/smooth-scrollbar/8.5.2/smooth-scrollbar.js:24:264)
    at <anonymous> (https://phbidlautdemo.prahu-hub.com/order/buatinvoice/1295:6612:14)
[    1221ms] [LOG] Daftar Ordernamanya @ https://phbidlautdemo.prahu-hub.com/order/buatinvoice/1295:2039
[    1253ms] [LOG] nilai_diskon 0 @ https://phbidlautdemo.prahu-hub.com/order/buatinvoice/1295:5760
[    1253ms] [LOG] 3181110 @ https://phbidlautdemo.prahu-hub.com/order/buatinvoice/1295:5761
[    1254ms] [LOG] nilai_diskon 0 @ https://phbidlautdemo.prahu-hub.com/order/buatinvoice/1295:5760
[    1254ms] [LOG] 3181110 @ https://phbidlautdemo.prahu-hub.com/order/buatinvoice/1295:5761
[    1255ms] [LOG] nilai_diskon 0 @ https://phbidlautdemo.prahu-hub.com/order/buatinvoice/1295:5760
[    1255ms] [LOG] 3181110 @ https://phbidlautdemo.prahu-hub.com/order/buatinvoice/1295:5761
[    1255ms] [LOG] nilai_diskon 0 @ https://phbidlautdemo.prahu-hub.com/order/buatinvoice/1295:5760
[    1256ms] [LOG] 3181110 @ https://phbidlautdemo.prahu-hub.com/order/buatinvoice/1295:5761
[    1264ms] [LOG] undefined @ https://phbidlautdemo.prahu-hub.com/order/buatinvoice/1295:6965
[    1264ms] [LOG] undefined @ https://phbidlautdemo.prahu-hub.com/order/buatinvoice/1295:6965
[    1264ms] [LOG] undefined @ https://phbidlautdemo.prahu-hub.com/order/buatinvoice/1295:6965
[    1264ms] [LOG] Masukkan Nama Perusahaan @ https://phbidlautdemo.prahu-hub.com/order/buatinvoice/1295:6965
[    1264ms] [LOG] Masukkan Nomor Telepon @ https://phbidlautdemo.prahu-hub.com/order/buatinvoice/1295:6965
[    1264ms] [LOG] Masukkan Alamat Email @ https://phbidlautdemo.prahu-hub.com/order/buatinvoice/1295:6965
[    1265ms] [LOG] Masukkan Nama Shipper @ https://phbidlautdemo.prahu-hub.com/order/buatinvoice/1295:6965
[    1265ms] [LOG] Masukkan ID Order @ https://phbidlautdemo.prahu-hub.com/order/buatinvoice/1295:6965
[    1265ms] [LOG] Masukkan Nomor Invoice @ https://phbidlautdemo.prahu-hub.com/order/buatinvoice/1295:6965
[    1265ms] [LOG] DD/MM/YYYY @ https://phbidlautdemo.prahu-hub.com/order/buatinvoice/1295:6965
[    1265ms] [LOG] DD/MM/YYYY @ https://phbidlautdemo.prahu-hub.com/order/buatinvoice/1295:6965
[    1266ms] [LOG] Harga @ https://phbidlautdemo.prahu-hub.com/order/buatinvoice/1295:6965
[    1266ms] [LOG] Harga @ https://phbidlautdemo.prahu-hub.com/order/buatinvoice/1295:6965
[    1266ms] [LOG] 0 @ https://phbidlautdemo.prahu-hub.com/order/buatinvoice/1295:6965
[    1266ms] [LOG] undefined @ https://phbidlautdemo.prahu-hub.com/order/buatinvoice/1295:6965
[    1266ms] [LOG] 0 @ https://phbidlautdemo.prahu-hub.com/order/buatinvoice/1295:6965
[    1266ms] [LOG] undefined @ https://phbidlautdemo.prahu-hub.com/order/buatinvoice/1295:6965
[    1266ms] [LOG] 0 @ https://phbidlautdemo.prahu-hub.com/order/buatinvoice/1295:6965
[    1266ms] [LOG] undefined @ https://phbidlautdemo.prahu-hub.com/order/buatinvoice/1295:6965
[    1266ms] [LOG] undefined @ https://phbidlautdemo.prahu-hub.com/order/buatinvoice/1295:6965
[    1267ms] [LOG] Masukkan Nomor Rekening @ https://phbidlautdemo.prahu-hub.com/order/buatinvoice/1295:6965
[    1267ms] [LOG] Masukkan Nama Bank @ https://phbidlautdemo.prahu-hub.com/order/buatinvoice/1295:6965
[    1267ms] [LOG] Masukkan Nomor Invoice @ https://phbidlautdemo.prahu-hub.com/order/buatinvoice/1295:6965
[    1267ms] [LOG] Masukkan Nomor Rekening @ https://phbidlautdemo.prahu-hub.com/order/buatinvoice/1295:6965
[    1267ms] [LOG] Masukkan Nama Bank @ https://phbidlautdemo.prahu-hub.com/order/buatinvoice/1295:6965
[    1267ms] [LOG] Masukkan Nomor Invoice @ https://phbidlautdemo.prahu-hub.com/order/buatinvoice/1295:6965
[    1267ms] [LOG] undefined @ https://phbidlautdemo.prahu-hub.com/order/buatinvoice/1295:6965
[    1267ms] [LOG] undefined @ https://phbidlautdemo.prahu-hub.com/order/buatinvoice/1295:6965
[    1267ms] [LOG] undefined @ https://phbidlautdemo.prahu-hub.com/order/buatinvoice/1295:6965
[    1268ms] [LOG] WebSocket connection @ https://phbidlautdemo.prahu-hub.com/order/buatinvoice/1295:7008
[    1268ms] [LOG] WebSocket connection attempting... @ https://phbidlautdemo.prahu-hub.com/order/buatinvoice/1295:7086
[    1388ms] [LOG] WebSocket connected @ https://phbidlautdemo.prahu-hub.com/order/buatinvoice/1295:7017
[    1390ms] [LOG] update_dashboard_order_laut @ https://phbidlautdemo.prahu-hub.com/order/buatinvoice/1295:7058
[    1416ms] [LOG] Connected @ https://phbidlautdemo.prahu-hub.com/order/buatinvoice/1295:7058
[    1515ms] [LOG] 200 xhrglobal @ https://phbidlautdemo.prahu-hub.com/order/buatinvoice/1295:6939
[    1555ms] [LOG] 200 xhrglobal @ https://phbidlautdemo.prahu-hub.com/order/buatinvoice/1295:6939
[    3235ms] TypeError: $(...).DataTable is not a function
    at https://phbidlautdemo.prahu-hub.com/_resources/themes/prahutheme/js/scripts-init/tables.js:7:23
