[    2687ms] Cannot use import statement outside a module
[    2741ms] ReferenceError: Chart is not defined
    at https://phbidlautdemo.prahu-hub.com/_resources/themes/prahutheme/js/scripts-init/charts/chartjs.js:8:13
[    2789ms] Unexpected token '<'
[    2923ms] Unexpected token '<'
[    3058ms] Unexpected token '<'
[    3062ms] [LOG] WebSocket mbconn @ https://phbidlautdemo.prahu-hub.com/home/dashboardorder/?tgl_awal=01%2F08%2F2026&tgl_akhir=30%2F08%2F2026&BidOwnerID=65:5661
[    3062ms] [LOG] on going... @ https://phbidlautdemo.prahu-hub.com/home/dashboardorder/?tgl_awal=01%2F08%2F2026&tgl_akhir=30%2F08%2F2026&BidOwnerID=65:5683
[    3115ms] Uncaught TypeError: expect element to be DOM Element, but got null
    at <anonymous> (https://cdnjs.cloudflare.com/ajax/libs/smooth-scrollbar/8.5.2/smooth-scrollbar.js:24:264)
    at <anonymous> (https://phbidlautdemo.prahu-hub.com/home/dashboardorder/?tgl_awal=01%2F08%2F2026&tgl_akhir=30%2F08%2F2026&BidOwnerID=65:6360:14)
[    3162ms] [LOG] DASHBOARDnamanya @ https://phbidlautdemo.prahu-hub.com/home/dashboardorder/?tgl_awal=01%2F08%2F2026&tgl_akhir=30%2F08%2F2026&BidOwnerID=65:2040
[    3226ms] [LOG] 01/08/2026 @ https://phbidlautdemo.prahu-hub.com/home/dashboardorder/?tgl_awal=01%2F08%2F2026&tgl_akhir=30%2F08%2F2026&BidOwnerID=65:5623
[    3226ms] [LOG] 30/08/2026 @ https://phbidlautdemo.prahu-hub.com/home/dashboardorder/?tgl_awal=01%2F08%2F2026&tgl_akhir=30%2F08%2F2026&BidOwnerID=65:5624
[    3290ms] [LOG] DD/MM/YYYY @ https://phbidlautdemo.prahu-hub.com/home/dashboardorder/?tgl_awal=01%2F08%2F2026&tgl_akhir=30%2F08%2F2026&BidOwnerID=65:6713
[    3292ms] [LOG] DD/MM/YYYY @ https://phbidlautdemo.prahu-hub.com/home/dashboardorder/?tgl_awal=01%2F08%2F2026&tgl_akhir=30%2F08%2F2026&BidOwnerID=65:6713
[    3293ms] [LOG] undefined @ https://phbidlautdemo.prahu-hub.com/home/dashboardorder/?tgl_awal=01%2F08%2F2026&tgl_akhir=30%2F08%2F2026&BidOwnerID=65:6713
[    3294ms] [LOG] WebSocket connection @ https://phbidlautdemo.prahu-hub.com/home/dashboardorder/?tgl_awal=01%2F08%2F2026&tgl_akhir=30%2F08%2F2026&BidOwnerID=65:6756
[    3295ms] [LOG] WebSocket connection attempting... @ https://phbidlautdemo.prahu-hub.com/home/dashboardorder/?tgl_awal=01%2F08%2F2026&tgl_akhir=30%2F08%2F2026&BidOwnerID=65:6834
[    3332ms] [LOG] 200 xhrglobal @ https://phbidlautdemo.prahu-hub.com/home/dashboardorder/?tgl_awal=01%2F08%2F2026&tgl_akhir=30%2F08%2F2026&BidOwnerID=65:6687
[    3343ms] [LOG] konak @ https://phbidlautdemo.prahu-hub.com/home/dashboardorder/?tgl_awal=01%2F08%2F2026&tgl_akhir=30%2F08%2F2026&BidOwnerID=65:5672
[    3349ms] [LOG] 200 xhrglobal @ https://phbidlautdemo.prahu-hub.com/home/dashboardorder/?tgl_awal=01%2F08%2F2026&tgl_akhir=30%2F08%2F2026&BidOwnerID=65:6687
[    3351ms] [LOG] update_dashboard_order_laut mbdebug @ https://phbidlautdemo.prahu-hub.com/home/dashboardorder/?tgl_awal=01%2F08%2F2026&tgl_akhir=30%2F08%2F2026&BidOwnerID=65:5678
[    3483ms] [LOG] Connected mbdebug @ https://phbidlautdemo.prahu-hub.com/home/dashboardorder/?tgl_awal=01%2F08%2F2026&tgl_akhir=30%2F08%2F2026&BidOwnerID=65:5678
[    3486ms] [LOG] WebSocket connected @ https://phbidlautdemo.prahu-hub.com/home/dashboardorder/?tgl_awal=01%2F08%2F2026&tgl_akhir=30%2F08%2F2026&BidOwnerID=65:6765
[    3490ms] [LOG] update_dashboard_order_laut @ https://phbidlautdemo.prahu-hub.com/home/dashboardorder/?tgl_awal=01%2F08%2F2026&tgl_akhir=30%2F08%2F2026&BidOwnerID=65:6806
[    3534ms] [LOG] Connected mbdebug @ https://phbidlautdemo.prahu-hub.com/home/dashboardorder/?tgl_awal=01%2F08%2F2026&tgl_akhir=30%2F08%2F2026&BidOwnerID=65:5678
[    3534ms] [LOG] Connected @ https://phbidlautdemo.prahu-hub.com/home/dashboardorder/?tgl_awal=01%2F08%2F2026&tgl_akhir=30%2F08%2F2026&BidOwnerID=65:6806
[    3725ms] [LOG] 19 sukses setelah pagination attr jumlah data @ https://phbidlautdemo.prahu-hub.com/_resources/themes/prahutheme/javascript/custom/dashboardorder.js?m=1787972929:301
[    3726ms] [LOG] [Object, Object, Object, Object, Object, Object, Object, Object, Object, Object, Object, Object, Object, Object, Object, Object, Object, Object, Object, Object, Object, Object, Object, Object, Object] @ https://phbidlautdemo.prahu-hub.com/_resources/themes/prahutheme/javascript/custom/dashboardorder.js?m=1787972929:14
[    3736ms] [LOG] 19 @ https://phbidlautdemo.prahu-hub.com/_resources/themes/prahutheme/javascript/custom/dashboardorder.js?m=1787972929:238
[    3737ms] [LOG] 19 jumlah data di info @ https://phbidlautdemo.prahu-hub.com/_resources/themes/prahutheme/javascript/custom/dashboardorder.js?m=1787972929:239
[    3738ms] [LOG] 19 jumlah data @ https://phbidlautdemo.prahu-hub.com/_resources/themes/prahutheme/javascript/custom/dashboardorder.js?m=1787972929:200
[    3738ms] [LOG] 1 page jumlah @ https://phbidlautdemo.prahu-hub.com/_resources/themes/prahutheme/javascript/custom/dashboardorder.js?m=1787972929:202
[    3740ms] [LOG] 1 1 pageCount & pageNow @ https://phbidlautdemo.prahu-hub.com/_resources/themes/prahutheme/javascript/custom/dashboardorder.js?m=1787972929:130
[    3754ms] [LOG] 200 xhrglobal @ https://phbidlautdemo.prahu-hub.com/home/dashboardorder/?tgl_awal=01%2F08%2F2026&tgl_akhir=30%2F08%2F2026&BidOwnerID=65:6687
[    4024ms] [LOG] 19 sukses setelah pagination attr jumlah data @ https://phbidlautdemo.prahu-hub.com/_resources/themes/prahutheme/javascript/custom/dashboardorder.js?m=1787972929:301
[    4025ms] [LOG] [Object, Object, Object, Object, Object, Object, Object, Object, Object, Object, Object, Object, Object, Object, Object, Object, Object, Object, Object, Object, Object, Object, Object, Object, Object] @ https://phbidlautdemo.prahu-hub.com/_resources/themes/prahutheme/javascript/custom/dashboardorder.js?m=1787972929:14
[    4040ms] [LOG] 19 @ https://phbidlautdemo.prahu-hub.com/_resources/themes/prahutheme/javascript/custom/dashboardorder.js?m=1787972929:238
[    4041ms] [LOG] 19 jumlah data di info @ https://phbidlautdemo.prahu-hub.com/_resources/themes/prahutheme/javascript/custom/dashboardorder.js?m=1787972929:239
[    4042ms] [LOG] 19 jumlah data @ https://phbidlautdemo.prahu-hub.com/_resources/themes/prahutheme/javascript/custom/dashboardorder.js?m=1787972929:200
[    4042ms] [LOG] 1 page jumlah @ https://phbidlautdemo.prahu-hub.com/_resources/themes/prahutheme/javascript/custom/dashboardorder.js?m=1787972929:202
[    4042ms] [LOG] 1 1 pageCount & pageNow @ https://phbidlautdemo.prahu-hub.com/_resources/themes/prahutheme/javascript/custom/dashboardorder.js?m=1787972929:130
[    4056ms] [LOG] 200 xhrglobal @ https://phbidlautdemo.prahu-hub.com/home/dashboardorder/?tgl_awal=01%2F08%2F2026&tgl_akhir=30%2F08%2F2026&BidOwnerID=65:6687
[    4093ms] [LOG] 200 xhrglobal @ https://phbidlautdemo.prahu-hub.com/home/dashboardorder/?tgl_awal=01%2F08%2F2026&tgl_akhir=30%2F08%2F2026&BidOwnerID=65:6687
[    4226ms] [LOG] 200 xhrglobal @ https://phbidlautdemo.prahu-hub.com/home/dashboardorder/?tgl_awal=01%2F08%2F2026&tgl_akhir=30%2F08%2F2026&BidOwnerID=65:6687
[    4243ms] [LOG] 200 xhrglobal @ https://phbidlautdemo.prahu-hub.com/home/dashboardorder/?tgl_awal=01%2F08%2F2026&tgl_akhir=30%2F08%2F2026&BidOwnerID=65:6687
[    4582ms] [LOG] 19 sukses setelah pagination attr jumlah data @ https://phbidlautdemo.prahu-hub.com/_resources/themes/prahutheme/javascript/custom/dashboardorder.js?m=1787972929:301
[    4583ms] [LOG] [Object, Object, Object, Object, Object, Object, Object, Object, Object, Object, Object, Object, Object, Object, Object, Object, Object, Object, Object, Object, Object, Object, Object, Object, Object] @ https://phbidlautdemo.prahu-hub.com/_resources/themes/prahutheme/javascript/custom/dashboardorder.js?m=1787972929:14
[    4595ms] [LOG] 19 @ https://phbidlautdemo.prahu-hub.com/_resources/themes/prahutheme/javascript/custom/dashboardorder.js?m=1787972929:238
[    4596ms] [LOG] 19 jumlah data di info @ https://phbidlautdemo.prahu-hub.com/_resources/themes/prahutheme/javascript/custom/dashboardorder.js?m=1787972929:239
[    4596ms] [LOG] 19 jumlah data @ https://phbidlautdemo.prahu-hub.com/_resources/themes/prahutheme/javascript/custom/dashboardorder.js?m=1787972929:200
[    4597ms] [LOG] 1 page jumlah @ https://phbidlautdemo.prahu-hub.com/_resources/themes/prahutheme/javascript/custom/dashboardorder.js?m=1787972929:202
[    4599ms] [LOG] 1 1 pageCount & pageNow @ https://phbidlautdemo.prahu-hub.com/_resources/themes/prahutheme/javascript/custom/dashboardorder.js?m=1787972929:130
[    4611ms] [LOG] 200 xhrglobal @ https://phbidlautdemo.prahu-hub.com/home/dashboardorder/?tgl_awal=01%2F08%2F2026&tgl_akhir=30%2F08%2F2026&BidOwnerID=65:6687
[    4611ms] [LOG] 19 jumlah data @ https://phbidlautdemo.prahu-hub.com/_resources/themes/prahutheme/javascript/custom/dashboardorder.js?m=1787972929:200
[    4612ms] [LOG] 1 page jumlah @ https://phbidlautdemo.prahu-hub.com/_resources/themes/prahutheme/javascript/custom/dashboardorder.js?m=1787972929:202
[    4612ms] [LOG] 1 1 pageCount & pageNow @ https://phbidlautdemo.prahu-hub.com/_resources/themes/prahutheme/javascript/custom/dashboardorder.js?m=1787972929:130
[    4613ms] [LOG] 19 @ https://phbidlautdemo.prahu-hub.com/_resources/themes/prahutheme/javascript/custom/dashboardorder.js?m=1787972929:238
[    4613ms] [LOG] 19 jumlah data di info @ https://phbidlautdemo.prahu-hub.com/_resources/themes/prahutheme/javascript/custom/dashboardorder.js?m=1787972929:239
[    4614ms] [LOG] 19 jumlah data @ https://phbidlautdemo.prahu-hub.com/_resources/themes/prahutheme/javascript/custom/dashboardorder.js?m=1787972929:200
[    4614ms] [LOG] 1 page jumlah @ https://phbidlautdemo.prahu-hub.com/_resources/themes/prahutheme/javascript/custom/dashboardorder.js?m=1787972929:202
[    4615ms] [LOG] 1 1 pageCount & pageNow @ https://phbidlautdemo.prahu-hub.com/_resources/themes/prahutheme/javascript/custom/dashboardorder.js?m=1787972929:130
[    4616ms] [LOG] 19 @ https://phbidlautdemo.prahu-hub.com/_resources/themes/prahutheme/javascript/custom/dashboardorder.js?m=1787972929:238
[    4616ms] [LOG] 19 jumlah data di info @ https://phbidlautdemo.prahu-hub.com/_resources/themes/prahutheme/javascript/custom/dashboardorder.js?m=1787972929:239
[    5178ms] TypeError: $(...).DataTable is not a function
    at https://phbidlautdemo.prahu-hub.com/_resources/themes/prahutheme/js/scripts-init/tables.js:7:23
