[     393ms] TypeError: $(...).DataTable is not a function
    at https://phbidlautdemo.prahu-hub.com/_resources/themes/prahutheme/js/scripts-init/tables.js:7:23
[    1794ms] Cannot use import statement outside a module
[    1823ms] ReferenceError: Chart is not defined
    at https://phbidlautdemo.prahu-hub.com/_resources/themes/prahutheme/js/scripts-init/charts/chartjs.js:8:13
[    1915ms] Unexpected token '<'
[    1916ms] Unexpected token '<'
[    1967ms] Uncaught TypeError: expect element to be DOM Element, but got null
    at n.init (https://cdnjs.cloudflare.com/ajax/libs/smooth-scrollbar/8.5.2/smooth-scrollbar.js:24:264)
    at <anonymous> (https://phbidlautdemo.prahu-hub.com/lelang/buatlelang:13854:14)
[    1999ms] [LOG] undefinednamanya @ https://phbidlautdemo.prahu-hub.com/lelang/buatlelang:1878
[    2015ms] [LOG] Fri Aug 14 2026 13:39:35 GMT+0700 (Western Indonesia Time) @ https://phbidlautdemo.prahu-hub.com/lelang/buatlelang:11531
[    2069ms] [LOG] Masukkan Nomor Lelang @ https://phbidlautdemo.prahu-hub.com/lelang/buatlelang:14206
[    2069ms] [LOG] DD/MM/YYYY hh:mm @ https://phbidlautdemo.prahu-hub.com/lelang/buatlelang:14206
[    2069ms] [LOG] DD/MM/YYYY hh:mm @ https://phbidlautdemo.prahu-hub.com/lelang/buatlelang:14206
[    2069ms] [LOG] DD/MM/YYYY hh:mm @ https://phbidlautdemo.prahu-hub.com/lelang/buatlelang:14206
[    2069ms] [LOG] DD/MM/YYYY hh:mm @ https://phbidlautdemo.prahu-hub.com/lelang/buatlelang:14206
[    2069ms] [LOG] undefined @ https://phbidlautdemo.prahu-hub.com/lelang/buatlelang:14206
[    2069ms] [LOG] DD/MM/YYYY @ https://phbidlautdemo.prahu-hub.com/lelang/buatlelang:14206
[    2070ms] [LOG] DD/MM/YYYY @ https://phbidlautdemo.prahu-hub.com/lelang/buatlelang:14206
[    2070ms] [LOG] undefined @ https://phbidlautdemo.prahu-hub.com/lelang/buatlelang:14206
[    2071ms] [LOG] undefined @ https://phbidlautdemo.prahu-hub.com/lelang/buatlelang:14206
[    2071ms] [LOG] undefined @ https://phbidlautdemo.prahu-hub.com/lelang/buatlelang:14206
[    2071ms] [LOG] undefined @ https://phbidlautdemo.prahu-hub.com/lelang/buatlelang:14206
[    2071ms] [LOG] undefined @ https://phbidlautdemo.prahu-hub.com/lelang/buatlelang:14206
[    2071ms] [LOG] undefined @ https://phbidlautdemo.prahu-hub.com/lelang/buatlelang:14206
[    2071ms] [LOG] undefined @ https://phbidlautdemo.prahu-hub.com/lelang/buatlelang:14206
[    2071ms] [LOG] undefined @ https://phbidlautdemo.prahu-hub.com/lelang/buatlelang:14206
[    2071ms] [LOG] undefined @ https://phbidlautdemo.prahu-hub.com/lelang/buatlelang:14206
[    2072ms] [LOG] undefined @ https://phbidlautdemo.prahu-hub.com/lelang/buatlelang:14206
[    2072ms] [LOG] undefined @ https://phbidlautdemo.prahu-hub.com/lelang/buatlelang:14206
[    2072ms] [LOG] undefined @ https://phbidlautdemo.prahu-hub.com/lelang/buatlelang:14206
[    2072ms] [LOG] undefined @ https://phbidlautdemo.prahu-hub.com/lelang/buatlelang:14206
[    2072ms] [LOG] undefined @ https://phbidlautdemo.prahu-hub.com/lelang/buatlelang:14206
[    2072ms] [LOG] undefined @ https://phbidlautdemo.prahu-hub.com/lelang/buatlelang:14206
[    2072ms] [LOG] undefined @ https://phbidlautdemo.prahu-hub.com/lelang/buatlelang:14206
[    2073ms] [LOG] undefined @ https://phbidlautdemo.prahu-hub.com/lelang/buatlelang:14206
[    2073ms] [LOG] undefined @ https://phbidlautdemo.prahu-hub.com/lelang/buatlelang:14206
[    2073ms] [LOG] undefined @ https://phbidlautdemo.prahu-hub.com/lelang/buatlelang:14206
[    2073ms] [LOG] undefined @ https://phbidlautdemo.prahu-hub.com/lelang/buatlelang:14206
[    2073ms] [LOG] undefined @ https://phbidlautdemo.prahu-hub.com/lelang/buatlelang:14206
[    2073ms] [LOG] undefined @ https://phbidlautdemo.prahu-hub.com/lelang/buatlelang:14206
[    2073ms] [LOG] undefined @ https://phbidlautdemo.prahu-hub.com/lelang/buatlelang:14206
[    2073ms] [LOG] undefined @ https://phbidlautdemo.prahu-hub.com/lelang/buatlelang:14206
[    2074ms] [LOG] undefined @ https://phbidlautdemo.prahu-hub.com/lelang/buatlelang:14206
[    2074ms] [LOG] undefined @ https://phbidlautdemo.prahu-hub.com/lelang/buatlelang:14206
[    2074ms] [LOG] undefined @ https://phbidlautdemo.prahu-hub.com/lelang/buatlelang:14206
[    2074ms] [LOG] undefined @ https://phbidlautdemo.prahu-hub.com/lelang/buatlelang:14206
[    2074ms] [LOG] undefined @ https://phbidlautdemo.prahu-hub.com/lelang/buatlelang:14206
[    2074ms] [LOG] undefined @ https://phbidlautdemo.prahu-hub.com/lelang/buatlelang:14206
[    2074ms] [LOG] undefined @ https://phbidlautdemo.prahu-hub.com/lelang/buatlelang:14206
[    2074ms] [LOG] undefined @ https://phbidlautdemo.prahu-hub.com/lelang/buatlelang:14206
[    2074ms] [LOG] undefined @ https://phbidlautdemo.prahu-hub.com/lelang/buatlelang:14206
[    2074ms] [LOG] undefined @ https://phbidlautdemo.prahu-hub.com/lelang/buatlelang:14206
[    2075ms] [LOG] undefined @ https://phbidlautdemo.prahu-hub.com/lelang/buatlelang:14206
[    2075ms] [LOG] undefined @ https://phbidlautdemo.prahu-hub.com/lelang/buatlelang:14206
[    2075ms] [LOG] undefined @ https://phbidlautdemo.prahu-hub.com/lelang/buatlelang:14206
[    2075ms] [LOG] undefined @ https://phbidlautdemo.prahu-hub.com/lelang/buatlelang:14206
[    2075ms] [LOG] undefined @ https://phbidlautdemo.prahu-hub.com/lelang/buatlelang:14206
[    2075ms] [LOG] undefined @ https://phbidlautdemo.prahu-hub.com/lelang/buatlelang:14206
[    2075ms] [LOG] undefined @ https://phbidlautdemo.prahu-hub.com/lelang/buatlelang:14206
[    2076ms] [LOG] undefined @ https://phbidlautdemo.prahu-hub.com/lelang/buatlelang:14206
[    2076ms] [LOG] undefined @ https://phbidlautdemo.prahu-hub.com/lelang/buatlelang:14206
[    2076ms] [LOG] Masukkan Budget @ https://phbidlautdemo.prahu-hub.com/lelang/buatlelang:14206
[    2076ms] [LOG] undefined @ https://phbidlautdemo.prahu-hub.com/lelang/buatlelang:14206
[    2076ms] [LOG] undefined @ https://phbidlautdemo.prahu-hub.com/lelang/buatlelang:14206
[    2076ms] [LOG] undefined @ https://phbidlautdemo.prahu-hub.com/lelang/buatlelang:14206
[    2076ms] [LOG] Masukkan Dokumen Tambahan (Bila Ada) @ https://phbidlautdemo.prahu-hub.com/lelang/buatlelang:14206
[    2076ms] [LOG] undefined @ https://phbidlautdemo.prahu-hub.com/lelang/buatlelang:14206
[    2076ms] [LOG] undefined @ https://phbidlautdemo.prahu-hub.com/lelang/buatlelang:14206
[    2077ms] [LOG] undefined @ https://phbidlautdemo.prahu-hub.com/lelang/buatlelang:14206
[    2077ms] [LOG] Masukkan Nama PIC @ https://phbidlautdemo.prahu-hub.com/lelang/buatlelang:14206
[    2077ms] [LOG] Nomor Telp. @ https://phbidlautdemo.prahu-hub.com/lelang/buatlelang:14206
[    2077ms] [LOG] Masukkan Nama PIC @ https://phbidlautdemo.prahu-hub.com/lelang/buatlelang:14206
[    2077ms] [LOG] Nomor Telp. @ https://phbidlautdemo.prahu-hub.com/lelang/buatlelang:14206
[    2077ms] [LOG] Masukkan Nama PIC @ https://phbidlautdemo.prahu-hub.com/lelang/buatlelang:14206
[    2077ms] [LOG] Nomor Telp. @ https://phbidlautdemo.prahu-hub.com/lelang/buatlelang:14206
[    2077ms] [LOG] Masukkan Nama PIC @ https://phbidlautdemo.prahu-hub.com/lelang/buatlelang:14206
[    2078ms] [LOG] Nomor Telp. @ https://phbidlautdemo.prahu-hub.com/lelang/buatlelang:14206
[    2078ms] [LOG] Masukkan Nama PIC @ https://phbidlautdemo.prahu-hub.com/lelang/buatlelang:14206
[    2078ms] [LOG] Nomor Telp. @ https://phbidlautdemo.prahu-hub.com/lelang/buatlelang:14206
[    2078ms] [LOG] Anda Bisa Memilih Beberapa @ https://phbidlautdemo.prahu-hub.com/lelang/buatlelang:14206
[    2078ms] [LOG] Jumlah Berapa Unit / Berapa Kontainer @ https://phbidlautdemo.prahu-hub.com/lelang/buatlelang:14206
[    2079ms] [LOG] WebSocket connection @ https://phbidlautdemo.prahu-hub.com/lelang/buatlelang:14249
[    2080ms] [LOG] WebSocket connection attempting... @ https://phbidlautdemo.prahu-hub.com/lelang/buatlelang:14327
[    2293ms] [LOG] WebSocket connected @ https://phbidlautdemo.prahu-hub.com/lelang/buatlelang:14258
[    2295ms] [LOG] update_dashboard_order_laut @ https://phbidlautdemo.prahu-hub.com/lelang/buatlelang:14299
[    2323ms] [LOG] Connected @ https://phbidlautdemo.prahu-hub.com/lelang/buatlelang:14299
[    2328ms] [LOG] Connected @ https://phbidlautdemo.prahu-hub.com/lelang/buatlelang:14299
[    2525ms] [LOG] 200 xhrglobal @ https://phbidlautdemo.prahu-hub.com/lelang/buatlelang:14180
[    2572ms] [LOG] 200 xhrglobal @ https://phbidlautdemo.prahu-hub.com/lelang/buatlelang:14180
[    4021ms] TypeError: $(...).DataTable is not a function
    at https://phbidlautdemo.prahu-hub.com/_resources/themes/prahutheme/js/scripts-init/tables.js:7:23
[   12635ms] [LOG] A : 65 @ https://phbidlautdemo.prahu-hub.com/lelang/buatlelang:13186
[   12648ms] [LOG] U : 85 @ https://phbidlautdemo.prahu-hub.com/lelang/buatlelang:13186
[   12657ms] [LOG] T : 84 @ https://phbidlautdemo.prahu-hub.com/lelang/buatlelang:13186
[   12664ms] [LOG] O : 79 @ https://phbidlautdemo.prahu-hub.com/lelang/buatlelang:13186
[   12673ms] [LOG] T : 84 @ https://phbidlautdemo.prahu-hub.com/lelang/buatlelang:13186
[   12680ms] [LOG] E : 69 @ https://phbidlautdemo.prahu-hub.com/lelang/buatlelang:13186
[   12690ms] [LOG] S : 83 @ https://phbidlautdemo.prahu-hub.com/lelang/buatlelang:13186
[   12698ms] [LOG] T : 84 @ https://phbidlautdemo.prahu-hub.com/lelang/buatlelang:13186
[   12707ms] [LOG] / : 47 @ https://phbidlautdemo.prahu-hub.com/lelang/buatlelang:13186
[   12715ms] [LOG] 0 : 48 @ https://phbidlautdemo.prahu-hub.com/lelang/buatlelang:13186
[   12725ms] [LOG] 8 : 56 @ https://phbidlautdemo.prahu-hub.com/lelang/buatlelang:13186
[   12733ms] [LOG] / : 47 @ https://phbidlautdemo.prahu-hub.com/lelang/buatlelang:13186
[   12742ms] [LOG] 2 : 50 @ https://phbidlautdemo.prahu-hub.com/lelang/buatlelang:13186
[   12750ms] [LOG] 6 : 54 @ https://phbidlautdemo.prahu-hub.com/lelang/buatlelang:13186
[   12759ms] [LOG] - : 45 @ https://phbidlautdemo.prahu-hub.com/lelang/buatlelang:13186
[   12766ms] [LOG] J : 74 @ https://phbidlautdemo.prahu-hub.com/lelang/buatlelang:13186
[   12774ms] [LOG] K : 75 @ https://phbidlautdemo.prahu-hub.com/lelang/buatlelang:13186
[   12780ms] [LOG] T : 84 @ https://phbidlautdemo.prahu-hub.com/lelang/buatlelang:13186
[   15743ms] [LOG] Connected @ https://phbidlautdemo.prahu-hub.com/lelang/buatlelang:14299
[   19362ms] [LOG] Connected @ https://phbidlautdemo.prahu-hub.com/lelang/buatlelang:14299
[   27178ms] [LOG] Connected @ https://phbidlautdemo.prahu-hub.com/lelang/buatlelang:14299
[   44630ms] [LOG] Connected @ https://phbidlautdemo.prahu-hub.com/lelang/buatlelang:14299
[   66177ms] [LOG] Connected @ https://phbidlautdemo.prahu-hub.com/lelang/buatlelang:14299
[   71030ms] [LOG] Connected @ https://phbidlautdemo.prahu-hub.com/lelang/buatlelang:14299
[   76657ms] [LOG] Connected @ https://phbidlautdemo.prahu-hub.com/lelang/buatlelang:14299
[   83628ms] [LOG] Connected @ https://phbidlautdemo.prahu-hub.com/lelang/buatlelang:14299
[   93628ms] [LOG] Connected @ https://phbidlautdemo.prahu-hub.com/lelang/buatlelang:14299
[   97274ms] [LOG] Connected @ https://phbidlautdemo.prahu-hub.com/lelang/buatlelang:14299
[   97311ms] [LOG] Connected @ https://phbidlautdemo.prahu-hub.com/lelang/buatlelang:14299
[   97795ms] [LOG] Connected @ https://phbidlautdemo.prahu-hub.com/lelang/buatlelang:14299
[  102194ms] [LOG] Connected @ https://phbidlautdemo.prahu-hub.com/lelang/buatlelang:14299
[  109360ms] [LOG] Connected @ https://phbidlautdemo.prahu-hub.com/lelang/buatlelang:14299
[  109706ms] [LOG] Connected @ https://phbidlautdemo.prahu-hub.com/lelang/buatlelang:14299
[  113271ms] [LOG] Connected @ https://phbidlautdemo.prahu-hub.com/lelang/buatlelang:14299
[  116938ms] [LOG] Connected @ https://phbidlautdemo.prahu-hub.com/lelang/buatlelang:14299
[  116959ms] [LOG] Connected @ https://phbidlautdemo.prahu-hub.com/lelang/buatlelang:14299
[  118900ms] [LOG] Connected @ https://phbidlautdemo.prahu-hub.com/lelang/buatlelang:14299
[  122940ms] [LOG] Connected @ https://phbidlautdemo.prahu-hub.com/lelang/buatlelang:14299
[  126422ms] [LOG] Connected @ https://phbidlautdemo.prahu-hub.com/lelang/buatlelang:14299
[  131448ms] [LOG] Connected @ https://phbidlautdemo.prahu-hub.com/lelang/buatlelang:14299
[  140187ms] [LOG] Connected @ https://phbidlautdemo.prahu-hub.com/lelang/buatlelang:14299
[  145757ms] [LOG] Connected @ https://phbidlautdemo.prahu-hub.com/lelang/buatlelang:14299
[  148811ms] [LOG] Connected @ https://phbidlautdemo.prahu-hub.com/lelang/buatlelang:14299
[  152862ms] [LOG] Connected @ https://phbidlautdemo.prahu-hub.com/lelang/buatlelang:14299
[  157284ms] [LOG] Connected @ https://phbidlautdemo.prahu-hub.com/lelang/buatlelang:14299
[  158474ms] [LOG] Connected @ https://phbidlautdemo.prahu-hub.com/lelang/buatlelang:14299
[  160989ms] [LOG] Connected @ https://phbidlautdemo.prahu-hub.com/lelang/buatlelang:14299
[  162169ms] [LOG] Connected @ https://phbidlautdemo.prahu-hub.com/lelang/buatlelang:14299
[  165388ms] [LOG] Connected @ https://phbidlautdemo.prahu-hub.com/lelang/buatlelang:14299
[  167120ms] [LOG] Connected @ https://phbidlautdemo.prahu-hub.com/lelang/buatlelang:14299
[  168171ms] [LOG] Connected @ https://phbidlautdemo.prahu-hub.com/lelang/buatlelang:14299
[  177889ms] [LOG] Connected @ https://phbidlautdemo.prahu-hub.com/lelang/buatlelang:14299
[  182388ms] [LOG] Connected @ https://phbidlautdemo.prahu-hub.com/lelang/buatlelang:14299
[  185218ms] [LOG] Connected @ https://phbidlautdemo.prahu-hub.com/lelang/buatlelang:14299
[  185522ms] [LOG] Connected @ https://phbidlautdemo.prahu-hub.com/lelang/buatlelang:14299
[  187327ms] [LOG] Connected @ https://phbidlautdemo.prahu-hub.com/lelang/buatlelang:14299
[  189529ms] [LOG] Connected @ https://phbidlautdemo.prahu-hub.com/lelang/buatlelang:14299
[  192254ms] [LOG] Connected @ https://phbidlautdemo.prahu-hub.com/lelang/buatlelang:14299
[  204564ms] [LOG] Connected @ https://phbidlautdemo.prahu-hub.com/lelang/buatlelang:14299
[  206919ms] [LOG] Connected @ https://phbidlautdemo.prahu-hub.com/lelang/buatlelang:14299
[  212427ms] [LOG] Connected @ https://phbidlautdemo.prahu-hub.com/lelang/buatlelang:14299
[  224080ms] [LOG] Connected @ https://phbidlautdemo.prahu-hub.com/lelang/buatlelang:14299
[  224522ms] [LOG] Connected @ https://phbidlautdemo.prahu-hub.com/lelang/buatlelang:14299
[  226273ms] [LOG] Connected @ https://phbidlautdemo.prahu-hub.com/lelang/buatlelang:14299
[  227540ms] [LOG] Connected @ https://phbidlautdemo.prahu-hub.com/lelang/buatlelang:14299
[  230878ms] [LOG] Connected @ https://phbidlautdemo.prahu-hub.com/lelang/buatlelang:14299
[  232837ms] [LOG] Connected @ https://phbidlautdemo.prahu-hub.com/lelang/buatlelang:14299
[  235339ms] [LOG] Connected @ https://phbidlautdemo.prahu-hub.com/lelang/buatlelang:14299
[  237463ms] [LOG] Connected @ https://phbidlautdemo.prahu-hub.com/lelang/buatlelang:14299
[  238974ms] [LOG] Connected @ https://phbidlautdemo.prahu-hub.com/lelang/buatlelang:14299
[  240018ms] [LOG] Connected @ https://phbidlautdemo.prahu-hub.com/lelang/buatlelang:14299
[  240381ms] [LOG] Connected @ https://phbidlautdemo.prahu-hub.com/lelang/buatlelang:14299
[  249932ms] [LOG] Connected @ https://phbidlautdemo.prahu-hub.com/lelang/buatlelang:14299
[  250784ms] [LOG] Connected @ https://phbidlautdemo.prahu-hub.com/lelang/buatlelang:14299
[  251740ms] [LOG] Connected @ https://phbidlautdemo.prahu-hub.com/lelang/buatlelang:14299
[  251895ms] [LOG] Connected @ https://phbidlautdemo.prahu-hub.com/lelang/buatlelang:14299
[  252387ms] [LOG] Connected @ https://phbidlautdemo.prahu-hub.com/lelang/buatlelang:14299
[  256135ms] [LOG] Connected @ https://phbidlautdemo.prahu-hub.com/lelang/buatlelang:14299
[  259634ms] [LOG] Connected @ https://phbidlautdemo.prahu-hub.com/lelang/buatlelang:14299
[  270771ms] [LOG] Connected @ https://phbidlautdemo.prahu-hub.com/lelang/buatlelang:14299
[  274428ms] [LOG] Connected @ https://phbidlautdemo.prahu-hub.com/lelang/buatlelang:14299
[  277617ms] [LOG] Connected @ https://phbidlautdemo.prahu-hub.com/lelang/buatlelang:14299
[  278784ms] [LOG] belum @ https://phbidlautdemo.prahu-hub.com/lelang/buatlelang:13235
[  278785ms] [LOG] 200 xhrglobal @ https://phbidlautdemo.prahu-hub.com/lelang/buatlelang:14180
[  280751ms] Cannot use import statement outside a module
[  280771ms] ReferenceError: Chart is not defined
    at https://phbidlautdemo.prahu-hub.com/_resources/themes/prahutheme/js/scripts-init/charts/chartjs.js:8:13
[  281071ms] Unexpected token '<'
[  281071ms] Unexpected token '<'
[  281115ms] Uncaught TypeError: expect element to be DOM Element, but got null
    at n.init (https://cdnjs.cloudflare.com/ajax/libs/smooth-scrollbar/8.5.2/smooth-scrollbar.js:24:264)
    at <anonymous> (https://phbidlautdemo.prahu-hub.com/lelang/pilihpesertalelang/blBzMjFHMjU1SmtkNGdibVA5aGdSUT09:6600:14)
[  281465ms] [LOG] undefinednamanya @ https://phbidlautdemo.prahu-hub.com/lelang/pilihpesertalelang/blBzMjFHMjU1SmtkNGdibVA5aGdSUT09:1878
[  281477ms] [LOG] Masukkan Nama Peserta Lelang @ https://phbidlautdemo.prahu-hub.com/lelang/pilihpesertalelang/blBzMjFHMjU1SmtkNGdibVA5aGdSUT09:6952
[  281477ms] [LOG] undefined @ https://phbidlautdemo.prahu-hub.com/lelang/pilihpesertalelang/blBzMjFHMjU1SmtkNGdibVA5aGdSUT09:6952
[  281477ms] [LOG] undefined @ https://phbidlautdemo.prahu-hub.com/lelang/pilihpesertalelang/blBzMjFHMjU1SmtkNGdibVA5aGdSUT09:6952
[  281477ms] [LOG] undefined @ https://phbidlautdemo.prahu-hub.com/lelang/pilihpesertalelang/blBzMjFHMjU1SmtkNGdibVA5aGdSUT09:6952
[  281477ms] [LOG] undefined @ https://phbidlautdemo.prahu-hub.com/lelang/pilihpesertalelang/blBzMjFHMjU1SmtkNGdibVA5aGdSUT09:6952
[  281477ms] [LOG] undefined @ https://phbidlautdemo.prahu-hub.com/lelang/pilihpesertalelang/blBzMjFHMjU1SmtkNGdibVA5aGdSUT09:6952
[  281477ms] [LOG] undefined @ https://phbidlautdemo.prahu-hub.com/lelang/pilihpesertalelang/blBzMjFHMjU1SmtkNGdibVA5aGdSUT09:6952
[  281478ms] [LOG] undefined @ https://phbidlautdemo.prahu-hub.com/lelang/pilihpesertalelang/blBzMjFHMjU1SmtkNGdibVA5aGdSUT09:6952
[  281478ms] [LOG] undefined @ https://phbidlautdemo.prahu-hub.com/lelang/pilihpesertalelang/blBzMjFHMjU1SmtkNGdibVA5aGdSUT09:6952
[  281478ms] [LOG] undefined @ https://phbidlautdemo.prahu-hub.com/lelang/pilihpesertalelang/blBzMjFHMjU1SmtkNGdibVA5aGdSUT09:6952
[  281478ms] [LOG] undefined @ https://phbidlautdemo.prahu-hub.com/lelang/pilihpesertalelang/blBzMjFHMjU1SmtkNGdibVA5aGdSUT09:6952
[  281478ms] [LOG] undefined @ https://phbidlautdemo.prahu-hub.com/lelang/pilihpesertalelang/blBzMjFHMjU1SmtkNGdibVA5aGdSUT09:6952
[  281478ms] [LOG] undefined @ https://phbidlautdemo.prahu-hub.com/lelang/pilihpesertalelang/blBzMjFHMjU1SmtkNGdibVA5aGdSUT09:6952
[  281478ms] [LOG] undefined @ https://phbidlautdemo.prahu-hub.com/lelang/pilihpesertalelang/blBzMjFHMjU1SmtkNGdibVA5aGdSUT09:6952
[  281478ms] [LOG] undefined @ https://phbidlautdemo.prahu-hub.com/lelang/pilihpesertalelang/blBzMjFHMjU1SmtkNGdibVA5aGdSUT09:6952
[  281478ms] [LOG] undefined @ https://phbidlautdemo.prahu-hub.com/lelang/pilihpesertalelang/blBzMjFHMjU1SmtkNGdibVA5aGdSUT09:6952
[  281479ms] [LOG] undefined @ https://phbidlautdemo.prahu-hub.com/lelang/pilihpesertalelang/blBzMjFHMjU1SmtkNGdibVA5aGdSUT09:6952
[  281479ms] [LOG] undefined @ https://phbidlautdemo.prahu-hub.com/lelang/pilihpesertalelang/blBzMjFHMjU1SmtkNGdibVA5aGdSUT09:6952
[  281479ms] [LOG] undefined @ https://phbidlautdemo.prahu-hub.com/lelang/pilihpesertalelang/blBzMjFHMjU1SmtkNGdibVA5aGdSUT09:6952
[  281480ms] [LOG] undefined @ https://phbidlautdemo.prahu-hub.com/lelang/pilihpesertalelang/blBzMjFHMjU1SmtkNGdibVA5aGdSUT09:6952
[  281480ms] [LOG] undefined @ https://phbidlautdemo.prahu-hub.com/lelang/pilihpesertalelang/blBzMjFHMjU1SmtkNGdibVA5aGdSUT09:6952
[  281480ms] [LOG] undefined @ https://phbidlautdemo.prahu-hub.com/lelang/pilihpesertalelang/blBzMjFHMjU1SmtkNGdibVA5aGdSUT09:6952
[  281481ms] [LOG] WebSocket connection @ https://phbidlautdemo.prahu-hub.com/lelang/pilihpesertalelang/blBzMjFHMjU1SmtkNGdibVA5aGdSUT09:6995
[  281482ms] [LOG] WebSocket connection attempting... @ https://phbidlautdemo.prahu-hub.com/lelang/pilihpesertalelang/blBzMjFHMjU1SmtkNGdibVA5aGdSUT09:7073
[  281773ms] [TABLE] {UI version: 8.4.1, Core version: 8.4.0, Build: NC8xMi8yMDIyfDRkZTU3MmExYg==, WebViewer Server: false, Full API: false} @ https://phbidlautdemo.prahu-hub.com/_resources/themes/prahutheme/javascript/PDFView/lib/ui/webviewer-ui.min.js:270
[  281835ms] [LOG] WebSocket connected @ https://phbidlautdemo.prahu-hub.com/lelang/pilihpesertalelang/blBzMjFHMjU1SmtkNGdibVA5aGdSUT09:7004
[  281990ms] [VERBOSE] [DOM] Password forms should have (optionally hidden) username fields for accessibility: (More info: https://goo.gl/9p2vKq) %o @ https://phbidlautdemo.prahu-hub.com/_resources/themes/prahutheme/javascript/PDFView/lib/ui/index.html#d=%2Fassets%2Fdokumenaanwijzing%2F65%2FAanwijzing-PT.-Primax-Geo-Sejahtera.pdf&a=1&disabledElements=downloadButton%2CprintButton%2ClanguageButton&filepicker=0&pdfnet=0&enableRedaction=0&enableMeasurement=0&pageHistory=1&notesInLeftPanel=0&singleServerMode=false&selectAnnotationOnCreation=0&autoFocusNoteOnAnnotationSelection=1&id=1&basePath=%2Flelang%2Fpilihpesertalelang%2FblBzMjFHMjU1SmtkNGdibVA5aGdSUT09:0
[  281991ms] [LOG] update_dashboard_order_laut @ https://phbidlautdemo.prahu-hub.com/lelang/pilihpesertalelang/blBzMjFHMjU1SmtkNGdibVA5aGdSUT09:7045
[  282092ms] [LOG] Connected @ https://phbidlautdemo.prahu-hub.com/lelang/pilihpesertalelang/blBzMjFHMjU1SmtkNGdibVA5aGdSUT09:7045
[  282142ms] [LOG] 200 xhrglobal @ https://phbidlautdemo.prahu-hub.com/lelang/pilihpesertalelang/blBzMjFHMjU1SmtkNGdibVA5aGdSUT09:6926
[  282144ms] [LOG] Connected @ https://phbidlautdemo.prahu-hub.com/lelang/pilihpesertalelang/blBzMjFHMjU1SmtkNGdibVA5aGdSUT09:7045
[  282146ms] [LOG] 200 xhrglobal @ https://phbidlautdemo.prahu-hub.com/lelang/pilihpesertalelang/blBzMjFHMjU1SmtkNGdibVA5aGdSUT09:6926
[  283203ms] [LOG] Connected @ https://phbidlautdemo.prahu-hub.com/lelang/pilihpesertalelang/blBzMjFHMjU1SmtkNGdibVA5aGdSUT09:7045
[  283475ms] TypeError: $(...).DataTable is not a function
    at https://phbidlautdemo.prahu-hub.com/_resources/themes/prahutheme/js/scripts-init/tables.js:7:23
[  284768ms] [LOG] Connected @ https://phbidlautdemo.prahu-hub.com/lelang/pilihpesertalelang/blBzMjFHMjU1SmtkNGdibVA5aGdSUT09:7045
[  287226ms] [LOG] Connected @ https://phbidlautdemo.prahu-hub.com/lelang/pilihpesertalelang/blBzMjFHMjU1SmtkNGdibVA5aGdSUT09:7045
[  289861ms] [LOG] Connected @ https://phbidlautdemo.prahu-hub.com/lelang/pilihpesertalelang/blBzMjFHMjU1SmtkNGdibVA5aGdSUT09:7045
[  293412ms] [LOG] document loaded @ https://phbidlautdemo.prahu-hub.com/lelang/pilihpesertalelang/blBzMjFHMjU1SmtkNGdibVA5aGdSUT09:6062
[  295406ms] [LOG] Connected @ https://phbidlautdemo.prahu-hub.com/lelang/pilihpesertalelang/blBzMjFHMjU1SmtkNGdibVA5aGdSUT09:7045
[  303957ms] [LOG] Connected @ https://phbidlautdemo.prahu-hub.com/lelang/pilihpesertalelang/blBzMjFHMjU1SmtkNGdibVA5aGdSUT09:7045
[  308561ms] [LOG] Connected @ https://phbidlautdemo.prahu-hub.com/lelang/pilihpesertalelang/blBzMjFHMjU1SmtkNGdibVA5aGdSUT09:7045
[  309902ms] [LOG] Connected @ https://phbidlautdemo.prahu-hub.com/lelang/pilihpesertalelang/blBzMjFHMjU1SmtkNGdibVA5aGdSUT09:7045
[  313473ms] [LOG] Connected @ https://phbidlautdemo.prahu-hub.com/lelang/pilihpesertalelang/blBzMjFHMjU1SmtkNGdibVA5aGdSUT09:7045
[  314273ms] [LOG] Connected @ https://phbidlautdemo.prahu-hub.com/lelang/pilihpesertalelang/blBzMjFHMjU1SmtkNGdibVA5aGdSUT09:7045
[  317352ms] [LOG] Connected @ https://phbidlautdemo.prahu-hub.com/lelang/pilihpesertalelang/blBzMjFHMjU1SmtkNGdibVA5aGdSUT09:7045
[  324671ms] [LOG] Connected @ https://phbidlautdemo.prahu-hub.com/lelang/pilihpesertalelang/blBzMjFHMjU1SmtkNGdibVA5aGdSUT09:7045
[  326299ms] [LOG] Connected @ https://phbidlautdemo.prahu-hub.com/lelang/pilihpesertalelang/blBzMjFHMjU1SmtkNGdibVA5aGdSUT09:7045
[  331614ms] [LOG] Connected @ https://phbidlautdemo.prahu-hub.com/lelang/pilihpesertalelang/blBzMjFHMjU1SmtkNGdibVA5aGdSUT09:7045
[  331636ms] [LOG] Connected @ https://phbidlautdemo.prahu-hub.com/lelang/pilihpesertalelang/blBzMjFHMjU1SmtkNGdibVA5aGdSUT09:7045
[  332636ms] [LOG] Connected @ https://phbidlautdemo.prahu-hub.com/lelang/pilihpesertalelang/blBzMjFHMjU1SmtkNGdibVA5aGdSUT09:7045
[  335234ms] [LOG] Connected @ https://phbidlautdemo.prahu-hub.com/lelang/pilihpesertalelang/blBzMjFHMjU1SmtkNGdibVA5aGdSUT09:7045
[  336260ms] [LOG] Connected @ https://phbidlautdemo.prahu-hub.com/lelang/pilihpesertalelang/blBzMjFHMjU1SmtkNGdibVA5aGdSUT09:7045
[  339817ms] [LOG] Connected @ https://phbidlautdemo.prahu-hub.com/lelang/pilihpesertalelang/blBzMjFHMjU1SmtkNGdibVA5aGdSUT09:7045
[  343143ms] [LOG] Connected @ https://phbidlautdemo.prahu-hub.com/lelang/pilihpesertalelang/blBzMjFHMjU1SmtkNGdibVA5aGdSUT09:7045
[  343226ms] [LOG] Connected @ https://phbidlautdemo.prahu-hub.com/lelang/pilihpesertalelang/blBzMjFHMjU1SmtkNGdibVA5aGdSUT09:7045
[  355248ms] [LOG] Connected @ https://phbidlautdemo.prahu-hub.com/lelang/pilihpesertalelang/blBzMjFHMjU1SmtkNGdibVA5aGdSUT09:7045
[  366666ms] [LOG] Connected @ https://phbidlautdemo.prahu-hub.com/lelang/pilihpesertalelang/blBzMjFHMjU1SmtkNGdibVA5aGdSUT09:7045
[  370529ms] [LOG] Connected @ https://phbidlautdemo.prahu-hub.com/lelang/pilihpesertalelang/blBzMjFHMjU1SmtkNGdibVA5aGdSUT09:7045
[  376284ms] [LOG] Connected @ https://phbidlautdemo.prahu-hub.com/lelang/pilihpesertalelang/blBzMjFHMjU1SmtkNGdibVA5aGdSUT09:7045
[  386670ms] [LOG] Connected @ https://phbidlautdemo.prahu-hub.com/lelang/pilihpesertalelang/blBzMjFHMjU1SmtkNGdibVA5aGdSUT09:7045
[  388678ms] [LOG] Connected @ https://phbidlautdemo.prahu-hub.com/lelang/pilihpesertalelang/blBzMjFHMjU1SmtkNGdibVA5aGdSUT09:7045
[  396039ms] [LOG] Connected @ https://phbidlautdemo.prahu-hub.com/lelang/pilihpesertalelang/blBzMjFHMjU1SmtkNGdibVA5aGdSUT09:7045
[  408742ms] [LOG] Connected @ https://phbidlautdemo.prahu-hub.com/lelang/pilihpesertalelang/blBzMjFHMjU1SmtkNGdibVA5aGdSUT09:7045
[  413208ms] [LOG] updateNotif.23 @ https://phbidlautdemo.prahu-hub.com/lelang/pilihpesertalelang/blBzMjFHMjU1SmtkNGdibVA5aGdSUT09:7045
[  413237ms] [LOG] notif_badge_show.23 @ https://phbidlautdemo.prahu-hub.com/lelang/pilihpesertalelang/blBzMjFHMjU1SmtkNGdibVA5aGdSUT09:7045
[  418211ms] [LOG] Connected @ https://phbidlautdemo.prahu-hub.com/lelang/pilihpesertalelang/blBzMjFHMjU1SmtkNGdibVA5aGdSUT09:7045
[  419248ms] [LOG] Connected @ https://phbidlautdemo.prahu-hub.com/lelang/pilihpesertalelang/blBzMjFHMjU1SmtkNGdibVA5aGdSUT09:7045
[  425677ms] [LOG] Connected @ https://phbidlautdemo.prahu-hub.com/lelang/pilihpesertalelang/blBzMjFHMjU1SmtkNGdibVA5aGdSUT09:7045
[  442073ms] [LOG] Connected @ https://phbidlautdemo.prahu-hub.com/lelang/pilihpesertalelang/blBzMjFHMjU1SmtkNGdibVA5aGdSUT09:7045
[  444409ms] [LOG] Connected @ https://phbidlautdemo.prahu-hub.com/lelang/pilihpesertalelang/blBzMjFHMjU1SmtkNGdibVA5aGdSUT09:7045
[  457497ms] [LOG] Connected @ https://phbidlautdemo.prahu-hub.com/lelang/pilihpesertalelang/blBzMjFHMjU1SmtkNGdibVA5aGdSUT09:7045
[  458001ms] [LOG] Connected @ https://phbidlautdemo.prahu-hub.com/lelang/pilihpesertalelang/blBzMjFHMjU1SmtkNGdibVA5aGdSUT09:7045
[  462678ms] [LOG] Connected @ https://phbidlautdemo.prahu-hub.com/lelang/pilihpesertalelang/blBzMjFHMjU1SmtkNGdibVA5aGdSUT09:7045
[  465341ms] [LOG] Connected @ https://phbidlautdemo.prahu-hub.com/lelang/pilihpesertalelang/blBzMjFHMjU1SmtkNGdibVA5aGdSUT09:7045
[  470113ms] [LOG] Connected @ https://phbidlautdemo.prahu-hub.com/lelang/pilihpesertalelang/blBzMjFHMjU1SmtkNGdibVA5aGdSUT09:7045
[  476944ms] [LOG] Connected @ https://phbidlautdemo.prahu-hub.com/lelang/pilihpesertalelang/blBzMjFHMjU1SmtkNGdibVA5aGdSUT09:7045
[  482925ms] [LOG] 200 xhrglobal @ https://phbidlautdemo.prahu-hub.com/lelang/pilihpesertalelang/blBzMjFHMjU1SmtkNGdibVA5aGdSUT09:6926
[  484583ms] [LOG] notif_badge_show.293-232-249-274-254-224-163-58-27-66-60-160-34-31-307-23 @ https://phbidlautdemo.prahu-hub.com/lelang/pilihpesertalelang/blBzMjFHMjU1SmtkNGdibVA5aGdSUT09:7045
[  484591ms] [LOG] updateNotif.293-232-249-274-254-224-163-58-27-66-60-160-34-31-307-23 @ https://phbidlautdemo.prahu-hub.com/lelang/pilihpesertalelang/blBzMjFHMjU1SmtkNGdibVA5aGdSUT09:7045
[  484614ms] [LOG] 200 xhrglobal @ https://phbidlautdemo.prahu-hub.com/lelang/pilihpesertalelang/blBzMjFHMjU1SmtkNGdibVA5aGdSUT09:6926
[  485875ms] Cannot use import statement outside a module
[  485891ms] ReferenceError: Chart is not defined
    at https://phbidlautdemo.prahu-hub.com/_resources/themes/prahutheme/js/scripts-init/charts/chartjs.js:8:13
[  486087ms] Unexpected token '<'
[  486087ms] Unexpected token '<'
[  486120ms] Uncaught TypeError: expect element to be DOM Element, but got null
    at n.init (https://cdnjs.cloudflare.com/ajax/libs/smooth-scrollbar/8.5.2/smooth-scrollbar.js:24:264)
    at <anonymous> (https://phbidlautdemo.prahu-hub.com/lelang/listlelang?tab=semua-lelang:5754:14)
[  486158ms] [LOG] Pengajuan Lelangnamanya @ https://phbidlautdemo.prahu-hub.com/lelang/listlelang?tab=semua-lelang:1877
[  486162ms] [LOG] undefined @ https://phbidlautdemo.prahu-hub.com/lelang/listlelang?tab=semua-lelang:6106
[  486163ms] [LOG] undefined @ https://phbidlautdemo.prahu-hub.com/lelang/listlelang?tab=semua-lelang:6106
[  486163ms] [LOG] Masukkan Nomor Lelang @ https://phbidlautdemo.prahu-hub.com/lelang/listlelang?tab=semua-lelang:6106
[  486163ms] [LOG] DD/MM/YYYY @ https://phbidlautdemo.prahu-hub.com/lelang/listlelang?tab=semua-lelang:6106
[  486163ms] [LOG] DD/MM/YYYY @ https://phbidlautdemo.prahu-hub.com/lelang/listlelang?tab=semua-lelang:6106
[  486163ms] [LOG] DD/MM/YYYY @ https://phbidlautdemo.prahu-hub.com/lelang/listlelang?tab=semua-lelang:6106
[  486163ms] [LOG] DD/MM/YYYY @ https://phbidlautdemo.prahu-hub.com/lelang/listlelang?tab=semua-lelang:6106
[  486163ms] [LOG] undefined @ https://phbidlautdemo.prahu-hub.com/lelang/listlelang?tab=semua-lelang:6106
[  486163ms] [LOG] undefined @ https://phbidlautdemo.prahu-hub.com/lelang/listlelang?tab=semua-lelang:6106
[  486164ms] [LOG] Masukkan Nama Bank @ https://phbidlautdemo.prahu-hub.com/lelang/listlelang?tab=semua-lelang:6106
[  486164ms] [LOG] undefined @ https://phbidlautdemo.prahu-hub.com/lelang/listlelang?tab=semua-lelang:6106
[  486167ms] [LOG] WebSocket connection @ https://phbidlautdemo.prahu-hub.com/lelang/listlelang?tab=semua-lelang:6149
[  486168ms] [LOG] WebSocket connection attempting... @ https://phbidlautdemo.prahu-hub.com/lelang/listlelang?tab=semua-lelang:6227
[  486294ms] [LOG] WebSocket connected @ https://phbidlautdemo.prahu-hub.com/lelang/listlelang?tab=semua-lelang:6158
[  486295ms] [LOG] update_dashboard_order_laut @ https://phbidlautdemo.prahu-hub.com/lelang/listlelang?tab=semua-lelang:6199
[  486322ms] [LOG] Connected @ https://phbidlautdemo.prahu-hub.com/lelang/listlelang?tab=semua-lelang:6199
[  487832ms] [LOG] Connected @ https://phbidlautdemo.prahu-hub.com/lelang/listlelang?tab=semua-lelang:6199
[  488163ms] [LOG] [Object, Object, Object, Object, Object, Object, Object, Object, Object, Object, Object, Object, Object, Object, Object, Object, Object, Object, Object, Object] @ https://phbidlautdemo.prahu-hub.com/_resources/themes/prahutheme/javascript/custom/listLelang.js?m=1786589824:14
[  488180ms] [LOG] 346 @ https://phbidlautdemo.prahu-hub.com/_resources/themes/prahutheme/javascript/custom/listLelang.js?m=1786589824:818
[  488181ms] [LOG] 346 countView1 1 pageNow 20 limitView1 @ https://phbidlautdemo.prahu-hub.com/_resources/themes/prahutheme/javascript/custom/listLelang.js?m=1786589824:820
[  488181ms] [LOG] 20 @ https://phbidlautdemo.prahu-hub.com/_resources/themes/prahutheme/javascript/custom/listLelang.js?m=1786589824:826
[  488181ms] [LOG] 346 jumlah data @ https://phbidlautdemo.prahu-hub.com/_resources/themes/prahutheme/javascript/custom/listLelang.js?m=1786589824:779
[  488182ms] [LOG] 18 @ https://phbidlautdemo.prahu-hub.com/_resources/themes/prahutheme/javascript/custom/listLelang.js?m=1786589824:781
[  488182ms] [LOG] 18 1 pageCount & pageNow @ https://phbidlautdemo.prahu-hub.com/_resources/themes/prahutheme/javascript/custom/listLelang.js?m=1786589824:704
[  488187ms] [LOG] 200 xhrglobal @ https://phbidlautdemo.prahu-hub.com/lelang/listlelang?tab=semua-lelang:6080
[  488211ms] ReferenceError: renderTooltipHarga is not defined
    at https://phbidlautdemo.prahu-hub.com/_resources/themes/prahutheme/javascript/custom/listLelang.js?m=1786589824:1049:9
[  488213ms] TypeError: $(...).DataTable is not a function
    at https://phbidlautdemo.prahu-hub.com/_resources/themes/prahutheme/js/scripts-init/tables.js:7:23
[  488316ms] [LOG] 200 xhrglobal @ https://phbidlautdemo.prahu-hub.com/lelang/listlelang?tab=semua-lelang:6080
[  488399ms] [LOG] 200 xhrglobal @ https://phbidlautdemo.prahu-hub.com/lelang/listlelang?tab=semua-lelang:6080
[  493225ms] [LOG] Connected @ https://phbidlautdemo.prahu-hub.com/lelang/listlelang?tab=semua-lelang:6199
[  493643ms] [LOG] Connected @ https://phbidlautdemo.prahu-hub.com/lelang/listlelang?tab=semua-lelang:6199
[  493949ms] [LOG] Connected @ https://phbidlautdemo.prahu-hub.com/lelang/listlelang?tab=semua-lelang:6199
[  494962ms] [LOG] Connected @ https://phbidlautdemo.prahu-hub.com/lelang/listlelang?tab=semua-lelang:6199
[  498647ms] [LOG] Connected @ https://phbidlautdemo.prahu-hub.com/lelang/listlelang?tab=semua-lelang:6199
[  513776ms] [LOG] Connected @ https://phbidlautdemo.prahu-hub.com/lelang/listlelang?tab=semua-lelang:6199
[  515138ms] [LOG] Connected @ https://phbidlautdemo.prahu-hub.com/lelang/listlelang?tab=semua-lelang:6199
