[    1717ms] Cannot use import statement outside a module
[    1752ms] ReferenceError: Chart is not defined
    at https://phbidlautdemo.prahu-hub.com/_resources/themes/prahutheme/js/scripts-init/charts/chartjs.js:8:13
[    1969ms] Unexpected token '<'
[    1972ms] Unexpected token '<'
[    2402ms] Uncaught TypeError: expect element to be DOM Element, but got null
    at n.init (https://cdnjs.cloudflare.com/ajax/libs/smooth-scrollbar/8.5.2/smooth-scrollbar.js:24:264)
    at <anonymous> (https://phbidlautdemo.prahu-hub.com/adminprahu/tambah_hakaksesadmin:8929:14)
[    2430ms] [LOG] Pengaturan Akunnamanya @ https://phbidlautdemo.prahu-hub.com/adminprahu/tambah_hakaksesadmin:2039
[    2449ms] [LOG] undefined @ https://phbidlautdemo.prahu-hub.com/adminprahu/tambah_hakaksesadmin:9282
[    2449ms] [LOG] Masukkan Nama Hak Akses @ https://phbidlautdemo.prahu-hub.com/adminprahu/tambah_hakaksesadmin:9282
[    2449ms] [LOG] undefined @ https://phbidlautdemo.prahu-hub.com/adminprahu/tambah_hakaksesadmin:9282
[    2449ms] [LOG] undefined @ https://phbidlautdemo.prahu-hub.com/adminprahu/tambah_hakaksesadmin:9282
[    2449ms] [LOG] undefined @ https://phbidlautdemo.prahu-hub.com/adminprahu/tambah_hakaksesadmin:9282
[    2450ms] [LOG] undefined @ https://phbidlautdemo.prahu-hub.com/adminprahu/tambah_hakaksesadmin:9282
[    2450ms] [LOG] undefined @ https://phbidlautdemo.prahu-hub.com/adminprahu/tambah_hakaksesadmin:9282
[    2450ms] [LOG] undefined @ https://phbidlautdemo.prahu-hub.com/adminprahu/tambah_hakaksesadmin:9282
[    2450ms] [LOG] undefined @ https://phbidlautdemo.prahu-hub.com/adminprahu/tambah_hakaksesadmin:9282
[    2450ms] [LOG] undefined @ https://phbidlautdemo.prahu-hub.com/adminprahu/tambah_hakaksesadmin:9282
[    2450ms] [LOG] undefined @ https://phbidlautdemo.prahu-hub.com/adminprahu/tambah_hakaksesadmin:9282
[    2451ms] [LOG] undefined @ https://phbidlautdemo.prahu-hub.com/adminprahu/tambah_hakaksesadmin:9282
[    2451ms] [LOG] undefined @ https://phbidlautdemo.prahu-hub.com/adminprahu/tambah_hakaksesadmin:9282
[    2451ms] [LOG] undefined @ https://phbidlautdemo.prahu-hub.com/adminprahu/tambah_hakaksesadmin:9282
[    2451ms] [LOG] undefined @ https://phbidlautdemo.prahu-hub.com/adminprahu/tambah_hakaksesadmin:9282
[    2451ms] [LOG] undefined @ https://phbidlautdemo.prahu-hub.com/adminprahu/tambah_hakaksesadmin:9282
[    2451ms] [LOG] undefined @ https://phbidlautdemo.prahu-hub.com/adminprahu/tambah_hakaksesadmin:9282
[    2452ms] [LOG] undefined @ https://phbidlautdemo.prahu-hub.com/adminprahu/tambah_hakaksesadmin:9282
[    2452ms] [LOG] undefined @ https://phbidlautdemo.prahu-hub.com/adminprahu/tambah_hakaksesadmin:9282
[    2453ms] [LOG] undefined @ https://phbidlautdemo.prahu-hub.com/adminprahu/tambah_hakaksesadmin:9282
[    2453ms] [LOG] undefined @ https://phbidlautdemo.prahu-hub.com/adminprahu/tambah_hakaksesadmin:9282
[    2453ms] [LOG] undefined @ https://phbidlautdemo.prahu-hub.com/adminprahu/tambah_hakaksesadmin:9282
[    2453ms] [LOG] undefined @ https://phbidlautdemo.prahu-hub.com/adminprahu/tambah_hakaksesadmin:9282
[    2453ms] [LOG] undefined @ https://phbidlautdemo.prahu-hub.com/adminprahu/tambah_hakaksesadmin:9282
[    2454ms] [LOG] undefined @ https://phbidlautdemo.prahu-hub.com/adminprahu/tambah_hakaksesadmin:9282
[    2454ms] [LOG] undefined @ https://phbidlautdemo.prahu-hub.com/adminprahu/tambah_hakaksesadmin:9282
[    2454ms] [LOG] undefined @ https://phbidlautdemo.prahu-hub.com/adminprahu/tambah_hakaksesadmin:9282
[    2454ms] [LOG] undefined @ https://phbidlautdemo.prahu-hub.com/adminprahu/tambah_hakaksesadmin:9282
[    2454ms] [LOG] undefined @ https://phbidlautdemo.prahu-hub.com/adminprahu/tambah_hakaksesadmin:9282
[    2454ms] [LOG] undefined @ https://phbidlautdemo.prahu-hub.com/adminprahu/tambah_hakaksesadmin:9282
[    2455ms] [LOG] undefined @ https://phbidlautdemo.prahu-hub.com/adminprahu/tambah_hakaksesadmin:9282
[    2455ms] [LOG] undefined @ https://phbidlautdemo.prahu-hub.com/adminprahu/tambah_hakaksesadmin:9282
[    2455ms] [LOG] undefined @ https://phbidlautdemo.prahu-hub.com/adminprahu/tambah_hakaksesadmin:9282
[    2455ms] [LOG] undefined @ https://phbidlautdemo.prahu-hub.com/adminprahu/tambah_hakaksesadmin:9282
[    2455ms] [LOG] undefined @ https://phbidlautdemo.prahu-hub.com/adminprahu/tambah_hakaksesadmin:9282
[    2455ms] [LOG] undefined @ https://phbidlautdemo.prahu-hub.com/adminprahu/tambah_hakaksesadmin:9282
[    2456ms] [LOG] undefined @ https://phbidlautdemo.prahu-hub.com/adminprahu/tambah_hakaksesadmin:9282
[    2456ms] [LOG] undefined @ https://phbidlautdemo.prahu-hub.com/adminprahu/tambah_hakaksesadmin:9282
[    2456ms] [LOG] undefined @ https://phbidlautdemo.prahu-hub.com/adminprahu/tambah_hakaksesadmin:9282
[    2456ms] [LOG] undefined @ https://phbidlautdemo.prahu-hub.com/adminprahu/tambah_hakaksesadmin:9282
[    2456ms] [LOG] undefined @ https://phbidlautdemo.prahu-hub.com/adminprahu/tambah_hakaksesadmin:9282
[    2456ms] [LOG] undefined @ https://phbidlautdemo.prahu-hub.com/adminprahu/tambah_hakaksesadmin:9282
[    2457ms] [LOG] undefined @ https://phbidlautdemo.prahu-hub.com/adminprahu/tambah_hakaksesadmin:9282
[    2457ms] [LOG] undefined @ https://phbidlautdemo.prahu-hub.com/adminprahu/tambah_hakaksesadmin:9282
[    2457ms] [LOG] undefined @ https://phbidlautdemo.prahu-hub.com/adminprahu/tambah_hakaksesadmin:9282
[    2457ms] [LOG] undefined @ https://phbidlautdemo.prahu-hub.com/adminprahu/tambah_hakaksesadmin:9282
[    2457ms] [LOG] undefined @ https://phbidlautdemo.prahu-hub.com/adminprahu/tambah_hakaksesadmin:9282
[    2457ms] [LOG] undefined @ https://phbidlautdemo.prahu-hub.com/adminprahu/tambah_hakaksesadmin:9282
[    2458ms] [LOG] undefined @ https://phbidlautdemo.prahu-hub.com/adminprahu/tambah_hakaksesadmin:9282
[    2458ms] [LOG] undefined @ https://phbidlautdemo.prahu-hub.com/adminprahu/tambah_hakaksesadmin:9282
[    2458ms] [LOG] undefined @ https://phbidlautdemo.prahu-hub.com/adminprahu/tambah_hakaksesadmin:9282
[    2458ms] [LOG] undefined @ https://phbidlautdemo.prahu-hub.com/adminprahu/tambah_hakaksesadmin:9282
[    2458ms] [LOG] undefined @ https://phbidlautdemo.prahu-hub.com/adminprahu/tambah_hakaksesadmin:9282
[    2458ms] [LOG] undefined @ https://phbidlautdemo.prahu-hub.com/adminprahu/tambah_hakaksesadmin:9282
[    2459ms] [LOG] undefined @ https://phbidlautdemo.prahu-hub.com/adminprahu/tambah_hakaksesadmin:9282
[    2459ms] [LOG] undefined @ https://phbidlautdemo.prahu-hub.com/adminprahu/tambah_hakaksesadmin:9282
[    2459ms] [LOG] undefined @ https://phbidlautdemo.prahu-hub.com/adminprahu/tambah_hakaksesadmin:9282
[    2459ms] [LOG] undefined @ https://phbidlautdemo.prahu-hub.com/adminprahu/tambah_hakaksesadmin:9282
[    2459ms] [LOG] undefined @ https://phbidlautdemo.prahu-hub.com/adminprahu/tambah_hakaksesadmin:9282
[    2459ms] [LOG] undefined @ https://phbidlautdemo.prahu-hub.com/adminprahu/tambah_hakaksesadmin:9282
[    2460ms] [LOG] undefined @ https://phbidlautdemo.prahu-hub.com/adminprahu/tambah_hakaksesadmin:9282
[    2460ms] [LOG] undefined @ https://phbidlautdemo.prahu-hub.com/adminprahu/tambah_hakaksesadmin:9282
[    2460ms] [LOG] undefined @ https://phbidlautdemo.prahu-hub.com/adminprahu/tambah_hakaksesadmin:9282
[    2460ms] [LOG] undefined @ https://phbidlautdemo.prahu-hub.com/adminprahu/tambah_hakaksesadmin:9282
[    2460ms] [LOG] undefined @ https://phbidlautdemo.prahu-hub.com/adminprahu/tambah_hakaksesadmin:9282
[    2461ms] [LOG] undefined @ https://phbidlautdemo.prahu-hub.com/adminprahu/tambah_hakaksesadmin:9282
[    2461ms] [LOG] undefined @ https://phbidlautdemo.prahu-hub.com/adminprahu/tambah_hakaksesadmin:9282
[    2461ms] [LOG] undefined @ https://phbidlautdemo.prahu-hub.com/adminprahu/tambah_hakaksesadmin:9282
[    2461ms] [LOG] undefined @ https://phbidlautdemo.prahu-hub.com/adminprahu/tambah_hakaksesadmin:9282
[    2461ms] [LOG] undefined @ https://phbidlautdemo.prahu-hub.com/adminprahu/tambah_hakaksesadmin:9282
[    2462ms] [LOG] undefined @ https://phbidlautdemo.prahu-hub.com/adminprahu/tambah_hakaksesadmin:9282
[    2462ms] [LOG] undefined @ https://phbidlautdemo.prahu-hub.com/adminprahu/tambah_hakaksesadmin:9282
[    2462ms] [LOG] undefined @ https://phbidlautdemo.prahu-hub.com/adminprahu/tambah_hakaksesadmin:9282
[    2462ms] [LOG] undefined @ https://phbidlautdemo.prahu-hub.com/adminprahu/tambah_hakaksesadmin:9282
[    2462ms] [LOG] undefined @ https://phbidlautdemo.prahu-hub.com/adminprahu/tambah_hakaksesadmin:9282
[    2462ms] [LOG] undefined @ https://phbidlautdemo.prahu-hub.com/adminprahu/tambah_hakaksesadmin:9282
[    2463ms] [LOG] undefined @ https://phbidlautdemo.prahu-hub.com/adminprahu/tambah_hakaksesadmin:9282
[    2463ms] [LOG] undefined @ https://phbidlautdemo.prahu-hub.com/adminprahu/tambah_hakaksesadmin:9282
[    2463ms] [LOG] undefined @ https://phbidlautdemo.prahu-hub.com/adminprahu/tambah_hakaksesadmin:9282
[    2463ms] [LOG] undefined @ https://phbidlautdemo.prahu-hub.com/adminprahu/tambah_hakaksesadmin:9282
[    2463ms] [LOG] undefined @ https://phbidlautdemo.prahu-hub.com/adminprahu/tambah_hakaksesadmin:9282
[    2463ms] [LOG] undefined @ https://phbidlautdemo.prahu-hub.com/adminprahu/tambah_hakaksesadmin:9282
[    2464ms] [LOG] undefined @ https://phbidlautdemo.prahu-hub.com/adminprahu/tambah_hakaksesadmin:9282
[    2464ms] [LOG] undefined @ https://phbidlautdemo.prahu-hub.com/adminprahu/tambah_hakaksesadmin:9282
[    2464ms] [LOG] undefined @ https://phbidlautdemo.prahu-hub.com/adminprahu/tambah_hakaksesadmin:9282
[    2464ms] [LOG] undefined @ https://phbidlautdemo.prahu-hub.com/adminprahu/tambah_hakaksesadmin:9282
[    2464ms] [LOG] undefined @ https://phbidlautdemo.prahu-hub.com/adminprahu/tambah_hakaksesadmin:9282
[    2465ms] [LOG] undefined @ https://phbidlautdemo.prahu-hub.com/adminprahu/tambah_hakaksesadmin:9282
[    2465ms] [LOG] undefined @ https://phbidlautdemo.prahu-hub.com/adminprahu/tambah_hakaksesadmin:9282
[    2465ms] [LOG] undefined @ https://phbidlautdemo.prahu-hub.com/adminprahu/tambah_hakaksesadmin:9282
[    2465ms] [LOG] undefined @ https://phbidlautdemo.prahu-hub.com/adminprahu/tambah_hakaksesadmin:9282
[    2465ms] [LOG] undefined @ https://phbidlautdemo.prahu-hub.com/adminprahu/tambah_hakaksesadmin:9282
[    2465ms] [LOG] undefined @ https://phbidlautdemo.prahu-hub.com/adminprahu/tambah_hakaksesadmin:9282
[    2466ms] [LOG] undefined @ https://phbidlautdemo.prahu-hub.com/adminprahu/tambah_hakaksesadmin:9282
[    2466ms] [LOG] undefined @ https://phbidlautdemo.prahu-hub.com/adminprahu/tambah_hakaksesadmin:9282
[    2466ms] [LOG] undefined @ https://phbidlautdemo.prahu-hub.com/adminprahu/tambah_hakaksesadmin:9282
[    2466ms] [LOG] undefined @ https://phbidlautdemo.prahu-hub.com/adminprahu/tambah_hakaksesadmin:9282
[    2467ms] [LOG] undefined @ https://phbidlautdemo.prahu-hub.com/adminprahu/tambah_hakaksesadmin:9282
[    2467ms] [LOG] undefined @ https://phbidlautdemo.prahu-hub.com/adminprahu/tambah_hakaksesadmin:9282
[    2467ms] [LOG] undefined @ https://phbidlautdemo.prahu-hub.com/adminprahu/tambah_hakaksesadmin:9282
[    2467ms] [LOG] undefined @ https://phbidlautdemo.prahu-hub.com/adminprahu/tambah_hakaksesadmin:9282
[    2467ms] [LOG] undefined @ https://phbidlautdemo.prahu-hub.com/adminprahu/tambah_hakaksesadmin:9282
[    2467ms] [LOG] undefined @ https://phbidlautdemo.prahu-hub.com/adminprahu/tambah_hakaksesadmin:9282
[    2468ms] [LOG] undefined @ https://phbidlautdemo.prahu-hub.com/adminprahu/tambah_hakaksesadmin:9282
[    2468ms] [LOG] undefined @ https://phbidlautdemo.prahu-hub.com/adminprahu/tambah_hakaksesadmin:9282
[    2468ms] [LOG] undefined @ https://phbidlautdemo.prahu-hub.com/adminprahu/tambah_hakaksesadmin:9282
[    2468ms] [LOG] undefined @ https://phbidlautdemo.prahu-hub.com/adminprahu/tambah_hakaksesadmin:9282
[    2468ms] [LOG] undefined @ https://phbidlautdemo.prahu-hub.com/adminprahu/tambah_hakaksesadmin:9282
[    2468ms] [LOG] undefined @ https://phbidlautdemo.prahu-hub.com/adminprahu/tambah_hakaksesadmin:9282
[    2469ms] [LOG] undefined @ https://phbidlautdemo.prahu-hub.com/adminprahu/tambah_hakaksesadmin:9282
[    2469ms] [LOG] undefined @ https://phbidlautdemo.prahu-hub.com/adminprahu/tambah_hakaksesadmin:9282
[    2469ms] [LOG] undefined @ https://phbidlautdemo.prahu-hub.com/adminprahu/tambah_hakaksesadmin:9282
[    2469ms] [LOG] undefined @ https://phbidlautdemo.prahu-hub.com/adminprahu/tambah_hakaksesadmin:9282
[    2469ms] [LOG] undefined @ https://phbidlautdemo.prahu-hub.com/adminprahu/tambah_hakaksesadmin:9282
[    2470ms] [LOG] undefined @ https://phbidlautdemo.prahu-hub.com/adminprahu/tambah_hakaksesadmin:9282
[    2470ms] [LOG] undefined @ https://phbidlautdemo.prahu-hub.com/adminprahu/tambah_hakaksesadmin:9282
[    2470ms] [LOG] undefined @ https://phbidlautdemo.prahu-hub.com/adminprahu/tambah_hakaksesadmin:9282
[    2470ms] [LOG] undefined @ https://phbidlautdemo.prahu-hub.com/adminprahu/tambah_hakaksesadmin:9282
[    2470ms] [LOG] undefined @ https://phbidlautdemo.prahu-hub.com/adminprahu/tambah_hakaksesadmin:9282
[    2470ms] [LOG] undefined @ https://phbidlautdemo.prahu-hub.com/adminprahu/tambah_hakaksesadmin:9282
[    2471ms] [LOG] undefined @ https://phbidlautdemo.prahu-hub.com/adminprahu/tambah_hakaksesadmin:9282
[    2471ms] [LOG] undefined @ https://phbidlautdemo.prahu-hub.com/adminprahu/tambah_hakaksesadmin:9282
[    2471ms] [LOG] undefined @ https://phbidlautdemo.prahu-hub.com/adminprahu/tambah_hakaksesadmin:9282
[    2471ms] [LOG] undefined @ https://phbidlautdemo.prahu-hub.com/adminprahu/tambah_hakaksesadmin:9282
[    2471ms] [LOG] undefined @ https://phbidlautdemo.prahu-hub.com/adminprahu/tambah_hakaksesadmin:9282
[    2471ms] [LOG] undefined @ https://phbidlautdemo.prahu-hub.com/adminprahu/tambah_hakaksesadmin:9282
[    2472ms] [LOG] undefined @ https://phbidlautdemo.prahu-hub.com/adminprahu/tambah_hakaksesadmin:9282
[    2472ms] [LOG] undefined @ https://phbidlautdemo.prahu-hub.com/adminprahu/tambah_hakaksesadmin:9282
[    2472ms] [LOG] undefined @ https://phbidlautdemo.prahu-hub.com/adminprahu/tambah_hakaksesadmin:9282
[    2472ms] [LOG] undefined @ https://phbidlautdemo.prahu-hub.com/adminprahu/tambah_hakaksesadmin:9282
[    2472ms] [LOG] undefined @ https://phbidlautdemo.prahu-hub.com/adminprahu/tambah_hakaksesadmin:9282
[    2472ms] [LOG] undefined @ https://phbidlautdemo.prahu-hub.com/adminprahu/tambah_hakaksesadmin:9282
[    2473ms] [LOG] undefined @ https://phbidlautdemo.prahu-hub.com/adminprahu/tambah_hakaksesadmin:9282
[    2473ms] [LOG] undefined @ https://phbidlautdemo.prahu-hub.com/adminprahu/tambah_hakaksesadmin:9282
[    2473ms] [LOG] undefined @ https://phbidlautdemo.prahu-hub.com/adminprahu/tambah_hakaksesadmin:9282
[    2473ms] [LOG] undefined @ https://phbidlautdemo.prahu-hub.com/adminprahu/tambah_hakaksesadmin:9282
[    2473ms] [LOG] undefined @ https://phbidlautdemo.prahu-hub.com/adminprahu/tambah_hakaksesadmin:9282
[    2473ms] [LOG] undefined @ https://phbidlautdemo.prahu-hub.com/adminprahu/tambah_hakaksesadmin:9282
[    2474ms] [LOG] undefined @ https://phbidlautdemo.prahu-hub.com/adminprahu/tambah_hakaksesadmin:9282
[    2474ms] [LOG] undefined @ https://phbidlautdemo.prahu-hub.com/adminprahu/tambah_hakaksesadmin:9282
[    2474ms] [LOG] undefined @ https://phbidlautdemo.prahu-hub.com/adminprahu/tambah_hakaksesadmin:9282
[    2474ms] [LOG] undefined @ https://phbidlautdemo.prahu-hub.com/adminprahu/tambah_hakaksesadmin:9282
[    2474ms] [LOG] undefined @ https://phbidlautdemo.prahu-hub.com/adminprahu/tambah_hakaksesadmin:9282
[    2475ms] [LOG] undefined @ https://phbidlautdemo.prahu-hub.com/adminprahu/tambah_hakaksesadmin:9282
[    2475ms] [LOG] undefined @ https://phbidlautdemo.prahu-hub.com/adminprahu/tambah_hakaksesadmin:9282
[    2475ms] [LOG] undefined @ https://phbidlautdemo.prahu-hub.com/adminprahu/tambah_hakaksesadmin:9282
[    2475ms] [LOG] undefined @ https://phbidlautdemo.prahu-hub.com/adminprahu/tambah_hakaksesadmin:9282
[    2475ms] [LOG] undefined @ https://phbidlautdemo.prahu-hub.com/adminprahu/tambah_hakaksesadmin:9282
[    2475ms] [LOG] undefined @ https://phbidlautdemo.prahu-hub.com/adminprahu/tambah_hakaksesadmin:9282
[    2476ms] [LOG] undefined @ https://phbidlautdemo.prahu-hub.com/adminprahu/tambah_hakaksesadmin:9282
[    2476ms] [LOG] undefined @ https://phbidlautdemo.prahu-hub.com/adminprahu/tambah_hakaksesadmin:9282
[    2476ms] [LOG] undefined @ https://phbidlautdemo.prahu-hub.com/adminprahu/tambah_hakaksesadmin:9282
[    2476ms] [LOG] undefined @ https://phbidlautdemo.prahu-hub.com/adminprahu/tambah_hakaksesadmin:9282
[    2476ms] [LOG] undefined @ https://phbidlautdemo.prahu-hub.com/adminprahu/tambah_hakaksesadmin:9282
[    2477ms] [LOG] undefined @ https://phbidlautdemo.prahu-hub.com/adminprahu/tambah_hakaksesadmin:9282
[    2477ms] [LOG] undefined @ https://phbidlautdemo.prahu-hub.com/adminprahu/tambah_hakaksesadmin:9282
[    2477ms] [LOG] undefined @ https://phbidlautdemo.prahu-hub.com/adminprahu/tambah_hakaksesadmin:9282
[    2477ms] [LOG] undefined @ https://phbidlautdemo.prahu-hub.com/adminprahu/tambah_hakaksesadmin:9282
[    2477ms] [LOG] undefined @ https://phbidlautdemo.prahu-hub.com/adminprahu/tambah_hakaksesadmin:9282
[    2477ms] [LOG] undefined @ https://phbidlautdemo.prahu-hub.com/adminprahu/tambah_hakaksesadmin:9282
[    2478ms] [LOG] undefined @ https://phbidlautdemo.prahu-hub.com/adminprahu/tambah_hakaksesadmin:9282
[    2478ms] [LOG] undefined @ https://phbidlautdemo.prahu-hub.com/adminprahu/tambah_hakaksesadmin:9282
[    2478ms] [LOG] undefined @ https://phbidlautdemo.prahu-hub.com/adminprahu/tambah_hakaksesadmin:9282
[    2478ms] [LOG] undefined @ https://phbidlautdemo.prahu-hub.com/adminprahu/tambah_hakaksesadmin:9282
[    2478ms] [LOG] undefined @ https://phbidlautdemo.prahu-hub.com/adminprahu/tambah_hakaksesadmin:9282
[    2478ms] [LOG] undefined @ https://phbidlautdemo.prahu-hub.com/adminprahu/tambah_hakaksesadmin:9282
[    2479ms] [LOG] undefined @ https://phbidlautdemo.prahu-hub.com/adminprahu/tambah_hakaksesadmin:9282
[    2479ms] [LOG] undefined @ https://phbidlautdemo.prahu-hub.com/adminprahu/tambah_hakaksesadmin:9282
[    2479ms] [LOG] undefined @ https://phbidlautdemo.prahu-hub.com/adminprahu/tambah_hakaksesadmin:9282
[    2479ms] [LOG] undefined @ https://phbidlautdemo.prahu-hub.com/adminprahu/tambah_hakaksesadmin:9282
[    2479ms] [LOG] undefined @ https://phbidlautdemo.prahu-hub.com/adminprahu/tambah_hakaksesadmin:9282
[    2479ms] [LOG] undefined @ https://phbidlautdemo.prahu-hub.com/adminprahu/tambah_hakaksesadmin:9282
[    2480ms] [LOG] undefined @ https://phbidlautdemo.prahu-hub.com/adminprahu/tambah_hakaksesadmin:9282
[    2480ms] [LOG] undefined @ https://phbidlautdemo.prahu-hub.com/adminprahu/tambah_hakaksesadmin:9282
[    2480ms] [LOG] undefined @ https://phbidlautdemo.prahu-hub.com/adminprahu/tambah_hakaksesadmin:9282
[    2480ms] [LOG] undefined @ https://phbidlautdemo.prahu-hub.com/adminprahu/tambah_hakaksesadmin:9282
[    2480ms] [LOG] undefined @ https://phbidlautdemo.prahu-hub.com/adminprahu/tambah_hakaksesadmin:9282
[    2480ms] [LOG] undefined @ https://phbidlautdemo.prahu-hub.com/adminprahu/tambah_hakaksesadmin:9282
[    2481ms] [LOG] undefined @ https://phbidlautdemo.prahu-hub.com/adminprahu/tambah_hakaksesadmin:9282
[    2481ms] [LOG] undefined @ https://phbidlautdemo.prahu-hub.com/adminprahu/tambah_hakaksesadmin:9282
[    2481ms] [LOG] undefined @ https://phbidlautdemo.prahu-hub.com/adminprahu/tambah_hakaksesadmin:9282
[    2481ms] [LOG] undefined @ https://phbidlautdemo.prahu-hub.com/adminprahu/tambah_hakaksesadmin:9282
[    2481ms] [LOG] undefined @ https://phbidlautdemo.prahu-hub.com/adminprahu/tambah_hakaksesadmin:9282
[    2481ms] [LOG] undefined @ https://phbidlautdemo.prahu-hub.com/adminprahu/tambah_hakaksesadmin:9282
[    2482ms] [LOG] undefined @ https://phbidlautdemo.prahu-hub.com/adminprahu/tambah_hakaksesadmin:9282
[    2482ms] [LOG] undefined @ https://phbidlautdemo.prahu-hub.com/adminprahu/tambah_hakaksesadmin:9282
[    2482ms] [LOG] undefined @ https://phbidlautdemo.prahu-hub.com/adminprahu/tambah_hakaksesadmin:9282
[    2482ms] [LOG] undefined @ https://phbidlautdemo.prahu-hub.com/adminprahu/tambah_hakaksesadmin:9282
[    2482ms] [LOG] undefined @ https://phbidlautdemo.prahu-hub.com/adminprahu/tambah_hakaksesadmin:9282
[    2482ms] [LOG] undefined @ https://phbidlautdemo.prahu-hub.com/adminprahu/tambah_hakaksesadmin:9282
[    2482ms] [LOG] undefined @ https://phbidlautdemo.prahu-hub.com/adminprahu/tambah_hakaksesadmin:9282
[    2483ms] [LOG] undefined @ https://phbidlautdemo.prahu-hub.com/adminprahu/tambah_hakaksesadmin:9282
[    2483ms] [LOG] undefined @ https://phbidlautdemo.prahu-hub.com/adminprahu/tambah_hakaksesadmin:9282
[    2483ms] [LOG] undefined @ https://phbidlautdemo.prahu-hub.com/adminprahu/tambah_hakaksesadmin:9282
[    2483ms] [LOG] undefined @ https://phbidlautdemo.prahu-hub.com/adminprahu/tambah_hakaksesadmin:9282
[    2483ms] [LOG] undefined @ https://phbidlautdemo.prahu-hub.com/adminprahu/tambah_hakaksesadmin:9282
[    2483ms] [LOG] undefined @ https://phbidlautdemo.prahu-hub.com/adminprahu/tambah_hakaksesadmin:9282
[    2484ms] [LOG] undefined @ https://phbidlautdemo.prahu-hub.com/adminprahu/tambah_hakaksesadmin:9282
[    2484ms] [LOG] undefined @ https://phbidlautdemo.prahu-hub.com/adminprahu/tambah_hakaksesadmin:9282
[    2484ms] [LOG] undefined @ https://phbidlautdemo.prahu-hub.com/adminprahu/tambah_hakaksesadmin:9282
[    2484ms] [LOG] undefined @ https://phbidlautdemo.prahu-hub.com/adminprahu/tambah_hakaksesadmin:9282
[    2484ms] [LOG] undefined @ https://phbidlautdemo.prahu-hub.com/adminprahu/tambah_hakaksesadmin:9282
[    2484ms] [LOG] undefined @ https://phbidlautdemo.prahu-hub.com/adminprahu/tambah_hakaksesadmin:9282
[    2485ms] [LOG] undefined @ https://phbidlautdemo.prahu-hub.com/adminprahu/tambah_hakaksesadmin:9282
[    2485ms] [LOG] undefined @ https://phbidlautdemo.prahu-hub.com/adminprahu/tambah_hakaksesadmin:9282
[    2485ms] [LOG] undefined @ https://phbidlautdemo.prahu-hub.com/adminprahu/tambah_hakaksesadmin:9282
[    2485ms] [LOG] undefined @ https://phbidlautdemo.prahu-hub.com/adminprahu/tambah_hakaksesadmin:9282
[    2485ms] [LOG] undefined @ https://phbidlautdemo.prahu-hub.com/adminprahu/tambah_hakaksesadmin:9282
[    2485ms] [LOG] undefined @ https://phbidlautdemo.prahu-hub.com/adminprahu/tambah_hakaksesadmin:9282
[    2486ms] [LOG] undefined @ https://phbidlautdemo.prahu-hub.com/adminprahu/tambah_hakaksesadmin:9282
[    2486ms] [LOG] undefined @ https://phbidlautdemo.prahu-hub.com/adminprahu/tambah_hakaksesadmin:9282
[    2486ms] [LOG] undefined @ https://phbidlautdemo.prahu-hub.com/adminprahu/tambah_hakaksesadmin:9282
[    2486ms] [LOG] undefined @ https://phbidlautdemo.prahu-hub.com/adminprahu/tambah_hakaksesadmin:9282
[    2486ms] [LOG] undefined @ https://phbidlautdemo.prahu-hub.com/adminprahu/tambah_hakaksesadmin:9282
[    2486ms] [LOG] undefined @ https://phbidlautdemo.prahu-hub.com/adminprahu/tambah_hakaksesadmin:9282
[    2487ms] [LOG] undefined @ https://phbidlautdemo.prahu-hub.com/adminprahu/tambah_hakaksesadmin:9282
[    2487ms] [LOG] undefined @ https://phbidlautdemo.prahu-hub.com/adminprahu/tambah_hakaksesadmin:9282
[    2487ms] [LOG] undefined @ https://phbidlautdemo.prahu-hub.com/adminprahu/tambah_hakaksesadmin:9282
[    2487ms] [LOG] undefined @ https://phbidlautdemo.prahu-hub.com/adminprahu/tambah_hakaksesadmin:9282
[    2487ms] [LOG] undefined @ https://phbidlautdemo.prahu-hub.com/adminprahu/tambah_hakaksesadmin:9282
[    2487ms] [LOG] undefined @ https://phbidlautdemo.prahu-hub.com/adminprahu/tambah_hakaksesadmin:9282
[    2488ms] [LOG] undefined @ https://phbidlautdemo.prahu-hub.com/adminprahu/tambah_hakaksesadmin:9282
[    2488ms] [LOG] undefined @ https://phbidlautdemo.prahu-hub.com/adminprahu/tambah_hakaksesadmin:9282
[    2488ms] [LOG] undefined @ https://phbidlautdemo.prahu-hub.com/adminprahu/tambah_hakaksesadmin:9282
[    2488ms] [LOG] undefined @ https://phbidlautdemo.prahu-hub.com/adminprahu/tambah_hakaksesadmin:9282
[    2488ms] [LOG] undefined @ https://phbidlautdemo.prahu-hub.com/adminprahu/tambah_hakaksesadmin:9282
[    2488ms] [LOG] undefined @ https://phbidlautdemo.prahu-hub.com/adminprahu/tambah_hakaksesadmin:9282
[    2489ms] [LOG] undefined @ https://phbidlautdemo.prahu-hub.com/adminprahu/tambah_hakaksesadmin:9282
[    2489ms] [LOG] undefined @ https://phbidlautdemo.prahu-hub.com/adminprahu/tambah_hakaksesadmin:9282
[    2489ms] [LOG] undefined @ https://phbidlautdemo.prahu-hub.com/adminprahu/tambah_hakaksesadmin:9282
[    2489ms] [LOG] undefined @ https://phbidlautdemo.prahu-hub.com/adminprahu/tambah_hakaksesadmin:9282
[    2489ms] [LOG] undefined @ https://phbidlautdemo.prahu-hub.com/adminprahu/tambah_hakaksesadmin:9282
[    2489ms] [LOG] undefined @ https://phbidlautdemo.prahu-hub.com/adminprahu/tambah_hakaksesadmin:9282
[    2490ms] [LOG] undefined @ https://phbidlautdemo.prahu-hub.com/adminprahu/tambah_hakaksesadmin:9282
[    2490ms] [LOG] undefined @ https://phbidlautdemo.prahu-hub.com/adminprahu/tambah_hakaksesadmin:9282
[    2490ms] [LOG] undefined @ https://phbidlautdemo.prahu-hub.com/adminprahu/tambah_hakaksesadmin:9282
[    2490ms] [LOG] undefined @ https://phbidlautdemo.prahu-hub.com/adminprahu/tambah_hakaksesadmin:9282
[    2490ms] [LOG] undefined @ https://phbidlautdemo.prahu-hub.com/adminprahu/tambah_hakaksesadmin:9282
[    2490ms] [LOG] undefined @ https://phbidlautdemo.prahu-hub.com/adminprahu/tambah_hakaksesadmin:9282
[    2491ms] [LOG] undefined @ https://phbidlautdemo.prahu-hub.com/adminprahu/tambah_hakaksesadmin:9282
[    2491ms] [LOG] undefined @ https://phbidlautdemo.prahu-hub.com/adminprahu/tambah_hakaksesadmin:9282
[    2491ms] [LOG] undefined @ https://phbidlautdemo.prahu-hub.com/adminprahu/tambah_hakaksesadmin:9282
[    2491ms] [LOG] undefined @ https://phbidlautdemo.prahu-hub.com/adminprahu/tambah_hakaksesadmin:9282
[    2491ms] [LOG] undefined @ https://phbidlautdemo.prahu-hub.com/adminprahu/tambah_hakaksesadmin:9282
[    2491ms] [LOG] undefined @ https://phbidlautdemo.prahu-hub.com/adminprahu/tambah_hakaksesadmin:9282
[    2492ms] [LOG] undefined @ https://phbidlautdemo.prahu-hub.com/adminprahu/tambah_hakaksesadmin:9282
[    2492ms] [LOG] undefined @ https://phbidlautdemo.prahu-hub.com/adminprahu/tambah_hakaksesadmin:9282
[    2492ms] [LOG] undefined @ https://phbidlautdemo.prahu-hub.com/adminprahu/tambah_hakaksesadmin:9282
[    2492ms] [LOG] undefined @ https://phbidlautdemo.prahu-hub.com/adminprahu/tambah_hakaksesadmin:9282
[    2492ms] [LOG] undefined @ https://phbidlautdemo.prahu-hub.com/adminprahu/tambah_hakaksesadmin:9282
[    2492ms] [LOG] undefined @ https://phbidlautdemo.prahu-hub.com/adminprahu/tambah_hakaksesadmin:9282
[    2493ms] [LOG] undefined @ https://phbidlautdemo.prahu-hub.com/adminprahu/tambah_hakaksesadmin:9282
[    2493ms] [LOG] undefined @ https://phbidlautdemo.prahu-hub.com/adminprahu/tambah_hakaksesadmin:9282
[    2493ms] [LOG] undefined @ https://phbidlautdemo.prahu-hub.com/adminprahu/tambah_hakaksesadmin:9282
[    2493ms] [LOG] undefined @ https://phbidlautdemo.prahu-hub.com/adminprahu/tambah_hakaksesadmin:9282
[    2493ms] [LOG] undefined @ https://phbidlautdemo.prahu-hub.com/adminprahu/tambah_hakaksesadmin:9282
[    2493ms] [LOG] undefined @ https://phbidlautdemo.prahu-hub.com/adminprahu/tambah_hakaksesadmin:9282
[    2494ms] [LOG] undefined @ https://phbidlautdemo.prahu-hub.com/adminprahu/tambah_hakaksesadmin:9282
[    2494ms] [LOG] undefined @ https://phbidlautdemo.prahu-hub.com/adminprahu/tambah_hakaksesadmin:9282
[    2494ms] [LOG] undefined @ https://phbidlautdemo.prahu-hub.com/adminprahu/tambah_hakaksesadmin:9282
[    2494ms] [LOG] undefined @ https://phbidlautdemo.prahu-hub.com/adminprahu/tambah_hakaksesadmin:9282
[    2494ms] [LOG] undefined @ https://phbidlautdemo.prahu-hub.com/adminprahu/tambah_hakaksesadmin:9282
[    2494ms] [LOG] undefined @ https://phbidlautdemo.prahu-hub.com/adminprahu/tambah_hakaksesadmin:9282
[    2494ms] [LOG] undefined @ https://phbidlautdemo.prahu-hub.com/adminprahu/tambah_hakaksesadmin:9282
[    2494ms] [LOG] undefined @ https://phbidlautdemo.prahu-hub.com/adminprahu/tambah_hakaksesadmin:9282
[    2494ms] [LOG] undefined @ https://phbidlautdemo.prahu-hub.com/adminprahu/tambah_hakaksesadmin:9282
[    2495ms] [LOG] undefined @ https://phbidlautdemo.prahu-hub.com/adminprahu/tambah_hakaksesadmin:9282
[    2495ms] [LOG] undefined @ https://phbidlautdemo.prahu-hub.com/adminprahu/tambah_hakaksesadmin:9282
[    2495ms] [LOG] undefined @ https://phbidlautdemo.prahu-hub.com/adminprahu/tambah_hakaksesadmin:9282
[    2495ms] [LOG] undefined @ https://phbidlautdemo.prahu-hub.com/adminprahu/tambah_hakaksesadmin:9282
[    2495ms] [LOG] undefined @ https://phbidlautdemo.prahu-hub.com/adminprahu/tambah_hakaksesadmin:9282
[    2495ms] [LOG] undefined @ https://phbidlautdemo.prahu-hub.com/adminprahu/tambah_hakaksesadmin:9282
[    2495ms] [LOG] undefined @ https://phbidlautdemo.prahu-hub.com/adminprahu/tambah_hakaksesadmin:9282
[    2496ms] [LOG] undefined @ https://phbidlautdemo.prahu-hub.com/adminprahu/tambah_hakaksesadmin:9282
[    2496ms] [LOG] undefined @ https://phbidlautdemo.prahu-hub.com/adminprahu/tambah_hakaksesadmin:9282
[    2496ms] [LOG] undefined @ https://phbidlautdemo.prahu-hub.com/adminprahu/tambah_hakaksesadmin:9282
[    2496ms] [LOG] undefined @ https://phbidlautdemo.prahu-hub.com/adminprahu/tambah_hakaksesadmin:9282
[    2496ms] [LOG] undefined @ https://phbidlautdemo.prahu-hub.com/adminprahu/tambah_hakaksesadmin:9282
[    2496ms] [LOG] undefined @ https://phbidlautdemo.prahu-hub.com/adminprahu/tambah_hakaksesadmin:9282
[    2497ms] [LOG] undefined @ https://phbidlautdemo.prahu-hub.com/adminprahu/tambah_hakaksesadmin:9282
[    2497ms] [LOG] undefined @ https://phbidlautdemo.prahu-hub.com/adminprahu/tambah_hakaksesadmin:9282
[    2497ms] [LOG] undefined @ https://phbidlautdemo.prahu-hub.com/adminprahu/tambah_hakaksesadmin:9282
[    2497ms] [LOG] undefined @ https://phbidlautdemo.prahu-hub.com/adminprahu/tambah_hakaksesadmin:9282
[    2497ms] [LOG] undefined @ https://phbidlautdemo.prahu-hub.com/adminprahu/tambah_hakaksesadmin:9282
[    2497ms] [LOG] undefined @ https://phbidlautdemo.prahu-hub.com/adminprahu/tambah_hakaksesadmin:9282
[    2497ms] [LOG] undefined @ https://phbidlautdemo.prahu-hub.com/adminprahu/tambah_hakaksesadmin:9282
[    2498ms] [LOG] undefined @ https://phbidlautdemo.prahu-hub.com/adminprahu/tambah_hakaksesadmin:9282
[    2498ms] [LOG] undefined @ https://phbidlautdemo.prahu-hub.com/adminprahu/tambah_hakaksesadmin:9282
[    2498ms] [LOG] undefined @ https://phbidlautdemo.prahu-hub.com/adminprahu/tambah_hakaksesadmin:9282
[    2498ms] [LOG] undefined @ https://phbidlautdemo.prahu-hub.com/adminprahu/tambah_hakaksesadmin:9282
[    2498ms] [LOG] undefined @ https://phbidlautdemo.prahu-hub.com/adminprahu/tambah_hakaksesadmin:9282
[    2498ms] [LOG] undefined @ https://phbidlautdemo.prahu-hub.com/adminprahu/tambah_hakaksesadmin:9282
[    2498ms] [LOG] undefined @ https://phbidlautdemo.prahu-hub.com/adminprahu/tambah_hakaksesadmin:9282
[    2499ms] [LOG] undefined @ https://phbidlautdemo.prahu-hub.com/adminprahu/tambah_hakaksesadmin:9282
[    2499ms] [LOG] undefined @ https://phbidlautdemo.prahu-hub.com/adminprahu/tambah_hakaksesadmin:9282
[    2499ms] [LOG] undefined @ https://phbidlautdemo.prahu-hub.com/adminprahu/tambah_hakaksesadmin:9282
[    2499ms] [LOG] undefined @ https://phbidlautdemo.prahu-hub.com/adminprahu/tambah_hakaksesadmin:9282
[    2499ms] [LOG] undefined @ https://phbidlautdemo.prahu-hub.com/adminprahu/tambah_hakaksesadmin:9282
[    2499ms] [LOG] undefined @ https://phbidlautdemo.prahu-hub.com/adminprahu/tambah_hakaksesadmin:9282
[    2499ms] [LOG] undefined @ https://phbidlautdemo.prahu-hub.com/adminprahu/tambah_hakaksesadmin:9282
[    2500ms] [LOG] undefined @ https://phbidlautdemo.prahu-hub.com/adminprahu/tambah_hakaksesadmin:9282
[    2500ms] [LOG] undefined @ https://phbidlautdemo.prahu-hub.com/adminprahu/tambah_hakaksesadmin:9282
[    2500ms] [LOG] undefined @ https://phbidlautdemo.prahu-hub.com/adminprahu/tambah_hakaksesadmin:9282
[    2500ms] [LOG] undefined @ https://phbidlautdemo.prahu-hub.com/adminprahu/tambah_hakaksesadmin:9282
[    2500ms] [LOG] undefined @ https://phbidlautdemo.prahu-hub.com/adminprahu/tambah_hakaksesadmin:9282
[    2500ms] [LOG] undefined @ https://phbidlautdemo.prahu-hub.com/adminprahu/tambah_hakaksesadmin:9282
[    2501ms] [LOG] undefined @ https://phbidlautdemo.prahu-hub.com/adminprahu/tambah_hakaksesadmin:9282
[    2501ms] [LOG] undefined @ https://phbidlautdemo.prahu-hub.com/adminprahu/tambah_hakaksesadmin:9282
[    2501ms] [LOG] undefined @ https://phbidlautdemo.prahu-hub.com/adminprahu/tambah_hakaksesadmin:9282
[    2501ms] [LOG] undefined @ https://phbidlautdemo.prahu-hub.com/adminprahu/tambah_hakaksesadmin:9282
[    2501ms] [LOG] undefined @ https://phbidlautdemo.prahu-hub.com/adminprahu/tambah_hakaksesadmin:9282
[    2501ms] [LOG] undefined @ https://phbidlautdemo.prahu-hub.com/adminprahu/tambah_hakaksesadmin:9282
[    2503ms] [LOG] WebSocket connection @ https://phbidlautdemo.prahu-hub.com/adminprahu/tambah_hakaksesadmin:9325
[    2503ms] [LOG] WebSocket connection attempting... @ https://phbidlautdemo.prahu-hub.com/adminprahu/tambah_hakaksesadmin:9403
[    2963ms] [LOG] WebSocket connected @ https://phbidlautdemo.prahu-hub.com/adminprahu/tambah_hakaksesadmin:9334
[    2966ms] [LOG] update_dashboard_order_laut @ https://phbidlautdemo.prahu-hub.com/adminprahu/tambah_hakaksesadmin:9375
[    3006ms] [LOG] Connected @ https://phbidlautdemo.prahu-hub.com/adminprahu/tambah_hakaksesadmin:9375
[    3268ms] [LOG] 200 xhrglobal @ https://phbidlautdemo.prahu-hub.com/adminprahu/tambah_hakaksesadmin:9256
[    3319ms] [LOG] 200 xhrglobal @ https://phbidlautdemo.prahu-hub.com/adminprahu/tambah_hakaksesadmin:9256
[    4446ms] TypeError: $(...).DataTable is not a function
    at https://phbidlautdemo.prahu-hub.com/_resources/themes/prahutheme/js/scripts-init/tables.js:7:23
[   13384ms] [LOG] cek @ https://phbidlautdemo.prahu-hub.com/adminprahu/tambah_hakaksesadmin:7605
[   13384ms] [LOG] cek @ https://phbidlautdemo.prahu-hub.com/adminprahu/tambah_hakaksesadmin:7605
[   13397ms] [LOG] 302 @ https://phbidlautdemo.prahu-hub.com/adminprahu/tambah_hakaksesadmin:8428
[   13397ms] [LOG] ========== @ https://phbidlautdemo.prahu-hub.com/adminprahu/tambah_hakaksesadmin:8429
[   13398ms] [LOG] a 2 @ https://phbidlautdemo.prahu-hub.com/adminprahu/tambah_hakaksesadmin:8430
[   13399ms] [LOG] 302 @ https://phbidlautdemo.prahu-hub.com/adminprahu/tambah_hakaksesadmin:8431
[   13400ms] [LOG] ========== @ https://phbidlautdemo.prahu-hub.com/adminprahu/tambah_hakaksesadmin:8432
[   13402ms] [LOG] data1 @ https://phbidlautdemo.prahu-hub.com/adminprahu/tambah_hakaksesadmin:7536
[   13402ms] [LOG] lihat_daftar_provinsinta @ https://phbidlautdemo.prahu-hub.com/adminprahu/tambah_hakaksesadmin:7537
[   13409ms] [LOG] 302 @ https://phbidlautdemo.prahu-hub.com/adminprahu/tambah_hakaksesadmin:8428
[   13409ms] [LOG] ========== @ https://phbidlautdemo.prahu-hub.com/adminprahu/tambah_hakaksesadmin:8429
[   13410ms] [LOG] a 55 @ https://phbidlautdemo.prahu-hub.com/adminprahu/tambah_hakaksesadmin:8430
[   13410ms] [LOG] 302 @ https://phbidlautdemo.prahu-hub.com/adminprahu/tambah_hakaksesadmin:8431
[   13411ms] [LOG] ========== @ https://phbidlautdemo.prahu-hub.com/adminprahu/tambah_hakaksesadmin:8432
[   13413ms] [LOG] uncekk @ https://phbidlautdemo.prahu-hub.com/adminprahu/tambah_hakaksesadmin:7610
[   13413ms] [LOG] uncekk @ https://phbidlautdemo.prahu-hub.com/adminprahu/tambah_hakaksesadmin:7610
[   13417ms] [LOG] 302 @ https://phbidlautdemo.prahu-hub.com/adminprahu/tambah_hakaksesadmin:8428
[   13418ms] [LOG] ========== @ https://phbidlautdemo.prahu-hub.com/adminprahu/tambah_hakaksesadmin:8429
[   13418ms] [LOG] a 50 @ https://phbidlautdemo.prahu-hub.com/adminprahu/tambah_hakaksesadmin:8430
[   13419ms] [LOG] 302 @ https://phbidlautdemo.prahu-hub.com/adminprahu/tambah_hakaksesadmin:8431
[   13419ms] [LOG] ========== @ https://phbidlautdemo.prahu-hub.com/adminprahu/tambah_hakaksesadmin:8432
