[    1037ms] Cannot use import statement outside a module
[    1043ms] ReferenceError: Chart is not defined
    at https://phbidlautdemo.prahu-hub.com/_resources/themes/prahutheme/js/scripts-init/charts/chartjs.js:8:13
[    1106ms] Unexpected token '<'
[    1237ms] Unexpected token '<'
[    1277ms] Uncaught TypeError: expect element to be DOM Element, but got null
    at n.init (https://cdnjs.cloudflare.com/ajax/libs/smooth-scrollbar/8.5.2/smooth-scrollbar.js:24:264)
    at <anonymous> (https://phbidlautdemo.prahu-hub.com/order/buatinvoice/1421:6612:14)
[    1294ms] [LOG] Daftar Ordernamanya @ https://phbidlautdemo.prahu-hub.com/order/buatinvoice/1421:2039
[    1314ms] [LOG] nilai_diskon 0 @ https://phbidlautdemo.prahu-hub.com/order/buatinvoice/1421:5760
[    1314ms] [LOG] 4528870 @ https://phbidlautdemo.prahu-hub.com/order/buatinvoice/1421:5761
[    1315ms] [LOG] nilai_diskon 0 @ https://phbidlautdemo.prahu-hub.com/order/buatinvoice/1421:5760
[    1315ms] [LOG] 4528870 @ https://phbidlautdemo.prahu-hub.com/order/buatinvoice/1421:5761
[    1317ms] [LOG] nilai_diskon 0 @ https://phbidlautdemo.prahu-hub.com/order/buatinvoice/1421:5760
[    1317ms] [LOG] 4528870 @ https://phbidlautdemo.prahu-hub.com/order/buatinvoice/1421:5761
[    1318ms] [LOG] nilai_diskon 0 @ https://phbidlautdemo.prahu-hub.com/order/buatinvoice/1421:5760
[    1318ms] [LOG] 4528870 @ https://phbidlautdemo.prahu-hub.com/order/buatinvoice/1421:5761
[    1325ms] [LOG] undefined @ https://phbidlautdemo.prahu-hub.com/order/buatinvoice/1421:6965
[    1325ms] [LOG] undefined @ https://phbidlautdemo.prahu-hub.com/order/buatinvoice/1421:6965
[    1325ms] [LOG] undefined @ https://phbidlautdemo.prahu-hub.com/order/buatinvoice/1421:6965
[    1325ms] [LOG] Masukkan Nama Perusahaan @ https://phbidlautdemo.prahu-hub.com/order/buatinvoice/1421:6965
[    1325ms] [LOG] Masukkan Nomor Telepon @ https://phbidlautdemo.prahu-hub.com/order/buatinvoice/1421:6965
[    1325ms] [LOG] Masukkan Alamat Email @ https://phbidlautdemo.prahu-hub.com/order/buatinvoice/1421:6965
[    1325ms] [LOG] Masukkan Nama Shipper @ https://phbidlautdemo.prahu-hub.com/order/buatinvoice/1421:6965
[    1325ms] [LOG] Masukkan ID Order @ https://phbidlautdemo.prahu-hub.com/order/buatinvoice/1421:6965
[    1325ms] [LOG] Masukkan Nomor Invoice @ https://phbidlautdemo.prahu-hub.com/order/buatinvoice/1421:6965
[    1326ms] [LOG] DD/MM/YYYY @ https://phbidlautdemo.prahu-hub.com/order/buatinvoice/1421:6965
[    1326ms] [LOG] DD/MM/YYYY @ https://phbidlautdemo.prahu-hub.com/order/buatinvoice/1421:6965
[    1326ms] [LOG] Harga @ https://phbidlautdemo.prahu-hub.com/order/buatinvoice/1421:6965
[    1327ms] [LOG] Harga @ https://phbidlautdemo.prahu-hub.com/order/buatinvoice/1421:6965
[    1327ms] [LOG] 0 @ https://phbidlautdemo.prahu-hub.com/order/buatinvoice/1421:6965
[    1327ms] [LOG] undefined @ https://phbidlautdemo.prahu-hub.com/order/buatinvoice/1421:6965
[    1327ms] [LOG] 0 @ https://phbidlautdemo.prahu-hub.com/order/buatinvoice/1421:6965
[    1327ms] [LOG] undefined @ https://phbidlautdemo.prahu-hub.com/order/buatinvoice/1421:6965
[    1327ms] [LOG] 0 @ https://phbidlautdemo.prahu-hub.com/order/buatinvoice/1421:6965
[    1327ms] [LOG] undefined @ https://phbidlautdemo.prahu-hub.com/order/buatinvoice/1421:6965
[    1327ms] [LOG] undefined @ https://phbidlautdemo.prahu-hub.com/order/buatinvoice/1421:6965
[    1328ms] [LOG] Masukkan Nomor Rekening @ https://phbidlautdemo.prahu-hub.com/order/buatinvoice/1421:6965
[    1328ms] [LOG] Masukkan Nama Bank @ https://phbidlautdemo.prahu-hub.com/order/buatinvoice/1421:6965
[    1328ms] [LOG] Masukkan Nomor Invoice @ https://phbidlautdemo.prahu-hub.com/order/buatinvoice/1421:6965
[    1328ms] [LOG] Masukkan Nomor Rekening @ https://phbidlautdemo.prahu-hub.com/order/buatinvoice/1421:6965
[    1328ms] [LOG] Masukkan Nama Bank @ https://phbidlautdemo.prahu-hub.com/order/buatinvoice/1421:6965
[    1328ms] [LOG] Masukkan Nomor Invoice @ https://phbidlautdemo.prahu-hub.com/order/buatinvoice/1421:6965
[    1328ms] [LOG] undefined @ https://phbidlautdemo.prahu-hub.com/order/buatinvoice/1421:6965
[    1328ms] [LOG] undefined @ https://phbidlautdemo.prahu-hub.com/order/buatinvoice/1421:6965
[    1328ms] [LOG] undefined @ https://phbidlautdemo.prahu-hub.com/order/buatinvoice/1421:6965
[    1329ms] [LOG] WebSocket connection @ https://phbidlautdemo.prahu-hub.com/order/buatinvoice/1421:7008
[    1330ms] [LOG] WebSocket connection attempting... @ https://phbidlautdemo.prahu-hub.com/order/buatinvoice/1421:7086
[    1429ms] [LOG] WebSocket connected @ https://phbidlautdemo.prahu-hub.com/order/buatinvoice/1421:7017
[    1431ms] [LOG] update_dashboard_order_laut @ https://phbidlautdemo.prahu-hub.com/order/buatinvoice/1421:7058
[    1459ms] [LOG] Connected @ https://phbidlautdemo.prahu-hub.com/order/buatinvoice/1421:7058
[    1541ms] [LOG] 200 xhrglobal @ https://phbidlautdemo.prahu-hub.com/order/buatinvoice/1421:6939
[    1592ms] [LOG] 200 xhrglobal @ https://phbidlautdemo.prahu-hub.com/order/buatinvoice/1421:6939
[    3211ms] [LOG] Connected @ https://phbidlautdemo.prahu-hub.com/order/buatinvoice/1421:7058
[    3310ms] TypeError: $(...).DataTable is not a function
    at https://phbidlautdemo.prahu-hub.com/_resources/themes/prahutheme/js/scripts-init/tables.js:7:23
[    8975ms] [LOG] Connected @ https://phbidlautdemo.prahu-hub.com/order/buatinvoice/1421:7058
[   17061ms] [LOG] Connected @ https://phbidlautdemo.prahu-hub.com/order/buatinvoice/1421:7058
[   29494ms] [LOG] Connected @ https://phbidlautdemo.prahu-hub.com/order/buatinvoice/1421:7058
[   35609ms] [LOG] Connected @ https://phbidlautdemo.prahu-hub.com/order/buatinvoice/1421:7058
[   35723ms] [LOG] Connected @ https://phbidlautdemo.prahu-hub.com/order/buatinvoice/1421:7058
[   36353ms] [LOG] Connected @ https://phbidlautdemo.prahu-hub.com/order/buatinvoice/1421:7058
