[    1422ms] Unexpected token '<'
[    1473ms] Cannot use import statement outside a module
[    1496ms] ReferenceError: Chart is not defined
    at https://phbidlautdemo.prahu-hub.com/_resources/themes/prahutheme/js/scripts-init/charts/chartjs.js:8:13
[    1610ms] Unexpected token '<'
[    1610ms] Unexpected token '<'
[    1680ms] Uncaught TypeError: expect element to be DOM Element, but got null
    at n.init (https://cdnjs.cloudflare.com/ajax/libs/smooth-scrollbar/8.5.2/smooth-scrollbar.js:24:264)
    at <anonymous> (https://phbidlautdemo.prahu-hub.com/adminprahu/settingNotifonof:5653:14)
[    1697ms] [LOG] Settingsnamanya @ https://phbidlautdemo.prahu-hub.com/adminprahu/settingNotifonof:2039
[    1709ms] [LOG] undefined @ https://phbidlautdemo.prahu-hub.com/adminprahu/settingNotifonof:6006
[    1710ms] [LOG] undefined @ https://phbidlautdemo.prahu-hub.com/adminprahu/settingNotifonof:6006
[    1710ms] [LOG] undefined @ https://phbidlautdemo.prahu-hub.com/adminprahu/settingNotifonof:6006
[    1710ms] [LOG] undefined @ https://phbidlautdemo.prahu-hub.com/adminprahu/settingNotifonof:6006
[    1710ms] [LOG] undefined @ https://phbidlautdemo.prahu-hub.com/adminprahu/settingNotifonof:6006
[    1710ms] [LOG] undefined @ https://phbidlautdemo.prahu-hub.com/adminprahu/settingNotifonof:6006
[    1711ms] [LOG] WebSocket connection @ https://phbidlautdemo.prahu-hub.com/adminprahu/settingNotifonof:6049
[    1712ms] [LOG] WebSocket connection attempting... @ https://phbidlautdemo.prahu-hub.com/adminprahu/settingNotifonof:6127
[    2093ms] [LOG] WebSocket connected @ https://phbidlautdemo.prahu-hub.com/adminprahu/settingNotifonof:6058
[    2098ms] [LOG] update_dashboard_order_laut @ https://phbidlautdemo.prahu-hub.com/adminprahu/settingNotifonof:6099
[    2225ms] [LOG] 200 xhrglobal @ https://phbidlautdemo.prahu-hub.com/adminprahu/settingNotifonof:5980
[    2237ms] [LOG] Connected @ https://phbidlautdemo.prahu-hub.com/adminprahu/settingNotifonof:6099
[    2284ms] [LOG] 200 xhrglobal @ https://phbidlautdemo.prahu-hub.com/adminprahu/settingNotifonof:5980
[    3710ms] TypeError: $(...).DataTable is not a function
    at https://phbidlautdemo.prahu-hub.com/_resources/themes/prahutheme/js/scripts-init/tables.js:7:23
