[    1227ms] Cannot use import statement outside a module
[    1261ms] ReferenceError: Chart is not defined
    at https://phbidlautdemo.prahu-hub.com/_resources/themes/prahutheme/js/scripts-init/charts/chartjs.js:8:13
[    1309ms] Unexpected token '<'
[    1434ms] Unexpected token '<'
[    1559ms] [LOG]  hari ini @ https://phbidlautdemo.prahu-hub.com/home/tambahjadwal/cWpYWHBKb3RXWGFZb0RsUURoVlp4Zz09?f=1:7308
[    1569ms] Uncaught TypeError: minDate() Could not parse date parameter: 
    at picker.minDate (https://cdn.rawgit.com/Eonasdan/bootstrap-datetimepicker/e8bddc60e73c1ec2475f827be36e1957af72e2ea/src/js/bootstrap-datetimepicker.js:1667:22)
    at <anonymous> (https://cdn.rawgit.com/Eonasdan/bootstrap-datetimepicker/e8bddc60e73c1ec2475f827be36e1957af72e2ea/src/js/bootstrap-datetimepicker.js:1437:31)
    at each (https://code.jquery.com/jquery-3.7.1.min.js:1:3178)
    at picker.options (https://cdn.rawgit.com/Eonasdan/bootstrap-datetimepicker/e8bddc60e73c1ec2475f827be36e1957af72e2ea/src/js/bootstrap-datetimepicker.js:1435:14)
    at dateTimePicker (https://cdn.rawgit.com/Eonasdan/bootstrap-datetimepicker/e8bddc60e73c1ec2475f827be36e1957af72e2ea/src/js/bootstrap-datetimepicker.js:2275:15)
    at <anonymous> (https://cdn.rawgit.com/Eonasdan/bootstrap-datetimepicker/e8bddc60e73c1ec2475f827be36e1957af72e2ea/src/js/bootstrap-datetimepicker.js:2308:45)
    at each (https://code.jquery.com/jquery-3.7.1.min.js:1:3128)
    at each (https://code.jquery.com/jquery-3.7.1.min.js:1:1593)
    at $.fn.datetimepicker (https://cdn.rawgit.com/Eonasdan/bootstrap-datetimepicker/e8bddc60e73c1ec2475f827be36e1957af72e2ea/src/js/bootstrap-datetimepicker.js:2303:20)
    at <anonymous> (https://phbidlautdemo.prahu-hub.com/home/tambahjadwal/cWpYWHBKb3RXWGFZb0RsUURoVlp4Zz09?f=1:7309:14)
[    1590ms] Uncaught TypeError: expect element to be DOM Element, but got null
    at n.init (https://cdnjs.cloudflare.com/ajax/libs/smooth-scrollbar/8.5.2/smooth-scrollbar.js:24:264)
    at <anonymous> (https://phbidlautdemo.prahu-hub.com/home/tambahjadwal/cWpYWHBKb3RXWGFZb0RsUURoVlp4Zz09?f=1:8157:14)
[    1627ms] [LOG] Harganamanya @ https://phbidlautdemo.prahu-hub.com/home/tambahjadwal/cWpYWHBKb3RXWGFZb0RsUURoVlp4Zz09?f=1:2023
[    1682ms] [LOG]  @ https://phbidlautdemo.prahu-hub.com/home/tambahjadwal/cWpYWHBKb3RXWGFZb0RsUURoVlp4Zz09?f=1:5893
[    1685ms] [LOG] undefined @ https://phbidlautdemo.prahu-hub.com/home/tambahjadwal/cWpYWHBKb3RXWGFZb0RsUURoVlp4Zz09?f=1:8510
[    1686ms] [LOG] undefined @ https://phbidlautdemo.prahu-hub.com/home/tambahjadwal/cWpYWHBKb3RXWGFZb0RsUURoVlp4Zz09?f=1:8510
[    1686ms] [LOG] undefined @ https://phbidlautdemo.prahu-hub.com/home/tambahjadwal/cWpYWHBKb3RXWGFZb0RsUURoVlp4Zz09?f=1:8510
[    1687ms] [LOG] Masukkan Nama Kapal @ https://phbidlautdemo.prahu-hub.com/home/tambahjadwal/cWpYWHBKb3RXWGFZb0RsUURoVlp4Zz09?f=1:8510
[    1687ms] [LOG] Masukkan Voyage @ https://phbidlautdemo.prahu-hub.com/home/tambahjadwal/cWpYWHBKb3RXWGFZb0RsUURoVlp4Zz09?f=1:8510
[    1687ms] [LOG] DD/MM/YYYY @ https://phbidlautdemo.prahu-hub.com/home/tambahjadwal/cWpYWHBKb3RXWGFZb0RsUURoVlp4Zz09?f=1:8510
[    1688ms] [LOG] DD/MM/YYYY hh:mm @ https://phbidlautdemo.prahu-hub.com/home/tambahjadwal/cWpYWHBKb3RXWGFZb0RsUURoVlp4Zz09?f=1:8510
[    1688ms] [LOG] DD/MM/YYYY @ https://phbidlautdemo.prahu-hub.com/home/tambahjadwal/cWpYWHBKb3RXWGFZb0RsUURoVlp4Zz09?f=1:8510
[    1690ms] [LOG] DD/MM/YYYY @ https://phbidlautdemo.prahu-hub.com/home/tambahjadwal/cWpYWHBKb3RXWGFZb0RsUURoVlp4Zz09?f=1:8510
[    1691ms] [LOG] Masukkan Nama Kapal @ https://phbidlautdemo.prahu-hub.com/home/tambahjadwal/cWpYWHBKb3RXWGFZb0RsUURoVlp4Zz09?f=1:8510
[    1691ms] [LOG] Masukkan Voyage @ https://phbidlautdemo.prahu-hub.com/home/tambahjadwal/cWpYWHBKb3RXWGFZb0RsUURoVlp4Zz09?f=1:8510
[    1691ms] [LOG] DD/MM/YYYY @ https://phbidlautdemo.prahu-hub.com/home/tambahjadwal/cWpYWHBKb3RXWGFZb0RsUURoVlp4Zz09?f=1:8510
[    1693ms] [LOG] DD/MM/YYYY hh:mm @ https://phbidlautdemo.prahu-hub.com/home/tambahjadwal/cWpYWHBKb3RXWGFZb0RsUURoVlp4Zz09?f=1:8510
[    1693ms] [LOG] DD/MM/YYYY @ https://phbidlautdemo.prahu-hub.com/home/tambahjadwal/cWpYWHBKb3RXWGFZb0RsUURoVlp4Zz09?f=1:8510
[    1694ms] [LOG] DD/MM/YYYY @ https://phbidlautdemo.prahu-hub.com/home/tambahjadwal/cWpYWHBKb3RXWGFZb0RsUURoVlp4Zz09?f=1:8510
[    1695ms] [LOG] Masukkan Nama Kapal @ https://phbidlautdemo.prahu-hub.com/home/tambahjadwal/cWpYWHBKb3RXWGFZb0RsUURoVlp4Zz09?f=1:8510
[    1696ms] [LOG] Masukkan Voyage @ https://phbidlautdemo.prahu-hub.com/home/tambahjadwal/cWpYWHBKb3RXWGFZb0RsUURoVlp4Zz09?f=1:8510
[    1696ms] [LOG] DD/MM/YYYY @ https://phbidlautdemo.prahu-hub.com/home/tambahjadwal/cWpYWHBKb3RXWGFZb0RsUURoVlp4Zz09?f=1:8510
[    1697ms] [LOG] undefined @ https://phbidlautdemo.prahu-hub.com/home/tambahjadwal/cWpYWHBKb3RXWGFZb0RsUURoVlp4Zz09?f=1:8510
[    1697ms] [LOG] undefined @ https://phbidlautdemo.prahu-hub.com/home/tambahjadwal/cWpYWHBKb3RXWGFZb0RsUURoVlp4Zz09?f=1:8510
[    1697ms] [LOG] undefined @ https://phbidlautdemo.prahu-hub.com/home/tambahjadwal/cWpYWHBKb3RXWGFZb0RsUURoVlp4Zz09?f=1:8510
[    1698ms] [LOG] undefined @ https://phbidlautdemo.prahu-hub.com/home/tambahjadwal/cWpYWHBKb3RXWGFZb0RsUURoVlp4Zz09?f=1:8510
[    1698ms] [LOG] undefined @ https://phbidlautdemo.prahu-hub.com/home/tambahjadwal/cWpYWHBKb3RXWGFZb0RsUURoVlp4Zz09?f=1:8510
[    1698ms] [LOG] No file chosen @ https://phbidlautdemo.prahu-hub.com/home/tambahjadwal/cWpYWHBKb3RXWGFZb0RsUURoVlp4Zz09?f=1:8510
[    1699ms] [LOG] Masukkan Gambar  @ https://phbidlautdemo.prahu-hub.com/home/tambahjadwal/cWpYWHBKb3RXWGFZb0RsUURoVlp4Zz09?f=1:8510
[    1700ms] [LOG] WebSocket connection @ https://phbidlautdemo.prahu-hub.com/home/tambahjadwal/cWpYWHBKb3RXWGFZb0RsUURoVlp4Zz09?f=1:8553
[    1700ms] [LOG] WebSocket connection attempting... @ https://phbidlautdemo.prahu-hub.com/home/tambahjadwal/cWpYWHBKb3RXWGFZb0RsUURoVlp4Zz09?f=1:8631
[    1875ms] [LOG] WebSocket connected @ https://phbidlautdemo.prahu-hub.com/home/tambahjadwal/cWpYWHBKb3RXWGFZb0RsUURoVlp4Zz09?f=1:8562
[    1879ms] [LOG] update_dashboard_order_laut @ https://phbidlautdemo.prahu-hub.com/home/tambahjadwal/cWpYWHBKb3RXWGFZb0RsUURoVlp4Zz09?f=1:8603
[    1909ms] [LOG] Connected @ https://phbidlautdemo.prahu-hub.com/home/tambahjadwal/cWpYWHBKb3RXWGFZb0RsUURoVlp4Zz09?f=1:8603
[    1990ms] [LOG] 200 xhrglobal @ https://phbidlautdemo.prahu-hub.com/home/tambahjadwal/cWpYWHBKb3RXWGFZb0RsUURoVlp4Zz09?f=1:8484
[    2047ms] [LOG] 200 xhrglobal @ https://phbidlautdemo.prahu-hub.com/home/tambahjadwal/cWpYWHBKb3RXWGFZb0RsUURoVlp4Zz09?f=1:8484
[    3638ms] TypeError: $(...).DataTable is not a function
    at https://phbidlautdemo.prahu-hub.com/_resources/themes/prahutheme/js/scripts-init/tables.js:7:23
[    6395ms] [LOG]  triggeretd @ https://phbidlautdemo.prahu-hub.com/home/tambahjadwal/cWpYWHBKb3RXWGFZb0RsUURoVlp4Zz09?f=1:5764
[    6396ms] [LOG] Sat Aug 29 2026 07:00:00 GMT+0700 (Western Indonesia Time) triggeretdtemp @ https://phbidlautdemo.prahu-hub.com/home/tambahjadwal/cWpYWHBKb3RXWGFZb0RsUURoVlp4Zz09?f=1:5780
[    6404ms] [LOG] etd ubah @ https://phbidlautdemo.prahu-hub.com/home/tambahjadwal/cWpYWHBKb3RXWGFZb0RsUURoVlp4Zz09?f=1:5838
[    6418ms] [LOG] etd ubah @ https://phbidlautdemo.prahu-hub.com/home/tambahjadwal/cWpYWHBKb3RXWGFZb0RsUURoVlp4Zz09?f=1:5838
[    6430ms] [LOG]  @ https://phbidlautdemo.prahu-hub.com/home/tambahjadwal/cWpYWHBKb3RXWGFZb0RsUURoVlp4Zz09?f=1:5893
[   47723ms] [LOG] 5 @ https://phbidlautdemo.prahu-hub.com/home/tambahjadwal/cWpYWHBKb3RXWGFZb0RsUURoVlp4Zz09?f=1:7121
[   51319ms] [LOG] 5 @ https://phbidlautdemo.prahu-hub.com/home/tambahjadwal/cWpYWHBKb3RXWGFZb0RsUURoVlp4Zz09?f=1:7121
[   54935ms] [LOG]  triggeretd @ https://phbidlautdemo.prahu-hub.com/home/tambahjadwal/cWpYWHBKb3RXWGFZb0RsUURoVlp4Zz09?f=1:5764
[   54937ms] [LOG] Sat Aug 29 2026 07:00:00 GMT+0700 (Western Indonesia Time) triggeretdtemp @ https://phbidlautdemo.prahu-hub.com/home/tambahjadwal/cWpYWHBKb3RXWGFZb0RsUURoVlp4Zz09?f=1:5780
[   54942ms] [LOG] etd ubah @ https://phbidlautdemo.prahu-hub.com/home/tambahjadwal/cWpYWHBKb3RXWGFZb0RsUURoVlp4Zz09?f=1:5838
[   54949ms] [LOG] etd ubah @ https://phbidlautdemo.prahu-hub.com/home/tambahjadwal/cWpYWHBKb3RXWGFZb0RsUURoVlp4Zz09?f=1:5838
[   54958ms] [LOG]  triggeretd @ https://phbidlautdemo.prahu-hub.com/home/tambahjadwal/cWpYWHBKb3RXWGFZb0RsUURoVlp4Zz09?f=1:5764
[   54959ms] [LOG] Sat Aug 29 2026 07:00:00 GMT+0700 (Western Indonesia Time) triggeretdtemp @ https://phbidlautdemo.prahu-hub.com/home/tambahjadwal/cWpYWHBKb3RXWGFZb0RsUURoVlp4Zz09?f=1:5780
[   54963ms] [LOG] etd ubah @ https://phbidlautdemo.prahu-hub.com/home/tambahjadwal/cWpYWHBKb3RXWGFZb0RsUURoVlp4Zz09?f=1:5838
[   54970ms] [LOG] etd ubah @ https://phbidlautdemo.prahu-hub.com/home/tambahjadwal/cWpYWHBKb3RXWGFZb0RsUURoVlp4Zz09?f=1:5838
[   55120ms] [LOG]  triggeretd @ https://phbidlautdemo.prahu-hub.com/home/tambahjadwal/cWpYWHBKb3RXWGFZb0RsUURoVlp4Zz09?f=1:5764
[   55121ms] [LOG] Sat Aug 29 2026 07:00:00 GMT+0700 (Western Indonesia Time) triggeretdtemp @ https://phbidlautdemo.prahu-hub.com/home/tambahjadwal/cWpYWHBKb3RXWGFZb0RsUURoVlp4Zz09?f=1:5780
[   55127ms] [LOG] etd ubah @ https://phbidlautdemo.prahu-hub.com/home/tambahjadwal/cWpYWHBKb3RXWGFZb0RsUURoVlp4Zz09?f=1:5838
[   55132ms] [LOG] etd ubah @ https://phbidlautdemo.prahu-hub.com/home/tambahjadwal/cWpYWHBKb3RXWGFZb0RsUURoVlp4Zz09?f=1:5838
[   55138ms] [LOG]  triggeretd @ https://phbidlautdemo.prahu-hub.com/home/tambahjadwal/cWpYWHBKb3RXWGFZb0RsUURoVlp4Zz09?f=1:5764
[   55139ms] [LOG] Sat Aug 29 2026 07:00:00 GMT+0700 (Western Indonesia Time) triggeretdtemp @ https://phbidlautdemo.prahu-hub.com/home/tambahjadwal/cWpYWHBKb3RXWGFZb0RsUURoVlp4Zz09?f=1:5780
[   55143ms] [LOG] etd ubah @ https://phbidlautdemo.prahu-hub.com/home/tambahjadwal/cWpYWHBKb3RXWGFZb0RsUURoVlp4Zz09?f=1:5838
[   55148ms] [LOG] etd ubah @ https://phbidlautdemo.prahu-hub.com/home/tambahjadwal/cWpYWHBKb3RXWGFZb0RsUURoVlp4Zz09?f=1:5838
[   55164ms] [LOG] 5 @ https://phbidlautdemo.prahu-hub.com/home/tambahjadwal/cWpYWHBKb3RXWGFZb0RsUURoVlp4Zz09?f=1:7121
[   77603ms] [LOG] 5 @ https://phbidlautdemo.prahu-hub.com/home/tambahjadwal/cWpYWHBKb3RXWGFZb0RsUURoVlp4Zz09?f=1:7121
[  126927ms] [LOG] WebSocket closed @ https://phbidlautdemo.prahu-hub.com/home/tambahjadwal/cWpYWHBKb3RXWGFZb0RsUURoVlp4Zz09?f=1:8556
[  126927ms] [LOG] Reconnecting in 2 seconds... @ https://phbidlautdemo.prahu-hub.com/home/tambahjadwal/cWpYWHBKb3RXWGFZb0RsUURoVlp4Zz09?f=1:8640
[  127615ms] [LOG]  triggeretd @ https://phbidlautdemo.prahu-hub.com/home/tambahjadwal/cWpYWHBKb3RXWGFZb0RsUURoVlp4Zz09?f=1:5764
[  127616ms] [LOG] Sat Aug 29 2026 07:00:00 GMT+0700 (Western Indonesia Time) triggeretdtemp @ https://phbidlautdemo.prahu-hub.com/home/tambahjadwal/cWpYWHBKb3RXWGFZb0RsUURoVlp4Zz09?f=1:5780
[  127619ms] [LOG] etd ubah @ https://phbidlautdemo.prahu-hub.com/home/tambahjadwal/cWpYWHBKb3RXWGFZb0RsUURoVlp4Zz09?f=1:5838
[  127626ms] [LOG] etd ubah @ https://phbidlautdemo.prahu-hub.com/home/tambahjadwal/cWpYWHBKb3RXWGFZb0RsUURoVlp4Zz09?f=1:5838
[  127634ms] [LOG]  triggeretd @ https://phbidlautdemo.prahu-hub.com/home/tambahjadwal/cWpYWHBKb3RXWGFZb0RsUURoVlp4Zz09?f=1:5764
[  127635ms] [LOG] Sat Aug 29 2026 07:00:00 GMT+0700 (Western Indonesia Time) triggeretdtemp @ https://phbidlautdemo.prahu-hub.com/home/tambahjadwal/cWpYWHBKb3RXWGFZb0RsUURoVlp4Zz09?f=1:5780
[  127639ms] [LOG] etd ubah @ https://phbidlautdemo.prahu-hub.com/home/tambahjadwal/cWpYWHBKb3RXWGFZb0RsUURoVlp4Zz09?f=1:5838
[  127645ms] [LOG] etd ubah @ https://phbidlautdemo.prahu-hub.com/home/tambahjadwal/cWpYWHBKb3RXWGFZb0RsUURoVlp4Zz09?f=1:5838
[  128150ms] [LOG] etd ubah @ https://phbidlautdemo.prahu-hub.com/home/tambahjadwal/cWpYWHBKb3RXWGFZb0RsUURoVlp4Zz09?f=1:5838
[  128160ms] [LOG] etd ubah @ https://phbidlautdemo.prahu-hub.com/home/tambahjadwal/cWpYWHBKb3RXWGFZb0RsUURoVlp4Zz09?f=1:5838
[  128967ms] [LOG] WebSocket connection @ https://phbidlautdemo.prahu-hub.com/home/tambahjadwal/cWpYWHBKb3RXWGFZb0RsUURoVlp4Zz09?f=1:8553
[  128967ms] [LOG] WebSocket connection attempting... @ https://phbidlautdemo.prahu-hub.com/home/tambahjadwal/cWpYWHBKb3RXWGFZb0RsUURoVlp4Zz09?f=1:8631
[  129196ms] [LOG] WebSocket connected @ https://phbidlautdemo.prahu-hub.com/home/tambahjadwal/cWpYWHBKb3RXWGFZb0RsUURoVlp4Zz09?f=1:8562
[  129199ms] [LOG] update_dashboard_order_laut @ https://phbidlautdemo.prahu-hub.com/home/tambahjadwal/cWpYWHBKb3RXWGFZb0RsUURoVlp4Zz09?f=1:8603
[  129293ms] [LOG] 29/08/2026 triggeretd @ https://phbidlautdemo.prahu-hub.com/home/tambahjadwal/cWpYWHBKb3RXWGFZb0RsUURoVlp4Zz09?f=1:5764
[  129295ms] [LOG] Sat Aug 29 2026 07:00:00 GMT+0700 (Western Indonesia Time) triggeretdtemp @ https://phbidlautdemo.prahu-hub.com/home/tambahjadwal/cWpYWHBKb3RXWGFZb0RsUURoVlp4Zz09?f=1:5780
[  129300ms] [LOG] etd ubah @ https://phbidlautdemo.prahu-hub.com/home/tambahjadwal/cWpYWHBKb3RXWGFZb0RsUURoVlp4Zz09?f=1:5838
[  129304ms] [LOG] etd ubah @ https://phbidlautdemo.prahu-hub.com/home/tambahjadwal/cWpYWHBKb3RXWGFZb0RsUURoVlp4Zz09?f=1:5838
[  129309ms] [LOG] etdkerubah @ https://phbidlautdemo.prahu-hub.com/home/tambahjadwal/cWpYWHBKb3RXWGFZb0RsUURoVlp4Zz09?f=1:5799
[  129310ms] [LOG]  triggeretd @ https://phbidlautdemo.prahu-hub.com/home/tambahjadwal/cWpYWHBKb3RXWGFZb0RsUURoVlp4Zz09?f=1:5764
[  129310ms] [LOG] Wed Sep 30 2026 07:00:00 GMT+0700 (Western Indonesia Time) triggeretdtemp @ https://phbidlautdemo.prahu-hub.com/home/tambahjadwal/cWpYWHBKb3RXWGFZb0RsUURoVlp4Zz09?f=1:5780
[  129313ms] [LOG] etd ubah @ https://phbidlautdemo.prahu-hub.com/home/tambahjadwal/cWpYWHBKb3RXWGFZb0RsUURoVlp4Zz09?f=1:5838
[  129318ms] [LOG] etd ubah @ https://phbidlautdemo.prahu-hub.com/home/tambahjadwal/cWpYWHBKb3RXWGFZb0RsUURoVlp4Zz09?f=1:5838
[  129356ms] [LOG] Connected @ https://phbidlautdemo.prahu-hub.com/home/tambahjadwal/cWpYWHBKb3RXWGFZb0RsUURoVlp4Zz09?f=1:8603
[  129680ms] [LOG] 200 xhrglobal @ https://phbidlautdemo.prahu-hub.com/home/tambahjadwal/cWpYWHBKb3RXWGFZb0RsUURoVlp4Zz09?f=1:8484
[  129757ms] [LOG] 200 xhrglobal @ https://phbidlautdemo.prahu-hub.com/home/tambahjadwal/cWpYWHBKb3RXWGFZb0RsUURoVlp4Zz09?f=1:8484
[  151055ms] [LOG] etd ubah @ https://phbidlautdemo.prahu-hub.com/home/tambahjadwal/cWpYWHBKb3RXWGFZb0RsUURoVlp4Zz09?f=1:5838
[  151061ms] [LOG] etd ubah @ https://phbidlautdemo.prahu-hub.com/home/tambahjadwal/cWpYWHBKb3RXWGFZb0RsUURoVlp4Zz09?f=1:5838
[  153512ms] [LOG] 5 @ https://phbidlautdemo.prahu-hub.com/home/tambahjadwal/cWpYWHBKb3RXWGFZb0RsUURoVlp4Zz09?f=1:7121
[  153575ms] [LOG] hitungbaris= 1 @ https://phbidlautdemo.prahu-hub.com/home/tambahjadwal/cWpYWHBKb3RXWGFZb0RsUURoVlp4Zz09?f=1:7189
[  154142ms] [LOG] 200 xhrglobal @ https://phbidlautdemo.prahu-hub.com/home/tambahjadwal/cWpYWHBKb3RXWGFZb0RsUURoVlp4Zz09?f=1:8484
[  155837ms] Cannot use import statement outside a module
[  155876ms] ReferenceError: Chart is not defined
    at https://phbidlautdemo.prahu-hub.com/_resources/themes/prahutheme/js/scripts-init/charts/chartjs.js:8:13
[  156085ms] Unexpected token '<'
[  156616ms] Unexpected token '<'
[  156774ms] Uncaught TypeError: expect element to be DOM Element, but got null
    at n.init (https://cdnjs.cloudflare.com/ajax/libs/smooth-scrollbar/8.5.2/smooth-scrollbar.js:24:264)
    at <anonymous> (https://phbidlautdemo.prahu-hub.com/home/masterjadwal1/cWpYWHBKb3RXWGFZb0RsUURoVlp4Zz09:5758:14)
[  156824ms] [LOG] Harganamanya @ https://phbidlautdemo.prahu-hub.com/home/masterjadwal1/cWpYWHBKb3RXWGFZb0RsUURoVlp4Zz09:1756
[  156834ms] [LOG] undefined @ https://phbidlautdemo.prahu-hub.com/home/masterjadwal1/cWpYWHBKb3RXWGFZb0RsUURoVlp4Zz09:6111
[  156835ms] [LOG] DD/MM/YYYY @ https://phbidlautdemo.prahu-hub.com/home/masterjadwal1/cWpYWHBKb3RXWGFZb0RsUURoVlp4Zz09:6111
[  156836ms] [LOG] undefined @ https://phbidlautdemo.prahu-hub.com/home/masterjadwal1/cWpYWHBKb3RXWGFZb0RsUURoVlp4Zz09:6111
[  156836ms] [LOG] Masukkan Nama Kapal @ https://phbidlautdemo.prahu-hub.com/home/masterjadwal1/cWpYWHBKb3RXWGFZb0RsUURoVlp4Zz09:6111
[  156836ms] [LOG] Masukkan Voyage @ https://phbidlautdemo.prahu-hub.com/home/masterjadwal1/cWpYWHBKb3RXWGFZb0RsUURoVlp4Zz09:6111
[  156837ms] [LOG] DD/MM/YYYY hh:mm @ https://phbidlautdemo.prahu-hub.com/home/masterjadwal1/cWpYWHBKb3RXWGFZb0RsUURoVlp4Zz09:6111
[  156837ms] [LOG] undefined @ https://phbidlautdemo.prahu-hub.com/home/masterjadwal1/cWpYWHBKb3RXWGFZb0RsUURoVlp4Zz09:6111
[  156837ms] [LOG] DD/MM/YYYY @ https://phbidlautdemo.prahu-hub.com/home/masterjadwal1/cWpYWHBKb3RXWGFZb0RsUURoVlp4Zz09:6111
[  156838ms] [LOG] undefined @ https://phbidlautdemo.prahu-hub.com/home/masterjadwal1/cWpYWHBKb3RXWGFZb0RsUURoVlp4Zz09:6111
[  156838ms] [LOG] DD/MM/YYYY @ https://phbidlautdemo.prahu-hub.com/home/masterjadwal1/cWpYWHBKb3RXWGFZb0RsUURoVlp4Zz09:6111
[  156838ms] [LOG] undefined @ https://phbidlautdemo.prahu-hub.com/home/masterjadwal1/cWpYWHBKb3RXWGFZb0RsUURoVlp4Zz09:6111
[  156839ms] [LOG] undefined @ https://phbidlautdemo.prahu-hub.com/home/masterjadwal1/cWpYWHBKb3RXWGFZb0RsUURoVlp4Zz09:6111
[  156839ms] [LOG] undefined @ https://phbidlautdemo.prahu-hub.com/home/masterjadwal1/cWpYWHBKb3RXWGFZb0RsUURoVlp4Zz09:6111
[  156839ms] [LOG] undefined @ https://phbidlautdemo.prahu-hub.com/home/masterjadwal1/cWpYWHBKb3RXWGFZb0RsUURoVlp4Zz09:6111
[  156839ms] [LOG] undefined @ https://phbidlautdemo.prahu-hub.com/home/masterjadwal1/cWpYWHBKb3RXWGFZb0RsUURoVlp4Zz09:6111
[  156841ms] [LOG] WebSocket connection @ https://phbidlautdemo.prahu-hub.com/home/masterjadwal1/cWpYWHBKb3RXWGFZb0RsUURoVlp4Zz09:6154
[  156841ms] [LOG] WebSocket connection attempting... @ https://phbidlautdemo.prahu-hub.com/home/masterjadwal1/cWpYWHBKb3RXWGFZb0RsUURoVlp4Zz09:6232
[  157080ms] [LOG] WebSocket connected @ https://phbidlautdemo.prahu-hub.com/home/masterjadwal1/cWpYWHBKb3RXWGFZb0RsUURoVlp4Zz09:6163
[  157085ms] [LOG] update_dashboard_order_laut @ https://phbidlautdemo.prahu-hub.com/home/masterjadwal1/cWpYWHBKb3RXWGFZb0RsUURoVlp4Zz09:6204
[  157119ms] [LOG] Connected @ https://phbidlautdemo.prahu-hub.com/home/masterjadwal1/cWpYWHBKb3RXWGFZb0RsUURoVlp4Zz09:6204
[  157143ms] [LOG] [Object, Object, Object] @ https://phbidlautdemo.prahu-hub.com/_resources/themes/prahutheme/javascript/custom/lihatjadwal.js?m=1787972929:14
[  157147ms] [LOG] 3 @ https://phbidlautdemo.prahu-hub.com/_resources/themes/prahutheme/javascript/custom/lihatjadwal.js?m=1787972929:506
[  157147ms] [LOG] 3 countView1 1 pageNow 20 limitView1 @ https://phbidlautdemo.prahu-hub.com/_resources/themes/prahutheme/javascript/custom/lihatjadwal.js?m=1787972929:508
[  157148ms] [LOG] 3 @ https://phbidlautdemo.prahu-hub.com/_resources/themes/prahutheme/javascript/custom/lihatjadwal.js?m=1787972929:514
[  157148ms] [LOG] 3 jumlah data @ https://phbidlautdemo.prahu-hub.com/_resources/themes/prahutheme/javascript/custom/lihatjadwal.js?m=1787972929:481
[  157148ms] [LOG] 1 @ https://phbidlautdemo.prahu-hub.com/_resources/themes/prahutheme/javascript/custom/lihatjadwal.js?m=1787972929:483
[  157149ms] [LOG] 1 1 pageCount & pageNow @ https://phbidlautdemo.prahu-hub.com/_resources/themes/prahutheme/javascript/custom/lihatjadwal.js?m=1787972929:406
[  157153ms] [LOG] 200 xhrglobal @ https://phbidlautdemo.prahu-hub.com/home/masterjadwal1/cWpYWHBKb3RXWGFZb0RsUURoVlp4Zz09:6085
[  157369ms] [LOG] 200 xhrglobal @ https://phbidlautdemo.prahu-hub.com/home/masterjadwal1/cWpYWHBKb3RXWGFZb0RsUURoVlp4Zz09:6085
[  157488ms] [LOG] 200 xhrglobal @ https://phbidlautdemo.prahu-hub.com/home/masterjadwal1/cWpYWHBKb3RXWGFZb0RsUURoVlp4Zz09:6085
[  158835ms] TypeError: $(...).DataTable is not a function
    at https://phbidlautdemo.prahu-hub.com/_resources/themes/prahutheme/js/scripts-init/tables.js:7:23
[  211409ms] Cannot use import statement outside a module
[  211448ms] ReferenceError: Chart is not defined
    at https://phbidlautdemo.prahu-hub.com/_resources/themes/prahutheme/js/scripts-init/charts/chartjs.js:8:13
[  211481ms] Unexpected token '<'
[  211481ms] Unexpected token '<'
[  211545ms] Uncaught TypeError: expect element to be DOM Element, but got null
    at n.init (https://cdnjs.cloudflare.com/ajax/libs/smooth-scrollbar/8.5.2/smooth-scrollbar.js:24:264)
    at <anonymous> (https://phbidlautdemo.prahu-hub.com/home/editjadwal/1870:6535:14)
[  211568ms] [LOG] Harganamanya @ https://phbidlautdemo.prahu-hub.com/home/editjadwal/1870:1755
[  211607ms] [LOG] undefined @ https://phbidlautdemo.prahu-hub.com/home/editjadwal/1870:6888
[  211607ms] [LOG] Masukkan Nama Kapal @ https://phbidlautdemo.prahu-hub.com/home/editjadwal/1870:6888
[  211607ms] [LOG] Masukkan Voyage @ https://phbidlautdemo.prahu-hub.com/home/editjadwal/1870:6888
[  211608ms] [LOG] DD/MM/YYYY @ https://phbidlautdemo.prahu-hub.com/home/editjadwal/1870:6888
[  211609ms] [LOG] DD/MM/YYYY hh:mm @ https://phbidlautdemo.prahu-hub.com/home/editjadwal/1870:6888
[  211609ms] [LOG] DD/MM/YYYY @ https://phbidlautdemo.prahu-hub.com/home/editjadwal/1870:6888
[  211610ms] [LOG] DD/MM/YYYY @ https://phbidlautdemo.prahu-hub.com/home/editjadwal/1870:6888
[  211611ms] [LOG] undefined @ https://phbidlautdemo.prahu-hub.com/home/editjadwal/1870:6888
[  211611ms] [LOG] undefined @ https://phbidlautdemo.prahu-hub.com/home/editjadwal/1870:6888
[  211612ms] [LOG] undefined @ https://phbidlautdemo.prahu-hub.com/home/editjadwal/1870:6888
[  211612ms] [LOG] undefined @ https://phbidlautdemo.prahu-hub.com/home/editjadwal/1870:6888
[  211612ms] [LOG] undefined @ https://phbidlautdemo.prahu-hub.com/home/editjadwal/1870:6888
[  211612ms] [LOG] undefined @ https://phbidlautdemo.prahu-hub.com/home/editjadwal/1870:6888
[  211613ms] [LOG] undefined @ https://phbidlautdemo.prahu-hub.com/home/editjadwal/1870:6888
[  211613ms] [LOG] undefined @ https://phbidlautdemo.prahu-hub.com/home/editjadwal/1870:6888
[  211613ms] [LOG] undefined @ https://phbidlautdemo.prahu-hub.com/home/editjadwal/1870:6888
[  211613ms] [LOG] undefined @ https://phbidlautdemo.prahu-hub.com/home/editjadwal/1870:6888
[  211613ms] [LOG] undefined @ https://phbidlautdemo.prahu-hub.com/home/editjadwal/1870:6888
[  211615ms] [LOG] WebSocket connection @ https://phbidlautdemo.prahu-hub.com/home/editjadwal/1870:6931
[  211615ms] [LOG] WebSocket connection attempting... @ https://phbidlautdemo.prahu-hub.com/home/editjadwal/1870:7009
[  211756ms] [LOG] WebSocket connected @ https://phbidlautdemo.prahu-hub.com/home/editjadwal/1870:6940
[  211759ms] [LOG] update_dashboard_order_laut @ https://phbidlautdemo.prahu-hub.com/home/editjadwal/1870:6981
[  211790ms] [LOG] Connected @ https://phbidlautdemo.prahu-hub.com/home/editjadwal/1870:6981
[  211933ms] [LOG] 200 xhrglobal @ https://phbidlautdemo.prahu-hub.com/home/editjadwal/1870:6862
[  211991ms] [LOG] 200 xhrglobal @ https://phbidlautdemo.prahu-hub.com/home/editjadwal/1870:6862
[  213579ms] TypeError: $(...).DataTable is not a function
    at https://phbidlautdemo.prahu-hub.com/_resources/themes/prahutheme/js/scripts-init/tables.js:7:23
