[    2793ms] Cannot use import statement outside a module
[    2836ms] ReferenceError: Chart is not defined
    at https://phbidlautdemo.prahu-hub.com/_resources/themes/prahutheme/js/scripts-init/charts/chartjs.js:8:13
[    2838ms] Unexpected token '<'
[    2839ms] Unexpected token '<'
[    2948ms] [LOG] Daftar Ordernamanya @ https://phbidlautdemo.prahu-hub.com/order/orderdetail/dUkwK0ZZNEI4OVNoaktnQjZxSFA3QT09:1877
[    2978ms] [LOG] undefined @ https://phbidlautdemo.prahu-hub.com/order/orderdetail/dUkwK0ZZNEI4OVNoaktnQjZxSFA3QT09:8823
[    2979ms] [LOG] undefined @ https://phbidlautdemo.prahu-hub.com/order/orderdetail/dUkwK0ZZNEI4OVNoaktnQjZxSFA3QT09:8823
[    2979ms] [LOG] undefined @ https://phbidlautdemo.prahu-hub.com/order/orderdetail/dUkwK0ZZNEI4OVNoaktnQjZxSFA3QT09:8823
[    2979ms] [LOG] undefined @ https://phbidlautdemo.prahu-hub.com/order/orderdetail/dUkwK0ZZNEI4OVNoaktnQjZxSFA3QT09:8823
[    2979ms] [LOG] WebSocket connection @ https://phbidlautdemo.prahu-hub.com/order/orderdetail/dUkwK0ZZNEI4OVNoaktnQjZxSFA3QT09:8866
[    2980ms] [LOG] WebSocket connection attempting... @ https://phbidlautdemo.prahu-hub.com/order/orderdetail/dUkwK0ZZNEI4OVNoaktnQjZxSFA3QT09:8944
[    4036ms] [LOG] WebSocket connected @ https://phbidlautdemo.prahu-hub.com/order/orderdetail/dUkwK0ZZNEI4OVNoaktnQjZxSFA3QT09:8875
[    4038ms] [LOG] update_dashboard_order_laut @ https://phbidlautdemo.prahu-hub.com/order/orderdetail/dUkwK0ZZNEI4OVNoaktnQjZxSFA3QT09:8916
[    4199ms] [LOG] 200 xhrglobal @ https://phbidlautdemo.prahu-hub.com/order/orderdetail/dUkwK0ZZNEI4OVNoaktnQjZxSFA3QT09:8797
[    4232ms] [LOG] 200 xhrglobal @ https://phbidlautdemo.prahu-hub.com/order/orderdetail/dUkwK0ZZNEI4OVNoaktnQjZxSFA3QT09:8797
[    4353ms] [LOG] Connected @ https://phbidlautdemo.prahu-hub.com/order/orderdetail/dUkwK0ZZNEI4OVNoaktnQjZxSFA3QT09:8916
[    4958ms] TypeError: $(...).DataTable is not a function
    at https://phbidlautdemo.prahu-hub.com/_resources/themes/prahutheme/js/scripts-init/tables.js:7:23
[   23293ms] [LOG] Connected @ https://phbidlautdemo.prahu-hub.com/order/orderdetail/dUkwK0ZZNEI4OVNoaktnQjZxSFA3QT09:8916
[   38683ms] [LOG] Connected @ https://phbidlautdemo.prahu-hub.com/order/orderdetail/dUkwK0ZZNEI4OVNoaktnQjZxSFA3QT09:8916
[   42574ms] [LOG] Connected @ https://phbidlautdemo.prahu-hub.com/order/orderdetail/dUkwK0ZZNEI4OVNoaktnQjZxSFA3QT09:8916
[   44365ms] [LOG] Connected @ https://phbidlautdemo.prahu-hub.com/order/orderdetail/dUkwK0ZZNEI4OVNoaktnQjZxSFA3QT09:8916
[   50129ms] [LOG] Connected @ https://phbidlautdemo.prahu-hub.com/order/orderdetail/dUkwK0ZZNEI4OVNoaktnQjZxSFA3QT09:8916
[   64305ms] [LOG] Connected @ https://phbidlautdemo.prahu-hub.com/order/orderdetail/dUkwK0ZZNEI4OVNoaktnQjZxSFA3QT09:8916
[   65960ms] [LOG] Connected @ https://phbidlautdemo.prahu-hub.com/order/orderdetail/dUkwK0ZZNEI4OVNoaktnQjZxSFA3QT09:8916
[   67774ms] [LOG] Connected @ https://phbidlautdemo.prahu-hub.com/order/orderdetail/dUkwK0ZZNEI4OVNoaktnQjZxSFA3QT09:8916
[   69963ms] [LOG] Connected @ https://phbidlautdemo.prahu-hub.com/order/orderdetail/dUkwK0ZZNEI4OVNoaktnQjZxSFA3QT09:8916
[   80351ms] [LOG] Connected @ https://phbidlautdemo.prahu-hub.com/order/orderdetail/dUkwK0ZZNEI4OVNoaktnQjZxSFA3QT09:8916
[  101913ms] [LOG] Connected @ https://phbidlautdemo.prahu-hub.com/order/orderdetail/dUkwK0ZZNEI4OVNoaktnQjZxSFA3QT09:8916
[  106586ms] [LOG] Connected @ https://phbidlautdemo.prahu-hub.com/order/orderdetail/dUkwK0ZZNEI4OVNoaktnQjZxSFA3QT09:8916
[  111326ms] [LOG] Connected @ https://phbidlautdemo.prahu-hub.com/order/orderdetail/dUkwK0ZZNEI4OVNoaktnQjZxSFA3QT09:8916
[  227659ms] [LOG] Connected @ https://phbidlautdemo.prahu-hub.com/order/orderdetail/dUkwK0ZZNEI4OVNoaktnQjZxSFA3QT09:8916
[  230528ms] [LOG] Connected @ https://phbidlautdemo.prahu-hub.com/order/orderdetail/dUkwK0ZZNEI4OVNoaktnQjZxSFA3QT09:8916
[  235582ms] [LOG] Connected @ https://phbidlautdemo.prahu-hub.com/order/orderdetail/dUkwK0ZZNEI4OVNoaktnQjZxSFA3QT09:8916
[  239797ms] [LOG] Connected @ https://phbidlautdemo.prahu-hub.com/order/orderdetail/dUkwK0ZZNEI4OVNoaktnQjZxSFA3QT09:8916
[  240332ms] [LOG] Connected @ https://phbidlautdemo.prahu-hub.com/order/orderdetail/dUkwK0ZZNEI4OVNoaktnQjZxSFA3QT09:8916
[  240349ms] [LOG] Connected @ https://phbidlautdemo.prahu-hub.com/order/orderdetail/dUkwK0ZZNEI4OVNoaktnQjZxSFA3QT09:8916
[  240656ms] [LOG] Connected @ https://phbidlautdemo.prahu-hub.com/order/orderdetail/dUkwK0ZZNEI4OVNoaktnQjZxSFA3QT09:8916
[  241549ms] [LOG] Connected @ https://phbidlautdemo.prahu-hub.com/order/orderdetail/dUkwK0ZZNEI4OVNoaktnQjZxSFA3QT09:8916
[  244584ms] [LOG] Connected @ https://phbidlautdemo.prahu-hub.com/order/orderdetail/dUkwK0ZZNEI4OVNoaktnQjZxSFA3QT09:8916
[  264200ms] [LOG] Connected @ https://phbidlautdemo.prahu-hub.com/order/orderdetail/dUkwK0ZZNEI4OVNoaktnQjZxSFA3QT09:8916
[  275664ms] [LOG] Connected @ https://phbidlautdemo.prahu-hub.com/order/orderdetail/dUkwK0ZZNEI4OVNoaktnQjZxSFA3QT09:8916
[  279605ms] [LOG] Connected @ https://phbidlautdemo.prahu-hub.com/order/orderdetail/dUkwK0ZZNEI4OVNoaktnQjZxSFA3QT09:8916
[  297004ms] [LOG] Connected @ https://phbidlautdemo.prahu-hub.com/order/orderdetail/dUkwK0ZZNEI4OVNoaktnQjZxSFA3QT09:8916
[  315178ms] [LOG] Connected @ https://phbidlautdemo.prahu-hub.com/order/orderdetail/dUkwK0ZZNEI4OVNoaktnQjZxSFA3QT09:8916
[  327032ms] [LOG] Connected @ https://phbidlautdemo.prahu-hub.com/order/orderdetail/dUkwK0ZZNEI4OVNoaktnQjZxSFA3QT09:8916
[  338579ms] [LOG] Connected @ https://phbidlautdemo.prahu-hub.com/order/orderdetail/dUkwK0ZZNEI4OVNoaktnQjZxSFA3QT09:8916
[  343811ms] [LOG] Connected @ https://phbidlautdemo.prahu-hub.com/order/orderdetail/dUkwK0ZZNEI4OVNoaktnQjZxSFA3QT09:8916
[  353484ms] [LOG] Connected @ https://phbidlautdemo.prahu-hub.com/order/orderdetail/dUkwK0ZZNEI4OVNoaktnQjZxSFA3QT09:8916
[  360575ms] [LOG] Connected @ https://phbidlautdemo.prahu-hub.com/order/orderdetail/dUkwK0ZZNEI4OVNoaktnQjZxSFA3QT09:8916
[  369689ms] [LOG] Connected @ https://phbidlautdemo.prahu-hub.com/order/orderdetail/dUkwK0ZZNEI4OVNoaktnQjZxSFA3QT09:8916
[  384860ms] [LOG] Connected @ https://phbidlautdemo.prahu-hub.com/order/orderdetail/dUkwK0ZZNEI4OVNoaktnQjZxSFA3QT09:8916
[  396180ms] [LOG] Connected @ https://phbidlautdemo.prahu-hub.com/order/orderdetail/dUkwK0ZZNEI4OVNoaktnQjZxSFA3QT09:8916
[  415847ms] [LOG] Connected @ https://phbidlautdemo.prahu-hub.com/order/orderdetail/dUkwK0ZZNEI4OVNoaktnQjZxSFA3QT09:8916
[  428266ms] [LOG] Connected @ https://phbidlautdemo.prahu-hub.com/order/orderdetail/dUkwK0ZZNEI4OVNoaktnQjZxSFA3QT09:8916
[  447056ms] [LOG] Connected @ https://phbidlautdemo.prahu-hub.com/order/orderdetail/dUkwK0ZZNEI4OVNoaktnQjZxSFA3QT09:8916
[  455261ms] [LOG] Connected @ https://phbidlautdemo.prahu-hub.com/order/orderdetail/dUkwK0ZZNEI4OVNoaktnQjZxSFA3QT09:8916
[  481544ms] [LOG] Connected @ https://phbidlautdemo.prahu-hub.com/order/orderdetail/dUkwK0ZZNEI4OVNoaktnQjZxSFA3QT09:8916
