[     117ms] [LOG] Connected @ https://phbidlautdemo.prahu-hub.com/order/orderlist:8685
[    3844ms] Cannot use import statement outside a module
[    3862ms] ReferenceError: Chart is not defined
    at https://phbidlautdemo.prahu-hub.com/_resources/themes/prahutheme/js/scripts-init/charts/chartjs.js:8:13
[    4547ms] Unexpected token '<'
[    4549ms] Unexpected token '<'
[    4611ms] Uncaught TypeError: expect element to be DOM Element, but got null
    at n.init (https://cdnjs.cloudflare.com/ajax/libs/smooth-scrollbar/8.5.2/smooth-scrollbar.js:24:264)
    at <anonymous> (https://phbidlautdemo.prahu-hub.com/order/uploadinvoice/1453:7070:14)
[    4633ms] [LOG] Daftar Ordernamanya @ https://phbidlautdemo.prahu-hub.com/order/uploadinvoice/1453:2039
[    4643ms] [LOG] undefined @ https://phbidlautdemo.prahu-hub.com/order/uploadinvoice/1453:7423
[    4643ms] [LOG] undefined @ https://phbidlautdemo.prahu-hub.com/order/uploadinvoice/1453:7423
[    4643ms] [LOG] undefined @ https://phbidlautdemo.prahu-hub.com/order/uploadinvoice/1453:7423
[    4643ms] [LOG] undefined @ https://phbidlautdemo.prahu-hub.com/order/uploadinvoice/1453:7423
[    4644ms] [LOG] WebSocket connection @ https://phbidlautdemo.prahu-hub.com/order/uploadinvoice/1453:7466
[    4644ms] [LOG] WebSocket connection attempting... @ https://phbidlautdemo.prahu-hub.com/order/uploadinvoice/1453:7544
[    5042ms] [LOG] 200 xhrglobal @ https://phbidlautdemo.prahu-hub.com/order/uploadinvoice/1453:7397
[    5600ms] [LOG] WebSocket connected @ https://phbidlautdemo.prahu-hub.com/order/uploadinvoice/1453:7475
[    5602ms] [LOG] update_dashboard_order_laut @ https://phbidlautdemo.prahu-hub.com/order/uploadinvoice/1453:7516
[    5913ms] [LOG] Connected @ https://phbidlautdemo.prahu-hub.com/order/uploadinvoice/1453:7516
[    6294ms] [LOG] 200 xhrglobal @ https://phbidlautdemo.prahu-hub.com/order/uploadinvoice/1453:7397
[    6347ms] [LOG] 200 xhrglobal @ https://phbidlautdemo.prahu-hub.com/order/uploadinvoice/1453:7397
[    6646ms] TypeError: $(...).DataTable is not a function
    at https://phbidlautdemo.prahu-hub.com/_resources/themes/prahutheme/js/scripts-init/tables.js:7:23
[   17755ms] [LOG] Connected @ https://phbidlautdemo.prahu-hub.com/order/uploadinvoice/1453:7516
[   21967ms] [LOG] Connected @ https://phbidlautdemo.prahu-hub.com/order/uploadinvoice/1453:7516
[   27430ms] [LOG] Connected @ https://phbidlautdemo.prahu-hub.com/order/uploadinvoice/1453:7516
[   28190ms] [LOG] Connected @ https://phbidlautdemo.prahu-hub.com/order/uploadinvoice/1453:7516
[   29191ms] [LOG] Connected @ https://phbidlautdemo.prahu-hub.com/order/uploadinvoice/1453:7516
[   32878ms] [LOG] ini datanya -> https://phbidlautdemo.prahu-hub.com/order/buatinvoice/1453 @ https://phbidlautdemo.prahu-hub.com/order/uploadinvoice/1453:6603
[   33714ms] [LOG] 200 xhrglobal @ https://phbidlautdemo.prahu-hub.com/order/uploadinvoice/1453:7397
[   34203ms] [LOG] 200 xhrglobal @ https://phbidlautdemo.prahu-hub.com/order/uploadinvoice/1453:7397
[   36798ms] Cannot use import statement outside a module
[   36828ms] ReferenceError: Chart is not defined
    at https://phbidlautdemo.prahu-hub.com/_resources/themes/prahutheme/js/scripts-init/charts/chartjs.js:8:13
[   37360ms] Unexpected token '<'
[   37929ms] Unexpected token '<'
[   37984ms] Uncaught TypeError: expect element to be DOM Element, but got null
    at n.init (https://cdnjs.cloudflare.com/ajax/libs/smooth-scrollbar/8.5.2/smooth-scrollbar.js:24:264)
    at <anonymous> (https://phbidlautdemo.prahu-hub.com/order/buatinvoice/1453:6614:14)
[   38002ms] [LOG] Daftar Ordernamanya @ https://phbidlautdemo.prahu-hub.com/order/buatinvoice/1453:2039
[   38030ms] [LOG] nilai_diskon 0 @ https://phbidlautdemo.prahu-hub.com/order/buatinvoice/1453:5762
[   38030ms] [LOG] 440444.884 @ https://phbidlautdemo.prahu-hub.com/order/buatinvoice/1453:5763
[   38031ms] [LOG] nilai_diskon 0 @ https://phbidlautdemo.prahu-hub.com/order/buatinvoice/1453:5762
[   38031ms] [LOG] 440444.004 @ https://phbidlautdemo.prahu-hub.com/order/buatinvoice/1453:5763
[   38032ms] [LOG] nilai_diskon 0 @ https://phbidlautdemo.prahu-hub.com/order/buatinvoice/1453:5762
[   38032ms] [LOG] 440444.004 @ https://phbidlautdemo.prahu-hub.com/order/buatinvoice/1453:5763
[   38032ms] [LOG] nilai_diskon 0 @ https://phbidlautdemo.prahu-hub.com/order/buatinvoice/1453:5762
[   38032ms] [LOG] 440444.004 @ https://phbidlautdemo.prahu-hub.com/order/buatinvoice/1453:5763
[   38041ms] [LOG] undefined @ https://phbidlautdemo.prahu-hub.com/order/buatinvoice/1453:6967
[   38041ms] [LOG] undefined @ https://phbidlautdemo.prahu-hub.com/order/buatinvoice/1453:6967
[   38041ms] [LOG] undefined @ https://phbidlautdemo.prahu-hub.com/order/buatinvoice/1453:6967
[   38041ms] [LOG] Masukkan Nama Perusahaan @ https://phbidlautdemo.prahu-hub.com/order/buatinvoice/1453:6967
[   38041ms] [LOG] Masukkan Nomor Telepon @ https://phbidlautdemo.prahu-hub.com/order/buatinvoice/1453:6967
[   38041ms] [LOG] Masukkan Alamat Email @ https://phbidlautdemo.prahu-hub.com/order/buatinvoice/1453:6967
[   38041ms] [LOG] Masukkan Nama Shipper @ https://phbidlautdemo.prahu-hub.com/order/buatinvoice/1453:6967
[   38041ms] [LOG] Masukkan ID Order @ https://phbidlautdemo.prahu-hub.com/order/buatinvoice/1453:6967
[   38041ms] [LOG] Masukkan Nomor Invoice @ https://phbidlautdemo.prahu-hub.com/order/buatinvoice/1453:6967
[   38041ms] [LOG] DD/MM/YYYY @ https://phbidlautdemo.prahu-hub.com/order/buatinvoice/1453:6967
[   38041ms] [LOG] DD/MM/YYYY @ https://phbidlautdemo.prahu-hub.com/order/buatinvoice/1453:6967
[   38042ms] [LOG] Harga @ https://phbidlautdemo.prahu-hub.com/order/buatinvoice/1453:6967
[   38042ms] [LOG] Harga @ https://phbidlautdemo.prahu-hub.com/order/buatinvoice/1453:6967
[   38042ms] [LOG] 0 @ https://phbidlautdemo.prahu-hub.com/order/buatinvoice/1453:6967
[   38042ms] [LOG] undefined @ https://phbidlautdemo.prahu-hub.com/order/buatinvoice/1453:6967
[   38042ms] [LOG] 0 @ https://phbidlautdemo.prahu-hub.com/order/buatinvoice/1453:6967
[   38042ms] [LOG] undefined @ https://phbidlautdemo.prahu-hub.com/order/buatinvoice/1453:6967
[   38042ms] [LOG] 0 @ https://phbidlautdemo.prahu-hub.com/order/buatinvoice/1453:6967
[   38042ms] [LOG] undefined @ https://phbidlautdemo.prahu-hub.com/order/buatinvoice/1453:6967
[   38042ms] [LOG] undefined @ https://phbidlautdemo.prahu-hub.com/order/buatinvoice/1453:6967
[   38043ms] [LOG] Masukkan Nomor Rekening @ https://phbidlautdemo.prahu-hub.com/order/buatinvoice/1453:6967
[   38043ms] [LOG] Masukkan Nama Bank @ https://phbidlautdemo.prahu-hub.com/order/buatinvoice/1453:6967
[   38043ms] [LOG] Masukkan Nomor Invoice @ https://phbidlautdemo.prahu-hub.com/order/buatinvoice/1453:6967
[   38043ms] [LOG] Masukkan Nomor Rekening @ https://phbidlautdemo.prahu-hub.com/order/buatinvoice/1453:6967
[   38043ms] [LOG] Masukkan Nama Bank @ https://phbidlautdemo.prahu-hub.com/order/buatinvoice/1453:6967
[   38043ms] [LOG] Masukkan Nomor Invoice @ https://phbidlautdemo.prahu-hub.com/order/buatinvoice/1453:6967
[   38043ms] [LOG] undefined @ https://phbidlautdemo.prahu-hub.com/order/buatinvoice/1453:6967
[   38043ms] [LOG] undefined @ https://phbidlautdemo.prahu-hub.com/order/buatinvoice/1453:6967
[   38043ms] [LOG] undefined @ https://phbidlautdemo.prahu-hub.com/order/buatinvoice/1453:6967
[   38044ms] [LOG] WebSocket connection @ https://phbidlautdemo.prahu-hub.com/order/buatinvoice/1453:7010
[   38044ms] [LOG] WebSocket connection attempting... @ https://phbidlautdemo.prahu-hub.com/order/buatinvoice/1453:7088
[   38994ms] [LOG] WebSocket connected @ https://phbidlautdemo.prahu-hub.com/order/buatinvoice/1453:7019
[   39000ms] [LOG] update_dashboard_order_laut @ https://phbidlautdemo.prahu-hub.com/order/buatinvoice/1453:7060
[   39305ms] [LOG] Connected @ https://phbidlautdemo.prahu-hub.com/order/buatinvoice/1453:7060
[   39401ms] [LOG] 200 xhrglobal @ https://phbidlautdemo.prahu-hub.com/order/buatinvoice/1453:6941
[   39461ms] [LOG] 200 xhrglobal @ https://phbidlautdemo.prahu-hub.com/order/buatinvoice/1453:6941
[   39627ms] [LOG] Connected @ https://phbidlautdemo.prahu-hub.com/order/buatinvoice/1453:7060
[   40013ms] TypeError: $(...).DataTable is not a function
    at https://phbidlautdemo.prahu-hub.com/_resources/themes/prahutheme/js/scripts-init/tables.js:7:23
[   57497ms] [LOG] Connected @ https://phbidlautdemo.prahu-hub.com/order/buatinvoice/1453:7060
[   67896ms] [LOG] Connected @ https://phbidlautdemo.prahu-hub.com/order/buatinvoice/1453:7060
[   69037ms] [LOG] Connected @ https://phbidlautdemo.prahu-hub.com/order/buatinvoice/1453:7060
[   74452ms] [LOG] Connected @ https://phbidlautdemo.prahu-hub.com/order/buatinvoice/1453:7060
[   75965ms] [LOG] Connected @ https://phbidlautdemo.prahu-hub.com/order/buatinvoice/1453:7060
