[    3874ms] Cannot use import statement outside a module
[    3881ms] ReferenceError: Chart is not defined
    at https://phbidlautdemo.prahu-hub.com/_resources/themes/prahutheme/js/scripts-init/charts/chartjs.js:8:13
[    4155ms] Unexpected token '<'
[    4566ms] Unexpected token '<'
[    4642ms] Uncaught TypeError: expect element to be DOM Element, but got null
    at n.init (https://cdnjs.cloudflare.com/ajax/libs/smooth-scrollbar/8.5.2/smooth-scrollbar.js:24:264)
    at <anonymous> (https://phbidlautdemo.prahu-hub.com/home/analitikscsr:5955:14)
[    4660ms] ReferenceError: selectEl is not defined
    at HTMLDocument.<anonymous> (https://phbidlautdemo.prahu-hub.com/home/analitikscsr:4563:3)
[    4666ms] ReferenceError: selectEl is not defined
    at HTMLDocument.<anonymous> (https://phbidlautdemo.prahu-hub.com/home/analitikscsr:5140:3)
[    4678ms] [LOG] Laporannamanya @ https://phbidlautdemo.prahu-hub.com/home/analitikscsr:1877
[    4688ms] [LOG] DD/MM/YYYY @ https://phbidlautdemo.prahu-hub.com/home/analitikscsr:6308
[    4688ms] [LOG] DD/MM/YYYY @ https://phbidlautdemo.prahu-hub.com/home/analitikscsr:6308
[    4688ms] [LOG] Search... @ https://phbidlautdemo.prahu-hub.com/home/analitikscsr:6308
[    4688ms] [LOG] Search... @ https://phbidlautdemo.prahu-hub.com/home/analitikscsr:6308
[    4689ms] [LOG] undefined @ https://phbidlautdemo.prahu-hub.com/home/analitikscsr:6308
[    4690ms] [LOG] WebSocket connection @ https://phbidlautdemo.prahu-hub.com/home/analitikscsr:6351
[    4690ms] [LOG] WebSocket connection attempting... @ https://phbidlautdemo.prahu-hub.com/home/analitikscsr:6429
[    5723ms] [LOG] WebSocket connected @ https://phbidlautdemo.prahu-hub.com/home/analitikscsr:6360
[    5726ms] [LOG] update_dashboard_order_laut @ https://phbidlautdemo.prahu-hub.com/home/analitikscsr:6401
[    6052ms] [LOG] Connected @ https://phbidlautdemo.prahu-hub.com/home/analitikscsr:6401
[    6400ms] [LOG] 200 xhrglobal @ https://phbidlautdemo.prahu-hub.com/home/analitikscsr:6282
[    6455ms] [LOG] 200 xhrglobal @ https://phbidlautdemo.prahu-hub.com/home/analitikscsr:6282
[    6699ms] TypeError: $(...).DataTable is not a function
    at https://phbidlautdemo.prahu-hub.com/_resources/themes/prahutheme/js/scripts-init/tables.js:7:23
[    7343ms] [LOG] Connected @ https://phbidlautdemo.prahu-hub.com/home/analitikscsr:6401
[    8778ms] [LOG] Connected @ https://phbidlautdemo.prahu-hub.com/home/analitikscsr:6401
[   10697ms] [LOG] Connected @ https://phbidlautdemo.prahu-hub.com/home/analitikscsr:6401
[   14540ms] [LOG] Connected @ https://phbidlautdemo.prahu-hub.com/home/analitikscsr:6401
[   33457ms] [LOG] Connected @ https://phbidlautdemo.prahu-hub.com/home/analitikscsr:6401
[   47257ms] [LOG] Connected @ https://phbidlautdemo.prahu-hub.com/home/analitikscsr:6401
[   52307ms] [LOG] Connected @ https://phbidlautdemo.prahu-hub.com/home/analitikscsr:6401
[   55817ms] [LOG] Connected @ https://phbidlautdemo.prahu-hub.com/home/analitikscsr:6401
[   67408ms] [LOG] Connected @ https://phbidlautdemo.prahu-hub.com/home/analitikscsr:6401
[   76192ms] [LOG] Connected @ https://phbidlautdemo.prahu-hub.com/home/analitikscsr:6401
[   79028ms] [LOG] Connected @ https://phbidlautdemo.prahu-hub.com/home/analitikscsr:6401
[   85203ms] [LOG] Connected @ https://phbidlautdemo.prahu-hub.com/home/analitikscsr:6401
[   92312ms] [LOG] Connected @ https://phbidlautdemo.prahu-hub.com/home/analitikscsr:6401
[  105004ms] [LOG] Connected @ https://phbidlautdemo.prahu-hub.com/home/analitikscsr:6401
[  108413ms] [LOG] Connected @ https://phbidlautdemo.prahu-hub.com/home/analitikscsr:6401
[  110656ms] [LOG] Connected @ https://phbidlautdemo.prahu-hub.com/home/analitikscsr:6401
[  117989ms] [LOG] Connected @ https://phbidlautdemo.prahu-hub.com/home/analitikscsr:6401
[  118232ms] [LOG] Connected @ https://phbidlautdemo.prahu-hub.com/home/analitikscsr:6401
[  118834ms] [LOG] Connected @ https://phbidlautdemo.prahu-hub.com/home/analitikscsr:6401
[  119356ms] [LOG] Connected @ https://phbidlautdemo.prahu-hub.com/home/analitikscsr:6401
[  122343ms] [LOG] Connected @ https://phbidlautdemo.prahu-hub.com/home/analitikscsr:6401
[  125816ms] [LOG] Connected @ https://phbidlautdemo.prahu-hub.com/home/analitikscsr:6401
[  125952ms] [LOG] Connected @ https://phbidlautdemo.prahu-hub.com/home/analitikscsr:6401
[  127925ms] [LOG] Connected @ https://phbidlautdemo.prahu-hub.com/home/analitikscsr:6401
[  134813ms] [LOG] Connected @ https://phbidlautdemo.prahu-hub.com/home/analitikscsr:6401
[  139254ms] [LOG] Connected @ https://phbidlautdemo.prahu-hub.com/home/analitikscsr:6401
[  139304ms] [LOG] Connected @ https://phbidlautdemo.prahu-hub.com/home/analitikscsr:6401
[  141001ms] [LOG] Connected @ https://phbidlautdemo.prahu-hub.com/home/analitikscsr:6401
[  144477ms] [LOG] Connected @ https://phbidlautdemo.prahu-hub.com/home/analitikscsr:6401
[  147160ms] [LOG] Connected @ https://phbidlautdemo.prahu-hub.com/home/analitikscsr:6401
[  147722ms] [LOG] Connected @ https://phbidlautdemo.prahu-hub.com/home/analitikscsr:6401
[  147926ms] [LOG] Connected @ https://phbidlautdemo.prahu-hub.com/home/analitikscsr:6401
[  154212ms] [LOG] updateNotif.937-935-914-906-900-876-856-820-796-795-783-764-704-689-688-685-642-641-640-639-638-635-634-633-632-631-629-628-627-626-625-624-623-622-621-614-459-419-23 @ https://phbidlautdemo.prahu-hub.com/home/analitikscsr:6401
[  154245ms] [LOG] notif_badge_hide.937-935-914-906-900-876-856-820-796-795-783-764-704-689-688-685-642-641-640-639-638-635-634-633-632-631-629-628-627-626-625-624-623-622-621-614-459-419-23 @ https://phbidlautdemo.prahu-hub.com/home/analitikscsr:6401
[  154257ms] [LOG] Connected @ https://phbidlautdemo.prahu-hub.com/home/analitikscsr:6401
[  154270ms] [LOG] update_dashboard_order_laut @ https://phbidlautdemo.prahu-hub.com/home/analitikscsr:6401
[  156318ms] [LOG] Connected @ https://phbidlautdemo.prahu-hub.com/home/analitikscsr:6401
[  157522ms] [LOG] Connected @ https://phbidlautdemo.prahu-hub.com/home/analitikscsr:6401
[  157944ms] [LOG] Connected @ https://phbidlautdemo.prahu-hub.com/home/analitikscsr:6401
[  159954ms] [LOG] Connected @ https://phbidlautdemo.prahu-hub.com/home/analitikscsr:6401
[  163703ms] [LOG] Connected @ https://phbidlautdemo.prahu-hub.com/home/analitikscsr:6401
[  165860ms] [LOG] Connected @ https://phbidlautdemo.prahu-hub.com/home/analitikscsr:6401
[  166314ms] [LOG] Connected @ https://phbidlautdemo.prahu-hub.com/home/analitikscsr:6401
[  181345ms] [LOG] Connected @ https://phbidlautdemo.prahu-hub.com/home/analitikscsr:6401
[  186490ms] [LOG] Connected @ https://phbidlautdemo.prahu-hub.com/home/analitikscsr:6401
[  198489ms] [LOG] Connected @ https://phbidlautdemo.prahu-hub.com/home/analitikscsr:6401
[  204627ms] [LOG] Connected @ https://phbidlautdemo.prahu-hub.com/home/analitikscsr:6401
[  215032ms] [LOG] Connected @ https://phbidlautdemo.prahu-hub.com/home/analitikscsr:6401
[  226687ms] [LOG] Connected @ https://phbidlautdemo.prahu-hub.com/home/analitikscsr:6401
[  249767ms] [LOG] Connected @ https://phbidlautdemo.prahu-hub.com/home/analitikscsr:6401
[  265434ms] [LOG] Connected @ https://phbidlautdemo.prahu-hub.com/home/analitikscsr:6401
[  266628ms] [LOG] Connected @ https://phbidlautdemo.prahu-hub.com/home/analitikscsr:6401
[  308435ms] [LOG] Connected @ https://phbidlautdemo.prahu-hub.com/home/analitikscsr:6401
[  312056ms] [LOG] Connected @ https://phbidlautdemo.prahu-hub.com/home/analitikscsr:6401
[  320678ms] [LOG] Connected @ https://phbidlautdemo.prahu-hub.com/home/analitikscsr:6401
[  343781ms] [LOG] Connected @ https://phbidlautdemo.prahu-hub.com/home/analitikscsr:6401
[  360898ms] [LOG] Connected @ https://phbidlautdemo.prahu-hub.com/home/analitikscsr:6401
[  364094ms] [LOG] Connected @ https://phbidlautdemo.prahu-hub.com/home/analitikscsr:6401
[  391430ms] [LOG] Connected @ https://phbidlautdemo.prahu-hub.com/home/analitikscsr:6401
[  394635ms] [LOG] Connected @ https://phbidlautdemo.prahu-hub.com/home/analitikscsr:6401
[  399893ms] [LOG] Connected @ https://phbidlautdemo.prahu-hub.com/home/analitikscsr:6401
[  400240ms] [LOG] Connected @ https://phbidlautdemo.prahu-hub.com/home/analitikscsr:6401
[  402698ms] [LOG] Connected @ https://phbidlautdemo.prahu-hub.com/home/analitikscsr:6401
[  404737ms] [LOG] Connected @ https://phbidlautdemo.prahu-hub.com/home/analitikscsr:6401
[  408419ms] [LOG] Connected @ https://phbidlautdemo.prahu-hub.com/home/analitikscsr:6401
[  408494ms] [LOG] Connected @ https://phbidlautdemo.prahu-hub.com/home/analitikscsr:6401
[  414656ms] [LOG] Connected @ https://phbidlautdemo.prahu-hub.com/home/analitikscsr:6401
[  422492ms] [LOG] Connected @ https://phbidlautdemo.prahu-hub.com/home/analitikscsr:6401
[  439251ms] [LOG] Connected @ https://phbidlautdemo.prahu-hub.com/home/analitikscsr:6401
[  454201ms] [LOG] Connected @ https://phbidlautdemo.prahu-hub.com/home/analitikscsr:6401
[  455648ms] [LOG] Connected @ https://phbidlautdemo.prahu-hub.com/home/analitikscsr:6401
[  455668ms] [LOG] Connected @ https://phbidlautdemo.prahu-hub.com/home/analitikscsr:6401
[  455751ms] [LOG] Connected @ https://phbidlautdemo.prahu-hub.com/home/analitikscsr:6401
[  455783ms] [LOG] Connected @ https://phbidlautdemo.prahu-hub.com/home/analitikscsr:6401
[  455797ms] [LOG] Connected @ https://phbidlautdemo.prahu-hub.com/home/analitikscsr:6401
[  455797ms] [LOG] Connected @ https://phbidlautdemo.prahu-hub.com/home/analitikscsr:6401
[  455813ms] [LOG] Connected @ https://phbidlautdemo.prahu-hub.com/home/analitikscsr:6401
[  456136ms] [LOG] Connected @ https://phbidlautdemo.prahu-hub.com/home/analitikscsr:6401
[  456280ms] [LOG] Connected @ https://phbidlautdemo.prahu-hub.com/home/analitikscsr:6401
[  456296ms] [LOG] Connected @ https://phbidlautdemo.prahu-hub.com/home/analitikscsr:6401
[  456326ms] [LOG] Connected @ https://phbidlautdemo.prahu-hub.com/home/analitikscsr:6401
[  456351ms] [LOG] Connected @ https://phbidlautdemo.prahu-hub.com/home/analitikscsr:6401
[  456461ms] [LOG] Connected @ https://phbidlautdemo.prahu-hub.com/home/analitikscsr:6401
[  456474ms] [LOG] Connected @ https://phbidlautdemo.prahu-hub.com/home/analitikscsr:6401
[  456577ms] [LOG] Connected @ https://phbidlautdemo.prahu-hub.com/home/analitikscsr:6401
[  456860ms] [LOG] Connected @ https://phbidlautdemo.prahu-hub.com/home/analitikscsr:6401
[  456878ms] [LOG] Connected @ https://phbidlautdemo.prahu-hub.com/home/analitikscsr:6401
[  457043ms] [LOG] Connected @ https://phbidlautdemo.prahu-hub.com/home/analitikscsr:6401
[  457105ms] [LOG] Connected @ https://phbidlautdemo.prahu-hub.com/home/analitikscsr:6401
[  458403ms] [LOG] Connected @ https://phbidlautdemo.prahu-hub.com/home/analitikscsr:6401
[  458745ms] [LOG] Connected @ https://phbidlautdemo.prahu-hub.com/home/analitikscsr:6401
[  461090ms] [LOG] Connected @ https://phbidlautdemo.prahu-hub.com/home/analitikscsr:6401
[  464789ms] [LOG] Connected @ https://phbidlautdemo.prahu-hub.com/home/analitikscsr:6401
[  465031ms] [LOG] Connected @ https://phbidlautdemo.prahu-hub.com/home/analitikscsr:6401
[  465901ms] [LOG] Connected @ https://phbidlautdemo.prahu-hub.com/home/analitikscsr:6401
[  470707ms] [LOG] Connected @ https://phbidlautdemo.prahu-hub.com/home/analitikscsr:6401
[  480790ms] [LOG] Connected @ https://phbidlautdemo.prahu-hub.com/home/analitikscsr:6401
[  481809ms] [LOG] Connected @ https://phbidlautdemo.prahu-hub.com/home/analitikscsr:6401
[  485634ms] [LOG] Connected @ https://phbidlautdemo.prahu-hub.com/home/analitikscsr:6401
[  486163ms] [LOG] Connected @ https://phbidlautdemo.prahu-hub.com/home/analitikscsr:6401
[  489708ms] [LOG] Connected @ https://phbidlautdemo.prahu-hub.com/home/analitikscsr:6401
[  490519ms] [LOG] Connected @ https://phbidlautdemo.prahu-hub.com/home/analitikscsr:6401
[  500868ms] [LOG] Connected @ https://phbidlautdemo.prahu-hub.com/home/analitikscsr:6401
[  507655ms] [LOG] Connected @ https://phbidlautdemo.prahu-hub.com/home/analitikscsr:6401
[  507922ms] [LOG] Connected @ https://phbidlautdemo.prahu-hub.com/home/analitikscsr:6401
[  512283ms] [LOG] Connected @ https://phbidlautdemo.prahu-hub.com/home/analitikscsr:6401
[  517038ms] [LOG] Connected @ https://phbidlautdemo.prahu-hub.com/home/analitikscsr:6401
[  521709ms] [LOG] Connected @ https://phbidlautdemo.prahu-hub.com/home/analitikscsr:6401
[  522612ms] [LOG] Connected @ https://phbidlautdemo.prahu-hub.com/home/analitikscsr:6401
[  524697ms] [LOG] Connected @ https://phbidlautdemo.prahu-hub.com/home/analitikscsr:6401
[  532592ms] [LOG] Connected @ https://phbidlautdemo.prahu-hub.com/home/analitikscsr:6401
[  535902ms] [LOG] Connected @ https://phbidlautdemo.prahu-hub.com/home/analitikscsr:6401
[  539703ms] [LOG] Connected @ https://phbidlautdemo.prahu-hub.com/home/analitikscsr:6401
[  544250ms] [LOG] updateNotifDarat.485-471-460-459-454-451-447-417-385-262-194-192-49-42-18-8-20-1 @ https://phbidlautdemo.prahu-hub.com/home/analitikscsr:6401
[  544259ms] [LOG] notif_badge_show.485-471-460-459-454-451-447-417-385-262-194-192-49-42-18-8-20-1 @ https://phbidlautdemo.prahu-hub.com/home/analitikscsr:6401
[  546745ms] [LOG] Connected @ https://phbidlautdemo.prahu-hub.com/home/analitikscsr:6401
[  547455ms] [LOG] Connected @ https://phbidlautdemo.prahu-hub.com/home/analitikscsr:6401
[  556364ms] [LOG] Connected @ https://phbidlautdemo.prahu-hub.com/home/analitikscsr:6401
[  558850ms] [LOG] Connected @ https://phbidlautdemo.prahu-hub.com/home/analitikscsr:6401
[  560350ms] [LOG] Connected @ https://phbidlautdemo.prahu-hub.com/home/analitikscsr:6401
[  560799ms] [LOG] Connected @ https://phbidlautdemo.prahu-hub.com/home/analitikscsr:6401
[  560903ms] [LOG] Connected @ https://phbidlautdemo.prahu-hub.com/home/analitikscsr:6401
[  563490ms] [LOG] Connected @ https://phbidlautdemo.prahu-hub.com/home/analitikscsr:6401
[  563629ms] [LOG] Connected @ https://phbidlautdemo.prahu-hub.com/home/analitikscsr:6401
[  564024ms] [LOG] Connected @ https://phbidlautdemo.prahu-hub.com/home/analitikscsr:6401
[  565755ms] [LOG] Connected @ https://phbidlautdemo.prahu-hub.com/home/analitikscsr:6401
[  566111ms] [LOG] Connected @ https://phbidlautdemo.prahu-hub.com/home/analitikscsr:6401
[  566158ms] [LOG] Connected @ https://phbidlautdemo.prahu-hub.com/home/analitikscsr:6401
[  570875ms] [LOG] Connected @ https://phbidlautdemo.prahu-hub.com/home/analitikscsr:6401
[  571163ms] [LOG] Connected @ https://phbidlautdemo.prahu-hub.com/home/analitikscsr:6401
[  573412ms] [LOG] Connected @ https://phbidlautdemo.prahu-hub.com/home/analitikscsr:6401
[  574910ms] [LOG] Connected @ https://phbidlautdemo.prahu-hub.com/home/analitikscsr:6401
[  575255ms] [LOG] Connected @ https://phbidlautdemo.prahu-hub.com/home/analitikscsr:6401
[  576730ms] [LOG] Connected @ https://phbidlautdemo.prahu-hub.com/home/analitikscsr:6401
[  576899ms] [LOG] updateNotifDarat.485-471-460-459-454-451-447-417-385-262-194-192-49-42-18-8-20-1 @ https://phbidlautdemo.prahu-hub.com/home/analitikscsr:6401
[  576902ms] [LOG] notif_badge_show.485-471-460-459-454-451-447-417-385-262-194-192-49-42-18-8-20-1 @ https://phbidlautdemo.prahu-hub.com/home/analitikscsr:6401
[  577248ms] [LOG] Connected @ https://phbidlautdemo.prahu-hub.com/home/analitikscsr:6401
[  577386ms] [LOG] Connected @ https://phbidlautdemo.prahu-hub.com/home/analitikscsr:6401
[  577999ms] [LOG] Connected @ https://phbidlautdemo.prahu-hub.com/home/analitikscsr:6401
[  578018ms] [LOG] Connected @ https://phbidlautdemo.prahu-hub.com/home/analitikscsr:6401
[  578025ms] [LOG] Connected @ https://phbidlautdemo.prahu-hub.com/home/analitikscsr:6401
[  578133ms] [LOG] Connected @ https://phbidlautdemo.prahu-hub.com/home/analitikscsr:6401
[  578580ms] [LOG] Connected @ https://phbidlautdemo.prahu-hub.com/home/analitikscsr:6401
[  578581ms] [LOG] Connected @ https://phbidlautdemo.prahu-hub.com/home/analitikscsr:6401
[  578581ms] [LOG] Connected @ https://phbidlautdemo.prahu-hub.com/home/analitikscsr:6401
[  578582ms] [LOG] Connected @ https://phbidlautdemo.prahu-hub.com/home/analitikscsr:6401
[  579380ms] [LOG] Connected @ https://phbidlautdemo.prahu-hub.com/home/analitikscsr:6401
[  582167ms] [LOG] Connected @ https://phbidlautdemo.prahu-hub.com/home/analitikscsr:6401
[  588468ms] [LOG] Connected @ https://phbidlautdemo.prahu-hub.com/home/analitikscsr:6401
[  588519ms] [LOG] Connected @ https://phbidlautdemo.prahu-hub.com/home/analitikscsr:6401
[  597248ms] [LOG] Connected @ https://phbidlautdemo.prahu-hub.com/home/analitikscsr:6401
[  602386ms] [LOG] Connected @ https://phbidlautdemo.prahu-hub.com/home/analitikscsr:6401
[  621667ms] [LOG] Connected @ https://phbidlautdemo.prahu-hub.com/home/analitikscsr:6401
[  624073ms] [LOG] notif_badge_show.485-471-460-459-454-451-447-417-385-262-194-192-49-42-18-8-20-1 @ https://phbidlautdemo.prahu-hub.com/home/analitikscsr:6401
[  624084ms] [LOG] updateNotifDarat.485-471-460-459-454-451-447-417-385-262-194-192-49-42-18-8-20-1 @ https://phbidlautdemo.prahu-hub.com/home/analitikscsr:6401
[  625225ms] [LOG] Connected @ https://phbidlautdemo.prahu-hub.com/home/analitikscsr:6401
[  629012ms] [LOG] notif_badge_show.485-471-460-459-454-451-447-417-385-262-194-192-49-42-18-8-20-1 @ https://phbidlautdemo.prahu-hub.com/home/analitikscsr:6401
[  629015ms] [LOG] updateNotifDarat.485-471-460-459-454-451-447-417-385-262-194-192-49-42-18-8-20-1 @ https://phbidlautdemo.prahu-hub.com/home/analitikscsr:6401
[  629471ms] [LOG] Connected @ https://phbidlautdemo.prahu-hub.com/home/analitikscsr:6401
[  630454ms] [LOG] Connected @ https://phbidlautdemo.prahu-hub.com/home/analitikscsr:6401
[  632440ms] [LOG] Connected @ https://phbidlautdemo.prahu-hub.com/home/analitikscsr:6401
[  635337ms] [LOG] Connected @ https://phbidlautdemo.prahu-hub.com/home/analitikscsr:6401
[  638092ms] [LOG] Connected @ https://phbidlautdemo.prahu-hub.com/home/analitikscsr:6401
[  639647ms] [LOG] Connected @ https://phbidlautdemo.prahu-hub.com/home/analitikscsr:6401
[  642649ms] [LOG] Connected @ https://phbidlautdemo.prahu-hub.com/home/analitikscsr:6401
[  648335ms] [LOG] Connected @ https://phbidlautdemo.prahu-hub.com/home/analitikscsr:6401
[  648349ms] [LOG] Connected @ https://phbidlautdemo.prahu-hub.com/home/analitikscsr:6401
[  652020ms] [LOG] Connected @ https://phbidlautdemo.prahu-hub.com/home/analitikscsr:6401
[  654421ms] [LOG] Connected @ https://phbidlautdemo.prahu-hub.com/home/analitikscsr:6401
[  660182ms] [LOG] notif_badge_show.485-471-460-459-454-451-447-417-385-262-194-192-49-42-18-8-20-1 @ https://phbidlautdemo.prahu-hub.com/home/analitikscsr:6401
[  660183ms] [LOG] updateNotifDarat.485-471-460-459-454-451-447-417-385-262-194-192-49-42-18-8-20-1 @ https://phbidlautdemo.prahu-hub.com/home/analitikscsr:6401
[  662161ms] [LOG] Connected @ https://phbidlautdemo.prahu-hub.com/home/analitikscsr:6401
[  662863ms] [LOG] updateNotifDarat.1 @ https://phbidlautdemo.prahu-hub.com/home/analitikscsr:6401
[  662866ms] [LOG] updateNotifDarat.20-1 @ https://phbidlautdemo.prahu-hub.com/home/analitikscsr:6401
[  662869ms] [LOG] notif_badge_show.20-1 @ https://phbidlautdemo.prahu-hub.com/home/analitikscsr:6401
[  662886ms] [LOG] notif_badge_show.1 @ https://phbidlautdemo.prahu-hub.com/home/analitikscsr:6401
[  663059ms] [LOG] Connected @ https://phbidlautdemo.prahu-hub.com/home/analitikscsr:6401
[  664650ms] [LOG] Connected @ https://phbidlautdemo.prahu-hub.com/home/analitikscsr:6401
[  666429ms] [LOG] Connected @ https://phbidlautdemo.prahu-hub.com/home/analitikscsr:6401
[  666527ms] [LOG] Connected @ https://phbidlautdemo.prahu-hub.com/home/analitikscsr:6401
[  667619ms] [LOG] Connected @ https://phbidlautdemo.prahu-hub.com/home/analitikscsr:6401
[  675276ms] [LOG] Connected @ https://phbidlautdemo.prahu-hub.com/home/analitikscsr:6401
[  676475ms] [LOG] Connected @ https://phbidlautdemo.prahu-hub.com/home/analitikscsr:6401
[  683503ms] [LOG] Connected @ https://phbidlautdemo.prahu-hub.com/home/analitikscsr:6401
[  684138ms] [LOG] notif_badge_show.485-471-460-459-454-451-447-417-385-262-194-192-49-42-18-8-20-1 @ https://phbidlautdemo.prahu-hub.com/home/analitikscsr:6401
[  684138ms] [LOG] updateNotifDarat.485-471-460-459-454-451-447-417-385-262-194-192-49-42-18-8-20-1 @ https://phbidlautdemo.prahu-hub.com/home/analitikscsr:6401
[  687641ms] [LOG] Connected @ https://phbidlautdemo.prahu-hub.com/home/analitikscsr:6401
[  688841ms] [LOG] updateNotifDarat.485-471-460-459-454-451-447-417-385-262-194-192-49-42-18-8-20-1 @ https://phbidlautdemo.prahu-hub.com/home/analitikscsr:6401
[  688842ms] [LOG] notif_badge_show.485-471-460-459-454-451-447-417-385-262-194-192-49-42-18-8-20-1 @ https://phbidlautdemo.prahu-hub.com/home/analitikscsr:6401
[  690721ms] [LOG] Connected @ https://phbidlautdemo.prahu-hub.com/home/analitikscsr:6401
[  692960ms] [LOG] notif_badge_show.485-471-460-459-454-451-447-417-385-262-194-192-49-42-18-8-20-1 @ https://phbidlautdemo.prahu-hub.com/home/analitikscsr:6401
[  692964ms] [LOG] updateNotifDarat.485-471-460-459-454-451-447-417-385-262-194-192-49-42-18-8-20-1 @ https://phbidlautdemo.prahu-hub.com/home/analitikscsr:6401
[  697169ms] [LOG] updateNotifDarat.485-471-460-459-454-451-447-417-385-262-194-192-49-42-18-8-20-1 @ https://phbidlautdemo.prahu-hub.com/home/analitikscsr:6401
[  697170ms] [LOG] notif_badge_show.485-471-460-459-454-451-447-417-385-262-194-192-49-42-18-8-20-1 @ https://phbidlautdemo.prahu-hub.com/home/analitikscsr:6401
[  697890ms] [LOG] Connected @ https://phbidlautdemo.prahu-hub.com/home/analitikscsr:6401
[  699173ms] [LOG] Connected @ https://phbidlautdemo.prahu-hub.com/home/analitikscsr:6401
[  699461ms] [LOG] Connected @ https://phbidlautdemo.prahu-hub.com/home/analitikscsr:6401
[  701173ms] [LOG] Connected @ https://phbidlautdemo.prahu-hub.com/home/analitikscsr:6401
[  701562ms] [LOG] updateNotifDarat.485-471-460-459-454-451-447-417-385-262-194-192-49-42-18-8-20-1 @ https://phbidlautdemo.prahu-hub.com/home/analitikscsr:6401
[  701565ms] [LOG] notif_badge_show.485-471-460-459-454-451-447-417-385-262-194-192-49-42-18-8-20-1 @ https://phbidlautdemo.prahu-hub.com/home/analitikscsr:6401
[  703641ms] [LOG] Connected @ https://phbidlautdemo.prahu-hub.com/home/analitikscsr:6401
[  703670ms] [LOG] Connected @ https://phbidlautdemo.prahu-hub.com/home/analitikscsr:6401
[  705013ms] [LOG] Connected @ https://phbidlautdemo.prahu-hub.com/home/analitikscsr:6401
[  705115ms] [LOG] Connected @ https://phbidlautdemo.prahu-hub.com/home/analitikscsr:6401
[  706928ms] [LOG] notif_badge_show.485-471-460-459-454-451-447-417-385-262-194-192-49-42-18-8-20-1 @ https://phbidlautdemo.prahu-hub.com/home/analitikscsr:6401
[  706930ms] [LOG] updateNotifDarat.485-471-460-459-454-451-447-417-385-262-194-192-49-42-18-8-20-1 @ https://phbidlautdemo.prahu-hub.com/home/analitikscsr:6401
[  711773ms] [LOG] Connected @ https://phbidlautdemo.prahu-hub.com/home/analitikscsr:6401
[  713248ms] [LOG] updateNotifDarat.485-471-460-459-454-451-447-417-385-262-194-192-49-42-18-8-20-1 @ https://phbidlautdemo.prahu-hub.com/home/analitikscsr:6401
[  713271ms] [LOG] notif_badge_show.485-471-460-459-454-451-447-417-385-262-194-192-49-42-18-8-20-1 @ https://phbidlautdemo.prahu-hub.com/home/analitikscsr:6401
[  714866ms] [LOG] Connected @ https://phbidlautdemo.prahu-hub.com/home/analitikscsr:6401
[  718479ms] [LOG] Connected @ https://phbidlautdemo.prahu-hub.com/home/analitikscsr:6401
[  718669ms] [LOG] notif_badge_show.485-471-460-459-454-451-447-417-385-262-194-192-49-42-18-8-20-1 @ https://phbidlautdemo.prahu-hub.com/home/analitikscsr:6401
[  718672ms] [LOG] updateNotifDarat.485-471-460-459-454-451-447-417-385-262-194-192-49-42-18-8-20-1 @ https://phbidlautdemo.prahu-hub.com/home/analitikscsr:6401
[  719984ms] [LOG] Connected @ https://phbidlautdemo.prahu-hub.com/home/analitikscsr:6401
[  723251ms] [LOG] updateNotifDarat.485-471-460-459-454-451-447-417-385-262-194-192-49-42-18-8-20-1 @ https://phbidlautdemo.prahu-hub.com/home/analitikscsr:6401
[  723268ms] [LOG] notif_badge_show.485-471-460-459-454-451-447-417-385-262-194-192-49-42-18-8-20-1 @ https://phbidlautdemo.prahu-hub.com/home/analitikscsr:6401
[  724119ms] [LOG] Connected @ https://phbidlautdemo.prahu-hub.com/home/analitikscsr:6401
[  725705ms] [LOG] Connected @ https://phbidlautdemo.prahu-hub.com/home/analitikscsr:6401
[  725762ms] [LOG] Connected @ https://phbidlautdemo.prahu-hub.com/home/analitikscsr:6401
[  726989ms] [LOG] Connected @ https://phbidlautdemo.prahu-hub.com/home/analitikscsr:6401
[  728045ms] [LOG] notif_badge_show.485-471-460-459-454-451-447-417-385-262-194-192-49-42-18-8-20-1 @ https://phbidlautdemo.prahu-hub.com/home/analitikscsr:6401
[  728059ms] [LOG] updateNotifDarat.485-471-460-459-454-451-447-417-385-262-194-192-49-42-18-8-20-1 @ https://phbidlautdemo.prahu-hub.com/home/analitikscsr:6401
[  730922ms] [LOG] Connected @ https://phbidlautdemo.prahu-hub.com/home/analitikscsr:6401
[  733765ms] [LOG] notif_badge_show.485-471-460-459-454-451-447-417-385-262-194-192-49-42-18-8-20-1 @ https://phbidlautdemo.prahu-hub.com/home/analitikscsr:6401
[  733779ms] [LOG] updateNotifDarat.485-471-460-459-454-451-447-417-385-262-194-192-49-42-18-8-20-1 @ https://phbidlautdemo.prahu-hub.com/home/analitikscsr:6401
[  740733ms] [LOG] Connected @ https://phbidlautdemo.prahu-hub.com/home/analitikscsr:6401
[  740840ms] [LOG] Connected @ https://phbidlautdemo.prahu-hub.com/home/analitikscsr:6401
[  743533ms] [LOG] notif_badge_show.485-471-460-459-454-451-447-417-385-262-194-192-49-42-18-8-20-1 @ https://phbidlautdemo.prahu-hub.com/home/analitikscsr:6401
[  743533ms] [LOG] updateNotifDarat.485-471-460-459-454-451-447-417-385-262-194-192-49-42-18-8-20-1 @ https://phbidlautdemo.prahu-hub.com/home/analitikscsr:6401
[  748650ms] [LOG] notif_badge_show.485-471-460-459-454-451-447-417-385-262-194-192-49-42-18-8-20-1 @ https://phbidlautdemo.prahu-hub.com/home/analitikscsr:6401
[  748651ms] [LOG] updateNotifDarat.485-471-460-459-454-451-447-417-385-262-194-192-49-42-18-8-20-1 @ https://phbidlautdemo.prahu-hub.com/home/analitikscsr:6401
[  751152ms] [LOG] Connected @ https://phbidlautdemo.prahu-hub.com/home/analitikscsr:6401
[  752167ms] [LOG] updateNotifDarat.485-471-460-459-454-451-447-417-385-262-194-192-49-42-18-8-20-1 @ https://phbidlautdemo.prahu-hub.com/home/analitikscsr:6401
[  752175ms] [LOG] notif_badge_show.485-471-460-459-454-451-447-417-385-262-194-192-49-42-18-8-20-1 @ https://phbidlautdemo.prahu-hub.com/home/analitikscsr:6401
[  754113ms] [LOG] Connected @ https://phbidlautdemo.prahu-hub.com/home/analitikscsr:6401
[  756062ms] [LOG] Connected @ https://phbidlautdemo.prahu-hub.com/home/analitikscsr:6401
[  760526ms] [LOG] notif_badge_show.485-471-460-459-454-451-447-417-385-262-194-192-49-42-18-8-20-1 @ https://phbidlautdemo.prahu-hub.com/home/analitikscsr:6401
[  760534ms] [LOG] updateNotifDarat.485-471-460-459-454-451-447-417-385-262-194-192-49-42-18-8-20-1 @ https://phbidlautdemo.prahu-hub.com/home/analitikscsr:6401
[  763819ms] [LOG] Connected @ https://phbidlautdemo.prahu-hub.com/home/analitikscsr:6401
[  763980ms] [LOG] Connected @ https://phbidlautdemo.prahu-hub.com/home/analitikscsr:6401
[  766054ms] [LOG] Connected @ https://phbidlautdemo.prahu-hub.com/home/analitikscsr:6401
[  767302ms] [LOG] updateNotifDarat.485-471-460-459-454-451-447-417-385-262-194-192-49-42-18-8-20-1 @ https://phbidlautdemo.prahu-hub.com/home/analitikscsr:6401
[  767314ms] [LOG] notif_badge_show.485-471-460-459-454-451-447-417-385-262-194-192-49-42-18-8-20-1 @ https://phbidlautdemo.prahu-hub.com/home/analitikscsr:6401
[  774041ms] [LOG] updateNotifDarat.485-471-460-459-454-451-447-417-385-262-194-192-49-42-18-8-20-1 @ https://phbidlautdemo.prahu-hub.com/home/analitikscsr:6401
[  774055ms] [LOG] notif_badge_show.485-471-460-459-454-451-447-417-385-262-194-192-49-42-18-8-20-1 @ https://phbidlautdemo.prahu-hub.com/home/analitikscsr:6401
[  775560ms] [LOG] Connected @ https://phbidlautdemo.prahu-hub.com/home/analitikscsr:6401
[  779609ms] [LOG] updateNotifDarat.485-471-460-459-454-451-447-417-385-262-194-192-49-42-18-8-20-1 @ https://phbidlautdemo.prahu-hub.com/home/analitikscsr:6401
[  779614ms] [LOG] notif_badge_show.485-471-460-459-454-451-447-417-385-262-194-192-49-42-18-8-20-1 @ https://phbidlautdemo.prahu-hub.com/home/analitikscsr:6401
[  781437ms] [LOG] Connected @ https://phbidlautdemo.prahu-hub.com/home/analitikscsr:6401
[  783346ms] [LOG] notif_badge_show.485-471-460-459-454-451-447-417-385-262-194-192-49-42-18-8-20-1 @ https://phbidlautdemo.prahu-hub.com/home/analitikscsr:6401
[  783349ms] [LOG] updateNotifDarat.485-471-460-459-454-451-447-417-385-262-194-192-49-42-18-8-20-1 @ https://phbidlautdemo.prahu-hub.com/home/analitikscsr:6401
[  784047ms] [LOG] Connected @ https://phbidlautdemo.prahu-hub.com/home/analitikscsr:6401
[  788652ms] [LOG] Connected @ https://phbidlautdemo.prahu-hub.com/home/analitikscsr:6401
[  791562ms] [LOG] Connected @ https://phbidlautdemo.prahu-hub.com/home/analitikscsr:6401
[  791815ms] [LOG] Connected @ https://phbidlautdemo.prahu-hub.com/home/analitikscsr:6401
[  793588ms] [LOG] Connected @ https://phbidlautdemo.prahu-hub.com/home/analitikscsr:6401
[  802207ms] [LOG] updateNotifDarat.20-1 @ https://phbidlautdemo.prahu-hub.com/home/analitikscsr:6401
[  802208ms] [LOG] updateNotifDarat.1 @ https://phbidlautdemo.prahu-hub.com/home/analitikscsr:6401
[  802219ms] [LOG] notif_badge_show.1 @ https://phbidlautdemo.prahu-hub.com/home/analitikscsr:6401
[  802235ms] [LOG] notif_badge_show.20-1 @ https://phbidlautdemo.prahu-hub.com/home/analitikscsr:6401
[  806513ms] [LOG] Connected @ https://phbidlautdemo.prahu-hub.com/home/analitikscsr:6401
[  819358ms] [LOG] Connected @ https://phbidlautdemo.prahu-hub.com/home/analitikscsr:6401
[  869663ms] [LOG] Connected @ https://phbidlautdemo.prahu-hub.com/home/analitikscsr:6401
[  881299ms] [LOG] Connected @ https://phbidlautdemo.prahu-hub.com/home/analitikscsr:6401
[  881601ms] [LOG] Connected @ https://phbidlautdemo.prahu-hub.com/home/analitikscsr:6401
[  884180ms] [LOG] Connected @ https://phbidlautdemo.prahu-hub.com/home/analitikscsr:6401
[  884320ms] [LOG] Connected @ https://phbidlautdemo.prahu-hub.com/home/analitikscsr:6401
[  884444ms] [LOG] Connected @ https://phbidlautdemo.prahu-hub.com/home/analitikscsr:6401
[  886626ms] [LOG] Connected @ https://phbidlautdemo.prahu-hub.com/home/analitikscsr:6401
[  888878ms] [LOG] Connected @ https://phbidlautdemo.prahu-hub.com/home/analitikscsr:6401
[  890392ms] [LOG] Connected @ https://phbidlautdemo.prahu-hub.com/home/analitikscsr:6401
[  892751ms] [LOG] Connected @ https://phbidlautdemo.prahu-hub.com/home/analitikscsr:6401
[  892818ms] [LOG] Connected @ https://phbidlautdemo.prahu-hub.com/home/analitikscsr:6401
[  897887ms] [LOG] Connected @ https://phbidlautdemo.prahu-hub.com/home/analitikscsr:6401
[  911322ms] [LOG] Connected @ https://phbidlautdemo.prahu-hub.com/home/analitikscsr:6401
[  912760ms] [LOG] Connected @ https://phbidlautdemo.prahu-hub.com/home/analitikscsr:6401
[  920879ms] [LOG] Connected @ https://phbidlautdemo.prahu-hub.com/home/analitikscsr:6401
