[    1288ms] Cannot use import statement outside a module
[    1331ms] ReferenceError: Chart is not defined
    at https://phbidlautdemo.prahu-hub.com/_resources/themes/prahutheme/js/scripts-init/charts/chartjs.js:8:13
[    1373ms] Unexpected token '<'
[    1483ms] Unexpected token '<'
[    1629ms] [LOG] BATAS NORMAL POSISI TRACKING CODING EERO DI ATAS DIANGAGGAP GAK ADA  @ https://phbidlautdemo.prahu-hub.com/order/posisitracking/aHNFRzU3T1dRRlUrS2EvUmxHSUZqQT09:7244
[    1679ms] Uncaught TypeError: expect element to be DOM Element, but got null
    at <anonymous> (https://cdnjs.cloudflare.com/ajax/libs/smooth-scrollbar/8.5.2/smooth-scrollbar.js:24:264)
    at <anonymous> (https://phbidlautdemo.prahu-hub.com/order/posisitracking/aHNFRzU3T1dRRlUrS2EvUmxHSUZqQT09:10018:14)
[    1709ms] [LOG] Penugasan Trackingnamanya @ https://phbidlautdemo.prahu-hub.com/order/posisitracking/aHNFRzU3T1dRRlUrS2EvUmxHSUZqQT09:2039
[    1724ms] [LOG] undefined @ https://phbidlautdemo.prahu-hub.com/order/posisitracking/aHNFRzU3T1dRRlUrS2EvUmxHSUZqQT09:10371
[    1725ms] [LOG] undefined @ https://phbidlautdemo.prahu-hub.com/order/posisitracking/aHNFRzU3T1dRRlUrS2EvUmxHSUZqQT09:10371
[    1725ms] [LOG] undefined @ https://phbidlautdemo.prahu-hub.com/order/posisitracking/aHNFRzU3T1dRRlUrS2EvUmxHSUZqQT09:10371
[    1725ms] [LOG] undefined @ https://phbidlautdemo.prahu-hub.com/order/posisitracking/aHNFRzU3T1dRRlUrS2EvUmxHSUZqQT09:10371
[    1725ms] [LOG] 08xxxxxx @ https://phbidlautdemo.prahu-hub.com/order/posisitracking/aHNFRzU3T1dRRlUrS2EvUmxHSUZqQT09:10371
[    1726ms] [LOG] undefined @ https://phbidlautdemo.prahu-hub.com/order/posisitracking/aHNFRzU3T1dRRlUrS2EvUmxHSUZqQT09:10371
[    1726ms] [LOG] 08xxxxxx @ https://phbidlautdemo.prahu-hub.com/order/posisitracking/aHNFRzU3T1dRRlUrS2EvUmxHSUZqQT09:10371
[    1726ms] [LOG] undefined @ https://phbidlautdemo.prahu-hub.com/order/posisitracking/aHNFRzU3T1dRRlUrS2EvUmxHSUZqQT09:10371
[    1726ms] [LOG] 08xxxxxx @ https://phbidlautdemo.prahu-hub.com/order/posisitracking/aHNFRzU3T1dRRlUrS2EvUmxHSUZqQT09:10371
[    1726ms] [LOG] undefined @ https://phbidlautdemo.prahu-hub.com/order/posisitracking/aHNFRzU3T1dRRlUrS2EvUmxHSUZqQT09:10371
[    1727ms] [LOG] 08xxxxxx @ https://phbidlautdemo.prahu-hub.com/order/posisitracking/aHNFRzU3T1dRRlUrS2EvUmxHSUZqQT09:10371
[    1727ms] [LOG] undefined @ https://phbidlautdemo.prahu-hub.com/order/posisitracking/aHNFRzU3T1dRRlUrS2EvUmxHSUZqQT09:10371
[    1727ms] [LOG] 08xxxxxx @ https://phbidlautdemo.prahu-hub.com/order/posisitracking/aHNFRzU3T1dRRlUrS2EvUmxHSUZqQT09:10371
[    1727ms] [LOG] undefined @ https://phbidlautdemo.prahu-hub.com/order/posisitracking/aHNFRzU3T1dRRlUrS2EvUmxHSUZqQT09:10371
[    1727ms] [LOG] 08xxxxxx @ https://phbidlautdemo.prahu-hub.com/order/posisitracking/aHNFRzU3T1dRRlUrS2EvUmxHSUZqQT09:10371
[    1727ms] [LOG] undefined @ https://phbidlautdemo.prahu-hub.com/order/posisitracking/aHNFRzU3T1dRRlUrS2EvUmxHSUZqQT09:10371
[    1728ms] [LOG] undefined @ https://phbidlautdemo.prahu-hub.com/order/posisitracking/aHNFRzU3T1dRRlUrS2EvUmxHSUZqQT09:10371
[    1728ms] [LOG] undefined @ https://phbidlautdemo.prahu-hub.com/order/posisitracking/aHNFRzU3T1dRRlUrS2EvUmxHSUZqQT09:10371
[    1728ms] [LOG] undefined @ https://phbidlautdemo.prahu-hub.com/order/posisitracking/aHNFRzU3T1dRRlUrS2EvUmxHSUZqQT09:10371
[    1728ms] [LOG] undefined @ https://phbidlautdemo.prahu-hub.com/order/posisitracking/aHNFRzU3T1dRRlUrS2EvUmxHSUZqQT09:10371
[    1728ms] [LOG] undefined @ https://phbidlautdemo.prahu-hub.com/order/posisitracking/aHNFRzU3T1dRRlUrS2EvUmxHSUZqQT09:10371
[    1728ms] [LOG] 08xxxxxxx @ https://phbidlautdemo.prahu-hub.com/order/posisitracking/aHNFRzU3T1dRRlUrS2EvUmxHSUZqQT09:10371
[    1730ms] [LOG] WebSocket connection @ https://phbidlautdemo.prahu-hub.com/order/posisitracking/aHNFRzU3T1dRRlUrS2EvUmxHSUZqQT09:10414
[    1730ms] [LOG] WebSocket connection attempting... @ https://phbidlautdemo.prahu-hub.com/order/posisitracking/aHNFRzU3T1dRRlUrS2EvUmxHSUZqQT09:10492
[    1938ms] [LOG] WebSocket connected @ https://phbidlautdemo.prahu-hub.com/order/posisitracking/aHNFRzU3T1dRRlUrS2EvUmxHSUZqQT09:10423
[    1943ms] [LOG] update_dashboard_order_laut @ https://phbidlautdemo.prahu-hub.com/order/posisitracking/aHNFRzU3T1dRRlUrS2EvUmxHSUZqQT09:10464
[    1968ms] [LOG] Connected @ https://phbidlautdemo.prahu-hub.com/order/posisitracking/aHNFRzU3T1dRRlUrS2EvUmxHSUZqQT09:10464
[    2109ms] [LOG] 200 xhrglobal @ https://phbidlautdemo.prahu-hub.com/order/posisitracking/aHNFRzU3T1dRRlUrS2EvUmxHSUZqQT09:10345
[    2165ms] [LOG] 200 xhrglobal @ https://phbidlautdemo.prahu-hub.com/order/posisitracking/aHNFRzU3T1dRRlUrS2EvUmxHSUZqQT09:10345
[    3727ms] TypeError: $(...).DataTable is not a function
    at https://phbidlautdemo.prahu-hub.com/_resources/themes/prahutheme/js/scripts-init/tables.js:7:23
