[    1060ms] Cannot use import statement outside a module
[    1082ms] ReferenceError: Chart is not defined
    at https://phbidlautdemo.prahu-hub.com/_resources/themes/prahutheme/js/scripts-init/charts/chartjs.js:8:13
[    1249ms] Unexpected token '<'
[    1250ms] Unexpected token '<'
[    1286ms] Uncaught TypeError: expect element to be DOM Element, but got null
    at n.init (https://cdnjs.cloudflare.com/ajax/libs/smooth-scrollbar/8.5.2/smooth-scrollbar.js:24:264)
    at <anonymous> (https://phbidlautdemo.prahu-hub.com/home/settingPreferenceNotifBidowner:5311:14)
[    1297ms] [LOG] Preference Notifnamanya @ https://phbidlautdemo.prahu-hub.com/home/settingPreferenceNotifBidowner:1876
[    1306ms] [LOG] undefined @ https://phbidlautdemo.prahu-hub.com/home/settingPreferenceNotifBidowner:5663
[    1306ms] [LOG] undefined @ https://phbidlautdemo.prahu-hub.com/home/settingPreferenceNotifBidowner:5663
[    1306ms] [LOG] undefined @ https://phbidlautdemo.prahu-hub.com/home/settingPreferenceNotifBidowner:5663
[    1306ms] [LOG] undefined @ https://phbidlautdemo.prahu-hub.com/home/settingPreferenceNotifBidowner:5663
[    1306ms] [LOG] undefined @ https://phbidlautdemo.prahu-hub.com/home/settingPreferenceNotifBidowner:5663
[    1306ms] [LOG] undefined @ https://phbidlautdemo.prahu-hub.com/home/settingPreferenceNotifBidowner:5663
[    1306ms] [LOG] undefined @ https://phbidlautdemo.prahu-hub.com/home/settingPreferenceNotifBidowner:5663
[    1306ms] [LOG] undefined @ https://phbidlautdemo.prahu-hub.com/home/settingPreferenceNotifBidowner:5663
[    1306ms] [LOG] undefined @ https://phbidlautdemo.prahu-hub.com/home/settingPreferenceNotifBidowner:5663
[    1306ms] [LOG] undefined @ https://phbidlautdemo.prahu-hub.com/home/settingPreferenceNotifBidowner:5663
[    1307ms] [LOG] undefined @ https://phbidlautdemo.prahu-hub.com/home/settingPreferenceNotifBidowner:5663
[    1307ms] [LOG] undefined @ https://phbidlautdemo.prahu-hub.com/home/settingPreferenceNotifBidowner:5663
[    1307ms] [LOG] undefined @ https://phbidlautdemo.prahu-hub.com/home/settingPreferenceNotifBidowner:5663
[    1307ms] [LOG] undefined @ https://phbidlautdemo.prahu-hub.com/home/settingPreferenceNotifBidowner:5663
[    1307ms] [LOG] undefined @ https://phbidlautdemo.prahu-hub.com/home/settingPreferenceNotifBidowner:5663
[    1307ms] [LOG] undefined @ https://phbidlautdemo.prahu-hub.com/home/settingPreferenceNotifBidowner:5663
[    1307ms] [LOG] undefined @ https://phbidlautdemo.prahu-hub.com/home/settingPreferenceNotifBidowner:5663
[    1307ms] [LOG] undefined @ https://phbidlautdemo.prahu-hub.com/home/settingPreferenceNotifBidowner:5663
[    1307ms] [LOG] undefined @ https://phbidlautdemo.prahu-hub.com/home/settingPreferenceNotifBidowner:5663
[    1307ms] [LOG] undefined @ https://phbidlautdemo.prahu-hub.com/home/settingPreferenceNotifBidowner:5663
[    1307ms] [LOG] undefined @ https://phbidlautdemo.prahu-hub.com/home/settingPreferenceNotifBidowner:5663
[    1307ms] [LOG] undefined @ https://phbidlautdemo.prahu-hub.com/home/settingPreferenceNotifBidowner:5663
[    1307ms] [LOG] undefined @ https://phbidlautdemo.prahu-hub.com/home/settingPreferenceNotifBidowner:5663
[    1307ms] [LOG] undefined @ https://phbidlautdemo.prahu-hub.com/home/settingPreferenceNotifBidowner:5663
[    1307ms] [LOG] undefined @ https://phbidlautdemo.prahu-hub.com/home/settingPreferenceNotifBidowner:5663
[    1307ms] [LOG] undefined @ https://phbidlautdemo.prahu-hub.com/home/settingPreferenceNotifBidowner:5663
[    1307ms] [LOG] undefined @ https://phbidlautdemo.prahu-hub.com/home/settingPreferenceNotifBidowner:5663
[    1307ms] [LOG] undefined @ https://phbidlautdemo.prahu-hub.com/home/settingPreferenceNotifBidowner:5663
[    1307ms] [LOG] undefined @ https://phbidlautdemo.prahu-hub.com/home/settingPreferenceNotifBidowner:5663
[    1308ms] [LOG] WebSocket connection @ https://phbidlautdemo.prahu-hub.com/home/settingPreferenceNotifBidowner:5706
[    1308ms] [LOG] WebSocket connection attempting... @ https://phbidlautdemo.prahu-hub.com/home/settingPreferenceNotifBidowner:5784
[    1432ms] [LOG] 200 xhrglobal @ https://phbidlautdemo.prahu-hub.com/home/settingPreferenceNotifBidowner:5637
[    1434ms] [LOG] WebSocket connected @ https://phbidlautdemo.prahu-hub.com/home/settingPreferenceNotifBidowner:5715
[    1437ms] [LOG] update_dashboard_order_laut @ https://phbidlautdemo.prahu-hub.com/home/settingPreferenceNotifBidowner:5756
[    1462ms] [LOG] Connected @ https://phbidlautdemo.prahu-hub.com/home/settingPreferenceNotifBidowner:5756
[    1560ms] [LOG] 200 xhrglobal @ https://phbidlautdemo.prahu-hub.com/home/settingPreferenceNotifBidowner:5637
[    1632ms] [LOG] 200 xhrglobal @ https://phbidlautdemo.prahu-hub.com/home/settingPreferenceNotifBidowner:5637
[    2848ms] [LOG] update_dashboard_order_laut @ https://phbidlautdemo.prahu-hub.com/home/settingPreferenceNotifBidowner:5756
[    3309ms] TypeError: $(...).DataTable is not a function
    at https://phbidlautdemo.prahu-hub.com/_resources/themes/prahutheme/js/scripts-init/tables.js:7:23
[    7781ms] [LOG] Connected @ https://phbidlautdemo.prahu-hub.com/home/settingPreferenceNotifBidowner:5756
[   39314ms] [LOG] Connected @ https://phbidlautdemo.prahu-hub.com/home/settingPreferenceNotifBidowner:5756
[   42490ms] [LOG] Connected @ https://phbidlautdemo.prahu-hub.com/home/settingPreferenceNotifBidowner:5756
[   51999ms] [LOG] Connected @ https://phbidlautdemo.prahu-hub.com/home/settingPreferenceNotifBidowner:5756
[   59066ms] [LOG] Connected @ https://phbidlautdemo.prahu-hub.com/home/settingPreferenceNotifBidowner:5756
[  102652ms] [LOG] Connected @ https://phbidlautdemo.prahu-hub.com/home/settingPreferenceNotifBidowner:5756
[  108397ms] [LOG] Connected @ https://phbidlautdemo.prahu-hub.com/home/settingPreferenceNotifBidowner:5756
