[     961ms] Cannot use import statement outside a module
[     988ms] ReferenceError: Chart is not defined
    at https://phbidlautdemo.prahu-hub.com/_resources/themes/prahutheme/js/scripts-init/charts/chartjs.js:8:13
[    1022ms] Unexpected token '<'
[    1138ms] Unexpected token '<'
[    1161ms] Uncaught TypeError: expect element to be DOM Element, but got null
    at n.init (https://cdnjs.cloudflare.com/ajax/libs/smooth-scrollbar/8.5.2/smooth-scrollbar.js:24:264)
    at <anonymous> (https://phbidlautdemo.prahu-hub.com/order/buatinvoice/1293:6698:14)
[    1183ms] [LOG] Daftar Ordernamanya @ https://phbidlautdemo.prahu-hub.com/order/buatinvoice/1293:2039
[    1213ms] [LOG] nilai_diskon 0 @ https://phbidlautdemo.prahu-hub.com/order/buatinvoice/1293:5846
[    1213ms] [LOG] 9543330 @ https://phbidlautdemo.prahu-hub.com/order/buatinvoice/1293:5847
[    1214ms] [LOG] nilai_diskon 0 @ https://phbidlautdemo.prahu-hub.com/order/buatinvoice/1293:5846
[    1215ms] [LOG] 9543330 @ https://phbidlautdemo.prahu-hub.com/order/buatinvoice/1293:5847
[    1215ms] [LOG] nilai_diskon 0 @ https://phbidlautdemo.prahu-hub.com/order/buatinvoice/1293:5846
[    1216ms] [LOG] 9543330 @ https://phbidlautdemo.prahu-hub.com/order/buatinvoice/1293:5847
[    1216ms] [LOG] nilai_diskon 0 @ https://phbidlautdemo.prahu-hub.com/order/buatinvoice/1293:5846
[    1216ms] [LOG] 9543330 @ https://phbidlautdemo.prahu-hub.com/order/buatinvoice/1293:5847
[    1227ms] [LOG] undefined @ https://phbidlautdemo.prahu-hub.com/order/buatinvoice/1293:7051
[    1227ms] [LOG] undefined @ https://phbidlautdemo.prahu-hub.com/order/buatinvoice/1293:7051
[    1227ms] [LOG] undefined @ https://phbidlautdemo.prahu-hub.com/order/buatinvoice/1293:7051
[    1227ms] [LOG] Masukkan Nama Perusahaan @ https://phbidlautdemo.prahu-hub.com/order/buatinvoice/1293:7051
[    1227ms] [LOG] Masukkan Nomor Telepon @ https://phbidlautdemo.prahu-hub.com/order/buatinvoice/1293:7051
[    1228ms] [LOG] Masukkan Alamat Email @ https://phbidlautdemo.prahu-hub.com/order/buatinvoice/1293:7051
[    1228ms] [LOG] Masukkan Nama Shipper @ https://phbidlautdemo.prahu-hub.com/order/buatinvoice/1293:7051
[    1228ms] [LOG] Masukkan ID Order @ https://phbidlautdemo.prahu-hub.com/order/buatinvoice/1293:7051
[    1228ms] [LOG] Masukkan Nomor Invoice @ https://phbidlautdemo.prahu-hub.com/order/buatinvoice/1293:7051
[    1229ms] [LOG] DD/MM/YYYY @ https://phbidlautdemo.prahu-hub.com/order/buatinvoice/1293:7051
[    1229ms] [LOG] DD/MM/YYYY @ https://phbidlautdemo.prahu-hub.com/order/buatinvoice/1293:7051
[    1229ms] [LOG] Harga @ https://phbidlautdemo.prahu-hub.com/order/buatinvoice/1293:7051
[    1229ms] [LOG] Harga @ https://phbidlautdemo.prahu-hub.com/order/buatinvoice/1293:7051
[    1230ms] [LOG] Harga @ https://phbidlautdemo.prahu-hub.com/order/buatinvoice/1293:7051
[    1230ms] [LOG] Harga @ https://phbidlautdemo.prahu-hub.com/order/buatinvoice/1293:7051
[    1230ms] [LOG] Harga @ https://phbidlautdemo.prahu-hub.com/order/buatinvoice/1293:7051
[    1230ms] [LOG] Harga @ https://phbidlautdemo.prahu-hub.com/order/buatinvoice/1293:7051
[    1230ms] [LOG] 0 @ https://phbidlautdemo.prahu-hub.com/order/buatinvoice/1293:7051
[    1230ms] [LOG] undefined @ https://phbidlautdemo.prahu-hub.com/order/buatinvoice/1293:7051
[    1231ms] [LOG] 0 @ https://phbidlautdemo.prahu-hub.com/order/buatinvoice/1293:7051
[    1231ms] [LOG] undefined @ https://phbidlautdemo.prahu-hub.com/order/buatinvoice/1293:7051
[    1231ms] [LOG] 0 @ https://phbidlautdemo.prahu-hub.com/order/buatinvoice/1293:7051
[    1231ms] [LOG] undefined @ https://phbidlautdemo.prahu-hub.com/order/buatinvoice/1293:7051
[    1231ms] [LOG] undefined @ https://phbidlautdemo.prahu-hub.com/order/buatinvoice/1293:7051
[    1232ms] [LOG] Masukkan Nomor Rekening @ https://phbidlautdemo.prahu-hub.com/order/buatinvoice/1293:7051
[    1232ms] [LOG] Masukkan Nama Bank @ https://phbidlautdemo.prahu-hub.com/order/buatinvoice/1293:7051
[    1232ms] [LOG] Masukkan Nomor Invoice @ https://phbidlautdemo.prahu-hub.com/order/buatinvoice/1293:7051
[    1232ms] [LOG] Masukkan Nomor Rekening @ https://phbidlautdemo.prahu-hub.com/order/buatinvoice/1293:7051
[    1232ms] [LOG] Masukkan Nama Bank @ https://phbidlautdemo.prahu-hub.com/order/buatinvoice/1293:7051
[    1232ms] [LOG] Masukkan Nomor Invoice @ https://phbidlautdemo.prahu-hub.com/order/buatinvoice/1293:7051
[    1233ms] [LOG] undefined @ https://phbidlautdemo.prahu-hub.com/order/buatinvoice/1293:7051
[    1233ms] [LOG] undefined @ https://phbidlautdemo.prahu-hub.com/order/buatinvoice/1293:7051
[    1233ms] [LOG] undefined @ https://phbidlautdemo.prahu-hub.com/order/buatinvoice/1293:7051
[    1234ms] [LOG] WebSocket connection @ https://phbidlautdemo.prahu-hub.com/order/buatinvoice/1293:7094
[    1234ms] [LOG] WebSocket connection attempting... @ https://phbidlautdemo.prahu-hub.com/order/buatinvoice/1293:7172
[    1360ms] [LOG] WebSocket connected @ https://phbidlautdemo.prahu-hub.com/order/buatinvoice/1293:7103
[    1363ms] [LOG] update_dashboard_order_laut @ https://phbidlautdemo.prahu-hub.com/order/buatinvoice/1293:7144
[    1390ms] [LOG] Connected @ https://phbidlautdemo.prahu-hub.com/order/buatinvoice/1293:7144
[    1581ms] [LOG] 200 xhrglobal @ https://phbidlautdemo.prahu-hub.com/order/buatinvoice/1293:7025
[    1721ms] [LOG] 200 xhrglobal @ https://phbidlautdemo.prahu-hub.com/order/buatinvoice/1293:7025
[    3196ms] TypeError: $(...).DataTable is not a function
    at https://phbidlautdemo.prahu-hub.com/_resources/themes/prahutheme/js/scripts-init/tables.js:7:23
