[    1376ms] ReferenceError: dete is not defined
    at https://phbidlautdemo.prahu-hub.com/user/register:3098:5
[    1421ms] [VERBOSE] [DOM] Input elements should have autocomplete attributes (suggested: "new-password"): (More info: https://goo.gl/9p2vKq) %o @ https://phbidlautdemo.prahu-hub.com/user/register:0
[    1422ms] [VERBOSE] [DOM] Input elements should have autocomplete attributes (suggested: "new-password"): (More info: https://goo.gl/9p2vKq) %o @ https://phbidlautdemo.prahu-hub.com/user/register:0
[    1425ms] [LOG] 0 @ https://phbidlautdemo.prahu-hub.com/user/register:3059
[    1425ms] [LOG] undefined scr @ https://phbidlautdemo.prahu-hub.com/user/register:3063
[    1427ms] [LOG] undefined @ https://phbidlautdemo.prahu-hub.com/user/register:3611
[  270490ms] ReferenceError: dete is not defined
    at https://phbidlautdemo.prahu-hub.com/user/register:3098:5
[  270520ms] [VERBOSE] [DOM] Input elements should have autocomplete attributes (suggested: "new-password"): (More info: https://goo.gl/9p2vKq) %o @ https://phbidlautdemo.prahu-hub.com/user/register:0
[  270520ms] [VERBOSE] [DOM] Input elements should have autocomplete attributes (suggested: "new-password"): (More info: https://goo.gl/9p2vKq) %o @ https://phbidlautdemo.prahu-hub.com/user/register:0
[  270521ms] [LOG] 0 @ https://phbidlautdemo.prahu-hub.com/user/register:3059
[  270522ms] [LOG] undefined scr @ https://phbidlautdemo.prahu-hub.com/user/register:3063
[  270522ms] [LOG] undefined @ https://phbidlautdemo.prahu-hub.com/user/register:3611
[  424491ms] [LOG] undefined captcha @ https://phbidlautdemo.prahu-hub.com/user/register:3275
[  424977ms] [LOG] BERHASIL data.pesan @ https://phbidlautdemo.prahu-hub.com/user/register:3303
[  425223ms] ReferenceError: dete is not defined
    at https://phbidlautdemo.prahu-hub.com/user/registerconfirmemail/247:1447:5
[  425243ms] [LOG] undefined @ https://phbidlautdemo.prahu-hub.com/user/registerconfirmemail/247:1739
[  425245ms] [LOG] 0 @ https://phbidlautdemo.prahu-hub.com/user/registerconfirmemail/247:1408
[  425245ms] [LOG] undefined scr @ https://phbidlautdemo.prahu-hub.com/user/registerconfirmemail/247:1412
