[    1257ms] Unexpected token '<'
[    1304ms] Cannot use import statement outside a module
[    1347ms] ReferenceError: Chart is not defined
    at https://phbidlautdemo.prahu-hub.com/_resources/themes/prahutheme/js/scripts-init/charts/chartjs.js:8:13
[    1495ms] Unexpected token '<'
[    1495ms] Unexpected token '<'
[    1552ms] [LOG] ====== @ https://phbidlautdemo.prahu-hub.com/home/tambahharga:5651
[    1552ms] [LOG] includeasal_all @ https://phbidlautdemo.prahu-hub.com/home/tambahharga:5652
[    1552ms] [LOG] centanginclude13 @ https://phbidlautdemo.prahu-hub.com/home/tambahharga:5653
[    1553ms] [LOG]  @ https://phbidlautdemo.prahu-hub.com/home/tambahharga:5654
[    1553ms] [LOG] includeasalnya @ https://phbidlautdemo.prahu-hub.com/home/tambahharga:5655
[    1553ms] [LOG] 9 @ https://phbidlautdemo.prahu-hub.com/home/tambahharga:5656
[    1553ms] [LOG] ====== @ https://phbidlautdemo.prahu-hub.com/home/tambahharga:5657
[    1555ms] [LOG] ====== @ https://phbidlautdemo.prahu-hub.com/home/tambahharga:5651
[    1555ms] [LOG] includeasal_all @ https://phbidlautdemo.prahu-hub.com/home/tambahharga:5652
[    1555ms] [LOG] centanginclude1 @ https://phbidlautdemo.prahu-hub.com/home/tambahharga:5653
[    1555ms] [LOG]  @ https://phbidlautdemo.prahu-hub.com/home/tambahharga:5654
[    1555ms] [LOG] includeasalnya @ https://phbidlautdemo.prahu-hub.com/home/tambahharga:5655
[    1555ms] [LOG] 9 @ https://phbidlautdemo.prahu-hub.com/home/tambahharga:5656
[    1555ms] [LOG] ====== @ https://phbidlautdemo.prahu-hub.com/home/tambahharga:5657
[    1557ms] [LOG] ====== @ https://phbidlautdemo.prahu-hub.com/home/tambahharga:5651
[    1557ms] [LOG] includeasal_all @ https://phbidlautdemo.prahu-hub.com/home/tambahharga:5652
[    1557ms] [LOG] centanginclude14 @ https://phbidlautdemo.prahu-hub.com/home/tambahharga:5653
[    1557ms] [LOG]  @ https://phbidlautdemo.prahu-hub.com/home/tambahharga:5654
[    1557ms] [LOG] includeasalnya @ https://phbidlautdemo.prahu-hub.com/home/tambahharga:5655
[    1557ms] [LOG] 9 @ https://phbidlautdemo.prahu-hub.com/home/tambahharga:5656
[    1557ms] [LOG] ====== @ https://phbidlautdemo.prahu-hub.com/home/tambahharga:5657
[    1558ms] [LOG] ====== @ https://phbidlautdemo.prahu-hub.com/home/tambahharga:5651
[    1559ms] [LOG] includeasal_all @ https://phbidlautdemo.prahu-hub.com/home/tambahharga:5652
[    1559ms] [LOG] centanginclude15 @ https://phbidlautdemo.prahu-hub.com/home/tambahharga:5653
[    1559ms] [LOG]  @ https://phbidlautdemo.prahu-hub.com/home/tambahharga:5654
[    1559ms] [LOG] includeasalnya @ https://phbidlautdemo.prahu-hub.com/home/tambahharga:5655
[    1559ms] [LOG] 9 @ https://phbidlautdemo.prahu-hub.com/home/tambahharga:5656
[    1559ms] [LOG] ====== @ https://phbidlautdemo.prahu-hub.com/home/tambahharga:5657
[    1560ms] [LOG] ====== @ https://phbidlautdemo.prahu-hub.com/home/tambahharga:5651
[    1561ms] [LOG] includeasal_all @ https://phbidlautdemo.prahu-hub.com/home/tambahharga:5652
[    1561ms] [LOG] centanginclude3 @ https://phbidlautdemo.prahu-hub.com/home/tambahharga:5653
[    1561ms] [LOG]  @ https://phbidlautdemo.prahu-hub.com/home/tambahharga:5654
[    1561ms] [LOG] includeasalnya @ https://phbidlautdemo.prahu-hub.com/home/tambahharga:5655
[    1561ms] [LOG] 9 @ https://phbidlautdemo.prahu-hub.com/home/tambahharga:5656
[    1561ms] [LOG] ====== @ https://phbidlautdemo.prahu-hub.com/home/tambahharga:5657
[    1562ms] [LOG] ====== @ https://phbidlautdemo.prahu-hub.com/home/tambahharga:5651
[    1563ms] [LOG] includeasal_all @ https://phbidlautdemo.prahu-hub.com/home/tambahharga:5652
[    1563ms] [LOG] centanginclude2 @ https://phbidlautdemo.prahu-hub.com/home/tambahharga:5653
[    1563ms] [LOG]  @ https://phbidlautdemo.prahu-hub.com/home/tambahharga:5654
[    1563ms] [LOG] includeasalnya @ https://phbidlautdemo.prahu-hub.com/home/tambahharga:5655
[    1563ms] [LOG] 9 @ https://phbidlautdemo.prahu-hub.com/home/tambahharga:5656
[    1563ms] [LOG] ====== @ https://phbidlautdemo.prahu-hub.com/home/tambahharga:5657
[    1564ms] [LOG] ====== @ https://phbidlautdemo.prahu-hub.com/home/tambahharga:5651
[    1565ms] [LOG] includeasal_all @ https://phbidlautdemo.prahu-hub.com/home/tambahharga:5652
[    1565ms] [LOG] centanginclude30 @ https://phbidlautdemo.prahu-hub.com/home/tambahharga:5653
[    1565ms] [LOG]  @ https://phbidlautdemo.prahu-hub.com/home/tambahharga:5654
[    1565ms] [LOG] includeasalnya @ https://phbidlautdemo.prahu-hub.com/home/tambahharga:5655
[    1565ms] [LOG] 9 @ https://phbidlautdemo.prahu-hub.com/home/tambahharga:5656
[    1565ms] [LOG] ====== @ https://phbidlautdemo.prahu-hub.com/home/tambahharga:5657
[    1566ms] [LOG] ====== @ https://phbidlautdemo.prahu-hub.com/home/tambahharga:5651
[    1567ms] [LOG] includeasal_all @ https://phbidlautdemo.prahu-hub.com/home/tambahharga:5652
[    1567ms] [LOG] centanginclude32 @ https://phbidlautdemo.prahu-hub.com/home/tambahharga:5653
[    1567ms] [LOG]  @ https://phbidlautdemo.prahu-hub.com/home/tambahharga:5654
[    1567ms] [LOG] includeasalnya @ https://phbidlautdemo.prahu-hub.com/home/tambahharga:5655
[    1567ms] [LOG] 9 @ https://phbidlautdemo.prahu-hub.com/home/tambahharga:5656
[    1567ms] [LOG] ====== @ https://phbidlautdemo.prahu-hub.com/home/tambahharga:5657
[    1569ms] [LOG] ====== @ https://phbidlautdemo.prahu-hub.com/home/tambahharga:5651
[    1569ms] [LOG] includeasal_all @ https://phbidlautdemo.prahu-hub.com/home/tambahharga:5652
[    1569ms] [LOG] centanginclude33 @ https://phbidlautdemo.prahu-hub.com/home/tambahharga:5653
[    1569ms] [LOG]  @ https://phbidlautdemo.prahu-hub.com/home/tambahharga:5654
[    1569ms] [LOG] includeasalnya @ https://phbidlautdemo.prahu-hub.com/home/tambahharga:5655
[    1569ms] [LOG] 9 @ https://phbidlautdemo.prahu-hub.com/home/tambahharga:5656
[    1569ms] [LOG] ====== @ https://phbidlautdemo.prahu-hub.com/home/tambahharga:5657
[    1571ms] [LOG] ====== @ https://phbidlautdemo.prahu-hub.com/home/tambahharga:5651
[    1571ms] [LOG] includelaut_all @ https://phbidlautdemo.prahu-hub.com/home/tambahharga:5652
[    1571ms] [LOG] centanginclude4 @ https://phbidlautdemo.prahu-hub.com/home/tambahharga:5653
[    1571ms] [LOG]  @ https://phbidlautdemo.prahu-hub.com/home/tambahharga:5654
[    1571ms] [LOG] includelautnya @ https://phbidlautdemo.prahu-hub.com/home/tambahharga:5655
[    1571ms] [LOG] 1 @ https://phbidlautdemo.prahu-hub.com/home/tambahharga:5656
[    1571ms] [LOG] ====== @ https://phbidlautdemo.prahu-hub.com/home/tambahharga:5657
[    1572ms] [LOG] ====== @ https://phbidlautdemo.prahu-hub.com/home/tambahharga:5651
[    1572ms] [LOG] includetujuan_all @ https://phbidlautdemo.prahu-hub.com/home/tambahharga:5652
[    1572ms] [LOG] centanginclude9 @ https://phbidlautdemo.prahu-hub.com/home/tambahharga:5653
[    1572ms] [LOG]  @ https://phbidlautdemo.prahu-hub.com/home/tambahharga:5654
[    1573ms] [LOG] includetujuannya @ https://phbidlautdemo.prahu-hub.com/home/tambahharga:5655
[    1573ms] [LOG] 6 @ https://phbidlautdemo.prahu-hub.com/home/tambahharga:5656
[    1573ms] [LOG] ====== @ https://phbidlautdemo.prahu-hub.com/home/tambahharga:5657
[    1573ms] [LOG] ====== @ https://phbidlautdemo.prahu-hub.com/home/tambahharga:5651
[    1574ms] [LOG] includetujuan_all @ https://phbidlautdemo.prahu-hub.com/home/tambahharga:5652
[    1574ms] [LOG] centanginclude8 @ https://phbidlautdemo.prahu-hub.com/home/tambahharga:5653
[    1574ms] [LOG]  @ https://phbidlautdemo.prahu-hub.com/home/tambahharga:5654
[    1574ms] [LOG] includetujuannya @ https://phbidlautdemo.prahu-hub.com/home/tambahharga:5655
[    1574ms] [LOG] 6 @ https://phbidlautdemo.prahu-hub.com/home/tambahharga:5656
[    1574ms] [LOG] ====== @ https://phbidlautdemo.prahu-hub.com/home/tambahharga:5657
[    1575ms] [LOG] ====== @ https://phbidlautdemo.prahu-hub.com/home/tambahharga:5651
[    1575ms] [LOG] includetujuan_all @ https://phbidlautdemo.prahu-hub.com/home/tambahharga:5652
[    1575ms] [LOG] centanginclude16 @ https://phbidlautdemo.prahu-hub.com/home/tambahharga:5653
[    1575ms] [LOG]  @ https://phbidlautdemo.prahu-hub.com/home/tambahharga:5654
[    1575ms] [LOG] includetujuannya @ https://phbidlautdemo.prahu-hub.com/home/tambahharga:5655
[    1575ms] [LOG] 6 @ https://phbidlautdemo.prahu-hub.com/home/tambahharga:5656
[    1575ms] [LOG] ====== @ https://phbidlautdemo.prahu-hub.com/home/tambahharga:5657
[    1576ms] [LOG] ====== @ https://phbidlautdemo.prahu-hub.com/home/tambahharga:5651
[    1576ms] [LOG] includetujuan_all @ https://phbidlautdemo.prahu-hub.com/home/tambahharga:5652
[    1576ms] [LOG] centanginclude6 @ https://phbidlautdemo.prahu-hub.com/home/tambahharga:5653
[    1576ms] [LOG]  @ https://phbidlautdemo.prahu-hub.com/home/tambahharga:5654
[    1576ms] [LOG] includetujuannya @ https://phbidlautdemo.prahu-hub.com/home/tambahharga:5655
[    1576ms] [LOG] 6 @ https://phbidlautdemo.prahu-hub.com/home/tambahharga:5656
[    1576ms] [LOG] ====== @ https://phbidlautdemo.prahu-hub.com/home/tambahharga:5657
[    1577ms] [LOG] ====== @ https://phbidlautdemo.prahu-hub.com/home/tambahharga:5651
[    1577ms] [LOG] includetujuan_all @ https://phbidlautdemo.prahu-hub.com/home/tambahharga:5652
[    1577ms] [LOG] centanginclude7 @ https://phbidlautdemo.prahu-hub.com/home/tambahharga:5653
[    1577ms] [LOG]  @ https://phbidlautdemo.prahu-hub.com/home/tambahharga:5654
[    1578ms] [LOG] includetujuannya @ https://phbidlautdemo.prahu-hub.com/home/tambahharga:5655
[    1578ms] [LOG] 6 @ https://phbidlautdemo.prahu-hub.com/home/tambahharga:5656
[    1578ms] [LOG] ====== @ https://phbidlautdemo.prahu-hub.com/home/tambahharga:5657
[    1578ms] [LOG] ====== @ https://phbidlautdemo.prahu-hub.com/home/tambahharga:5651
[    1579ms] [LOG] includetujuan_all @ https://phbidlautdemo.prahu-hub.com/home/tambahharga:5652
[    1579ms] [LOG] centanginclude31 @ https://phbidlautdemo.prahu-hub.com/home/tambahharga:5653
[    1579ms] [LOG]  @ https://phbidlautdemo.prahu-hub.com/home/tambahharga:5654
[    1579ms] [LOG] includetujuannya @ https://phbidlautdemo.prahu-hub.com/home/tambahharga:5655
[    1579ms] [LOG] 6 @ https://phbidlautdemo.prahu-hub.com/home/tambahharga:5656
[    1579ms] [LOG] ====== @ https://phbidlautdemo.prahu-hub.com/home/tambahharga:5657
[    1580ms] [LOG] ====== @ https://phbidlautdemo.prahu-hub.com/home/tambahharga:5651
[    1580ms] [LOG] includelain_all @ https://phbidlautdemo.prahu-hub.com/home/tambahharga:5652
[    1580ms] [LOG] centanginclude11 @ https://phbidlautdemo.prahu-hub.com/home/tambahharga:5653
[    1580ms] [LOG]  @ https://phbidlautdemo.prahu-hub.com/home/tambahharga:5654
[    1580ms] [LOG] includelainnya @ https://phbidlautdemo.prahu-hub.com/home/tambahharga:5655
[    1580ms] [LOG] 1 @ https://phbidlautdemo.prahu-hub.com/home/tambahharga:5656
[    1580ms] [LOG] ====== @ https://phbidlautdemo.prahu-hub.com/home/tambahharga:5657
[    1621ms] Uncaught TypeError: expect element to be DOM Element, but got null
    at <anonymous> (https://cdnjs.cloudflare.com/ajax/libs/smooth-scrollbar/8.5.2/smooth-scrollbar.js:24:264)
    at <anonymous> (https://phbidlautdemo.prahu-hub.com/home/tambahharga:7519:14)
[    1704ms] [LOG] Harganamanya @ https://phbidlautdemo.prahu-hub.com/home/tambahharga:2039
[    1762ms] [LOG] Masukkan Harga Penawaran @ https://phbidlautdemo.prahu-hub.com/home/tambahharga:7872
[    1762ms] [LOG] 0 @ https://phbidlautdemo.prahu-hub.com/home/tambahharga:7872
[    1762ms] [LOG] 0 @ https://phbidlautdemo.prahu-hub.com/home/tambahharga:7872
[    1762ms] [LOG] DD/MM/YYYY @ https://phbidlautdemo.prahu-hub.com/home/tambahharga:7872
[    1763ms] [LOG] undefined @ https://phbidlautdemo.prahu-hub.com/home/tambahharga:7872
[    1763ms] [LOG] undefined @ https://phbidlautdemo.prahu-hub.com/home/tambahharga:7872
[    1763ms] [LOG] undefined @ https://phbidlautdemo.prahu-hub.com/home/tambahharga:7872
[    1763ms] [LOG] undefined @ https://phbidlautdemo.prahu-hub.com/home/tambahharga:7872
[    1763ms] [LOG] undefined @ https://phbidlautdemo.prahu-hub.com/home/tambahharga:7872
[    1764ms] [LOG] undefined @ https://phbidlautdemo.prahu-hub.com/home/tambahharga:7872
[    1764ms] [LOG] undefined @ https://phbidlautdemo.prahu-hub.com/home/tambahharga:7872
[    1764ms] [LOG] undefined @ https://phbidlautdemo.prahu-hub.com/home/tambahharga:7872
[    1764ms] [LOG] undefined @ https://phbidlautdemo.prahu-hub.com/home/tambahharga:7872
[    1764ms] [LOG] undefined @ https://phbidlautdemo.prahu-hub.com/home/tambahharga:7872
[    1764ms] [LOG] undefined @ https://phbidlautdemo.prahu-hub.com/home/tambahharga:7872
[    1765ms] [LOG] undefined @ https://phbidlautdemo.prahu-hub.com/home/tambahharga:7872
[    1765ms] [LOG] undefined @ https://phbidlautdemo.prahu-hub.com/home/tambahharga:7872
[    1766ms] [LOG] undefined @ https://phbidlautdemo.prahu-hub.com/home/tambahharga:7872
[    1766ms] [LOG] undefined @ https://phbidlautdemo.prahu-hub.com/home/tambahharga:7872
[    1766ms] [LOG] undefined @ https://phbidlautdemo.prahu-hub.com/home/tambahharga:7872
[    1766ms] [LOG] undefined @ https://phbidlautdemo.prahu-hub.com/home/tambahharga:7872
[    1766ms] [LOG] undefined @ https://phbidlautdemo.prahu-hub.com/home/tambahharga:7872
[    1766ms] [LOG] undefined @ https://phbidlautdemo.prahu-hub.com/home/tambahharga:7872
[    1767ms] [LOG] undefined @ https://phbidlautdemo.prahu-hub.com/home/tambahharga:7872
[    1767ms] [LOG] undefined @ https://phbidlautdemo.prahu-hub.com/home/tambahharga:7872
[    1768ms] [LOG] WebSocket connection @ https://phbidlautdemo.prahu-hub.com/home/tambahharga:7915
[    1769ms] [LOG] WebSocket connection attempting... @ https://phbidlautdemo.prahu-hub.com/home/tambahharga:7993
[    2148ms] [LOG] WebSocket connected @ https://phbidlautdemo.prahu-hub.com/home/tambahharga:7924
[    2153ms] [LOG] update_dashboard_order_laut @ https://phbidlautdemo.prahu-hub.com/home/tambahharga:7965
[    2187ms] [LOG] Connected @ https://phbidlautdemo.prahu-hub.com/home/tambahharga:7965
[    2334ms] [LOG] 200 xhrglobal @ https://phbidlautdemo.prahu-hub.com/home/tambahharga:7846
[    2387ms] [LOG] 200 xhrglobal @ https://phbidlautdemo.prahu-hub.com/home/tambahharga:7846
[    3719ms] TypeError: $(...).DataTable is not a function
    at https://phbidlautdemo.prahu-hub.com/_resources/themes/prahutheme/js/scripts-init/tables.js:7:23
[    9925ms] [LOG] 1 aam @ https://phbidlautdemo.prahu-hub.com/home/tambahharga:6882
[    9925ms] [LOG] 1 @ https://phbidlautdemo.prahu-hub.com/home/tambahharga:6883
[    9932ms] [LOG] 1 aam @ https://phbidlautdemo.prahu-hub.com/home/tambahharga:6882
[    9932ms] [LOG] 1 @ https://phbidlautdemo.prahu-hub.com/home/tambahharga:6883
[   11469ms] [LOG] 1 aam @ https://phbidlautdemo.prahu-hub.com/home/tambahharga:6882
[   11469ms] [LOG] 1 @ https://phbidlautdemo.prahu-hub.com/home/tambahharga:6883
[   11481ms] [LOG] 15 aam @ https://phbidlautdemo.prahu-hub.com/home/tambahharga:6882
[   11481ms] [LOG] 15 @ https://phbidlautdemo.prahu-hub.com/home/tambahharga:6883
[   13168ms] [LOG] 2 aam @ https://phbidlautdemo.prahu-hub.com/home/tambahharga:6882
[   13169ms] [LOG] 2 @ https://phbidlautdemo.prahu-hub.com/home/tambahharga:6883
