[     960ms] Cannot use import statement outside a module
[     995ms] ReferenceError: Chart is not defined
    at https://phbidlautdemo.prahu-hub.com/_resources/themes/prahutheme/js/scripts-init/charts/chartjs.js:8:13
[    1179ms] Unexpected token '<'
[    1180ms] Unexpected token '<'
[    1263ms] Uncaught TypeError: expect element to be DOM Element, but got null
    at <anonymous> (https://cdnjs.cloudflare.com/ajax/libs/smooth-scrollbar/8.5.2/smooth-scrollbar.js:24:264)
    at <anonymous> (https://phbidlautdemo.prahu-hub.com/home/history_lelang:5505:14)
[    1285ms] [LOG] Laporannamanya @ https://phbidlautdemo.prahu-hub.com/home/history_lelang:2039
[    1316ms] [LOG] DD/MM/YYYY @ https://phbidlautdemo.prahu-hub.com/home/history_lelang:5858
[    1316ms] [LOG] DD/MM/YYYY @ https://phbidlautdemo.prahu-hub.com/home/history_lelang:5858
[    1317ms] [LOG] undefined @ https://phbidlautdemo.prahu-hub.com/home/history_lelang:5858
[    1318ms] [LOG] WebSocket connection @ https://phbidlautdemo.prahu-hub.com/home/history_lelang:5901
[    1319ms] [LOG] WebSocket connection attempting... @ https://phbidlautdemo.prahu-hub.com/home/history_lelang:5979
[    1522ms] [LOG] WebSocket connected @ https://phbidlautdemo.prahu-hub.com/home/history_lelang:5910
[    1525ms] [LOG] update_dashboard_order_laut @ https://phbidlautdemo.prahu-hub.com/home/history_lelang:5951
[    1556ms] [LOG] Connected @ https://phbidlautdemo.prahu-hub.com/home/history_lelang:5951
[    1702ms] [LOG] 200 xhrglobal @ https://phbidlautdemo.prahu-hub.com/home/history_lelang:5832
[    1753ms] [LOG] 200 xhrglobal @ https://phbidlautdemo.prahu-hub.com/home/history_lelang:5832
[    3309ms] TypeError: $(...).DataTable is not a function
    at https://phbidlautdemo.prahu-hub.com/_resources/themes/prahutheme/js/scripts-init/tables.js:7:23
[   21808ms] [LOG] 01/06/2026 @ https://phbidlautdemo.prahu-hub.com/home/history_lelang:5056
[   21808ms] [LOG] 29/08/2026 @ https://phbidlautdemo.prahu-hub.com/home/history_lelang:5057
[   22890ms] Cannot use import statement outside a module
[   22956ms] ReferenceError: Chart is not defined
    at https://phbidlautdemo.prahu-hub.com/_resources/themes/prahutheme/js/scripts-init/charts/chartjs.js:8:13
[   22990ms] Unexpected token '<'
[   23107ms] Unexpected token '<'
[   23188ms] Uncaught TypeError: expect element to be DOM Element, but got null
    at <anonymous> (https://cdnjs.cloudflare.com/ajax/libs/smooth-scrollbar/8.5.2/smooth-scrollbar.js:24:264)
    at <anonymous> (https://phbidlautdemo.prahu-hub.com/home/history_lelang?tgl_awal=01%2F06%2F2026&tgl_akhir=29%2F08%2F2026&status_filter=1&BidOwnerID=123:5612:14)
[   23218ms] [LOG] Laporannamanya @ https://phbidlautdemo.prahu-hub.com/home/history_lelang?tgl_awal=01%2F06%2F2026&tgl_akhir=29%2F08%2F2026&status_filter=1&BidOwnerID=123:2040
[   23247ms] [LOG] DD/MM/YYYY @ https://phbidlautdemo.prahu-hub.com/home/history_lelang?tgl_awal=01%2F06%2F2026&tgl_akhir=29%2F08%2F2026&status_filter=1&BidOwnerID=123:5965
[   23247ms] [LOG] DD/MM/YYYY @ https://phbidlautdemo.prahu-hub.com/home/history_lelang?tgl_awal=01%2F06%2F2026&tgl_akhir=29%2F08%2F2026&status_filter=1&BidOwnerID=123:5965
[   23248ms] [LOG] undefined @ https://phbidlautdemo.prahu-hub.com/home/history_lelang?tgl_awal=01%2F06%2F2026&tgl_akhir=29%2F08%2F2026&status_filter=1&BidOwnerID=123:5965
[   23249ms] [LOG] WebSocket connection @ https://phbidlautdemo.prahu-hub.com/home/history_lelang?tgl_awal=01%2F06%2F2026&tgl_akhir=29%2F08%2F2026&status_filter=1&BidOwnerID=123:6008
[   23250ms] [LOG] WebSocket connection attempting... @ https://phbidlautdemo.prahu-hub.com/home/history_lelang?tgl_awal=01%2F06%2F2026&tgl_akhir=29%2F08%2F2026&status_filter=1&BidOwnerID=123:6086
[   23408ms] [LOG] 200 xhrglobal @ https://phbidlautdemo.prahu-hub.com/home/history_lelang?tgl_awal=01%2F06%2F2026&tgl_akhir=29%2F08%2F2026&status_filter=1&BidOwnerID=123:5939
[   23430ms] ReferenceError: renderTooltipHarga is not defined
    at https://phbidlautdemo.prahu-hub.com/_resources/themes/prahutheme/javascript/custom/history_lelang.js?m=1787972929:445:9
[   23420ms] [LOG] WebSocket connected @ https://phbidlautdemo.prahu-hub.com/home/history_lelang?tgl_awal=01%2F06%2F2026&tgl_akhir=29%2F08%2F2026&status_filter=1&BidOwnerID=123:6017
[   23427ms] [LOG] update_dashboard_order_laut @ https://phbidlautdemo.prahu-hub.com/home/history_lelang?tgl_awal=01%2F06%2F2026&tgl_akhir=29%2F08%2F2026&status_filter=1&BidOwnerID=123:6058
[   23454ms] [LOG] Connected @ https://phbidlautdemo.prahu-hub.com/home/history_lelang?tgl_awal=01%2F06%2F2026&tgl_akhir=29%2F08%2F2026&status_filter=1&BidOwnerID=123:6058
[   23613ms] [LOG] 200 xhrglobal @ https://phbidlautdemo.prahu-hub.com/home/history_lelang?tgl_awal=01%2F06%2F2026&tgl_akhir=29%2F08%2F2026&status_filter=1&BidOwnerID=123:5939
[   23664ms] [LOG] 200 xhrglobal @ https://phbidlautdemo.prahu-hub.com/home/history_lelang?tgl_awal=01%2F06%2F2026&tgl_akhir=29%2F08%2F2026&status_filter=1&BidOwnerID=123:5939
[   25229ms] TypeError: $(...).DataTable is not a function
    at https://phbidlautdemo.prahu-hub.com/_resources/themes/prahutheme/js/scripts-init/tables.js:7:23
