[     951ms] Cannot use import statement outside a module
[     990ms] ReferenceError: Chart is not defined
    at https://phbidlautdemo.prahu-hub.com/_resources/themes/prahutheme/js/scripts-init/charts/chartjs.js:8:13
[    1173ms] Unexpected token '<'
[    1178ms] Unexpected token '<'
[    1228ms] Uncaught TypeError: expect element to be DOM Element, but got null
    at n.init (https://cdnjs.cloudflare.com/ajax/libs/smooth-scrollbar/8.5.2/smooth-scrollbar.js:24:264)
    at <anonymous> (https://phbidlautdemo.prahu-hub.com/lelang/pengajuannego:5801:14)
[    1257ms] [LOG] NEGOnamanya @ https://phbidlautdemo.prahu-hub.com/lelang/pengajuannego:1877
[    1262ms] [LOG] undefined @ https://phbidlautdemo.prahu-hub.com/lelang/pengajuannego:6153
[    1262ms] [LOG] Masukkan Nomor Lelang @ https://phbidlautdemo.prahu-hub.com/lelang/pengajuannego:6153
[    1262ms] [LOG] Masukkan Nama Transporter @ https://phbidlautdemo.prahu-hub.com/lelang/pengajuannego:6153
[    1262ms] [LOG] Harga Awal @ https://phbidlautdemo.prahu-hub.com/lelang/pengajuannego:6153
[    1263ms] [LOG] DD/MM/YYYY @ https://phbidlautdemo.prahu-hub.com/lelang/pengajuannego:6153
[    1263ms] [LOG] DD/MM/YYYY @ https://phbidlautdemo.prahu-hub.com/lelang/pengajuannego:6153
[    1263ms] [LOG] Harga Awal @ https://phbidlautdemo.prahu-hub.com/lelang/pengajuannego:6153
[    1263ms] [LOG] Masukkan Nego Harga @ https://phbidlautdemo.prahu-hub.com/lelang/pengajuannego:6153
[    1263ms] [LOG] Masukkan Harga Baru @ https://phbidlautdemo.prahu-hub.com/lelang/pengajuannego:6153
[    1263ms] [LOG] Masukkan Jumlah Nego @ https://phbidlautdemo.prahu-hub.com/lelang/pengajuannego:6153
[    1264ms] [LOG] WebSocket connection @ https://phbidlautdemo.prahu-hub.com/lelang/pengajuannego:6196
[    1265ms] [LOG] WebSocket connection attempting... @ https://phbidlautdemo.prahu-hub.com/lelang/pengajuannego:6274
[    1367ms] [LOG] WebSocket connected @ https://phbidlautdemo.prahu-hub.com/lelang/pengajuannego:6205
[    1370ms] [LOG] update_dashboard_order_laut @ https://phbidlautdemo.prahu-hub.com/lelang/pengajuannego:6246
[    1393ms] [LOG] Connected @ https://phbidlautdemo.prahu-hub.com/lelang/pengajuannego:6246
[    3155ms] [LOG] 200 xhrglobal @ https://phbidlautdemo.prahu-hub.com/lelang/pengajuannego:6127
[    3239ms] [LOG] 200 xhrglobal @ https://phbidlautdemo.prahu-hub.com/lelang/pengajuannego:6127
[    3266ms] TypeError: $(...).DataTable is not a function
    at https://phbidlautdemo.prahu-hub.com/_resources/themes/prahutheme/js/scripts-init/tables.js:7:23
[    3309ms] [LOG] 200 xhrglobal @ https://phbidlautdemo.prahu-hub.com/lelang/pengajuannego:6127
[    6982ms] [LOG] Connected @ https://phbidlautdemo.prahu-hub.com/lelang/pengajuannego:6246
[    7167ms] [LOG] Connected @ https://phbidlautdemo.prahu-hub.com/lelang/pengajuannego:6246
[    7282ms] [LOG] Connected @ https://phbidlautdemo.prahu-hub.com/lelang/pengajuannego:6246
[    9152ms] [LOG] Connected @ https://phbidlautdemo.prahu-hub.com/lelang/pengajuannego:6246
[   46646ms] [LOG] Connected @ https://phbidlautdemo.prahu-hub.com/lelang/pengajuannego:6246
[   50020ms] [LOG] Connected @ https://phbidlautdemo.prahu-hub.com/lelang/pengajuannego:6246
[   96446ms] [LOG] Connected @ https://phbidlautdemo.prahu-hub.com/lelang/pengajuannego:6246
[  115444ms] [LOG] Connected @ https://phbidlautdemo.prahu-hub.com/lelang/pengajuannego:6246
[  146944ms] [LOG] Connected @ https://phbidlautdemo.prahu-hub.com/lelang/pengajuannego:6246
[  148523ms] [LOG] Connected @ https://phbidlautdemo.prahu-hub.com/lelang/pengajuannego:6246
[  150828ms] [LOG] Connected @ https://phbidlautdemo.prahu-hub.com/lelang/pengajuannego:6246
[  209274ms] [LOG] Connected @ https://phbidlautdemo.prahu-hub.com/lelang/pengajuannego:6246
[  243810ms] [LOG] Connected @ https://phbidlautdemo.prahu-hub.com/lelang/pengajuannego:6246
[  264226ms] [LOG] Connected @ https://phbidlautdemo.prahu-hub.com/lelang/pengajuannego:6246
[  276528ms] [LOG] Connected @ https://phbidlautdemo.prahu-hub.com/lelang/pengajuannego:6246
[  277461ms] [LOG] Connected @ https://phbidlautdemo.prahu-hub.com/lelang/pengajuannego:6246
[  278485ms] [LOG] Connected @ https://phbidlautdemo.prahu-hub.com/lelang/pengajuannego:6246
[  305192ms] [LOG] notif_badge_hide.901-858-787-935-914-906-900-876-856-820-796-795-783-764-704-689-688-685-642-641-640-639-638-635-634-633-632-631-629-628-627-626-625-624-623-622-621-614-459-325-23 @ https://phbidlautdemo.prahu-hub.com/lelang/pengajuannego:6246
[  305195ms] [LOG] updateNotif.901-858-787-935-914-906-900-876-856-820-796-795-783-764-704-689-688-685-642-641-640-639-638-635-634-633-632-631-629-628-627-626-625-624-623-622-621-614-459-325-23 @ https://phbidlautdemo.prahu-hub.com/lelang/pengajuannego:6246
[  305237ms] [LOG] update_dashboard_order_laut @ https://phbidlautdemo.prahu-hub.com/lelang/pengajuannego:6246
[  311817ms] [LOG] Connected @ https://phbidlautdemo.prahu-hub.com/lelang/pengajuannego:6246
[  311931ms] [LOG] Connected @ https://phbidlautdemo.prahu-hub.com/lelang/pengajuannego:6246
[  312560ms] [LOG] Connected @ https://phbidlautdemo.prahu-hub.com/lelang/pengajuannego:6246
[  325584ms] [LOG] updateNotif.901-858-787-935-914-906-900-876-856-820-796-795-783-764-704-689-688-685-642-641-640-639-638-635-634-633-632-631-629-628-627-626-625-624-623-622-621-614-459-325-23 @ https://phbidlautdemo.prahu-hub.com/lelang/pengajuannego:6246
[  325601ms] [LOG] notif_badge_hide.901-858-787-935-914-906-900-876-856-820-796-795-783-764-704-689-688-685-642-641-640-639-638-635-634-633-632-631-629-628-627-626-625-624-623-622-621-614-459-325-23 @ https://phbidlautdemo.prahu-hub.com/lelang/pengajuannego:6246
[  325647ms] [LOG] update_dashboard_order_laut @ https://phbidlautdemo.prahu-hub.com/lelang/pengajuannego:6246
[  329819ms] [LOG] Connected @ https://phbidlautdemo.prahu-hub.com/lelang/pengajuannego:6246
[  338793ms] [LOG] Connected @ https://phbidlautdemo.prahu-hub.com/lelang/pengajuannego:6246
[  345248ms] [LOG] Connected @ https://phbidlautdemo.prahu-hub.com/lelang/pengajuannego:6246
[  356170ms] [LOG] Connected @ https://phbidlautdemo.prahu-hub.com/lelang/pengajuannego:6246
[  362485ms] [LOG] updateNotif.901-858-787-935-914-906-900-876-856-820-796-795-783-764-704-689-688-685-642-641-640-639-638-635-634-633-632-631-629-628-627-626-625-624-623-622-621-614-459-325-23 @ https://phbidlautdemo.prahu-hub.com/lelang/pengajuannego:6246
[  362574ms] [LOG] update_dashboard_order_laut @ https://phbidlautdemo.prahu-hub.com/lelang/pengajuannego:6246
[  362943ms] [LOG] Connected @ https://phbidlautdemo.prahu-hub.com/lelang/pengajuannego:6246
[  363230ms] [LOG] notif_badge_hide.901-858-787-935-914-906-900-876-856-820-796-795-783-764-704-689-688-685-642-641-640-639-638-635-634-633-632-631-629-628-627-626-625-624-623-622-621-614-459-325-23 @ https://phbidlautdemo.prahu-hub.com/lelang/pengajuannego:6246
[  365759ms] [LOG] Connected @ https://phbidlautdemo.prahu-hub.com/lelang/pengajuannego:6246
[  365887ms] [LOG] Connected @ https://phbidlautdemo.prahu-hub.com/lelang/pengajuannego:6246
[  376067ms] [LOG] updateNotif.901-858-787-935-914-906-900-876-856-820-796-795-783-764-704-689-688-685-642-641-640-639-638-635-634-633-632-631-629-628-627-626-625-624-623-622-621-614-459-325-23 @ https://phbidlautdemo.prahu-hub.com/lelang/pengajuannego:6246
[  376068ms] [LOG] notif_badge_hide.901-858-787-935-914-906-900-876-856-820-796-795-783-764-704-689-688-685-642-641-640-639-638-635-634-633-632-631-629-628-627-626-625-624-623-622-621-614-459-325-23 @ https://phbidlautdemo.prahu-hub.com/lelang/pengajuannego:6246
[  376068ms] [LOG] update_dashboard_order_laut @ https://phbidlautdemo.prahu-hub.com/lelang/pengajuannego:6246
[  378859ms] [LOG] Connected @ https://phbidlautdemo.prahu-hub.com/lelang/pengajuannego:6246
[  388934ms] [LOG] Connected @ https://phbidlautdemo.prahu-hub.com/lelang/pengajuannego:6246
[  407171ms] [LOG] updateNotif.901-858-787-935-914-906-900-876-856-820-796-795-783-764-704-689-688-685-642-641-640-639-638-635-634-633-632-631-629-628-627-626-625-624-623-622-621-614-459-325-23 @ https://phbidlautdemo.prahu-hub.com/lelang/pengajuannego:6246
[  407200ms] [LOG] notif_badge_hide.901-858-787-935-914-906-900-876-856-820-796-795-783-764-704-689-688-685-642-641-640-639-638-635-634-633-632-631-629-628-627-626-625-624-623-622-621-614-459-325-23 @ https://phbidlautdemo.prahu-hub.com/lelang/pengajuannego:6246
[  407796ms] [LOG] update_dashboard_order_laut @ https://phbidlautdemo.prahu-hub.com/lelang/pengajuannego:6246
[  412291ms] [LOG] Connected @ https://phbidlautdemo.prahu-hub.com/lelang/pengajuannego:6246
[  423452ms] [LOG] updateNotif.901-858-787-935-914-906-900-876-856-820-796-795-783-764-704-689-688-685-642-641-640-639-638-635-634-633-632-631-629-628-627-626-625-624-623-622-621-614-459-325-23 @ https://phbidlautdemo.prahu-hub.com/lelang/pengajuannego:6246
[  423478ms] [LOG] notif_badge_hide.901-858-787-935-914-906-900-876-856-820-796-795-783-764-704-689-688-685-642-641-640-639-638-635-634-633-632-631-629-628-627-626-625-624-623-622-621-614-459-325-23 @ https://phbidlautdemo.prahu-hub.com/lelang/pengajuannego:6246
[  423490ms] [LOG] update_dashboard_order_laut @ https://phbidlautdemo.prahu-hub.com/lelang/pengajuannego:6246
[  436934ms] [LOG] Connected @ https://phbidlautdemo.prahu-hub.com/lelang/pengajuannego:6246
[  441866ms] [LOG] Connected @ https://phbidlautdemo.prahu-hub.com/lelang/pengajuannego:6246
[  452512ms] [LOG] update_dashboard_order_laut @ https://phbidlautdemo.prahu-hub.com/lelang/pengajuannego:6246
[  452514ms] [LOG] notif_badge_hide.901-858-787-935-914-906-900-876-856-820-796-795-783-764-704-689-688-685-642-641-640-639-638-635-634-633-632-631-629-628-627-626-625-624-623-622-621-614-459-325-23 @ https://phbidlautdemo.prahu-hub.com/lelang/pengajuannego:6246
[  452515ms] [LOG] updateNotif.901-858-787-935-914-906-900-876-856-820-796-795-783-764-704-689-688-685-642-641-640-639-638-635-634-633-632-631-629-628-627-626-625-624-623-622-621-614-459-325-23 @ https://phbidlautdemo.prahu-hub.com/lelang/pengajuannego:6246
[  465425ms] [LOG] updateNotif.901-858-787-935-914-906-900-876-856-820-796-795-783-764-704-689-688-685-642-641-640-639-638-635-634-633-632-631-629-628-627-626-625-624-623-622-621-614-459-325-23 @ https://phbidlautdemo.prahu-hub.com/lelang/pengajuannego:6246
[  465430ms] [LOG] notif_badge_hide.901-858-787-935-914-906-900-876-856-820-796-795-783-764-704-689-688-685-642-641-640-639-638-635-634-633-632-631-629-628-627-626-625-624-623-622-621-614-459-325-23 @ https://phbidlautdemo.prahu-hub.com/lelang/pengajuannego:6246
[  465439ms] [LOG] update_dashboard_order_laut @ https://phbidlautdemo.prahu-hub.com/lelang/pengajuannego:6246
[  482939ms] [LOG] Connected @ https://phbidlautdemo.prahu-hub.com/lelang/pengajuannego:6246
[  496529ms] [LOG] Connected @ https://phbidlautdemo.prahu-hub.com/lelang/pengajuannego:6246
[  496564ms] [LOG] Connected @ https://phbidlautdemo.prahu-hub.com/lelang/pengajuannego:6246
[  501735ms] [LOG] Connected @ https://phbidlautdemo.prahu-hub.com/lelang/pengajuannego:6246
[  501905ms] [LOG] Connected @ https://phbidlautdemo.prahu-hub.com/lelang/pengajuannego:6246
[  502187ms] [LOG] Connected @ https://phbidlautdemo.prahu-hub.com/lelang/pengajuannego:6246
[  505436ms] [LOG] Connected @ https://phbidlautdemo.prahu-hub.com/lelang/pengajuannego:6246
[  508404ms] [LOG] Connected @ https://phbidlautdemo.prahu-hub.com/lelang/pengajuannego:6246
[  510562ms] [LOG] Connected @ https://phbidlautdemo.prahu-hub.com/lelang/pengajuannego:6246
[  517717ms] [LOG] Connected @ https://phbidlautdemo.prahu-hub.com/lelang/pengajuannego:6246
[  517901ms] [LOG] Connected @ https://phbidlautdemo.prahu-hub.com/lelang/pengajuannego:6246
[  522771ms] [LOG] Connected @ https://phbidlautdemo.prahu-hub.com/lelang/pengajuannego:6246
[  525605ms] [LOG] Connected @ https://phbidlautdemo.prahu-hub.com/lelang/pengajuannego:6246
[  525904ms] [LOG] Connected @ https://phbidlautdemo.prahu-hub.com/lelang/pengajuannego:6246
[  531133ms] [LOG] Connected @ https://phbidlautdemo.prahu-hub.com/lelang/pengajuannego:6246
[  532539ms] [LOG] Connected @ https://phbidlautdemo.prahu-hub.com/lelang/pengajuannego:6246
[  537130ms] [LOG] Connected @ https://phbidlautdemo.prahu-hub.com/lelang/pengajuannego:6246
[  539479ms] [LOG] Connected @ https://phbidlautdemo.prahu-hub.com/lelang/pengajuannego:6246
[  545271ms] [LOG] Connected @ https://phbidlautdemo.prahu-hub.com/lelang/pengajuannego:6246
[  564801ms] [LOG] Connected @ https://phbidlautdemo.prahu-hub.com/lelang/pengajuannego:6246
[  575256ms] [LOG] Connected @ https://phbidlautdemo.prahu-hub.com/lelang/pengajuannego:6246
[  575357ms] [LOG] Connected @ https://phbidlautdemo.prahu-hub.com/lelang/pengajuannego:6246
[  575488ms] [LOG] Connected @ https://phbidlautdemo.prahu-hub.com/lelang/pengajuannego:6246
[  646662ms] [LOG] Connected @ https://phbidlautdemo.prahu-hub.com/lelang/pengajuannego:6246
[  654560ms] [LOG] Connected @ https://phbidlautdemo.prahu-hub.com/lelang/pengajuannego:6246
[  655715ms] [LOG] Connected @ https://phbidlautdemo.prahu-hub.com/lelang/pengajuannego:6246
[  658805ms] [LOG] Connected @ https://phbidlautdemo.prahu-hub.com/lelang/pengajuannego:6246
[  660454ms] [LOG] Connected @ https://phbidlautdemo.prahu-hub.com/lelang/pengajuannego:6246
[  666362ms] [LOG] Connected @ https://phbidlautdemo.prahu-hub.com/lelang/pengajuannego:6246
[  666501ms] [LOG] Connected @ https://phbidlautdemo.prahu-hub.com/lelang/pengajuannego:6246
[  670740ms] [LOG] Connected @ https://phbidlautdemo.prahu-hub.com/lelang/pengajuannego:6246
[  671441ms] [LOG] Connected @ https://phbidlautdemo.prahu-hub.com/lelang/pengajuannego:6246
[  675805ms] [LOG] Connected @ https://phbidlautdemo.prahu-hub.com/lelang/pengajuannego:6246
[  676393ms] [LOG] Connected @ https://phbidlautdemo.prahu-hub.com/lelang/pengajuannego:6246
[  678136ms] [LOG] Connected @ https://phbidlautdemo.prahu-hub.com/lelang/pengajuannego:6246
[  681221ms] [LOG] Connected @ https://phbidlautdemo.prahu-hub.com/lelang/pengajuannego:6246
[  683453ms] [LOG] Connected @ https://phbidlautdemo.prahu-hub.com/lelang/pengajuannego:6246
[  683789ms] [LOG] Connected @ https://phbidlautdemo.prahu-hub.com/lelang/pengajuannego:6246
[  685754ms] [LOG] Connected @ https://phbidlautdemo.prahu-hub.com/lelang/pengajuannego:6246
[  688878ms] [LOG] Connected @ https://phbidlautdemo.prahu-hub.com/lelang/pengajuannego:6246
[  691459ms] [LOG] Connected @ https://phbidlautdemo.prahu-hub.com/lelang/pengajuannego:6246
[  693251ms] [LOG] Connected @ https://phbidlautdemo.prahu-hub.com/lelang/pengajuannego:6246
[  703632ms] [LOG] Connected @ https://phbidlautdemo.prahu-hub.com/lelang/pengajuannego:6246
[  708260ms] [LOG] Connected @ https://phbidlautdemo.prahu-hub.com/lelang/pengajuannego:6246
[  732895ms] [LOG] Connected @ https://phbidlautdemo.prahu-hub.com/lelang/pengajuannego:6246
[  736358ms] [LOG] Connected @ https://phbidlautdemo.prahu-hub.com/lelang/pengajuannego:6246
[  737163ms] [LOG] Connected @ https://phbidlautdemo.prahu-hub.com/lelang/pengajuannego:6246
[  740616ms] [LOG] Connected @ https://phbidlautdemo.prahu-hub.com/lelang/pengajuannego:6246
[  741933ms] [LOG] Connected @ https://phbidlautdemo.prahu-hub.com/lelang/pengajuannego:6246
[  745439ms] [LOG] Connected @ https://phbidlautdemo.prahu-hub.com/lelang/pengajuannego:6246
[  751497ms] [LOG] Connected @ https://phbidlautdemo.prahu-hub.com/lelang/pengajuannego:6246
[  753024ms] [LOG] Connected @ https://phbidlautdemo.prahu-hub.com/lelang/pengajuannego:6246
[  759573ms] [LOG] Connected @ https://phbidlautdemo.prahu-hub.com/lelang/pengajuannego:6246
[  761537ms] [LOG] Connected @ https://phbidlautdemo.prahu-hub.com/lelang/pengajuannego:6246
[  766942ms] [LOG] Connected @ https://phbidlautdemo.prahu-hub.com/lelang/pengajuannego:6246
[  814676ms] [LOG] Connected @ https://phbidlautdemo.prahu-hub.com/lelang/pengajuannego:6246
[  827863ms] [LOG] Connected @ https://phbidlautdemo.prahu-hub.com/lelang/pengajuannego:6246
[  845038ms] [LOG] Connected @ https://phbidlautdemo.prahu-hub.com/lelang/pengajuannego:6246
[  885400ms] [LOG] Connected @ https://phbidlautdemo.prahu-hub.com/lelang/pengajuannego:6246
[  885915ms] [LOG] Connected @ https://phbidlautdemo.prahu-hub.com/lelang/pengajuannego:6246
[  886647ms] [LOG] Connected @ https://phbidlautdemo.prahu-hub.com/lelang/pengajuannego:6246
[  891760ms] [LOG] Connected @ https://phbidlautdemo.prahu-hub.com/lelang/pengajuannego:6246
[  891899ms] [LOG] Connected @ https://phbidlautdemo.prahu-hub.com/lelang/pengajuannego:6246
[  896142ms] [LOG] Connected @ https://phbidlautdemo.prahu-hub.com/lelang/pengajuannego:6246
[  898484ms] [LOG] Connected @ https://phbidlautdemo.prahu-hub.com/lelang/pengajuannego:6246
[  900966ms] [LOG] Connected @ https://phbidlautdemo.prahu-hub.com/lelang/pengajuannego:6246
[  904679ms] [LOG] Connected @ https://phbidlautdemo.prahu-hub.com/lelang/pengajuannego:6246
[  907831ms] [LOG] Connected @ https://phbidlautdemo.prahu-hub.com/lelang/pengajuannego:6246
[  912289ms] [LOG] Connected @ https://phbidlautdemo.prahu-hub.com/lelang/pengajuannego:6246
[  915136ms] [LOG] Connected @ https://phbidlautdemo.prahu-hub.com/lelang/pengajuannego:6246
[  917498ms] [LOG] Connected @ https://phbidlautdemo.prahu-hub.com/lelang/pengajuannego:6246
[  920705ms] [LOG] Connected @ https://phbidlautdemo.prahu-hub.com/lelang/pengajuannego:6246
[  923698ms] [LOG] notif_badge_show.913-935-914-906-900-876-856-820-796-795-783-764-704-689-688-685-642-641-640-639-638-635-634-633-632-631-629-628-627-626-625-624-623-622-621-614-613-459-123-23 @ https://phbidlautdemo.prahu-hub.com/lelang/pengajuannego:6246
[  923733ms] [LOG] update_dashboard_order_laut @ https://phbidlautdemo.prahu-hub.com/lelang/pengajuannego:6246
[  923734ms] [LOG] updateNotif.913-935-914-906-900-876-856-820-796-795-783-764-704-689-688-685-642-641-640-639-638-635-634-633-632-631-629-628-627-626-625-624-623-622-621-614-613-459-123-23 @ https://phbidlautdemo.prahu-hub.com/lelang/pengajuannego:6246
[  925742ms] [LOG] Connected @ https://phbidlautdemo.prahu-hub.com/lelang/pengajuannego:6246
[  927906ms] [LOG] Connected @ https://phbidlautdemo.prahu-hub.com/lelang/pengajuannego:6246
[  939880ms] [LOG] Connected @ https://phbidlautdemo.prahu-hub.com/lelang/pengajuannego:6246
[  952010ms] [LOG] Connected @ https://phbidlautdemo.prahu-hub.com/lelang/pengajuannego:6246
[  965225ms] [LOG] Connected @ https://phbidlautdemo.prahu-hub.com/lelang/pengajuannego:6246
[  966047ms] [LOG] Connected @ https://phbidlautdemo.prahu-hub.com/lelang/pengajuannego:6246
[  987589ms] [LOG] Connected @ https://phbidlautdemo.prahu-hub.com/lelang/pengajuannego:6246
[ 1019216ms] [LOG] Connected @ https://phbidlautdemo.prahu-hub.com/lelang/pengajuannego:6246
[ 1038480ms] [LOG] Connected @ https://phbidlautdemo.prahu-hub.com/lelang/pengajuannego:6246
[ 1048452ms] [LOG] Connected @ https://phbidlautdemo.prahu-hub.com/lelang/pengajuannego:6246
[ 1053863ms] [LOG] Connected @ https://phbidlautdemo.prahu-hub.com/lelang/pengajuannego:6246
[ 1055164ms] [LOG] Connected @ https://phbidlautdemo.prahu-hub.com/lelang/pengajuannego:6246
[ 1059280ms] [LOG] Connected @ https://phbidlautdemo.prahu-hub.com/lelang/pengajuannego:6246
[ 1059605ms] [LOG] updateNotif.913-935-914-906-900-876-856-820-796-795-783-764-704-689-688-685-642-641-640-639-638-635-634-633-632-631-629-628-627-626-625-624-623-622-621-614-613-459-123-23 @ https://phbidlautdemo.prahu-hub.com/lelang/pengajuannego:6246
[ 1059645ms] [LOG] update_dashboard_order_laut @ https://phbidlautdemo.prahu-hub.com/lelang/pengajuannego:6246
[ 1059655ms] [LOG] notif_badge_show.913-935-914-906-900-876-856-820-796-795-783-764-704-689-688-685-642-641-640-639-638-635-634-633-632-631-629-628-627-626-625-624-623-622-621-614-613-459-123-23 @ https://phbidlautdemo.prahu-hub.com/lelang/pengajuannego:6246
[ 1060659ms] [LOG] Connected @ https://phbidlautdemo.prahu-hub.com/lelang/pengajuannego:6246
[ 1061147ms] [LOG] Connected @ https://phbidlautdemo.prahu-hub.com/lelang/pengajuannego:6246
[ 1061506ms] [LOG] Connected @ https://phbidlautdemo.prahu-hub.com/lelang/pengajuannego:6246
[ 1061622ms] [LOG] Connected @ https://phbidlautdemo.prahu-hub.com/lelang/pengajuannego:6246
[ 1065213ms] [LOG] Connected @ https://phbidlautdemo.prahu-hub.com/lelang/pengajuannego:6246
[ 1066098ms] [LOG] Connected @ https://phbidlautdemo.prahu-hub.com/lelang/pengajuannego:6246
[ 1066303ms] [LOG] Connected @ https://phbidlautdemo.prahu-hub.com/lelang/pengajuannego:6246
[ 1070566ms] [LOG] Connected @ https://phbidlautdemo.prahu-hub.com/lelang/pengajuannego:6246
[ 1074007ms] [LOG] Connected @ https://phbidlautdemo.prahu-hub.com/lelang/pengajuannego:6246
[ 1077019ms] [LOG] Connected @ https://phbidlautdemo.prahu-hub.com/lelang/pengajuannego:6246
[ 1079206ms] [LOG] Connected @ https://phbidlautdemo.prahu-hub.com/lelang/pengajuannego:6246
[ 1079764ms] [LOG] Connected @ https://phbidlautdemo.prahu-hub.com/lelang/pengajuannego:6246
[ 1079983ms] [LOG] Connected @ https://phbidlautdemo.prahu-hub.com/lelang/pengajuannego:6246
[ 1080915ms] [LOG] Connected @ https://phbidlautdemo.prahu-hub.com/lelang/pengajuannego:6246
[ 1082847ms] [LOG] Connected @ https://phbidlautdemo.prahu-hub.com/lelang/pengajuannego:6246
[ 1084530ms] [LOG] Connected @ https://phbidlautdemo.prahu-hub.com/lelang/pengajuannego:6246
[ 1086213ms] [LOG] Connected @ https://phbidlautdemo.prahu-hub.com/lelang/pengajuannego:6246
[ 1089729ms] [LOG] Connected @ https://phbidlautdemo.prahu-hub.com/lelang/pengajuannego:6246
[ 1089766ms] [LOG] Connected @ https://phbidlautdemo.prahu-hub.com/lelang/pengajuannego:6246
[ 1092218ms] [LOG] Connected @ https://phbidlautdemo.prahu-hub.com/lelang/pengajuannego:6246
[ 1096304ms] [LOG] Connected @ https://phbidlautdemo.prahu-hub.com/lelang/pengajuannego:6246
[ 1097412ms] [LOG] updateNotif.913-935-914-906-900-876-856-820-796-795-783-764-704-689-688-685-642-641-640-639-638-635-634-633-632-631-629-628-627-626-625-624-623-622-621-614-613-459-123-23 @ https://phbidlautdemo.prahu-hub.com/lelang/pengajuannego:6246
[ 1097423ms] [LOG] notif_badge_show.913-935-914-906-900-876-856-820-796-795-783-764-704-689-688-685-642-641-640-639-638-635-634-633-632-631-629-628-627-626-625-624-623-622-621-614-613-459-123-23 @ https://phbidlautdemo.prahu-hub.com/lelang/pengajuannego:6246
[ 1097433ms] [LOG] update_dashboard_order_laut @ https://phbidlautdemo.prahu-hub.com/lelang/pengajuannego:6246
[ 1098023ms] [LOG] Connected @ https://phbidlautdemo.prahu-hub.com/lelang/pengajuannego:6246
[ 1099102ms] [LOG] Connected @ https://phbidlautdemo.prahu-hub.com/lelang/pengajuannego:6246
[ 1099332ms] [LOG] Connected @ https://phbidlautdemo.prahu-hub.com/lelang/pengajuannego:6246
[ 1099925ms] [LOG] Connected @ https://phbidlautdemo.prahu-hub.com/lelang/pengajuannego:6246
[ 1100675ms] [LOG] Connected @ https://phbidlautdemo.prahu-hub.com/lelang/pengajuannego:6246
[ 1107411ms] [LOG] Connected @ https://phbidlautdemo.prahu-hub.com/lelang/pengajuannego:6246
[ 1108972ms] [LOG] Connected @ https://phbidlautdemo.prahu-hub.com/lelang/pengajuannego:6246
[ 1111729ms] [LOG] Connected @ https://phbidlautdemo.prahu-hub.com/lelang/pengajuannego:6246
[ 1112242ms] [LOG] Connected @ https://phbidlautdemo.prahu-hub.com/lelang/pengajuannego:6246
[ 1115829ms] [LOG] Connected @ https://phbidlautdemo.prahu-hub.com/lelang/pengajuannego:6246
[ 1116193ms] [LOG] Connected @ https://phbidlautdemo.prahu-hub.com/lelang/pengajuannego:6246
[ 1116609ms] [LOG] Connected @ https://phbidlautdemo.prahu-hub.com/lelang/pengajuannego:6246
[ 1116634ms] [LOG] Connected @ https://phbidlautdemo.prahu-hub.com/lelang/pengajuannego:6246
[ 1124398ms] [LOG] Connected @ https://phbidlautdemo.prahu-hub.com/lelang/pengajuannego:6246
[ 1128288ms] [LOG] Connected @ https://phbidlautdemo.prahu-hub.com/lelang/pengajuannego:6246
[ 1128367ms] [LOG] Connected @ https://phbidlautdemo.prahu-hub.com/lelang/pengajuannego:6246
[ 1132529ms] [LOG] Connected @ https://phbidlautdemo.prahu-hub.com/lelang/pengajuannego:6246
[ 1133861ms] [LOG] Connected @ https://phbidlautdemo.prahu-hub.com/lelang/pengajuannego:6246
[ 1138664ms] [LOG] Connected @ https://phbidlautdemo.prahu-hub.com/lelang/pengajuannego:6246
[ 1138733ms] [LOG] Connected @ https://phbidlautdemo.prahu-hub.com/lelang/pengajuannego:6246
[ 1138848ms] [LOG] Connected @ https://phbidlautdemo.prahu-hub.com/lelang/pengajuannego:6246
[ 1140502ms] [LOG] Connected @ https://phbidlautdemo.prahu-hub.com/lelang/pengajuannego:6246
[ 1143293ms] [LOG] Connected @ https://phbidlautdemo.prahu-hub.com/lelang/pengajuannego:6246
[ 1143442ms] [LOG] Connected @ https://phbidlautdemo.prahu-hub.com/lelang/pengajuannego:6246
[ 1144281ms] [LOG] Connected @ https://phbidlautdemo.prahu-hub.com/lelang/pengajuannego:6246
[ 1146616ms] [LOG] updateNotif.913-935-914-906-900-876-856-820-796-795-783-764-704-689-688-685-642-641-640-639-638-635-634-633-632-631-629-628-627-626-625-624-623-622-621-614-613-459-123-23 @ https://phbidlautdemo.prahu-hub.com/lelang/pengajuannego:6246
[ 1146633ms] [LOG] update_dashboard_order_laut @ https://phbidlautdemo.prahu-hub.com/lelang/pengajuannego:6246
[ 1147263ms] [LOG] notif_badge_show.913-935-914-906-900-876-856-820-796-795-783-764-704-689-688-685-642-641-640-639-638-635-634-633-632-631-629-628-627-626-625-624-623-622-621-614-613-459-123-23 @ https://phbidlautdemo.prahu-hub.com/lelang/pengajuannego:6246
[ 1147641ms] [LOG] Connected @ https://phbidlautdemo.prahu-hub.com/lelang/pengajuannego:6246
[ 1147753ms] [LOG] Connected @ https://phbidlautdemo.prahu-hub.com/lelang/pengajuannego:6246
[ 1149738ms] [LOG] Connected @ https://phbidlautdemo.prahu-hub.com/lelang/pengajuannego:6246
[ 1151293ms] [LOG] Connected @ https://phbidlautdemo.prahu-hub.com/lelang/pengajuannego:6246
[ 1151416ms] [LOG] Connected @ https://phbidlautdemo.prahu-hub.com/lelang/pengajuannego:6246
[ 1153840ms] [LOG] Connected @ https://phbidlautdemo.prahu-hub.com/lelang/pengajuannego:6246
[ 1153985ms] [LOG] Connected @ https://phbidlautdemo.prahu-hub.com/lelang/pengajuannego:6246
[ 1154581ms] [LOG] Connected @ https://phbidlautdemo.prahu-hub.com/lelang/pengajuannego:6246
[ 1157750ms] [LOG] Connected @ https://phbidlautdemo.prahu-hub.com/lelang/pengajuannego:6246
[ 1157921ms] [LOG] Connected @ https://phbidlautdemo.prahu-hub.com/lelang/pengajuannego:6246
[ 1158010ms] [LOG] Connected @ https://phbidlautdemo.prahu-hub.com/lelang/pengajuannego:6246
[ 1162499ms] [LOG] Connected @ https://phbidlautdemo.prahu-hub.com/lelang/pengajuannego:6246
[ 1163568ms] [LOG] Connected @ https://phbidlautdemo.prahu-hub.com/lelang/pengajuannego:6246
[ 1163644ms] [LOG] Connected @ https://phbidlautdemo.prahu-hub.com/lelang/pengajuannego:6246
[ 1163888ms] [LOG] Connected @ https://phbidlautdemo.prahu-hub.com/lelang/pengajuannego:6246
[ 1164129ms] [LOG] Connected @ https://phbidlautdemo.prahu-hub.com/lelang/pengajuannego:6246
[ 1171069ms] [LOG] Connected @ https://phbidlautdemo.prahu-hub.com/lelang/pengajuannego:6246
[ 1171676ms] [LOG] Connected @ https://phbidlautdemo.prahu-hub.com/lelang/pengajuannego:6246
[ 1174145ms] [LOG] Connected @ https://phbidlautdemo.prahu-hub.com/lelang/pengajuannego:6246
[ 1174401ms] [LOG] Connected @ https://phbidlautdemo.prahu-hub.com/lelang/pengajuannego:6246
[ 1177100ms] [LOG] Connected @ https://phbidlautdemo.prahu-hub.com/lelang/pengajuannego:6246
[ 1177854ms] [LOG] Connected @ https://phbidlautdemo.prahu-hub.com/lelang/pengajuannego:6246
[ 1187586ms] [LOG] Connected @ https://phbidlautdemo.prahu-hub.com/lelang/pengajuannego:6246
[ 1192029ms] [LOG] Connected @ https://phbidlautdemo.prahu-hub.com/lelang/pengajuannego:6246
[ 1195330ms] [LOG] Connected @ https://phbidlautdemo.prahu-hub.com/lelang/pengajuannego:6246
[ 1200038ms] [LOG] Connected @ https://phbidlautdemo.prahu-hub.com/lelang/pengajuannego:6246
[ 1202740ms] [LOG] Connected @ https://phbidlautdemo.prahu-hub.com/lelang/pengajuannego:6246
[ 1206107ms] [LOG] Connected @ https://phbidlautdemo.prahu-hub.com/lelang/pengajuannego:6246
[ 1212232ms] [LOG] Connected @ https://phbidlautdemo.prahu-hub.com/lelang/pengajuannego:6246
[ 1212746ms] [LOG] Connected @ https://phbidlautdemo.prahu-hub.com/lelang/pengajuannego:6246
[ 1216459ms] [LOG] Connected @ https://phbidlautdemo.prahu-hub.com/lelang/pengajuannego:6246
[ 1222654ms] [LOG] Connected @ https://phbidlautdemo.prahu-hub.com/lelang/pengajuannego:6246
[ 1222704ms] [LOG] Connected @ https://phbidlautdemo.prahu-hub.com/lelang/pengajuannego:6246
[ 1228341ms] [LOG] Connected @ https://phbidlautdemo.prahu-hub.com/lelang/pengajuannego:6246
[ 1230106ms] [LOG] Connected @ https://phbidlautdemo.prahu-hub.com/lelang/pengajuannego:6246
[ 1236647ms] [LOG] Connected @ https://phbidlautdemo.prahu-hub.com/lelang/pengajuannego:6246
[ 1236901ms] [LOG] Connected @ https://phbidlautdemo.prahu-hub.com/lelang/pengajuannego:6246
[ 1243141ms] [LOG] Connected @ https://phbidlautdemo.prahu-hub.com/lelang/pengajuannego:6246
[ 1249459ms] [LOG] Connected @ https://phbidlautdemo.prahu-hub.com/lelang/pengajuannego:6246
[ 1249800ms] [LOG] Connected @ https://phbidlautdemo.prahu-hub.com/lelang/pengajuannego:6246
[ 1255949ms] [LOG] Connected @ https://phbidlautdemo.prahu-hub.com/lelang/pengajuannego:6246
[ 1256700ms] [LOG] Connected @ https://phbidlautdemo.prahu-hub.com/lelang/pengajuannego:6246
[ 1257422ms] [LOG] Connected @ https://phbidlautdemo.prahu-hub.com/lelang/pengajuannego:6246
[ 1257965ms] [LOG] Connected @ https://phbidlautdemo.prahu-hub.com/lelang/pengajuannego:6246
[ 1262036ms] [LOG] Connected @ https://phbidlautdemo.prahu-hub.com/lelang/pengajuannego:6246
[ 1262554ms] [LOG] Connected @ https://phbidlautdemo.prahu-hub.com/lelang/pengajuannego:6246
[ 1268877ms] [LOG] Connected @ https://phbidlautdemo.prahu-hub.com/lelang/pengajuannego:6246
[ 1270254ms] [LOG] Connected @ https://phbidlautdemo.prahu-hub.com/lelang/pengajuannego:6246
[ 1272287ms] [LOG] Connected @ https://phbidlautdemo.prahu-hub.com/lelang/pengajuannego:6246
[ 1272907ms] [LOG] Connected @ https://phbidlautdemo.prahu-hub.com/lelang/pengajuannego:6246
[ 1279309ms] [LOG] Connected @ https://phbidlautdemo.prahu-hub.com/lelang/pengajuannego:6246
[ 1288423ms] [LOG] Connected @ https://phbidlautdemo.prahu-hub.com/lelang/pengajuannego:6246
[ 1308113ms] [LOG] Connected @ https://phbidlautdemo.prahu-hub.com/lelang/pengajuannego:6246
[ 1313784ms] [LOG] Connected @ https://phbidlautdemo.prahu-hub.com/lelang/pengajuannego:6246
[ 1316239ms] [LOG] Connected @ https://phbidlautdemo.prahu-hub.com/lelang/pengajuannego:6246
[ 1318397ms] [LOG] Connected @ https://phbidlautdemo.prahu-hub.com/lelang/pengajuannego:6246
[ 1322937ms] [LOG] Connected @ https://phbidlautdemo.prahu-hub.com/lelang/pengajuannego:6246
[ 1324443ms] [LOG] Connected @ https://phbidlautdemo.prahu-hub.com/lelang/pengajuannego:6246
[ 1342853ms] [LOG] Connected @ https://phbidlautdemo.prahu-hub.com/lelang/pengajuannego:6246
[ 1357483ms] [LOG] Connected @ https://phbidlautdemo.prahu-hub.com/lelang/pengajuannego:6246
[ 1362354ms] [LOG] Connected @ https://phbidlautdemo.prahu-hub.com/lelang/pengajuannego:6246
[ 1380380ms] [LOG] Connected @ https://phbidlautdemo.prahu-hub.com/lelang/pengajuannego:6246
[ 1411401ms] [LOG] Connected @ https://phbidlautdemo.prahu-hub.com/lelang/pengajuannego:6246
[ 1419020ms] [LOG] Connected @ https://phbidlautdemo.prahu-hub.com/lelang/pengajuannego:6246
[ 1422587ms] [LOG] Connected @ https://phbidlautdemo.prahu-hub.com/lelang/pengajuannego:6246
