[    3151ms] ReferenceError: dete is not defined
    at https://phbidlautdemo.prahu-hub.com/user/login:1465:5
[    4696ms] TypeError: Failed to execute 'observe' on 'IntersectionObserver': parameter 1 is not of type 'Element'.
    at https://phbidlautdemo.prahu-hub.com/user/login:1932:14
[    4715ms] [VERBOSE] [DOM] Input elements should have autocomplete attributes (suggested: "current-password"): (More info: https://goo.gl/9p2vKq) %o @ https://phbidlautdemo.prahu-hub.com/user/login:0
[    4719ms] [LOG] 0 @ https://phbidlautdemo.prahu-hub.com/user/login:1426
[    4719ms] [LOG] undefined scr @ https://phbidlautdemo.prahu-hub.com/user/login:1430
[   18302ms] [LOG] ddd @ https://phbidlautdemo.prahu-hub.com/user/login:1525
[   18470ms] [LOG] {pesan: SHIPPER, status: 1, user_aktif: 1, ParentID: 0, redirect: } @ https://phbidlautdemo.prahu-hub.com/user/login:1558
[   18470ms] [LOG] {pesan: SHIPPER, status: 1, user_aktif: 1, ParentID: 0, redirect: } a @ https://phbidlautdemo.prahu-hub.com/user/login:1560
[   19918ms] Cannot use import statement outside a module
[   19958ms] ReferenceError: Chart is not defined
    at https://phbidlautdemo.prahu-hub.com/_resources/themes/prahutheme/js/scripts-init/charts/chartjs.js:8:13
[   20018ms] Unexpected token '<'
[   20124ms] Unexpected token '<'
[   20209ms] Uncaught TypeError: expect element to be DOM Element, but got null
    at n.init (https://cdnjs.cloudflare.com/ajax/libs/smooth-scrollbar/8.5.2/smooth-scrollbar.js:24:264)
    at <anonymous> (https://phbidlautdemo.prahu-hub.com/lelang/carirute:6555:14)
[   20225ms] [LOG] undefinednamanya @ https://phbidlautdemo.prahu-hub.com/lelang/carirute:2149
[   20241ms] [LOG] undefined @ https://phbidlautdemo.prahu-hub.com/lelang/carirute:6908
[   20241ms] [LOG] undefined @ https://phbidlautdemo.prahu-hub.com/lelang/carirute:6908
[   20241ms] [LOG] undefined @ https://phbidlautdemo.prahu-hub.com/lelang/carirute:6908
[   20241ms] [LOG] Masukkan Nomor Lelang @ https://phbidlautdemo.prahu-hub.com/lelang/carirute:6908
[   20241ms] [LOG] undefined @ https://phbidlautdemo.prahu-hub.com/lelang/carirute:6908
[   20242ms] [LOG] WebSocket connection @ https://phbidlautdemo.prahu-hub.com/lelang/carirute:6951
[   20243ms] [LOG] WebSocket connection attempting... @ https://phbidlautdemo.prahu-hub.com/lelang/carirute:7029
[   21178ms] [TABLE] {UI version: 8.4.1, Core version: 8.4.0, Build: NC8xMi8yMDIyfDRkZTU3MmExYg==, WebViewer Server: false, Full API: false} @ https://phbidlautdemo.prahu-hub.com/_resources/themes/prahutheme/javascript/PDFView/lib/ui/webviewer-ui.min.js:270
[   21344ms] [VERBOSE] [DOM] Password forms should have (optionally hidden) username fields for accessibility: (More info: https://goo.gl/9p2vKq) %o @ https://phbidlautdemo.prahu-hub.com/_resources/themes/prahutheme/javascript/PDFView/lib/ui/index.html#a=1&disabledElements=downloadButton%2CprintButton%2ClanguageButton&filepicker=0&pdfnet=0&enableRedaction=0&enableMeasurement=0&pageHistory=1&notesInLeftPanel=0&singleServerMode=false&selectAnnotationOnCreation=0&autoFocusNoteOnAnnotationSelection=1&id=1&basePath=%2Flelang%2Fcarirute:0
[   21430ms] [LOG] WebSocket connected @ https://phbidlautdemo.prahu-hub.com/lelang/carirute:6960
[   21472ms] [LOG] update_dashboard_order_laut @ https://phbidlautdemo.prahu-hub.com/lelang/carirute:7001
[   21561ms] [LOG] 200 xhrglobal @ https://phbidlautdemo.prahu-hub.com/lelang/carirute:6882
[   21636ms] [LOG] 200 xhrglobal @ https://phbidlautdemo.prahu-hub.com/lelang/carirute:6882
[   21785ms] [LOG] Connected @ https://phbidlautdemo.prahu-hub.com/lelang/carirute:7001
[   22237ms] TypeError: $(...).DataTable is not a function
    at https://phbidlautdemo.prahu-hub.com/_resources/themes/prahutheme/js/scripts-init/tables.js:7:23
[   26781ms] [LOG] Connected @ https://phbidlautdemo.prahu-hub.com/lelang/carirute:7001
[   32822ms] [LOG] Connected @ https://phbidlautdemo.prahu-hub.com/lelang/carirute:7001
[   41561ms] [LOG] [object Object]tesss @ https://phbidlautdemo.prahu-hub.com/lelang/carirute:1885
[   41910ms] [LOG] Connected @ https://phbidlautdemo.prahu-hub.com/lelang/carirute:7001
[   46298ms] [LOG] Connected @ https://phbidlautdemo.prahu-hub.com/lelang/carirute:7001
[   48910ms] [LOG] Connected @ https://phbidlautdemo.prahu-hub.com/lelang/carirute:7001
[   50808ms] [LOG] Connected @ https://phbidlautdemo.prahu-hub.com/lelang/carirute:7001
[   52877ms] [LOG] Connected @ https://phbidlautdemo.prahu-hub.com/lelang/carirute:7001
[   53202ms] [LOG] 0 asdasd @ https://phbidlautdemo.prahu-hub.com/lelang/carirute:1907
[   53202ms] [LOG] [object Object]tesss @ https://phbidlautdemo.prahu-hub.com/lelang/carirute:1885
[   54539ms] Cannot use import statement outside a module
[   54560ms] ReferenceError: Chart is not defined
    at https://phbidlautdemo.prahu-hub.com/_resources/themes/prahutheme/js/scripts-init/charts/chartjs.js:8:13
[   54591ms] Unexpected token '<'
[   54720ms] Unexpected token '<'
[   54760ms] Uncaught TypeError: expect element to be DOM Element, but got null
    at n.init (https://cdnjs.cloudflare.com/ajax/libs/smooth-scrollbar/8.5.2/smooth-scrollbar.js:24:264)
    at <anonymous> (https://phbidlautdemo.prahu-hub.com/home/analitikscsr:5955:14)
[   54766ms] ReferenceError: selectEl is not defined
    at HTMLDocument.<anonymous> (https://phbidlautdemo.prahu-hub.com/home/analitikscsr:4563:3)
[   54769ms] ReferenceError: selectEl is not defined
    at HTMLDocument.<anonymous> (https://phbidlautdemo.prahu-hub.com/home/analitikscsr:5140:3)
[   54783ms] [LOG] Laporannamanya @ https://phbidlautdemo.prahu-hub.com/home/analitikscsr:1877
[   54792ms] [LOG] DD/MM/YYYY @ https://phbidlautdemo.prahu-hub.com/home/analitikscsr:6308
[   54792ms] [LOG] DD/MM/YYYY @ https://phbidlautdemo.prahu-hub.com/home/analitikscsr:6308
[   54792ms] [LOG] Search... @ https://phbidlautdemo.prahu-hub.com/home/analitikscsr:6308
[   54792ms] [LOG] Search... @ https://phbidlautdemo.prahu-hub.com/home/analitikscsr:6308
[   54792ms] [LOG] undefined @ https://phbidlautdemo.prahu-hub.com/home/analitikscsr:6308
[   54793ms] [LOG] WebSocket connection @ https://phbidlautdemo.prahu-hub.com/home/analitikscsr:6351
[   54793ms] [LOG] WebSocket connection attempting... @ https://phbidlautdemo.prahu-hub.com/home/analitikscsr:6429
[   55786ms] [LOG] WebSocket connected @ https://phbidlautdemo.prahu-hub.com/home/analitikscsr:6360
[   55788ms] [LOG] update_dashboard_order_laut @ https://phbidlautdemo.prahu-hub.com/home/analitikscsr:6401
[   55900ms] [LOG] 200 xhrglobal @ https://phbidlautdemo.prahu-hub.com/home/analitikscsr:6282
[   55997ms] [LOG] 200 xhrglobal @ https://phbidlautdemo.prahu-hub.com/home/analitikscsr:6282
[   56113ms] [LOG] Connected @ https://phbidlautdemo.prahu-hub.com/home/analitikscsr:6401
[   56806ms] TypeError: $(...).DataTable is not a function
    at https://phbidlautdemo.prahu-hub.com/_resources/themes/prahutheme/js/scripts-init/tables.js:7:23
[   62570ms] [LOG] Connected @ https://phbidlautdemo.prahu-hub.com/home/analitikscsr:6401
[   66965ms] [LOG] Connected @ https://phbidlautdemo.prahu-hub.com/home/analitikscsr:6401
[   72739ms] [LOG] Connected @ https://phbidlautdemo.prahu-hub.com/home/analitikscsr:6401
[   81545ms] [LOG] Connected @ https://phbidlautdemo.prahu-hub.com/home/analitikscsr:6401
[   91951ms] [LOG] Connected @ https://phbidlautdemo.prahu-hub.com/home/analitikscsr:6401
[   96846ms] [LOG] Connected @ https://phbidlautdemo.prahu-hub.com/home/analitikscsr:6401
[   99955ms] [LOG] tglawal=01%2F01%2F2026&tglakhir=30%2F09%2F2026&status_filter=1 @ https://phbidlautdemo.prahu-hub.com/home/analitikscsr:5584
[   99956ms] [LOG] Saving session... @ https://phbidlautdemo.prahu-hub.com/home/analitikscsr:5594
[  100103ms] [LOG] 200 xhrglobal @ https://phbidlautdemo.prahu-hub.com/home/analitikscsr:6282
[  101052ms] Cannot use import statement outside a module
[  101086ms] ReferenceError: Chart is not defined
    at https://phbidlautdemo.prahu-hub.com/_resources/themes/prahutheme/js/scripts-init/charts/chartjs.js:8:13
[  101126ms] Unexpected token '<'
[  101488ms] Unexpected token '<'
[  101600ms] Uncaught TypeError: expect element to be DOM Element, but got null
    at n.init (https://cdnjs.cloudflare.com/ajax/libs/smooth-scrollbar/8.5.2/smooth-scrollbar.js:24:264)
    at <anonymous> (https://phbidlautdemo.prahu-hub.com/home/analitikscsr/?session_get=exp_6ab73389836447.07899751:6082:14)
[  101608ms] ReferenceError: selectEl is not defined
    at HTMLDocument.<anonymous> (https://phbidlautdemo.prahu-hub.com/home/analitikscsr/?session_get=exp_6ab73389836447.07899751:4564:3)
[  101611ms] ReferenceError: selectEl is not defined
    at HTMLDocument.<anonymous> (https://phbidlautdemo.prahu-hub.com/home/analitikscsr/?session_get=exp_6ab73389836447.07899751:5141:3)
[  101628ms] [LOG] Laporannamanya @ https://phbidlautdemo.prahu-hub.com/home/analitikscsr/?session_get=exp_6ab73389836447.07899751:1878
[  101637ms] [LOG] DD/MM/YYYY @ https://phbidlautdemo.prahu-hub.com/home/analitikscsr/?session_get=exp_6ab73389836447.07899751:6435
[  101637ms] [LOG] DD/MM/YYYY @ https://phbidlautdemo.prahu-hub.com/home/analitikscsr/?session_get=exp_6ab73389836447.07899751:6435
[  101637ms] [LOG] Search... @ https://phbidlautdemo.prahu-hub.com/home/analitikscsr/?session_get=exp_6ab73389836447.07899751:6435
[  101637ms] [LOG] Search... @ https://phbidlautdemo.prahu-hub.com/home/analitikscsr/?session_get=exp_6ab73389836447.07899751:6435
[  101637ms] [LOG] undefined @ https://phbidlautdemo.prahu-hub.com/home/analitikscsr/?session_get=exp_6ab73389836447.07899751:6435
[  101638ms] [LOG] WebSocket connection @ https://phbidlautdemo.prahu-hub.com/home/analitikscsr/?session_get=exp_6ab73389836447.07899751:6478
[  101638ms] [LOG] WebSocket connection attempting... @ https://phbidlautdemo.prahu-hub.com/home/analitikscsr/?session_get=exp_6ab73389836447.07899751:6556
[  101904ms] [LOG] [Object, Object, Object, Object, Object, Object] @ https://phbidlautdemo.prahu-hub.com/_resources/themes/prahutheme/javascript/custom/analitikscsr.js?m=1788319233:172
[  101906ms] [LOG] undefined @ https://phbidlautdemo.prahu-hub.com/_resources/themes/prahutheme/javascript/custom/analitikscsr.js?m=1788319233:705
[  101906ms] [LOG] undefined countView1 1 pageNow 20 limitView1 @ https://phbidlautdemo.prahu-hub.com/_resources/themes/prahutheme/javascript/custom/analitikscsr.js?m=1788319233:707
[  101906ms] [LOG] undefined @ https://phbidlautdemo.prahu-hub.com/_resources/themes/prahutheme/javascript/custom/analitikscsr.js?m=1788319233:713
[  101906ms] [LOG] undefined jumlah data @ https://phbidlautdemo.prahu-hub.com/_resources/themes/prahutheme/javascript/custom/analitikscsr.js?m=1788319233:682
[  101906ms] [LOG] NaN @ https://phbidlautdemo.prahu-hub.com/_resources/themes/prahutheme/javascript/custom/analitikscsr.js?m=1788319233:684
[  101907ms] [LOG] NaN 1 pageCount & pageNow @ https://phbidlautdemo.prahu-hub.com/_resources/themes/prahutheme/javascript/custom/analitikscsr.js?m=1788319233:608
[  101908ms] [LOG] 200 xhrglobal @ https://phbidlautdemo.prahu-hub.com/home/analitikscsr/?session_get=exp_6ab73389836447.07899751:6409
[  101909ms] [LOG] ce.fn.init stepItem @ https://phbidlautdemo.prahu-hub.com/_resources/themes/prahutheme/javascript/custom/analitikscsr.js?m=1788319233:582
[  102616ms] [LOG] WebSocket connected @ https://phbidlautdemo.prahu-hub.com/home/analitikscsr/?session_get=exp_6ab73389836447.07899751:6487
[  102617ms] [LOG] update_dashboard_order_laut @ https://phbidlautdemo.prahu-hub.com/home/analitikscsr/?session_get=exp_6ab73389836447.07899751:6528
[  102916ms] [LOG] 200 xhrglobal @ https://phbidlautdemo.prahu-hub.com/home/analitikscsr/?session_get=exp_6ab73389836447.07899751:6409
[  102983ms] [LOG] Connected @ https://phbidlautdemo.prahu-hub.com/home/analitikscsr/?session_get=exp_6ab73389836447.07899751:6528
[  103015ms] [LOG] 200 xhrglobal @ https://phbidlautdemo.prahu-hub.com/home/analitikscsr/?session_get=exp_6ab73389836447.07899751:6409
[  103633ms] TypeError: $(...).DataTable is not a function
    at https://phbidlautdemo.prahu-hub.com/_resources/themes/prahutheme/js/scripts-init/tables.js:7:23
[  106845ms] [LOG] Connected @ https://phbidlautdemo.prahu-hub.com/home/analitikscsr/?session_get=exp_6ab73389836447.07899751:6528
[  113355ms] [LOG] Connected @ https://phbidlautdemo.prahu-hub.com/home/analitikscsr/?session_get=exp_6ab73389836447.07899751:6528
[  114196ms] [LOG] Connected @ https://phbidlautdemo.prahu-hub.com/home/analitikscsr/?session_get=exp_6ab73389836447.07899751:6528
[  128668ms] [LOG] Connected @ https://phbidlautdemo.prahu-hub.com/home/analitikscsr/?session_get=exp_6ab73389836447.07899751:6528
[  130138ms] Cannot use import statement outside a module
[  130162ms] ReferenceError: Chart is not defined
    at https://phbidlautdemo.prahu-hub.com/_resources/themes/prahutheme/js/scripts-init/charts/chartjs.js:8:13
[  130908ms] Unexpected token '<'
[  130931ms] Unexpected token '<'
[  130959ms] Uncaught TypeError: expect element to be DOM Element, but got null
    at n.init (https://cdnjs.cloudflare.com/ajax/libs/smooth-scrollbar/8.5.2/smooth-scrollbar.js:24:264)
    at <anonymous> (https://phbidlautdemo.prahu-hub.com/home/analitikscsrbykota?kota=true&session_get=exp_6ab73389836447.07899751&PilihPropinsi=10&ShipperID=65:5324:14)
[  130979ms] [LOG] Laporannamanya @ https://phbidlautdemo.prahu-hub.com/home/analitikscsrbykota?kota=true&session_get=exp_6ab73389836447.07899751&PilihPropinsi=10&ShipperID=65:1878
[  130984ms] [WARNING] jQuery.Deferred exception: Cannot read properties of undefined (reading 'destroy') TypeError: Cannot read properties of undefined (reading 'destroy')
    at HTMLDocument.<anonymous> (https://phbidlautdemo.prahu-hub.com/home/analitikscsrbykota?kota=true&session_get=exp_6ab73389836447.07899751&PilihPropinsi=10&ShipperID=65:4943:42)
    at e (https://code.jquery.com/jquery-3.7.1.min.js:2:27028)
    at t (https://code.jquery.com/jquery-3.7.1.min.js:2:27330) undefined @ https://code.jquery.com/jquery-3.7.1.min.js:1
[  130985ms] [LOG] WebSocket connection @ https://phbidlautdemo.prahu-hub.com/home/analitikscsrbykota?kota=true&session_get=exp_6ab73389836447.07899751&PilihPropinsi=10&ShipperID=65:5720
[  130985ms] [LOG] WebSocket connection attempting... @ https://phbidlautdemo.prahu-hub.com/home/analitikscsrbykota?kota=true&session_get=exp_6ab73389836447.07899751&PilihPropinsi=10&ShipperID=65:5798
[  131010ms] TypeError: Cannot read properties of undefined (reading 'destroy')
    at HTMLDocument.<anonymous> (https://phbidlautdemo.prahu-hub.com/home/analitikscsrbykota?kota=true&session_get=exp_6ab73389836447.07899751&PilihPropinsi=10&ShipperID=65:4943:42)
    at e (https://code.jquery.com/jquery-3.7.1.min.js:2:27028)
    at t (https://code.jquery.com/jquery-3.7.1.min.js:2:27330)
[  131230ms] [LOG] [Object] @ https://phbidlautdemo.prahu-hub.com/_resources/themes/prahutheme/javascript/custom/analitikscsrbykota.js?m=1790232478:172
[  131231ms] [LOG] undefined @ https://phbidlautdemo.prahu-hub.com/_resources/themes/prahutheme/javascript/custom/analitikscsrbykota.js?m=1790232478:696
[  131231ms] [LOG] undefined countView1 1 pageNow 20 limitView1 @ https://phbidlautdemo.prahu-hub.com/_resources/themes/prahutheme/javascript/custom/analitikscsrbykota.js?m=1790232478:698
[  131231ms] [LOG] undefined @ https://phbidlautdemo.prahu-hub.com/_resources/themes/prahutheme/javascript/custom/analitikscsrbykota.js?m=1790232478:704
[  131232ms] [LOG] undefined jumlah data @ https://phbidlautdemo.prahu-hub.com/_resources/themes/prahutheme/javascript/custom/analitikscsrbykota.js?m=1790232478:673
[  131232ms] [LOG] NaN @ https://phbidlautdemo.prahu-hub.com/_resources/themes/prahutheme/javascript/custom/analitikscsrbykota.js?m=1790232478:675
[  131232ms] [LOG] NaN 1 pageCount & pageNow @ https://phbidlautdemo.prahu-hub.com/_resources/themes/prahutheme/javascript/custom/analitikscsrbykota.js?m=1790232478:599
[  131234ms] [LOG] 200 xhrglobal @ https://phbidlautdemo.prahu-hub.com/home/analitikscsrbykota?kota=true&session_get=exp_6ab73389836447.07899751&PilihPropinsi=10&ShipperID=65:5651
[  131234ms] [LOG] ce.fn.init stepItem @ https://phbidlautdemo.prahu-hub.com/_resources/themes/prahutheme/javascript/custom/analitikscsrbykota.js?m=1790232478:573
[  132354ms] [LOG] WebSocket connected @ https://phbidlautdemo.prahu-hub.com/home/analitikscsrbykota?kota=true&session_get=exp_6ab73389836447.07899751&PilihPropinsi=10&ShipperID=65:5729
[  132356ms] [LOG] update_dashboard_order_laut @ https://phbidlautdemo.prahu-hub.com/home/analitikscsrbykota?kota=true&session_get=exp_6ab73389836447.07899751&PilihPropinsi=10&ShipperID=65:5770
[  132538ms] [LOG] 200 xhrglobal @ https://phbidlautdemo.prahu-hub.com/home/analitikscsrbykota?kota=true&session_get=exp_6ab73389836447.07899751&PilihPropinsi=10&ShipperID=65:5651
[  132623ms] [LOG] 200 xhrglobal @ https://phbidlautdemo.prahu-hub.com/home/analitikscsrbykota?kota=true&session_get=exp_6ab73389836447.07899751&PilihPropinsi=10&ShipperID=65:5651
[  132688ms] [LOG] Connected @ https://phbidlautdemo.prahu-hub.com/home/analitikscsrbykota?kota=true&session_get=exp_6ab73389836447.07899751&PilihPropinsi=10&ShipperID=65:5770
[  132985ms] TypeError: $(...).DataTable is not a function
    at https://phbidlautdemo.prahu-hub.com/_resources/themes/prahutheme/js/scripts-init/tables.js:7:23
[  145343ms] [LOG] Connected @ https://phbidlautdemo.prahu-hub.com/home/analitikscsrbykota?kota=true&session_get=exp_6ab73389836447.07899751&PilihPropinsi=10&ShipperID=65:5770
[  158760ms] Cannot use import statement outside a module
[  158776ms] ReferenceError: Chart is not defined
    at https://phbidlautdemo.prahu-hub.com/_resources/themes/prahutheme/js/scripts-init/charts/chartjs.js:8:13
[  158877ms] Unexpected token '<'
[  159058ms] Unexpected token '<'
[  159092ms] Uncaught TypeError: expect element to be DOM Element, but got null
    at n.init (https://cdnjs.cloudflare.com/ajax/libs/smooth-scrollbar/8.5.2/smooth-scrollbar.js:24:264)
    at <anonymous> (https://phbidlautdemo.prahu-hub.com/home/analitikscsrconsignee?kota=true&kota=true&session_get=exp_6ab73389836447.07899751&PilihPropinsi=10&ShipperID=65&PilihKota=193&PilihKotaAsal=347:5351:14)
[  159108ms] [LOG] Laporannamanya @ https://phbidlautdemo.prahu-hub.com/home/analitikscsrconsignee?kota=true&kota=true&session_get=exp_6ab73389836447.07899751&PilihPropinsi=10&ShipperID=65&PilihKota=193&PilihKotaAsal=347:1878
[  159114ms] [WARNING] jQuery.Deferred exception: Cannot read properties of undefined (reading 'destroy') TypeError: Cannot read properties of undefined (reading 'destroy')
    at HTMLDocument.<anonymous> (https://phbidlautdemo.prahu-hub.com/home/analitikscsrconsignee?kota=true&kota=true&session_get=exp_6ab73389836447.07899751&PilihPropinsi=10&ShipperID=65&PilihKota=193&PilihKotaAsal=347:4970:42)
    at e (https://code.jquery.com/jquery-3.7.1.min.js:2:27028)
    at t (https://code.jquery.com/jquery-3.7.1.min.js:2:27330) undefined @ https://code.jquery.com/jquery-3.7.1.min.js:1
[  159115ms] [LOG] WebSocket connection @ https://phbidlautdemo.prahu-hub.com/home/analitikscsrconsignee?kota=true&kota=true&session_get=exp_6ab73389836447.07899751&PilihPropinsi=10&ShipperID=65&PilihKota=193&PilihKotaAsal=347:5747
[  159116ms] [LOG] WebSocket connection attempting... @ https://phbidlautdemo.prahu-hub.com/home/analitikscsrconsignee?kota=true&kota=true&session_get=exp_6ab73389836447.07899751&PilihPropinsi=10&ShipperID=65&PilihKota=193&PilihKotaAsal=347:5825
[  159137ms] TypeError: Cannot read properties of undefined (reading 'destroy')
    at HTMLDocument.<anonymous> (https://phbidlautdemo.prahu-hub.com/home/analitikscsrconsignee?kota=true&kota=true&session_get=exp_6ab73389836447.07899751&PilihPropinsi=10&ShipperID=65&PilihKota=193&PilihKotaAsal=347:4970:42)
    at e (https://code.jquery.com/jquery-3.7.1.min.js:2:27028)
    at t (https://code.jquery.com/jquery-3.7.1.min.js:2:27330)
[  159237ms] [LOG] [Object, Object, Object, Object, Object, Object, Object, Object, Object, Object, Object, Object, Object, Object, Object, Object, Object, Object, Object, Object] @ https://phbidlautdemo.prahu-hub.com/_resources/themes/prahutheme/javascript/custom/analitikscsrconsignee.js?m=1788319233:172
[  159239ms] [LOG] undefined @ https://phbidlautdemo.prahu-hub.com/_resources/themes/prahutheme/javascript/custom/analitikscsrconsignee.js?m=1788319233:717
[  159240ms] [LOG] undefined countView1 1 pageNow 20 limitView1 @ https://phbidlautdemo.prahu-hub.com/_resources/themes/prahutheme/javascript/custom/analitikscsrconsignee.js?m=1788319233:719
[  159240ms] [LOG] undefined @ https://phbidlautdemo.prahu-hub.com/_resources/themes/prahutheme/javascript/custom/analitikscsrconsignee.js?m=1788319233:725
[  159240ms] [LOG] undefined jumlah data @ https://phbidlautdemo.prahu-hub.com/_resources/themes/prahutheme/javascript/custom/analitikscsrconsignee.js?m=1788319233:694
[  159240ms] [LOG] NaN @ https://phbidlautdemo.prahu-hub.com/_resources/themes/prahutheme/javascript/custom/analitikscsrconsignee.js?m=1788319233:696
[  159240ms] [LOG] NaN 1 pageCount & pageNow @ https://phbidlautdemo.prahu-hub.com/_resources/themes/prahutheme/javascript/custom/analitikscsrconsignee.js?m=1788319233:620
[  159241ms] [LOG] 200 xhrglobal @ https://phbidlautdemo.prahu-hub.com/home/analitikscsrconsignee?kota=true&kota=true&session_get=exp_6ab73389836447.07899751&PilihPropinsi=10&ShipperID=65&PilihKota=193&PilihKotaAsal=347:5678
[  159241ms] [LOG] ce.fn.init stepItem @ https://phbidlautdemo.prahu-hub.com/_resources/themes/prahutheme/javascript/custom/analitikscsrconsignee.js?m=1788319233:594
[  160247ms] [LOG] WebSocket connected @ https://phbidlautdemo.prahu-hub.com/home/analitikscsrconsignee?kota=true&kota=true&session_get=exp_6ab73389836447.07899751&PilihPropinsi=10&ShipperID=65&PilihKota=193&PilihKotaAsal=347:5756
[  160252ms] [LOG] update_dashboard_order_laut @ https://phbidlautdemo.prahu-hub.com/home/analitikscsrconsignee?kota=true&kota=true&session_get=exp_6ab73389836447.07899751&PilihPropinsi=10&ShipperID=65&PilihKota=193&PilihKotaAsal=347:5797
[  160351ms] [LOG] 200 xhrglobal @ https://phbidlautdemo.prahu-hub.com/home/analitikscsrconsignee?kota=true&kota=true&session_get=exp_6ab73389836447.07899751&PilihPropinsi=10&ShipperID=65&PilihKota=193&PilihKotaAsal=347:5678
[  160416ms] [LOG] 200 xhrglobal @ https://phbidlautdemo.prahu-hub.com/home/analitikscsrconsignee?kota=true&kota=true&session_get=exp_6ab73389836447.07899751&PilihPropinsi=10&ShipperID=65&PilihKota=193&PilihKotaAsal=347:5678
[  160658ms] [LOG] Connected @ https://phbidlautdemo.prahu-hub.com/home/analitikscsrconsignee?kota=true&kota=true&session_get=exp_6ab73389836447.07899751&PilihPropinsi=10&ShipperID=65&PilihKota=193&PilihKotaAsal=347:5797
[  161126ms] TypeError: $(...).DataTable is not a function
    at https://phbidlautdemo.prahu-hub.com/_resources/themes/prahutheme/js/scripts-init/tables.js:7:23
[  167819ms] [LOG] Connected @ https://phbidlautdemo.prahu-hub.com/home/analitikscsrconsignee?kota=true&kota=true&session_get=exp_6ab73389836447.07899751&PilihPropinsi=10&ShipperID=65&PilihKota=193&PilihKotaAsal=347:5797
[  183386ms] [LOG] Connected @ https://phbidlautdemo.prahu-hub.com/home/analitikscsrconsignee?kota=true&kota=true&session_get=exp_6ab73389836447.07899751&PilihPropinsi=10&ShipperID=65&PilihKota=193&PilihKotaAsal=347:5797
[  184960ms] [LOG] Connected @ https://phbidlautdemo.prahu-hub.com/home/analitikscsrconsignee?kota=true&kota=true&session_get=exp_6ab73389836447.07899751&PilihPropinsi=10&ShipperID=65&PilihKota=193&PilihKotaAsal=347:5797
[  199700ms] [LOG] Connected @ https://phbidlautdemo.prahu-hub.com/home/analitikscsrconsignee?kota=true&kota=true&session_get=exp_6ab73389836447.07899751&PilihPropinsi=10&ShipperID=65&PilihKota=193&PilihKotaAsal=347:5797
[  201717ms] [LOG] Connected @ https://phbidlautdemo.prahu-hub.com/home/analitikscsrconsignee?kota=true&kota=true&session_get=exp_6ab73389836447.07899751&PilihPropinsi=10&ShipperID=65&PilihKota=193&PilihKotaAsal=347:5797
[  217134ms] [LOG] Connected @ https://phbidlautdemo.prahu-hub.com/home/analitikscsrconsignee?kota=true&kota=true&session_get=exp_6ab73389836447.07899751&PilihPropinsi=10&ShipperID=65&PilihKota=193&PilihKotaAsal=347:5797
[  221215ms] [LOG] Connected @ https://phbidlautdemo.prahu-hub.com/home/analitikscsrconsignee?kota=true&kota=true&session_get=exp_6ab73389836447.07899751&PilihPropinsi=10&ShipperID=65&PilihKota=193&PilihKotaAsal=347:5797
[  223815ms] [LOG] Connected @ https://phbidlautdemo.prahu-hub.com/home/analitikscsrconsignee?kota=true&kota=true&session_get=exp_6ab73389836447.07899751&PilihPropinsi=10&ShipperID=65&PilihKota=193&PilihKotaAsal=347:5797
[  231231ms] [LOG] Connected @ https://phbidlautdemo.prahu-hub.com/home/analitikscsrconsignee?kota=true&kota=true&session_get=exp_6ab73389836447.07899751&PilihPropinsi=10&ShipperID=65&PilihKota=193&PilihKotaAsal=347:5797
[  235199ms] [LOG] Connected @ https://phbidlautdemo.prahu-hub.com/home/analitikscsrconsignee?kota=true&kota=true&session_get=exp_6ab73389836447.07899751&PilihPropinsi=10&ShipperID=65&PilihKota=193&PilihKotaAsal=347:5797
[  244398ms] [LOG] Connected @ https://phbidlautdemo.prahu-hub.com/home/analitikscsrconsignee?kota=true&kota=true&session_get=exp_6ab73389836447.07899751&PilihPropinsi=10&ShipperID=65&PilihKota=193&PilihKotaAsal=347:5797
[  244982ms] [LOG] Connected @ https://phbidlautdemo.prahu-hub.com/home/analitikscsrconsignee?kota=true&kota=true&session_get=exp_6ab73389836447.07899751&PilihPropinsi=10&ShipperID=65&PilihKota=193&PilihKotaAsal=347:5797
[  251454ms] [LOG] Connected @ https://phbidlautdemo.prahu-hub.com/home/analitikscsrconsignee?kota=true&kota=true&session_get=exp_6ab73389836447.07899751&PilihPropinsi=10&ShipperID=65&PilihKota=193&PilihKotaAsal=347:5797
[  256551ms] [LOG] Connected @ https://phbidlautdemo.prahu-hub.com/home/analitikscsrconsignee?kota=true&kota=true&session_get=exp_6ab73389836447.07899751&PilihPropinsi=10&ShipperID=65&PilihKota=193&PilihKotaAsal=347:5797
[  263579ms] [LOG] Connected @ https://phbidlautdemo.prahu-hub.com/home/analitikscsrconsignee?kota=true&kota=true&session_get=exp_6ab73389836447.07899751&PilihPropinsi=10&ShipperID=65&PilihKota=193&PilihKotaAsal=347:5797
[  264724ms] [LOG] Connected @ https://phbidlautdemo.prahu-hub.com/home/analitikscsrconsignee?kota=true&kota=true&session_get=exp_6ab73389836447.07899751&PilihPropinsi=10&ShipperID=65&PilihKota=193&PilihKotaAsal=347:5797
[  269134ms] [LOG] Connected @ https://phbidlautdemo.prahu-hub.com/home/analitikscsrconsignee?kota=true&kota=true&session_get=exp_6ab73389836447.07899751&PilihPropinsi=10&ShipperID=65&PilihKota=193&PilihKotaAsal=347:5797
[  269596ms] [LOG] notif_badge_hide.913-937-935-914-906-900-876-856-820-796-795-783-764-704-689-688-685-642-641-640-639-638-635-634-633-632-631-629-628-627-626-625-624-623-622-621-614-459-123-23 @ https://phbidlautdemo.prahu-hub.com/home/analitikscsrconsignee?kota=true&kota=true&session_get=exp_6ab73389836447.07899751&PilihPropinsi=10&ShipperID=65&PilihKota=193&PilihKotaAsal=347:5797
[  269667ms] [LOG] updateNotif.913-937-935-914-906-900-876-856-820-796-795-783-764-704-689-688-685-642-641-640-639-638-635-634-633-632-631-629-628-627-626-625-624-623-622-621-614-459-123-23 @ https://phbidlautdemo.prahu-hub.com/home/analitikscsrconsignee?kota=true&kota=true&session_get=exp_6ab73389836447.07899751&PilihPropinsi=10&ShipperID=65&PilihKota=193&PilihKotaAsal=347:5797
[  269755ms] [LOG] update_dashboard_order_laut @ https://phbidlautdemo.prahu-hub.com/home/analitikscsrconsignee?kota=true&kota=true&session_get=exp_6ab73389836447.07899751&PilihPropinsi=10&ShipperID=65&PilihKota=193&PilihKotaAsal=347:5797
[  270257ms] [LOG] Connected @ https://phbidlautdemo.prahu-hub.com/home/analitikscsrconsignee?kota=true&kota=true&session_get=exp_6ab73389836447.07899751&PilihPropinsi=10&ShipperID=65&PilihKota=193&PilihKotaAsal=347:5797
[  283565ms] [LOG] Connected @ https://phbidlautdemo.prahu-hub.com/home/analitikscsrconsignee?kota=true&kota=true&session_get=exp_6ab73389836447.07899751&PilihPropinsi=10&ShipperID=65&PilihKota=193&PilihKotaAsal=347:5797
[  286800ms] [LOG] Connected @ https://phbidlautdemo.prahu-hub.com/home/analitikscsrconsignee?kota=true&kota=true&session_get=exp_6ab73389836447.07899751&PilihPropinsi=10&ShipperID=65&PilihKota=193&PilihKotaAsal=347:5797
[  287744ms] [LOG] Connected @ https://phbidlautdemo.prahu-hub.com/home/analitikscsrconsignee?kota=true&kota=true&session_get=exp_6ab73389836447.07899751&PilihPropinsi=10&ShipperID=65&PilihKota=193&PilihKotaAsal=347:5797
[  294509ms] [LOG] updateNotif.913-937-935-914-906-900-876-856-820-796-795-783-764-704-689-688-685-642-641-640-639-638-635-634-633-632-631-629-628-627-626-625-624-623-622-621-614-459-123-23 @ https://phbidlautdemo.prahu-hub.com/home/analitikscsrconsignee?kota=true&kota=true&session_get=exp_6ab73389836447.07899751&PilihPropinsi=10&ShipperID=65&PilihKota=193&PilihKotaAsal=347:5797
[  294518ms] [LOG] notif_badge_hide.913-937-935-914-906-900-876-856-820-796-795-783-764-704-689-688-685-642-641-640-639-638-635-634-633-632-631-629-628-627-626-625-624-623-622-621-614-459-123-23 @ https://phbidlautdemo.prahu-hub.com/home/analitikscsrconsignee?kota=true&kota=true&session_get=exp_6ab73389836447.07899751&PilihPropinsi=10&ShipperID=65&PilihKota=193&PilihKotaAsal=347:5797
[  294582ms] [LOG] update_dashboard_order_laut @ https://phbidlautdemo.prahu-hub.com/home/analitikscsrconsignee?kota=true&kota=true&session_get=exp_6ab73389836447.07899751&PilihPropinsi=10&ShipperID=65&PilihKota=193&PilihKotaAsal=347:5797
[  303826ms] [LOG] Connected @ https://phbidlautdemo.prahu-hub.com/home/analitikscsrconsignee?kota=true&kota=true&session_get=exp_6ab73389836447.07899751&PilihPropinsi=10&ShipperID=65&PilihKota=193&PilihKotaAsal=347:5797
[  315967ms] [LOG] updateNotif.913-937-935-914-906-900-876-856-820-796-795-783-764-704-689-688-685-642-641-640-639-638-635-634-633-632-631-629-628-627-626-625-624-623-622-621-614-459-123-23 @ https://phbidlautdemo.prahu-hub.com/home/analitikscsrconsignee?kota=true&kota=true&session_get=exp_6ab73389836447.07899751&PilihPropinsi=10&ShipperID=65&PilihKota=193&PilihKotaAsal=347:5797
[  316001ms] [LOG] update_dashboard_order_laut @ https://phbidlautdemo.prahu-hub.com/home/analitikscsrconsignee?kota=true&kota=true&session_get=exp_6ab73389836447.07899751&PilihPropinsi=10&ShipperID=65&PilihKota=193&PilihKotaAsal=347:5797
[  317479ms] [LOG] notif_badge_hide.913-937-935-914-906-900-876-856-820-796-795-783-764-704-689-688-685-642-641-640-639-638-635-634-633-632-631-629-628-627-626-625-624-623-622-621-614-459-123-23 @ https://phbidlautdemo.prahu-hub.com/home/analitikscsrconsignee?kota=true&kota=true&session_get=exp_6ab73389836447.07899751&PilihPropinsi=10&ShipperID=65&PilihKota=193&PilihKotaAsal=347:5797
[  323719ms] [LOG] Connected @ https://phbidlautdemo.prahu-hub.com/home/analitikscsrconsignee?kota=true&kota=true&session_get=exp_6ab73389836447.07899751&PilihPropinsi=10&ShipperID=65&PilihKota=193&PilihKotaAsal=347:5797
[  333110ms] [LOG] Connected @ https://phbidlautdemo.prahu-hub.com/home/analitikscsrconsignee?kota=true&kota=true&session_get=exp_6ab73389836447.07899751&PilihPropinsi=10&ShipperID=65&PilihKota=193&PilihKotaAsal=347:5797
[  338245ms] [LOG] updateNotif.913-937-935-914-906-900-876-856-820-796-795-783-764-704-689-688-685-642-641-640-639-638-635-634-633-632-631-629-628-627-626-625-624-623-622-621-614-459-123-23 @ https://phbidlautdemo.prahu-hub.com/home/analitikscsrconsignee?kota=true&kota=true&session_get=exp_6ab73389836447.07899751&PilihPropinsi=10&ShipperID=65&PilihKota=193&PilihKotaAsal=347:5797
[  338277ms] [LOG] notif_badge_hide.913-937-935-914-906-900-876-856-820-796-795-783-764-704-689-688-685-642-641-640-639-638-635-634-633-632-631-629-628-627-626-625-624-623-622-621-614-459-123-23 @ https://phbidlautdemo.prahu-hub.com/home/analitikscsrconsignee?kota=true&kota=true&session_get=exp_6ab73389836447.07899751&PilihPropinsi=10&ShipperID=65&PilihKota=193&PilihKotaAsal=347:5797
[  338292ms] [LOG] update_dashboard_order_laut @ https://phbidlautdemo.prahu-hub.com/home/analitikscsrconsignee?kota=true&kota=true&session_get=exp_6ab73389836447.07899751&PilihPropinsi=10&ShipperID=65&PilihKota=193&PilihKotaAsal=347:5797
[  339652ms] [LOG] Connected @ https://phbidlautdemo.prahu-hub.com/home/analitikscsrconsignee?kota=true&kota=true&session_get=exp_6ab73389836447.07899751&PilihPropinsi=10&ShipperID=65&PilihKota=193&PilihKotaAsal=347:5797
[  341071ms] [LOG] Connected @ https://phbidlautdemo.prahu-hub.com/home/analitikscsrconsignee?kota=true&kota=true&session_get=exp_6ab73389836447.07899751&PilihPropinsi=10&ShipperID=65&PilihKota=193&PilihKotaAsal=347:5797
[  359838ms] [LOG] Connected @ https://phbidlautdemo.prahu-hub.com/home/analitikscsrconsignee?kota=true&kota=true&session_get=exp_6ab73389836447.07899751&PilihPropinsi=10&ShipperID=65&PilihKota=193&PilihKotaAsal=347:5797
[  360847ms] [LOG] Connected @ https://phbidlautdemo.prahu-hub.com/home/analitikscsrconsignee?kota=true&kota=true&session_get=exp_6ab73389836447.07899751&PilihPropinsi=10&ShipperID=65&PilihKota=193&PilihKotaAsal=347:5797
[  372959ms] [LOG] Connected @ https://phbidlautdemo.prahu-hub.com/home/analitikscsrconsignee?kota=true&kota=true&session_get=exp_6ab73389836447.07899751&PilihPropinsi=10&ShipperID=65&PilihKota=193&PilihKotaAsal=347:5797
[  375866ms] [LOG] notif_badge_show.876-796-704-641-640-639-638-631-628-23 @ https://phbidlautdemo.prahu-hub.com/home/analitikscsrconsignee?kota=true&kota=true&session_get=exp_6ab73389836447.07899751&PilihPropinsi=10&ShipperID=65&PilihKota=193&PilihKotaAsal=347:5797
[  375873ms] [LOG] updateNotif.876-796-704-641-640-639-638-631-628-23 @ https://phbidlautdemo.prahu-hub.com/home/analitikscsrconsignee?kota=true&kota=true&session_get=exp_6ab73389836447.07899751&PilihPropinsi=10&ShipperID=65&PilihKota=193&PilihKotaAsal=347:5797
[  378918ms] [LOG] Connected @ https://phbidlautdemo.prahu-hub.com/home/analitikscsrconsignee?kota=true&kota=true&session_get=exp_6ab73389836447.07899751&PilihPropinsi=10&ShipperID=65&PilihKota=193&PilihKotaAsal=347:5797
[  384722ms] [LOG] Connected @ https://phbidlautdemo.prahu-hub.com/home/analitikscsrconsignee?kota=true&kota=true&session_get=exp_6ab73389836447.07899751&PilihPropinsi=10&ShipperID=65&PilihKota=193&PilihKotaAsal=347:5797
[  396566ms] [LOG] Connected @ https://phbidlautdemo.prahu-hub.com/home/analitikscsrconsignee?kota=true&kota=true&session_get=exp_6ab73389836447.07899751&PilihPropinsi=10&ShipperID=65&PilihKota=193&PilihKotaAsal=347:5797
[  400789ms] [LOG] Connected @ https://phbidlautdemo.prahu-hub.com/home/analitikscsrconsignee?kota=true&kota=true&session_get=exp_6ab73389836447.07899751&PilihPropinsi=10&ShipperID=65&PilihKota=193&PilihKotaAsal=347:5797
[  406234ms] [LOG] Connected @ https://phbidlautdemo.prahu-hub.com/home/analitikscsrconsignee?kota=true&kota=true&session_get=exp_6ab73389836447.07899751&PilihPropinsi=10&ShipperID=65&PilihKota=193&PilihKotaAsal=347:5797
[  406998ms] [LOG] Connected @ https://phbidlautdemo.prahu-hub.com/home/analitikscsrconsignee?kota=true&kota=true&session_get=exp_6ab73389836447.07899751&PilihPropinsi=10&ShipperID=65&PilihKota=193&PilihKotaAsal=347:5797
[  408000ms] [LOG] Connected @ https://phbidlautdemo.prahu-hub.com/home/analitikscsrconsignee?kota=true&kota=true&session_get=exp_6ab73389836447.07899751&PilihPropinsi=10&ShipperID=65&PilihKota=193&PilihKotaAsal=347:5797
[  418117ms] [LOG] Connected @ https://phbidlautdemo.prahu-hub.com/home/analitikscsrconsignee?kota=true&kota=true&session_get=exp_6ab73389836447.07899751&PilihPropinsi=10&ShipperID=65&PilihKota=193&PilihKotaAsal=347:5797
[  418435ms] [LOG] Connected @ https://phbidlautdemo.prahu-hub.com/home/analitikscsrconsignee?kota=true&kota=true&session_get=exp_6ab73389836447.07899751&PilihPropinsi=10&ShipperID=65&PilihKota=193&PilihKotaAsal=347:5797
[  436315ms] [LOG] Connected @ https://phbidlautdemo.prahu-hub.com/home/analitikscsrconsignee?kota=true&kota=true&session_get=exp_6ab73389836447.07899751&PilihPropinsi=10&ShipperID=65&PilihKota=193&PilihKotaAsal=347:5797
[  446702ms] [LOG] Connected @ https://phbidlautdemo.prahu-hub.com/home/analitikscsrconsignee?kota=true&kota=true&session_get=exp_6ab73389836447.07899751&PilihPropinsi=10&ShipperID=65&PilihKota=193&PilihKotaAsal=347:5797
[  447843ms] [LOG] Connected @ https://phbidlautdemo.prahu-hub.com/home/analitikscsrconsignee?kota=true&kota=true&session_get=exp_6ab73389836447.07899751&PilihPropinsi=10&ShipperID=65&PilihKota=193&PilihKotaAsal=347:5797
[  453256ms] [LOG] Connected @ https://phbidlautdemo.prahu-hub.com/home/analitikscsrconsignee?kota=true&kota=true&session_get=exp_6ab73389836447.07899751&PilihPropinsi=10&ShipperID=65&PilihKota=193&PilihKotaAsal=347:5797
[  454776ms] [LOG] Connected @ https://phbidlautdemo.prahu-hub.com/home/analitikscsrconsignee?kota=true&kota=true&session_get=exp_6ab73389836447.07899751&PilihPropinsi=10&ShipperID=65&PilihKota=193&PilihKotaAsal=347:5797
[  462991ms] [LOG] Connected @ https://phbidlautdemo.prahu-hub.com/home/analitikscsrconsignee?kota=true&kota=true&session_get=exp_6ab73389836447.07899751&PilihPropinsi=10&ShipperID=65&PilihKota=193&PilihKotaAsal=347:5797
[  470440ms] [LOG] Connected @ https://phbidlautdemo.prahu-hub.com/home/analitikscsrconsignee?kota=true&kota=true&session_get=exp_6ab73389836447.07899751&PilihPropinsi=10&ShipperID=65&PilihKota=193&PilihKotaAsal=347:5797
[  470493ms] [LOG] Connected @ https://phbidlautdemo.prahu-hub.com/home/analitikscsrconsignee?kota=true&kota=true&session_get=exp_6ab73389836447.07899751&PilihPropinsi=10&ShipperID=65&PilihKota=193&PilihKotaAsal=347:5797
[  471061ms] [LOG] Connected @ https://phbidlautdemo.prahu-hub.com/home/analitikscsrconsignee?kota=true&kota=true&session_get=exp_6ab73389836447.07899751&PilihPropinsi=10&ShipperID=65&PilihKota=193&PilihKotaAsal=347:5797
[  479614ms] [LOG] Connected @ https://phbidlautdemo.prahu-hub.com/home/analitikscsrconsignee?kota=true&kota=true&session_get=exp_6ab73389836447.07899751&PilihPropinsi=10&ShipperID=65&PilihKota=193&PilihKotaAsal=347:5797
[  483690ms] [LOG] Connected @ https://phbidlautdemo.prahu-hub.com/home/analitikscsrconsignee?kota=true&kota=true&session_get=exp_6ab73389836447.07899751&PilihPropinsi=10&ShipperID=65&PilihKota=193&PilihKotaAsal=347:5797
[  490527ms] [LOG] Connected @ https://phbidlautdemo.prahu-hub.com/home/analitikscsrconsignee?kota=true&kota=true&session_get=exp_6ab73389836447.07899751&PilihPropinsi=10&ShipperID=65&PilihKota=193&PilihKotaAsal=347:5797
[  501202ms] [LOG] Connected @ https://phbidlautdemo.prahu-hub.com/home/analitikscsrconsignee?kota=true&kota=true&session_get=exp_6ab73389836447.07899751&PilihPropinsi=10&ShipperID=65&PilihKota=193&PilihKotaAsal=347:5797
[  504399ms] [LOG] Connected @ https://phbidlautdemo.prahu-hub.com/home/analitikscsrconsignee?kota=true&kota=true&session_get=exp_6ab73389836447.07899751&PilihPropinsi=10&ShipperID=65&PilihKota=193&PilihKotaAsal=347:5797
[  537525ms] [LOG] updateNotif.913-937-935-914-906-900-876-856-820-796-795-783-764-704-689-688-685-642-641-640-639-638-635-634-633-632-631-629-628-627-626-625-624-623-622-621-614-459-123-23 @ https://phbidlautdemo.prahu-hub.com/home/analitikscsrconsignee?kota=true&kota=true&session_get=exp_6ab73389836447.07899751&PilihPropinsi=10&ShipperID=65&PilihKota=193&PilihKotaAsal=347:5797
[  537536ms] [LOG] notif_badge_hide.913-937-935-914-906-900-876-856-820-796-795-783-764-704-689-688-685-642-641-640-639-638-635-634-633-632-631-629-628-627-626-625-624-623-622-621-614-459-123-23 @ https://phbidlautdemo.prahu-hub.com/home/analitikscsrconsignee?kota=true&kota=true&session_get=exp_6ab73389836447.07899751&PilihPropinsi=10&ShipperID=65&PilihKota=193&PilihKotaAsal=347:5797
[  537554ms] [LOG] update_dashboard_order_laut @ https://phbidlautdemo.prahu-hub.com/home/analitikscsrconsignee?kota=true&kota=true&session_get=exp_6ab73389836447.07899751&PilihPropinsi=10&ShipperID=65&PilihKota=193&PilihKotaAsal=347:5797
[  540750ms] [LOG] Connected @ https://phbidlautdemo.prahu-hub.com/home/analitikscsrconsignee?kota=true&kota=true&session_get=exp_6ab73389836447.07899751&PilihPropinsi=10&ShipperID=65&PilihKota=193&PilihKotaAsal=347:5797
[  547925ms] [LOG] Connected @ https://phbidlautdemo.prahu-hub.com/home/analitikscsrconsignee?kota=true&kota=true&session_get=exp_6ab73389836447.07899751&PilihPropinsi=10&ShipperID=65&PilihKota=193&PilihKotaAsal=347:5797
[  549635ms] [LOG] Connected @ https://phbidlautdemo.prahu-hub.com/home/analitikscsrconsignee?kota=true&kota=true&session_get=exp_6ab73389836447.07899751&PilihPropinsi=10&ShipperID=65&PilihKota=193&PilihKotaAsal=347:5797
[  550692ms] [LOG] Connected @ https://phbidlautdemo.prahu-hub.com/home/analitikscsrconsignee?kota=true&kota=true&session_get=exp_6ab73389836447.07899751&PilihPropinsi=10&ShipperID=65&PilihKota=193&PilihKotaAsal=347:5797
[  551120ms] [LOG] Connected @ https://phbidlautdemo.prahu-hub.com/home/analitikscsrconsignee?kota=true&kota=true&session_get=exp_6ab73389836447.07899751&PilihPropinsi=10&ShipperID=65&PilihKota=193&PilihKotaAsal=347:5797
[  555026ms] [LOG] Connected @ https://phbidlautdemo.prahu-hub.com/home/analitikscsrconsignee?kota=true&kota=true&session_get=exp_6ab73389836447.07899751&PilihPropinsi=10&ShipperID=65&PilihKota=193&PilihKotaAsal=347:5797
[  558849ms] [LOG] Connected @ https://phbidlautdemo.prahu-hub.com/home/analitikscsrconsignee?kota=true&kota=true&session_get=exp_6ab73389836447.07899751&PilihPropinsi=10&ShipperID=65&PilihKota=193&PilihKotaAsal=347:5797
[  567595ms] [LOG] Connected @ https://phbidlautdemo.prahu-hub.com/home/analitikscsrconsignee?kota=true&kota=true&session_get=exp_6ab73389836447.07899751&PilihPropinsi=10&ShipperID=65&PilihKota=193&PilihKotaAsal=347:5797
[  577176ms] [LOG] Connected @ https://phbidlautdemo.prahu-hub.com/home/analitikscsrconsignee?kota=true&kota=true&session_get=exp_6ab73389836447.07899751&PilihPropinsi=10&ShipperID=65&PilihKota=193&PilihKotaAsal=347:5797
[  581399ms] [LOG] Connected @ https://phbidlautdemo.prahu-hub.com/home/analitikscsrconsignee?kota=true&kota=true&session_get=exp_6ab73389836447.07899751&PilihPropinsi=10&ShipperID=65&PilihKota=193&PilihKotaAsal=347:5797
[  581558ms] [LOG] Connected @ https://phbidlautdemo.prahu-hub.com/home/analitikscsrconsignee?kota=true&kota=true&session_get=exp_6ab73389836447.07899751&PilihPropinsi=10&ShipperID=65&PilihKota=193&PilihKotaAsal=347:5797
[  587730ms] [LOG] Connected @ https://phbidlautdemo.prahu-hub.com/home/analitikscsrconsignee?kota=true&kota=true&session_get=exp_6ab73389836447.07899751&PilihPropinsi=10&ShipperID=65&PilihKota=193&PilihKotaAsal=347:5797
[  597970ms] [LOG] Connected @ https://phbidlautdemo.prahu-hub.com/home/analitikscsrconsignee?kota=true&kota=true&session_get=exp_6ab73389836447.07899751&PilihPropinsi=10&ShipperID=65&PilihKota=193&PilihKotaAsal=347:5797
[  598909ms] [LOG] Connected @ https://phbidlautdemo.prahu-hub.com/home/analitikscsrconsignee?kota=true&kota=true&session_get=exp_6ab73389836447.07899751&PilihPropinsi=10&ShipperID=65&PilihKota=193&PilihKotaAsal=347:5797
[  607006ms] [LOG] Connected @ https://phbidlautdemo.prahu-hub.com/home/analitikscsrconsignee?kota=true&kota=true&session_get=exp_6ab73389836447.07899751&PilihPropinsi=10&ShipperID=65&PilihKota=193&PilihKotaAsal=347:5797
[  633995ms] [LOG] Connected @ https://phbidlautdemo.prahu-hub.com/home/analitikscsrconsignee?kota=true&kota=true&session_get=exp_6ab73389836447.07899751&PilihPropinsi=10&ShipperID=65&PilihKota=193&PilihKotaAsal=347:5797
[  642540ms] [LOG] Connected @ https://phbidlautdemo.prahu-hub.com/home/analitikscsrconsignee?kota=true&kota=true&session_get=exp_6ab73389836447.07899751&PilihPropinsi=10&ShipperID=65&PilihKota=193&PilihKotaAsal=347:5797
[  643465ms] [LOG] Connected @ https://phbidlautdemo.prahu-hub.com/home/analitikscsrconsignee?kota=true&kota=true&session_get=exp_6ab73389836447.07899751&PilihPropinsi=10&ShipperID=65&PilihKota=193&PilihKotaAsal=347:5797
[  647339ms] [LOG] Connected @ https://phbidlautdemo.prahu-hub.com/home/analitikscsrconsignee?kota=true&kota=true&session_get=exp_6ab73389836447.07899751&PilihPropinsi=10&ShipperID=65&PilihKota=193&PilihKotaAsal=347:5797
[  654436ms] [LOG] Connected @ https://phbidlautdemo.prahu-hub.com/home/analitikscsrconsignee?kota=true&kota=true&session_get=exp_6ab73389836447.07899751&PilihPropinsi=10&ShipperID=65&PilihKota=193&PilihKotaAsal=347:5797
[  664178ms] [LOG] Connected @ https://phbidlautdemo.prahu-hub.com/home/analitikscsrconsignee?kota=true&kota=true&session_get=exp_6ab73389836447.07899751&PilihPropinsi=10&ShipperID=65&PilihKota=193&PilihKotaAsal=347:5797
[  668010ms] [LOG] Connected @ https://phbidlautdemo.prahu-hub.com/home/analitikscsrconsignee?kota=true&kota=true&session_get=exp_6ab73389836447.07899751&PilihPropinsi=10&ShipperID=65&PilihKota=193&PilihKotaAsal=347:5797
[  669412ms] [LOG] Connected @ https://phbidlautdemo.prahu-hub.com/home/analitikscsrconsignee?kota=true&kota=true&session_get=exp_6ab73389836447.07899751&PilihPropinsi=10&ShipperID=65&PilihKota=193&PilihKotaAsal=347:5797
[  680419ms] [LOG] Connected @ https://phbidlautdemo.prahu-hub.com/home/analitikscsrconsignee?kota=true&kota=true&session_get=exp_6ab73389836447.07899751&PilihPropinsi=10&ShipperID=65&PilihKota=193&PilihKotaAsal=347:5797
[  685765ms] [LOG] Connected @ https://phbidlautdemo.prahu-hub.com/home/analitikscsrconsignee?kota=true&kota=true&session_get=exp_6ab73389836447.07899751&PilihPropinsi=10&ShipperID=65&PilihKota=193&PilihKotaAsal=347:5797
[  693711ms] [LOG] Connected @ https://phbidlautdemo.prahu-hub.com/home/analitikscsrconsignee?kota=true&kota=true&session_get=exp_6ab73389836447.07899751&PilihPropinsi=10&ShipperID=65&PilihKota=193&PilihKotaAsal=347:5797
[  696264ms] [LOG] Connected @ https://phbidlautdemo.prahu-hub.com/home/analitikscsrconsignee?kota=true&kota=true&session_get=exp_6ab73389836447.07899751&PilihPropinsi=10&ShipperID=65&PilihKota=193&PilihKotaAsal=347:5797
[  706636ms] [LOG] Connected @ https://phbidlautdemo.prahu-hub.com/home/analitikscsrconsignee?kota=true&kota=true&session_get=exp_6ab73389836447.07899751&PilihPropinsi=10&ShipperID=65&PilihKota=193&PilihKotaAsal=347:5797
[  710203ms] [LOG] Connected @ https://phbidlautdemo.prahu-hub.com/home/analitikscsrconsignee?kota=true&kota=true&session_get=exp_6ab73389836447.07899751&PilihPropinsi=10&ShipperID=65&PilihKota=193&PilihKotaAsal=347:5797
[  721264ms] [LOG] Connected @ https://phbidlautdemo.prahu-hub.com/home/analitikscsrconsignee?kota=true&kota=true&session_get=exp_6ab73389836447.07899751&PilihPropinsi=10&ShipperID=65&PilihKota=193&PilihKotaAsal=347:5797
[  726632ms] [LOG] Connected @ https://phbidlautdemo.prahu-hub.com/home/analitikscsrconsignee?kota=true&kota=true&session_get=exp_6ab73389836447.07899751&PilihPropinsi=10&ShipperID=65&PilihKota=193&PilihKotaAsal=347:5797
[  748982ms] [LOG] Connected @ https://phbidlautdemo.prahu-hub.com/home/analitikscsrconsignee?kota=true&kota=true&session_get=exp_6ab73389836447.07899751&PilihPropinsi=10&ShipperID=65&PilihKota=193&PilihKotaAsal=347:5797
[  749417ms] [LOG] Connected @ https://phbidlautdemo.prahu-hub.com/home/analitikscsrconsignee?kota=true&kota=true&session_get=exp_6ab73389836447.07899751&PilihPropinsi=10&ShipperID=65&PilihKota=193&PilihKotaAsal=347:5797
[  749444ms] [LOG] Connected @ https://phbidlautdemo.prahu-hub.com/home/analitikscsrconsignee?kota=true&kota=true&session_get=exp_6ab73389836447.07899751&PilihPropinsi=10&ShipperID=65&PilihKota=193&PilihKotaAsal=347:5797
[  754615ms] [LOG] Connected @ https://phbidlautdemo.prahu-hub.com/home/analitikscsrconsignee?kota=true&kota=true&session_get=exp_6ab73389836447.07899751&PilihPropinsi=10&ShipperID=65&PilihKota=193&PilihKotaAsal=347:5797
[  763543ms] [LOG] Connected @ https://phbidlautdemo.prahu-hub.com/home/analitikscsrconsignee?kota=true&kota=true&session_get=exp_6ab73389836447.07899751&PilihPropinsi=10&ShipperID=65&PilihKota=193&PilihKotaAsal=347:5797
[  783739ms] [LOG] Connected @ https://phbidlautdemo.prahu-hub.com/home/analitikscsrconsignee?kota=true&kota=true&session_get=exp_6ab73389836447.07899751&PilihPropinsi=10&ShipperID=65&PilihKota=193&PilihKotaAsal=347:5797
[  790193ms] [LOG] Connected @ https://phbidlautdemo.prahu-hub.com/home/analitikscsrconsignee?kota=true&kota=true&session_get=exp_6ab73389836447.07899751&PilihPropinsi=10&ShipperID=65&PilihKota=193&PilihKotaAsal=347:5797
[  795766ms] [LOG] Connected @ https://phbidlautdemo.prahu-hub.com/home/analitikscsrconsignee?kota=true&kota=true&session_get=exp_6ab73389836447.07899751&PilihPropinsi=10&ShipperID=65&PilihKota=193&PilihKotaAsal=347:5797
[  797094ms] [LOG] Connected @ https://phbidlautdemo.prahu-hub.com/home/analitikscsrconsignee?kota=true&kota=true&session_get=exp_6ab73389836447.07899751&PilihPropinsi=10&ShipperID=65&PilihKota=193&PilihKotaAsal=347:5797
[  803627ms] [LOG] Connected @ https://phbidlautdemo.prahu-hub.com/home/analitikscsrconsignee?kota=true&kota=true&session_get=exp_6ab73389836447.07899751&PilihPropinsi=10&ShipperID=65&PilihKota=193&PilihKotaAsal=347:5797
[  804657ms] [LOG] Connected @ https://phbidlautdemo.prahu-hub.com/home/analitikscsrconsignee?kota=true&kota=true&session_get=exp_6ab73389836447.07899751&PilihPropinsi=10&ShipperID=65&PilihKota=193&PilihKotaAsal=347:5797
[  810500ms] [LOG] Connected @ https://phbidlautdemo.prahu-hub.com/home/analitikscsrconsignee?kota=true&kota=true&session_get=exp_6ab73389836447.07899751&PilihPropinsi=10&ShipperID=65&PilihKota=193&PilihKotaAsal=347:5797
[  811392ms] [LOG] Connected @ https://phbidlautdemo.prahu-hub.com/home/analitikscsrconsignee?kota=true&kota=true&session_get=exp_6ab73389836447.07899751&PilihPropinsi=10&ShipperID=65&PilihKota=193&PilihKotaAsal=347:5797
[  818597ms] [LOG] Connected @ https://phbidlautdemo.prahu-hub.com/home/analitikscsrconsignee?kota=true&kota=true&session_get=exp_6ab73389836447.07899751&PilihPropinsi=10&ShipperID=65&PilihKota=193&PilihKotaAsal=347:5797
[  818799ms] [LOG] Connected @ https://phbidlautdemo.prahu-hub.com/home/analitikscsrconsignee?kota=true&kota=true&session_get=exp_6ab73389836447.07899751&PilihPropinsi=10&ShipperID=65&PilihKota=193&PilihKotaAsal=347:5797
[  820558ms] [LOG] Connected @ https://phbidlautdemo.prahu-hub.com/home/analitikscsrconsignee?kota=true&kota=true&session_get=exp_6ab73389836447.07899751&PilihPropinsi=10&ShipperID=65&PilihKota=193&PilihKotaAsal=347:5797
[  826318ms] [LOG] Connected @ https://phbidlautdemo.prahu-hub.com/home/analitikscsrconsignee?kota=true&kota=true&session_get=exp_6ab73389836447.07899751&PilihPropinsi=10&ShipperID=65&PilihKota=193&PilihKotaAsal=347:5797
[  834399ms] [LOG] Connected @ https://phbidlautdemo.prahu-hub.com/home/analitikscsrconsignee?kota=true&kota=true&session_get=exp_6ab73389836447.07899751&PilihPropinsi=10&ShipperID=65&PilihKota=193&PilihKotaAsal=347:5797
[  846838ms] [LOG] Connected @ https://phbidlautdemo.prahu-hub.com/home/analitikscsrconsignee?kota=true&kota=true&session_get=exp_6ab73389836447.07899751&PilihPropinsi=10&ShipperID=65&PilihKota=193&PilihKotaAsal=347:5797
[  852949ms] [LOG] Connected @ https://phbidlautdemo.prahu-hub.com/home/analitikscsrconsignee?kota=true&kota=true&session_get=exp_6ab73389836447.07899751&PilihPropinsi=10&ShipperID=65&PilihKota=193&PilihKotaAsal=347:5797
[  853065ms] [LOG] Connected @ https://phbidlautdemo.prahu-hub.com/home/analitikscsrconsignee?kota=true&kota=true&session_get=exp_6ab73389836447.07899751&PilihPropinsi=10&ShipperID=65&PilihKota=193&PilihKotaAsal=347:5797
[  853696ms] [LOG] Connected @ https://phbidlautdemo.prahu-hub.com/home/analitikscsrconsignee?kota=true&kota=true&session_get=exp_6ab73389836447.07899751&PilihPropinsi=10&ShipperID=65&PilihKota=193&PilihKotaAsal=347:5797
[  858782ms] [LOG] Connected @ https://phbidlautdemo.prahu-hub.com/home/analitikscsrconsignee?kota=true&kota=true&session_get=exp_6ab73389836447.07899751&PilihPropinsi=10&ShipperID=65&PilihKota=193&PilihKotaAsal=347:5797
[  861710ms] [LOG] notif_badge_show.209-1 @ https://phbidlautdemo.prahu-hub.com/home/analitikscsrconsignee?kota=true&kota=true&session_get=exp_6ab73389836447.07899751&PilihPropinsi=10&ShipperID=65&PilihKota=193&PilihKotaAsal=347:5797
[  861712ms] [LOG] updateNotifDarat.209-1 @ https://phbidlautdemo.prahu-hub.com/home/analitikscsrconsignee?kota=true&kota=true&session_get=exp_6ab73389836447.07899751&PilihPropinsi=10&ShipperID=65&PilihKota=193&PilihKotaAsal=347:5797
[  866040ms] [LOG] updateNotifDarat.209-1 @ https://phbidlautdemo.prahu-hub.com/home/analitikscsrconsignee?kota=true&kota=true&session_get=exp_6ab73389836447.07899751&PilihPropinsi=10&ShipperID=65&PilihKota=193&PilihKotaAsal=347:5797
[  866042ms] [LOG] notif_badge_show.209-1 @ https://phbidlautdemo.prahu-hub.com/home/analitikscsrconsignee?kota=true&kota=true&session_get=exp_6ab73389836447.07899751&PilihPropinsi=10&ShipperID=65&PilihKota=193&PilihKotaAsal=347:5797
[  866047ms] [LOG] updateNotifDarat.2-1 @ https://phbidlautdemo.prahu-hub.com/home/analitikscsrconsignee?kota=true&kota=true&session_get=exp_6ab73389836447.07899751&PilihPropinsi=10&ShipperID=65&PilihKota=193&PilihKotaAsal=347:5797
[  866061ms] [LOG] notif_badge_show.2-1 @ https://phbidlautdemo.prahu-hub.com/home/analitikscsrconsignee?kota=true&kota=true&session_get=exp_6ab73389836447.07899751&PilihPropinsi=10&ShipperID=65&PilihKota=193&PilihKotaAsal=347:5797
[  867041ms] [LOG] Connected @ https://phbidlautdemo.prahu-hub.com/home/analitikscsrconsignee?kota=true&kota=true&session_get=exp_6ab73389836447.07899751&PilihPropinsi=10&ShipperID=65&PilihKota=193&PilihKotaAsal=347:5797
[  871073ms] [LOG] Connected @ https://phbidlautdemo.prahu-hub.com/home/analitikscsrconsignee?kota=true&kota=true&session_get=exp_6ab73389836447.07899751&PilihPropinsi=10&ShipperID=65&PilihKota=193&PilihKotaAsal=347:5797
[  872717ms] [LOG] updateNotifDarat.209-1 @ https://phbidlautdemo.prahu-hub.com/home/analitikscsrconsignee?kota=true&kota=true&session_get=exp_6ab73389836447.07899751&PilihPropinsi=10&ShipperID=65&PilihKota=193&PilihKotaAsal=347:5797
[  872737ms] [LOG] notif_badge_show.209-1 @ https://phbidlautdemo.prahu-hub.com/home/analitikscsrconsignee?kota=true&kota=true&session_get=exp_6ab73389836447.07899751&PilihPropinsi=10&ShipperID=65&PilihKota=193&PilihKotaAsal=347:5797
[  872738ms] [LOG] updateNotifDarat.2-1 @ https://phbidlautdemo.prahu-hub.com/home/analitikscsrconsignee?kota=true&kota=true&session_get=exp_6ab73389836447.07899751&PilihPropinsi=10&ShipperID=65&PilihKota=193&PilihKotaAsal=347:5797
[  872739ms] [LOG] notif_badge_show.2-1 @ https://phbidlautdemo.prahu-hub.com/home/analitikscsrconsignee?kota=true&kota=true&session_get=exp_6ab73389836447.07899751&PilihPropinsi=10&ShipperID=65&PilihKota=193&PilihKotaAsal=347:5797
[  877370ms] [LOG] Connected @ https://phbidlautdemo.prahu-hub.com/home/analitikscsrconsignee?kota=true&kota=true&session_get=exp_6ab73389836447.07899751&PilihPropinsi=10&ShipperID=65&PilihKota=193&PilihKotaAsal=347:5797
[  881767ms] [LOG] Connected @ https://phbidlautdemo.prahu-hub.com/home/analitikscsrconsignee?kota=true&kota=true&session_get=exp_6ab73389836447.07899751&PilihPropinsi=10&ShipperID=65&PilihKota=193&PilihKotaAsal=347:5797
[  887233ms] [LOG] Connected @ https://phbidlautdemo.prahu-hub.com/home/analitikscsrconsignee?kota=true&kota=true&session_get=exp_6ab73389836447.07899751&PilihPropinsi=10&ShipperID=65&PilihKota=193&PilihKotaAsal=347:5797
[  889713ms] [LOG] Connected @ https://phbidlautdemo.prahu-hub.com/home/analitikscsrconsignee?kota=true&kota=true&session_get=exp_6ab73389836447.07899751&PilihPropinsi=10&ShipperID=65&PilihKota=193&PilihKotaAsal=347:5797
[  890770ms] [LOG] Connected @ https://phbidlautdemo.prahu-hub.com/home/analitikscsrconsignee?kota=true&kota=true&session_get=exp_6ab73389836447.07899751&PilihPropinsi=10&ShipperID=65&PilihKota=193&PilihKotaAsal=347:5797
[  890929ms] [LOG] Connected @ https://phbidlautdemo.prahu-hub.com/home/analitikscsrconsignee?kota=true&kota=true&session_get=exp_6ab73389836447.07899751&PilihPropinsi=10&ShipperID=65&PilihKota=193&PilihKotaAsal=347:5797
[  899504ms] [LOG] Connected @ https://phbidlautdemo.prahu-hub.com/home/analitikscsrconsignee?kota=true&kota=true&session_get=exp_6ab73389836447.07899751&PilihPropinsi=10&ShipperID=65&PilihKota=193&PilihKotaAsal=347:5797
[  902774ms] [LOG] Connected @ https://phbidlautdemo.prahu-hub.com/home/analitikscsrconsignee?kota=true&kota=true&session_get=exp_6ab73389836447.07899751&PilihPropinsi=10&ShipperID=65&PilihKota=193&PilihKotaAsal=347:5797
[  919354ms] [LOG] Connected @ https://phbidlautdemo.prahu-hub.com/home/analitikscsrconsignee?kota=true&kota=true&session_get=exp_6ab73389836447.07899751&PilihPropinsi=10&ShipperID=65&PilihKota=193&PilihKotaAsal=347:5797
[  924798ms] [LOG] Connected @ https://phbidlautdemo.prahu-hub.com/home/analitikscsrconsignee?kota=true&kota=true&session_get=exp_6ab73389836447.07899751&PilihPropinsi=10&ShipperID=65&PilihKota=193&PilihKotaAsal=347:5797
[  940189ms] [LOG] Connected @ https://phbidlautdemo.prahu-hub.com/home/analitikscsrconsignee?kota=true&kota=true&session_get=exp_6ab73389836447.07899751&PilihPropinsi=10&ShipperID=65&PilihKota=193&PilihKotaAsal=347:5797
[  940698ms] [LOG] Connected @ https://phbidlautdemo.prahu-hub.com/home/analitikscsrconsignee?kota=true&kota=true&session_get=exp_6ab73389836447.07899751&PilihPropinsi=10&ShipperID=65&PilihKota=193&PilihKotaAsal=347:5797
[  977969ms] [LOG] Connected @ https://phbidlautdemo.prahu-hub.com/home/analitikscsrconsignee?kota=true&kota=true&session_get=exp_6ab73389836447.07899751&PilihPropinsi=10&ShipperID=65&PilihKota=193&PilihKotaAsal=347:5797
[  978086ms] [LOG] Connected @ https://phbidlautdemo.prahu-hub.com/home/analitikscsrconsignee?kota=true&kota=true&session_get=exp_6ab73389836447.07899751&PilihPropinsi=10&ShipperID=65&PilihKota=193&PilihKotaAsal=347:5797
[  983514ms] [LOG] Connected @ https://phbidlautdemo.prahu-hub.com/home/analitikscsrconsignee?kota=true&kota=true&session_get=exp_6ab73389836447.07899751&PilihPropinsi=10&ShipperID=65&PilihKota=193&PilihKotaAsal=347:5797
[  988634ms] [LOG] Connected @ https://phbidlautdemo.prahu-hub.com/home/analitikscsrconsignee?kota=true&kota=true&session_get=exp_6ab73389836447.07899751&PilihPropinsi=10&ShipperID=65&PilihKota=193&PilihKotaAsal=347:5797
[ 1000275ms] [LOG] Connected @ https://phbidlautdemo.prahu-hub.com/home/analitikscsrconsignee?kota=true&kota=true&session_get=exp_6ab73389836447.07899751&PilihPropinsi=10&ShipperID=65&PilihKota=193&PilihKotaAsal=347:5797
[ 1033898ms] [LOG] notif_badge_show.20-1 @ https://phbidlautdemo.prahu-hub.com/home/analitikscsrconsignee?kota=true&kota=true&session_get=exp_6ab73389836447.07899751&PilihPropinsi=10&ShipperID=65&PilihKota=193&PilihKotaAsal=347:5797
[ 1033899ms] [LOG] updateNotifDarat.1 @ https://phbidlautdemo.prahu-hub.com/home/analitikscsrconsignee?kota=true&kota=true&session_get=exp_6ab73389836447.07899751&PilihPropinsi=10&ShipperID=65&PilihKota=193&PilihKotaAsal=347:5797
[ 1033901ms] [LOG] notif_badge_show.1 @ https://phbidlautdemo.prahu-hub.com/home/analitikscsrconsignee?kota=true&kota=true&session_get=exp_6ab73389836447.07899751&PilihPropinsi=10&ShipperID=65&PilihKota=193&PilihKotaAsal=347:5797
[ 1041843ms] [LOG] Connected @ https://phbidlautdemo.prahu-hub.com/home/analitikscsrconsignee?kota=true&kota=true&session_get=exp_6ab73389836447.07899751&PilihPropinsi=10&ShipperID=65&PilihKota=193&PilihKotaAsal=347:5797
[ 1054053ms] [LOG] Connected @ https://phbidlautdemo.prahu-hub.com/home/analitikscsrconsignee?kota=true&kota=true&session_get=exp_6ab73389836447.07899751&PilihPropinsi=10&ShipperID=65&PilihKota=193&PilihKotaAsal=347:5797
[ 1062467ms] [LOG] Connected @ https://phbidlautdemo.prahu-hub.com/home/analitikscsrconsignee?kota=true&kota=true&session_get=exp_6ab73389836447.07899751&PilihPropinsi=10&ShipperID=65&PilihKota=193&PilihKotaAsal=347:5797
[ 1064721ms] [LOG] Connected @ https://phbidlautdemo.prahu-hub.com/home/analitikscsrconsignee?kota=true&kota=true&session_get=exp_6ab73389836447.07899751&PilihPropinsi=10&ShipperID=65&PilihKota=193&PilihKotaAsal=347:5797
[ 1077322ms] [LOG] Connected @ https://phbidlautdemo.prahu-hub.com/home/analitikscsrconsignee?kota=true&kota=true&session_get=exp_6ab73389836447.07899751&PilihPropinsi=10&ShipperID=65&PilihKota=193&PilihKotaAsal=347:5797
[ 1093062ms] [LOG] updateNotifDarat.373-1 @ https://phbidlautdemo.prahu-hub.com/home/analitikscsrconsignee?kota=true&kota=true&session_get=exp_6ab73389836447.07899751&PilihPropinsi=10&ShipperID=65&PilihKota=193&PilihKotaAsal=347:5797
[ 1093067ms] [LOG] updateNotifDarat.1 @ https://phbidlautdemo.prahu-hub.com/home/analitikscsrconsignee?kota=true&kota=true&session_get=exp_6ab73389836447.07899751&PilihPropinsi=10&ShipperID=65&PilihKota=193&PilihKotaAsal=347:5797
[ 1093086ms] [LOG] notif_badge_show.373-1 @ https://phbidlautdemo.prahu-hub.com/home/analitikscsrconsignee?kota=true&kota=true&session_get=exp_6ab73389836447.07899751&PilihPropinsi=10&ShipperID=65&PilihKota=193&PilihKotaAsal=347:5797
[ 1093086ms] [LOG] notif_badge_show.1 @ https://phbidlautdemo.prahu-hub.com/home/analitikscsrconsignee?kota=true&kota=true&session_get=exp_6ab73389836447.07899751&PilihPropinsi=10&ShipperID=65&PilihKota=193&PilihKotaAsal=347:5797
[ 1095992ms] [LOG] Connected @ https://phbidlautdemo.prahu-hub.com/home/analitikscsrconsignee?kota=true&kota=true&session_get=exp_6ab73389836447.07899751&PilihPropinsi=10&ShipperID=65&PilihKota=193&PilihKotaAsal=347:5797
[ 1106664ms] [LOG] updateNotifDarat.485-471-460-459-454-451-447-417-385-262-194-192-49-42-18-8-373-1 @ https://phbidlautdemo.prahu-hub.com/home/analitikscsrconsignee?kota=true&kota=true&session_get=exp_6ab73389836447.07899751&PilihPropinsi=10&ShipperID=65&PilihKota=193&PilihKotaAsal=347:5797
[ 1106667ms] [LOG] notif_badge_hide.485-471-460-459-454-451-447-417-385-262-194-192-49-42-18-8-373-1 @ https://phbidlautdemo.prahu-hub.com/home/analitikscsrconsignee?kota=true&kota=true&session_get=exp_6ab73389836447.07899751&PilihPropinsi=10&ShipperID=65&PilihKota=193&PilihKotaAsal=347:5797
