[     370ms] [LOG] Connected @ https://phbidlautdemo.prahu-hub.com/lelang/listlelang?tab=telah-akhir-kirim:6075
[    1071ms] Cannot use import statement outside a module
[    1086ms] ReferenceError: Chart is not defined
    at https://phbidlautdemo.prahu-hub.com/_resources/themes/prahutheme/js/scripts-init/charts/chartjs.js:8:13
[    1177ms] Unexpected token '<'
[    1287ms] Unexpected token '<'
[    1321ms] Uncaught TypeError: expect element to be DOM Element, but got null
    at n.init (https://cdnjs.cloudflare.com/ajax/libs/smooth-scrollbar/8.5.2/smooth-scrollbar.js:24:264)
    at <anonymous> (https://phbidlautdemo.prahu-hub.com/lelang/listlelang?tab=lelang-batal:5630:14)
[    1350ms] [LOG] Pengajuan Lelangnamanya @ https://phbidlautdemo.prahu-hub.com/lelang/listlelang?tab=lelang-batal:1756
[    1357ms] [LOG] undefined @ https://phbidlautdemo.prahu-hub.com/lelang/listlelang?tab=lelang-batal:5982
[    1358ms] [LOG] undefined @ https://phbidlautdemo.prahu-hub.com/lelang/listlelang?tab=lelang-batal:5982
[    1358ms] [LOG] Masukkan Nama Shipper @ https://phbidlautdemo.prahu-hub.com/lelang/listlelang?tab=lelang-batal:5982
[    1358ms] [LOG] Masukkan Nomor Lelang @ https://phbidlautdemo.prahu-hub.com/lelang/listlelang?tab=lelang-batal:5982
[    1358ms] [LOG] DD/MM/YYYY @ https://phbidlautdemo.prahu-hub.com/lelang/listlelang?tab=lelang-batal:5982
[    1358ms] [LOG] DD/MM/YYYY @ https://phbidlautdemo.prahu-hub.com/lelang/listlelang?tab=lelang-batal:5982
[    1358ms] [LOG] DD/MM/YYYY @ https://phbidlautdemo.prahu-hub.com/lelang/listlelang?tab=lelang-batal:5982
[    1358ms] [LOG] DD/MM/YYYY @ https://phbidlautdemo.prahu-hub.com/lelang/listlelang?tab=lelang-batal:5982
[    1358ms] [LOG] Masukkan Nama Shipper @ https://phbidlautdemo.prahu-hub.com/lelang/listlelang?tab=lelang-batal:5982
[    1359ms] [LOG] undefined @ https://phbidlautdemo.prahu-hub.com/lelang/listlelang?tab=lelang-batal:5982
[    1359ms] [LOG] undefined @ https://phbidlautdemo.prahu-hub.com/lelang/listlelang?tab=lelang-batal:5982
[    1359ms] [LOG] Masukkan Nama Bank @ https://phbidlautdemo.prahu-hub.com/lelang/listlelang?tab=lelang-batal:5982
[    1359ms] [LOG] undefined @ https://phbidlautdemo.prahu-hub.com/lelang/listlelang?tab=lelang-batal:5982
[    1360ms] [LOG] WebSocket connection @ https://phbidlautdemo.prahu-hub.com/lelang/listlelang?tab=lelang-batal:6025
[    1361ms] [LOG] WebSocket connection attempting... @ https://phbidlautdemo.prahu-hub.com/lelang/listlelang?tab=lelang-batal:6103
[    1541ms] [LOG] WebSocket connected @ https://phbidlautdemo.prahu-hub.com/lelang/listlelang?tab=lelang-batal:6034
[    1542ms] [LOG] update_dashboard_order_laut @ https://phbidlautdemo.prahu-hub.com/lelang/listlelang?tab=lelang-batal:6075
[    1596ms] [LOG] Connected @ https://phbidlautdemo.prahu-hub.com/lelang/listlelang?tab=lelang-batal:6075
[    3031ms] [LOG] [Object, Object, Object, Object, Object, Object, Object, Object, Object, Object, Object, Object, Object, Object, Object, Object, Object, Object, Object, Object] @ https://phbidlautdemo.prahu-hub.com/_resources/themes/prahutheme/javascript/custom/listLelang.js?m=1787206890:14
[    3035ms] [LOG] 46 @ https://phbidlautdemo.prahu-hub.com/_resources/themes/prahutheme/javascript/custom/listLelang.js?m=1787206890:818
[    3035ms] [LOG] 46 countView1 1 pageNow 20 limitView1 @ https://phbidlautdemo.prahu-hub.com/_resources/themes/prahutheme/javascript/custom/listLelang.js?m=1787206890:820
[    3035ms] [LOG] 20 @ https://phbidlautdemo.prahu-hub.com/_resources/themes/prahutheme/javascript/custom/listLelang.js?m=1787206890:826
[    3036ms] [LOG] 46 jumlah data @ https://phbidlautdemo.prahu-hub.com/_resources/themes/prahutheme/javascript/custom/listLelang.js?m=1787206890:779
[    3036ms] [LOG] 3 @ https://phbidlautdemo.prahu-hub.com/_resources/themes/prahutheme/javascript/custom/listLelang.js?m=1787206890:781
[    3036ms] [LOG] 3 1 pageCount & pageNow @ https://phbidlautdemo.prahu-hub.com/_resources/themes/prahutheme/javascript/custom/listLelang.js?m=1787206890:704
[    3038ms] [LOG] 200 xhrglobal @ https://phbidlautdemo.prahu-hub.com/lelang/listlelang?tab=lelang-batal:5956
[    3055ms] ReferenceError: renderTooltipHarga is not defined
    at https://phbidlautdemo.prahu-hub.com/_resources/themes/prahutheme/javascript/custom/listLelang.js?m=1787206890:1049:9
[    3192ms] [LOG] 200 xhrglobal @ https://phbidlautdemo.prahu-hub.com/lelang/listlelang?tab=lelang-batal:5956
[    3452ms] TypeError: $(...).DataTable is not a function
    at https://phbidlautdemo.prahu-hub.com/_resources/themes/prahutheme/js/scripts-init/tables.js:7:23
[    3406ms] [LOG] 200 xhrglobal @ https://phbidlautdemo.prahu-hub.com/lelang/listlelang?tab=lelang-batal:5956
[    4025ms] [LOG] Connected @ https://phbidlautdemo.prahu-hub.com/lelang/listlelang?tab=lelang-batal:6075
[    5360ms] [LOG] Connected @ https://phbidlautdemo.prahu-hub.com/lelang/listlelang?tab=lelang-batal:6075
[    7765ms] [LOG] Connected @ https://phbidlautdemo.prahu-hub.com/lelang/listlelang?tab=lelang-batal:6075
[   15499ms] [LOG] Connected @ https://phbidlautdemo.prahu-hub.com/lelang/listlelang?tab=lelang-batal:6075
[   20276ms] Cannot use import statement outside a module
[   20277ms] ReferenceError: Chart is not defined
    at https://phbidlautdemo.prahu-hub.com/_resources/themes/prahutheme/js/scripts-init/charts/chartjs.js:8:13
[   20279ms] Unexpected token '<'
[   20484ms] Unexpected token '<'
[   20526ms] Uncaught TypeError: expect element to be DOM Element, but got null
    at n.init (https://cdnjs.cloudflare.com/ajax/libs/smooth-scrollbar/8.5.2/smooth-scrollbar.js:24:264)
    at <anonymous> (https://phbidlautdemo.prahu-hub.com/lelang/listlelang?tab=perlu-update-harga:5630:14)
[   20553ms] [LOG] Pengajuan Lelangnamanya @ https://phbidlautdemo.prahu-hub.com/lelang/listlelang?tab=perlu-update-harga:1756
[   20559ms] [LOG] undefined @ https://phbidlautdemo.prahu-hub.com/lelang/listlelang?tab=perlu-update-harga:5982
[   20559ms] [LOG] undefined @ https://phbidlautdemo.prahu-hub.com/lelang/listlelang?tab=perlu-update-harga:5982
[   20559ms] [LOG] Masukkan Nama Shipper @ https://phbidlautdemo.prahu-hub.com/lelang/listlelang?tab=perlu-update-harga:5982
[   20560ms] [LOG] Masukkan Nomor Lelang @ https://phbidlautdemo.prahu-hub.com/lelang/listlelang?tab=perlu-update-harga:5982
[   20560ms] [LOG] DD/MM/YYYY @ https://phbidlautdemo.prahu-hub.com/lelang/listlelang?tab=perlu-update-harga:5982
[   20560ms] [LOG] DD/MM/YYYY @ https://phbidlautdemo.prahu-hub.com/lelang/listlelang?tab=perlu-update-harga:5982
[   20560ms] [LOG] DD/MM/YYYY @ https://phbidlautdemo.prahu-hub.com/lelang/listlelang?tab=perlu-update-harga:5982
[   20560ms] [LOG] DD/MM/YYYY @ https://phbidlautdemo.prahu-hub.com/lelang/listlelang?tab=perlu-update-harga:5982
[   20560ms] [LOG] Masukkan Nama Shipper @ https://phbidlautdemo.prahu-hub.com/lelang/listlelang?tab=perlu-update-harga:5982
[   20560ms] [LOG] undefined @ https://phbidlautdemo.prahu-hub.com/lelang/listlelang?tab=perlu-update-harga:5982
[   20560ms] [LOG] undefined @ https://phbidlautdemo.prahu-hub.com/lelang/listlelang?tab=perlu-update-harga:5982
[   20560ms] [LOG] Masukkan Nama Bank @ https://phbidlautdemo.prahu-hub.com/lelang/listlelang?tab=perlu-update-harga:5982
[   20560ms] [LOG] undefined @ https://phbidlautdemo.prahu-hub.com/lelang/listlelang?tab=perlu-update-harga:5982
[   20561ms] [LOG] WebSocket connection @ https://phbidlautdemo.prahu-hub.com/lelang/listlelang?tab=perlu-update-harga:6025
[   20561ms] [LOG] WebSocket connection attempting... @ https://phbidlautdemo.prahu-hub.com/lelang/listlelang?tab=perlu-update-harga:6103
[   21071ms] [LOG] WebSocket connected @ https://phbidlautdemo.prahu-hub.com/lelang/listlelang?tab=perlu-update-harga:6034
[   21073ms] [LOG] update_dashboard_order_laut @ https://phbidlautdemo.prahu-hub.com/lelang/listlelang?tab=perlu-update-harga:6075
[   21209ms] [LOG] Connected @ https://phbidlautdemo.prahu-hub.com/lelang/listlelang?tab=perlu-update-harga:6075
[   21278ms] [LOG] 200 xhrglobal @ https://phbidlautdemo.prahu-hub.com/lelang/listlelang?tab=perlu-update-harga:5956
[   21301ms] [LOG] [] @ https://phbidlautdemo.prahu-hub.com/_resources/themes/prahutheme/javascript/custom/listLelang.js?m=1787206890:14
[   21302ms] [LOG] 200 xhrglobal @ https://phbidlautdemo.prahu-hub.com/lelang/listlelang?tab=perlu-update-harga:5956
[   21299ms] ReferenceError: renderTooltipHarga is not defined
    at https://phbidlautdemo.prahu-hub.com/_resources/themes/prahutheme/javascript/custom/listLelang.js?m=1787206890:1049:9
[   21312ms] [LOG] 200 xhrglobal @ https://phbidlautdemo.prahu-hub.com/lelang/listlelang?tab=perlu-update-harga:5956
[   22557ms] TypeError: $(...).DataTable is not a function
    at https://phbidlautdemo.prahu-hub.com/_resources/themes/prahutheme/js/scripts-init/tables.js:7:23
[   30101ms] [LOG] Connected @ https://phbidlautdemo.prahu-hub.com/lelang/listlelang?tab=perlu-update-harga:6075
[   30929ms] [LOG] Connected @ https://phbidlautdemo.prahu-hub.com/lelang/listlelang?tab=perlu-update-harga:6075
[   36015ms] Cannot use import statement outside a module
[   36027ms] ReferenceError: Chart is not defined
    at https://phbidlautdemo.prahu-hub.com/_resources/themes/prahutheme/js/scripts-init/charts/chartjs.js:8:13
[   36027ms] Unexpected token '<'
[   36112ms] Unexpected token '<'
[   36144ms] Uncaught TypeError: expect element to be DOM Element, but got null
    at n.init (https://cdnjs.cloudflare.com/ajax/libs/smooth-scrollbar/8.5.2/smooth-scrollbar.js:24:264)
    at <anonymous> (https://phbidlautdemo.prahu-hub.com/lelang/listlelang?tab=lelang-tutup:5630:14)
[   36172ms] [LOG] Pengajuan Lelangnamanya @ https://phbidlautdemo.prahu-hub.com/lelang/listlelang?tab=lelang-tutup:1756
[   36176ms] [LOG] undefined @ https://phbidlautdemo.prahu-hub.com/lelang/listlelang?tab=lelang-tutup:5982
[   36176ms] [LOG] undefined @ https://phbidlautdemo.prahu-hub.com/lelang/listlelang?tab=lelang-tutup:5982
[   36176ms] [LOG] Masukkan Nama Shipper @ https://phbidlautdemo.prahu-hub.com/lelang/listlelang?tab=lelang-tutup:5982
[   36176ms] [LOG] Masukkan Nomor Lelang @ https://phbidlautdemo.prahu-hub.com/lelang/listlelang?tab=lelang-tutup:5982
[   36176ms] [LOG] DD/MM/YYYY @ https://phbidlautdemo.prahu-hub.com/lelang/listlelang?tab=lelang-tutup:5982
[   36178ms] [LOG] DD/MM/YYYY @ https://phbidlautdemo.prahu-hub.com/lelang/listlelang?tab=lelang-tutup:5982
[   36178ms] [LOG] DD/MM/YYYY @ https://phbidlautdemo.prahu-hub.com/lelang/listlelang?tab=lelang-tutup:5982
[   36178ms] [LOG] DD/MM/YYYY @ https://phbidlautdemo.prahu-hub.com/lelang/listlelang?tab=lelang-tutup:5982
[   36178ms] [LOG] Masukkan Nama Shipper @ https://phbidlautdemo.prahu-hub.com/lelang/listlelang?tab=lelang-tutup:5982
[   36178ms] [LOG] undefined @ https://phbidlautdemo.prahu-hub.com/lelang/listlelang?tab=lelang-tutup:5982
[   36179ms] [LOG] undefined @ https://phbidlautdemo.prahu-hub.com/lelang/listlelang?tab=lelang-tutup:5982
[   36179ms] [LOG] Masukkan Nama Bank @ https://phbidlautdemo.prahu-hub.com/lelang/listlelang?tab=lelang-tutup:5982
[   36179ms] [LOG] undefined @ https://phbidlautdemo.prahu-hub.com/lelang/listlelang?tab=lelang-tutup:5982
[   36179ms] [LOG] WebSocket connection @ https://phbidlautdemo.prahu-hub.com/lelang/listlelang?tab=lelang-tutup:6025
[   36180ms] [LOG] WebSocket connection attempting... @ https://phbidlautdemo.prahu-hub.com/lelang/listlelang?tab=lelang-tutup:6103
[   36301ms] [LOG] WebSocket connected @ https://phbidlautdemo.prahu-hub.com/lelang/listlelang?tab=lelang-tutup:6034
[   36315ms] [LOG] update_dashboard_order_laut @ https://phbidlautdemo.prahu-hub.com/lelang/listlelang?tab=lelang-tutup:6075
[   36336ms] [LOG] Connected @ https://phbidlautdemo.prahu-hub.com/lelang/listlelang?tab=lelang-tutup:6075
[   37392ms] [LOG] Connected @ https://phbidlautdemo.prahu-hub.com/lelang/listlelang?tab=lelang-tutup:6075
[   37966ms] [LOG] [Object, Object, Object, Object, Object, Object, Object, Object, Object, Object, Object, Object, Object, Object, Object, Object, Object, Object, Object, Object] @ https://phbidlautdemo.prahu-hub.com/_resources/themes/prahutheme/javascript/custom/listLelang.js?m=1787206890:14
[   37969ms] [LOG] 43 @ https://phbidlautdemo.prahu-hub.com/_resources/themes/prahutheme/javascript/custom/listLelang.js?m=1787206890:818
[   37969ms] [LOG] 43 countView1 1 pageNow 20 limitView1 @ https://phbidlautdemo.prahu-hub.com/_resources/themes/prahutheme/javascript/custom/listLelang.js?m=1787206890:820
[   37969ms] [LOG] 20 @ https://phbidlautdemo.prahu-hub.com/_resources/themes/prahutheme/javascript/custom/listLelang.js?m=1787206890:826
[   37969ms] [LOG] 43 jumlah data @ https://phbidlautdemo.prahu-hub.com/_resources/themes/prahutheme/javascript/custom/listLelang.js?m=1787206890:779
[   37970ms] [LOG] 3 @ https://phbidlautdemo.prahu-hub.com/_resources/themes/prahutheme/javascript/custom/listLelang.js?m=1787206890:781
[   37970ms] [LOG] 3 1 pageCount & pageNow @ https://phbidlautdemo.prahu-hub.com/_resources/themes/prahutheme/javascript/custom/listLelang.js?m=1787206890:704
[   37971ms] [LOG] 200 xhrglobal @ https://phbidlautdemo.prahu-hub.com/lelang/listlelang?tab=lelang-tutup:5956
[   37983ms] ReferenceError: renderTooltipHarga is not defined
    at https://phbidlautdemo.prahu-hub.com/_resources/themes/prahutheme/javascript/custom/listLelang.js?m=1787206890:1049:9
[   38140ms] [LOG] 200 xhrglobal @ https://phbidlautdemo.prahu-hub.com/lelang/listlelang?tab=lelang-tutup:5956
[   38187ms] TypeError: $(...).DataTable is not a function
    at https://phbidlautdemo.prahu-hub.com/_resources/themes/prahutheme/js/scripts-init/tables.js:7:23
[   38231ms] [LOG] 200 xhrglobal @ https://phbidlautdemo.prahu-hub.com/lelang/listlelang?tab=lelang-tutup:5956
[   41300ms] Cannot use import statement outside a module
[   41316ms] ReferenceError: Chart is not defined
    at https://phbidlautdemo.prahu-hub.com/_resources/themes/prahutheme/js/scripts-init/charts/chartjs.js:8:13
[   41441ms] Unexpected token '<'
[   41533ms] Unexpected token '<'
[   41568ms] Uncaught TypeError: expect element to be DOM Element, but got null
    at n.init (https://cdnjs.cloudflare.com/ajax/libs/smooth-scrollbar/8.5.2/smooth-scrollbar.js:24:264)
    at <anonymous> (https://phbidlautdemo.prahu-hub.com/lelang/listlelang?tab=telah-akhir-kirim:5630:14)
[   41603ms] [LOG] Pengajuan Lelangnamanya @ https://phbidlautdemo.prahu-hub.com/lelang/listlelang?tab=telah-akhir-kirim:1756
[   41614ms] [LOG] undefined @ https://phbidlautdemo.prahu-hub.com/lelang/listlelang?tab=telah-akhir-kirim:5982
[   41614ms] [LOG] undefined @ https://phbidlautdemo.prahu-hub.com/lelang/listlelang?tab=telah-akhir-kirim:5982
[   41614ms] [LOG] Masukkan Nama Shipper @ https://phbidlautdemo.prahu-hub.com/lelang/listlelang?tab=telah-akhir-kirim:5982
[   41615ms] [LOG] Masukkan Nomor Lelang @ https://phbidlautdemo.prahu-hub.com/lelang/listlelang?tab=telah-akhir-kirim:5982
[   41615ms] [LOG] DD/MM/YYYY @ https://phbidlautdemo.prahu-hub.com/lelang/listlelang?tab=telah-akhir-kirim:5982
[   41615ms] [LOG] DD/MM/YYYY @ https://phbidlautdemo.prahu-hub.com/lelang/listlelang?tab=telah-akhir-kirim:5982
[   41615ms] [LOG] DD/MM/YYYY @ https://phbidlautdemo.prahu-hub.com/lelang/listlelang?tab=telah-akhir-kirim:5982
[   41615ms] [LOG] DD/MM/YYYY @ https://phbidlautdemo.prahu-hub.com/lelang/listlelang?tab=telah-akhir-kirim:5982
[   41615ms] [LOG] Masukkan Nama Shipper @ https://phbidlautdemo.prahu-hub.com/lelang/listlelang?tab=telah-akhir-kirim:5982
[   41615ms] [LOG] undefined @ https://phbidlautdemo.prahu-hub.com/lelang/listlelang?tab=telah-akhir-kirim:5982
[   41616ms] [LOG] undefined @ https://phbidlautdemo.prahu-hub.com/lelang/listlelang?tab=telah-akhir-kirim:5982
[   41616ms] [LOG] Masukkan Nama Bank @ https://phbidlautdemo.prahu-hub.com/lelang/listlelang?tab=telah-akhir-kirim:5982
[   41616ms] [LOG] undefined @ https://phbidlautdemo.prahu-hub.com/lelang/listlelang?tab=telah-akhir-kirim:5982
[   41616ms] [LOG] WebSocket connection @ https://phbidlautdemo.prahu-hub.com/lelang/listlelang?tab=telah-akhir-kirim:6025
[   41617ms] [LOG] WebSocket connection attempting... @ https://phbidlautdemo.prahu-hub.com/lelang/listlelang?tab=telah-akhir-kirim:6103
[   41718ms] [LOG] WebSocket connected @ https://phbidlautdemo.prahu-hub.com/lelang/listlelang?tab=telah-akhir-kirim:6034
[   41720ms] [LOG] update_dashboard_order_laut @ https://phbidlautdemo.prahu-hub.com/lelang/listlelang?tab=telah-akhir-kirim:6075
[   41748ms] [LOG] Connected @ https://phbidlautdemo.prahu-hub.com/lelang/listlelang?tab=telah-akhir-kirim:6075
[   43239ms] [LOG] [Object, Object, Object, Object, Object, Object, Object, Object, Object, Object, Object, Object, Object, Object, Object, Object, Object, Object, Object, Object] @ https://phbidlautdemo.prahu-hub.com/_resources/themes/prahutheme/javascript/custom/listLelang.js?m=1787206890:14
[   43249ms] [LOG] 283 @ https://phbidlautdemo.prahu-hub.com/_resources/themes/prahutheme/javascript/custom/listLelang.js?m=1787206890:818
[   43249ms] [LOG] 283 countView1 1 pageNow 20 limitView1 @ https://phbidlautdemo.prahu-hub.com/_resources/themes/prahutheme/javascript/custom/listLelang.js?m=1787206890:820
[   43250ms] [LOG] 20 @ https://phbidlautdemo.prahu-hub.com/_resources/themes/prahutheme/javascript/custom/listLelang.js?m=1787206890:826
[   43251ms] [LOG] 283 jumlah data @ https://phbidlautdemo.prahu-hub.com/_resources/themes/prahutheme/javascript/custom/listLelang.js?m=1787206890:779
[   43255ms] [LOG] 15 @ https://phbidlautdemo.prahu-hub.com/_resources/themes/prahutheme/javascript/custom/listLelang.js?m=1787206890:781
[   43255ms] [LOG] 15 1 pageCount & pageNow @ https://phbidlautdemo.prahu-hub.com/_resources/themes/prahutheme/javascript/custom/listLelang.js?m=1787206890:704
[   43259ms] [LOG] 200 xhrglobal @ https://phbidlautdemo.prahu-hub.com/lelang/listlelang?tab=telah-akhir-kirim:5956
[   43296ms] ReferenceError: renderTooltipHarga is not defined
    at https://phbidlautdemo.prahu-hub.com/_resources/themes/prahutheme/javascript/custom/listLelang.js?m=1787206890:1049:9
[   43329ms] [LOG] 200 xhrglobal @ https://phbidlautdemo.prahu-hub.com/lelang/listlelang?tab=telah-akhir-kirim:5956
[   43378ms] [LOG] 200 xhrglobal @ https://phbidlautdemo.prahu-hub.com/lelang/listlelang?tab=telah-akhir-kirim:5956
[   43621ms] TypeError: $(...).DataTable is not a function
    at https://phbidlautdemo.prahu-hub.com/_resources/themes/prahutheme/js/scripts-init/tables.js:7:23
[   47197ms] Cannot use import statement outside a module
[   47222ms] ReferenceError: Chart is not defined
    at https://phbidlautdemo.prahu-hub.com/_resources/themes/prahutheme/js/scripts-init/charts/chartjs.js:8:13
[   47591ms] Unexpected token '<'
[   47593ms] Unexpected token '<'
[   47656ms] Uncaught TypeError: expect element to be DOM Element, but got null
    at n.init (https://cdnjs.cloudflare.com/ajax/libs/smooth-scrollbar/8.5.2/smooth-scrollbar.js:24:264)
    at <anonymous> (https://phbidlautdemo.prahu-hub.com/lelang/listlelang?tab=lelang-batal:5630:14)
[   47678ms] [LOG] Pengajuan Lelangnamanya @ https://phbidlautdemo.prahu-hub.com/lelang/listlelang?tab=lelang-batal:1756
[   47682ms] [LOG] undefined @ https://phbidlautdemo.prahu-hub.com/lelang/listlelang?tab=lelang-batal:5982
[   47682ms] [LOG] undefined @ https://phbidlautdemo.prahu-hub.com/lelang/listlelang?tab=lelang-batal:5982
[   47682ms] [LOG] Masukkan Nama Shipper @ https://phbidlautdemo.prahu-hub.com/lelang/listlelang?tab=lelang-batal:5982
[   47682ms] [LOG] Masukkan Nomor Lelang @ https://phbidlautdemo.prahu-hub.com/lelang/listlelang?tab=lelang-batal:5982
[   47682ms] [LOG] DD/MM/YYYY @ https://phbidlautdemo.prahu-hub.com/lelang/listlelang?tab=lelang-batal:5982
[   47682ms] [LOG] DD/MM/YYYY @ https://phbidlautdemo.prahu-hub.com/lelang/listlelang?tab=lelang-batal:5982
[   47682ms] [LOG] DD/MM/YYYY @ https://phbidlautdemo.prahu-hub.com/lelang/listlelang?tab=lelang-batal:5982
[   47682ms] [LOG] DD/MM/YYYY @ https://phbidlautdemo.prahu-hub.com/lelang/listlelang?tab=lelang-batal:5982
[   47682ms] [LOG] Masukkan Nama Shipper @ https://phbidlautdemo.prahu-hub.com/lelang/listlelang?tab=lelang-batal:5982
[   47682ms] [LOG] undefined @ https://phbidlautdemo.prahu-hub.com/lelang/listlelang?tab=lelang-batal:5982
[   47682ms] [LOG] undefined @ https://phbidlautdemo.prahu-hub.com/lelang/listlelang?tab=lelang-batal:5982
[   47682ms] [LOG] Masukkan Nama Bank @ https://phbidlautdemo.prahu-hub.com/lelang/listlelang?tab=lelang-batal:5982
[   47682ms] [LOG] undefined @ https://phbidlautdemo.prahu-hub.com/lelang/listlelang?tab=lelang-batal:5982
[   47683ms] [LOG] WebSocket connection @ https://phbidlautdemo.prahu-hub.com/lelang/listlelang?tab=lelang-batal:6025
[   47683ms] [LOG] WebSocket connection attempting... @ https://phbidlautdemo.prahu-hub.com/lelang/listlelang?tab=lelang-batal:6103
[   47879ms] [LOG] WebSocket connected @ https://phbidlautdemo.prahu-hub.com/lelang/listlelang?tab=lelang-batal:6034
[   47884ms] [LOG] update_dashboard_order_laut @ https://phbidlautdemo.prahu-hub.com/lelang/listlelang?tab=lelang-batal:6075
[   47923ms] [LOG] Connected @ https://phbidlautdemo.prahu-hub.com/lelang/listlelang?tab=lelang-batal:6075
[   48651ms] [LOG] Connected @ https://phbidlautdemo.prahu-hub.com/lelang/listlelang?tab=lelang-batal:6075
[   49153ms] [LOG] [Object, Object, Object, Object, Object, Object, Object, Object, Object, Object, Object, Object, Object, Object, Object, Object, Object, Object, Object, Object] @ https://phbidlautdemo.prahu-hub.com/_resources/themes/prahutheme/javascript/custom/listLelang.js?m=1787206890:14
[   49162ms] [LOG] 46 @ https://phbidlautdemo.prahu-hub.com/_resources/themes/prahutheme/javascript/custom/listLelang.js?m=1787206890:818
[   49162ms] [LOG] 46 countView1 1 pageNow 20 limitView1 @ https://phbidlautdemo.prahu-hub.com/_resources/themes/prahutheme/javascript/custom/listLelang.js?m=1787206890:820
[   49162ms] [LOG] 20 @ https://phbidlautdemo.prahu-hub.com/_resources/themes/prahutheme/javascript/custom/listLelang.js?m=1787206890:826
[   49162ms] [LOG] 46 jumlah data @ https://phbidlautdemo.prahu-hub.com/_resources/themes/prahutheme/javascript/custom/listLelang.js?m=1787206890:779
[   49163ms] [LOG] 3 @ https://phbidlautdemo.prahu-hub.com/_resources/themes/prahutheme/javascript/custom/listLelang.js?m=1787206890:781
[   49163ms] [LOG] 3 1 pageCount & pageNow @ https://phbidlautdemo.prahu-hub.com/_resources/themes/prahutheme/javascript/custom/listLelang.js?m=1787206890:704
[   49166ms] [LOG] 200 xhrglobal @ https://phbidlautdemo.prahu-hub.com/lelang/listlelang?tab=lelang-batal:5956
[   49185ms] ReferenceError: renderTooltipHarga is not defined
    at https://phbidlautdemo.prahu-hub.com/_resources/themes/prahutheme/javascript/custom/listLelang.js?m=1787206890:1049:9
[   49253ms] [LOG] 200 xhrglobal @ https://phbidlautdemo.prahu-hub.com/lelang/listlelang?tab=lelang-batal:5956
[   49302ms] [LOG] 200 xhrglobal @ https://phbidlautdemo.prahu-hub.com/lelang/listlelang?tab=lelang-batal:5956
[   49699ms] TypeError: $(...).DataTable is not a function
    at https://phbidlautdemo.prahu-hub.com/_resources/themes/prahutheme/js/scripts-init/tables.js:7:23
[   50649ms] [LOG] Connected @ https://phbidlautdemo.prahu-hub.com/lelang/listlelang?tab=lelang-batal:6075
[   55820ms] [LOG] Connected @ https://phbidlautdemo.prahu-hub.com/lelang/listlelang?tab=lelang-batal:6075
[   57966ms] [LOG] Connected @ https://phbidlautdemo.prahu-hub.com/lelang/listlelang?tab=lelang-batal:6075
[   71682ms] Cannot use import statement outside a module
[   71698ms] ReferenceError: Chart is not defined
    at https://phbidlautdemo.prahu-hub.com/_resources/themes/prahutheme/js/scripts-init/charts/chartjs.js:8:13
[   71791ms] Unexpected token '<'
[   71901ms] Unexpected token '<'
[   72045ms] Uncaught TypeError: expect element to be DOM Element, but got null
    at n.init (https://cdnjs.cloudflare.com/ajax/libs/smooth-scrollbar/8.5.2/smooth-scrollbar.js:24:264)
    at <anonymous> (https://phbidlautdemo.prahu-hub.com/lelang/listlelang?tab=perlu-input-harga:5630:14)
[   72027ms] [LOG] Pengajuan Lelangnamanya @ https://phbidlautdemo.prahu-hub.com/lelang/listlelang?tab=perlu-input-harga:1756
[   72031ms] [LOG] undefined @ https://phbidlautdemo.prahu-hub.com/lelang/listlelang?tab=perlu-input-harga:5982
[   72032ms] [LOG] undefined @ https://phbidlautdemo.prahu-hub.com/lelang/listlelang?tab=perlu-input-harga:5982
[   72032ms] [LOG] Masukkan Nama Shipper @ https://phbidlautdemo.prahu-hub.com/lelang/listlelang?tab=perlu-input-harga:5982
[   72032ms] [LOG] Masukkan Nomor Lelang @ https://phbidlautdemo.prahu-hub.com/lelang/listlelang?tab=perlu-input-harga:5982
[   72032ms] [LOG] DD/MM/YYYY @ https://phbidlautdemo.prahu-hub.com/lelang/listlelang?tab=perlu-input-harga:5982
[   72032ms] [LOG] DD/MM/YYYY @ https://phbidlautdemo.prahu-hub.com/lelang/listlelang?tab=perlu-input-harga:5982
[   72032ms] [LOG] DD/MM/YYYY @ https://phbidlautdemo.prahu-hub.com/lelang/listlelang?tab=perlu-input-harga:5982
[   72032ms] [LOG] DD/MM/YYYY @ https://phbidlautdemo.prahu-hub.com/lelang/listlelang?tab=perlu-input-harga:5982
[   72032ms] [LOG] Masukkan Nama Shipper @ https://phbidlautdemo.prahu-hub.com/lelang/listlelang?tab=perlu-input-harga:5982
[   72032ms] [LOG] undefined @ https://phbidlautdemo.prahu-hub.com/lelang/listlelang?tab=perlu-input-harga:5982
[   72032ms] [LOG] undefined @ https://phbidlautdemo.prahu-hub.com/lelang/listlelang?tab=perlu-input-harga:5982
[   72032ms] [LOG] Masukkan Nama Bank @ https://phbidlautdemo.prahu-hub.com/lelang/listlelang?tab=perlu-input-harga:5982
[   72032ms] [LOG] undefined @ https://phbidlautdemo.prahu-hub.com/lelang/listlelang?tab=perlu-input-harga:5982
[   72033ms] [LOG] WebSocket connection @ https://phbidlautdemo.prahu-hub.com/lelang/listlelang?tab=perlu-input-harga:6025
[   72033ms] [LOG] WebSocket connection attempting... @ https://phbidlautdemo.prahu-hub.com/lelang/listlelang?tab=perlu-input-harga:6103
[   72133ms] [LOG] WebSocket connected @ https://phbidlautdemo.prahu-hub.com/lelang/listlelang?tab=perlu-input-harga:6034
[   72144ms] [LOG] update_dashboard_order_laut @ https://phbidlautdemo.prahu-hub.com/lelang/listlelang?tab=perlu-input-harga:6075
[   72167ms] [LOG] Connected @ https://phbidlautdemo.prahu-hub.com/lelang/listlelang?tab=perlu-input-harga:6075
[   73724ms] [LOG] [Object, Object, Object, Object, Object, Object, Object, Object, Object, Object, Object, Object, Object, Object, Object] @ https://phbidlautdemo.prahu-hub.com/_resources/themes/prahutheme/javascript/custom/listLelang.js?m=1787206890:14
[   73735ms] [LOG] 15 @ https://phbidlautdemo.prahu-hub.com/_resources/themes/prahutheme/javascript/custom/listLelang.js?m=1787206890:818
[   73735ms] [LOG] 15 countView1 1 pageNow 20 limitView1 @ https://phbidlautdemo.prahu-hub.com/_resources/themes/prahutheme/javascript/custom/listLelang.js?m=1787206890:820
[   73736ms] [LOG] 15 @ https://phbidlautdemo.prahu-hub.com/_resources/themes/prahutheme/javascript/custom/listLelang.js?m=1787206890:826
[   73736ms] [LOG] 15 jumlah data @ https://phbidlautdemo.prahu-hub.com/_resources/themes/prahutheme/javascript/custom/listLelang.js?m=1787206890:779
[   73737ms] [LOG] 1 @ https://phbidlautdemo.prahu-hub.com/_resources/themes/prahutheme/javascript/custom/listLelang.js?m=1787206890:781
[   73737ms] [LOG] 1 1 pageCount & pageNow @ https://phbidlautdemo.prahu-hub.com/_resources/themes/prahutheme/javascript/custom/listLelang.js?m=1787206890:704
[   73746ms] [LOG] 200 xhrglobal @ https://phbidlautdemo.prahu-hub.com/lelang/listlelang?tab=perlu-input-harga:5956
[   73778ms] ReferenceError: renderTooltipHarga is not defined
    at https://phbidlautdemo.prahu-hub.com/_resources/themes/prahutheme/javascript/custom/listLelang.js?m=1787206890:1049:9
[   73834ms] [LOG] 200 xhrglobal @ https://phbidlautdemo.prahu-hub.com/lelang/listlelang?tab=perlu-input-harga:5956
[   73896ms] [LOG] 200 xhrglobal @ https://phbidlautdemo.prahu-hub.com/lelang/listlelang?tab=perlu-input-harga:5956
[   74034ms] TypeError: $(...).DataTable is not a function
    at https://phbidlautdemo.prahu-hub.com/_resources/themes/prahutheme/js/scripts-init/tables.js:7:23
[   75528ms] Unexpected token '<'
[   75558ms] Cannot use import statement outside a module
[   75574ms] ReferenceError: Chart is not defined
    at https://phbidlautdemo.prahu-hub.com/_resources/themes/prahutheme/js/scripts-init/charts/chartjs.js:8:13
[   75575ms] Unexpected token '<'
[   75576ms] Unexpected token '<'
[   75607ms] Uncaught TypeError: expect element to be DOM Element, but got null
    at n.init (https://cdnjs.cloudflare.com/ajax/libs/smooth-scrollbar/8.5.2/smooth-scrollbar.js:24:264)
    at <anonymous> (https://phbidlautdemo.prahu-hub.com/lelang/detaillistLelang/1084:6231:14)
[   75625ms] [LOG] Pengajuan Lelangnamanya @ https://phbidlautdemo.prahu-hub.com/lelang/detaillistLelang/1084:1756
[   75630ms] [LOG] undefined @ https://phbidlautdemo.prahu-hub.com/lelang/detaillistLelang/1084:6583
[   75630ms] [LOG] undefined @ https://phbidlautdemo.prahu-hub.com/lelang/detaillistLelang/1084:6583
[   75630ms] [LOG] undefined @ https://phbidlautdemo.prahu-hub.com/lelang/detaillistLelang/1084:6583
[   75630ms] [LOG] undefined @ https://phbidlautdemo.prahu-hub.com/lelang/detaillistLelang/1084:6583
[   75631ms] [LOG] DD/MM/YYYY @ https://phbidlautdemo.prahu-hub.com/lelang/detaillistLelang/1084:6583
[   75631ms] [LOG] DD/MM/YYYY @ https://phbidlautdemo.prahu-hub.com/lelang/detaillistLelang/1084:6583
[   75632ms] [LOG] WebSocket connection @ https://phbidlautdemo.prahu-hub.com/lelang/detaillistLelang/1084:6626
[   75633ms] [LOG] WebSocket connection attempting... @ https://phbidlautdemo.prahu-hub.com/lelang/detaillistLelang/1084:6704
[   75767ms] [LOG] [] @ https://phbidlautdemo.prahu-hub.com/_resources/themes/prahutheme/javascript/custom/hasilPenawaran.js?m=1787206890:14
[   75775ms] [LOG] 200 xhrglobal @ https://phbidlautdemo.prahu-hub.com/lelang/detaillistLelang/1084:6557
[   75776ms] [LOG] WebSocket connected @ https://phbidlautdemo.prahu-hub.com/lelang/detaillistLelang/1084:6635
[   75783ms] [LOG] update_dashboard_order_laut @ https://phbidlautdemo.prahu-hub.com/lelang/detaillistLelang/1084:6676
[   75806ms] [LOG] Connected @ https://phbidlautdemo.prahu-hub.com/lelang/detaillistLelang/1084:6676
[   76046ms] [LOG] 200 xhrglobal @ https://phbidlautdemo.prahu-hub.com/lelang/detaillistLelang/1084:6557
[   76047ms] [LOG] 200 xhrglobal @ https://phbidlautdemo.prahu-hub.com/lelang/detaillistLelang/1084:6557
[   76378ms] [TABLE] {UI version: 8.4.1, Core version: 8.4.0, Build: NC8xMi8yMDIyfDRkZTU3MmExYg==, WebViewer Server: false, Full API: false} @ https://phbidlautdemo.prahu-hub.com/_resources/themes/prahutheme/javascript/PDFView/lib/ui/webviewer-ui.min.js:270
[   76581ms] [VERBOSE] [DOM] Password forms should have (optionally hidden) username fields for accessibility: (More info: https://goo.gl/9p2vKq) %o @ https://phbidlautdemo.prahu-hub.com/_resources/themes/prahutheme/javascript/PDFView/lib/ui/index.html#d=%2Fassets%2Fdokumenaanwijzing%2F65%2FAanwijzing-PT.-Primax-Geo-Sejahtera.pdf&a=1&disabledElements=downloadButton%2CprintButton%2ClanguageButton&filepicker=0&pdfnet=0&enableRedaction=0&enableMeasurement=0&pageHistory=1&notesInLeftPanel=0&singleServerMode=false&selectAnnotationOnCreation=0&autoFocusNoteOnAnnotationSelection=1&id=1&basePath=%2Flelang%2FdetaillistLelang%2F1084:0
[   76711ms] [LOG] Connected @ https://phbidlautdemo.prahu-hub.com/lelang/detaillistLelang/1084:6676
[   77635ms] TypeError: $(...).DataTable is not a function
    at https://phbidlautdemo.prahu-hub.com/_resources/themes/prahutheme/js/scripts-init/tables.js:7:23
[   80641ms] [LOG] document loaded @ https://phbidlautdemo.prahu-hub.com/lelang/detaillistLelang/1084:5804
[   82201ms] [LOG] Connected @ https://phbidlautdemo.prahu-hub.com/lelang/detaillistLelang/1084:6676
[   92973ms] Cannot use import statement outside a module
[   92981ms] ReferenceError: Chart is not defined
    at https://phbidlautdemo.prahu-hub.com/_resources/themes/prahutheme/js/scripts-init/charts/chartjs.js:8:13
[   93092ms] Unexpected token '<'
[   93214ms] Unexpected token '<'
[   93276ms] Uncaught TypeError: expect element to be DOM Element, but got null
    at n.init (https://cdnjs.cloudflare.com/ajax/libs/smooth-scrollbar/8.5.2/smooth-scrollbar.js:24:264)
    at <anonymous> (https://phbidlautdemo.prahu-hub.com/lelang/listlelang?tab=lelang-tutup:5630:14)
[   93305ms] [LOG] Pengajuan Lelangnamanya @ https://phbidlautdemo.prahu-hub.com/lelang/listlelang?tab=lelang-tutup:1756
[   93309ms] [LOG] undefined @ https://phbidlautdemo.prahu-hub.com/lelang/listlelang?tab=lelang-tutup:5982
[   93309ms] [LOG] undefined @ https://phbidlautdemo.prahu-hub.com/lelang/listlelang?tab=lelang-tutup:5982
[   93309ms] [LOG] Masukkan Nama Shipper @ https://phbidlautdemo.prahu-hub.com/lelang/listlelang?tab=lelang-tutup:5982
[   93309ms] [LOG] Masukkan Nomor Lelang @ https://phbidlautdemo.prahu-hub.com/lelang/listlelang?tab=lelang-tutup:5982
[   93309ms] [LOG] DD/MM/YYYY @ https://phbidlautdemo.prahu-hub.com/lelang/listlelang?tab=lelang-tutup:5982
[   93310ms] [LOG] DD/MM/YYYY @ https://phbidlautdemo.prahu-hub.com/lelang/listlelang?tab=lelang-tutup:5982
[   93310ms] [LOG] DD/MM/YYYY @ https://phbidlautdemo.prahu-hub.com/lelang/listlelang?tab=lelang-tutup:5982
[   93310ms] [LOG] DD/MM/YYYY @ https://phbidlautdemo.prahu-hub.com/lelang/listlelang?tab=lelang-tutup:5982
[   93310ms] [LOG] Masukkan Nama Shipper @ https://phbidlautdemo.prahu-hub.com/lelang/listlelang?tab=lelang-tutup:5982
[   93310ms] [LOG] undefined @ https://phbidlautdemo.prahu-hub.com/lelang/listlelang?tab=lelang-tutup:5982
[   93310ms] [LOG] undefined @ https://phbidlautdemo.prahu-hub.com/lelang/listlelang?tab=lelang-tutup:5982
[   93310ms] [LOG] Masukkan Nama Bank @ https://phbidlautdemo.prahu-hub.com/lelang/listlelang?tab=lelang-tutup:5982
[   93310ms] [LOG] undefined @ https://phbidlautdemo.prahu-hub.com/lelang/listlelang?tab=lelang-tutup:5982
[   93312ms] [LOG] WebSocket connection @ https://phbidlautdemo.prahu-hub.com/lelang/listlelang?tab=lelang-tutup:6025
[   93312ms] [LOG] WebSocket connection attempting... @ https://phbidlautdemo.prahu-hub.com/lelang/listlelang?tab=lelang-tutup:6103
[   93436ms] [LOG] WebSocket connected @ https://phbidlautdemo.prahu-hub.com/lelang/listlelang?tab=lelang-tutup:6034
[   93448ms] [LOG] update_dashboard_order_laut @ https://phbidlautdemo.prahu-hub.com/lelang/listlelang?tab=lelang-tutup:6075
[   93465ms] [LOG] Connected @ https://phbidlautdemo.prahu-hub.com/lelang/listlelang?tab=lelang-tutup:6075
[   94805ms] [LOG] [Object, Object, Object, Object, Object, Object, Object, Object, Object, Object, Object, Object, Object, Object, Object, Object, Object, Object, Object, Object] @ https://phbidlautdemo.prahu-hub.com/_resources/themes/prahutheme/javascript/custom/listLelang.js?m=1787206890:14
[   94815ms] [LOG] 43 @ https://phbidlautdemo.prahu-hub.com/_resources/themes/prahutheme/javascript/custom/listLelang.js?m=1787206890:818
[   94819ms] [LOG] 43 countView1 1 pageNow 20 limitView1 @ https://phbidlautdemo.prahu-hub.com/_resources/themes/prahutheme/javascript/custom/listLelang.js?m=1787206890:820
[   94820ms] [LOG] 20 @ https://phbidlautdemo.prahu-hub.com/_resources/themes/prahutheme/javascript/custom/listLelang.js?m=1787206890:826
[   94820ms] [LOG] 43 jumlah data @ https://phbidlautdemo.prahu-hub.com/_resources/themes/prahutheme/javascript/custom/listLelang.js?m=1787206890:779
[   94821ms] [LOG] 3 @ https://phbidlautdemo.prahu-hub.com/_resources/themes/prahutheme/javascript/custom/listLelang.js?m=1787206890:781
[   94821ms] [LOG] 3 1 pageCount & pageNow @ https://phbidlautdemo.prahu-hub.com/_resources/themes/prahutheme/javascript/custom/listLelang.js?m=1787206890:704
[   94826ms] [LOG] 200 xhrglobal @ https://phbidlautdemo.prahu-hub.com/lelang/listlelang?tab=lelang-tutup:5956
[   94862ms] ReferenceError: renderTooltipHarga is not defined
    at https://phbidlautdemo.prahu-hub.com/_resources/themes/prahutheme/javascript/custom/listLelang.js?m=1787206890:1049:9
[   94923ms] [LOG] 200 xhrglobal @ https://phbidlautdemo.prahu-hub.com/lelang/listlelang?tab=lelang-tutup:5956
[   94995ms] [LOG] 200 xhrglobal @ https://phbidlautdemo.prahu-hub.com/lelang/listlelang?tab=lelang-tutup:5956
[   95326ms] TypeError: $(...).DataTable is not a function
    at https://phbidlautdemo.prahu-hub.com/_resources/themes/prahutheme/js/scripts-init/tables.js:7:23
[   96350ms] Unexpected token '<'
[   96399ms] Cannot use import statement outside a module
[   96417ms] ReferenceError: Chart is not defined
    at https://phbidlautdemo.prahu-hub.com/_resources/themes/prahutheme/js/scripts-init/charts/chartjs.js:8:13
[   96591ms] Unexpected token '<'
[   96591ms] Unexpected token '<'
[   96624ms] Uncaught TypeError: expect element to be DOM Element, but got null
    at n.init (https://cdnjs.cloudflare.com/ajax/libs/smooth-scrollbar/8.5.2/smooth-scrollbar.js:24:264)
    at <anonymous> (https://phbidlautdemo.prahu-hub.com/lelang/detaillistLelang/1056:6288:14)
[   96760ms] [TABLE] {UI version: 8.4.1, Core version: 8.4.0, Build: NC8xMi8yMDIyfDRkZTU3MmExYg==, WebViewer Server: false, Full API: false} @ https://phbidlautdemo.prahu-hub.com/_resources/themes/prahutheme/javascript/PDFView/lib/ui/webviewer-ui.min.js:270
[   96815ms] [LOG] Pengajuan Lelangnamanya @ https://phbidlautdemo.prahu-hub.com/lelang/detaillistLelang/1056:1756
[   96820ms] [LOG] undefined @ https://phbidlautdemo.prahu-hub.com/lelang/detaillistLelang/1056:6640
[   96820ms] [LOG] undefined @ https://phbidlautdemo.prahu-hub.com/lelang/detaillistLelang/1056:6640
[   96821ms] [LOG] undefined @ https://phbidlautdemo.prahu-hub.com/lelang/detaillistLelang/1056:6640
[   96821ms] [LOG] undefined @ https://phbidlautdemo.prahu-hub.com/lelang/detaillistLelang/1056:6640
[   96821ms] [LOG] DD/MM/YYYY @ https://phbidlautdemo.prahu-hub.com/lelang/detaillistLelang/1056:6640
[   96821ms] [LOG] DD/MM/YYYY @ https://phbidlautdemo.prahu-hub.com/lelang/detaillistLelang/1056:6640
[   96822ms] [LOG] WebSocket connection @ https://phbidlautdemo.prahu-hub.com/lelang/detaillistLelang/1056:6683
[   96822ms] [LOG] WebSocket connection attempting... @ https://phbidlautdemo.prahu-hub.com/lelang/detaillistLelang/1056:6761
[   96972ms] [VERBOSE] [DOM] Password forms should have (optionally hidden) username fields for accessibility: (More info: https://goo.gl/9p2vKq) %o @ https://phbidlautdemo.prahu-hub.com/_resources/themes/prahutheme/javascript/PDFView/lib/ui/index.html#d=%2Fassets%2Fdokumenaanwijzing%2F65%2FAanwijzing-PT.-Primax-Geo-Sejahtera.pdf&a=1&disabledElements=downloadButton%2CprintButton%2ClanguageButton&filepicker=0&pdfnet=0&enableRedaction=0&enableMeasurement=0&pageHistory=1&notesInLeftPanel=0&singleServerMode=false&selectAnnotationOnCreation=0&autoFocusNoteOnAnnotationSelection=1&id=1&basePath=%2Flelang%2FdetaillistLelang%2F1056:0
[   97077ms] [LOG] WebSocket connected @ https://phbidlautdemo.prahu-hub.com/lelang/detaillistLelang/1056:6692
[   97136ms] [LOG] update_dashboard_order_laut @ https://phbidlautdemo.prahu-hub.com/lelang/detaillistLelang/1056:6733
[   97171ms] [LOG] Connected @ https://phbidlautdemo.prahu-hub.com/lelang/detaillistLelang/1056:6733
[   97212ms] [LOG] [Object, Object, Object, Object, Object, Object] @ https://phbidlautdemo.prahu-hub.com/_resources/themes/prahutheme/javascript/custom/hasilPenawaran.js?m=1787206890:14
[   97222ms] [LOG] 6 @ https://phbidlautdemo.prahu-hub.com/_resources/themes/prahutheme/javascript/custom/hasilPenawaran.js?m=1787206890:883
[   97222ms] [LOG] 6 countView1 1 pageNow 20 limitView1 @ https://phbidlautdemo.prahu-hub.com/_resources/themes/prahutheme/javascript/custom/hasilPenawaran.js?m=1787206890:885
[   97222ms] [LOG] 6 @ https://phbidlautdemo.prahu-hub.com/_resources/themes/prahutheme/javascript/custom/hasilPenawaran.js?m=1787206890:896
[   97223ms] [LOG] 6 jumlah data @ https://phbidlautdemo.prahu-hub.com/_resources/themes/prahutheme/javascript/custom/hasilPenawaran.js?m=1787206890:861
[   97223ms] [LOG] 1 @ https://phbidlautdemo.prahu-hub.com/_resources/themes/prahutheme/javascript/custom/hasilPenawaran.js?m=1787206890:863
[   97223ms] [LOG] 1 1 pageCount & pageNow @ https://phbidlautdemo.prahu-hub.com/_resources/themes/prahutheme/javascript/custom/hasilPenawaran.js?m=1787206890:789
[   97224ms] [LOG] 200 xhrglobal @ https://phbidlautdemo.prahu-hub.com/lelang/detaillistLelang/1056:6614
[   97269ms] [LOG] 200 xhrglobal @ https://phbidlautdemo.prahu-hub.com/lelang/detaillistLelang/1056:6614
[   97331ms] [LOG] 200 xhrglobal @ https://phbidlautdemo.prahu-hub.com/lelang/detaillistLelang/1056:6614
[   97809ms] [LOG] document loaded @ https://phbidlautdemo.prahu-hub.com/lelang/detaillistLelang/1056:5861
[   98835ms] TypeError: $(...).DataTable is not a function
    at https://phbidlautdemo.prahu-hub.com/_resources/themes/prahutheme/js/scripts-init/tables.js:7:23
[  122181ms] [LOG] Connected @ https://phbidlautdemo.prahu-hub.com/lelang/detaillistLelang/1056:6733
