[    1075ms] Cannot use import statement outside a module
[    1130ms] ReferenceError: Chart is not defined
    at https://phbidlautdemo.prahu-hub.com/_resources/themes/prahutheme/js/scripts-init/charts/chartjs.js:8:13
[    1289ms] Unexpected token '<'
[    1292ms] Unexpected token '<'
[    1395ms] Uncaught TypeError: expect element to be DOM Element, but got null
    at n.init (https://cdnjs.cloudflare.com/ajax/libs/smooth-scrollbar/8.5.2/smooth-scrollbar.js:24:264)
    at <anonymous> (https://phbidlautdemo.prahu-hub.com/adminprahu/reminder:5679:14)
[    1412ms] [LOG] Settingsnamanya @ https://phbidlautdemo.prahu-hub.com/adminprahu/reminder:2039
[    1426ms] [LOG] WebSocket connection @ https://phbidlautdemo.prahu-hub.com/adminprahu/reminder:6075
[    1427ms] [LOG] WebSocket connection attempting... @ https://phbidlautdemo.prahu-hub.com/adminprahu/reminder:6153
[    1588ms] [LOG] WebSocket connected @ https://phbidlautdemo.prahu-hub.com/adminprahu/reminder:6084
[    1593ms] [LOG] update_dashboard_order_laut @ https://phbidlautdemo.prahu-hub.com/adminprahu/reminder:6125
[    1632ms] [LOG] Connected @ https://phbidlautdemo.prahu-hub.com/adminprahu/reminder:6125
[    1717ms] [LOG] 200 xhrglobal @ https://phbidlautdemo.prahu-hub.com/adminprahu/reminder:6006
[    1801ms] [LOG] 200 xhrglobal @ https://phbidlautdemo.prahu-hub.com/adminprahu/reminder:6006
[    3425ms] TypeError: $(...).DataTable is not a function
    at https://phbidlautdemo.prahu-hub.com/_resources/themes/prahutheme/js/scripts-init/tables.js:7:23
[    8404ms] Cannot use import statement outside a module
[    8449ms] ReferenceError: Chart is not defined
    at https://phbidlautdemo.prahu-hub.com/_resources/themes/prahutheme/js/scripts-init/charts/chartjs.js:8:13
[    8477ms] Unexpected token '<'
[    8478ms] Unexpected token '<'
[    8552ms] Uncaught TypeError: expect element to be DOM Element, but got null
    at n.init (https://cdnjs.cloudflare.com/ajax/libs/smooth-scrollbar/8.5.2/smooth-scrollbar.js:24:264)
    at <anonymous> (https://phbidlautdemo.prahu-hub.com/adminprahu/settingReminder/UUtRU0NqV1IzekpKbStpS0RvMDlYZz09:5281:14)
[    8572ms] [LOG] Settingsnamanya @ https://phbidlautdemo.prahu-hub.com/adminprahu/settingReminder/UUtRU0NqV1IzekpKbStpS0RvMDlYZz09:2039
[    8584ms] [LOG] undefined @ https://phbidlautdemo.prahu-hub.com/adminprahu/settingReminder/UUtRU0NqV1IzekpKbStpS0RvMDlYZz09:5634
[    8584ms] [LOG] undefined @ https://phbidlautdemo.prahu-hub.com/adminprahu/settingReminder/UUtRU0NqV1IzekpKbStpS0RvMDlYZz09:5634
[    8584ms] [LOG]  @ https://phbidlautdemo.prahu-hub.com/adminprahu/settingReminder/UUtRU0NqV1IzekpKbStpS0RvMDlYZz09:5634
[    8584ms] [LOG] 0 @ https://phbidlautdemo.prahu-hub.com/adminprahu/settingReminder/UUtRU0NqV1IzekpKbStpS0RvMDlYZz09:5634
[    8585ms] [LOG] WebSocket connection @ https://phbidlautdemo.prahu-hub.com/adminprahu/settingReminder/UUtRU0NqV1IzekpKbStpS0RvMDlYZz09:5677
[    8586ms] [LOG] WebSocket connection attempting... @ https://phbidlautdemo.prahu-hub.com/adminprahu/settingReminder/UUtRU0NqV1IzekpKbStpS0RvMDlYZz09:5755
[    8742ms] [LOG] WebSocket connected @ https://phbidlautdemo.prahu-hub.com/adminprahu/settingReminder/UUtRU0NqV1IzekpKbStpS0RvMDlYZz09:5686
[    8745ms] [LOG] update_dashboard_order_laut @ https://phbidlautdemo.prahu-hub.com/adminprahu/settingReminder/UUtRU0NqV1IzekpKbStpS0RvMDlYZz09:5727
[    8775ms] [LOG] Connected @ https://phbidlautdemo.prahu-hub.com/adminprahu/settingReminder/UUtRU0NqV1IzekpKbStpS0RvMDlYZz09:5727
[    8856ms] [LOG] 200 xhrglobal @ https://phbidlautdemo.prahu-hub.com/adminprahu/settingReminder/UUtRU0NqV1IzekpKbStpS0RvMDlYZz09:5608
[    8931ms] [LOG] 200 xhrglobal @ https://phbidlautdemo.prahu-hub.com/adminprahu/settingReminder/UUtRU0NqV1IzekpKbStpS0RvMDlYZz09:5608
[   10584ms] TypeError: $(...).DataTable is not a function
    at https://phbidlautdemo.prahu-hub.com/_resources/themes/prahutheme/js/scripts-init/tables.js:7:23
[   14130ms] [LOG] "ok" @ https://phbidlautdemo.prahu-hub.com/adminprahu/settingReminder/UUtRU0NqV1IzekpKbStpS0RvMDlYZz09:4954
[   14133ms] [LOG] 200 xhrglobal @ https://phbidlautdemo.prahu-hub.com/adminprahu/settingReminder/UUtRU0NqV1IzekpKbStpS0RvMDlYZz09:5608
[   15309ms] Cannot use import statement outside a module
[   15356ms] ReferenceError: Chart is not defined
    at https://phbidlautdemo.prahu-hub.com/_resources/themes/prahutheme/js/scripts-init/charts/chartjs.js:8:13
[   15415ms] Unexpected token '<'
[   15429ms] Unexpected token '<'
[   15739ms] Uncaught TypeError: expect element to be DOM Element, but got null
    at n.init (https://cdnjs.cloudflare.com/ajax/libs/smooth-scrollbar/8.5.2/smooth-scrollbar.js:24:264)
    at <anonymous> (https://phbidlautdemo.prahu-hub.com/adminprahu/reminder:5684:14)
[   15771ms] [LOG] Settingsnamanya @ https://phbidlautdemo.prahu-hub.com/adminprahu/reminder:2039
[   15783ms] [LOG] WebSocket connection @ https://phbidlautdemo.prahu-hub.com/adminprahu/reminder:6080
[   15784ms] [LOG] WebSocket connection attempting... @ https://phbidlautdemo.prahu-hub.com/adminprahu/reminder:6158
[   15914ms] [LOG] WebSocket connected @ https://phbidlautdemo.prahu-hub.com/adminprahu/reminder:6089
[   15919ms] [LOG] update_dashboard_order_laut @ https://phbidlautdemo.prahu-hub.com/adminprahu/reminder:6130
[   15946ms] [LOG] Connected @ https://phbidlautdemo.prahu-hub.com/adminprahu/reminder:6130
[   16053ms] [LOG] 200 xhrglobal @ https://phbidlautdemo.prahu-hub.com/adminprahu/reminder:6011
[   16110ms] [LOG] 200 xhrglobal @ https://phbidlautdemo.prahu-hub.com/adminprahu/reminder:6011
[   17784ms] TypeError: $(...).DataTable is not a function
    at https://phbidlautdemo.prahu-hub.com/_resources/themes/prahutheme/js/scripts-init/tables.js:7:23
