[    1057ms] Cannot use import statement outside a module
[    1094ms] ReferenceError: Chart is not defined
    at https://phbidlautdemo.prahu-hub.com/_resources/themes/prahutheme/js/scripts-init/charts/chartjs.js:8:13
[    1314ms] Unexpected token '<'
[    1315ms] Unexpected token '<'
[    1452ms] Uncaught TypeError: expect element to be DOM Element, but got null
    at n.init (https://cdnjs.cloudflare.com/ajax/libs/smooth-scrollbar/8.5.2/smooth-scrollbar.js:24:264)
    at <anonymous> (https://phbidlautdemo.prahu-hub.com/lelang/carirute:6555:14)
[    1557ms] [LOG] undefinednamanya @ https://phbidlautdemo.prahu-hub.com/lelang/carirute:2149
[    1582ms] [LOG] undefined @ https://phbidlautdemo.prahu-hub.com/lelang/carirute:6908
[    1582ms] [LOG] undefined @ https://phbidlautdemo.prahu-hub.com/lelang/carirute:6908
[    1582ms] [LOG] undefined @ https://phbidlautdemo.prahu-hub.com/lelang/carirute:6908
[    1582ms] [LOG] Masukkan Nomor Lelang @ https://phbidlautdemo.prahu-hub.com/lelang/carirute:6908
[    1583ms] [LOG] undefined @ https://phbidlautdemo.prahu-hub.com/lelang/carirute:6908
[    1583ms] [LOG] WebSocket connection @ https://phbidlautdemo.prahu-hub.com/lelang/carirute:6951
[    1584ms] [LOG] WebSocket connection attempting... @ https://phbidlautdemo.prahu-hub.com/lelang/carirute:7029
[    1659ms] [TABLE] {UI version: 8.4.1, Core version: 8.4.0, Build: NC8xMi8yMDIyfDRkZTU3MmExYg==, WebViewer Server: false, Full API: false} @ https://phbidlautdemo.prahu-hub.com/_resources/themes/prahutheme/javascript/PDFView/lib/ui/webviewer-ui.min.js:270
[    1923ms] [VERBOSE] [DOM] Password forms should have (optionally hidden) username fields for accessibility: (More info: https://goo.gl/9p2vKq) %o @ https://phbidlautdemo.prahu-hub.com/_resources/themes/prahutheme/javascript/PDFView/lib/ui/index.html#a=1&disabledElements=downloadButton%2CprintButton%2ClanguageButton&filepicker=0&pdfnet=0&enableRedaction=0&enableMeasurement=0&pageHistory=1&notesInLeftPanel=0&singleServerMode=false&selectAnnotationOnCreation=0&autoFocusNoteOnAnnotationSelection=1&id=1&basePath=%2Flelang%2Fcarirute:0
[    2150ms] [LOG] WebSocket connected @ https://phbidlautdemo.prahu-hub.com/lelang/carirute:6960
[    2183ms] [LOG] update_dashboard_order_laut @ https://phbidlautdemo.prahu-hub.com/lelang/carirute:7001
[    2184ms] [LOG] Connected @ https://phbidlautdemo.prahu-hub.com/lelang/carirute:7001
[    2298ms] [LOG] 200 xhrglobal @ https://phbidlautdemo.prahu-hub.com/lelang/carirute:6882
[    2328ms] [LOG] 200 xhrglobal @ https://phbidlautdemo.prahu-hub.com/lelang/carirute:6882
[    3570ms] TypeError: $(...).DataTable is not a function
    at https://phbidlautdemo.prahu-hub.com/_resources/themes/prahutheme/js/scripts-init/tables.js:7:23
[    9662ms] Cannot use import statement outside a module
[    9730ms] ReferenceError: Chart is not defined
    at https://phbidlautdemo.prahu-hub.com/_resources/themes/prahutheme/js/scripts-init/charts/chartjs.js:8:13
[    9846ms] Unexpected token '<'
[    9847ms] Unexpected token '<'
[   10015ms] Uncaught TypeError: expect element to be DOM Element, but got null
    at n.init (https://cdnjs.cloudflare.com/ajax/libs/smooth-scrollbar/8.5.2/smooth-scrollbar.js:24:264)
    at <anonymous> (https://phbidlautdemo.prahu-hub.com/lelang/carirute?from=search&id_user=SWd1aUR1aGpzOUlWbVpaWXY2NG5SZz09&lelang=ZWJxcUswV2tJeDE3dlo1T1BHVXJLUT09&nomor_lelang=LELANGFCU%2F28082026IK:7653:14)
[   10135ms] [TABLE] {UI version: 8.4.1, Core version: 8.4.0, Build: NC8xMi8yMDIyfDRkZTU3MmExYg==, WebViewer Server: false, Full API: false} @ https://phbidlautdemo.prahu-hub.com/_resources/themes/prahutheme/javascript/PDFView/lib/ui/webviewer-ui.min.js:270
[   10180ms] [LOG] undefinednamanya @ https://phbidlautdemo.prahu-hub.com/lelang/carirute?from=search&id_user=SWd1aUR1aGpzOUlWbVpaWXY2NG5SZz09&lelang=ZWJxcUswV2tJeDE3dlo1T1BHVXJLUT09&nomor_lelang=LELANGFCU%2F28082026IK:2149
[   10206ms] [LOG] undefined @ https://phbidlautdemo.prahu-hub.com/lelang/carirute?from=search&id_user=SWd1aUR1aGpzOUlWbVpaWXY2NG5SZz09&lelang=ZWJxcUswV2tJeDE3dlo1T1BHVXJLUT09&nomor_lelang=LELANGFCU%2F28082026IK:8006
[   10207ms] [LOG] undefined @ https://phbidlautdemo.prahu-hub.com/lelang/carirute?from=search&id_user=SWd1aUR1aGpzOUlWbVpaWXY2NG5SZz09&lelang=ZWJxcUswV2tJeDE3dlo1T1BHVXJLUT09&nomor_lelang=LELANGFCU%2F28082026IK:8006
[   10207ms] [LOG] undefined @ https://phbidlautdemo.prahu-hub.com/lelang/carirute?from=search&id_user=SWd1aUR1aGpzOUlWbVpaWXY2NG5SZz09&lelang=ZWJxcUswV2tJeDE3dlo1T1BHVXJLUT09&nomor_lelang=LELANGFCU%2F28082026IK:8006
[   10207ms] [LOG] Masukkan Nomor Lelang @ https://phbidlautdemo.prahu-hub.com/lelang/carirute?from=search&id_user=SWd1aUR1aGpzOUlWbVpaWXY2NG5SZz09&lelang=ZWJxcUswV2tJeDE3dlo1T1BHVXJLUT09&nomor_lelang=LELANGFCU%2F28082026IK:8006
[   10207ms] [LOG] undefined @ https://phbidlautdemo.prahu-hub.com/lelang/carirute?from=search&id_user=SWd1aUR1aGpzOUlWbVpaWXY2NG5SZz09&lelang=ZWJxcUswV2tJeDE3dlo1T1BHVXJLUT09&nomor_lelang=LELANGFCU%2F28082026IK:8006
[   10208ms] [LOG] undefined @ https://phbidlautdemo.prahu-hub.com/lelang/carirute?from=search&id_user=SWd1aUR1aGpzOUlWbVpaWXY2NG5SZz09&lelang=ZWJxcUswV2tJeDE3dlo1T1BHVXJLUT09&nomor_lelang=LELANGFCU%2F28082026IK:8006
[   10208ms] [LOG] undefined @ https://phbidlautdemo.prahu-hub.com/lelang/carirute?from=search&id_user=SWd1aUR1aGpzOUlWbVpaWXY2NG5SZz09&lelang=ZWJxcUswV2tJeDE3dlo1T1BHVXJLUT09&nomor_lelang=LELANGFCU%2F28082026IK:8006
[   10208ms] [LOG] undefined @ https://phbidlautdemo.prahu-hub.com/lelang/carirute?from=search&id_user=SWd1aUR1aGpzOUlWbVpaWXY2NG5SZz09&lelang=ZWJxcUswV2tJeDE3dlo1T1BHVXJLUT09&nomor_lelang=LELANGFCU%2F28082026IK:8006
[   10209ms] [LOG] DD/MM/YYYY @ https://phbidlautdemo.prahu-hub.com/lelang/carirute?from=search&id_user=SWd1aUR1aGpzOUlWbVpaWXY2NG5SZz09&lelang=ZWJxcUswV2tJeDE3dlo1T1BHVXJLUT09&nomor_lelang=LELANGFCU%2F28082026IK:8006
[   10209ms] [LOG] DD/MM/YYYY @ https://phbidlautdemo.prahu-hub.com/lelang/carirute?from=search&id_user=SWd1aUR1aGpzOUlWbVpaWXY2NG5SZz09&lelang=ZWJxcUswV2tJeDE3dlo1T1BHVXJLUT09&nomor_lelang=LELANGFCU%2F28082026IK:8006
[   10209ms] [LOG] undefined @ https://phbidlautdemo.prahu-hub.com/lelang/carirute?from=search&id_user=SWd1aUR1aGpzOUlWbVpaWXY2NG5SZz09&lelang=ZWJxcUswV2tJeDE3dlo1T1BHVXJLUT09&nomor_lelang=LELANGFCU%2F28082026IK:8006
[   10211ms] [LOG] WebSocket connection @ https://phbidlautdemo.prahu-hub.com/lelang/carirute?from=search&id_user=SWd1aUR1aGpzOUlWbVpaWXY2NG5SZz09&lelang=ZWJxcUswV2tJeDE3dlo1T1BHVXJLUT09&nomor_lelang=LELANGFCU%2F28082026IK:8049
[   10212ms] [LOG] WebSocket connection attempting... @ https://phbidlautdemo.prahu-hub.com/lelang/carirute?from=search&id_user=SWd1aUR1aGpzOUlWbVpaWXY2NG5SZz09&lelang=ZWJxcUswV2tJeDE3dlo1T1BHVXJLUT09&nomor_lelang=LELANGFCU%2F28082026IK:8127
[   10499ms] [VERBOSE] [DOM] Password forms should have (optionally hidden) username fields for accessibility: (More info: https://goo.gl/9p2vKq) %o @ https://phbidlautdemo.prahu-hub.com/_resources/themes/prahutheme/javascript/PDFView/lib/ui/index.html#d=%2Fassets%2Fdokumenaanwijzing%2F65%2FAanwijzing-PT.-Primax-Geo-Sejahtera.pdf&a=1&disabledElements=downloadButton%2CprintButton%2ClanguageButton&filepicker=0&pdfnet=0&enableRedaction=0&enableMeasurement=0&pageHistory=1&notesInLeftPanel=0&singleServerMode=false&selectAnnotationOnCreation=0&autoFocusNoteOnAnnotationSelection=1&id=1&basePath=%2Flelang%2Fcarirute:0
[   10701ms] [LOG] [Object, Object, Object, Object] @ https://phbidlautdemo.prahu-hub.com/_resources/themes/prahutheme/javascript/custom/hasilPenawaran.js?m=1&amp;m=1787972929:14
[   10730ms] [LOG] 4 @ https://phbidlautdemo.prahu-hub.com/_resources/themes/prahutheme/javascript/custom/hasilPenawaran.js?m=1&amp;m=1787972929:889
[   10730ms] [LOG] 4 countView1 1 pageNow 20 limitView1 @ https://phbidlautdemo.prahu-hub.com/_resources/themes/prahutheme/javascript/custom/hasilPenawaran.js?m=1&amp;m=1787972929:891
[   10731ms] [LOG] 4 @ https://phbidlautdemo.prahu-hub.com/_resources/themes/prahutheme/javascript/custom/hasilPenawaran.js?m=1&amp;m=1787972929:902
[   10731ms] [LOG] 4 jumlah data @ https://phbidlautdemo.prahu-hub.com/_resources/themes/prahutheme/javascript/custom/hasilPenawaran.js?m=1&amp;m=1787972929:867
[   10731ms] [LOG] 1 @ https://phbidlautdemo.prahu-hub.com/_resources/themes/prahutheme/javascript/custom/hasilPenawaran.js?m=1&amp;m=1787972929:869
[   10732ms] [LOG] 1 1 pageCount & pageNow @ https://phbidlautdemo.prahu-hub.com/_resources/themes/prahutheme/javascript/custom/hasilPenawaran.js?m=1&amp;m=1787972929:795
[   10733ms] [LOG] 200 xhrglobal @ https://phbidlautdemo.prahu-hub.com/lelang/carirute?from=search&id_user=SWd1aUR1aGpzOUlWbVpaWXY2NG5SZz09&lelang=ZWJxcUswV2tJeDE3dlo1T1BHVXJLUT09&nomor_lelang=LELANGFCU%2F28082026IK:7980
[   10811ms] [LOG] WebSocket connected @ https://phbidlautdemo.prahu-hub.com/lelang/carirute?from=search&id_user=SWd1aUR1aGpzOUlWbVpaWXY2NG5SZz09&lelang=ZWJxcUswV2tJeDE3dlo1T1BHVXJLUT09&nomor_lelang=LELANGFCU%2F28082026IK:8058
[   10923ms] [LOG] update_dashboard_order_laut @ https://phbidlautdemo.prahu-hub.com/lelang/carirute?from=search&id_user=SWd1aUR1aGpzOUlWbVpaWXY2NG5SZz09&lelang=ZWJxcUswV2tJeDE3dlo1T1BHVXJLUT09&nomor_lelang=LELANGFCU%2F28082026IK:8099
[   10928ms] [LOG] Connected @ https://phbidlautdemo.prahu-hub.com/lelang/carirute?from=search&id_user=SWd1aUR1aGpzOUlWbVpaWXY2NG5SZz09&lelang=ZWJxcUswV2tJeDE3dlo1T1BHVXJLUT09&nomor_lelang=LELANGFCU%2F28082026IK:8099
[   10961ms] [LOG] 200 xhrglobal @ https://phbidlautdemo.prahu-hub.com/lelang/carirute?from=search&id_user=SWd1aUR1aGpzOUlWbVpaWXY2NG5SZz09&lelang=ZWJxcUswV2tJeDE3dlo1T1BHVXJLUT09&nomor_lelang=LELANGFCU%2F28082026IK:7980
[   11275ms] [LOG] 200 xhrglobal @ https://phbidlautdemo.prahu-hub.com/lelang/carirute?from=search&id_user=SWd1aUR1aGpzOUlWbVpaWXY2NG5SZz09&lelang=ZWJxcUswV2tJeDE3dlo1T1BHVXJLUT09&nomor_lelang=LELANGFCU%2F28082026IK:7980
[   13443ms] [LOG] document loaded @ https://phbidlautdemo.prahu-hub.com/lelang/carirute?from=search&id_user=SWd1aUR1aGpzOUlWbVpaWXY2NG5SZz09&lelang=ZWJxcUswV2tJeDE3dlo1T1BHVXJLUT09&nomor_lelang=LELANGFCU%2F28082026IK:6113
[   13514ms] TypeError: $(...).DataTable is not a function
    at https://phbidlautdemo.prahu-hub.com/_resources/themes/prahutheme/js/scripts-init/tables.js:7:23
