[    4112ms] Cannot use import statement outside a module
[    4149ms] ReferenceError: Chart is not defined
    at https://phbidlautdemo.prahu-hub.com/_resources/themes/prahutheme/js/scripts-init/charts/chartjs.js:8:13
[    4343ms] Unexpected token '<'
[    5074ms] Unexpected token '<'
[    5158ms] [LOG] Daftar Ordernamanya @ https://phbidlautdemo.prahu-hub.com/order/orderdetail/c0dGZmFWNUZYSFhnWlFSZkRzdXQwUT09:2039
[    5188ms] [LOG] undefined @ https://phbidlautdemo.prahu-hub.com/order/orderdetail/c0dGZmFWNUZYSFhnWlFSZkRzdXQwUT09:9131
[    5188ms] [LOG] undefined @ https://phbidlautdemo.prahu-hub.com/order/orderdetail/c0dGZmFWNUZYSFhnWlFSZkRzdXQwUT09:9131
[    5188ms] [LOG] undefined @ https://phbidlautdemo.prahu-hub.com/order/orderdetail/c0dGZmFWNUZYSFhnWlFSZkRzdXQwUT09:9131
[    5188ms] [LOG] undefined @ https://phbidlautdemo.prahu-hub.com/order/orderdetail/c0dGZmFWNUZYSFhnWlFSZkRzdXQwUT09:9131
[    5189ms] [LOG] WebSocket connection @ https://phbidlautdemo.prahu-hub.com/order/orderdetail/c0dGZmFWNUZYSFhnWlFSZkRzdXQwUT09:9174
[    5190ms] [LOG] WebSocket connection attempting... @ https://phbidlautdemo.prahu-hub.com/order/orderdetail/c0dGZmFWNUZYSFhnWlFSZkRzdXQwUT09:9252
[    5351ms] [LOG] WebSocket connected @ https://phbidlautdemo.prahu-hub.com/order/orderdetail/c0dGZmFWNUZYSFhnWlFSZkRzdXQwUT09:9183
[    5357ms] [LOG] update_dashboard_order_laut @ https://phbidlautdemo.prahu-hub.com/order/orderdetail/c0dGZmFWNUZYSFhnWlFSZkRzdXQwUT09:9224
[    5547ms] [LOG] Connected @ https://phbidlautdemo.prahu-hub.com/order/orderdetail/c0dGZmFWNUZYSFhnWlFSZkRzdXQwUT09:9224
[    5550ms] [LOG] Connected @ https://phbidlautdemo.prahu-hub.com/order/orderdetail/c0dGZmFWNUZYSFhnWlFSZkRzdXQwUT09:9224
[    5894ms] [LOG] 200 xhrglobal @ https://phbidlautdemo.prahu-hub.com/order/orderdetail/c0dGZmFWNUZYSFhnWlFSZkRzdXQwUT09:9105
[    5992ms] [LOG] Connected @ https://phbidlautdemo.prahu-hub.com/order/orderdetail/c0dGZmFWNUZYSFhnWlFSZkRzdXQwUT09:9224
[    6070ms] [LOG] 200 xhrglobal @ https://phbidlautdemo.prahu-hub.com/order/orderdetail/c0dGZmFWNUZYSFhnWlFSZkRzdXQwUT09:9105
[    6339ms] [LOG] Connected @ https://phbidlautdemo.prahu-hub.com/order/orderdetail/c0dGZmFWNUZYSFhnWlFSZkRzdXQwUT09:9224
[    6339ms] [LOG] Connected @ https://phbidlautdemo.prahu-hub.com/order/orderdetail/c0dGZmFWNUZYSFhnWlFSZkRzdXQwUT09:9224
[    7191ms] TypeError: $(...).DataTable is not a function
    at https://phbidlautdemo.prahu-hub.com/_resources/themes/prahutheme/js/scripts-init/tables.js:7:23
[    7342ms] [LOG] Connected @ https://phbidlautdemo.prahu-hub.com/order/orderdetail/c0dGZmFWNUZYSFhnWlFSZkRzdXQwUT09:9224
[    8937ms] [LOG] Connected @ https://phbidlautdemo.prahu-hub.com/order/orderdetail/c0dGZmFWNUZYSFhnWlFSZkRzdXQwUT09:9224
[   10839ms] [LOG] Connected @ https://phbidlautdemo.prahu-hub.com/order/orderdetail/c0dGZmFWNUZYSFhnWlFSZkRzdXQwUT09:9224
[   12915ms] [LOG] Connected @ https://phbidlautdemo.prahu-hub.com/order/orderdetail/c0dGZmFWNUZYSFhnWlFSZkRzdXQwUT09:9224
[   26808ms] [LOG] Connected @ https://phbidlautdemo.prahu-hub.com/order/orderdetail/c0dGZmFWNUZYSFhnWlFSZkRzdXQwUT09:9224
[   42965ms] [LOG] Connected @ https://phbidlautdemo.prahu-hub.com/order/orderdetail/c0dGZmFWNUZYSFhnWlFSZkRzdXQwUT09:9224
[   46932ms] [LOG] Connected @ https://phbidlautdemo.prahu-hub.com/order/orderdetail/c0dGZmFWNUZYSFhnWlFSZkRzdXQwUT09:9224
[   64812ms] [LOG] Connected @ https://phbidlautdemo.prahu-hub.com/order/orderdetail/c0dGZmFWNUZYSFhnWlFSZkRzdXQwUT09:9224
[   70520ms] [LOG] Connected @ https://phbidlautdemo.prahu-hub.com/order/orderdetail/c0dGZmFWNUZYSFhnWlFSZkRzdXQwUT09:9224
[   71563ms] [LOG] Connected @ https://phbidlautdemo.prahu-hub.com/order/orderdetail/c0dGZmFWNUZYSFhnWlFSZkRzdXQwUT09:9224
[   78010ms] [LOG] Connected @ https://phbidlautdemo.prahu-hub.com/order/orderdetail/c0dGZmFWNUZYSFhnWlFSZkRzdXQwUT09:9224
[   78653ms] [LOG] Connected @ https://phbidlautdemo.prahu-hub.com/order/orderdetail/c0dGZmFWNUZYSFhnWlFSZkRzdXQwUT09:9224
[   84179ms] [LOG] Connected @ https://phbidlautdemo.prahu-hub.com/order/orderdetail/c0dGZmFWNUZYSFhnWlFSZkRzdXQwUT09:9224
[   90117ms] [LOG] Connected @ https://phbidlautdemo.prahu-hub.com/order/orderdetail/c0dGZmFWNUZYSFhnWlFSZkRzdXQwUT09:9224
[  105821ms] [LOG] Connected @ https://phbidlautdemo.prahu-hub.com/order/orderdetail/c0dGZmFWNUZYSFhnWlFSZkRzdXQwUT09:9224
[  107675ms] [LOG] Connected @ https://phbidlautdemo.prahu-hub.com/order/orderdetail/c0dGZmFWNUZYSFhnWlFSZkRzdXQwUT09:9224
[  110570ms] [LOG] Connected @ https://phbidlautdemo.prahu-hub.com/order/orderdetail/c0dGZmFWNUZYSFhnWlFSZkRzdXQwUT09:9224
[  112828ms] [LOG] Connected @ https://phbidlautdemo.prahu-hub.com/order/orderdetail/c0dGZmFWNUZYSFhnWlFSZkRzdXQwUT09:9224
[  114369ms] [LOG] Connected @ https://phbidlautdemo.prahu-hub.com/order/orderdetail/c0dGZmFWNUZYSFhnWlFSZkRzdXQwUT09:9224
[  116419ms] [LOG] Connected @ https://phbidlautdemo.prahu-hub.com/order/orderdetail/c0dGZmFWNUZYSFhnWlFSZkRzdXQwUT09:9224
[  118030ms] [LOG] Connected @ https://phbidlautdemo.prahu-hub.com/order/orderdetail/c0dGZmFWNUZYSFhnWlFSZkRzdXQwUT09:9224
[  120023ms] [LOG] Connected @ https://phbidlautdemo.prahu-hub.com/order/orderdetail/c0dGZmFWNUZYSFhnWlFSZkRzdXQwUT09:9224
[  121277ms] [LOG] Connected @ https://phbidlautdemo.prahu-hub.com/order/orderdetail/c0dGZmFWNUZYSFhnWlFSZkRzdXQwUT09:9224
[  123127ms] [LOG] Connected @ https://phbidlautdemo.prahu-hub.com/order/orderdetail/c0dGZmFWNUZYSFhnWlFSZkRzdXQwUT09:9224
[  126107ms] [LOG] Connected @ https://phbidlautdemo.prahu-hub.com/order/orderdetail/c0dGZmFWNUZYSFhnWlFSZkRzdXQwUT09:9224
[  131780ms] [LOG] Connected @ https://phbidlautdemo.prahu-hub.com/order/orderdetail/c0dGZmFWNUZYSFhnWlFSZkRzdXQwUT09:9224
[  133354ms] [LOG] Connected @ https://phbidlautdemo.prahu-hub.com/order/orderdetail/c0dGZmFWNUZYSFhnWlFSZkRzdXQwUT09:9224
[  135206ms] [LOG] Connected @ https://phbidlautdemo.prahu-hub.com/order/orderdetail/c0dGZmFWNUZYSFhnWlFSZkRzdXQwUT09:9224
[  136520ms] [LOG] Connected @ https://phbidlautdemo.prahu-hub.com/order/orderdetail/c0dGZmFWNUZYSFhnWlFSZkRzdXQwUT09:9224
[  138316ms] [LOG] Connected @ https://phbidlautdemo.prahu-hub.com/order/orderdetail/c0dGZmFWNUZYSFhnWlFSZkRzdXQwUT09:9224
[  140180ms] [LOG] Connected @ https://phbidlautdemo.prahu-hub.com/order/orderdetail/c0dGZmFWNUZYSFhnWlFSZkRzdXQwUT09:9224
[  146152ms] [LOG] Connected @ https://phbidlautdemo.prahu-hub.com/order/orderdetail/c0dGZmFWNUZYSFhnWlFSZkRzdXQwUT09:9224
[  147505ms] [LOG] Connected @ https://phbidlautdemo.prahu-hub.com/order/orderdetail/c0dGZmFWNUZYSFhnWlFSZkRzdXQwUT09:9224
[  149271ms] [LOG] Connected @ https://phbidlautdemo.prahu-hub.com/order/orderdetail/c0dGZmFWNUZYSFhnWlFSZkRzdXQwUT09:9224
[  149472ms] [LOG] Connected @ https://phbidlautdemo.prahu-hub.com/order/orderdetail/c0dGZmFWNUZYSFhnWlFSZkRzdXQwUT09:9224
[  151754ms] [LOG] Connected @ https://phbidlautdemo.prahu-hub.com/order/orderdetail/c0dGZmFWNUZYSFhnWlFSZkRzdXQwUT09:9224
[  157853ms] [LOG] Connected @ https://phbidlautdemo.prahu-hub.com/order/orderdetail/c0dGZmFWNUZYSFhnWlFSZkRzdXQwUT09:9224
[  159280ms] [LOG] Connected @ https://phbidlautdemo.prahu-hub.com/order/orderdetail/c0dGZmFWNUZYSFhnWlFSZkRzdXQwUT09:9224
[  165317ms] [LOG] Connected @ https://phbidlautdemo.prahu-hub.com/order/orderdetail/c0dGZmFWNUZYSFhnWlFSZkRzdXQwUT09:9224
[  201819ms] [LOG] notif_badge_show.901-858-787-937-935-914-906-900-876-856-820-796-795-783-764-704-689-688-685-642-641-640-639-638-635-634-633-632-631-628-627-626-625-624-623-622-621-614-459-325-23 @ https://phbidlautdemo.prahu-hub.com/order/orderdetail/c0dGZmFWNUZYSFhnWlFSZkRzdXQwUT09:9224
[  201820ms] [LOG] Notif baru, fetching data... 41 true 23 @ https://phbidlautdemo.prahu-hub.com/order/orderdetail/c0dGZmFWNUZYSFhnWlFSZkRzdXQwUT09:9243
[  201846ms] [LOG] updateNotif.901-858-787-937-935-914-906-900-876-856-820-796-795-783-764-704-689-688-685-642-641-640-639-638-635-634-633-632-631-628-627-626-625-624-623-622-621-614-459-325-23 @ https://phbidlautdemo.prahu-hub.com/order/orderdetail/c0dGZmFWNUZYSFhnWlFSZkRzdXQwUT09:9224
[  201846ms] [LOG] Notif baru, fetching data... 41 true 23 @ https://phbidlautdemo.prahu-hub.com/order/orderdetail/c0dGZmFWNUZYSFhnWlFSZkRzdXQwUT09:9237
[  201847ms] ReferenceError: loadDataNotif is not defined
    at ConnectWebsocket.conn.onmessage (https://phbidlautdemo.prahu-hub.com/order/orderdetail/c0dGZmFWNUZYSFhnWlFSZkRzdXQwUT09:9239:29)
[  201855ms] [LOG] update_dashboard_order_laut @ https://phbidlautdemo.prahu-hub.com/order/orderdetail/c0dGZmFWNUZYSFhnWlFSZkRzdXQwUT09:9224
[  207720ms] [LOG] Connected @ https://phbidlautdemo.prahu-hub.com/order/orderdetail/c0dGZmFWNUZYSFhnWlFSZkRzdXQwUT09:9224
[  221306ms] [LOG] Connected @ https://phbidlautdemo.prahu-hub.com/order/orderdetail/c0dGZmFWNUZYSFhnWlFSZkRzdXQwUT09:9224
[  229254ms] [LOG] Connected @ https://phbidlautdemo.prahu-hub.com/order/orderdetail/c0dGZmFWNUZYSFhnWlFSZkRzdXQwUT09:9224
[  240630ms] [LOG] Connected @ https://phbidlautdemo.prahu-hub.com/order/orderdetail/c0dGZmFWNUZYSFhnWlFSZkRzdXQwUT09:9224
[  247117ms] [LOG] Connected @ https://phbidlautdemo.prahu-hub.com/order/orderdetail/c0dGZmFWNUZYSFhnWlFSZkRzdXQwUT09:9224
[  254297ms] [LOG] Connected @ https://phbidlautdemo.prahu-hub.com/order/orderdetail/c0dGZmFWNUZYSFhnWlFSZkRzdXQwUT09:9224
[  263454ms] [LOG] Connected @ https://phbidlautdemo.prahu-hub.com/order/orderdetail/c0dGZmFWNUZYSFhnWlFSZkRzdXQwUT09:9224
[  270167ms] [LOG] Connected @ https://phbidlautdemo.prahu-hub.com/order/orderdetail/c0dGZmFWNUZYSFhnWlFSZkRzdXQwUT09:9224
[  275905ms] [LOG] Connected @ https://phbidlautdemo.prahu-hub.com/order/orderdetail/c0dGZmFWNUZYSFhnWlFSZkRzdXQwUT09:9224
[  278379ms] [LOG] Connected @ https://phbidlautdemo.prahu-hub.com/order/orderdetail/c0dGZmFWNUZYSFhnWlFSZkRzdXQwUT09:9224
[  292161ms] [LOG] notif_badge_show.901-858-787-937-935-914-906-900-876-856-820-796-795-783-764-704-689-688-685-642-641-640-639-638-635-634-633-632-631-629-628-627-626-625-624-623-622-621-614-459-325-23 @ https://phbidlautdemo.prahu-hub.com/order/orderdetail/c0dGZmFWNUZYSFhnWlFSZkRzdXQwUT09:9224
[  292161ms] [LOG] Notif baru, fetching data... 42 true 23 @ https://phbidlautdemo.prahu-hub.com/order/orderdetail/c0dGZmFWNUZYSFhnWlFSZkRzdXQwUT09:9243
[  292170ms] [LOG] updateNotif.901-858-787-937-935-914-906-900-876-856-820-796-795-783-764-704-689-688-685-642-641-640-639-638-635-634-633-632-631-629-628-627-626-625-624-623-622-621-614-459-325-23 @ https://phbidlautdemo.prahu-hub.com/order/orderdetail/c0dGZmFWNUZYSFhnWlFSZkRzdXQwUT09:9224
[  292170ms] [LOG] Notif baru, fetching data... 42 true 23 @ https://phbidlautdemo.prahu-hub.com/order/orderdetail/c0dGZmFWNUZYSFhnWlFSZkRzdXQwUT09:9237
[  292170ms] ReferenceError: loadDataNotif is not defined
    at ConnectWebsocket.conn.onmessage (https://phbidlautdemo.prahu-hub.com/order/orderdetail/c0dGZmFWNUZYSFhnWlFSZkRzdXQwUT09:9239:29)
[  292224ms] [LOG] update_dashboard_order_laut @ https://phbidlautdemo.prahu-hub.com/order/orderdetail/c0dGZmFWNUZYSFhnWlFSZkRzdXQwUT09:9224
[  293136ms] [LOG] Connected @ https://phbidlautdemo.prahu-hub.com/order/orderdetail/c0dGZmFWNUZYSFhnWlFSZkRzdXQwUT09:9224
[  299424ms] [LOG] Connected @ https://phbidlautdemo.prahu-hub.com/order/orderdetail/c0dGZmFWNUZYSFhnWlFSZkRzdXQwUT09:9224
[  318098ms] [LOG] Connected @ https://phbidlautdemo.prahu-hub.com/order/orderdetail/c0dGZmFWNUZYSFhnWlFSZkRzdXQwUT09:9224
[  324545ms] [LOG] Connected @ https://phbidlautdemo.prahu-hub.com/order/orderdetail/c0dGZmFWNUZYSFhnWlFSZkRzdXQwUT09:9224
[  331484ms] [LOG] Connected @ https://phbidlautdemo.prahu-hub.com/order/orderdetail/c0dGZmFWNUZYSFhnWlFSZkRzdXQwUT09:9224
[  334085ms] [LOG] Connected @ https://phbidlautdemo.prahu-hub.com/order/orderdetail/c0dGZmFWNUZYSFhnWlFSZkRzdXQwUT09:9224
[  348943ms] [LOG] Connected @ https://phbidlautdemo.prahu-hub.com/order/orderdetail/c0dGZmFWNUZYSFhnWlFSZkRzdXQwUT09:9224
[  363756ms] [LOG] Connected @ https://phbidlautdemo.prahu-hub.com/order/orderdetail/c0dGZmFWNUZYSFhnWlFSZkRzdXQwUT09:9224
[  368786ms] [LOG] Connected @ https://phbidlautdemo.prahu-hub.com/order/orderdetail/c0dGZmFWNUZYSFhnWlFSZkRzdXQwUT09:9224
[  386638ms] [LOG] Connected @ https://phbidlautdemo.prahu-hub.com/order/orderdetail/c0dGZmFWNUZYSFhnWlFSZkRzdXQwUT09:9224
[  403890ms] [LOG] Connected @ https://phbidlautdemo.prahu-hub.com/order/orderdetail/c0dGZmFWNUZYSFhnWlFSZkRzdXQwUT09:9224
[  419903ms] [LOG] Connected @ https://phbidlautdemo.prahu-hub.com/order/orderdetail/c0dGZmFWNUZYSFhnWlFSZkRzdXQwUT09:9224
[  424211ms] [LOG] Connected @ https://phbidlautdemo.prahu-hub.com/order/orderdetail/c0dGZmFWNUZYSFhnWlFSZkRzdXQwUT09:9224
[  431972ms] [LOG] Connected @ https://phbidlautdemo.prahu-hub.com/order/orderdetail/c0dGZmFWNUZYSFhnWlFSZkRzdXQwUT09:9224
[  453727ms] [LOG] Connected @ https://phbidlautdemo.prahu-hub.com/order/orderdetail/c0dGZmFWNUZYSFhnWlFSZkRzdXQwUT09:9224
[  464465ms] [LOG] Connected @ https://phbidlautdemo.prahu-hub.com/order/orderdetail/c0dGZmFWNUZYSFhnWlFSZkRzdXQwUT09:9224
[  474686ms] [LOG] Connected @ https://phbidlautdemo.prahu-hub.com/order/orderdetail/c0dGZmFWNUZYSFhnWlFSZkRzdXQwUT09:9224
[  487384ms] [LOG] notif_badge_show.485-471-460-459-454-451-447-417-385-262-194-192-49-42-18-8-20-1 @ https://phbidlautdemo.prahu-hub.com/order/orderdetail/c0dGZmFWNUZYSFhnWlFSZkRzdXQwUT09:9224
[  489056ms] [LOG] notif_badge_show.485-471-460-459-454-451-447-417-385-262-194-192-49-42-18-8-20-1 @ https://phbidlautdemo.prahu-hub.com/order/orderdetail/c0dGZmFWNUZYSFhnWlFSZkRzdXQwUT09:9224
[  489062ms] [LOG] updateNotifDarat.485-471-460-459-454-451-447-417-385-262-194-192-49-42-18-8-20-1 @ https://phbidlautdemo.prahu-hub.com/order/orderdetail/c0dGZmFWNUZYSFhnWlFSZkRzdXQwUT09:9224
[  492997ms] [LOG] Connected @ https://phbidlautdemo.prahu-hub.com/order/orderdetail/c0dGZmFWNUZYSFhnWlFSZkRzdXQwUT09:9224
[  495955ms] [LOG] updateNotifDarat.485-471-460-459-454-451-447-417-385-262-194-192-49-42-18-8-20-1 @ https://phbidlautdemo.prahu-hub.com/order/orderdetail/c0dGZmFWNUZYSFhnWlFSZkRzdXQwUT09:9224
[  495956ms] [LOG] notif_badge_show.485-471-460-459-454-451-447-417-385-262-194-192-49-42-18-8-20-1 @ https://phbidlautdemo.prahu-hub.com/order/orderdetail/c0dGZmFWNUZYSFhnWlFSZkRzdXQwUT09:9224
[  496191ms] [LOG] Connected @ https://phbidlautdemo.prahu-hub.com/order/orderdetail/c0dGZmFWNUZYSFhnWlFSZkRzdXQwUT09:9224
[  499475ms] [LOG] Connected @ https://phbidlautdemo.prahu-hub.com/order/orderdetail/c0dGZmFWNUZYSFhnWlFSZkRzdXQwUT09:9224
[  500848ms] [LOG] notif_badge_show.485-471-460-459-454-451-447-417-385-262-194-192-49-42-18-8-20-1 @ https://phbidlautdemo.prahu-hub.com/order/orderdetail/c0dGZmFWNUZYSFhnWlFSZkRzdXQwUT09:9224
[  500860ms] [LOG] updateNotifDarat.485-471-460-459-454-451-447-417-385-262-194-192-49-42-18-8-20-1 @ https://phbidlautdemo.prahu-hub.com/order/orderdetail/c0dGZmFWNUZYSFhnWlFSZkRzdXQwUT09:9224
[  506192ms] [LOG] updateNotifDarat.485-471-460-459-454-451-447-417-385-262-194-192-49-42-18-8-20-1 @ https://phbidlautdemo.prahu-hub.com/order/orderdetail/c0dGZmFWNUZYSFhnWlFSZkRzdXQwUT09:9224
[  506194ms] [LOG] notif_badge_show.485-471-460-459-454-451-447-417-385-262-194-192-49-42-18-8-20-1 @ https://phbidlautdemo.prahu-hub.com/order/orderdetail/c0dGZmFWNUZYSFhnWlFSZkRzdXQwUT09:9224
[  506683ms] [LOG] Connected @ https://phbidlautdemo.prahu-hub.com/order/orderdetail/c0dGZmFWNUZYSFhnWlFSZkRzdXQwUT09:9224
[  509537ms] [LOG] notif_badge_show.485-471-460-459-454-451-447-417-385-262-194-192-49-42-18-8-20-1 @ https://phbidlautdemo.prahu-hub.com/order/orderdetail/c0dGZmFWNUZYSFhnWlFSZkRzdXQwUT09:9224
[  509538ms] [LOG] updateNotifDarat.485-471-460-459-454-451-447-417-385-262-194-192-49-42-18-8-20-1 @ https://phbidlautdemo.prahu-hub.com/order/orderdetail/c0dGZmFWNUZYSFhnWlFSZkRzdXQwUT09:9224
[  511068ms] [LOG] Connected @ https://phbidlautdemo.prahu-hub.com/order/orderdetail/c0dGZmFWNUZYSFhnWlFSZkRzdXQwUT09:9224
[  511390ms] [LOG] notif_badge_show.901-858-787-937-935-914-906-900-876-856-820-796-795-783-764-704-689-688-685-642-641-640-639-638-635-634-633-632-631-628-627-626-625-624-623-622-621-614-459-325-23 @ https://phbidlautdemo.prahu-hub.com/order/orderdetail/c0dGZmFWNUZYSFhnWlFSZkRzdXQwUT09:9224
[  511390ms] [LOG] Notif baru, fetching data... 41 true 23 @ https://phbidlautdemo.prahu-hub.com/order/orderdetail/c0dGZmFWNUZYSFhnWlFSZkRzdXQwUT09:9243
[  511401ms] [LOG] update_dashboard_order_laut @ https://phbidlautdemo.prahu-hub.com/order/orderdetail/c0dGZmFWNUZYSFhnWlFSZkRzdXQwUT09:9224
[  511402ms] [LOG] updateNotif.901-858-787-937-935-914-906-900-876-856-820-796-795-783-764-704-689-688-685-642-641-640-639-638-635-634-633-632-631-628-627-626-625-624-623-622-621-614-459-325-23 @ https://phbidlautdemo.prahu-hub.com/order/orderdetail/c0dGZmFWNUZYSFhnWlFSZkRzdXQwUT09:9224
[  511402ms] [LOG] Notif baru, fetching data... 41 true 23 @ https://phbidlautdemo.prahu-hub.com/order/orderdetail/c0dGZmFWNUZYSFhnWlFSZkRzdXQwUT09:9237
[  511405ms] ReferenceError: loadDataNotif is not defined
    at ConnectWebsocket.conn.onmessage (https://phbidlautdemo.prahu-hub.com/order/orderdetail/c0dGZmFWNUZYSFhnWlFSZkRzdXQwUT09:9239:29)
[  511946ms] [LOG] Connected @ https://phbidlautdemo.prahu-hub.com/order/orderdetail/c0dGZmFWNUZYSFhnWlFSZkRzdXQwUT09:9224
[  512121ms] [LOG] Connected @ https://phbidlautdemo.prahu-hub.com/order/orderdetail/c0dGZmFWNUZYSFhnWlFSZkRzdXQwUT09:9224
[  513735ms] [LOG] Connected @ https://phbidlautdemo.prahu-hub.com/order/orderdetail/c0dGZmFWNUZYSFhnWlFSZkRzdXQwUT09:9224
[  514572ms] [LOG] Connected @ https://phbidlautdemo.prahu-hub.com/order/orderdetail/c0dGZmFWNUZYSFhnWlFSZkRzdXQwUT09:9224
[  514955ms] [LOG] notif_badge_show.485-471-460-459-454-451-447-417-385-262-194-192-49-42-18-8-20-1 @ https://phbidlautdemo.prahu-hub.com/order/orderdetail/c0dGZmFWNUZYSFhnWlFSZkRzdXQwUT09:9224
[  514968ms] [LOG] updateNotifDarat.485-471-460-459-454-451-447-417-385-262-194-192-49-42-18-8-20-1 @ https://phbidlautdemo.prahu-hub.com/order/orderdetail/c0dGZmFWNUZYSFhnWlFSZkRzdXQwUT09:9224
[  519079ms] [LOG] Connected @ https://phbidlautdemo.prahu-hub.com/order/orderdetail/c0dGZmFWNUZYSFhnWlFSZkRzdXQwUT09:9224
[  519307ms] [LOG] notif_badge_show.485-471-460-459-454-451-447-417-385-262-194-192-49-42-18-8-20-1 @ https://phbidlautdemo.prahu-hub.com/order/orderdetail/c0dGZmFWNUZYSFhnWlFSZkRzdXQwUT09:9224
[  519308ms] [LOG] updateNotifDarat.485-471-460-459-454-451-447-417-385-262-194-192-49-42-18-8-20-1 @ https://phbidlautdemo.prahu-hub.com/order/orderdetail/c0dGZmFWNUZYSFhnWlFSZkRzdXQwUT09:9224
[  519594ms] [LOG] Connected @ https://phbidlautdemo.prahu-hub.com/order/orderdetail/c0dGZmFWNUZYSFhnWlFSZkRzdXQwUT09:9224
[  519794ms] [LOG] Connected @ https://phbidlautdemo.prahu-hub.com/order/orderdetail/c0dGZmFWNUZYSFhnWlFSZkRzdXQwUT09:9224
[  522956ms] [LOG] Connected @ https://phbidlautdemo.prahu-hub.com/order/orderdetail/c0dGZmFWNUZYSFhnWlFSZkRzdXQwUT09:9224
[  524236ms] [LOG] notif_badge_show.485-471-460-459-454-451-447-417-385-262-194-192-49-42-18-8-20-1 @ https://phbidlautdemo.prahu-hub.com/order/orderdetail/c0dGZmFWNUZYSFhnWlFSZkRzdXQwUT09:9224
[  524252ms] [LOG] updateNotifDarat.485-471-460-459-454-451-447-417-385-262-194-192-49-42-18-8-20-1 @ https://phbidlautdemo.prahu-hub.com/order/orderdetail/c0dGZmFWNUZYSFhnWlFSZkRzdXQwUT09:9224
[  526174ms] [LOG] Connected @ https://phbidlautdemo.prahu-hub.com/order/orderdetail/c0dGZmFWNUZYSFhnWlFSZkRzdXQwUT09:9224
[  528680ms] [LOG] Connected @ https://phbidlautdemo.prahu-hub.com/order/orderdetail/c0dGZmFWNUZYSFhnWlFSZkRzdXQwUT09:9224
[  528783ms] [LOG] Connected @ https://phbidlautdemo.prahu-hub.com/order/orderdetail/c0dGZmFWNUZYSFhnWlFSZkRzdXQwUT09:9224
[  530792ms] [LOG] notif_badge_show.485-471-460-459-454-451-447-417-385-262-194-192-49-42-18-8-20-1 @ https://phbidlautdemo.prahu-hub.com/order/orderdetail/c0dGZmFWNUZYSFhnWlFSZkRzdXQwUT09:9224
[  530794ms] [LOG] updateNotifDarat.485-471-460-459-454-451-447-417-385-262-194-192-49-42-18-8-20-1 @ https://phbidlautdemo.prahu-hub.com/order/orderdetail/c0dGZmFWNUZYSFhnWlFSZkRzdXQwUT09:9224
[  533575ms] [LOG] Connected @ https://phbidlautdemo.prahu-hub.com/order/orderdetail/c0dGZmFWNUZYSFhnWlFSZkRzdXQwUT09:9224
[  534148ms] [LOG] Connected @ https://phbidlautdemo.prahu-hub.com/order/orderdetail/c0dGZmFWNUZYSFhnWlFSZkRzdXQwUT09:9224
[  536502ms] [LOG] Connected @ https://phbidlautdemo.prahu-hub.com/order/orderdetail/c0dGZmFWNUZYSFhnWlFSZkRzdXQwUT09:9224
[  541951ms] [LOG] Connected @ https://phbidlautdemo.prahu-hub.com/order/orderdetail/c0dGZmFWNUZYSFhnWlFSZkRzdXQwUT09:9224
[  546720ms] [LOG] Connected @ https://phbidlautdemo.prahu-hub.com/order/orderdetail/c0dGZmFWNUZYSFhnWlFSZkRzdXQwUT09:9224
[  549831ms] [LOG] notif_badge_show.485-471-460-459-454-451-447-417-385-262-194-192-49-42-18-8-20-1 @ https://phbidlautdemo.prahu-hub.com/order/orderdetail/c0dGZmFWNUZYSFhnWlFSZkRzdXQwUT09:9224
[  549834ms] [LOG] updateNotifDarat.485-471-460-459-454-451-447-417-385-262-194-192-49-42-18-8-20-1 @ https://phbidlautdemo.prahu-hub.com/order/orderdetail/c0dGZmFWNUZYSFhnWlFSZkRzdXQwUT09:9224
[  551833ms] [LOG] Connected @ https://phbidlautdemo.prahu-hub.com/order/orderdetail/c0dGZmFWNUZYSFhnWlFSZkRzdXQwUT09:9224
[  555951ms] [LOG] Connected @ https://phbidlautdemo.prahu-hub.com/order/orderdetail/c0dGZmFWNUZYSFhnWlFSZkRzdXQwUT09:9224
[  556453ms] [LOG] updateNotifDarat.485-471-460-459-454-451-447-417-385-262-194-192-49-42-18-8-20-1 @ https://phbidlautdemo.prahu-hub.com/order/orderdetail/c0dGZmFWNUZYSFhnWlFSZkRzdXQwUT09:9224
[  556455ms] [LOG] notif_badge_show.485-471-460-459-454-451-447-417-385-262-194-192-49-42-18-8-20-1 @ https://phbidlautdemo.prahu-hub.com/order/orderdetail/c0dGZmFWNUZYSFhnWlFSZkRzdXQwUT09:9224
[  556482ms] [LOG] Connected @ https://phbidlautdemo.prahu-hub.com/order/orderdetail/c0dGZmFWNUZYSFhnWlFSZkRzdXQwUT09:9224
[  560504ms] [LOG] Connected @ https://phbidlautdemo.prahu-hub.com/order/orderdetail/c0dGZmFWNUZYSFhnWlFSZkRzdXQwUT09:9224
[  560623ms] [LOG] updateNotifDarat.485-471-460-459-454-451-447-417-385-262-194-192-49-42-18-8-20-1 @ https://phbidlautdemo.prahu-hub.com/order/orderdetail/c0dGZmFWNUZYSFhnWlFSZkRzdXQwUT09:9224
[  560634ms] [LOG] notif_badge_show.485-471-460-459-454-451-447-417-385-262-194-192-49-42-18-8-20-1 @ https://phbidlautdemo.prahu-hub.com/order/orderdetail/c0dGZmFWNUZYSFhnWlFSZkRzdXQwUT09:9224
[  563693ms] [LOG] Connected @ https://phbidlautdemo.prahu-hub.com/order/orderdetail/c0dGZmFWNUZYSFhnWlFSZkRzdXQwUT09:9224
[  565151ms] [LOG] Connected @ https://phbidlautdemo.prahu-hub.com/order/orderdetail/c0dGZmFWNUZYSFhnWlFSZkRzdXQwUT09:9224
[  569170ms] [LOG] updateNotif.901-858-787-937-935-914-906-900-876-856-820-796-795-783-764-704-689-688-685-642-641-640-639-638-635-634-633-632-631-629-628-627-626-625-624-623-622-621-614-459-325-23 @ https://phbidlautdemo.prahu-hub.com/order/orderdetail/c0dGZmFWNUZYSFhnWlFSZkRzdXQwUT09:9224
[  569170ms] [LOG] Notif baru, fetching data... 42 true 23 @ https://phbidlautdemo.prahu-hub.com/order/orderdetail/c0dGZmFWNUZYSFhnWlFSZkRzdXQwUT09:9237
[  569178ms] ReferenceError: loadDataNotif is not defined
    at ConnectWebsocket.conn.onmessage (https://phbidlautdemo.prahu-hub.com/order/orderdetail/c0dGZmFWNUZYSFhnWlFSZkRzdXQwUT09:9239:29)
[  569199ms] [LOG] notif_badge_show.901-858-787-937-935-914-906-900-876-856-820-796-795-783-764-704-689-688-685-642-641-640-639-638-635-634-633-632-631-629-628-627-626-625-624-623-622-621-614-459-325-23 @ https://phbidlautdemo.prahu-hub.com/order/orderdetail/c0dGZmFWNUZYSFhnWlFSZkRzdXQwUT09:9224
[  569200ms] [LOG] Notif baru, fetching data... 42 true 23 @ https://phbidlautdemo.prahu-hub.com/order/orderdetail/c0dGZmFWNUZYSFhnWlFSZkRzdXQwUT09:9243
[  569218ms] [LOG] update_dashboard_order_laut @ https://phbidlautdemo.prahu-hub.com/order/orderdetail/c0dGZmFWNUZYSFhnWlFSZkRzdXQwUT09:9224
[  570602ms] [LOG] Connected @ https://phbidlautdemo.prahu-hub.com/order/orderdetail/c0dGZmFWNUZYSFhnWlFSZkRzdXQwUT09:9224
[  572419ms] [LOG] Connected @ https://phbidlautdemo.prahu-hub.com/order/orderdetail/c0dGZmFWNUZYSFhnWlFSZkRzdXQwUT09:9224
[  573562ms] [LOG] Connected @ https://phbidlautdemo.prahu-hub.com/order/orderdetail/c0dGZmFWNUZYSFhnWlFSZkRzdXQwUT09:9224
[  579354ms] [LOG] Connected @ https://phbidlautdemo.prahu-hub.com/order/orderdetail/c0dGZmFWNUZYSFhnWlFSZkRzdXQwUT09:9224
[  582545ms] [LOG] Connected @ https://phbidlautdemo.prahu-hub.com/order/orderdetail/c0dGZmFWNUZYSFhnWlFSZkRzdXQwUT09:9224
[  586695ms] [LOG] Connected @ https://phbidlautdemo.prahu-hub.com/order/orderdetail/c0dGZmFWNUZYSFhnWlFSZkRzdXQwUT09:9224
[  602166ms] [LOG] Connected @ https://phbidlautdemo.prahu-hub.com/order/orderdetail/c0dGZmFWNUZYSFhnWlFSZkRzdXQwUT09:9224
[  608601ms] [LOG] Connected @ https://phbidlautdemo.prahu-hub.com/order/orderdetail/c0dGZmFWNUZYSFhnWlFSZkRzdXQwUT09:9224
[  616132ms] [LOG] Connected @ https://phbidlautdemo.prahu-hub.com/order/orderdetail/c0dGZmFWNUZYSFhnWlFSZkRzdXQwUT09:9224
[  616899ms] [LOG] updateNotif.846-937-935-914-900-876-820-796-795-783-764-704-689-688-685-642-641-640-639-638-631-629-628-625-624-623-622-621-459-836-23 @ https://phbidlautdemo.prahu-hub.com/order/orderdetail/c0dGZmFWNUZYSFhnWlFSZkRzdXQwUT09:9224
[  616899ms] [LOG] Notif baru, fetching data... 31 true 23 @ https://phbidlautdemo.prahu-hub.com/order/orderdetail/c0dGZmFWNUZYSFhnWlFSZkRzdXQwUT09:9237
[  616899ms] ReferenceError: loadDataNotif is not defined
    at ConnectWebsocket.conn.onmessage (https://phbidlautdemo.prahu-hub.com/order/orderdetail/c0dGZmFWNUZYSFhnWlFSZkRzdXQwUT09:9239:29)
[  616940ms] [LOG] updateNotif.901-858-787-906-876-856-796-704-641-640-639-638-635-634-633-632-631-628-614-459-325-23 @ https://phbidlautdemo.prahu-hub.com/order/orderdetail/c0dGZmFWNUZYSFhnWlFSZkRzdXQwUT09:9224
[  616940ms] [LOG] Notif baru, fetching data... 22 true 23 @ https://phbidlautdemo.prahu-hub.com/order/orderdetail/c0dGZmFWNUZYSFhnWlFSZkRzdXQwUT09:9237
[  616943ms] ReferenceError: loadDataNotif is not defined
    at ConnectWebsocket.conn.onmessage (https://phbidlautdemo.prahu-hub.com/order/orderdetail/c0dGZmFWNUZYSFhnWlFSZkRzdXQwUT09:9239:29)
[  616947ms] [LOG] notif_badge_show.901-858-787-906-876-856-796-704-641-640-639-638-635-634-633-632-631-628-614-459-325-23 @ https://phbidlautdemo.prahu-hub.com/order/orderdetail/c0dGZmFWNUZYSFhnWlFSZkRzdXQwUT09:9224
[  616947ms] [LOG] Notif baru, fetching data... 22 true 23 @ https://phbidlautdemo.prahu-hub.com/order/orderdetail/c0dGZmFWNUZYSFhnWlFSZkRzdXQwUT09:9243
[  616950ms] [LOG] notif_badge_show.846-937-935-914-900-876-820-796-795-783-764-704-689-688-685-642-641-640-639-638-631-629-628-625-624-623-622-621-459-836-23 @ https://phbidlautdemo.prahu-hub.com/order/orderdetail/c0dGZmFWNUZYSFhnWlFSZkRzdXQwUT09:9224
[  616950ms] [LOG] Notif baru, fetching data... 31 true 23 @ https://phbidlautdemo.prahu-hub.com/order/orderdetail/c0dGZmFWNUZYSFhnWlFSZkRzdXQwUT09:9243
[  619188ms] [LOG] Connected @ https://phbidlautdemo.prahu-hub.com/order/orderdetail/c0dGZmFWNUZYSFhnWlFSZkRzdXQwUT09:9224
[  629005ms] [LOG] notif_badge_show.901-858-787-937-935-914-906-900-876-856-820-796-795-783-764-704-689-688-685-642-641-640-639-638-635-634-633-632-631-628-627-626-625-624-623-622-621-614-459-325-23 @ https://phbidlautdemo.prahu-hub.com/order/orderdetail/c0dGZmFWNUZYSFhnWlFSZkRzdXQwUT09:9224
[  629005ms] [LOG] Notif baru, fetching data... 41 true 23 @ https://phbidlautdemo.prahu-hub.com/order/orderdetail/c0dGZmFWNUZYSFhnWlFSZkRzdXQwUT09:9243
[  629008ms] [LOG] updateNotif.901-858-787-937-935-914-906-900-876-856-820-796-795-783-764-704-689-688-685-642-641-640-639-638-635-634-633-632-631-628-627-626-625-624-623-622-621-614-459-325-23 @ https://phbidlautdemo.prahu-hub.com/order/orderdetail/c0dGZmFWNUZYSFhnWlFSZkRzdXQwUT09:9224
[  629008ms] [LOG] Notif baru, fetching data... 41 true 23 @ https://phbidlautdemo.prahu-hub.com/order/orderdetail/c0dGZmFWNUZYSFhnWlFSZkRzdXQwUT09:9237
[  629009ms] ReferenceError: loadDataNotif is not defined
    at ConnectWebsocket.conn.onmessage (https://phbidlautdemo.prahu-hub.com/order/orderdetail/c0dGZmFWNUZYSFhnWlFSZkRzdXQwUT09:9239:29)
[  629020ms] [LOG] update_dashboard_order_laut @ https://phbidlautdemo.prahu-hub.com/order/orderdetail/c0dGZmFWNUZYSFhnWlFSZkRzdXQwUT09:9224
[  631330ms] [LOG] Connected @ https://phbidlautdemo.prahu-hub.com/order/orderdetail/c0dGZmFWNUZYSFhnWlFSZkRzdXQwUT09:9224
[  634124ms] [LOG] Connected @ https://phbidlautdemo.prahu-hub.com/order/orderdetail/c0dGZmFWNUZYSFhnWlFSZkRzdXQwUT09:9224
[  638661ms] [LOG] Connected @ https://phbidlautdemo.prahu-hub.com/order/orderdetail/c0dGZmFWNUZYSFhnWlFSZkRzdXQwUT09:9224
[  640632ms] [LOG] Connected @ https://phbidlautdemo.prahu-hub.com/order/orderdetail/c0dGZmFWNUZYSFhnWlFSZkRzdXQwUT09:9224
[  644444ms] [LOG] Connected @ https://phbidlautdemo.prahu-hub.com/order/orderdetail/c0dGZmFWNUZYSFhnWlFSZkRzdXQwUT09:9224
[  649636ms] [LOG] Connected @ https://phbidlautdemo.prahu-hub.com/order/orderdetail/c0dGZmFWNUZYSFhnWlFSZkRzdXQwUT09:9224
[  654496ms] [LOG] Connected @ https://phbidlautdemo.prahu-hub.com/order/orderdetail/c0dGZmFWNUZYSFhnWlFSZkRzdXQwUT09:9224
[  658327ms] [LOG] Connected @ https://phbidlautdemo.prahu-hub.com/order/orderdetail/c0dGZmFWNUZYSFhnWlFSZkRzdXQwUT09:9224
[  663188ms] [LOG] Connected @ https://phbidlautdemo.prahu-hub.com/order/orderdetail/c0dGZmFWNUZYSFhnWlFSZkRzdXQwUT09:9224
[  667794ms] [LOG] Connected @ https://phbidlautdemo.prahu-hub.com/order/orderdetail/c0dGZmFWNUZYSFhnWlFSZkRzdXQwUT09:9224
[  670247ms] [LOG] Connected @ https://phbidlautdemo.prahu-hub.com/order/orderdetail/c0dGZmFWNUZYSFhnWlFSZkRzdXQwUT09:9224
[  672483ms] [LOG] Connected @ https://phbidlautdemo.prahu-hub.com/order/orderdetail/c0dGZmFWNUZYSFhnWlFSZkRzdXQwUT09:9224
[  673435ms] [LOG] Connected @ https://phbidlautdemo.prahu-hub.com/order/orderdetail/c0dGZmFWNUZYSFhnWlFSZkRzdXQwUT09:9224
[  677542ms] [LOG] Connected @ https://phbidlautdemo.prahu-hub.com/order/orderdetail/c0dGZmFWNUZYSFhnWlFSZkRzdXQwUT09:9224
[  688747ms] [LOG] Connected @ https://phbidlautdemo.prahu-hub.com/order/orderdetail/c0dGZmFWNUZYSFhnWlFSZkRzdXQwUT09:9224
[  696779ms] [LOG] updateNotif.901-858-787-937-935-914-906-900-876-856-820-796-795-783-764-704-689-688-685-642-641-640-639-638-635-634-633-632-631-629-628-627-626-625-624-623-622-621-614-459-325-23 @ https://phbidlautdemo.prahu-hub.com/order/orderdetail/c0dGZmFWNUZYSFhnWlFSZkRzdXQwUT09:9224
[  696779ms] [LOG] Notif baru, fetching data... 42 true 23 @ https://phbidlautdemo.prahu-hub.com/order/orderdetail/c0dGZmFWNUZYSFhnWlFSZkRzdXQwUT09:9237
[  696779ms] ReferenceError: loadDataNotif is not defined
    at ConnectWebsocket.conn.onmessage (https://phbidlautdemo.prahu-hub.com/order/orderdetail/c0dGZmFWNUZYSFhnWlFSZkRzdXQwUT09:9239:29)
[  696783ms] [LOG] notif_badge_show.901-858-787-937-935-914-906-900-876-856-820-796-795-783-764-704-689-688-685-642-641-640-639-638-635-634-633-632-631-629-628-627-626-625-624-623-622-621-614-459-325-23 @ https://phbidlautdemo.prahu-hub.com/order/orderdetail/c0dGZmFWNUZYSFhnWlFSZkRzdXQwUT09:9224
[  696783ms] [LOG] Notif baru, fetching data... 42 true 23 @ https://phbidlautdemo.prahu-hub.com/order/orderdetail/c0dGZmFWNUZYSFhnWlFSZkRzdXQwUT09:9243
[  696956ms] [LOG] Connected @ https://phbidlautdemo.prahu-hub.com/order/orderdetail/c0dGZmFWNUZYSFhnWlFSZkRzdXQwUT09:9224
[  699241ms] [LOG] Connected @ https://phbidlautdemo.prahu-hub.com/order/orderdetail/c0dGZmFWNUZYSFhnWlFSZkRzdXQwUT09:9224
[  700725ms] [LOG] Connected @ https://phbidlautdemo.prahu-hub.com/order/orderdetail/c0dGZmFWNUZYSFhnWlFSZkRzdXQwUT09:9224
[  702986ms] [LOG] Connected @ https://phbidlautdemo.prahu-hub.com/order/orderdetail/c0dGZmFWNUZYSFhnWlFSZkRzdXQwUT09:9224
[  730851ms] [LOG] Connected @ https://phbidlautdemo.prahu-hub.com/order/orderdetail/c0dGZmFWNUZYSFhnWlFSZkRzdXQwUT09:9224
[  736223ms] [LOG] Connected @ https://phbidlautdemo.prahu-hub.com/order/orderdetail/c0dGZmFWNUZYSFhnWlFSZkRzdXQwUT09:9224
[  747196ms] [LOG] Connected @ https://phbidlautdemo.prahu-hub.com/order/orderdetail/c0dGZmFWNUZYSFhnWlFSZkRzdXQwUT09:9224
[  752369ms] [LOG] Connected @ https://phbidlautdemo.prahu-hub.com/order/orderdetail/c0dGZmFWNUZYSFhnWlFSZkRzdXQwUT09:9224
[  763244ms] [LOG] Connected @ https://phbidlautdemo.prahu-hub.com/order/orderdetail/c0dGZmFWNUZYSFhnWlFSZkRzdXQwUT09:9224
[  776674ms] [LOG] Connected @ https://phbidlautdemo.prahu-hub.com/order/orderdetail/c0dGZmFWNUZYSFhnWlFSZkRzdXQwUT09:9224
[  779622ms] [LOG] Connected @ https://phbidlautdemo.prahu-hub.com/order/orderdetail/c0dGZmFWNUZYSFhnWlFSZkRzdXQwUT09:9224
[  781812ms] [LOG] Connected @ https://phbidlautdemo.prahu-hub.com/order/orderdetail/c0dGZmFWNUZYSFhnWlFSZkRzdXQwUT09:9224
[  791072ms] [LOG] Connected @ https://phbidlautdemo.prahu-hub.com/order/orderdetail/c0dGZmFWNUZYSFhnWlFSZkRzdXQwUT09:9224
[  797667ms] [LOG] Connected @ https://phbidlautdemo.prahu-hub.com/order/orderdetail/c0dGZmFWNUZYSFhnWlFSZkRzdXQwUT09:9224
[  807504ms] [LOG] Connected @ https://phbidlautdemo.prahu-hub.com/order/orderdetail/c0dGZmFWNUZYSFhnWlFSZkRzdXQwUT09:9224
[  807818ms] [LOG] Connected @ https://phbidlautdemo.prahu-hub.com/order/orderdetail/c0dGZmFWNUZYSFhnWlFSZkRzdXQwUT09:9224
[  814875ms] [LOG] Connected @ https://phbidlautdemo.prahu-hub.com/order/orderdetail/c0dGZmFWNUZYSFhnWlFSZkRzdXQwUT09:9224
[  821012ms] [LOG] Connected @ https://phbidlautdemo.prahu-hub.com/order/orderdetail/c0dGZmFWNUZYSFhnWlFSZkRzdXQwUT09:9224
[  821332ms] [LOG] updateNotif.901-858-787-937-935-914-906-900-876-856-820-796-795-783-764-704-689-688-685-642-641-640-639-638-635-634-633-632-631-628-627-626-625-624-623-622-621-614-459-325-23 @ https://phbidlautdemo.prahu-hub.com/order/orderdetail/c0dGZmFWNUZYSFhnWlFSZkRzdXQwUT09:9224
[  821332ms] [LOG] Notif baru, fetching data... 41 true 23 @ https://phbidlautdemo.prahu-hub.com/order/orderdetail/c0dGZmFWNUZYSFhnWlFSZkRzdXQwUT09:9237
[  821367ms] ReferenceError: loadDataNotif is not defined
    at ConnectWebsocket.conn.onmessage (https://phbidlautdemo.prahu-hub.com/order/orderdetail/c0dGZmFWNUZYSFhnWlFSZkRzdXQwUT09:9239:29)
[  821333ms] [LOG] notif_badge_show.901-858-787-937-935-914-906-900-876-856-820-796-795-783-764-704-689-688-685-642-641-640-639-638-635-634-633-632-631-628-627-626-625-624-623-622-621-614-459-325-23 @ https://phbidlautdemo.prahu-hub.com/order/orderdetail/c0dGZmFWNUZYSFhnWlFSZkRzdXQwUT09:9224
[  821333ms] [LOG] Notif baru, fetching data... 41 true 23 @ https://phbidlautdemo.prahu-hub.com/order/orderdetail/c0dGZmFWNUZYSFhnWlFSZkRzdXQwUT09:9243
[  821340ms] [LOG] update_dashboard_order_laut @ https://phbidlautdemo.prahu-hub.com/order/orderdetail/c0dGZmFWNUZYSFhnWlFSZkRzdXQwUT09:9224
[  828035ms] [LOG] Connected @ https://phbidlautdemo.prahu-hub.com/order/orderdetail/c0dGZmFWNUZYSFhnWlFSZkRzdXQwUT09:9224
[  830145ms] [LOG] Connected @ https://phbidlautdemo.prahu-hub.com/order/orderdetail/c0dGZmFWNUZYSFhnWlFSZkRzdXQwUT09:9224
[  838965ms] [LOG] Connected @ https://phbidlautdemo.prahu-hub.com/order/orderdetail/c0dGZmFWNUZYSFhnWlFSZkRzdXQwUT09:9224
[  848662ms] [LOG] Connected @ https://phbidlautdemo.prahu-hub.com/order/orderdetail/c0dGZmFWNUZYSFhnWlFSZkRzdXQwUT09:9224
[  850147ms] [LOG] Connected @ https://phbidlautdemo.prahu-hub.com/order/orderdetail/c0dGZmFWNUZYSFhnWlFSZkRzdXQwUT09:9224
[  853395ms] [LOG] Connected @ https://phbidlautdemo.prahu-hub.com/order/orderdetail/c0dGZmFWNUZYSFhnWlFSZkRzdXQwUT09:9224
[  855625ms] [LOG] Connected @ https://phbidlautdemo.prahu-hub.com/order/orderdetail/c0dGZmFWNUZYSFhnWlFSZkRzdXQwUT09:9224
[  863181ms] [LOG] Connected @ https://phbidlautdemo.prahu-hub.com/order/orderdetail/c0dGZmFWNUZYSFhnWlFSZkRzdXQwUT09:9224
[  865392ms] [LOG] Connected @ https://phbidlautdemo.prahu-hub.com/order/orderdetail/c0dGZmFWNUZYSFhnWlFSZkRzdXQwUT09:9224
