[     964ms] Cannot use import statement outside a module
[     989ms] ReferenceError: Chart is not defined
    at https://phbidlautdemo.prahu-hub.com/_resources/themes/prahutheme/js/scripts-init/charts/chartjs.js:8:13
[    1225ms] Unexpected token '<'
[    1226ms] Unexpected token '<'
[    1391ms] Uncaught TypeError: expect element to be DOM Element, but got null
    at n.init (https://cdnjs.cloudflare.com/ajax/libs/smooth-scrollbar/8.5.2/smooth-scrollbar.js:24:264)
    at <anonymous> (https://phbidlautdemo.prahu-hub.com/adminprahu/masterbank:5221:14)
[    1341ms] [LOG] Masternamanya @ https://phbidlautdemo.prahu-hub.com/adminprahu/masterbank:2040
[    1353ms] [LOG] undefined @ https://phbidlautdemo.prahu-hub.com/adminprahu/masterbank:5574
[    1354ms] [LOG] Masukkan Nama Bank @ https://phbidlautdemo.prahu-hub.com/adminprahu/masterbank:5574
[    1354ms] [LOG] undefined @ https://phbidlautdemo.prahu-hub.com/adminprahu/masterbank:5574
[    1354ms] [LOG] Masukkan Nama Bank @ https://phbidlautdemo.prahu-hub.com/adminprahu/masterbank:5574
[    1355ms] [LOG] undefined @ https://phbidlautdemo.prahu-hub.com/adminprahu/masterbank:5574
[    1357ms] [LOG] WebSocket connection @ https://phbidlautdemo.prahu-hub.com/adminprahu/masterbank:5617
[    1357ms] [LOG] WebSocket connection attempting... @ https://phbidlautdemo.prahu-hub.com/adminprahu/masterbank:5695
[    1543ms] [LOG] 9 @ https://phbidlautdemo.prahu-hub.com/_resources/themes/prahutheme/javascript/custom/masterbank.js?m=1787972929:443
[    1543ms] [LOG] 9 countView1 1 pageNow 20 limitView1 @ https://phbidlautdemo.prahu-hub.com/_resources/themes/prahutheme/javascript/custom/masterbank.js?m=1787972929:446
[    1544ms] [LOG] 9 jumlah data @ https://phbidlautdemo.prahu-hub.com/_resources/themes/prahutheme/javascript/custom/masterbank.js?m=1787972929:400
[    1544ms] [LOG] 1 @ https://phbidlautdemo.prahu-hub.com/_resources/themes/prahutheme/javascript/custom/masterbank.js?m=1787972929:402
[    1544ms] [LOG] 1 1 pageCount & pageNow @ https://phbidlautdemo.prahu-hub.com/_resources/themes/prahutheme/javascript/custom/masterbank.js?m=1787972929:327
[    1546ms] [LOG] 200 xhrglobal @ https://phbidlautdemo.prahu-hub.com/adminprahu/masterbank:5548
[    2787ms] [LOG] WebSocket connected @ https://phbidlautdemo.prahu-hub.com/adminprahu/masterbank:5626
[    2793ms] [LOG] update_dashboard_order_laut @ https://phbidlautdemo.prahu-hub.com/adminprahu/masterbank:5667
[    2950ms] [LOG] 200 xhrglobal @ https://phbidlautdemo.prahu-hub.com/adminprahu/masterbank:5548
[    2994ms] [LOG] 200 xhrglobal @ https://phbidlautdemo.prahu-hub.com/adminprahu/masterbank:5548
[    3355ms] TypeError: $(...).DataTable is not a function
    at https://phbidlautdemo.prahu-hub.com/_resources/themes/prahutheme/js/scripts-init/tables.js:7:23
[    3574ms] [LOG] Connected @ https://phbidlautdemo.prahu-hub.com/adminprahu/masterbank:5667
[    7300ms] [LOG] 200 xhrglobal @ https://phbidlautdemo.prahu-hub.com/adminprahu/masterbank:5548
