[     791ms] Cannot use import statement outside a module
[     824ms] ReferenceError: Chart is not defined
    at https://phbidlautdemo.prahu-hub.com/_resources/themes/prahutheme/js/scripts-init/charts/chartjs.js:8:13
[    1299ms] Unexpected token '<'
[    1300ms] Unexpected token '<'
[    1400ms] Uncaught TypeError: expect element to be DOM Element, but got null
    at n.init (https://cdnjs.cloudflare.com/ajax/libs/smooth-scrollbar/8.5.2/smooth-scrollbar.js:24:264)
    at <anonymous> (https://phbidlautdemo.prahu-hub.com/adminprahu/masterkemasan:5368:14)
[    1436ms] [LOG] Masternamanya @ https://phbidlautdemo.prahu-hub.com/adminprahu/masterkemasan:2040
[    1456ms] [LOG] undefined @ https://phbidlautdemo.prahu-hub.com/adminprahu/masterkemasan:5721
[    1457ms] [LOG] Masukkan Nama Kemasan @ https://phbidlautdemo.prahu-hub.com/adminprahu/masterkemasan:5721
[    1457ms] [LOG] undefined @ https://phbidlautdemo.prahu-hub.com/adminprahu/masterkemasan:5721
[    1457ms] [LOG] Masukkan Nama Kemasan @ https://phbidlautdemo.prahu-hub.com/adminprahu/masterkemasan:5721
[    1457ms] [LOG] undefined @ https://phbidlautdemo.prahu-hub.com/adminprahu/masterkemasan:5721
[    1460ms] [LOG] WebSocket connection @ https://phbidlautdemo.prahu-hub.com/adminprahu/masterkemasan:5764
[    1460ms] [LOG] WebSocket connection attempting... @ https://phbidlautdemo.prahu-hub.com/adminprahu/masterkemasan:5842
[    1644ms] [LOG] WebSocket connected @ https://phbidlautdemo.prahu-hub.com/adminprahu/masterkemasan:5773
[    1653ms] [LOG] [Object, Object, Object, Object, Object, Object, Object, Object, Object, Object, Object, Object, Object, Object, Object, Object, Object, Object, Object, Object] @ https://phbidlautdemo.prahu-hub.com/_resources/themes/prahutheme/javascript/custom/masterkemasan.js?m=1787972929:117
[    1661ms] [LOG] 21 @ https://phbidlautdemo.prahu-hub.com/_resources/themes/prahutheme/javascript/custom/masterkemasan.js?m=1787972929:789
[    1661ms] [LOG] 21 countView1 1 pageNow 20 limitView1 @ https://phbidlautdemo.prahu-hub.com/_resources/themes/prahutheme/javascript/custom/masterkemasan.js?m=1787972929:791
[    1661ms] [LOG] 20 @ https://phbidlautdemo.prahu-hub.com/_resources/themes/prahutheme/javascript/custom/masterkemasan.js?m=1787972929:802
[    1662ms] [LOG] 21 jumlah data @ https://phbidlautdemo.prahu-hub.com/_resources/themes/prahutheme/javascript/custom/masterkemasan.js?m=1787972929:748
[    1662ms] [LOG] 2 @ https://phbidlautdemo.prahu-hub.com/_resources/themes/prahutheme/javascript/custom/masterkemasan.js?m=1787972929:750
[    1663ms] [LOG] 2 1 pageCount & pageNow @ https://phbidlautdemo.prahu-hub.com/_resources/themes/prahutheme/javascript/custom/masterkemasan.js?m=1787972929:676
[    1664ms] [LOG] 200 xhrglobal @ https://phbidlautdemo.prahu-hub.com/adminprahu/masterkemasan:5695
[    1664ms] [LOG] ce.fn.init stepItem @ https://phbidlautdemo.prahu-hub.com/_resources/themes/prahutheme/javascript/custom/masterkemasan.js?m=1787972929:645
[    1666ms] [LOG] update_dashboard_order_laut @ https://phbidlautdemo.prahu-hub.com/adminprahu/masterkemasan:5814
[    1700ms] [LOG] Connected @ https://phbidlautdemo.prahu-hub.com/adminprahu/masterkemasan:5814
[    1775ms] [LOG] 200 xhrglobal @ https://phbidlautdemo.prahu-hub.com/adminprahu/masterkemasan:5695
[    1835ms] [LOG] 200 xhrglobal @ https://phbidlautdemo.prahu-hub.com/adminprahu/masterkemasan:5695
[    3457ms] TypeError: $(...).DataTable is not a function
    at https://phbidlautdemo.prahu-hub.com/_resources/themes/prahutheme/js/scripts-init/tables.js:7:23
[    5326ms] [LOG] {sukses: false, message: Data sudah digunakan pada master jenis muatan} @ https://phbidlautdemo.prahu-hub.com/_resources/themes/prahutheme/javascript/custom/masterkemasan.js?m=1787972929:264
[    5339ms] [LOG] 200 xhrglobal @ https://phbidlautdemo.prahu-hub.com/adminprahu/masterkemasan:5695
[    5339ms] [LOG] 1 @ https://phbidlautdemo.prahu-hub.com/_resources/themes/prahutheme/javascript/custom/masterkemasan.js?m=1787972929:294
