[    1047ms] Cannot use import statement outside a module
[    1081ms] ReferenceError: Chart is not defined
    at https://phbidlautdemo.prahu-hub.com/_resources/themes/prahutheme/js/scripts-init/charts/chartjs.js:8:13
[    1256ms] Unexpected token '<'
[    1258ms] Unexpected token '<'
[    1325ms] Uncaught TypeError: expect element to be DOM Element, but got null
    at <anonymous> (https://cdnjs.cloudflare.com/ajax/libs/smooth-scrollbar/8.5.2/smooth-scrollbar.js:24:264)
    at <anonymous> (https://phbidlautdemo.prahu-hub.com/lelang/listlelang?tab=lelang-tutup:6190:14)
[    1387ms] [LOG] Pengajuan Lelangnamanya @ https://phbidlautdemo.prahu-hub.com/lelang/listlelang?tab=lelang-tutup:2040
[    1400ms] [LOG] undefined @ https://phbidlautdemo.prahu-hub.com/lelang/listlelang?tab=lelang-tutup:6543
[    1401ms] [LOG] undefined @ https://phbidlautdemo.prahu-hub.com/lelang/listlelang?tab=lelang-tutup:6543
[    1401ms] [LOG] Masukkan Nomor Lelang @ https://phbidlautdemo.prahu-hub.com/lelang/listlelang?tab=lelang-tutup:6543
[    1401ms] [LOG] DD/MM/YYYY @ https://phbidlautdemo.prahu-hub.com/lelang/listlelang?tab=lelang-tutup:6543
[    1401ms] [LOG] DD/MM/YYYY @ https://phbidlautdemo.prahu-hub.com/lelang/listlelang?tab=lelang-tutup:6543
[    1401ms] [LOG] DD/MM/YYYY @ https://phbidlautdemo.prahu-hub.com/lelang/listlelang?tab=lelang-tutup:6543
[    1402ms] [LOG] DD/MM/YYYY @ https://phbidlautdemo.prahu-hub.com/lelang/listlelang?tab=lelang-tutup:6543
[    1402ms] [LOG] undefined @ https://phbidlautdemo.prahu-hub.com/lelang/listlelang?tab=lelang-tutup:6543
[    1402ms] [LOG] undefined @ https://phbidlautdemo.prahu-hub.com/lelang/listlelang?tab=lelang-tutup:6543
[    1402ms] [LOG] Masukkan Nama Bank @ https://phbidlautdemo.prahu-hub.com/lelang/listlelang?tab=lelang-tutup:6543
[    1403ms] [LOG] undefined @ https://phbidlautdemo.prahu-hub.com/lelang/listlelang?tab=lelang-tutup:6543
[    1403ms] [LOG] WebSocket connection @ https://phbidlautdemo.prahu-hub.com/lelang/listlelang?tab=lelang-tutup:6586
[    1404ms] [LOG] WebSocket connection attempting... @ https://phbidlautdemo.prahu-hub.com/lelang/listlelang?tab=lelang-tutup:6664
[    1643ms] [LOG] WebSocket connected @ https://phbidlautdemo.prahu-hub.com/lelang/listlelang?tab=lelang-tutup:6595
[    1659ms] [LOG] update_dashboard_order_laut @ https://phbidlautdemo.prahu-hub.com/lelang/listlelang?tab=lelang-tutup:6636
[    1678ms] [LOG] Connected @ https://phbidlautdemo.prahu-hub.com/lelang/listlelang?tab=lelang-tutup:6636
[    3401ms] TypeError: $(...).DataTable is not a function
    at https://phbidlautdemo.prahu-hub.com/_resources/themes/prahutheme/js/scripts-init/tables.js:7:23
[    4535ms] [LOG] [Object, Object, Object, Object, Object, Object, Object, Object, Object, Object, Object, Object, Object, Object, Object, Object, Object, Object, Object, Object] @ https://phbidlautdemo.prahu-hub.com/_resources/themes/prahutheme/javascript/custom/listLelang.js?m=1787972929:14
[    4549ms] [LOG] 108 @ https://phbidlautdemo.prahu-hub.com/_resources/themes/prahutheme/javascript/custom/listLelang.js?m=1787972929:818
[    4549ms] [LOG] 108 countView1 1 pageNow 20 limitView1 @ https://phbidlautdemo.prahu-hub.com/_resources/themes/prahutheme/javascript/custom/listLelang.js?m=1787972929:820
[    4550ms] [LOG] 20 @ https://phbidlautdemo.prahu-hub.com/_resources/themes/prahutheme/javascript/custom/listLelang.js?m=1787972929:826
[    4550ms] [LOG] 108 jumlah data @ https://phbidlautdemo.prahu-hub.com/_resources/themes/prahutheme/javascript/custom/listLelang.js?m=1787972929:779
[    4550ms] [LOG] 6 @ https://phbidlautdemo.prahu-hub.com/_resources/themes/prahutheme/javascript/custom/listLelang.js?m=1787972929:781
[    4551ms] [LOG] 6 1 pageCount & pageNow @ https://phbidlautdemo.prahu-hub.com/_resources/themes/prahutheme/javascript/custom/listLelang.js?m=1787972929:704
[    4556ms] [LOG] 200 xhrglobal @ https://phbidlautdemo.prahu-hub.com/lelang/listlelang?tab=lelang-tutup:6517
[    4617ms] ReferenceError: renderTooltipHarga is not defined
    at https://phbidlautdemo.prahu-hub.com/_resources/themes/prahutheme/javascript/custom/listLelang.js?m=1787972929:1049:9
[    4632ms] [LOG] 200 xhrglobal @ https://phbidlautdemo.prahu-hub.com/lelang/listlelang?tab=lelang-tutup:6517
[    4701ms] [LOG] 200 xhrglobal @ https://phbidlautdemo.prahu-hub.com/lelang/listlelang?tab=lelang-tutup:6517
[   14798ms] [LOG] 1089 @ https://phbidlautdemo.prahu-hub.com/_resources/themes/prahutheme/javascript/custom/listLelang.js?m=1787972929:424
[   14907ms] [LOG] 200 xhrglobal @ https://phbidlautdemo.prahu-hub.com/lelang/listlelang?tab=lelang-tutup:6517
[   16385ms] Cannot use import statement outside a module
[   16400ms] ReferenceError: Chart is not defined
    at https://phbidlautdemo.prahu-hub.com/_resources/themes/prahutheme/js/scripts-init/charts/chartjs.js:8:13
[   16556ms] Unexpected token '<'
[   16573ms] Unexpected token '<'
[   17166ms] Uncaught TypeError: expect element to be DOM Element, but got null
    at <anonymous> (https://cdnjs.cloudflare.com/ajax/libs/smooth-scrollbar/8.5.2/smooth-scrollbar.js:24:264)
    at <anonymous> (https://phbidlautdemo.prahu-hub.com/lelang/tambah_pilihpesertaLelang/1089:6995:14)
[   17236ms] [LOG] Pengajuan Lelangnamanya @ https://phbidlautdemo.prahu-hub.com/lelang/tambah_pilihpesertaLelang/1089:2039
[   17335ms] [LOG] Masukkan Nama Peserta Lelang @ https://phbidlautdemo.prahu-hub.com/lelang/tambah_pilihpesertaLelang/1089:7348
[   17336ms] [LOG] undefined @ https://phbidlautdemo.prahu-hub.com/lelang/tambah_pilihpesertaLelang/1089:7348
[   17340ms] [LOG] undefined @ https://phbidlautdemo.prahu-hub.com/lelang/tambah_pilihpesertaLelang/1089:7348
[   17340ms] [LOG] undefined @ https://phbidlautdemo.prahu-hub.com/lelang/tambah_pilihpesertaLelang/1089:7348
[   17341ms] [LOG] undefined @ https://phbidlautdemo.prahu-hub.com/lelang/tambah_pilihpesertaLelang/1089:7348
[   17344ms] [LOG] undefined @ https://phbidlautdemo.prahu-hub.com/lelang/tambah_pilihpesertaLelang/1089:7348
[   17344ms] [LOG] undefined @ https://phbidlautdemo.prahu-hub.com/lelang/tambah_pilihpesertaLelang/1089:7348
[   17344ms] [LOG] undefined @ https://phbidlautdemo.prahu-hub.com/lelang/tambah_pilihpesertaLelang/1089:7348
[   17344ms] [LOG] undefined @ https://phbidlautdemo.prahu-hub.com/lelang/tambah_pilihpesertaLelang/1089:7348
[   17345ms] [LOG] undefined @ https://phbidlautdemo.prahu-hub.com/lelang/tambah_pilihpesertaLelang/1089:7348
[   17345ms] [LOG] undefined @ https://phbidlautdemo.prahu-hub.com/lelang/tambah_pilihpesertaLelang/1089:7348
[   17345ms] [LOG] undefined @ https://phbidlautdemo.prahu-hub.com/lelang/tambah_pilihpesertaLelang/1089:7348
[   17345ms] [LOG] undefined @ https://phbidlautdemo.prahu-hub.com/lelang/tambah_pilihpesertaLelang/1089:7348
[   17345ms] [LOG] undefined @ https://phbidlautdemo.prahu-hub.com/lelang/tambah_pilihpesertaLelang/1089:7348
[   17345ms] [LOG] undefined @ https://phbidlautdemo.prahu-hub.com/lelang/tambah_pilihpesertaLelang/1089:7348
[   17345ms] [LOG] undefined @ https://phbidlautdemo.prahu-hub.com/lelang/tambah_pilihpesertaLelang/1089:7348
[   17346ms] [LOG] undefined @ https://phbidlautdemo.prahu-hub.com/lelang/tambah_pilihpesertaLelang/1089:7348
[   17354ms] [LOG] undefined @ https://phbidlautdemo.prahu-hub.com/lelang/tambah_pilihpesertaLelang/1089:7348
[   17354ms] [LOG] undefined @ https://phbidlautdemo.prahu-hub.com/lelang/tambah_pilihpesertaLelang/1089:7348
[   17354ms] [LOG] undefined @ https://phbidlautdemo.prahu-hub.com/lelang/tambah_pilihpesertaLelang/1089:7348
[   17354ms] [LOG] undefined @ https://phbidlautdemo.prahu-hub.com/lelang/tambah_pilihpesertaLelang/1089:7348
[   17354ms] [LOG] undefined @ https://phbidlautdemo.prahu-hub.com/lelang/tambah_pilihpesertaLelang/1089:7348
[   17354ms] [LOG] undefined @ https://phbidlautdemo.prahu-hub.com/lelang/tambah_pilihpesertaLelang/1089:7348
[   17355ms] [LOG] undefined @ https://phbidlautdemo.prahu-hub.com/lelang/tambah_pilihpesertaLelang/1089:7348
[   17357ms] [LOG] WebSocket connection @ https://phbidlautdemo.prahu-hub.com/lelang/tambah_pilihpesertaLelang/1089:7391
[   17359ms] [LOG] WebSocket connection attempting... @ https://phbidlautdemo.prahu-hub.com/lelang/tambah_pilihpesertaLelang/1089:7469
[   17596ms] [LOG] WebSocket connected @ https://phbidlautdemo.prahu-hub.com/lelang/tambah_pilihpesertaLelang/1089:7400
[   17694ms] [TABLE] {UI version: 8.4.1, Core version: 8.4.0, Build: NC8xMi8yMDIyfDRkZTU3MmExYg==, WebViewer Server: false, Full API: false} @ https://phbidlautdemo.prahu-hub.com/_resources/themes/prahutheme/javascript/PDFView/lib/ui/webviewer-ui.min.js:270
[   17716ms] [LOG] update_dashboard_order_laut @ https://phbidlautdemo.prahu-hub.com/lelang/tambah_pilihpesertaLelang/1089:7441
[   17728ms] [LOG] 200 xhrglobal @ https://phbidlautdemo.prahu-hub.com/lelang/tambah_pilihpesertaLelang/1089:7322
[   17729ms] [LOG] Connected @ https://phbidlautdemo.prahu-hub.com/lelang/tambah_pilihpesertaLelang/1089:7441
[   18053ms] [VERBOSE] [DOM] Password forms should have (optionally hidden) username fields for accessibility: (More info: https://goo.gl/9p2vKq) %o @ https://phbidlautdemo.prahu-hub.com/_resources/themes/prahutheme/javascript/PDFView/lib/ui/index.html#d=%2Fassets%2Fdokumenaanwijzing%2F65%2FAanwijzing-PT.-Primax-Geo-Sejahtera.pdf&a=1&disabledElements=downloadButton%2CprintButton%2ClanguageButton&filepicker=0&pdfnet=0&enableRedaction=0&enableMeasurement=0&pageHistory=1&notesInLeftPanel=0&singleServerMode=false&selectAnnotationOnCreation=0&autoFocusNoteOnAnnotationSelection=1&id=1&basePath=%2Flelang%2Ftambah_pilihpesertaLelang%2F1089:0
[   18059ms] [LOG] 200 xhrglobal @ https://phbidlautdemo.prahu-hub.com/lelang/tambah_pilihpesertaLelang/1089:7322
[   20020ms] TypeError: $(...).DataTable is not a function
    at https://phbidlautdemo.prahu-hub.com/_resources/themes/prahutheme/js/scripts-init/tables.js:7:23
[   20374ms] [LOG] document loaded @ https://phbidlautdemo.prahu-hub.com/lelang/tambah_pilihpesertaLelang/1089:6329
