[    2026ms] Cannot use import statement outside a module
[    2063ms] ReferenceError: Chart is not defined
    at https://phbidlautdemo.prahu-hub.com/_resources/themes/prahutheme/js/scripts-init/charts/chartjs.js:8:13
[    2064ms] Unexpected token '<'
[    2066ms] Unexpected token '<'
[    2152ms] Uncaught TypeError: expect element to be DOM Element, but got null
    at n.init (https://cdnjs.cloudflare.com/ajax/libs/smooth-scrollbar/8.5.2/smooth-scrollbar.js:24:264)
    at <anonymous> (https://phbidlautdemo.prahu-hub.com/adminprahu/masterInclude:5297:14)
[    2199ms] [LOG] Masternamanya @ https://phbidlautdemo.prahu-hub.com/adminprahu/masterInclude:2040
[    2211ms] [LOG] undefined @ https://phbidlautdemo.prahu-hub.com/adminprahu/masterInclude:5650
[    2211ms] [LOG] Masukkan Nama Include @ https://phbidlautdemo.prahu-hub.com/adminprahu/masterInclude:5650
[    2211ms] [LOG] undefined @ https://phbidlautdemo.prahu-hub.com/adminprahu/masterInclude:5650
[    2211ms] [LOG] Masukkan Nama Include @ https://phbidlautdemo.prahu-hub.com/adminprahu/masterInclude:5650
[    2212ms] [LOG] undefined @ https://phbidlautdemo.prahu-hub.com/adminprahu/masterInclude:5650
[    2213ms] [LOG] WebSocket connection @ https://phbidlautdemo.prahu-hub.com/adminprahu/masterInclude:5693
[    2213ms] [LOG] WebSocket connection attempting... @ https://phbidlautdemo.prahu-hub.com/adminprahu/masterInclude:5771
[    2525ms] [LOG] [Object, Object, Object, Object, Object, Object, Object, Object, Object, Object, Object, Object, Object, Object, Object, Object, Object, Object, Object, Object] @ https://phbidlautdemo.prahu-hub.com/_resources/themes/prahutheme/javascript/custom/masterinclude.js?m=1787972929:125
[    2537ms] [LOG] 24 @ https://phbidlautdemo.prahu-hub.com/_resources/themes/prahutheme/javascript/custom/masterinclude.js?m=1787972929:826
[    2537ms] [LOG] 24 countView1 1 pageNow 20 limitView1 @ https://phbidlautdemo.prahu-hub.com/_resources/themes/prahutheme/javascript/custom/masterinclude.js?m=1787972929:828
[    2537ms] [LOG] 20 @ https://phbidlautdemo.prahu-hub.com/_resources/themes/prahutheme/javascript/custom/masterinclude.js?m=1787972929:839
[    2538ms] [LOG] 24 jumlah data @ https://phbidlautdemo.prahu-hub.com/_resources/themes/prahutheme/javascript/custom/masterinclude.js?m=1787972929:785
[    2539ms] [LOG] 2 @ https://phbidlautdemo.prahu-hub.com/_resources/themes/prahutheme/javascript/custom/masterinclude.js?m=1787972929:787
[    2540ms] [LOG] 2 1 pageCount & pageNow @ https://phbidlautdemo.prahu-hub.com/_resources/themes/prahutheme/javascript/custom/masterinclude.js?m=1787972929:713
[    2542ms] [LOG] 200 xhrglobal @ https://phbidlautdemo.prahu-hub.com/adminprahu/masterInclude:5624
[    2543ms] [LOG] ce.fn.init stepItem @ https://phbidlautdemo.prahu-hub.com/_resources/themes/prahutheme/javascript/custom/masterinclude.js?m=1787972929:682
[    3160ms] [LOG] WebSocket connected @ https://phbidlautdemo.prahu-hub.com/adminprahu/masterInclude:5702
[    3164ms] [LOG] update_dashboard_order_laut @ https://phbidlautdemo.prahu-hub.com/adminprahu/masterInclude:5743
[    3410ms] [LOG] 200 xhrglobal @ https://phbidlautdemo.prahu-hub.com/adminprahu/masterInclude:5624
[    3417ms] [LOG] Connected @ https://phbidlautdemo.prahu-hub.com/adminprahu/masterInclude:5743
[    3478ms] [LOG] 200 xhrglobal @ https://phbidlautdemo.prahu-hub.com/adminprahu/masterInclude:5624
[    4212ms] TypeError: $(...).DataTable is not a function
    at https://phbidlautdemo.prahu-hub.com/_resources/themes/prahutheme/js/scripts-init/tables.js:7:23
[    6158ms] [WARNING] SweetAlert2: Unknown parameter "confirmButtonClass" @ https://phbidlautdemo.prahu-hub.com/_resources/themes/prahutheme/js/sweetalert2.all.min.js:0
[    6174ms] [LOG] 200 xhrglobal @ https://phbidlautdemo.prahu-hub.com/adminprahu/masterInclude:5624
