[    1013ms] Cannot use import statement outside a module
[    1033ms] ReferenceError: Chart is not defined
    at https://phbidlautdemo.prahu-hub.com/_resources/themes/prahutheme/js/scripts-init/charts/chartjs.js:8:13
[    1236ms] Unexpected token '<'
[    1236ms] Unexpected token '<'
[    1282ms] Uncaught TypeError: expect element to be DOM Element, but got null
    at n.init (https://cdnjs.cloudflare.com/ajax/libs/smooth-scrollbar/8.5.2/smooth-scrollbar.js:24:264)
    at <anonymous> (https://phbidlautdemo.prahu-hub.com/order/buatinvoice/1282:6704:14)
[    1298ms] [LOG] Daftar Ordernamanya @ https://phbidlautdemo.prahu-hub.com/order/buatinvoice/1282:2039
[    1319ms] [LOG] nilai_diskon 0 @ https://phbidlautdemo.prahu-hub.com/order/buatinvoice/1282:5852
[    1319ms] [LOG] 15923388 @ https://phbidlautdemo.prahu-hub.com/order/buatinvoice/1282:5853
[    1320ms] [LOG] nilai_diskon 0 @ https://phbidlautdemo.prahu-hub.com/order/buatinvoice/1282:5852
[    1321ms] [LOG] 15923388 @ https://phbidlautdemo.prahu-hub.com/order/buatinvoice/1282:5853
[    1321ms] [LOG] nilai_diskon 0 @ https://phbidlautdemo.prahu-hub.com/order/buatinvoice/1282:5852
[    1321ms] [LOG] 15923388 @ https://phbidlautdemo.prahu-hub.com/order/buatinvoice/1282:5853
[    1322ms] [LOG] nilai_diskon 0 @ https://phbidlautdemo.prahu-hub.com/order/buatinvoice/1282:5852
[    1322ms] [LOG] 15923388 @ https://phbidlautdemo.prahu-hub.com/order/buatinvoice/1282:5853
[    1328ms] [LOG] undefined @ https://phbidlautdemo.prahu-hub.com/order/buatinvoice/1282:7057
[    1328ms] [LOG] undefined @ https://phbidlautdemo.prahu-hub.com/order/buatinvoice/1282:7057
[    1329ms] [LOG] undefined @ https://phbidlautdemo.prahu-hub.com/order/buatinvoice/1282:7057
[    1329ms] [LOG] Masukkan Nama Perusahaan @ https://phbidlautdemo.prahu-hub.com/order/buatinvoice/1282:7057
[    1329ms] [LOG] Masukkan Nomor Telepon @ https://phbidlautdemo.prahu-hub.com/order/buatinvoice/1282:7057
[    1329ms] [LOG] Masukkan Alamat Email @ https://phbidlautdemo.prahu-hub.com/order/buatinvoice/1282:7057
[    1330ms] [LOG] Masukkan Nama Shipper @ https://phbidlautdemo.prahu-hub.com/order/buatinvoice/1282:7057
[    1330ms] [LOG] Masukkan ID Order @ https://phbidlautdemo.prahu-hub.com/order/buatinvoice/1282:7057
[    1330ms] [LOG] Masukkan Nomor Invoice @ https://phbidlautdemo.prahu-hub.com/order/buatinvoice/1282:7057
[    1330ms] [LOG] DD/MM/YYYY @ https://phbidlautdemo.prahu-hub.com/order/buatinvoice/1282:7057
[    1330ms] [LOG] DD/MM/YYYY @ https://phbidlautdemo.prahu-hub.com/order/buatinvoice/1282:7057
[    1331ms] [LOG] Harga @ https://phbidlautdemo.prahu-hub.com/order/buatinvoice/1282:7057
[    1331ms] [LOG] Harga @ https://phbidlautdemo.prahu-hub.com/order/buatinvoice/1282:7057
[    1331ms] [LOG] Harga @ https://phbidlautdemo.prahu-hub.com/order/buatinvoice/1282:7057
[    1331ms] [LOG] Harga @ https://phbidlautdemo.prahu-hub.com/order/buatinvoice/1282:7057
[    1331ms] [LOG] Harga @ https://phbidlautdemo.prahu-hub.com/order/buatinvoice/1282:7057
[    1331ms] [LOG] Harga @ https://phbidlautdemo.prahu-hub.com/order/buatinvoice/1282:7057
[    1332ms] [LOG] 0 @ https://phbidlautdemo.prahu-hub.com/order/buatinvoice/1282:7057
[    1332ms] [LOG] undefined @ https://phbidlautdemo.prahu-hub.com/order/buatinvoice/1282:7057
[    1332ms] [LOG] 0 @ https://phbidlautdemo.prahu-hub.com/order/buatinvoice/1282:7057
[    1332ms] [LOG] undefined @ https://phbidlautdemo.prahu-hub.com/order/buatinvoice/1282:7057
[    1332ms] [LOG] 0 @ https://phbidlautdemo.prahu-hub.com/order/buatinvoice/1282:7057
[    1332ms] [LOG] undefined @ https://phbidlautdemo.prahu-hub.com/order/buatinvoice/1282:7057
[    1332ms] [LOG] undefined @ https://phbidlautdemo.prahu-hub.com/order/buatinvoice/1282:7057
[    1332ms] [LOG] Masukkan Nomor Rekening @ https://phbidlautdemo.prahu-hub.com/order/buatinvoice/1282:7057
[    1332ms] [LOG] Masukkan Nama Bank @ https://phbidlautdemo.prahu-hub.com/order/buatinvoice/1282:7057
[    1332ms] [LOG] Masukkan Nomor Invoice @ https://phbidlautdemo.prahu-hub.com/order/buatinvoice/1282:7057
[    1333ms] [LOG] Masukkan Nomor Rekening @ https://phbidlautdemo.prahu-hub.com/order/buatinvoice/1282:7057
[    1333ms] [LOG] Masukkan Nama Bank @ https://phbidlautdemo.prahu-hub.com/order/buatinvoice/1282:7057
[    1333ms] [LOG] Masukkan Nomor Invoice @ https://phbidlautdemo.prahu-hub.com/order/buatinvoice/1282:7057
[    1333ms] [LOG] undefined @ https://phbidlautdemo.prahu-hub.com/order/buatinvoice/1282:7057
[    1333ms] [LOG] undefined @ https://phbidlautdemo.prahu-hub.com/order/buatinvoice/1282:7057
[    1333ms] [LOG] undefined @ https://phbidlautdemo.prahu-hub.com/order/buatinvoice/1282:7057
[    1334ms] [LOG] WebSocket connection @ https://phbidlautdemo.prahu-hub.com/order/buatinvoice/1282:7100
[    1335ms] [LOG] WebSocket connection attempting... @ https://phbidlautdemo.prahu-hub.com/order/buatinvoice/1282:7178
[    1492ms] [LOG] WebSocket connected @ https://phbidlautdemo.prahu-hub.com/order/buatinvoice/1282:7109
[    1495ms] [LOG] update_dashboard_order_laut @ https://phbidlautdemo.prahu-hub.com/order/buatinvoice/1282:7150
[    1520ms] [LOG] Connected @ https://phbidlautdemo.prahu-hub.com/order/buatinvoice/1282:7150
[    1600ms] [LOG] 200 xhrglobal @ https://phbidlautdemo.prahu-hub.com/order/buatinvoice/1282:7031
[    1682ms] [LOG] 200 xhrglobal @ https://phbidlautdemo.prahu-hub.com/order/buatinvoice/1282:7031
[    3307ms] TypeError: $(...).DataTable is not a function
    at https://phbidlautdemo.prahu-hub.com/_resources/themes/prahutheme/js/scripts-init/tables.js:7:23
[    4563ms] [LOG] Connected @ https://phbidlautdemo.prahu-hub.com/order/buatinvoice/1282:7150
[   27191ms] [LOG] Connected @ https://phbidlautdemo.prahu-hub.com/order/buatinvoice/1282:7150
[   28068ms] [LOG] Connected @ https://phbidlautdemo.prahu-hub.com/order/buatinvoice/1282:7150
[   28264ms] [LOG] Connected @ https://phbidlautdemo.prahu-hub.com/order/buatinvoice/1282:7150
[   30697ms] [LOG] Connected @ https://phbidlautdemo.prahu-hub.com/order/buatinvoice/1282:7150
[   42190ms] [LOG] Connected @ https://phbidlautdemo.prahu-hub.com/order/buatinvoice/1282:7150
[   50397ms] [LOG] Connected @ https://phbidlautdemo.prahu-hub.com/order/buatinvoice/1282:7150
[   56199ms] [LOG] Connected @ https://phbidlautdemo.prahu-hub.com/order/buatinvoice/1282:7150
[   74618ms] [LOG] Connected @ https://phbidlautdemo.prahu-hub.com/order/buatinvoice/1282:7150
[   80351ms] [LOG] Connected @ https://phbidlautdemo.prahu-hub.com/order/buatinvoice/1282:7150
[   82036ms] [LOG] Connected @ https://phbidlautdemo.prahu-hub.com/order/buatinvoice/1282:7150
[   88551ms] [LOG] Connected @ https://phbidlautdemo.prahu-hub.com/order/buatinvoice/1282:7150
