[    1082ms] Cannot use import statement outside a module
[    1108ms] ReferenceError: Chart is not defined
    at https://phbidlautdemo.prahu-hub.com/_resources/themes/prahutheme/js/scripts-init/charts/chartjs.js:8:13
[    1115ms] Unexpected token '<'
[    1245ms] Unexpected token '<'
[    1288ms] Uncaught TypeError: expect element to be DOM Element, but got null
    at n.init (https://cdnjs.cloudflare.com/ajax/libs/smooth-scrollbar/8.5.2/smooth-scrollbar.js:24:264)
    at <anonymous> (https://phbidlautdemo.prahu-hub.com/home/analitikscsr:6425:14)
[    1294ms] ReferenceError: selectEl is not defined
    at HTMLDocument.<anonymous> (https://phbidlautdemo.prahu-hub.com/home/analitikscsr:4725:3)
[    1298ms] ReferenceError: selectEl is not defined
    at HTMLDocument.<anonymous> (https://phbidlautdemo.prahu-hub.com/home/analitikscsr:5444:3)
[    1310ms] [LOG] Laporannamanya @ https://phbidlautdemo.prahu-hub.com/home/analitikscsr:2039
[    1318ms] [LOG] DD/MM/YYYY @ https://phbidlautdemo.prahu-hub.com/home/analitikscsr:6778
[    1318ms] [LOG] DD/MM/YYYY @ https://phbidlautdemo.prahu-hub.com/home/analitikscsr:6778
[    1319ms] [LOG] Search... @ https://phbidlautdemo.prahu-hub.com/home/analitikscsr:6778
[    1319ms] [LOG] Search... @ https://phbidlautdemo.prahu-hub.com/home/analitikscsr:6778
[    1319ms] [LOG] undefined @ https://phbidlautdemo.prahu-hub.com/home/analitikscsr:6778
[    1319ms] [LOG] Search... @ https://phbidlautdemo.prahu-hub.com/home/analitikscsr:6778
[    1320ms] [LOG] WebSocket connection @ https://phbidlautdemo.prahu-hub.com/home/analitikscsr:6821
[    1320ms] [LOG] WebSocket connection attempting... @ https://phbidlautdemo.prahu-hub.com/home/analitikscsr:6899
[    2354ms] [LOG] WebSocket connected @ https://phbidlautdemo.prahu-hub.com/home/analitikscsr:6830
[    2356ms] [LOG] update_dashboard_order_laut @ https://phbidlautdemo.prahu-hub.com/home/analitikscsr:6871
[    2459ms] [LOG] 200 xhrglobal @ https://phbidlautdemo.prahu-hub.com/home/analitikscsr:6752
[    2513ms] [LOG] 200 xhrglobal @ https://phbidlautdemo.prahu-hub.com/home/analitikscsr:6752
[    2692ms] [LOG] Connected @ https://phbidlautdemo.prahu-hub.com/home/analitikscsr:6871
[    3335ms] TypeError: $(...).DataTable is not a function
    at https://phbidlautdemo.prahu-hub.com/_resources/themes/prahutheme/js/scripts-init/tables.js:7:23
[   20866ms] [LOG] Connected @ https://phbidlautdemo.prahu-hub.com/home/analitikscsr:6871
[   32718ms] [LOG] Connected @ https://phbidlautdemo.prahu-hub.com/home/analitikscsr:6871
[   44272ms] [LOG] Connected @ https://phbidlautdemo.prahu-hub.com/home/analitikscsr:6871
[   49573ms] [LOG] Connected @ https://phbidlautdemo.prahu-hub.com/home/analitikscsr:6871
[   56188ms] [LOG] tglawal=01%2F01%2F2026&tglakhir=30%2F09%2F2026&status_filter=1&BidOwnerID%5B%5D%5B%5D=65 @ https://phbidlautdemo.prahu-hub.com/home/analitikscsr:6054
[   56188ms] [LOG] Saving session... @ https://phbidlautdemo.prahu-hub.com/home/analitikscsr:6064
[   56631ms] [LOG] 200 xhrglobal @ https://phbidlautdemo.prahu-hub.com/home/analitikscsr:6752
[   57650ms] Cannot use import statement outside a module
[   57668ms] ReferenceError: Chart is not defined
    at https://phbidlautdemo.prahu-hub.com/_resources/themes/prahutheme/js/scripts-init/charts/chartjs.js:8:13
[   57726ms] Unexpected token '<'
[   57834ms] Unexpected token '<'
[   57862ms] Uncaught TypeError: expect element to be DOM Element, but got null
    at n.init (https://cdnjs.cloudflare.com/ajax/libs/smooth-scrollbar/8.5.2/smooth-scrollbar.js:24:264)
    at <anonymous> (https://phbidlautdemo.prahu-hub.com/home/analitikscsr/?session_get=exp_6ab73f62e47c90.25134797:6564:14)
[   57870ms] ReferenceError: selectEl is not defined
    at HTMLDocument.<anonymous> (https://phbidlautdemo.prahu-hub.com/home/analitikscsr/?session_get=exp_6ab73f62e47c90.25134797:4726:3)
[   57873ms] ReferenceError: selectEl is not defined
    at HTMLDocument.<anonymous> (https://phbidlautdemo.prahu-hub.com/home/analitikscsr/?session_get=exp_6ab73f62e47c90.25134797:5445:3)
[   57887ms] [LOG] Laporannamanya @ https://phbidlautdemo.prahu-hub.com/home/analitikscsr/?session_get=exp_6ab73f62e47c90.25134797:2040
[   57894ms] [LOG] DD/MM/YYYY @ https://phbidlautdemo.prahu-hub.com/home/analitikscsr/?session_get=exp_6ab73f62e47c90.25134797:6917
[   57894ms] [LOG] DD/MM/YYYY @ https://phbidlautdemo.prahu-hub.com/home/analitikscsr/?session_get=exp_6ab73f62e47c90.25134797:6917
[   57894ms] [LOG] Search... @ https://phbidlautdemo.prahu-hub.com/home/analitikscsr/?session_get=exp_6ab73f62e47c90.25134797:6917
[   57894ms] [LOG] Search... @ https://phbidlautdemo.prahu-hub.com/home/analitikscsr/?session_get=exp_6ab73f62e47c90.25134797:6917
[   57894ms] [LOG] undefined @ https://phbidlautdemo.prahu-hub.com/home/analitikscsr/?session_get=exp_6ab73f62e47c90.25134797:6917
[   57894ms] [LOG] undefined @ https://phbidlautdemo.prahu-hub.com/home/analitikscsr/?session_get=exp_6ab73f62e47c90.25134797:6917
[   57895ms] [LOG] Search... @ https://phbidlautdemo.prahu-hub.com/home/analitikscsr/?session_get=exp_6ab73f62e47c90.25134797:6917
[   57895ms] [LOG] WebSocket connection @ https://phbidlautdemo.prahu-hub.com/home/analitikscsr/?session_get=exp_6ab73f62e47c90.25134797:6960
[   57896ms] [LOG] WebSocket connection attempting... @ https://phbidlautdemo.prahu-hub.com/home/analitikscsr/?session_get=exp_6ab73f62e47c90.25134797:7038
[   58075ms] [LOG] [Object, Object, Object, Object, Object, Object] @ https://phbidlautdemo.prahu-hub.com/_resources/themes/prahutheme/javascript/custom/analitikscsr.js?m=1788319233:172
[   58077ms] [LOG] undefined @ https://phbidlautdemo.prahu-hub.com/_resources/themes/prahutheme/javascript/custom/analitikscsr.js?m=1788319233:705
[   58078ms] [LOG] undefined countView1 1 pageNow 20 limitView1 @ https://phbidlautdemo.prahu-hub.com/_resources/themes/prahutheme/javascript/custom/analitikscsr.js?m=1788319233:707
[   58078ms] [LOG] undefined @ https://phbidlautdemo.prahu-hub.com/_resources/themes/prahutheme/javascript/custom/analitikscsr.js?m=1788319233:713
[   58078ms] [LOG] undefined jumlah data @ https://phbidlautdemo.prahu-hub.com/_resources/themes/prahutheme/javascript/custom/analitikscsr.js?m=1788319233:682
[   58078ms] [LOG] NaN @ https://phbidlautdemo.prahu-hub.com/_resources/themes/prahutheme/javascript/custom/analitikscsr.js?m=1788319233:684
[   58079ms] [LOG] NaN 1 pageCount & pageNow @ https://phbidlautdemo.prahu-hub.com/_resources/themes/prahutheme/javascript/custom/analitikscsr.js?m=1788319233:608
[   58081ms] [LOG] 200 xhrglobal @ https://phbidlautdemo.prahu-hub.com/home/analitikscsr/?session_get=exp_6ab73f62e47c90.25134797:6891
[   58081ms] [LOG] ce.fn.init stepItem @ https://phbidlautdemo.prahu-hub.com/_resources/themes/prahutheme/javascript/custom/analitikscsr.js?m=1788319233:582
[   58848ms] [LOG] WebSocket connected @ https://phbidlautdemo.prahu-hub.com/home/analitikscsr/?session_get=exp_6ab73f62e47c90.25134797:6969
[   58849ms] [LOG] update_dashboard_order_laut @ https://phbidlautdemo.prahu-hub.com/home/analitikscsr/?session_get=exp_6ab73f62e47c90.25134797:7010
[   58984ms] [LOG] 200 xhrglobal @ https://phbidlautdemo.prahu-hub.com/home/analitikscsr/?session_get=exp_6ab73f62e47c90.25134797:6891
[   59080ms] [LOG] 200 xhrglobal @ https://phbidlautdemo.prahu-hub.com/home/analitikscsr/?session_get=exp_6ab73f62e47c90.25134797:6891
[   59165ms] [LOG] Connected @ https://phbidlautdemo.prahu-hub.com/home/analitikscsr/?session_get=exp_6ab73f62e47c90.25134797:7010
[   59894ms] TypeError: $(...).DataTable is not a function
    at https://phbidlautdemo.prahu-hub.com/_resources/themes/prahutheme/js/scripts-init/tables.js:7:23
[   66256ms] [LOG] Connected @ https://phbidlautdemo.prahu-hub.com/home/analitikscsr/?session_get=exp_6ab73f62e47c90.25134797:7010
[   75369ms] [LOG] Connected @ https://phbidlautdemo.prahu-hub.com/home/analitikscsr/?session_get=exp_6ab73f62e47c90.25134797:7010
[   90540ms] [LOG] Connected @ https://phbidlautdemo.prahu-hub.com/home/analitikscsr/?session_get=exp_6ab73f62e47c90.25134797:7010
[  101859ms] [LOG] Connected @ https://phbidlautdemo.prahu-hub.com/home/analitikscsr/?session_get=exp_6ab73f62e47c90.25134797:7010
