[    1483ms] Cannot use import statement outside a module
[    1498ms] ReferenceError: Chart is not defined
    at https://phbidlautdemo.prahu-hub.com/_resources/themes/prahutheme/js/scripts-init/charts/chartjs.js:8:13
[    1500ms] Unexpected token '<'
[    1683ms] Unexpected token '<'
[    1718ms] Uncaught TypeError: expect element to be DOM Element, but got null
    at n.init (https://cdnjs.cloudflare.com/ajax/libs/smooth-scrollbar/8.5.2/smooth-scrollbar.js:24:264)
    at <anonymous> (https://phbidlautdemo.prahu-hub.com/order/buatinvoice/1290:6698:14)
[    1742ms] [LOG] Daftar Ordernamanya @ https://phbidlautdemo.prahu-hub.com/order/buatinvoice/1290:2039
[    1762ms] [LOG] nilai_diskon 0 @ https://phbidlautdemo.prahu-hub.com/order/buatinvoice/1290:5846
[    1762ms] [LOG] 9543330 @ https://phbidlautdemo.prahu-hub.com/order/buatinvoice/1290:5847
[    1763ms] [LOG] nilai_diskon 0 @ https://phbidlautdemo.prahu-hub.com/order/buatinvoice/1290:5846
[    1763ms] [LOG] 9543330 @ https://phbidlautdemo.prahu-hub.com/order/buatinvoice/1290:5847
[    1764ms] [LOG] nilai_diskon 0 @ https://phbidlautdemo.prahu-hub.com/order/buatinvoice/1290:5846
[    1764ms] [LOG] 9543330 @ https://phbidlautdemo.prahu-hub.com/order/buatinvoice/1290:5847
[    1764ms] [LOG] nilai_diskon 0 @ https://phbidlautdemo.prahu-hub.com/order/buatinvoice/1290:5846
[    1764ms] [LOG] 9543330 @ https://phbidlautdemo.prahu-hub.com/order/buatinvoice/1290:5847
[    1773ms] [LOG] undefined @ https://phbidlautdemo.prahu-hub.com/order/buatinvoice/1290:7051
[    1773ms] [LOG] undefined @ https://phbidlautdemo.prahu-hub.com/order/buatinvoice/1290:7051
[    1773ms] [LOG] undefined @ https://phbidlautdemo.prahu-hub.com/order/buatinvoice/1290:7051
[    1773ms] [LOG] Masukkan Nama Perusahaan @ https://phbidlautdemo.prahu-hub.com/order/buatinvoice/1290:7051
[    1773ms] [LOG] Masukkan Nomor Telepon @ https://phbidlautdemo.prahu-hub.com/order/buatinvoice/1290:7051
[    1773ms] [LOG] Masukkan Alamat Email @ https://phbidlautdemo.prahu-hub.com/order/buatinvoice/1290:7051
[    1773ms] [LOG] Masukkan Nama Shipper @ https://phbidlautdemo.prahu-hub.com/order/buatinvoice/1290:7051
[    1773ms] [LOG] Masukkan ID Order @ https://phbidlautdemo.prahu-hub.com/order/buatinvoice/1290:7051
[    1773ms] [LOG] Masukkan Nomor Invoice @ https://phbidlautdemo.prahu-hub.com/order/buatinvoice/1290:7051
[    1774ms] [LOG] DD/MM/YYYY @ https://phbidlautdemo.prahu-hub.com/order/buatinvoice/1290:7051
[    1774ms] [LOG] DD/MM/YYYY @ https://phbidlautdemo.prahu-hub.com/order/buatinvoice/1290:7051
[    1774ms] [LOG] Harga @ https://phbidlautdemo.prahu-hub.com/order/buatinvoice/1290:7051
[    1774ms] [LOG] Harga @ https://phbidlautdemo.prahu-hub.com/order/buatinvoice/1290:7051
[    1774ms] [LOG] Harga @ https://phbidlautdemo.prahu-hub.com/order/buatinvoice/1290:7051
[    1774ms] [LOG] Harga @ https://phbidlautdemo.prahu-hub.com/order/buatinvoice/1290:7051
[    1775ms] [LOG] Harga @ https://phbidlautdemo.prahu-hub.com/order/buatinvoice/1290:7051
[    1775ms] [LOG] Harga @ https://phbidlautdemo.prahu-hub.com/order/buatinvoice/1290:7051
[    1775ms] [LOG] 0 @ https://phbidlautdemo.prahu-hub.com/order/buatinvoice/1290:7051
[    1775ms] [LOG] undefined @ https://phbidlautdemo.prahu-hub.com/order/buatinvoice/1290:7051
[    1775ms] [LOG] 0 @ https://phbidlautdemo.prahu-hub.com/order/buatinvoice/1290:7051
[    1775ms] [LOG] undefined @ https://phbidlautdemo.prahu-hub.com/order/buatinvoice/1290:7051
[    1775ms] [LOG] 0 @ https://phbidlautdemo.prahu-hub.com/order/buatinvoice/1290:7051
[    1776ms] [LOG] undefined @ https://phbidlautdemo.prahu-hub.com/order/buatinvoice/1290:7051
[    1776ms] [LOG] undefined @ https://phbidlautdemo.prahu-hub.com/order/buatinvoice/1290:7051
[    1776ms] [LOG] Masukkan Nomor Rekening @ https://phbidlautdemo.prahu-hub.com/order/buatinvoice/1290:7051
[    1776ms] [LOG] Masukkan Nama Bank @ https://phbidlautdemo.prahu-hub.com/order/buatinvoice/1290:7051
[    1776ms] [LOG] Masukkan Nomor Invoice @ https://phbidlautdemo.prahu-hub.com/order/buatinvoice/1290:7051
[    1776ms] [LOG] Masukkan Nomor Rekening @ https://phbidlautdemo.prahu-hub.com/order/buatinvoice/1290:7051
[    1776ms] [LOG] Masukkan Nama Bank @ https://phbidlautdemo.prahu-hub.com/order/buatinvoice/1290:7051
[    1776ms] [LOG] Masukkan Nomor Invoice @ https://phbidlautdemo.prahu-hub.com/order/buatinvoice/1290:7051
[    1776ms] [LOG] undefined @ https://phbidlautdemo.prahu-hub.com/order/buatinvoice/1290:7051
[    1776ms] [LOG] undefined @ https://phbidlautdemo.prahu-hub.com/order/buatinvoice/1290:7051
[    1776ms] [LOG] undefined @ https://phbidlautdemo.prahu-hub.com/order/buatinvoice/1290:7051
[    1777ms] [LOG] WebSocket connection @ https://phbidlautdemo.prahu-hub.com/order/buatinvoice/1290:7094
[    1777ms] [LOG] WebSocket connection attempting... @ https://phbidlautdemo.prahu-hub.com/order/buatinvoice/1290:7172
[    1890ms] [LOG] WebSocket connected @ https://phbidlautdemo.prahu-hub.com/order/buatinvoice/1290:7103
[    1891ms] [LOG] update_dashboard_order_laut @ https://phbidlautdemo.prahu-hub.com/order/buatinvoice/1290:7144
[    1918ms] [LOG] Connected @ https://phbidlautdemo.prahu-hub.com/order/buatinvoice/1290:7144
[    2661ms] [LOG] 200 xhrglobal @ https://phbidlautdemo.prahu-hub.com/order/buatinvoice/1290:7025
[    2737ms] [LOG] 200 xhrglobal @ https://phbidlautdemo.prahu-hub.com/order/buatinvoice/1290:7025
[    3757ms] TypeError: $(...).DataTable is not a function
    at https://phbidlautdemo.prahu-hub.com/_resources/themes/prahutheme/js/scripts-init/tables.js:7:23
