[    1058ms] Cannot use import statement outside a module
[    1089ms] ReferenceError: Chart is not defined
    at https://phbidlautdemo.prahu-hub.com/_resources/themes/prahutheme/js/scripts-init/charts/chartjs.js:8:13
[    1225ms] Unexpected token '<'
[    1225ms] Unexpected token '<'
[    1269ms] Uncaught TypeError: expect element to be DOM Element, but got null
    at n.init (https://cdnjs.cloudflare.com/ajax/libs/smooth-scrollbar/8.5.2/smooth-scrollbar.js:24:264)
    at <anonymous> (https://phbidlautdemo.prahu-hub.com/home/akunsaya:5351:14)
[    1280ms] [LOG] Akun Sayanamanya @ https://phbidlautdemo.prahu-hub.com/home/akunsaya:1876
[    1286ms] [LOG] WebSocket connection @ https://phbidlautdemo.prahu-hub.com/home/akunsaya:5746
[    1286ms] [LOG] WebSocket connection attempting... @ https://phbidlautdemo.prahu-hub.com/home/akunsaya:5824
[    1391ms] [LOG] WebSocket connected @ https://phbidlautdemo.prahu-hub.com/home/akunsaya:5755
[    1395ms] [LOG] update_dashboard_order_laut @ https://phbidlautdemo.prahu-hub.com/home/akunsaya:5796
[    1422ms] [LOG] Connected @ https://phbidlautdemo.prahu-hub.com/home/akunsaya:5796
[    1501ms] [LOG] 200 xhrglobal @ https://phbidlautdemo.prahu-hub.com/home/akunsaya:5677
[    1581ms] [LOG] 200 xhrglobal @ https://phbidlautdemo.prahu-hub.com/home/akunsaya:5677
[    2479ms] [LOG] Connected @ https://phbidlautdemo.prahu-hub.com/home/akunsaya:5796
[    3300ms] TypeError: $(...).DataTable is not a function
    at https://phbidlautdemo.prahu-hub.com/_resources/themes/prahutheme/js/scripts-init/tables.js:7:23
[   10131ms] [LOG] Connected @ https://phbidlautdemo.prahu-hub.com/home/akunsaya:5796
