[     944ms] Cannot use import statement outside a module
[     962ms] ReferenceError: Chart is not defined
    at https://phbidlautdemo.prahu-hub.com/_resources/themes/prahutheme/js/scripts-init/charts/chartjs.js:8:13
[     981ms] Unexpected token '<'
[    1093ms] Unexpected token '<'
[    1146ms] [LOG] Invalid Date min @ https://phbidlautdemo.prahu-hub.com/home/dashboardpengiriman:5578
[    1147ms] [LOG] Invalid Date min @ https://phbidlautdemo.prahu-hub.com/home/dashboardpengiriman:5618
[    1147ms] [LOG] WebSocket mbconn @ https://phbidlautdemo.prahu-hub.com/home/dashboardpengiriman:5834
[    1148ms] [LOG] on going... @ https://phbidlautdemo.prahu-hub.com/home/dashboardpengiriman:5858
[    1212ms] Uncaught TypeError: expect element to be DOM Element, but got null
    at n.init (https://cdnjs.cloudflare.com/ajax/libs/smooth-scrollbar/8.5.2/smooth-scrollbar.js:24:264)
    at <anonymous> (https://phbidlautdemo.prahu-hub.com/home/dashboardpengiriman:6356:14)
[    1225ms] [LOG] DASHBOARDnamanya @ https://phbidlautdemo.prahu-hub.com/home/dashboardpengiriman:1876
[    1246ms] [LOG] DD/MM/YYYY @ https://phbidlautdemo.prahu-hub.com/home/dashboardpengiriman:6708
[    1247ms] [LOG] DD/MM/YYYY @ https://phbidlautdemo.prahu-hub.com/home/dashboardpengiriman:6708
[    1247ms] [LOG] DD/MM/YYYY @ https://phbidlautdemo.prahu-hub.com/home/dashboardpengiriman:6708
[    1248ms] [LOG] DD/MM/YYYY @ https://phbidlautdemo.prahu-hub.com/home/dashboardpengiriman:6708
[    1249ms] [LOG] WebSocket connection @ https://phbidlautdemo.prahu-hub.com/home/dashboardpengiriman:6751
[    1250ms] [LOG] WebSocket connection attempting... @ https://phbidlautdemo.prahu-hub.com/home/dashboardpengiriman:6829
[    1270ms] [LOG] konak @ https://phbidlautdemo.prahu-hub.com/home/dashboardpengiriman:5845
[    1272ms] [LOG] update_dashboard_order_laut mbdebug @ https://phbidlautdemo.prahu-hub.com/home/dashboardpengiriman:5851
[    1272ms] [LOG] update_dashboard_order_laut @ https://phbidlautdemo.prahu-hub.com/home/dashboardpengiriman:5853
[    1317ms] [LOG] Connected mbdebug @ https://phbidlautdemo.prahu-hub.com/home/dashboardpengiriman:5851
[    1329ms] [LOG] 200 xhrglobal @ https://phbidlautdemo.prahu-hub.com/home/dashboardpengiriman:6682
[    1371ms] [LOG] 200 xhrglobal @ https://phbidlautdemo.prahu-hub.com/home/dashboardpengiriman:6682
[    1386ms] [LOG] WebSocket connected @ https://phbidlautdemo.prahu-hub.com/home/dashboardpengiriman:6760
[    1387ms] [LOG] update_dashboard_order_laut @ https://phbidlautdemo.prahu-hub.com/home/dashboardpengiriman:6801
[    1414ms] [LOG] Connected @ https://phbidlautdemo.prahu-hub.com/home/dashboardpengiriman:6801
[    1415ms] [LOG] Connected mbdebug @ https://phbidlautdemo.prahu-hub.com/home/dashboardpengiriman:5851
[    1476ms] [LOG] 200 xhrglobal @ https://phbidlautdemo.prahu-hub.com/home/dashboardpengiriman:6682
[    1515ms] [LOG] 200 xhrglobal @ https://phbidlautdemo.prahu-hub.com/home/dashboardpengiriman:6682
[    1574ms] [LOG] County data successfully loaded. @ https://phbidlautdemo.prahu-hub.com/home/dashboardpengiriman:5140
[    1574ms] [LOG] [Object, Object] @ https://phbidlautdemo.prahu-hub.com/home/dashboardpengiriman:5141
[    1577ms] [LOG] 200 xhrglobal @ https://phbidlautdemo.prahu-hub.com/home/dashboardpengiriman:6682
[    1653ms] [LOG] County data successfully loaded. @ https://phbidlautdemo.prahu-hub.com/home/dashboardpengiriman:5884
[    1653ms] [LOG] aam [Object, Object] @ https://phbidlautdemo.prahu-hub.com/home/dashboardpengiriman:5886
[    1654ms] [LOG] jumnya [1, 1] @ https://phbidlautdemo.prahu-hub.com/home/dashboardpengiriman:5900
[    1688ms] [LOG] dn @ https://phbidlautdemo.prahu-hub.com/home/dashboardpengiriman:5902
[    1689ms] [LOG] 200 xhrglobal @ https://phbidlautdemo.prahu-hub.com/home/dashboardpengiriman:6682
[    1742ms] [LOG] 200 xhrglobal @ https://phbidlautdemo.prahu-hub.com/home/dashboardpengiriman:6682
[    1992ms] [LOG] 200 xhrglobal @ https://phbidlautdemo.prahu-hub.com/home/dashboardpengiriman:6682
[    2370ms] [LOG] County data successfully loaded. @ https://phbidlautdemo.prahu-hub.com/home/dashboardpengiriman:5140
[    2370ms] [LOG] [Object, Object] @ https://phbidlautdemo.prahu-hub.com/home/dashboardpengiriman:5141
[    2375ms] [LOG] 200 xhrglobal @ https://phbidlautdemo.prahu-hub.com/home/dashboardpengiriman:6682
[    2430ms] [LOG] County data successfully loaded. @ https://phbidlautdemo.prahu-hub.com/home/dashboardpengiriman:5884
[    2430ms] [LOG] aam [Object, Object] @ https://phbidlautdemo.prahu-hub.com/home/dashboardpengiriman:5886
[    2431ms] [LOG] jumnya [1, 1] @ https://phbidlautdemo.prahu-hub.com/home/dashboardpengiriman:5900
[    2448ms] [LOG] dn @ https://phbidlautdemo.prahu-hub.com/home/dashboardpengiriman:5902
[    2449ms] [LOG] 200 xhrglobal @ https://phbidlautdemo.prahu-hub.com/home/dashboardpengiriman:6682
[    3242ms] TypeError: $(...).DataTable is not a function
    at https://phbidlautdemo.prahu-hub.com/_resources/themes/prahutheme/js/scripts-init/tables.js:7:23
[   11287ms] [LOG] Connected @ https://phbidlautdemo.prahu-hub.com/home/dashboardpengiriman:6801
[   11288ms] [LOG] Connected mbdebug @ https://phbidlautdemo.prahu-hub.com/home/dashboardpengiriman:5851
[   11747ms] [LOG] Connected @ https://phbidlautdemo.prahu-hub.com/home/dashboardpengiriman:6801
[   11747ms] [LOG] Connected mbdebug @ https://phbidlautdemo.prahu-hub.com/home/dashboardpengiriman:5851
[   15826ms] [LOG] Connected @ https://phbidlautdemo.prahu-hub.com/home/dashboardpengiriman:6801
[   15827ms] [LOG] Connected mbdebug @ https://phbidlautdemo.prahu-hub.com/home/dashboardpengiriman:5851
[   17139ms] [LOG] Connected mbdebug @ https://phbidlautdemo.prahu-hub.com/home/dashboardpengiriman:5851
[   17139ms] [LOG] Connected @ https://phbidlautdemo.prahu-hub.com/home/dashboardpengiriman:6801
[   22298ms] [LOG] Connected @ https://phbidlautdemo.prahu-hub.com/home/dashboardpengiriman:6801
[   22299ms] [LOG] Connected mbdebug @ https://phbidlautdemo.prahu-hub.com/home/dashboardpengiriman:5851
[   57106ms] [LOG] Connected mbdebug @ https://phbidlautdemo.prahu-hub.com/home/dashboardpengiriman:5851
[   57107ms] [LOG] Connected @ https://phbidlautdemo.prahu-hub.com/home/dashboardpengiriman:6801
[   61988ms] [LOG] Connected mbdebug @ https://phbidlautdemo.prahu-hub.com/home/dashboardpengiriman:5851
[   61989ms] [LOG] Connected @ https://phbidlautdemo.prahu-hub.com/home/dashboardpengiriman:6801
[   79169ms] [LOG] Connected @ https://phbidlautdemo.prahu-hub.com/home/dashboardpengiriman:6801
[   79169ms] [LOG] Connected mbdebug @ https://phbidlautdemo.prahu-hub.com/home/dashboardpengiriman:5851
[   80749ms] [LOG] Connected @ https://phbidlautdemo.prahu-hub.com/home/dashboardpengiriman:6801
[   80750ms] [LOG] Connected mbdebug @ https://phbidlautdemo.prahu-hub.com/home/dashboardpengiriman:5851
[   86520ms] [LOG] Connected @ https://phbidlautdemo.prahu-hub.com/home/dashboardpengiriman:6801
[   86522ms] [LOG] Connected mbdebug @ https://phbidlautdemo.prahu-hub.com/home/dashboardpengiriman:5851
[   90186ms] [LOG] Connected @ https://phbidlautdemo.prahu-hub.com/home/dashboardpengiriman:6801
[   90186ms] [LOG] Connected mbdebug @ https://phbidlautdemo.prahu-hub.com/home/dashboardpengiriman:5851
[   99181ms] [LOG] Connected mbdebug @ https://phbidlautdemo.prahu-hub.com/home/dashboardpengiriman:5851
[   99181ms] [LOG] Connected @ https://phbidlautdemo.prahu-hub.com/home/dashboardpengiriman:6801
[  100855ms] [LOG] Connected @ https://phbidlautdemo.prahu-hub.com/home/dashboardpengiriman:6801
[  100856ms] [LOG] Connected mbdebug @ https://phbidlautdemo.prahu-hub.com/home/dashboardpengiriman:5851
[  103149ms] [LOG] Connected @ https://phbidlautdemo.prahu-hub.com/home/dashboardpengiriman:6801
[  103150ms] [LOG] Connected mbdebug @ https://phbidlautdemo.prahu-hub.com/home/dashboardpengiriman:5851
[  109856ms] [LOG] Connected @ https://phbidlautdemo.prahu-hub.com/home/dashboardpengiriman:6801
[  109857ms] [LOG] Connected mbdebug @ https://phbidlautdemo.prahu-hub.com/home/dashboardpengiriman:5851
[  111090ms] [LOG] Connected @ https://phbidlautdemo.prahu-hub.com/home/dashboardpengiriman:6801
[  111091ms] [LOG] Connected mbdebug @ https://phbidlautdemo.prahu-hub.com/home/dashboardpengiriman:5851
[  116044ms] [LOG] Connected @ https://phbidlautdemo.prahu-hub.com/home/dashboardpengiriman:6801
[  116045ms] [LOG] Connected mbdebug @ https://phbidlautdemo.prahu-hub.com/home/dashboardpengiriman:5851
