[    1509ms] Cannot use import statement outside a module
[    1537ms] ReferenceError: Chart is not defined
    at https://phbidlautdemo.prahu-hub.com/_resources/themes/prahutheme/js/scripts-init/charts/chartjs.js:8:13
[    1587ms] Unexpected token '<'
[    1714ms] Unexpected token '<'
[    1798ms] Uncaught TypeError: expect element to be DOM Element, but got null
    at <anonymous> (https://cdnjs.cloudflare.com/ajax/libs/smooth-scrollbar/8.5.2/smooth-scrollbar.js:24:264)
    at <anonymous> (https://phbidlautdemo.prahu-hub.com/lelang/tambah_pilihpesertaLelang/1089:6995:14)
[    1984ms] [TABLE] {UI version: 8.4.1, Core version: 8.4.0, Build: NC8xMi8yMDIyfDRkZTU3MmExYg==, WebViewer Server: false, Full API: false} @ https://phbidlautdemo.prahu-hub.com/_resources/themes/prahutheme/javascript/PDFView/lib/ui/webviewer-ui.min.js:270
[    2100ms] [LOG] Pengajuan Lelangnamanya @ https://phbidlautdemo.prahu-hub.com/lelang/tambah_pilihpesertaLelang/1089:2039
[    2139ms] [LOG] Masukkan Nama Peserta Lelang @ https://phbidlautdemo.prahu-hub.com/lelang/tambah_pilihpesertaLelang/1089:7348
[    2139ms] [LOG] undefined @ https://phbidlautdemo.prahu-hub.com/lelang/tambah_pilihpesertaLelang/1089:7348
[    2140ms] [LOG] undefined @ https://phbidlautdemo.prahu-hub.com/lelang/tambah_pilihpesertaLelang/1089:7348
[    2140ms] [LOG] undefined @ https://phbidlautdemo.prahu-hub.com/lelang/tambah_pilihpesertaLelang/1089:7348
[    2140ms] [LOG] undefined @ https://phbidlautdemo.prahu-hub.com/lelang/tambah_pilihpesertaLelang/1089:7348
[    2140ms] [LOG] undefined @ https://phbidlautdemo.prahu-hub.com/lelang/tambah_pilihpesertaLelang/1089:7348
[    2140ms] [LOG] undefined @ https://phbidlautdemo.prahu-hub.com/lelang/tambah_pilihpesertaLelang/1089:7348
[    2140ms] [LOG] undefined @ https://phbidlautdemo.prahu-hub.com/lelang/tambah_pilihpesertaLelang/1089:7348
[    2140ms] [LOG] undefined @ https://phbidlautdemo.prahu-hub.com/lelang/tambah_pilihpesertaLelang/1089:7348
[    2141ms] [LOG] undefined @ https://phbidlautdemo.prahu-hub.com/lelang/tambah_pilihpesertaLelang/1089:7348
[    2141ms] [LOG] undefined @ https://phbidlautdemo.prahu-hub.com/lelang/tambah_pilihpesertaLelang/1089:7348
[    2141ms] [LOG] undefined @ https://phbidlautdemo.prahu-hub.com/lelang/tambah_pilihpesertaLelang/1089:7348
[    2141ms] [LOG] undefined @ https://phbidlautdemo.prahu-hub.com/lelang/tambah_pilihpesertaLelang/1089:7348
[    2141ms] [LOG] undefined @ https://phbidlautdemo.prahu-hub.com/lelang/tambah_pilihpesertaLelang/1089:7348
[    2141ms] [LOG] undefined @ https://phbidlautdemo.prahu-hub.com/lelang/tambah_pilihpesertaLelang/1089:7348
[    2142ms] [LOG] undefined @ https://phbidlautdemo.prahu-hub.com/lelang/tambah_pilihpesertaLelang/1089:7348
[    2142ms] [LOG] undefined @ https://phbidlautdemo.prahu-hub.com/lelang/tambah_pilihpesertaLelang/1089:7348
[    2142ms] [LOG] undefined @ https://phbidlautdemo.prahu-hub.com/lelang/tambah_pilihpesertaLelang/1089:7348
[    2142ms] [LOG] undefined @ https://phbidlautdemo.prahu-hub.com/lelang/tambah_pilihpesertaLelang/1089:7348
[    2142ms] [LOG] undefined @ https://phbidlautdemo.prahu-hub.com/lelang/tambah_pilihpesertaLelang/1089:7348
[    2142ms] [LOG] undefined @ https://phbidlautdemo.prahu-hub.com/lelang/tambah_pilihpesertaLelang/1089:7348
[    2143ms] [LOG] undefined @ https://phbidlautdemo.prahu-hub.com/lelang/tambah_pilihpesertaLelang/1089:7348
[    2143ms] [LOG] undefined @ https://phbidlautdemo.prahu-hub.com/lelang/tambah_pilihpesertaLelang/1089:7348
[    2143ms] [LOG] undefined @ https://phbidlautdemo.prahu-hub.com/lelang/tambah_pilihpesertaLelang/1089:7348
[    2144ms] [LOG] WebSocket connection @ https://phbidlautdemo.prahu-hub.com/lelang/tambah_pilihpesertaLelang/1089:7391
[    2145ms] [LOG] WebSocket connection attempting... @ https://phbidlautdemo.prahu-hub.com/lelang/tambah_pilihpesertaLelang/1089:7469
[    2420ms] [VERBOSE] [DOM] Password forms should have (optionally hidden) username fields for accessibility: (More info: https://goo.gl/9p2vKq) %o @ https://phbidlautdemo.prahu-hub.com/_resources/themes/prahutheme/javascript/PDFView/lib/ui/index.html#d=%2Fassets%2Fdokumenaanwijzing%2F65%2FAanwijzing-PT.-Primax-Geo-Sejahtera.pdf&a=1&disabledElements=downloadButton%2CprintButton%2ClanguageButton&filepicker=0&pdfnet=0&enableRedaction=0&enableMeasurement=0&pageHistory=1&notesInLeftPanel=0&singleServerMode=false&selectAnnotationOnCreation=0&autoFocusNoteOnAnnotationSelection=1&id=1&basePath=%2Flelang%2Ftambah_pilihpesertaLelang%2F1089:0
[    2686ms] [LOG] WebSocket connected @ https://phbidlautdemo.prahu-hub.com/lelang/tambah_pilihpesertaLelang/1089:7400
[    2786ms] [LOG] update_dashboard_order_laut @ https://phbidlautdemo.prahu-hub.com/lelang/tambah_pilihpesertaLelang/1089:7441
[    2795ms] [LOG] Connected @ https://phbidlautdemo.prahu-hub.com/lelang/tambah_pilihpesertaLelang/1089:7441
[    2966ms] [LOG] 200 xhrglobal @ https://phbidlautdemo.prahu-hub.com/lelang/tambah_pilihpesertaLelang/1089:7322
[    2971ms] [LOG] 200 xhrglobal @ https://phbidlautdemo.prahu-hub.com/lelang/tambah_pilihpesertaLelang/1089:7322
[    4037ms] [LOG] document loaded @ https://phbidlautdemo.prahu-hub.com/lelang/tambah_pilihpesertaLelang/1089:6329
[    4124ms] TypeError: $(...).DataTable is not a function
    at https://phbidlautdemo.prahu-hub.com/_resources/themes/prahutheme/js/scripts-init/tables.js:7:23
