[     957ms] Cannot use import statement outside a module
[     983ms] ReferenceError: Chart is not defined
    at https://phbidlautdemo.prahu-hub.com/_resources/themes/prahutheme/js/scripts-init/charts/chartjs.js:8:13
[    1077ms] Unexpected token '<'
[    1212ms] Unexpected token '<'
[    1315ms] Uncaught TypeError: expect element to be DOM Element, but got null
    at <anonymous> (https://cdnjs.cloudflare.com/ajax/libs/smooth-scrollbar/8.5.2/smooth-scrollbar.js:24:264)
    at <anonymous> (https://phbidlautdemo.prahu-hub.com/home/laporanowner:5479:14)
[    1343ms] [LOG] Laporannamanya @ https://phbidlautdemo.prahu-hub.com/home/laporanowner:2039
[    1362ms] [LOG] DD/MM/YYYY @ https://phbidlautdemo.prahu-hub.com/home/laporanowner:5832
[    1362ms] [LOG] DD/MM/YYYY @ https://phbidlautdemo.prahu-hub.com/home/laporanowner:5832
[    1362ms] [LOG] undefined @ https://phbidlautdemo.prahu-hub.com/home/laporanowner:5832
[    1364ms] [LOG] WebSocket connection @ https://phbidlautdemo.prahu-hub.com/home/laporanowner:5875
[    1364ms] [LOG] WebSocket connection attempting... @ https://phbidlautdemo.prahu-hub.com/home/laporanowner:5953
[    1509ms] [LOG] WebSocket connected @ https://phbidlautdemo.prahu-hub.com/home/laporanowner:5884
[    1515ms] [LOG] update_dashboard_order_laut @ https://phbidlautdemo.prahu-hub.com/home/laporanowner:5925
[    1539ms] [LOG] Connected @ https://phbidlautdemo.prahu-hub.com/home/laporanowner:5925
[    1630ms] [LOG] 200 xhrglobal @ https://phbidlautdemo.prahu-hub.com/home/laporanowner:5806
[    1680ms] [LOG] 200 xhrglobal @ https://phbidlautdemo.prahu-hub.com/home/laporanowner:5806
[    3354ms] TypeError: $(...).DataTable is not a function
    at https://phbidlautdemo.prahu-hub.com/_resources/themes/prahutheme/js/scripts-init/tables.js:7:23
[   21640ms] [LOG] 01/08/2026 @ https://phbidlautdemo.prahu-hub.com/home/laporanowner:5053
[   21640ms] [LOG] 30/08/2026 @ https://phbidlautdemo.prahu-hub.com/home/laporanowner:5054
[   22638ms] Cannot use import statement outside a module
[   22675ms] ReferenceError: Chart is not defined
    at https://phbidlautdemo.prahu-hub.com/_resources/themes/prahutheme/js/scripts-init/charts/chartjs.js:8:13
[   22744ms] Unexpected token '<'
[   22853ms] Unexpected token '<'
[   22943ms] Uncaught TypeError: expect element to be DOM Element, but got null
    at <anonymous> (https://cdnjs.cloudflare.com/ajax/libs/smooth-scrollbar/8.5.2/smooth-scrollbar.js:24:264)
    at <anonymous> (https://phbidlautdemo.prahu-hub.com/home/laporanowner?tgl_awal=01%2F08%2F2026&tgl_akhir=30%2F08%2F2026&status_filter=1&BidOwnerID=123:5610:14)
[   22985ms] [LOG] Laporannamanya @ https://phbidlautdemo.prahu-hub.com/home/laporanowner?tgl_awal=01%2F08%2F2026&tgl_akhir=30%2F08%2F2026&status_filter=1&BidOwnerID=123:2040
[   23026ms] [LOG] DD/MM/YYYY @ https://phbidlautdemo.prahu-hub.com/home/laporanowner?tgl_awal=01%2F08%2F2026&tgl_akhir=30%2F08%2F2026&status_filter=1&BidOwnerID=123:5963
[   23026ms] [LOG] DD/MM/YYYY @ https://phbidlautdemo.prahu-hub.com/home/laporanowner?tgl_awal=01%2F08%2F2026&tgl_akhir=30%2F08%2F2026&status_filter=1&BidOwnerID=123:5963
[   23027ms] [LOG] undefined @ https://phbidlautdemo.prahu-hub.com/home/laporanowner?tgl_awal=01%2F08%2F2026&tgl_akhir=30%2F08%2F2026&status_filter=1&BidOwnerID=123:5963
[   23027ms] [LOG] undefined @ https://phbidlautdemo.prahu-hub.com/home/laporanowner?tgl_awal=01%2F08%2F2026&tgl_akhir=30%2F08%2F2026&status_filter=1&BidOwnerID=123:5963
[   23032ms] [LOG] WebSocket connection @ https://phbidlautdemo.prahu-hub.com/home/laporanowner?tgl_awal=01%2F08%2F2026&tgl_akhir=30%2F08%2F2026&status_filter=1&BidOwnerID=123:6006
[   23032ms] [LOG] WebSocket connection attempting... @ https://phbidlautdemo.prahu-hub.com/home/laporanowner?tgl_awal=01%2F08%2F2026&tgl_akhir=30%2F08%2F2026&status_filter=1&BidOwnerID=123:6084
[   23121ms] [LOG] 200 xhrglobal @ https://phbidlautdemo.prahu-hub.com/home/laporanowner?tgl_awal=01%2F08%2F2026&tgl_akhir=30%2F08%2F2026&status_filter=1&BidOwnerID=123:5937
[   23308ms] [LOG] WebSocket connected @ https://phbidlautdemo.prahu-hub.com/home/laporanowner?tgl_awal=01%2F08%2F2026&tgl_akhir=30%2F08%2F2026&status_filter=1&BidOwnerID=123:6015
[   23313ms] [LOG] [Array(0)] shownya @ https://phbidlautdemo.prahu-hub.com/_resources/themes/prahutheme/javascript/custom/laporanowner.js?m=1787972929:651
[   23316ms] [LOG] 0 sdsad ff @ https://phbidlautdemo.prahu-hub.com/_resources/themes/prahutheme/javascript/custom/laporanowner.js?m=1787972929:588
[   23316ms] [LOG] 0 sdsad ff @ https://phbidlautdemo.prahu-hub.com/_resources/themes/prahutheme/javascript/custom/laporanowner.js?m=1787972929:588
[   23316ms] [LOG] aam 0 @ https://phbidlautdemo.prahu-hub.com/_resources/themes/prahutheme/javascript/custom/laporanowner.js?m=1787972929:664
[   23317ms] [LOG] 0 sdsad ff @ https://phbidlautdemo.prahu-hub.com/_resources/themes/prahutheme/javascript/custom/laporanowner.js?m=1787972929:588
[   23317ms] [LOG] undefined aamshow @ https://phbidlautdemo.prahu-hub.com/_resources/themes/prahutheme/javascript/custom/laporanowner.js?m=1787972929:665
[   23317ms] [LOG] 0 sdsad ff @ https://phbidlautdemo.prahu-hub.com/_resources/themes/prahutheme/javascript/custom/laporanowner.js?m=1787972929:588
[   23318ms] [LOG] [] @ https://phbidlautdemo.prahu-hub.com/_resources/themes/prahutheme/javascript/custom/laporanowner.js?m=1787972929:43
[   23319ms] [LOG] 0 sdsad ff @ https://phbidlautdemo.prahu-hub.com/_resources/themes/prahutheme/javascript/custom/laporanowner.js?m=1787972929:588
[   23321ms] [LOG] 200 xhrglobal @ https://phbidlautdemo.prahu-hub.com/home/laporanowner?tgl_awal=01%2F08%2F2026&tgl_akhir=30%2F08%2F2026&status_filter=1&BidOwnerID=123:5937
[   23322ms] [LOG] ce.fn.init stepItem @ https://phbidlautdemo.prahu-hub.com/_resources/themes/prahutheme/javascript/custom/laporanowner.js?m=1787972929:444
[   23328ms] [LOG] update_dashboard_order_laut @ https://phbidlautdemo.prahu-hub.com/home/laporanowner?tgl_awal=01%2F08%2F2026&tgl_akhir=30%2F08%2F2026&status_filter=1&BidOwnerID=123:6056
[   23341ms] [LOG] Connected @ https://phbidlautdemo.prahu-hub.com/home/laporanowner?tgl_awal=01%2F08%2F2026&tgl_akhir=30%2F08%2F2026&status_filter=1&BidOwnerID=123:6056
[   23421ms] [LOG] 200 xhrglobal @ https://phbidlautdemo.prahu-hub.com/home/laporanowner?tgl_awal=01%2F08%2F2026&tgl_akhir=30%2F08%2F2026&status_filter=1&BidOwnerID=123:5937
[   23482ms] [LOG] 200 xhrglobal @ https://phbidlautdemo.prahu-hub.com/home/laporanowner?tgl_awal=01%2F08%2F2026&tgl_akhir=30%2F08%2F2026&status_filter=1&BidOwnerID=123:5937
[   25000ms] TypeError: $(...).DataTable is not a function
    at https://phbidlautdemo.prahu-hub.com/_resources/themes/prahutheme/js/scripts-init/tables.js:7:23
