[    2188ms] Cannot use import statement outside a module
[    2217ms] ReferenceError: Chart is not defined
    at https://phbidlautdemo.prahu-hub.com/_resources/themes/prahutheme/js/scripts-init/charts/chartjs.js:8:13
[    2338ms] Unexpected token '<'
[    2447ms] Unexpected token '<'
[    2524ms] [LOG] Daftar Ordernamanya @ https://phbidlautdemo.prahu-hub.com/order/orderdetail/c0dGZmFWNUZYSFhnWlFSZkRzdXQwUT09:2039
[    2543ms] [LOG] undefined @ https://phbidlautdemo.prahu-hub.com/order/orderdetail/c0dGZmFWNUZYSFhnWlFSZkRzdXQwUT09:9131
[    2543ms] [LOG] undefined @ https://phbidlautdemo.prahu-hub.com/order/orderdetail/c0dGZmFWNUZYSFhnWlFSZkRzdXQwUT09:9131
[    2543ms] [LOG] undefined @ https://phbidlautdemo.prahu-hub.com/order/orderdetail/c0dGZmFWNUZYSFhnWlFSZkRzdXQwUT09:9131
[    2543ms] [LOG] undefined @ https://phbidlautdemo.prahu-hub.com/order/orderdetail/c0dGZmFWNUZYSFhnWlFSZkRzdXQwUT09:9131
[    2544ms] [LOG] WebSocket connection @ https://phbidlautdemo.prahu-hub.com/order/orderdetail/c0dGZmFWNUZYSFhnWlFSZkRzdXQwUT09:9174
[    2544ms] [LOG] WebSocket connection attempting... @ https://phbidlautdemo.prahu-hub.com/order/orderdetail/c0dGZmFWNUZYSFhnWlFSZkRzdXQwUT09:9252
[    2691ms] [LOG] WebSocket connected @ https://phbidlautdemo.prahu-hub.com/order/orderdetail/c0dGZmFWNUZYSFhnWlFSZkRzdXQwUT09:9183
[    2694ms] [LOG] update_dashboard_order_laut @ https://phbidlautdemo.prahu-hub.com/order/orderdetail/c0dGZmFWNUZYSFhnWlFSZkRzdXQwUT09:9224
[    2722ms] [LOG] Connected @ https://phbidlautdemo.prahu-hub.com/order/orderdetail/c0dGZmFWNUZYSFhnWlFSZkRzdXQwUT09:9224
[    2817ms] [LOG] 200 xhrglobal @ https://phbidlautdemo.prahu-hub.com/order/orderdetail/c0dGZmFWNUZYSFhnWlFSZkRzdXQwUT09:9105
[    2872ms] [LOG] 200 xhrglobal @ https://phbidlautdemo.prahu-hub.com/order/orderdetail/c0dGZmFWNUZYSFhnWlFSZkRzdXQwUT09:9105
[    4548ms] TypeError: $(...).DataTable is not a function
    at https://phbidlautdemo.prahu-hub.com/_resources/themes/prahutheme/js/scripts-init/tables.js:7:23
[    6284ms] [LOG] Connected @ https://phbidlautdemo.prahu-hub.com/order/orderdetail/c0dGZmFWNUZYSFhnWlFSZkRzdXQwUT09:9224
[   17345ms] [LOG] Connected @ https://phbidlautdemo.prahu-hub.com/order/orderdetail/c0dGZmFWNUZYSFhnWlFSZkRzdXQwUT09:9224
[   22714ms] [LOG] Connected @ https://phbidlautdemo.prahu-hub.com/order/orderdetail/c0dGZmFWNUZYSFhnWlFSZkRzdXQwUT09:9224
