[    2157ms] Cannot use import statement outside a module
[    2196ms] ReferenceError: Chart is not defined
    at https://phbidlautdemo.prahu-hub.com/_resources/themes/prahutheme/js/scripts-init/charts/chartjs.js:8:13
[    2197ms] Unexpected token '<'
[    2200ms] Unexpected token '<'
[    2302ms] Uncaught TypeError: expect element to be DOM Element, but got null
    at n.init (https://cdnjs.cloudflare.com/ajax/libs/smooth-scrollbar/8.5.2/smooth-scrollbar.js:24:264)
    at <anonymous> (https://phbidlautdemo.prahu-hub.com/adminprahu/masterDP:5360:14)
[    2348ms] [LOG] Masternamanya @ https://phbidlautdemo.prahu-hub.com/adminprahu/masterDP:2040
[    2359ms] [LOG] undefined @ https://phbidlautdemo.prahu-hub.com/adminprahu/masterDP:5713
[    2359ms] [LOG] Masukkan Nama Dokumen Penagihan @ https://phbidlautdemo.prahu-hub.com/adminprahu/masterDP:5713
[    2359ms] [LOG] undefined @ https://phbidlautdemo.prahu-hub.com/adminprahu/masterDP:5713
[    2359ms] [LOG] Masukkan Nama Dokumen Penagihan @ https://phbidlautdemo.prahu-hub.com/adminprahu/masterDP:5713
[    2360ms] [LOG] undefined @ https://phbidlautdemo.prahu-hub.com/adminprahu/masterDP:5713
[    2360ms] [LOG] WebSocket connection @ https://phbidlautdemo.prahu-hub.com/adminprahu/masterDP:5756
[    2361ms] [LOG] WebSocket connection attempting... @ https://phbidlautdemo.prahu-hub.com/adminprahu/masterDP:5834
[    2811ms] [LOG] WebSocket connected @ https://phbidlautdemo.prahu-hub.com/adminprahu/masterDP:5765
[    2820ms] [LOG] update_dashboard_order_laut @ https://phbidlautdemo.prahu-hub.com/adminprahu/masterDP:5806
[    2826ms] [LOG] [Object, Object, Object, Object, Object, Object, Object, Object, Object, Object, Object, Object] @ https://phbidlautdemo.prahu-hub.com/_resources/themes/prahutheme/javascript/custom/masterDP.js?m=1787972929:111
[    2832ms] [LOG] 12 @ https://phbidlautdemo.prahu-hub.com/_resources/themes/prahutheme/javascript/custom/masterDP.js?m=1787972929:749
[    2833ms] [LOG] 12 countView1 1 pageNow 20 limitView1 @ https://phbidlautdemo.prahu-hub.com/_resources/themes/prahutheme/javascript/custom/masterDP.js?m=1787972929:751
[    2833ms] [LOG] 12 @ https://phbidlautdemo.prahu-hub.com/_resources/themes/prahutheme/javascript/custom/masterDP.js?m=1787972929:757
[    2833ms] [LOG] 12 jumlah data @ https://phbidlautdemo.prahu-hub.com/_resources/themes/prahutheme/javascript/custom/masterDP.js?m=1787972929:726
[    2834ms] [LOG] 1 @ https://phbidlautdemo.prahu-hub.com/_resources/themes/prahutheme/javascript/custom/masterDP.js?m=1787972929:728
[    2834ms] [LOG] 1 1 pageCount & pageNow @ https://phbidlautdemo.prahu-hub.com/_resources/themes/prahutheme/javascript/custom/masterDP.js?m=1787972929:652
[    2835ms] [LOG] 200 xhrglobal @ https://phbidlautdemo.prahu-hub.com/adminprahu/masterDP:5687
[    2836ms] [LOG] ce.fn.init stepItem @ https://phbidlautdemo.prahu-hub.com/_resources/themes/prahutheme/javascript/custom/masterDP.js?m=1787972929:626
[    2872ms] [LOG] Connected @ https://phbidlautdemo.prahu-hub.com/adminprahu/masterDP:5806
[    3100ms] [LOG] 200 xhrglobal @ https://phbidlautdemo.prahu-hub.com/adminprahu/masterDP:5687
[    3104ms] [LOG] 200 xhrglobal @ https://phbidlautdemo.prahu-hub.com/adminprahu/masterDP:5687
[    4361ms] TypeError: $(...).DataTable is not a function
    at https://phbidlautdemo.prahu-hub.com/_resources/themes/prahutheme/js/scripts-init/tables.js:7:23
[    6449ms] [WARNING] SweetAlert2: Unknown parameter "confirmButtonClass" @ https://phbidlautdemo.prahu-hub.com/_resources/themes/prahutheme/js/sweetalert2.all.min.js:0
