[    2449ms] Cannot use import statement outside a module
[    2480ms] ReferenceError: Chart is not defined
    at https://phbidlautdemo.prahu-hub.com/_resources/themes/prahutheme/js/scripts-init/charts/chartjs.js:8:13
[    2482ms] Unexpected token '<'
[    2482ms] Unexpected token '<'
[    2595ms] Uncaught TypeError: expect element to be DOM Element, but got null
    at n.init (https://cdnjs.cloudflare.com/ajax/libs/smooth-scrollbar/8.5.2/smooth-scrollbar.js:24:264)
    at <anonymous> (https://phbidlautdemo.prahu-hub.com/adminprahu/pelayaran:5220:14)
[    2642ms] [LOG] Masternamanya @ https://phbidlautdemo.prahu-hub.com/adminprahu/pelayaran:2040
[    2652ms] [LOG] undefined @ https://phbidlautdemo.prahu-hub.com/adminprahu/pelayaran:5573
[    2652ms] [LOG] Masukkan Nama Pelayaran @ https://phbidlautdemo.prahu-hub.com/adminprahu/pelayaran:5573
[    2653ms] [LOG] WebSocket connection @ https://phbidlautdemo.prahu-hub.com/adminprahu/pelayaran:5616
[    2653ms] [LOG] WebSocket connection attempting... @ https://phbidlautdemo.prahu-hub.com/adminprahu/pelayaran:5694
[    2814ms] [LOG] WebSocket connected @ https://phbidlautdemo.prahu-hub.com/adminprahu/pelayaran:5625
[    2824ms] [LOG] update_dashboard_order_laut @ https://phbidlautdemo.prahu-hub.com/adminprahu/pelayaran:5666
[    2848ms] [LOG] Connected @ https://phbidlautdemo.prahu-hub.com/adminprahu/pelayaran:5666
[    2960ms] [LOG] [Object, Object, Object, Object, Object, Object, Object, Object, Object, Object, Object, Object, Object, Object, Object, Object, Object, Object, Object, Object] @ https://phbidlautdemo.prahu-hub.com/_resources/themes/prahutheme/javascript/custom/pelayaran.js?m=1787972929:115
[    2967ms] [LOG] 24 @ https://phbidlautdemo.prahu-hub.com/_resources/themes/prahutheme/javascript/custom/pelayaran.js?m=1787972929:693
[    2967ms] [LOG] 24 countView1 1 pageNow 20 limitView1 @ https://phbidlautdemo.prahu-hub.com/_resources/themes/prahutheme/javascript/custom/pelayaran.js?m=1787972929:695
[    2967ms] [LOG] 20 @ https://phbidlautdemo.prahu-hub.com/_resources/themes/prahutheme/javascript/custom/pelayaran.js?m=1787972929:701
[    2967ms] [LOG] 24 jumlah data @ https://phbidlautdemo.prahu-hub.com/_resources/themes/prahutheme/javascript/custom/pelayaran.js?m=1787972929:658
[    2967ms] [LOG] 2 @ https://phbidlautdemo.prahu-hub.com/_resources/themes/prahutheme/javascript/custom/pelayaran.js?m=1787972929:660
[    2968ms] [LOG] 2 1 pageCount & pageNow @ https://phbidlautdemo.prahu-hub.com/_resources/themes/prahutheme/javascript/custom/pelayaran.js?m=1787972929:584
[    2969ms] [LOG] 200 xhrglobal @ https://phbidlautdemo.prahu-hub.com/adminprahu/pelayaran:5547
[    2974ms] [LOG] ce.fn.init stepItem @ https://phbidlautdemo.prahu-hub.com/_resources/themes/prahutheme/javascript/custom/pelayaran.js?m=1787972929:558
[    3095ms] [LOG] 200 xhrglobal @ https://phbidlautdemo.prahu-hub.com/adminprahu/pelayaran:5547
[    3149ms] [LOG] 200 xhrglobal @ https://phbidlautdemo.prahu-hub.com/adminprahu/pelayaran:5547
[    4653ms] TypeError: $(...).DataTable is not a function
    at https://phbidlautdemo.prahu-hub.com/_resources/themes/prahutheme/js/scripts-init/tables.js:7:23
[    6634ms] [WARNING] SweetAlert2: Unknown parameter "confirmButtonClass" @ https://phbidlautdemo.prahu-hub.com/_resources/themes/prahutheme/js/sweetalert2.all.min.js:0
[    6653ms] [LOG] 200 xhrglobal @ https://phbidlautdemo.prahu-hub.com/adminprahu/pelayaran:5547
