[    2305ms] Cannot use import statement outside a module
[    2321ms] ReferenceError: Chart is not defined
    at https://phbidlautdemo.prahu-hub.com/_resources/themes/prahutheme/js/scripts-init/charts/chartjs.js:8:13
[    2862ms] Unexpected token '<'
[    3440ms] Unexpected token '<'
[    3471ms] Uncaught TypeError: expect element to be DOM Element, but got null
    at n.init (https://cdnjs.cloudflare.com/ajax/libs/smooth-scrollbar/8.5.2/smooth-scrollbar.js:24:264)
    at <anonymous> (https://phbidlautdemo.prahu-hub.com/order/buatinvoice/1451:6612:14)
[    3493ms] [LOG] Daftar Ordernamanya @ https://phbidlautdemo.prahu-hub.com/order/buatinvoice/1451:2039
[    3540ms] [LOG] nilai_diskon 0 @ https://phbidlautdemo.prahu-hub.com/order/buatinvoice/1451:5760
[    3540ms] [LOG] 416220 @ https://phbidlautdemo.prahu-hub.com/order/buatinvoice/1451:5761
[    3541ms] [LOG] nilai_diskon 0 @ https://phbidlautdemo.prahu-hub.com/order/buatinvoice/1451:5760
[    3541ms] [LOG] 416220 @ https://phbidlautdemo.prahu-hub.com/order/buatinvoice/1451:5761
[    3542ms] [LOG] nilai_diskon 0 @ https://phbidlautdemo.prahu-hub.com/order/buatinvoice/1451:5760
[    3542ms] [LOG] 416220 @ https://phbidlautdemo.prahu-hub.com/order/buatinvoice/1451:5761
[    3542ms] [LOG] nilai_diskon 0 @ https://phbidlautdemo.prahu-hub.com/order/buatinvoice/1451:5760
[    3542ms] [LOG] 416220 @ https://phbidlautdemo.prahu-hub.com/order/buatinvoice/1451:5761
[    3551ms] [LOG] undefined @ https://phbidlautdemo.prahu-hub.com/order/buatinvoice/1451:6965
[    3551ms] [LOG] undefined @ https://phbidlautdemo.prahu-hub.com/order/buatinvoice/1451:6965
[    3551ms] [LOG] undefined @ https://phbidlautdemo.prahu-hub.com/order/buatinvoice/1451:6965
[    3551ms] [LOG] Masukkan Nama Perusahaan @ https://phbidlautdemo.prahu-hub.com/order/buatinvoice/1451:6965
[    3551ms] [LOG] Masukkan Nomor Telepon @ https://phbidlautdemo.prahu-hub.com/order/buatinvoice/1451:6965
[    3551ms] [LOG] Masukkan Alamat Email @ https://phbidlautdemo.prahu-hub.com/order/buatinvoice/1451:6965
[    3551ms] [LOG] Masukkan Nama Shipper @ https://phbidlautdemo.prahu-hub.com/order/buatinvoice/1451:6965
[    3551ms] [LOG] Masukkan ID Order @ https://phbidlautdemo.prahu-hub.com/order/buatinvoice/1451:6965
[    3551ms] [LOG] Masukkan Nomor Invoice @ https://phbidlautdemo.prahu-hub.com/order/buatinvoice/1451:6965
[    3552ms] [LOG] DD/MM/YYYY @ https://phbidlautdemo.prahu-hub.com/order/buatinvoice/1451:6965
[    3552ms] [LOG] DD/MM/YYYY @ https://phbidlautdemo.prahu-hub.com/order/buatinvoice/1451:6965
[    3552ms] [LOG] Harga @ https://phbidlautdemo.prahu-hub.com/order/buatinvoice/1451:6965
[    3552ms] [LOG] Harga @ https://phbidlautdemo.prahu-hub.com/order/buatinvoice/1451:6965
[    3552ms] [LOG] 0 @ https://phbidlautdemo.prahu-hub.com/order/buatinvoice/1451:6965
[    3552ms] [LOG] undefined @ https://phbidlautdemo.prahu-hub.com/order/buatinvoice/1451:6965
[    3552ms] [LOG] 0 @ https://phbidlautdemo.prahu-hub.com/order/buatinvoice/1451:6965
[    3552ms] [LOG] undefined @ https://phbidlautdemo.prahu-hub.com/order/buatinvoice/1451:6965
[    3553ms] [LOG] 0 @ https://phbidlautdemo.prahu-hub.com/order/buatinvoice/1451:6965
[    3553ms] [LOG] undefined @ https://phbidlautdemo.prahu-hub.com/order/buatinvoice/1451:6965
[    3553ms] [LOG] undefined @ https://phbidlautdemo.prahu-hub.com/order/buatinvoice/1451:6965
[    3553ms] [LOG] Masukkan Nomor Rekening @ https://phbidlautdemo.prahu-hub.com/order/buatinvoice/1451:6965
[    3553ms] [LOG] Masukkan Nama Bank @ https://phbidlautdemo.prahu-hub.com/order/buatinvoice/1451:6965
[    3553ms] [LOG] Masukkan Nomor Invoice @ https://phbidlautdemo.prahu-hub.com/order/buatinvoice/1451:6965
[    3553ms] [LOG] Masukkan Nomor Rekening @ https://phbidlautdemo.prahu-hub.com/order/buatinvoice/1451:6965
[    3553ms] [LOG] Masukkan Nama Bank @ https://phbidlautdemo.prahu-hub.com/order/buatinvoice/1451:6965
[    3553ms] [LOG] Masukkan Nomor Invoice @ https://phbidlautdemo.prahu-hub.com/order/buatinvoice/1451:6965
[    3553ms] [LOG] undefined @ https://phbidlautdemo.prahu-hub.com/order/buatinvoice/1451:6965
[    3553ms] [LOG] undefined @ https://phbidlautdemo.prahu-hub.com/order/buatinvoice/1451:6965
[    3553ms] [LOG] undefined @ https://phbidlautdemo.prahu-hub.com/order/buatinvoice/1451:6965
[    3554ms] [LOG] WebSocket connection @ https://phbidlautdemo.prahu-hub.com/order/buatinvoice/1451:7008
[    3555ms] [LOG] WebSocket connection attempting... @ https://phbidlautdemo.prahu-hub.com/order/buatinvoice/1451:7086
[    4553ms] [LOG] WebSocket connected @ https://phbidlautdemo.prahu-hub.com/order/buatinvoice/1451:7017
[    4555ms] [LOG] update_dashboard_order_laut @ https://phbidlautdemo.prahu-hub.com/order/buatinvoice/1451:7058
[    4883ms] [LOG] Connected @ https://phbidlautdemo.prahu-hub.com/order/buatinvoice/1451:7058
[    4941ms] [LOG] 200 xhrglobal @ https://phbidlautdemo.prahu-hub.com/order/buatinvoice/1451:6939
[    4999ms] [LOG] 200 xhrglobal @ https://phbidlautdemo.prahu-hub.com/order/buatinvoice/1451:6939
[    5514ms] TypeError: $(...).DataTable is not a function
    at https://phbidlautdemo.prahu-hub.com/_resources/themes/prahutheme/js/scripts-init/tables.js:7:23
[    5939ms] [LOG] Connected @ https://phbidlautdemo.prahu-hub.com/order/buatinvoice/1451:7058
[    6364ms] [LOG] Connected @ https://phbidlautdemo.prahu-hub.com/order/buatinvoice/1451:7058
