[    1294ms] Cannot use import statement outside a module
[    1334ms] ReferenceError: Chart is not defined
    at https://phbidlautdemo.prahu-hub.com/_resources/themes/prahutheme/js/scripts-init/charts/chartjs.js:8:13
[    1335ms] Unexpected token '<'
[    1368ms] Unexpected token '<'
[    1478ms] Uncaught TypeError: expect element to be DOM Element, but got null
    at n.init (https://cdnjs.cloudflare.com/ajax/libs/smooth-scrollbar/8.5.2/smooth-scrollbar.js:24:264)
    at <anonymous> (https://phbidlautdemo.prahu-hub.com/home/masterjadwal1/cWpYWHBKb3RXWGFZb0RsUURoVlp4Zz09:6042:14)
[    1548ms] [LOG] Harganamanya @ https://phbidlautdemo.prahu-hub.com/home/masterjadwal1/cWpYWHBKb3RXWGFZb0RsUURoVlp4Zz09:2040
[    1634ms] [LOG] undefined @ https://phbidlautdemo.prahu-hub.com/home/masterjadwal1/cWpYWHBKb3RXWGFZb0RsUURoVlp4Zz09:6395
[    1635ms] [LOG] DD/MM/YYYY @ https://phbidlautdemo.prahu-hub.com/home/masterjadwal1/cWpYWHBKb3RXWGFZb0RsUURoVlp4Zz09:6395
[    1640ms] [LOG] undefined @ https://phbidlautdemo.prahu-hub.com/home/masterjadwal1/cWpYWHBKb3RXWGFZb0RsUURoVlp4Zz09:6395
[    1640ms] [LOG] Masukkan Nama Kapal @ https://phbidlautdemo.prahu-hub.com/home/masterjadwal1/cWpYWHBKb3RXWGFZb0RsUURoVlp4Zz09:6395
[    1640ms] [LOG] Masukkan Voyage @ https://phbidlautdemo.prahu-hub.com/home/masterjadwal1/cWpYWHBKb3RXWGFZb0RsUURoVlp4Zz09:6395
[    1640ms] [LOG] DD/MM/YYYY hh:mm @ https://phbidlautdemo.prahu-hub.com/home/masterjadwal1/cWpYWHBKb3RXWGFZb0RsUURoVlp4Zz09:6395
[    1640ms] [LOG] undefined @ https://phbidlautdemo.prahu-hub.com/home/masterjadwal1/cWpYWHBKb3RXWGFZb0RsUURoVlp4Zz09:6395
[    1641ms] [LOG] DD/MM/YYYY @ https://phbidlautdemo.prahu-hub.com/home/masterjadwal1/cWpYWHBKb3RXWGFZb0RsUURoVlp4Zz09:6395
[    1642ms] [LOG] undefined @ https://phbidlautdemo.prahu-hub.com/home/masterjadwal1/cWpYWHBKb3RXWGFZb0RsUURoVlp4Zz09:6395
[    1644ms] [LOG] DD/MM/YYYY @ https://phbidlautdemo.prahu-hub.com/home/masterjadwal1/cWpYWHBKb3RXWGFZb0RsUURoVlp4Zz09:6395
[    1647ms] [LOG] undefined @ https://phbidlautdemo.prahu-hub.com/home/masterjadwal1/cWpYWHBKb3RXWGFZb0RsUURoVlp4Zz09:6395
[    1648ms] [LOG] undefined @ https://phbidlautdemo.prahu-hub.com/home/masterjadwal1/cWpYWHBKb3RXWGFZb0RsUURoVlp4Zz09:6395
[    1648ms] [LOG] undefined @ https://phbidlautdemo.prahu-hub.com/home/masterjadwal1/cWpYWHBKb3RXWGFZb0RsUURoVlp4Zz09:6395
[    1648ms] [LOG] undefined @ https://phbidlautdemo.prahu-hub.com/home/masterjadwal1/cWpYWHBKb3RXWGFZb0RsUURoVlp4Zz09:6395
[    1648ms] [LOG] undefined @ https://phbidlautdemo.prahu-hub.com/home/masterjadwal1/cWpYWHBKb3RXWGFZb0RsUURoVlp4Zz09:6395
[    1651ms] [LOG] WebSocket connection @ https://phbidlautdemo.prahu-hub.com/home/masterjadwal1/cWpYWHBKb3RXWGFZb0RsUURoVlp4Zz09:6438
[    1651ms] [LOG] WebSocket connection attempting... @ https://phbidlautdemo.prahu-hub.com/home/masterjadwal1/cWpYWHBKb3RXWGFZb0RsUURoVlp4Zz09:6516
[    1734ms] [LOG] [Object, Object, Object] @ https://phbidlautdemo.prahu-hub.com/_resources/themes/prahutheme/javascript/custom/lihatjadwal.js?m=1787972929:14
[    1739ms] [LOG] 3 @ https://phbidlautdemo.prahu-hub.com/_resources/themes/prahutheme/javascript/custom/lihatjadwal.js?m=1787972929:506
[    1739ms] [LOG] 3 countView1 1 pageNow 20 limitView1 @ https://phbidlautdemo.prahu-hub.com/_resources/themes/prahutheme/javascript/custom/lihatjadwal.js?m=1787972929:508
[    1739ms] [LOG] 3 @ https://phbidlautdemo.prahu-hub.com/_resources/themes/prahutheme/javascript/custom/lihatjadwal.js?m=1787972929:514
[    1740ms] [LOG] 3 jumlah data @ https://phbidlautdemo.prahu-hub.com/_resources/themes/prahutheme/javascript/custom/lihatjadwal.js?m=1787972929:481
[    1740ms] [LOG] 1 @ https://phbidlautdemo.prahu-hub.com/_resources/themes/prahutheme/javascript/custom/lihatjadwal.js?m=1787972929:483
[    1741ms] [LOG] 1 1 pageCount & pageNow @ https://phbidlautdemo.prahu-hub.com/_resources/themes/prahutheme/javascript/custom/lihatjadwal.js?m=1787972929:406
[    1744ms] [LOG] 200 xhrglobal @ https://phbidlautdemo.prahu-hub.com/home/masterjadwal1/cWpYWHBKb3RXWGFZb0RsUURoVlp4Zz09:6369
[    1912ms] [LOG] WebSocket connected @ https://phbidlautdemo.prahu-hub.com/home/masterjadwal1/cWpYWHBKb3RXWGFZb0RsUURoVlp4Zz09:6447
[    1922ms] [LOG] update_dashboard_order_laut @ https://phbidlautdemo.prahu-hub.com/home/masterjadwal1/cWpYWHBKb3RXWGFZb0RsUURoVlp4Zz09:6488
[    1944ms] [LOG] Connected @ https://phbidlautdemo.prahu-hub.com/home/masterjadwal1/cWpYWHBKb3RXWGFZb0RsUURoVlp4Zz09:6488
[    2030ms] [LOG] 200 xhrglobal @ https://phbidlautdemo.prahu-hub.com/home/masterjadwal1/cWpYWHBKb3RXWGFZb0RsUURoVlp4Zz09:6369
[    2090ms] [LOG] 200 xhrglobal @ https://phbidlautdemo.prahu-hub.com/home/masterjadwal1/cWpYWHBKb3RXWGFZb0RsUURoVlp4Zz09:6369
[    3630ms] TypeError: $(...).DataTable is not a function
    at https://phbidlautdemo.prahu-hub.com/_resources/themes/prahutheme/js/scripts-init/tables.js:7:23
