[    1128ms] Cannot use import statement outside a module
[    1171ms] ReferenceError: Chart is not defined
    at https://phbidlautdemo.prahu-hub.com/_resources/themes/prahutheme/js/scripts-init/charts/chartjs.js:8:13
[    1251ms] Unexpected token '<'
[    1445ms] Unexpected token '<'
[    1539ms] Uncaught TypeError: expect element to be DOM Element, but got null
    at n.init (https://cdnjs.cloudflare.com/ajax/libs/smooth-scrollbar/8.5.2/smooth-scrollbar.js:24:264)
    at <anonymous> (https://phbidlautdemo.prahu-hub.com/home/masterjadwal1/d3dnSEtvQlRXZXB0bWpuZnBQNE96Zz09:5755:14)
[    1563ms] [LOG] Harganamanya @ https://phbidlautdemo.prahu-hub.com/home/masterjadwal1/d3dnSEtvQlRXZXB0bWpuZnBQNE96Zz09:1756
[    1574ms] [LOG] undefined @ https://phbidlautdemo.prahu-hub.com/home/masterjadwal1/d3dnSEtvQlRXZXB0bWpuZnBQNE96Zz09:6108
[    1574ms] [LOG] DD/MM/YYYY @ https://phbidlautdemo.prahu-hub.com/home/masterjadwal1/d3dnSEtvQlRXZXB0bWpuZnBQNE96Zz09:6108
[    1575ms] [LOG] undefined @ https://phbidlautdemo.prahu-hub.com/home/masterjadwal1/d3dnSEtvQlRXZXB0bWpuZnBQNE96Zz09:6108
[    1575ms] [LOG] Masukkan Nama Kapal @ https://phbidlautdemo.prahu-hub.com/home/masterjadwal1/d3dnSEtvQlRXZXB0bWpuZnBQNE96Zz09:6108
[    1576ms] [LOG] Masukkan Voyage @ https://phbidlautdemo.prahu-hub.com/home/masterjadwal1/d3dnSEtvQlRXZXB0bWpuZnBQNE96Zz09:6108
[    1576ms] [LOG] DD/MM/YYYY hh:mm @ https://phbidlautdemo.prahu-hub.com/home/masterjadwal1/d3dnSEtvQlRXZXB0bWpuZnBQNE96Zz09:6108
[    1576ms] [LOG] undefined @ https://phbidlautdemo.prahu-hub.com/home/masterjadwal1/d3dnSEtvQlRXZXB0bWpuZnBQNE96Zz09:6108
[    1576ms] [LOG] DD/MM/YYYY @ https://phbidlautdemo.prahu-hub.com/home/masterjadwal1/d3dnSEtvQlRXZXB0bWpuZnBQNE96Zz09:6108
[    1577ms] [LOG] undefined @ https://phbidlautdemo.prahu-hub.com/home/masterjadwal1/d3dnSEtvQlRXZXB0bWpuZnBQNE96Zz09:6108
[    1577ms] [LOG] DD/MM/YYYY @ https://phbidlautdemo.prahu-hub.com/home/masterjadwal1/d3dnSEtvQlRXZXB0bWpuZnBQNE96Zz09:6108
[    1578ms] [LOG] undefined @ https://phbidlautdemo.prahu-hub.com/home/masterjadwal1/d3dnSEtvQlRXZXB0bWpuZnBQNE96Zz09:6108
[    1579ms] [LOG] undefined @ https://phbidlautdemo.prahu-hub.com/home/masterjadwal1/d3dnSEtvQlRXZXB0bWpuZnBQNE96Zz09:6108
[    1579ms] [LOG] undefined @ https://phbidlautdemo.prahu-hub.com/home/masterjadwal1/d3dnSEtvQlRXZXB0bWpuZnBQNE96Zz09:6108
[    1579ms] [LOG] undefined @ https://phbidlautdemo.prahu-hub.com/home/masterjadwal1/d3dnSEtvQlRXZXB0bWpuZnBQNE96Zz09:6108
[    1579ms] [LOG] undefined @ https://phbidlautdemo.prahu-hub.com/home/masterjadwal1/d3dnSEtvQlRXZXB0bWpuZnBQNE96Zz09:6108
[    1581ms] [LOG] WebSocket connection @ https://phbidlautdemo.prahu-hub.com/home/masterjadwal1/d3dnSEtvQlRXZXB0bWpuZnBQNE96Zz09:6151
[    1581ms] [LOG] WebSocket connection attempting... @ https://phbidlautdemo.prahu-hub.com/home/masterjadwal1/d3dnSEtvQlRXZXB0bWpuZnBQNE96Zz09:6229
[    1879ms] [LOG] [Object] @ https://phbidlautdemo.prahu-hub.com/_resources/themes/prahutheme/javascript/custom/lihatjadwal.js?m=1787972929:14
[    1881ms] [LOG] 1 @ https://phbidlautdemo.prahu-hub.com/_resources/themes/prahutheme/javascript/custom/lihatjadwal.js?m=1787972929:506
[    1881ms] [LOG] 1 countView1 1 pageNow 20 limitView1 @ https://phbidlautdemo.prahu-hub.com/_resources/themes/prahutheme/javascript/custom/lihatjadwal.js?m=1787972929:508
[    1881ms] [LOG] 1 @ https://phbidlautdemo.prahu-hub.com/_resources/themes/prahutheme/javascript/custom/lihatjadwal.js?m=1787972929:514
[    1881ms] [LOG] 1 jumlah data @ https://phbidlautdemo.prahu-hub.com/_resources/themes/prahutheme/javascript/custom/lihatjadwal.js?m=1787972929:481
[    1882ms] [LOG] 1 @ https://phbidlautdemo.prahu-hub.com/_resources/themes/prahutheme/javascript/custom/lihatjadwal.js?m=1787972929:483
[    1882ms] [LOG] 1 1 pageCount & pageNow @ https://phbidlautdemo.prahu-hub.com/_resources/themes/prahutheme/javascript/custom/lihatjadwal.js?m=1787972929:406
[    1884ms] [LOG] 200 xhrglobal @ https://phbidlautdemo.prahu-hub.com/home/masterjadwal1/d3dnSEtvQlRXZXB0bWpuZnBQNE96Zz09:6082
[    1944ms] [LOG] WebSocket connected @ https://phbidlautdemo.prahu-hub.com/home/masterjadwal1/d3dnSEtvQlRXZXB0bWpuZnBQNE96Zz09:6160
[    1948ms] [LOG] update_dashboard_order_laut @ https://phbidlautdemo.prahu-hub.com/home/masterjadwal1/d3dnSEtvQlRXZXB0bWpuZnBQNE96Zz09:6201
[    2112ms] [LOG] Connected @ https://phbidlautdemo.prahu-hub.com/home/masterjadwal1/d3dnSEtvQlRXZXB0bWpuZnBQNE96Zz09:6201
[    2136ms] [LOG] 200 xhrglobal @ https://phbidlautdemo.prahu-hub.com/home/masterjadwal1/d3dnSEtvQlRXZXB0bWpuZnBQNE96Zz09:6082
[    2266ms] [LOG] 200 xhrglobal @ https://phbidlautdemo.prahu-hub.com/home/masterjadwal1/d3dnSEtvQlRXZXB0bWpuZnBQNE96Zz09:6082
[    3574ms] TypeError: $(...).DataTable is not a function
    at https://phbidlautdemo.prahu-hub.com/_resources/themes/prahutheme/js/scripts-init/tables.js:7:23
[  127092ms] [LOG] WebSocket closed @ https://phbidlautdemo.prahu-hub.com/home/masterjadwal1/d3dnSEtvQlRXZXB0bWpuZnBQNE96Zz09:6154
[  127093ms] [LOG] Reconnecting in 2 seconds... @ https://phbidlautdemo.prahu-hub.com/home/masterjadwal1/d3dnSEtvQlRXZXB0bWpuZnBQNE96Zz09:6238
[  129096ms] [LOG] WebSocket connection @ https://phbidlautdemo.prahu-hub.com/home/masterjadwal1/d3dnSEtvQlRXZXB0bWpuZnBQNE96Zz09:6151
[  129097ms] [LOG] WebSocket connection attempting... @ https://phbidlautdemo.prahu-hub.com/home/masterjadwal1/d3dnSEtvQlRXZXB0bWpuZnBQNE96Zz09:6229
[  129219ms] [LOG] WebSocket connected @ https://phbidlautdemo.prahu-hub.com/home/masterjadwal1/d3dnSEtvQlRXZXB0bWpuZnBQNE96Zz09:6160
[  129225ms] [LOG] update_dashboard_order_laut @ https://phbidlautdemo.prahu-hub.com/home/masterjadwal1/d3dnSEtvQlRXZXB0bWpuZnBQNE96Zz09:6201
[  129254ms] [LOG] Connected @ https://phbidlautdemo.prahu-hub.com/home/masterjadwal1/d3dnSEtvQlRXZXB0bWpuZnBQNE96Zz09:6201
[  129477ms] [LOG] 200 xhrglobal @ https://phbidlautdemo.prahu-hub.com/home/masterjadwal1/d3dnSEtvQlRXZXB0bWpuZnBQNE96Zz09:6082
[  129553ms] [LOG] 200 xhrglobal @ https://phbidlautdemo.prahu-hub.com/home/masterjadwal1/d3dnSEtvQlRXZXB0bWpuZnBQNE96Zz09:6082
[  254269ms] [LOG] WebSocket closed @ https://phbidlautdemo.prahu-hub.com/home/masterjadwal1/d3dnSEtvQlRXZXB0bWpuZnBQNE96Zz09:6154
[  254270ms] [LOG] Reconnecting in 4 seconds... @ https://phbidlautdemo.prahu-hub.com/home/masterjadwal1/d3dnSEtvQlRXZXB0bWpuZnBQNE96Zz09:6238
[  258271ms] [LOG] WebSocket connection @ https://phbidlautdemo.prahu-hub.com/home/masterjadwal1/d3dnSEtvQlRXZXB0bWpuZnBQNE96Zz09:6151
[  258272ms] [LOG] WebSocket connection attempting... @ https://phbidlautdemo.prahu-hub.com/home/masterjadwal1/d3dnSEtvQlRXZXB0bWpuZnBQNE96Zz09:6229
[  258428ms] [LOG] WebSocket connected @ https://phbidlautdemo.prahu-hub.com/home/masterjadwal1/d3dnSEtvQlRXZXB0bWpuZnBQNE96Zz09:6160
[  258433ms] [LOG] update_dashboard_order_laut @ https://phbidlautdemo.prahu-hub.com/home/masterjadwal1/d3dnSEtvQlRXZXB0bWpuZnBQNE96Zz09:6201
[  258442ms] [LOG] Connected @ https://phbidlautdemo.prahu-hub.com/home/masterjadwal1/d3dnSEtvQlRXZXB0bWpuZnBQNE96Zz09:6201
[  258462ms] [LOG] Connected @ https://phbidlautdemo.prahu-hub.com/home/masterjadwal1/d3dnSEtvQlRXZXB0bWpuZnBQNE96Zz09:6201
[  258661ms] [LOG] 200 xhrglobal @ https://phbidlautdemo.prahu-hub.com/home/masterjadwal1/d3dnSEtvQlRXZXB0bWpuZnBQNE96Zz09:6082
[  258747ms] [LOG] 200 xhrglobal @ https://phbidlautdemo.prahu-hub.com/home/masterjadwal1/d3dnSEtvQlRXZXB0bWpuZnBQNE96Zz09:6082
[  258879ms] [LOG] Connected @ https://phbidlautdemo.prahu-hub.com/home/masterjadwal1/d3dnSEtvQlRXZXB0bWpuZnBQNE96Zz09:6201
