[    1330ms] Cannot use import statement outside a module
[    1372ms] ReferenceError: Chart is not defined
    at https://phbidlautdemo.prahu-hub.com/_resources/themes/prahutheme/js/scripts-init/charts/chartjs.js:8:13
[    1447ms] Unexpected token '<'
[    1447ms] Unexpected token '<'
[    1515ms] Uncaught TypeError: expect element to be DOM Element, but got null
    at n.init (https://cdnjs.cloudflare.com/ajax/libs/smooth-scrollbar/8.5.2/smooth-scrollbar.js:24:264)
    at <anonymous> (https://phbidlautdemo.prahu-hub.com/adminprahu/masterkemasan:5368:14)
[    1559ms] [LOG] Masternamanya @ https://phbidlautdemo.prahu-hub.com/adminprahu/masterkemasan:2040
[    1570ms] [LOG] undefined @ https://phbidlautdemo.prahu-hub.com/adminprahu/masterkemasan:5721
[    1570ms] [LOG] Masukkan Nama Kemasan @ https://phbidlautdemo.prahu-hub.com/adminprahu/masterkemasan:5721
[    1570ms] [LOG] undefined @ https://phbidlautdemo.prahu-hub.com/adminprahu/masterkemasan:5721
[    1570ms] [LOG] Masukkan Nama Kemasan @ https://phbidlautdemo.prahu-hub.com/adminprahu/masterkemasan:5721
[    1570ms] [LOG] undefined @ https://phbidlautdemo.prahu-hub.com/adminprahu/masterkemasan:5721
[    1572ms] [LOG] WebSocket connection @ https://phbidlautdemo.prahu-hub.com/adminprahu/masterkemasan:5764
[    1573ms] [LOG] WebSocket connection attempting... @ https://phbidlautdemo.prahu-hub.com/adminprahu/masterkemasan:5842
[    1779ms] [LOG] WebSocket connected @ https://phbidlautdemo.prahu-hub.com/adminprahu/masterkemasan:5773
[    1782ms] [LOG] update_dashboard_order_laut @ https://phbidlautdemo.prahu-hub.com/adminprahu/masterkemasan:5814
[    1817ms] [LOG] Connected @ https://phbidlautdemo.prahu-hub.com/adminprahu/masterkemasan:5814
[    2286ms] [LOG] [Object, Object, Object, Object, Object, Object, Object, Object, Object, Object, Object, Object, Object, Object, Object, Object, Object, Object, Object, Object] @ https://phbidlautdemo.prahu-hub.com/_resources/themes/prahutheme/javascript/custom/masterkemasan.js?m=1787972929:117
[    2297ms] [LOG] 21 @ https://phbidlautdemo.prahu-hub.com/_resources/themes/prahutheme/javascript/custom/masterkemasan.js?m=1787972929:789
[    2297ms] [LOG] 21 countView1 1 pageNow 20 limitView1 @ https://phbidlautdemo.prahu-hub.com/_resources/themes/prahutheme/javascript/custom/masterkemasan.js?m=1787972929:791
[    2298ms] [LOG] 20 @ https://phbidlautdemo.prahu-hub.com/_resources/themes/prahutheme/javascript/custom/masterkemasan.js?m=1787972929:802
[    2299ms] [LOG] 21 jumlah data @ https://phbidlautdemo.prahu-hub.com/_resources/themes/prahutheme/javascript/custom/masterkemasan.js?m=1787972929:748
[    2299ms] [LOG] 2 @ https://phbidlautdemo.prahu-hub.com/_resources/themes/prahutheme/javascript/custom/masterkemasan.js?m=1787972929:750
[    2301ms] [LOG] 2 1 pageCount & pageNow @ https://phbidlautdemo.prahu-hub.com/_resources/themes/prahutheme/javascript/custom/masterkemasan.js?m=1787972929:676
[    2303ms] [LOG] 200 xhrglobal @ https://phbidlautdemo.prahu-hub.com/adminprahu/masterkemasan:5695
[    2305ms] [LOG] ce.fn.init stepItem @ https://phbidlautdemo.prahu-hub.com/_resources/themes/prahutheme/javascript/custom/masterkemasan.js?m=1787972929:645
[    2930ms] [LOG] 200 xhrglobal @ https://phbidlautdemo.prahu-hub.com/adminprahu/masterkemasan:5695
[    3114ms] [LOG] 200 xhrglobal @ https://phbidlautdemo.prahu-hub.com/adminprahu/masterkemasan:5695
[    3571ms] TypeError: $(...).DataTable is not a function
    at https://phbidlautdemo.prahu-hub.com/_resources/themes/prahutheme/js/scripts-init/tables.js:7:23
