[    1322ms] Cannot use import statement outside a module
[    1370ms] ReferenceError: Chart is not defined
    at https://phbidlautdemo.prahu-hub.com/_resources/themes/prahutheme/js/scripts-init/charts/chartjs.js:8:13
[    1421ms] Unexpected token '<'
[    1546ms] Unexpected token '<'
[    1725ms] Uncaught TypeError: expect element to be DOM Element, but got null
    at <anonymous> (https://cdnjs.cloudflare.com/ajax/libs/smooth-scrollbar/8.5.2/smooth-scrollbar.js:24:264)
    at <anonymous> (https://phbidlautdemo.prahu-hub.com/lelang/carirute/?from=search&id_user=VnVIdDB5ZmFLVndiUi9YMURaUWVsUT09&lelang=aksrcng2ZXQyRFVxa01QVnRzdTlmQT09&nomor_lelang=COBA%2F20%2FMAKASSAR:9282:14)
[    1881ms] [LOG] undefinednamanya @ https://phbidlautdemo.prahu-hub.com/lelang/carirute/?from=search&id_user=VnVIdDB5ZmFLVndiUi9YMURaUWVsUT09&lelang=aksrcng2ZXQyRFVxa01QVnRzdTlmQT09&nomor_lelang=COBA%2F20%2FMAKASSAR:2311
[    1947ms] [LOG] undefined @ https://phbidlautdemo.prahu-hub.com/lelang/carirute/?from=search&id_user=VnVIdDB5ZmFLVndiUi9YMURaUWVsUT09&lelang=aksrcng2ZXQyRFVxa01QVnRzdTlmQT09&nomor_lelang=COBA%2F20%2FMAKASSAR:9635
[    1948ms] [LOG] undefined @ https://phbidlautdemo.prahu-hub.com/lelang/carirute/?from=search&id_user=VnVIdDB5ZmFLVndiUi9YMURaUWVsUT09&lelang=aksrcng2ZXQyRFVxa01QVnRzdTlmQT09&nomor_lelang=COBA%2F20%2FMAKASSAR:9635
[    1948ms] [LOG] undefined @ https://phbidlautdemo.prahu-hub.com/lelang/carirute/?from=search&id_user=VnVIdDB5ZmFLVndiUi9YMURaUWVsUT09&lelang=aksrcng2ZXQyRFVxa01QVnRzdTlmQT09&nomor_lelang=COBA%2F20%2FMAKASSAR:9635
[    1948ms] [LOG] Masukkan Nomor Lelang @ https://phbidlautdemo.prahu-hub.com/lelang/carirute/?from=search&id_user=VnVIdDB5ZmFLVndiUi9YMURaUWVsUT09&lelang=aksrcng2ZXQyRFVxa01QVnRzdTlmQT09&nomor_lelang=COBA%2F20%2FMAKASSAR:9635
[    1948ms] [LOG] undefined @ https://phbidlautdemo.prahu-hub.com/lelang/carirute/?from=search&id_user=VnVIdDB5ZmFLVndiUi9YMURaUWVsUT09&lelang=aksrcng2ZXQyRFVxa01QVnRzdTlmQT09&nomor_lelang=COBA%2F20%2FMAKASSAR:9635
[    1948ms] [LOG] undefined @ https://phbidlautdemo.prahu-hub.com/lelang/carirute/?from=search&id_user=VnVIdDB5ZmFLVndiUi9YMURaUWVsUT09&lelang=aksrcng2ZXQyRFVxa01QVnRzdTlmQT09&nomor_lelang=COBA%2F20%2FMAKASSAR:9635
[    1949ms] [LOG] undefined @ https://phbidlautdemo.prahu-hub.com/lelang/carirute/?from=search&id_user=VnVIdDB5ZmFLVndiUi9YMURaUWVsUT09&lelang=aksrcng2ZXQyRFVxa01QVnRzdTlmQT09&nomor_lelang=COBA%2F20%2FMAKASSAR:9635
[    1949ms] [LOG] undefined @ https://phbidlautdemo.prahu-hub.com/lelang/carirute/?from=search&id_user=VnVIdDB5ZmFLVndiUi9YMURaUWVsUT09&lelang=aksrcng2ZXQyRFVxa01QVnRzdTlmQT09&nomor_lelang=COBA%2F20%2FMAKASSAR:9635
[    1951ms] [LOG] DD/MM/YYYY @ https://phbidlautdemo.prahu-hub.com/lelang/carirute/?from=search&id_user=VnVIdDB5ZmFLVndiUi9YMURaUWVsUT09&lelang=aksrcng2ZXQyRFVxa01QVnRzdTlmQT09&nomor_lelang=COBA%2F20%2FMAKASSAR:9635
[    1951ms] [LOG] DD/MM/YYYY @ https://phbidlautdemo.prahu-hub.com/lelang/carirute/?from=search&id_user=VnVIdDB5ZmFLVndiUi9YMURaUWVsUT09&lelang=aksrcng2ZXQyRFVxa01QVnRzdTlmQT09&nomor_lelang=COBA%2F20%2FMAKASSAR:9635
[    1952ms] [LOG] undefined @ https://phbidlautdemo.prahu-hub.com/lelang/carirute/?from=search&id_user=VnVIdDB5ZmFLVndiUi9YMURaUWVsUT09&lelang=aksrcng2ZXQyRFVxa01QVnRzdTlmQT09&nomor_lelang=COBA%2F20%2FMAKASSAR:9635
[    1953ms] [LOG] WebSocket connection @ https://phbidlautdemo.prahu-hub.com/lelang/carirute/?from=search&id_user=VnVIdDB5ZmFLVndiUi9YMURaUWVsUT09&lelang=aksrcng2ZXQyRFVxa01QVnRzdTlmQT09&nomor_lelang=COBA%2F20%2FMAKASSAR:9678
[    1953ms] [LOG] WebSocket connection attempting... @ https://phbidlautdemo.prahu-hub.com/lelang/carirute/?from=search&id_user=VnVIdDB5ZmFLVndiUi9YMURaUWVsUT09&lelang=aksrcng2ZXQyRFVxa01QVnRzdTlmQT09&nomor_lelang=COBA%2F20%2FMAKASSAR:9756
[    2158ms] [TABLE] {UI version: 8.4.1, Core version: 8.4.0, Build: NC8xMi8yMDIyfDRkZTU3MmExYg==, WebViewer Server: false, Full API: false} @ https://phbidlautdemo.prahu-hub.com/_resources/themes/prahutheme/javascript/PDFView/lib/ui/webviewer-ui.min.js:270
[    2178ms] [LOG] WebSocket connected @ https://phbidlautdemo.prahu-hub.com/lelang/carirute/?from=search&id_user=VnVIdDB5ZmFLVndiUi9YMURaUWVsUT09&lelang=aksrcng2ZXQyRFVxa01QVnRzdTlmQT09&nomor_lelang=COBA%2F20%2FMAKASSAR:9687
[    2186ms] [LOG] update_dashboard_order_laut @ https://phbidlautdemo.prahu-hub.com/lelang/carirute/?from=search&id_user=VnVIdDB5ZmFLVndiUi9YMURaUWVsUT09&lelang=aksrcng2ZXQyRFVxa01QVnRzdTlmQT09&nomor_lelang=COBA%2F20%2FMAKASSAR:9728
[    2511ms] [VERBOSE] [DOM] Password forms should have (optionally hidden) username fields for accessibility: (More info: https://goo.gl/9p2vKq) %o @ https://phbidlautdemo.prahu-hub.com/_resources/themes/prahutheme/javascript/PDFView/lib/ui/index.html#d=%2Fassets%2Fdokumenaanwijzing%2F85%2F1.pdf&a=1&disabledElements=downloadButton%2CprintButton%2ClanguageButton&filepicker=0&pdfnet=0&enableRedaction=0&enableMeasurement=0&pageHistory=1&notesInLeftPanel=0&singleServerMode=false&selectAnnotationOnCreation=0&autoFocusNoteOnAnnotationSelection=1&id=1&basePath=%2Flelang%2Fcarirute%2F:0
[    2531ms] [LOG] [Object, Object, Object, Object, Object, Object] @ https://phbidlautdemo.prahu-hub.com/_resources/themes/prahutheme/javascript/custom/hasilPenawaran.js?m=1&amp;m=1787972929:14
[    2571ms] [LOG] 6 @ https://phbidlautdemo.prahu-hub.com/_resources/themes/prahutheme/javascript/custom/hasilPenawaran.js?m=1&amp;m=1787972929:889
[    2571ms] [LOG] 6 countView1 1 pageNow 20 limitView1 @ https://phbidlautdemo.prahu-hub.com/_resources/themes/prahutheme/javascript/custom/hasilPenawaran.js?m=1&amp;m=1787972929:891
[    2571ms] [LOG] 6 @ https://phbidlautdemo.prahu-hub.com/_resources/themes/prahutheme/javascript/custom/hasilPenawaran.js?m=1&amp;m=1787972929:902
[    2571ms] [LOG] 6 jumlah data @ https://phbidlautdemo.prahu-hub.com/_resources/themes/prahutheme/javascript/custom/hasilPenawaran.js?m=1&amp;m=1787972929:867
[    2572ms] [LOG] 1 @ https://phbidlautdemo.prahu-hub.com/_resources/themes/prahutheme/javascript/custom/hasilPenawaran.js?m=1&amp;m=1787972929:869
[    2572ms] [LOG] 1 1 pageCount & pageNow @ https://phbidlautdemo.prahu-hub.com/_resources/themes/prahutheme/javascript/custom/hasilPenawaran.js?m=1&amp;m=1787972929:795
[    2573ms] [LOG] 200 xhrglobal @ https://phbidlautdemo.prahu-hub.com/lelang/carirute/?from=search&id_user=VnVIdDB5ZmFLVndiUi9YMURaUWVsUT09&lelang=aksrcng2ZXQyRFVxa01QVnRzdTlmQT09&nomor_lelang=COBA%2F20%2FMAKASSAR:9609
[    2576ms] [LOG] Connected @ https://phbidlautdemo.prahu-hub.com/lelang/carirute/?from=search&id_user=VnVIdDB5ZmFLVndiUi9YMURaUWVsUT09&lelang=aksrcng2ZXQyRFVxa01QVnRzdTlmQT09&nomor_lelang=COBA%2F20%2FMAKASSAR:9728
[    2579ms] [LOG] 200 xhrglobal @ https://phbidlautdemo.prahu-hub.com/lelang/carirute/?from=search&id_user=VnVIdDB5ZmFLVndiUi9YMURaUWVsUT09&lelang=aksrcng2ZXQyRFVxa01QVnRzdTlmQT09&nomor_lelang=COBA%2F20%2FMAKASSAR:9609
[    2586ms] [LOG] 200 xhrglobal @ https://phbidlautdemo.prahu-hub.com/lelang/carirute/?from=search&id_user=VnVIdDB5ZmFLVndiUi9YMURaUWVsUT09&lelang=aksrcng2ZXQyRFVxa01QVnRzdTlmQT09&nomor_lelang=COBA%2F20%2FMAKASSAR:9609
[    4949ms] TypeError: $(...).DataTable is not a function
    at https://phbidlautdemo.prahu-hub.com/_resources/themes/prahutheme/js/scripts-init/tables.js:7:23
[    5402ms] [LOG] document loaded @ https://phbidlautdemo.prahu-hub.com/lelang/carirute/?from=search&id_user=VnVIdDB5ZmFLVndiUi9YMURaUWVsUT09&lelang=aksrcng2ZXQyRFVxa01QVnRzdTlmQT09&nomor_lelang=COBA%2F20%2FMAKASSAR:6292
[   11617ms] [LOG] updateNotif.901-858-787-937-935-914-906-900-876-856-820-796-795-783-764-704-689-688-685-642-641-640-639-638-635-634-633-632-631-629-628-627-626-625-624-623-622-621-614-459-325-23 @ https://phbidlautdemo.prahu-hub.com/lelang/carirute/?from=search&id_user=VnVIdDB5ZmFLVndiUi9YMURaUWVsUT09&lelang=aksrcng2ZXQyRFVxa01QVnRzdTlmQT09&nomor_lelang=COBA%2F20%2FMAKASSAR:9728
[   11617ms] [LOG] Notif baru, fetching data... 42 true 23 @ https://phbidlautdemo.prahu-hub.com/lelang/carirute/?from=search&id_user=VnVIdDB5ZmFLVndiUi9YMURaUWVsUT09&lelang=aksrcng2ZXQyRFVxa01QVnRzdTlmQT09&nomor_lelang=COBA%2F20%2FMAKASSAR:9741
[   11621ms] ReferenceError: loadDataNotif is not defined
    at ConnectWebsocket.conn.onmessage (https://phbidlautdemo.prahu-hub.com/lelang/carirute/?from=search&id_user=VnVIdDB5ZmFLVndiUi9YMURaUWVsUT09&lelang=aksrcng2ZXQyRFVxa01QVnRzdTlmQT09&nomor_lelang=COBA%2F20%2FMAKASSAR:9743:29)
[   11650ms] [LOG] notif_badge_show.901-858-787-937-935-914-906-900-876-856-820-796-795-783-764-704-689-688-685-642-641-640-639-638-635-634-633-632-631-629-628-627-626-625-624-623-622-621-614-459-325-23 @ https://phbidlautdemo.prahu-hub.com/lelang/carirute/?from=search&id_user=VnVIdDB5ZmFLVndiUi9YMURaUWVsUT09&lelang=aksrcng2ZXQyRFVxa01QVnRzdTlmQT09&nomor_lelang=COBA%2F20%2FMAKASSAR:9728
[   11650ms] [LOG] Notif baru, fetching data... 42 true 23 @ https://phbidlautdemo.prahu-hub.com/lelang/carirute/?from=search&id_user=VnVIdDB5ZmFLVndiUi9YMURaUWVsUT09&lelang=aksrcng2ZXQyRFVxa01QVnRzdTlmQT09&nomor_lelang=COBA%2F20%2FMAKASSAR:9747
[   11656ms] [LOG] update_dashboard_order_laut @ https://phbidlautdemo.prahu-hub.com/lelang/carirute/?from=search&id_user=VnVIdDB5ZmFLVndiUi9YMURaUWVsUT09&lelang=aksrcng2ZXQyRFVxa01QVnRzdTlmQT09&nomor_lelang=COBA%2F20%2FMAKASSAR:9728
[   17195ms] [LOG] Connected @ https://phbidlautdemo.prahu-hub.com/lelang/carirute/?from=search&id_user=VnVIdDB5ZmFLVndiUi9YMURaUWVsUT09&lelang=aksrcng2ZXQyRFVxa01QVnRzdTlmQT09&nomor_lelang=COBA%2F20%2FMAKASSAR:9728
[   17425ms] [LOG] Connected @ https://phbidlautdemo.prahu-hub.com/lelang/carirute/?from=search&id_user=VnVIdDB5ZmFLVndiUi9YMURaUWVsUT09&lelang=aksrcng2ZXQyRFVxa01QVnRzdTlmQT09&nomor_lelang=COBA%2F20%2FMAKASSAR:9728
[   22335ms] [LOG] Connected @ https://phbidlautdemo.prahu-hub.com/lelang/carirute/?from=search&id_user=VnVIdDB5ZmFLVndiUi9YMURaUWVsUT09&lelang=aksrcng2ZXQyRFVxa01QVnRzdTlmQT09&nomor_lelang=COBA%2F20%2FMAKASSAR:9728
[   29649ms] [LOG] Connected @ https://phbidlautdemo.prahu-hub.com/lelang/carirute/?from=search&id_user=VnVIdDB5ZmFLVndiUi9YMURaUWVsUT09&lelang=aksrcng2ZXQyRFVxa01QVnRzdTlmQT09&nomor_lelang=COBA%2F20%2FMAKASSAR:9728
