[     826ms] Cannot use import statement outside a module
[     868ms] ReferenceError: Chart is not defined
    at https://phbidlautdemo.prahu-hub.com/_resources/themes/prahutheme/js/scripts-init/charts/chartjs.js:8:13
[    1544ms] Unexpected token '<'
[    1546ms] Unexpected token '<'
[    1657ms] Uncaught TypeError: expect element to be DOM Element, but got null
    at n.init (https://cdnjs.cloudflare.com/ajax/libs/smooth-scrollbar/8.5.2/smooth-scrollbar.js:24:264)
    at <anonymous> (https://phbidlautdemo.prahu-hub.com/adminprahu/tambahbank:5310:14)
[    1684ms] [LOG] Masternamanya @ https://phbidlautdemo.prahu-hub.com/adminprahu/tambahbank:2039
[    1692ms] [LOG] Masukkan Nama Bank @ https://phbidlautdemo.prahu-hub.com/adminprahu/tambahbank:5663
[    1693ms] [LOG] WebSocket connection @ https://phbidlautdemo.prahu-hub.com/adminprahu/tambahbank:5706
[    1693ms] [LOG] WebSocket connection attempting... @ https://phbidlautdemo.prahu-hub.com/adminprahu/tambahbank:5784
[    3693ms] TypeError: $(...).DataTable is not a function
    at https://phbidlautdemo.prahu-hub.com/_resources/themes/prahutheme/js/scripts-init/tables.js:7:23
[    4006ms] [LOG] WebSocket connected @ https://phbidlautdemo.prahu-hub.com/adminprahu/tambahbank:5715
[    4009ms] [LOG] update_dashboard_order_laut @ https://phbidlautdemo.prahu-hub.com/adminprahu/tambahbank:5756
[    4128ms] [LOG] 200 xhrglobal @ https://phbidlautdemo.prahu-hub.com/adminprahu/tambahbank:5637
[    4180ms] [LOG] 200 xhrglobal @ https://phbidlautdemo.prahu-hub.com/adminprahu/tambahbank:5637
[    4369ms] [LOG] Connected @ https://phbidlautdemo.prahu-hub.com/adminprahu/tambahbank:5756
[    8342ms] [LOG] undefined @ https://phbidlautdemo.prahu-hub.com/adminprahu/tambahbank:4917
[    8342ms] [LOG] undefined @ https://phbidlautdemo.prahu-hub.com/adminprahu/tambahbank:4917
[    8343ms] [LOG] AUTOTEST-FIXTURE-BANK-01 kata1 @ https://phbidlautdemo.prahu-hub.com/adminprahu/tambahbank:4932
[    8343ms] [LOG]  kata2 @ https://phbidlautdemo.prahu-hub.com/adminprahu/tambahbank:4933
[    8446ms] [LOG] 200 xhrglobal @ https://phbidlautdemo.prahu-hub.com/adminprahu/tambahbank:5637
[    8562ms] [LOG] 200 xhrglobal @ https://phbidlautdemo.prahu-hub.com/adminprahu/tambahbank:5637
