[      55ms] [LOG] Connected @ https://phbidlautdemo.prahu-hub.com/order/buatinvoice/1453:7060
[    6047ms] Cannot use import statement outside a module
[    6085ms] ReferenceError: Chart is not defined
    at https://phbidlautdemo.prahu-hub.com/_resources/themes/prahutheme/js/scripts-init/charts/chartjs.js:8:13
[    6086ms] Unexpected token '<'
[    6088ms] Unexpected token '<'
[    6178ms] [LOG] Daftar Ordernamanya @ https://phbidlautdemo.prahu-hub.com/order/orderdetail/dmVSUnFiaGxwdU9oYjJnZHhEY0cyUT09:2039
[    6229ms] [LOG] undefined @ https://phbidlautdemo.prahu-hub.com/order/orderdetail/dmVSUnFiaGxwdU9oYjJnZHhEY0cyUT09:8615
[    6230ms] [LOG] undefined @ https://phbidlautdemo.prahu-hub.com/order/orderdetail/dmVSUnFiaGxwdU9oYjJnZHhEY0cyUT09:8615
[    6230ms] [LOG] undefined @ https://phbidlautdemo.prahu-hub.com/order/orderdetail/dmVSUnFiaGxwdU9oYjJnZHhEY0cyUT09:8615
[    6230ms] [LOG] undefined @ https://phbidlautdemo.prahu-hub.com/order/orderdetail/dmVSUnFiaGxwdU9oYjJnZHhEY0cyUT09:8615
[    6231ms] [LOG] WebSocket connection @ https://phbidlautdemo.prahu-hub.com/order/orderdetail/dmVSUnFiaGxwdU9oYjJnZHhEY0cyUT09:8658
[    6231ms] [LOG] WebSocket connection attempting... @ https://phbidlautdemo.prahu-hub.com/order/orderdetail/dmVSUnFiaGxwdU9oYjJnZHhEY0cyUT09:8736
[    7185ms] [LOG] WebSocket connected @ https://phbidlautdemo.prahu-hub.com/order/orderdetail/dmVSUnFiaGxwdU9oYjJnZHhEY0cyUT09:8667
[    7189ms] [LOG] update_dashboard_order_laut @ https://phbidlautdemo.prahu-hub.com/order/orderdetail/dmVSUnFiaGxwdU9oYjJnZHhEY0cyUT09:8708
[    7505ms] [LOG] Connected @ https://phbidlautdemo.prahu-hub.com/order/orderdetail/dmVSUnFiaGxwdU9oYjJnZHhEY0cyUT09:8708
[    7558ms] [LOG] Connected @ https://phbidlautdemo.prahu-hub.com/order/orderdetail/dmVSUnFiaGxwdU9oYjJnZHhEY0cyUT09:8708
[    8069ms] [LOG] 200 xhrglobal @ https://phbidlautdemo.prahu-hub.com/order/orderdetail/dmVSUnFiaGxwdU9oYjJnZHhEY0cyUT09:8589
[    8126ms] [LOG] Connected @ https://phbidlautdemo.prahu-hub.com/order/orderdetail/dmVSUnFiaGxwdU9oYjJnZHhEY0cyUT09:8708
[    8155ms] [LOG] 200 xhrglobal @ https://phbidlautdemo.prahu-hub.com/order/orderdetail/dmVSUnFiaGxwdU9oYjJnZHhEY0cyUT09:8589
[    8205ms] TypeError: $(...).DataTable is not a function
    at https://phbidlautdemo.prahu-hub.com/_resources/themes/prahutheme/js/scripts-init/tables.js:7:23
[   16686ms] [LOG] Connected @ https://phbidlautdemo.prahu-hub.com/order/orderdetail/dmVSUnFiaGxwdU9oYjJnZHhEY0cyUT09:8708
[   20754ms] [LOG] Connected @ https://phbidlautdemo.prahu-hub.com/order/orderdetail/dmVSUnFiaGxwdU9oYjJnZHhEY0cyUT09:8708
[   27592ms] [LOG] Connected @ https://phbidlautdemo.prahu-hub.com/order/orderdetail/dmVSUnFiaGxwdU9oYjJnZHhEY0cyUT09:8708
