[    1134ms] ReferenceError: dete is not defined
    at https://phbidlautdemo.prahu-hub.com/user/login:1465:5
[    2306ms] TypeError: Failed to execute 'observe' on 'IntersectionObserver': parameter 1 is not of type 'Element'.
    at https://phbidlautdemo.prahu-hub.com/user/login:1932:14
[    2331ms] [VERBOSE] [DOM] Input elements should have autocomplete attributes (suggested: "current-password"): (More info: https://goo.gl/9p2vKq) %o @ https://phbidlautdemo.prahu-hub.com/user/login:0
[    2338ms] [LOG] 0 @ https://phbidlautdemo.prahu-hub.com/user/login:1426
[    2338ms] [LOG] undefined scr @ https://phbidlautdemo.prahu-hub.com/user/login:1430
[    7018ms] [LOG] ddd @ https://phbidlautdemo.prahu-hub.com/user/login:1525
[    7202ms] [LOG] {pesan: ADMIN, status: 1, user_aktif: 1, ParentID: 0, redirect: } @ https://phbidlautdemo.prahu-hub.com/user/login:1558
[    7203ms] [LOG] {pesan: ADMIN, status: 1, user_aktif: 1, ParentID: 0, redirect: } a @ https://phbidlautdemo.prahu-hub.com/user/login:1560
[    9371ms] Cannot use import statement outside a module
[    9441ms] ReferenceError: Chart is not defined
    at https://phbidlautdemo.prahu-hub.com/_resources/themes/prahutheme/js/scripts-init/charts/chartjs.js:8:13
[    9444ms] Unexpected token '<'
[    9444ms] Unexpected token '<'
[    9609ms] Uncaught TypeError: expect element to be DOM Element, but got null
    at n.init (https://cdnjs.cloudflare.com/ajax/libs/smooth-scrollbar/8.5.2/smooth-scrollbar.js:24:264)
    at <anonymous> (https://phbidlautdemo.prahu-hub.com/lelang/listlelang?tab=semua-lelang:6190:14)
[    9700ms] [LOG] Pengajuan Lelangnamanya @ https://phbidlautdemo.prahu-hub.com/lelang/listlelang?tab=semua-lelang:2040
[    9717ms] [LOG] undefined @ https://phbidlautdemo.prahu-hub.com/lelang/listlelang?tab=semua-lelang:6543
[    9717ms] [LOG] undefined @ https://phbidlautdemo.prahu-hub.com/lelang/listlelang?tab=semua-lelang:6543
[    9718ms] [LOG] Masukkan Nomor Lelang @ https://phbidlautdemo.prahu-hub.com/lelang/listlelang?tab=semua-lelang:6543
[    9718ms] [LOG] DD/MM/YYYY @ https://phbidlautdemo.prahu-hub.com/lelang/listlelang?tab=semua-lelang:6543
[    9718ms] [LOG] DD/MM/YYYY @ https://phbidlautdemo.prahu-hub.com/lelang/listlelang?tab=semua-lelang:6543
[    9718ms] [LOG] DD/MM/YYYY @ https://phbidlautdemo.prahu-hub.com/lelang/listlelang?tab=semua-lelang:6543
[    9719ms] [LOG] DD/MM/YYYY @ https://phbidlautdemo.prahu-hub.com/lelang/listlelang?tab=semua-lelang:6543
[    9719ms] [LOG] undefined @ https://phbidlautdemo.prahu-hub.com/lelang/listlelang?tab=semua-lelang:6543
[    9719ms] [LOG] undefined @ https://phbidlautdemo.prahu-hub.com/lelang/listlelang?tab=semua-lelang:6543
[    9719ms] [LOG] Masukkan Nama Bank @ https://phbidlautdemo.prahu-hub.com/lelang/listlelang?tab=semua-lelang:6543
[    9720ms] [LOG] undefined @ https://phbidlautdemo.prahu-hub.com/lelang/listlelang?tab=semua-lelang:6543
[    9721ms] [LOG] WebSocket connection @ https://phbidlautdemo.prahu-hub.com/lelang/listlelang?tab=semua-lelang:6586
[    9721ms] [LOG] WebSocket connection attempting... @ https://phbidlautdemo.prahu-hub.com/lelang/listlelang?tab=semua-lelang:6664
[    9888ms] [LOG] WebSocket connected @ https://phbidlautdemo.prahu-hub.com/lelang/listlelang?tab=semua-lelang:6595
[    9894ms] [LOG] update_dashboard_order_laut @ https://phbidlautdemo.prahu-hub.com/lelang/listlelang?tab=semua-lelang:6636
[    9939ms] [LOG] Connected @ https://phbidlautdemo.prahu-hub.com/lelang/listlelang?tab=semua-lelang:6636
[   11718ms] TypeError: $(...).DataTable is not a function
    at https://phbidlautdemo.prahu-hub.com/_resources/themes/prahutheme/js/scripts-init/tables.js:7:23
[   12428ms] [LOG] [Object, Object, Object, Object, Object, Object, Object, Object, Object, Object, Object, Object, Object, Object, Object, Object, Object, Object, Object, Object] @ https://phbidlautdemo.prahu-hub.com/_resources/themes/prahutheme/javascript/custom/listLelang.js?m=1787972929:14
[   12439ms] [LOG] 1092 @ https://phbidlautdemo.prahu-hub.com/_resources/themes/prahutheme/javascript/custom/listLelang.js?m=1787972929:818
[   12440ms] [LOG] 1092 countView1 1 pageNow 20 limitView1 @ https://phbidlautdemo.prahu-hub.com/_resources/themes/prahutheme/javascript/custom/listLelang.js?m=1787972929:820
[   12441ms] [LOG] 20 @ https://phbidlautdemo.prahu-hub.com/_resources/themes/prahutheme/javascript/custom/listLelang.js?m=1787972929:826
[   12441ms] [LOG] 1092 jumlah data @ https://phbidlautdemo.prahu-hub.com/_resources/themes/prahutheme/javascript/custom/listLelang.js?m=1787972929:779
[   12442ms] [LOG] 55 @ https://phbidlautdemo.prahu-hub.com/_resources/themes/prahutheme/javascript/custom/listLelang.js?m=1787972929:781
[   12443ms] [LOG] 55 1 pageCount & pageNow @ https://phbidlautdemo.prahu-hub.com/_resources/themes/prahutheme/javascript/custom/listLelang.js?m=1787972929:704
[   12450ms] [LOG] 200 xhrglobal @ https://phbidlautdemo.prahu-hub.com/lelang/listlelang?tab=semua-lelang:6517
[   12513ms] ReferenceError: renderTooltipHarga is not defined
    at https://phbidlautdemo.prahu-hub.com/_resources/themes/prahutheme/javascript/custom/listLelang.js?m=1787972929:1049:9
[   12555ms] [LOG] 200 xhrglobal @ https://phbidlautdemo.prahu-hub.com/lelang/listlelang?tab=semua-lelang:6517
[   12604ms] [LOG] 200 xhrglobal @ https://phbidlautdemo.prahu-hub.com/lelang/listlelang?tab=semua-lelang:6517
[   15174ms] Cannot use import statement outside a module
[   15236ms] ReferenceError: Chart is not defined
    at https://phbidlautdemo.prahu-hub.com/_resources/themes/prahutheme/js/scripts-init/charts/chartjs.js:8:13
[   15248ms] Unexpected token '<'
[   15266ms] Unexpected token '<'
[   15376ms] Uncaught TypeError: expect element to be DOM Element, but got null
    at n.init (https://cdnjs.cloudflare.com/ajax/libs/smooth-scrollbar/8.5.2/smooth-scrollbar.js:24:264)
    at <anonymous> (https://phbidlautdemo.prahu-hub.com/home/hakaksesbidowner:5570:14)
[   15412ms] [LOG] Pengaturan Akunnamanya @ https://phbidlautdemo.prahu-hub.com/home/hakaksesbidowner:2040
[   15424ms] [LOG] Masukkan Nama Hak Akses @ https://phbidlautdemo.prahu-hub.com/home/hakaksesbidowner:5923
[   15424ms] [LOG] undefined @ https://phbidlautdemo.prahu-hub.com/home/hakaksesbidowner:5923
[   15424ms] [LOG] undefined @ https://phbidlautdemo.prahu-hub.com/home/hakaksesbidowner:5923
[   15424ms] [LOG] Masukkan Nama Kemasan @ https://phbidlautdemo.prahu-hub.com/home/hakaksesbidowner:5923
[   15425ms] [LOG] undefined @ https://phbidlautdemo.prahu-hub.com/home/hakaksesbidowner:5923
[   15427ms] [LOG] WebSocket connection @ https://phbidlautdemo.prahu-hub.com/home/hakaksesbidowner:5966
[   15427ms] [LOG] WebSocket connection attempting... @ https://phbidlautdemo.prahu-hub.com/home/hakaksesbidowner:6044
[   15540ms] [LOG] WebSocket connected @ https://phbidlautdemo.prahu-hub.com/home/hakaksesbidowner:5975
[   15543ms] [LOG] update_dashboard_order_laut @ https://phbidlautdemo.prahu-hub.com/home/hakaksesbidowner:6016
[   15572ms] [LOG] Connected @ https://phbidlautdemo.prahu-hub.com/home/hakaksesbidowner:6016
[   15797ms] [LOG] [Object, Object, Object, Object, Object, Object, Object, Object, Object, Object, Object, Object, Object, Object, Object, Object, Object, Object, Object, Object] @ https://phbidlautdemo.prahu-hub.com/_resources/themes/prahutheme/javascript/custom/hakaksesbidowner.js?m=1787972929:124
[   15815ms] [LOG] 23 @ https://phbidlautdemo.prahu-hub.com/_resources/themes/prahutheme/javascript/custom/hakaksesbidowner.js?m=1787972929:775
[   15815ms] [LOG] 23 countView1 1 pageNow 20 limitView1 @ https://phbidlautdemo.prahu-hub.com/_resources/themes/prahutheme/javascript/custom/hakaksesbidowner.js?m=1787972929:777
[   15815ms] [LOG] 20 @ https://phbidlautdemo.prahu-hub.com/_resources/themes/prahutheme/javascript/custom/hakaksesbidowner.js?m=1787972929:783
[   15817ms] [LOG] 23 jumlah data @ https://phbidlautdemo.prahu-hub.com/_resources/themes/prahutheme/javascript/custom/hakaksesbidowner.js?m=1787972929:740
[   15817ms] [LOG] 2 @ https://phbidlautdemo.prahu-hub.com/_resources/themes/prahutheme/javascript/custom/hakaksesbidowner.js?m=1787972929:742
[   15821ms] [LOG] 2 1 pageCount & pageNow @ https://phbidlautdemo.prahu-hub.com/_resources/themes/prahutheme/javascript/custom/hakaksesbidowner.js?m=1787972929:666
[   15823ms] [LOG] 200 xhrglobal @ https://phbidlautdemo.prahu-hub.com/home/hakaksesbidowner:5897
[   15824ms] [LOG] ce.fn.init stepItem @ https://phbidlautdemo.prahu-hub.com/_resources/themes/prahutheme/javascript/custom/hakaksesbidowner.js?m=1787972929:640
[   15942ms] [LOG] 200 xhrglobal @ https://phbidlautdemo.prahu-hub.com/home/hakaksesbidowner:5897
[   15990ms] [LOG] 200 xhrglobal @ https://phbidlautdemo.prahu-hub.com/home/hakaksesbidowner:5897
[   17424ms] TypeError: $(...).DataTable is not a function
    at https://phbidlautdemo.prahu-hub.com/_resources/themes/prahutheme/js/scripts-init/tables.js:7:23
[   19074ms] Cannot use import statement outside a module
[   19108ms] ReferenceError: Chart is not defined
    at https://phbidlautdemo.prahu-hub.com/_resources/themes/prahutheme/js/scripts-init/charts/chartjs.js:8:13
[   19109ms] Unexpected token '<'
[   19162ms] Unexpected token '<'
[   19241ms] Uncaught TypeError: expect element to be DOM Element, but got null
    at n.init (https://cdnjs.cloudflare.com/ajax/libs/smooth-scrollbar/8.5.2/smooth-scrollbar.js:24:264)
    at <anonymous> (https://phbidlautdemo.prahu-hub.com/home/relasi_satu_pintu:5774:14)
[   19302ms] [LOG] Validasi Akunnamanya @ https://phbidlautdemo.prahu-hub.com/home/relasi_satu_pintu:2040
[   19320ms] [LOG] undefined @ https://phbidlautdemo.prahu-hub.com/home/relasi_satu_pintu:6127
[   19320ms] [LOG] 1xx @ https://phbidlautdemo.prahu-hub.com/home/relasi_satu_pintu:6127
[   19320ms] [LOG] undefined @ https://phbidlautdemo.prahu-hub.com/home/relasi_satu_pintu:6127
[   19320ms] [LOG] DD/MM/YYYY @ https://phbidlautdemo.prahu-hub.com/home/relasi_satu_pintu:6127
[   19321ms] [LOG] Masukkan Email @ https://phbidlautdemo.prahu-hub.com/home/relasi_satu_pintu:6127
[   19321ms] [LOG] undefined @ https://phbidlautdemo.prahu-hub.com/home/relasi_satu_pintu:6127
[   19321ms] [LOG] 1xx @ https://phbidlautdemo.prahu-hub.com/home/relasi_satu_pintu:6127
[   19321ms] [LOG] undefined @ https://phbidlautdemo.prahu-hub.com/home/relasi_satu_pintu:6127
[   19321ms] [LOG] DD/MM/YYYY @ https://phbidlautdemo.prahu-hub.com/home/relasi_satu_pintu:6127
[   19322ms] [LOG] Masukkan Email @ https://phbidlautdemo.prahu-hub.com/home/relasi_satu_pintu:6127
[   19322ms] [LOG] undefined @ https://phbidlautdemo.prahu-hub.com/home/relasi_satu_pintu:6127
[   19322ms] [LOG] Masukkan Nama Bank @ https://phbidlautdemo.prahu-hub.com/home/relasi_satu_pintu:6127
[   19323ms] [LOG] undefined @ https://phbidlautdemo.prahu-hub.com/home/relasi_satu_pintu:6127
[   19324ms] [LOG] WebSocket connection @ https://phbidlautdemo.prahu-hub.com/home/relasi_satu_pintu:6170
[   19324ms] [LOG] WebSocket connection attempting... @ https://phbidlautdemo.prahu-hub.com/home/relasi_satu_pintu:6248
[   19446ms] [LOG] WebSocket connected @ https://phbidlautdemo.prahu-hub.com/home/relasi_satu_pintu:6179
[   19450ms] [LOG] update_dashboard_order_laut @ https://phbidlautdemo.prahu-hub.com/home/relasi_satu_pintu:6220
[   19472ms] [LOG] 30 @ https://phbidlautdemo.prahu-hub.com/_resources/themes/prahutheme/javascript/custom/relasisatupintu.js?m=1787972929:487
[   19473ms] [LOG] 30 countView1 1 pageNow 20 limitView1 @ https://phbidlautdemo.prahu-hub.com/_resources/themes/prahutheme/javascript/custom/relasisatupintu.js?m=1787972929:489
[   19473ms] [LOG] 20 @ https://phbidlautdemo.prahu-hub.com/_resources/themes/prahutheme/javascript/custom/relasisatupintu.js?m=1787972929:495
[   19474ms] [LOG] 30 jumlah data @ https://phbidlautdemo.prahu-hub.com/_resources/themes/prahutheme/javascript/custom/relasisatupintu.js?m=1787972929:450
[   19475ms] [LOG] 2 @ https://phbidlautdemo.prahu-hub.com/_resources/themes/prahutheme/javascript/custom/relasisatupintu.js?m=1787972929:452
[   19476ms] [LOG] 2 1 pageCount & pageNow @ https://phbidlautdemo.prahu-hub.com/_resources/themes/prahutheme/javascript/custom/relasisatupintu.js?m=1787972929:375
[   19480ms] [LOG] 200 xhrglobal @ https://phbidlautdemo.prahu-hub.com/home/relasi_satu_pintu:6101
[   19569ms] ReferenceError: renderTooltipHarga is not defined
    at https://phbidlautdemo.prahu-hub.com/_resources/themes/prahutheme/javascript/custom/relasisatupintu.js?m=1787972929:579:9
[   19551ms] [LOG] Connected @ https://phbidlautdemo.prahu-hub.com/home/relasi_satu_pintu:6220
[   19582ms] [LOG] 200 xhrglobal @ https://phbidlautdemo.prahu-hub.com/home/relasi_satu_pintu:6101
[   19632ms] [LOG] 200 xhrglobal @ https://phbidlautdemo.prahu-hub.com/home/relasi_satu_pintu:6101
[   21313ms] TypeError: $(...).DataTable is not a function
    at https://phbidlautdemo.prahu-hub.com/_resources/themes/prahutheme/js/scripts-init/tables.js:7:23
[   23112ms] Unexpected token '<'
[   23145ms] Cannot use import statement outside a module
[   23174ms] ReferenceError: Chart is not defined
    at https://phbidlautdemo.prahu-hub.com/_resources/themes/prahutheme/js/scripts-init/charts/chartjs.js:8:13
[   23341ms] Unexpected token '<'
[   23342ms] Unexpected token '<'
[   23396ms] Uncaught TypeError: expect element to be DOM Element, but got null
    at n.init (https://cdnjs.cloudflare.com/ajax/libs/smooth-scrollbar/8.5.2/smooth-scrollbar.js:24:264)
    at <anonymous> (https://phbidlautdemo.prahu-hub.com/adminprahu/SettingRelasi/aUNvRG8yUW9PWk1PMSt4WXFhUEFPUT09:5793:14)
[   23441ms] [LOG] Validasi Akunnamanya @ https://phbidlautdemo.prahu-hub.com/adminprahu/SettingRelasi/aUNvRG8yUW9PWk1PMSt4WXFhUEFPUT09:2040
[   23470ms] [LOG] undefined @ https://phbidlautdemo.prahu-hub.com/adminprahu/SettingRelasi/aUNvRG8yUW9PWk1PMSt4WXFhUEFPUT09:6146
[   23470ms] [LOG] undefined @ https://phbidlautdemo.prahu-hub.com/adminprahu/SettingRelasi/aUNvRG8yUW9PWk1PMSt4WXFhUEFPUT09:6146
[   23470ms] [LOG] 1xx @ https://phbidlautdemo.prahu-hub.com/adminprahu/SettingRelasi/aUNvRG8yUW9PWk1PMSt4WXFhUEFPUT09:6146
[   23471ms] [LOG] DD/MM/YYYY @ https://phbidlautdemo.prahu-hub.com/adminprahu/SettingRelasi/aUNvRG8yUW9PWk1PMSt4WXFhUEFPUT09:6146
[   23471ms] [LOG] Masukkan Relasi Transporter @ https://phbidlautdemo.prahu-hub.com/adminprahu/SettingRelasi/aUNvRG8yUW9PWk1PMSt4WXFhUEFPUT09:6146
[   23471ms] [LOG] Masukkan Atas Nama @ https://phbidlautdemo.prahu-hub.com/adminprahu/SettingRelasi/aUNvRG8yUW9PWk1PMSt4WXFhUEFPUT09:6146
[   23471ms] [LOG] Masukkan Nomor VA @ https://phbidlautdemo.prahu-hub.com/adminprahu/SettingRelasi/aUNvRG8yUW9PWk1PMSt4WXFhUEFPUT09:6146
[   23471ms] [LOG] undefined @ https://phbidlautdemo.prahu-hub.com/adminprahu/SettingRelasi/aUNvRG8yUW9PWk1PMSt4WXFhUEFPUT09:6146
[   23471ms] [LOG] undefined @ https://phbidlautdemo.prahu-hub.com/adminprahu/SettingRelasi/aUNvRG8yUW9PWk1PMSt4WXFhUEFPUT09:6146
[   23472ms] [LOG] Masukkan Nomor VA @ https://phbidlautdemo.prahu-hub.com/adminprahu/SettingRelasi/aUNvRG8yUW9PWk1PMSt4WXFhUEFPUT09:6146
[   23472ms] [LOG] Masukkan Atas Nama @ https://phbidlautdemo.prahu-hub.com/adminprahu/SettingRelasi/aUNvRG8yUW9PWk1PMSt4WXFhUEFPUT09:6146
[   23474ms] [LOG] WebSocket connection @ https://phbidlautdemo.prahu-hub.com/adminprahu/SettingRelasi/aUNvRG8yUW9PWk1PMSt4WXFhUEFPUT09:6189
[   23475ms] [LOG] WebSocket connection attempting... @ https://phbidlautdemo.prahu-hub.com/adminprahu/SettingRelasi/aUNvRG8yUW9PWk1PMSt4WXFhUEFPUT09:6267
[   23544ms] [LOG] 200 xhrglobal @ https://phbidlautdemo.prahu-hub.com/adminprahu/SettingRelasi/aUNvRG8yUW9PWk1PMSt4WXFhUEFPUT09:6120
[   23548ms] ReferenceError: renderTooltipHarga is not defined
    at https://phbidlautdemo.prahu-hub.com/_resources/themes/prahutheme/javascript/custom/SettingRelasi.js?m=1787972929:639:9
[   23590ms] [LOG] WebSocket connected @ https://phbidlautdemo.prahu-hub.com/adminprahu/SettingRelasi/aUNvRG8yUW9PWk1PMSt4WXFhUEFPUT09:6198
[   23593ms] [LOG] update_dashboard_order_laut @ https://phbidlautdemo.prahu-hub.com/adminprahu/SettingRelasi/aUNvRG8yUW9PWk1PMSt4WXFhUEFPUT09:6239
[   23621ms] [LOG] Connected @ https://phbidlautdemo.prahu-hub.com/adminprahu/SettingRelasi/aUNvRG8yUW9PWk1PMSt4WXFhUEFPUT09:6239
[   23708ms] [LOG] 200 xhrglobal @ https://phbidlautdemo.prahu-hub.com/adminprahu/SettingRelasi/aUNvRG8yUW9PWk1PMSt4WXFhUEFPUT09:6120
[   23774ms] [LOG] 200 xhrglobal @ https://phbidlautdemo.prahu-hub.com/adminprahu/SettingRelasi/aUNvRG8yUW9PWk1PMSt4WXFhUEFPUT09:6120
[   26430ms] Unexpected token '<'
[   26461ms] Cannot use import statement outside a module
[   26504ms] ReferenceError: Chart is not defined
    at https://phbidlautdemo.prahu-hub.com/_resources/themes/prahutheme/js/scripts-init/charts/chartjs.js:8:13
[   26506ms] Unexpected token '<'
[   26551ms] Unexpected token '<'
[   26614ms] Uncaught TypeError: expect element to be DOM Element, but got null
    at n.init (https://cdnjs.cloudflare.com/ajax/libs/smooth-scrollbar/8.5.2/smooth-scrollbar.js:24:264)
    at <anonymous> (https://phbidlautdemo.prahu-hub.com/adminprahu/SettingRelasi/TDJTQk8wc01CT2JEUUtNeU90M3NpUT09:5793:14)
[   26646ms] [LOG] Validasi Akunnamanya @ https://phbidlautdemo.prahu-hub.com/adminprahu/SettingRelasi/TDJTQk8wc01CT2JEUUtNeU90M3NpUT09:2040
[   26668ms] [LOG] undefined @ https://phbidlautdemo.prahu-hub.com/adminprahu/SettingRelasi/TDJTQk8wc01CT2JEUUtNeU90M3NpUT09:6146
[   26668ms] [LOG] undefined @ https://phbidlautdemo.prahu-hub.com/adminprahu/SettingRelasi/TDJTQk8wc01CT2JEUUtNeU90M3NpUT09:6146
[   26668ms] [LOG] 1xx @ https://phbidlautdemo.prahu-hub.com/adminprahu/SettingRelasi/TDJTQk8wc01CT2JEUUtNeU90M3NpUT09:6146
[   26668ms] [LOG] DD/MM/YYYY @ https://phbidlautdemo.prahu-hub.com/adminprahu/SettingRelasi/TDJTQk8wc01CT2JEUUtNeU90M3NpUT09:6146
[   26668ms] [LOG] Masukkan Relasi Transporter @ https://phbidlautdemo.prahu-hub.com/adminprahu/SettingRelasi/TDJTQk8wc01CT2JEUUtNeU90M3NpUT09:6146
[   26669ms] [LOG] Masukkan Atas Nama @ https://phbidlautdemo.prahu-hub.com/adminprahu/SettingRelasi/TDJTQk8wc01CT2JEUUtNeU90M3NpUT09:6146
[   26669ms] [LOG] Masukkan Nomor VA @ https://phbidlautdemo.prahu-hub.com/adminprahu/SettingRelasi/TDJTQk8wc01CT2JEUUtNeU90M3NpUT09:6146
[   26669ms] [LOG] undefined @ https://phbidlautdemo.prahu-hub.com/adminprahu/SettingRelasi/TDJTQk8wc01CT2JEUUtNeU90M3NpUT09:6146
[   26669ms] [LOG] undefined @ https://phbidlautdemo.prahu-hub.com/adminprahu/SettingRelasi/TDJTQk8wc01CT2JEUUtNeU90M3NpUT09:6146
[   26669ms] [LOG] Masukkan Nomor VA @ https://phbidlautdemo.prahu-hub.com/adminprahu/SettingRelasi/TDJTQk8wc01CT2JEUUtNeU90M3NpUT09:6146
[   26669ms] [LOG] Masukkan Atas Nama @ https://phbidlautdemo.prahu-hub.com/adminprahu/SettingRelasi/TDJTQk8wc01CT2JEUUtNeU90M3NpUT09:6146
[   26671ms] [LOG] WebSocket connection @ https://phbidlautdemo.prahu-hub.com/adminprahu/SettingRelasi/TDJTQk8wc01CT2JEUUtNeU90M3NpUT09:6189
[   26671ms] [LOG] WebSocket connection attempting... @ https://phbidlautdemo.prahu-hub.com/adminprahu/SettingRelasi/TDJTQk8wc01CT2JEUUtNeU90M3NpUT09:6267
[   26756ms] [LOG] 200 xhrglobal @ https://phbidlautdemo.prahu-hub.com/adminprahu/SettingRelasi/TDJTQk8wc01CT2JEUUtNeU90M3NpUT09:6120
[   26758ms] ReferenceError: renderTooltipHarga is not defined
    at https://phbidlautdemo.prahu-hub.com/_resources/themes/prahutheme/javascript/custom/SettingRelasi.js?m=1787972929:639:9
[   26773ms] [LOG] WebSocket connected @ https://phbidlautdemo.prahu-hub.com/adminprahu/SettingRelasi/TDJTQk8wc01CT2JEUUtNeU90M3NpUT09:6198
[   26778ms] [LOG] update_dashboard_order_laut @ https://phbidlautdemo.prahu-hub.com/adminprahu/SettingRelasi/TDJTQk8wc01CT2JEUUtNeU90M3NpUT09:6239
[   26804ms] [LOG] Connected @ https://phbidlautdemo.prahu-hub.com/adminprahu/SettingRelasi/TDJTQk8wc01CT2JEUUtNeU90M3NpUT09:6239
[   26900ms] [LOG] 200 xhrglobal @ https://phbidlautdemo.prahu-hub.com/adminprahu/SettingRelasi/TDJTQk8wc01CT2JEUUtNeU90M3NpUT09:6120
[   26962ms] [LOG] 200 xhrglobal @ https://phbidlautdemo.prahu-hub.com/adminprahu/SettingRelasi/TDJTQk8wc01CT2JEUUtNeU90M3NpUT09:6120
[   28658ms] TypeError: $(...).DataTable is not a function
    at https://phbidlautdemo.prahu-hub.com/_resources/themes/prahutheme/js/scripts-init/tables.js:7:23
[   30155ms] Unexpected token '<'
[   30163ms] Cannot use import statement outside a module
[   30210ms] ReferenceError: Chart is not defined
    at https://phbidlautdemo.prahu-hub.com/_resources/themes/prahutheme/js/scripts-init/charts/chartjs.js:8:13
[   30211ms] Unexpected token '<'
[   30211ms] Unexpected token '<'
[   30274ms] Uncaught TypeError: expect element to be DOM Element, but got null
    at n.init (https://cdnjs.cloudflare.com/ajax/libs/smooth-scrollbar/8.5.2/smooth-scrollbar.js:24:264)
    at <anonymous> (https://phbidlautdemo.prahu-hub.com/adminprahu/SettingRelasi/V2M3K21JZURnamJHUTNSdTd4RzBxQT09:5797:14)
[   30319ms] [LOG] Validasi Akunnamanya @ https://phbidlautdemo.prahu-hub.com/adminprahu/SettingRelasi/V2M3K21JZURnamJHUTNSdTd4RzBxQT09:2040
[   30347ms] [LOG] undefined @ https://phbidlautdemo.prahu-hub.com/adminprahu/SettingRelasi/V2M3K21JZURnamJHUTNSdTd4RzBxQT09:6150
[   30348ms] [LOG] undefined @ https://phbidlautdemo.prahu-hub.com/adminprahu/SettingRelasi/V2M3K21JZURnamJHUTNSdTd4RzBxQT09:6150
[   30348ms] [LOG] 1xx @ https://phbidlautdemo.prahu-hub.com/adminprahu/SettingRelasi/V2M3K21JZURnamJHUTNSdTd4RzBxQT09:6150
[   30348ms] [LOG] DD/MM/YYYY @ https://phbidlautdemo.prahu-hub.com/adminprahu/SettingRelasi/V2M3K21JZURnamJHUTNSdTd4RzBxQT09:6150
[   30348ms] [LOG] Masukkan Relasi Transporter @ https://phbidlautdemo.prahu-hub.com/adminprahu/SettingRelasi/V2M3K21JZURnamJHUTNSdTd4RzBxQT09:6150
[   30349ms] [LOG] Masukkan Atas Nama @ https://phbidlautdemo.prahu-hub.com/adminprahu/SettingRelasi/V2M3K21JZURnamJHUTNSdTd4RzBxQT09:6150
[   30349ms] [LOG] Masukkan Nomor VA @ https://phbidlautdemo.prahu-hub.com/adminprahu/SettingRelasi/V2M3K21JZURnamJHUTNSdTd4RzBxQT09:6150
[   30349ms] [LOG] undefined @ https://phbidlautdemo.prahu-hub.com/adminprahu/SettingRelasi/V2M3K21JZURnamJHUTNSdTd4RzBxQT09:6150
[   30350ms] [LOG] undefined @ https://phbidlautdemo.prahu-hub.com/adminprahu/SettingRelasi/V2M3K21JZURnamJHUTNSdTd4RzBxQT09:6150
[   30350ms] [LOG] Masukkan Nomor VA @ https://phbidlautdemo.prahu-hub.com/adminprahu/SettingRelasi/V2M3K21JZURnamJHUTNSdTd4RzBxQT09:6150
[   30350ms] [LOG] Masukkan Atas Nama @ https://phbidlautdemo.prahu-hub.com/adminprahu/SettingRelasi/V2M3K21JZURnamJHUTNSdTd4RzBxQT09:6150
[   30351ms] [LOG] WebSocket connection @ https://phbidlautdemo.prahu-hub.com/adminprahu/SettingRelasi/V2M3K21JZURnamJHUTNSdTd4RzBxQT09:6193
[   30352ms] [LOG] WebSocket connection attempting... @ https://phbidlautdemo.prahu-hub.com/adminprahu/SettingRelasi/V2M3K21JZURnamJHUTNSdTd4RzBxQT09:6271
[   30430ms] [LOG] 1 @ https://phbidlautdemo.prahu-hub.com/_resources/themes/prahutheme/javascript/custom/SettingRelasi.js?m=1787972929:540
[   30430ms] [LOG] 1 countView1 1 pageNow 20 limitView1 @ https://phbidlautdemo.prahu-hub.com/_resources/themes/prahutheme/javascript/custom/SettingRelasi.js?m=1787972929:542
[   30431ms] [LOG] 1 @ https://phbidlautdemo.prahu-hub.com/_resources/themes/prahutheme/javascript/custom/SettingRelasi.js?m=1787972929:548
[   30432ms] [LOG] 1 jumlah data @ https://phbidlautdemo.prahu-hub.com/_resources/themes/prahutheme/javascript/custom/SettingRelasi.js?m=1787972929:503
[   30433ms] [LOG] 1 @ https://phbidlautdemo.prahu-hub.com/_resources/themes/prahutheme/javascript/custom/SettingRelasi.js?m=1787972929:505
[   30434ms] [LOG] 1 1 pageCount & pageNow @ https://phbidlautdemo.prahu-hub.com/_resources/themes/prahutheme/javascript/custom/SettingRelasi.js?m=1787972929:428
[   30438ms] [LOG] 200 xhrglobal @ https://phbidlautdemo.prahu-hub.com/adminprahu/SettingRelasi/V2M3K21JZURnamJHUTNSdTd4RzBxQT09:6124
[   30450ms] ReferenceError: renderTooltipHarga is not defined
    at https://phbidlautdemo.prahu-hub.com/_resources/themes/prahutheme/javascript/custom/SettingRelasi.js?m=1787972929:639:9
[   30466ms] [LOG] WebSocket connected @ https://phbidlautdemo.prahu-hub.com/adminprahu/SettingRelasi/V2M3K21JZURnamJHUTNSdTd4RzBxQT09:6202
[   30469ms] [LOG] update_dashboard_order_laut @ https://phbidlautdemo.prahu-hub.com/adminprahu/SettingRelasi/V2M3K21JZURnamJHUTNSdTd4RzBxQT09:6243
[   30497ms] [LOG] Connected @ https://phbidlautdemo.prahu-hub.com/adminprahu/SettingRelasi/V2M3K21JZURnamJHUTNSdTd4RzBxQT09:6243
[   30578ms] [LOG] 200 xhrglobal @ https://phbidlautdemo.prahu-hub.com/adminprahu/SettingRelasi/V2M3K21JZURnamJHUTNSdTd4RzBxQT09:6124
[   30641ms] [LOG] 200 xhrglobal @ https://phbidlautdemo.prahu-hub.com/adminprahu/SettingRelasi/V2M3K21JZURnamJHUTNSdTd4RzBxQT09:6124
[   32987ms] Unexpected token '<'
[   32991ms] Cannot use import statement outside a module
[   33020ms] ReferenceError: Chart is not defined
    at https://phbidlautdemo.prahu-hub.com/_resources/themes/prahutheme/js/scripts-init/charts/chartjs.js:8:13
[   33102ms] Unexpected token '<'
[   33222ms] Unexpected token '<'
[   33283ms] Uncaught TypeError: expect element to be DOM Element, but got null
    at n.init (https://cdnjs.cloudflare.com/ajax/libs/smooth-scrollbar/8.5.2/smooth-scrollbar.js:24:264)
    at <anonymous> (https://phbidlautdemo.prahu-hub.com/adminprahu/SettingRelasi/amFVazhtWjVPY3NLYnBTOXFsTlB6dz09:5793:14)
[   33353ms] [LOG] Validasi Akunnamanya @ https://phbidlautdemo.prahu-hub.com/adminprahu/SettingRelasi/amFVazhtWjVPY3NLYnBTOXFsTlB6dz09:2040
[   33418ms] [LOG] undefined @ https://phbidlautdemo.prahu-hub.com/adminprahu/SettingRelasi/amFVazhtWjVPY3NLYnBTOXFsTlB6dz09:6146
[   33422ms] [LOG] undefined @ https://phbidlautdemo.prahu-hub.com/adminprahu/SettingRelasi/amFVazhtWjVPY3NLYnBTOXFsTlB6dz09:6146
[   33423ms] [LOG] 1xx @ https://phbidlautdemo.prahu-hub.com/adminprahu/SettingRelasi/amFVazhtWjVPY3NLYnBTOXFsTlB6dz09:6146
[   33423ms] [LOG] DD/MM/YYYY @ https://phbidlautdemo.prahu-hub.com/adminprahu/SettingRelasi/amFVazhtWjVPY3NLYnBTOXFsTlB6dz09:6146
[   33423ms] [LOG] Masukkan Relasi Transporter @ https://phbidlautdemo.prahu-hub.com/adminprahu/SettingRelasi/amFVazhtWjVPY3NLYnBTOXFsTlB6dz09:6146
[   33424ms] [LOG] Masukkan Atas Nama @ https://phbidlautdemo.prahu-hub.com/adminprahu/SettingRelasi/amFVazhtWjVPY3NLYnBTOXFsTlB6dz09:6146
[   33424ms] [LOG] Masukkan Nomor VA @ https://phbidlautdemo.prahu-hub.com/adminprahu/SettingRelasi/amFVazhtWjVPY3NLYnBTOXFsTlB6dz09:6146
[   33424ms] [LOG] undefined @ https://phbidlautdemo.prahu-hub.com/adminprahu/SettingRelasi/amFVazhtWjVPY3NLYnBTOXFsTlB6dz09:6146
[   33424ms] [LOG] undefined @ https://phbidlautdemo.prahu-hub.com/adminprahu/SettingRelasi/amFVazhtWjVPY3NLYnBTOXFsTlB6dz09:6146
[   33425ms] [LOG] Masukkan Nomor VA @ https://phbidlautdemo.prahu-hub.com/adminprahu/SettingRelasi/amFVazhtWjVPY3NLYnBTOXFsTlB6dz09:6146
[   33425ms] [LOG] Masukkan Atas Nama @ https://phbidlautdemo.prahu-hub.com/adminprahu/SettingRelasi/amFVazhtWjVPY3NLYnBTOXFsTlB6dz09:6146
[   33427ms] [LOG] WebSocket connection @ https://phbidlautdemo.prahu-hub.com/adminprahu/SettingRelasi/amFVazhtWjVPY3NLYnBTOXFsTlB6dz09:6189
[   33428ms] [LOG] WebSocket connection attempting... @ https://phbidlautdemo.prahu-hub.com/adminprahu/SettingRelasi/amFVazhtWjVPY3NLYnBTOXFsTlB6dz09:6267
[   33496ms] [LOG] 2 @ https://phbidlautdemo.prahu-hub.com/_resources/themes/prahutheme/javascript/custom/SettingRelasi.js?m=1787972929:540
[   33496ms] [LOG] 2 countView1 1 pageNow 20 limitView1 @ https://phbidlautdemo.prahu-hub.com/_resources/themes/prahutheme/javascript/custom/SettingRelasi.js?m=1787972929:542
[   33496ms] [LOG] 2 @ https://phbidlautdemo.prahu-hub.com/_resources/themes/prahutheme/javascript/custom/SettingRelasi.js?m=1787972929:548
[   33497ms] [LOG] 2 jumlah data @ https://phbidlautdemo.prahu-hub.com/_resources/themes/prahutheme/javascript/custom/SettingRelasi.js?m=1787972929:503
[   33497ms] [LOG] 1 @ https://phbidlautdemo.prahu-hub.com/_resources/themes/prahutheme/javascript/custom/SettingRelasi.js?m=1787972929:505
[   33497ms] [LOG] 1 1 pageCount & pageNow @ https://phbidlautdemo.prahu-hub.com/_resources/themes/prahutheme/javascript/custom/SettingRelasi.js?m=1787972929:428
[   33506ms] [LOG] 200 xhrglobal @ https://phbidlautdemo.prahu-hub.com/adminprahu/SettingRelasi/amFVazhtWjVPY3NLYnBTOXFsTlB6dz09:6120
[   33558ms] ReferenceError: renderTooltipHarga is not defined
    at https://phbidlautdemo.prahu-hub.com/_resources/themes/prahutheme/javascript/custom/SettingRelasi.js?m=1787972929:639:9
[   33596ms] [LOG] WebSocket connected @ https://phbidlautdemo.prahu-hub.com/adminprahu/SettingRelasi/amFVazhtWjVPY3NLYnBTOXFsTlB6dz09:6198
[   33616ms] [LOG] update_dashboard_order_laut @ https://phbidlautdemo.prahu-hub.com/adminprahu/SettingRelasi/amFVazhtWjVPY3NLYnBTOXFsTlB6dz09:6239
[   33632ms] [LOG] Connected @ https://phbidlautdemo.prahu-hub.com/adminprahu/SettingRelasi/amFVazhtWjVPY3NLYnBTOXFsTlB6dz09:6239
[   33715ms] [LOG] 200 xhrglobal @ https://phbidlautdemo.prahu-hub.com/adminprahu/SettingRelasi/amFVazhtWjVPY3NLYnBTOXFsTlB6dz09:6120
[   33769ms] [LOG] 200 xhrglobal @ https://phbidlautdemo.prahu-hub.com/adminprahu/SettingRelasi/amFVazhtWjVPY3NLYnBTOXFsTlB6dz09:6120
[   36159ms] Unexpected token '<'
[   36167ms] Cannot use import statement outside a module
[   36221ms] ReferenceError: Chart is not defined
    at https://phbidlautdemo.prahu-hub.com/_resources/themes/prahutheme/js/scripts-init/charts/chartjs.js:8:13
[   36280ms] Unexpected token '<'
[   36485ms] Unexpected token '<'
[   36556ms] Uncaught TypeError: expect element to be DOM Element, but got null
    at n.init (https://cdnjs.cloudflare.com/ajax/libs/smooth-scrollbar/8.5.2/smooth-scrollbar.js:24:264)
    at <anonymous> (https://phbidlautdemo.prahu-hub.com/adminprahu/SettingRelasi/cFQ3Mk1GY0NqYnhkTVY4OVAzWGlyUT09:5793:14)
[   36602ms] [LOG] Validasi Akunnamanya @ https://phbidlautdemo.prahu-hub.com/adminprahu/SettingRelasi/cFQ3Mk1GY0NqYnhkTVY4OVAzWGlyUT09:2040
[   36630ms] [LOG] undefined @ https://phbidlautdemo.prahu-hub.com/adminprahu/SettingRelasi/cFQ3Mk1GY0NqYnhkTVY4OVAzWGlyUT09:6146
[   36631ms] [LOG] undefined @ https://phbidlautdemo.prahu-hub.com/adminprahu/SettingRelasi/cFQ3Mk1GY0NqYnhkTVY4OVAzWGlyUT09:6146
[   36631ms] [LOG] 1xx @ https://phbidlautdemo.prahu-hub.com/adminprahu/SettingRelasi/cFQ3Mk1GY0NqYnhkTVY4OVAzWGlyUT09:6146
[   36631ms] [LOG] DD/MM/YYYY @ https://phbidlautdemo.prahu-hub.com/adminprahu/SettingRelasi/cFQ3Mk1GY0NqYnhkTVY4OVAzWGlyUT09:6146
[   36631ms] [LOG] Masukkan Relasi Transporter @ https://phbidlautdemo.prahu-hub.com/adminprahu/SettingRelasi/cFQ3Mk1GY0NqYnhkTVY4OVAzWGlyUT09:6146
[   36632ms] [LOG] Masukkan Atas Nama @ https://phbidlautdemo.prahu-hub.com/adminprahu/SettingRelasi/cFQ3Mk1GY0NqYnhkTVY4OVAzWGlyUT09:6146
[   36632ms] [LOG] Masukkan Nomor VA @ https://phbidlautdemo.prahu-hub.com/adminprahu/SettingRelasi/cFQ3Mk1GY0NqYnhkTVY4OVAzWGlyUT09:6146
[   36632ms] [LOG] undefined @ https://phbidlautdemo.prahu-hub.com/adminprahu/SettingRelasi/cFQ3Mk1GY0NqYnhkTVY4OVAzWGlyUT09:6146
[   36632ms] [LOG] undefined @ https://phbidlautdemo.prahu-hub.com/adminprahu/SettingRelasi/cFQ3Mk1GY0NqYnhkTVY4OVAzWGlyUT09:6146
[   36632ms] [LOG] Masukkan Nomor VA @ https://phbidlautdemo.prahu-hub.com/adminprahu/SettingRelasi/cFQ3Mk1GY0NqYnhkTVY4OVAzWGlyUT09:6146
[   36632ms] [LOG] Masukkan Atas Nama @ https://phbidlautdemo.prahu-hub.com/adminprahu/SettingRelasi/cFQ3Mk1GY0NqYnhkTVY4OVAzWGlyUT09:6146
[   36634ms] [LOG] WebSocket connection @ https://phbidlautdemo.prahu-hub.com/adminprahu/SettingRelasi/cFQ3Mk1GY0NqYnhkTVY4OVAzWGlyUT09:6189
[   36634ms] [LOG] WebSocket connection attempting... @ https://phbidlautdemo.prahu-hub.com/adminprahu/SettingRelasi/cFQ3Mk1GY0NqYnhkTVY4OVAzWGlyUT09:6267
[   36729ms] [LOG] 3 @ https://phbidlautdemo.prahu-hub.com/_resources/themes/prahutheme/javascript/custom/SettingRelasi.js?m=1787972929:540
[   36729ms] [LOG] 3 countView1 1 pageNow 20 limitView1 @ https://phbidlautdemo.prahu-hub.com/_resources/themes/prahutheme/javascript/custom/SettingRelasi.js?m=1787972929:542
[   36729ms] [LOG] 3 @ https://phbidlautdemo.prahu-hub.com/_resources/themes/prahutheme/javascript/custom/SettingRelasi.js?m=1787972929:548
[   36730ms] [LOG] 3 jumlah data @ https://phbidlautdemo.prahu-hub.com/_resources/themes/prahutheme/javascript/custom/SettingRelasi.js?m=1787972929:503
[   36730ms] [LOG] 1 @ https://phbidlautdemo.prahu-hub.com/_resources/themes/prahutheme/javascript/custom/SettingRelasi.js?m=1787972929:505
[   36730ms] [LOG] 1 1 pageCount & pageNow @ https://phbidlautdemo.prahu-hub.com/_resources/themes/prahutheme/javascript/custom/SettingRelasi.js?m=1787972929:428
[   36733ms] [LOG] 200 xhrglobal @ https://phbidlautdemo.prahu-hub.com/adminprahu/SettingRelasi/cFQ3Mk1GY0NqYnhkTVY4OVAzWGlyUT09:6120
[   36744ms] ReferenceError: renderTooltipHarga is not defined
    at https://phbidlautdemo.prahu-hub.com/_resources/themes/prahutheme/javascript/custom/SettingRelasi.js?m=1787972929:639:9
[   36809ms] [LOG] WebSocket connected @ https://phbidlautdemo.prahu-hub.com/adminprahu/SettingRelasi/cFQ3Mk1GY0NqYnhkTVY4OVAzWGlyUT09:6198
[   36813ms] [LOG] update_dashboard_order_laut @ https://phbidlautdemo.prahu-hub.com/adminprahu/SettingRelasi/cFQ3Mk1GY0NqYnhkTVY4OVAzWGlyUT09:6239
[   36851ms] [LOG] Connected @ https://phbidlautdemo.prahu-hub.com/adminprahu/SettingRelasi/cFQ3Mk1GY0NqYnhkTVY4OVAzWGlyUT09:6239
[   37003ms] [LOG] 200 xhrglobal @ https://phbidlautdemo.prahu-hub.com/adminprahu/SettingRelasi/cFQ3Mk1GY0NqYnhkTVY4OVAzWGlyUT09:6120
[   37064ms] [LOG] 200 xhrglobal @ https://phbidlautdemo.prahu-hub.com/adminprahu/SettingRelasi/cFQ3Mk1GY0NqYnhkTVY4OVAzWGlyUT09:6120
[   39444ms] Unexpected token '<'
[   39475ms] Cannot use import statement outside a module
[   39503ms] ReferenceError: Chart is not defined
    at https://phbidlautdemo.prahu-hub.com/_resources/themes/prahutheme/js/scripts-init/charts/chartjs.js:8:13
[   39681ms] Unexpected token '<'
[   39682ms] Unexpected token '<'
[   39749ms] Uncaught TypeError: expect element to be DOM Element, but got null
    at n.init (https://cdnjs.cloudflare.com/ajax/libs/smooth-scrollbar/8.5.2/smooth-scrollbar.js:24:264)
    at <anonymous> (https://phbidlautdemo.prahu-hub.com/adminprahu/SettingRelasi/NHpuVlRwTlU1ZExiWDBQaWJDRnkrQT09:5803:14)
[   39798ms] [LOG] Validasi Akunnamanya @ https://phbidlautdemo.prahu-hub.com/adminprahu/SettingRelasi/NHpuVlRwTlU1ZExiWDBQaWJDRnkrQT09:2040
[   39826ms] [LOG] undefined @ https://phbidlautdemo.prahu-hub.com/adminprahu/SettingRelasi/NHpuVlRwTlU1ZExiWDBQaWJDRnkrQT09:6156
[   39826ms] [LOG] undefined @ https://phbidlautdemo.prahu-hub.com/adminprahu/SettingRelasi/NHpuVlRwTlU1ZExiWDBQaWJDRnkrQT09:6156
[   39827ms] [LOG] 1xx @ https://phbidlautdemo.prahu-hub.com/adminprahu/SettingRelasi/NHpuVlRwTlU1ZExiWDBQaWJDRnkrQT09:6156
[   39827ms] [LOG] DD/MM/YYYY @ https://phbidlautdemo.prahu-hub.com/adminprahu/SettingRelasi/NHpuVlRwTlU1ZExiWDBQaWJDRnkrQT09:6156
[   39827ms] [LOG] Masukkan Relasi Transporter @ https://phbidlautdemo.prahu-hub.com/adminprahu/SettingRelasi/NHpuVlRwTlU1ZExiWDBQaWJDRnkrQT09:6156
[   39827ms] [LOG] Masukkan Atas Nama @ https://phbidlautdemo.prahu-hub.com/adminprahu/SettingRelasi/NHpuVlRwTlU1ZExiWDBQaWJDRnkrQT09:6156
[   39827ms] [LOG] Masukkan Nomor VA @ https://phbidlautdemo.prahu-hub.com/adminprahu/SettingRelasi/NHpuVlRwTlU1ZExiWDBQaWJDRnkrQT09:6156
[   39828ms] [LOG] undefined @ https://phbidlautdemo.prahu-hub.com/adminprahu/SettingRelasi/NHpuVlRwTlU1ZExiWDBQaWJDRnkrQT09:6156
[   39828ms] [LOG] undefined @ https://phbidlautdemo.prahu-hub.com/adminprahu/SettingRelasi/NHpuVlRwTlU1ZExiWDBQaWJDRnkrQT09:6156
[   39828ms] [LOG] Masukkan Nomor VA @ https://phbidlautdemo.prahu-hub.com/adminprahu/SettingRelasi/NHpuVlRwTlU1ZExiWDBQaWJDRnkrQT09:6156
[   39828ms] [LOG] Masukkan Atas Nama @ https://phbidlautdemo.prahu-hub.com/adminprahu/SettingRelasi/NHpuVlRwTlU1ZExiWDBQaWJDRnkrQT09:6156
[   39829ms] [LOG] WebSocket connection @ https://phbidlautdemo.prahu-hub.com/adminprahu/SettingRelasi/NHpuVlRwTlU1ZExiWDBQaWJDRnkrQT09:6199
[   39830ms] [LOG] WebSocket connection attempting... @ https://phbidlautdemo.prahu-hub.com/adminprahu/SettingRelasi/NHpuVlRwTlU1ZExiWDBQaWJDRnkrQT09:6277
[   39922ms] [LOG] 2 @ https://phbidlautdemo.prahu-hub.com/_resources/themes/prahutheme/javascript/custom/SettingRelasi.js?m=1787972929:540
[   39922ms] [LOG] 2 countView1 1 pageNow 20 limitView1 @ https://phbidlautdemo.prahu-hub.com/_resources/themes/prahutheme/javascript/custom/SettingRelasi.js?m=1787972929:542
[   39922ms] [LOG] 2 @ https://phbidlautdemo.prahu-hub.com/_resources/themes/prahutheme/javascript/custom/SettingRelasi.js?m=1787972929:548
[   39922ms] [LOG] 2 jumlah data @ https://phbidlautdemo.prahu-hub.com/_resources/themes/prahutheme/javascript/custom/SettingRelasi.js?m=1787972929:503
[   39922ms] [LOG] 1 @ https://phbidlautdemo.prahu-hub.com/_resources/themes/prahutheme/javascript/custom/SettingRelasi.js?m=1787972929:505
[   39923ms] [LOG] 1 1 pageCount & pageNow @ https://phbidlautdemo.prahu-hub.com/_resources/themes/prahutheme/javascript/custom/SettingRelasi.js?m=1787972929:428
[   39927ms] [LOG] 200 xhrglobal @ https://phbidlautdemo.prahu-hub.com/adminprahu/SettingRelasi/NHpuVlRwTlU1ZExiWDBQaWJDRnkrQT09:6130
[   39945ms] ReferenceError: renderTooltipHarga is not defined
    at https://phbidlautdemo.prahu-hub.com/_resources/themes/prahutheme/javascript/custom/SettingRelasi.js?m=1787972929:639:9
[   40021ms] [LOG] WebSocket connected @ https://phbidlautdemo.prahu-hub.com/adminprahu/SettingRelasi/NHpuVlRwTlU1ZExiWDBQaWJDRnkrQT09:6208
[   40025ms] [LOG] update_dashboard_order_laut @ https://phbidlautdemo.prahu-hub.com/adminprahu/SettingRelasi/NHpuVlRwTlU1ZExiWDBQaWJDRnkrQT09:6249
[   40083ms] [LOG] Connected @ https://phbidlautdemo.prahu-hub.com/adminprahu/SettingRelasi/NHpuVlRwTlU1ZExiWDBQaWJDRnkrQT09:6249
[   40173ms] [LOG] 200 xhrglobal @ https://phbidlautdemo.prahu-hub.com/adminprahu/SettingRelasi/NHpuVlRwTlU1ZExiWDBQaWJDRnkrQT09:6130
[   40238ms] [LOG] 200 xhrglobal @ https://phbidlautdemo.prahu-hub.com/adminprahu/SettingRelasi/NHpuVlRwTlU1ZExiWDBQaWJDRnkrQT09:6130
[   41812ms] TypeError: $(...).DataTable is not a function
    at https://phbidlautdemo.prahu-hub.com/_resources/themes/prahutheme/js/scripts-init/tables.js:7:23
