[    1908ms] Cannot use import statement outside a module
[    1953ms] ReferenceError: Chart is not defined
    at https://phbidlautdemo.prahu-hub.com/_resources/themes/prahutheme/js/scripts-init/charts/chartjs.js:8:13
[    1954ms] Unexpected token '<'
[    1955ms] Unexpected token '<'
[    2028ms] Uncaught TypeError: expect element to be DOM Element, but got null
    at n.init (https://cdnjs.cloudflare.com/ajax/libs/smooth-scrollbar/8.5.2/smooth-scrollbar.js:24:264)
    at <anonymous> (https://phbidlautdemo.prahu-hub.com/adminprahu/settingpajak:5490:14)
[    2049ms] [LOG] Settingsnamanya @ https://phbidlautdemo.prahu-hub.com/adminprahu/settingpajak:2039
[    2063ms] [LOG] undefined @ https://phbidlautdemo.prahu-hub.com/adminprahu/settingpajak:5843
[    2063ms] [LOG] Masukkan Nama Item @ https://phbidlautdemo.prahu-hub.com/adminprahu/settingpajak:5843
[    2063ms] [LOG] 0 @ https://phbidlautdemo.prahu-hub.com/adminprahu/settingpajak:5843
[    2064ms] [LOG] WebSocket connection @ https://phbidlautdemo.prahu-hub.com/adminprahu/settingpajak:5886
[    2064ms] [LOG] WebSocket connection attempting... @ https://phbidlautdemo.prahu-hub.com/adminprahu/settingpajak:5964
[    2202ms] [LOG] WebSocket connected @ https://phbidlautdemo.prahu-hub.com/adminprahu/settingpajak:5895
[    2205ms] [LOG] update_dashboard_order_laut @ https://phbidlautdemo.prahu-hub.com/adminprahu/settingpajak:5936
[    2239ms] [LOG] Connected @ https://phbidlautdemo.prahu-hub.com/adminprahu/settingpajak:5936
[    2388ms] [LOG] 200 xhrglobal @ https://phbidlautdemo.prahu-hub.com/adminprahu/settingpajak:5817
[    2448ms] [LOG] 200 xhrglobal @ https://phbidlautdemo.prahu-hub.com/adminprahu/settingpajak:5817
[    4067ms] TypeError: $(...).DataTable is not a function
    at https://phbidlautdemo.prahu-hub.com/_resources/themes/prahutheme/js/scripts-init/tables.js:7:23
[   11172ms] [LOG] 200 xhrglobal @ https://phbidlautdemo.prahu-hub.com/adminprahu/settingpajak:5817
[   11410ms] [LOG] ok @ https://phbidlautdemo.prahu-hub.com/adminprahu/settingpajak:5150
[   11414ms] [LOG] 200 xhrglobal @ https://phbidlautdemo.prahu-hub.com/adminprahu/settingpajak:5817
[   14352ms] Cannot use import statement outside a module
[   14388ms] ReferenceError: Chart is not defined
    at https://phbidlautdemo.prahu-hub.com/_resources/themes/prahutheme/js/scripts-init/charts/chartjs.js:8:13
[   14390ms] Unexpected token '<'
[   14392ms] Unexpected token '<'
[   14467ms] Uncaught TypeError: expect element to be DOM Element, but got null
    at n.init (https://cdnjs.cloudflare.com/ajax/libs/smooth-scrollbar/8.5.2/smooth-scrollbar.js:24:264)
    at <anonymous> (https://phbidlautdemo.prahu-hub.com/adminprahu/settingpajak:5495:14)
[   14499ms] [LOG] Settingsnamanya @ https://phbidlautdemo.prahu-hub.com/adminprahu/settingpajak:2039
[   14512ms] [LOG] undefined @ https://phbidlautdemo.prahu-hub.com/adminprahu/settingpajak:5848
[   14512ms] [LOG] Masukkan Nama Item @ https://phbidlautdemo.prahu-hub.com/adminprahu/settingpajak:5848
[   14513ms] [LOG] 0 @ https://phbidlautdemo.prahu-hub.com/adminprahu/settingpajak:5848
[   14514ms] [LOG] WebSocket connection @ https://phbidlautdemo.prahu-hub.com/adminprahu/settingpajak:5891
[   14514ms] [LOG] WebSocket connection attempting... @ https://phbidlautdemo.prahu-hub.com/adminprahu/settingpajak:5969
[   14653ms] [LOG] WebSocket connected @ https://phbidlautdemo.prahu-hub.com/adminprahu/settingpajak:5900
[   14659ms] [LOG] update_dashboard_order_laut @ https://phbidlautdemo.prahu-hub.com/adminprahu/settingpajak:5941
[   14686ms] [LOG] Connected @ https://phbidlautdemo.prahu-hub.com/adminprahu/settingpajak:5941
[   14884ms] [LOG] 200 xhrglobal @ https://phbidlautdemo.prahu-hub.com/adminprahu/settingpajak:5822
[   14944ms] [LOG] 200 xhrglobal @ https://phbidlautdemo.prahu-hub.com/adminprahu/settingpajak:5822
[   16512ms] TypeError: $(...).DataTable is not a function
    at https://phbidlautdemo.prahu-hub.com/_resources/themes/prahutheme/js/scripts-init/tables.js:7:23
