[    1199ms] Cannot use import statement outside a module
[    1214ms] ReferenceError: Chart is not defined
    at https://phbidlautdemo.prahu-hub.com/_resources/themes/prahutheme/js/scripts-init/charts/chartjs.js:8:13
[    1438ms] Unexpected token '<'
[    1438ms] Unexpected token '<'
[    1510ms] Uncaught TypeError: expect element to be DOM Element, but got null
    at <anonymous> (https://cdnjs.cloudflare.com/ajax/libs/smooth-scrollbar/8.5.2/smooth-scrollbar.js:24:264)
    at <anonymous> (https://phbidlautdemo.prahu-hub.com/home/history_lelang:5505:14)
[    1551ms] [LOG] Laporannamanya @ https://phbidlautdemo.prahu-hub.com/home/history_lelang:2039
[    1586ms] [LOG] DD/MM/YYYY @ https://phbidlautdemo.prahu-hub.com/home/history_lelang:5858
[    1587ms] [LOG] DD/MM/YYYY @ https://phbidlautdemo.prahu-hub.com/home/history_lelang:5858
[    1587ms] [LOG] undefined @ https://phbidlautdemo.prahu-hub.com/home/history_lelang:5858
[    1588ms] [LOG] WebSocket connection @ https://phbidlautdemo.prahu-hub.com/home/history_lelang:5901
[    1588ms] [LOG] WebSocket connection attempting... @ https://phbidlautdemo.prahu-hub.com/home/history_lelang:5979
[    1773ms] [LOG] WebSocket connected @ https://phbidlautdemo.prahu-hub.com/home/history_lelang:5910
[    1784ms] [LOG] update_dashboard_order_laut @ https://phbidlautdemo.prahu-hub.com/home/history_lelang:5951
[    1804ms] [LOG] Connected @ https://phbidlautdemo.prahu-hub.com/home/history_lelang:5951
[    1916ms] [LOG] 200 xhrglobal @ https://phbidlautdemo.prahu-hub.com/home/history_lelang:5832
[    1972ms] [LOG] 200 xhrglobal @ https://phbidlautdemo.prahu-hub.com/home/history_lelang:5832
[    3564ms] TypeError: $(...).DataTable is not a function
    at https://phbidlautdemo.prahu-hub.com/_resources/themes/prahutheme/js/scripts-init/tables.js:7:23
[   22560ms] [LOG] 01/06/2026 @ https://phbidlautdemo.prahu-hub.com/home/history_lelang:5056
[   22560ms] [LOG] 29/08/2026 @ https://phbidlautdemo.prahu-hub.com/home/history_lelang:5057
[   23861ms] Cannot use import statement outside a module
[   23884ms] ReferenceError: Chart is not defined
    at https://phbidlautdemo.prahu-hub.com/_resources/themes/prahutheme/js/scripts-init/charts/chartjs.js:8:13
[   23972ms] Unexpected token '<'
[   23977ms] Unexpected token '<'
[   24123ms] Uncaught TypeError: expect element to be DOM Element, but got null
    at <anonymous> (https://cdnjs.cloudflare.com/ajax/libs/smooth-scrollbar/8.5.2/smooth-scrollbar.js:24:264)
    at <anonymous> (https://phbidlautdemo.prahu-hub.com/home/history_lelang?tgl_awal=01%2F06%2F2026&tgl_akhir=29%2F08%2F2026&status_filter=1&BidOwnerID=65:5612:14)
[   24199ms] [LOG] Laporannamanya @ https://phbidlautdemo.prahu-hub.com/home/history_lelang?tgl_awal=01%2F06%2F2026&tgl_akhir=29%2F08%2F2026&status_filter=1&BidOwnerID=65:2040
[   24251ms] [LOG] DD/MM/YYYY @ https://phbidlautdemo.prahu-hub.com/home/history_lelang?tgl_awal=01%2F06%2F2026&tgl_akhir=29%2F08%2F2026&status_filter=1&BidOwnerID=65:5965
[   24252ms] [LOG] DD/MM/YYYY @ https://phbidlautdemo.prahu-hub.com/home/history_lelang?tgl_awal=01%2F06%2F2026&tgl_akhir=29%2F08%2F2026&status_filter=1&BidOwnerID=65:5965
[   24252ms] [LOG] undefined @ https://phbidlautdemo.prahu-hub.com/home/history_lelang?tgl_awal=01%2F06%2F2026&tgl_akhir=29%2F08%2F2026&status_filter=1&BidOwnerID=65:5965
[   24256ms] [LOG] WebSocket connection @ https://phbidlautdemo.prahu-hub.com/home/history_lelang?tgl_awal=01%2F06%2F2026&tgl_akhir=29%2F08%2F2026&status_filter=1&BidOwnerID=65:6008
[   24257ms] [LOG] WebSocket connection attempting... @ https://phbidlautdemo.prahu-hub.com/home/history_lelang?tgl_awal=01%2F06%2F2026&tgl_akhir=29%2F08%2F2026&status_filter=1&BidOwnerID=65:6086
[   24428ms] [LOG] WebSocket connected @ https://phbidlautdemo.prahu-hub.com/home/history_lelang?tgl_awal=01%2F06%2F2026&tgl_akhir=29%2F08%2F2026&status_filter=1&BidOwnerID=65:6017
[   24432ms] [LOG] update_dashboard_order_laut @ https://phbidlautdemo.prahu-hub.com/home/history_lelang?tgl_awal=01%2F06%2F2026&tgl_akhir=29%2F08%2F2026&status_filter=1&BidOwnerID=65:6058
[   24460ms] [LOG] Connected @ https://phbidlautdemo.prahu-hub.com/home/history_lelang?tgl_awal=01%2F06%2F2026&tgl_akhir=29%2F08%2F2026&status_filter=1&BidOwnerID=65:6058
[   24469ms] [LOG] {ID: 1092, nomer: 15, nomerlelang: AUTOTEST/1787976607809, tgl_buka: 2026-08-29 11:10:00, tanggal_buka: 29/08/2026 11:10} @ https://phbidlautdemo.prahu-hub.com/_resources/themes/prahutheme/javascript/custom/history_lelang.js?m=1787972929:22
[   24469ms] [LOG] {ID: 1091, nomer: 14, nomerlelang: AUTOTEST/1787974086489, tgl_buka: 2026-08-29 10:28:00, tanggal_buka: 29/08/2026 10:28} @ https://phbidlautdemo.prahu-hub.com/_resources/themes/prahutheme/javascript/custom/history_lelang.js?m=1787972929:22
[   24469ms] [LOG] {ID: 1089, nomer: 13, nomerlelang: LELANGFCU/28082026IK, tgl_buka: 2026-08-27 09:09:00, tanggal_buka: 27/08/2026 09:09} @ https://phbidlautdemo.prahu-hub.com/_resources/themes/prahutheme/javascript/custom/history_lelang.js?m=1787972929:22
[   24470ms] [LOG] {ID: 1084, nomer: 12, nomerlelang: AUTOTEST/1787210351645, tgl_buka: 2026-08-20 14:19:00, tanggal_buka: 20/08/2026 14:19} @ https://phbidlautdemo.prahu-hub.com/_resources/themes/prahutheme/javascript/custom/history_lelang.js?m=1787972929:22
[   24471ms] [LOG] {ID: 1083, nomer: 11, nomerlelang: AUTOTEST/1787208128236, tgl_buka: 2026-08-20 13:42:00, tanggal_buka: 20/08/2026 13:42} @ https://phbidlautdemo.prahu-hub.com/_resources/themes/prahutheme/javascript/custom/history_lelang.js?m=1787972929:22
[   24472ms] [LOG] {ID: 1079, nomer: 10, nomerlelang: AUTOTEST/1786692580852, tgl_buka: 2026-08-20 09:00:00, tanggal_buka: 20/08/2026 09:00} @ https://phbidlautdemo.prahu-hub.com/_resources/themes/prahutheme/javascript/custom/history_lelang.js?m=1787972929:22
[   24472ms] [LOG] {ID: 1078, nomer: 9, nomerlelang: AUTOTEST/1786692386097, tgl_buka: 2026-08-20 09:00:00, tanggal_buka: 20/08/2026 09:00} @ https://phbidlautdemo.prahu-hub.com/_resources/themes/prahutheme/javascript/custom/history_lelang.js?m=1787972929:22
[   24472ms] [LOG] {ID: 1077, nomer: 8, nomerlelang: AUTOTEST/1786691265496, tgl_buka: 2026-08-20 09:00:00, tanggal_buka: 20/08/2026 09:00} @ https://phbidlautdemo.prahu-hub.com/_resources/themes/prahutheme/javascript/custom/history_lelang.js?m=1787972929:22
[   24474ms] [LOG] {ID: 1076, nomer: 7, nomerlelang: AUTOTEST/1786690693880, tgl_buka: 2026-08-20 09:00:00, tanggal_buka: 20/08/2026 09:00} @ https://phbidlautdemo.prahu-hub.com/_resources/themes/prahutheme/javascript/custom/history_lelang.js?m=1787972929:22
[   24475ms] [LOG] {ID: 1075, nomer: 6, nomerlelang: AUTOTEST/1786690601096, tgl_buka: 2026-08-20 09:00:00, tanggal_buka: 20/08/2026 09:00} @ https://phbidlautdemo.prahu-hub.com/_resources/themes/prahutheme/javascript/custom/history_lelang.js?m=1787972929:22
[   24475ms] [LOG] {ID: 1074, nomer: 5, nomerlelang: AUTOTEST/1786690391538, tgl_buka: 2026-08-20 09:00:00, tanggal_buka: 20/08/2026 09:00} @ https://phbidlautdemo.prahu-hub.com/_resources/themes/prahutheme/javascript/custom/history_lelang.js?m=1787972929:22
[   24475ms] [LOG] {ID: 1073, nomer: 4, nomerlelang: AUTOTEST/08/26-JKT, tgl_buka: 2026-08-20 09:00:00, tanggal_buka: 20/08/2026 09:00} @ https://phbidlautdemo.prahu-hub.com/_resources/themes/prahutheme/javascript/custom/history_lelang.js?m=1787972929:22
[   24476ms] [LOG] {ID: 1062, nomer: 3, nomerlelang: QA/06/26-ORD1, tgl_buka: 2026-06-15 22:26:00, tanggal_buka: 15/06/2026 22:26} @ https://phbidlautdemo.prahu-hub.com/_resources/themes/prahutheme/javascript/custom/history_lelang.js?m=1787972929:22
[   24476ms] [LOG] {ID: 1060, nomer: 2, nomerlelang: QA/06/26-E2E1, tgl_buka: 2026-06-15 20:45:00, tanggal_buka: 15/06/2026 20:45} @ https://phbidlautdemo.prahu-hub.com/_resources/themes/prahutheme/javascript/custom/history_lelang.js?m=1787972929:22
[   24476ms] [LOG] {ID: 1053, nomer: 1, nomerlelang: LELANG0001, tgl_buka: 2026-06-01 07:35:00, tanggal_buka: 01/06/2026 07:35} @ https://phbidlautdemo.prahu-hub.com/_resources/themes/prahutheme/javascript/custom/history_lelang.js?m=1787972929:22
[   24482ms] [LOG] 15 @ https://phbidlautdemo.prahu-hub.com/_resources/themes/prahutheme/javascript/custom/history_lelang.js?m=1787972929:353
[   24482ms] [LOG] 15 countView1 1 pageNow 20 limitView1 @ https://phbidlautdemo.prahu-hub.com/_resources/themes/prahutheme/javascript/custom/history_lelang.js?m=1787972929:355
[   24485ms] [LOG] 15 @ https://phbidlautdemo.prahu-hub.com/_resources/themes/prahutheme/javascript/custom/history_lelang.js?m=1787972929:361
[   24486ms] [LOG] 15 jumlah data @ https://phbidlautdemo.prahu-hub.com/_resources/themes/prahutheme/javascript/custom/history_lelang.js?m=1787972929:316
[   24487ms] [LOG] 1 @ https://phbidlautdemo.prahu-hub.com/_resources/themes/prahutheme/javascript/custom/history_lelang.js?m=1787972929:318
[   24488ms] [LOG] 1 1 pageCount & pageNow @ https://phbidlautdemo.prahu-hub.com/_resources/themes/prahutheme/javascript/custom/history_lelang.js?m=1787972929:241
[   24493ms] [LOG] 200 xhrglobal @ https://phbidlautdemo.prahu-hub.com/home/history_lelang?tgl_awal=01%2F06%2F2026&tgl_akhir=29%2F08%2F2026&status_filter=1&BidOwnerID=65:5939
[   24504ms] ReferenceError: renderTooltipHarga is not defined
    at https://phbidlautdemo.prahu-hub.com/_resources/themes/prahutheme/javascript/custom/history_lelang.js?m=1787972929:445:9
[   24594ms] [LOG] 200 xhrglobal @ https://phbidlautdemo.prahu-hub.com/home/history_lelang?tgl_awal=01%2F06%2F2026&tgl_akhir=29%2F08%2F2026&status_filter=1&BidOwnerID=65:5939
[   24645ms] [LOG] 200 xhrglobal @ https://phbidlautdemo.prahu-hub.com/home/history_lelang?tgl_awal=01%2F06%2F2026&tgl_akhir=29%2F08%2F2026&status_filter=1&BidOwnerID=65:5939
[   26214ms] TypeError: $(...).DataTable is not a function
    at https://phbidlautdemo.prahu-hub.com/_resources/themes/prahutheme/js/scripts-init/tables.js:7:23
