[    1042ms] Cannot use import statement outside a module
[    1062ms] ReferenceError: Chart is not defined
    at https://phbidlautdemo.prahu-hub.com/_resources/themes/prahutheme/js/scripts-init/charts/chartjs.js:8:13
[    1104ms] Unexpected token '<'
[    1226ms] Unexpected token '<'
[    1336ms] Uncaught TypeError: expect element to be DOM Element, but got null
    at <anonymous> (https://cdnjs.cloudflare.com/ajax/libs/smooth-scrollbar/8.5.2/smooth-scrollbar.js:24:264)
    at <anonymous> (https://phbidlautdemo.prahu-hub.com/home/laporanlogistik:5558:14)
[    1364ms] [LOG] Laporannamanya @ https://phbidlautdemo.prahu-hub.com/home/laporanlogistik:2039
[    1384ms] [LOG] DD/MM/YYYY @ https://phbidlautdemo.prahu-hub.com/home/laporanlogistik:5911
[    1384ms] [LOG] DD/MM/YYYY @ https://phbidlautdemo.prahu-hub.com/home/laporanlogistik:5911
[    1384ms] [LOG] undefined @ https://phbidlautdemo.prahu-hub.com/home/laporanlogistik:5911
[    1386ms] [LOG] WebSocket connection @ https://phbidlautdemo.prahu-hub.com/home/laporanlogistik:5954
[    1386ms] [LOG] WebSocket connection attempting... @ https://phbidlautdemo.prahu-hub.com/home/laporanlogistik:6032
[    1549ms] [LOG] WebSocket connected @ https://phbidlautdemo.prahu-hub.com/home/laporanlogistik:5963
[    1554ms] [LOG] update_dashboard_order_laut @ https://phbidlautdemo.prahu-hub.com/home/laporanlogistik:6004
[    1595ms] [LOG] Connected @ https://phbidlautdemo.prahu-hub.com/home/laporanlogistik:6004
[    1771ms] [LOG] 200 xhrglobal @ https://phbidlautdemo.prahu-hub.com/home/laporanlogistik:5885
[    1796ms] [LOG] 200 xhrglobal @ https://phbidlautdemo.prahu-hub.com/home/laporanlogistik:5885
[    3375ms] TypeError: $(...).DataTable is not a function
    at https://phbidlautdemo.prahu-hub.com/_resources/themes/prahutheme/js/scripts-init/tables.js:7:23
[   13377ms] [LOG] 2026-08-01 @ https://phbidlautdemo.prahu-hub.com/home/laporanlogistik:5129
[   13378ms] [LOG] 2026-08-31 @ https://phbidlautdemo.prahu-hub.com/home/laporanlogistik:5130
[   21991ms] [LOG] ce.fn.init a @ https://phbidlautdemo.prahu-hub.com/home/laporanlogistik:5184
[   21994ms] [LOG] ce.fn.init b @ https://phbidlautdemo.prahu-hub.com/home/laporanlogistik:5198
[   21999ms] [LOG] 01/08/2026 @ https://phbidlautdemo.prahu-hub.com/home/laporanlogistik:5073
[   21999ms] [LOG] 30/08/2026 @ https://phbidlautdemo.prahu-hub.com/home/laporanlogistik:5074
[   23089ms] Cannot use import statement outside a module
[   23127ms] ReferenceError: Chart is not defined
    at https://phbidlautdemo.prahu-hub.com/_resources/themes/prahutheme/js/scripts-init/charts/chartjs.js:8:13
[   23147ms] Unexpected token '<'
[   23260ms] Unexpected token '<'
[   23331ms] Uncaught TypeError: expect element to be DOM Element, but got null
    at <anonymous> (https://cdnjs.cloudflare.com/ajax/libs/smooth-scrollbar/8.5.2/smooth-scrollbar.js:24:264)
    at <anonymous> (https://phbidlautdemo.prahu-hub.com/home/laporanlogistik?tgl_awal=01%2F08%2F2026&tgl_akhir=30%2F08%2F2026&status_filter=1&BidOwnerID=123:5708:14)
[   23375ms] [LOG] Laporannamanya @ https://phbidlautdemo.prahu-hub.com/home/laporanlogistik?tgl_awal=01%2F08%2F2026&tgl_akhir=30%2F08%2F2026&status_filter=1&BidOwnerID=123:2040
[   23410ms] [LOG] DD/MM/YYYY @ https://phbidlautdemo.prahu-hub.com/home/laporanlogistik?tgl_awal=01%2F08%2F2026&tgl_akhir=30%2F08%2F2026&status_filter=1&BidOwnerID=123:6061
[   23410ms] [LOG] DD/MM/YYYY @ https://phbidlautdemo.prahu-hub.com/home/laporanlogistik?tgl_awal=01%2F08%2F2026&tgl_akhir=30%2F08%2F2026&status_filter=1&BidOwnerID=123:6061
[   23410ms] [LOG] undefined @ https://phbidlautdemo.prahu-hub.com/home/laporanlogistik?tgl_awal=01%2F08%2F2026&tgl_akhir=30%2F08%2F2026&status_filter=1&BidOwnerID=123:6061
[   23410ms] [LOG] undefined @ https://phbidlautdemo.prahu-hub.com/home/laporanlogistik?tgl_awal=01%2F08%2F2026&tgl_akhir=30%2F08%2F2026&status_filter=1&BidOwnerID=123:6061
[   23412ms] [LOG] WebSocket connection @ https://phbidlautdemo.prahu-hub.com/home/laporanlogistik?tgl_awal=01%2F08%2F2026&tgl_akhir=30%2F08%2F2026&status_filter=1&BidOwnerID=123:6104
[   23412ms] [LOG] WebSocket connection attempting... @ https://phbidlautdemo.prahu-hub.com/home/laporanlogistik?tgl_awal=01%2F08%2F2026&tgl_akhir=30%2F08%2F2026&status_filter=1&BidOwnerID=123:6182
[   23569ms] [LOG] 200 xhrglobal @ https://phbidlautdemo.prahu-hub.com/home/laporanlogistik?tgl_awal=01%2F08%2F2026&tgl_akhir=30%2F08%2F2026&status_filter=1&BidOwnerID=123:6035
[   23579ms] [LOG] WebSocket connected @ https://phbidlautdemo.prahu-hub.com/home/laporanlogistik?tgl_awal=01%2F08%2F2026&tgl_akhir=30%2F08%2F2026&status_filter=1&BidOwnerID=123:6113
[   23583ms] [LOG] update_dashboard_order_laut @ https://phbidlautdemo.prahu-hub.com/home/laporanlogistik?tgl_awal=01%2F08%2F2026&tgl_akhir=30%2F08%2F2026&status_filter=1&BidOwnerID=123:6154
[   23611ms] [LOG] Connected @ https://phbidlautdemo.prahu-hub.com/home/laporanlogistik?tgl_awal=01%2F08%2F2026&tgl_akhir=30%2F08%2F2026&status_filter=1&BidOwnerID=123:6154
[   23725ms] [LOG] [Array(0)] shownya @ https://phbidlautdemo.prahu-hub.com/_resources/themes/prahutheme/javascript/custom/laporanlogistik.js?m=1787972929:677
[   23728ms] [LOG] aam 0 @ https://phbidlautdemo.prahu-hub.com/_resources/themes/prahutheme/javascript/custom/laporanlogistik.js?m=1787972929:690
[   23728ms] [LOG] 0 sdsad ff @ https://phbidlautdemo.prahu-hub.com/_resources/themes/prahutheme/javascript/custom/laporanlogistik.js?m=1787972929:618
[   23729ms] [LOG] undefined aamshow @ https://phbidlautdemo.prahu-hub.com/_resources/themes/prahutheme/javascript/custom/laporanlogistik.js?m=1787972929:691
[   23730ms] [LOG] [] @ https://phbidlautdemo.prahu-hub.com/_resources/themes/prahutheme/javascript/custom/laporanlogistik.js?m=1787972929:43
[   23731ms] [LOG] [] aamdata @ https://phbidlautdemo.prahu-hub.com/_resources/themes/prahutheme/javascript/custom/laporanlogistik.js?m=1787972929:117
[   23732ms] [LOG] 0 sdsad ff @ https://phbidlautdemo.prahu-hub.com/_resources/themes/prahutheme/javascript/custom/laporanlogistik.js?m=1787972929:618
[   23736ms] [LOG] 200 xhrglobal @ https://phbidlautdemo.prahu-hub.com/home/laporanlogistik?tgl_awal=01%2F08%2F2026&tgl_akhir=30%2F08%2F2026&status_filter=1&BidOwnerID=123:6035
[   23737ms] [LOG] ce.fn.init stepItem @ https://phbidlautdemo.prahu-hub.com/_resources/themes/prahutheme/javascript/custom/laporanlogistik.js?m=1787972929:477
[   23858ms] [LOG] 200 xhrglobal @ https://phbidlautdemo.prahu-hub.com/home/laporanlogistik?tgl_awal=01%2F08%2F2026&tgl_akhir=30%2F08%2F2026&status_filter=1&BidOwnerID=123:6035
[   23909ms] [LOG] 200 xhrglobal @ https://phbidlautdemo.prahu-hub.com/home/laporanlogistik?tgl_awal=01%2F08%2F2026&tgl_akhir=30%2F08%2F2026&status_filter=1&BidOwnerID=123:6035
[   25394ms] TypeError: $(...).DataTable is not a function
    at https://phbidlautdemo.prahu-hub.com/_resources/themes/prahutheme/js/scripts-init/tables.js:7:23
