[    3214ms] Cannot use import statement outside a module
[    3271ms] ReferenceError: Chart is not defined
    at https://phbidlautdemo.prahu-hub.com/_resources/themes/prahutheme/js/scripts-init/charts/chartjs.js:8:13
[    3272ms] Unexpected token '<'
[    3272ms] Unexpected token '<'
[    3350ms] Uncaught TypeError: expect element to be DOM Element, but got null
    at n.init (https://cdnjs.cloudflare.com/ajax/libs/smooth-scrollbar/8.5.2/smooth-scrollbar.js:24:264)
    at <anonymous> (https://phbidlautdemo.prahu-hub.com/adminprahu/setting_versi_sistem:5241:14)
[    3372ms] [LOG] Settingsnamanya @ https://phbidlautdemo.prahu-hub.com/adminprahu/setting_versi_sistem:2039
[    3386ms] [LOG] Masukkan Versi Web @ https://phbidlautdemo.prahu-hub.com/adminprahu/setting_versi_sistem:5594
[    3387ms] [LOG] Masukkan Versi APK Tracking @ https://phbidlautdemo.prahu-hub.com/adminprahu/setting_versi_sistem:5594
[    3387ms] [LOG] Masukkan Copyright APK Tracking @ https://phbidlautdemo.prahu-hub.com/adminprahu/setting_versi_sistem:5594
[    3388ms] [LOG] WebSocket connection @ https://phbidlautdemo.prahu-hub.com/adminprahu/setting_versi_sistem:5637
[    3389ms] [LOG] WebSocket connection attempting... @ https://phbidlautdemo.prahu-hub.com/adminprahu/setting_versi_sistem:5715
[    5388ms] TypeError: $(...).DataTable is not a function
    at https://phbidlautdemo.prahu-hub.com/_resources/themes/prahutheme/js/scripts-init/tables.js:7:23
[    5676ms] [LOG] WebSocket connected @ https://phbidlautdemo.prahu-hub.com/adminprahu/setting_versi_sistem:5646
[    5680ms] [LOG] update_dashboard_order_laut @ https://phbidlautdemo.prahu-hub.com/adminprahu/setting_versi_sistem:5687
[    5982ms] [LOG] 200 xhrglobal @ https://phbidlautdemo.prahu-hub.com/adminprahu/setting_versi_sistem:5568
[    6047ms] [LOG] 200 xhrglobal @ https://phbidlautdemo.prahu-hub.com/adminprahu/setting_versi_sistem:5568
[    6097ms] [LOG] Connected @ https://phbidlautdemo.prahu-hub.com/adminprahu/setting_versi_sistem:5687
