[    1585ms] Cannot use import statement outside a module
[    1620ms] ReferenceError: Chart is not defined
    at https://phbidlautdemo.prahu-hub.com/_resources/themes/prahutheme/js/scripts-init/charts/chartjs.js:8:13
[    1647ms] Unexpected token '<'
[    1648ms] Unexpected token '<'
[    1713ms] Uncaught TypeError: expect element to be DOM Element, but got null
    at n.init (https://cdnjs.cloudflare.com/ajax/libs/smooth-scrollbar/8.5.2/smooth-scrollbar.js:24:264)
    at <anonymous> (https://phbidlautdemo.prahu-hub.com/adminprahu/setting_general:5792:14)
[    1739ms] [LOG] Settingsnamanya @ https://phbidlautdemo.prahu-hub.com/adminprahu/setting_general:2039
[    1749ms] [LOG] Masukkan Versi Web @ https://phbidlautdemo.prahu-hub.com/adminprahu/setting_general:6145
[    1749ms] [LOG] Masukkan Versi APK Tracking @ https://phbidlautdemo.prahu-hub.com/adminprahu/setting_general:6145
[    1749ms] [LOG] Masukkan Copyright APK Tracking @ https://phbidlautdemo.prahu-hub.com/adminprahu/setting_general:6145
[    1749ms] [LOG] 081xxxxxx @ https://phbidlautdemo.prahu-hub.com/adminprahu/setting_general:6145
[    1749ms] [LOG] 081xxxxxx @ https://phbidlautdemo.prahu-hub.com/adminprahu/setting_general:6145
[    1749ms] [LOG] Masukkan Email @ https://phbidlautdemo.prahu-hub.com/adminprahu/setting_general:6145
[    1750ms] [LOG] Masukkan Alamat Facebook @ https://phbidlautdemo.prahu-hub.com/adminprahu/setting_general:6145
[    1750ms] [LOG] Masukkan Alamat Twitter @ https://phbidlautdemo.prahu-hub.com/adminprahu/setting_general:6145
[    1750ms] [LOG] Masukkan Alamat Instagram @ https://phbidlautdemo.prahu-hub.com/adminprahu/setting_general:6145
[    1750ms] [LOG] Masukkan Alamat Youtube @ https://phbidlautdemo.prahu-hub.com/adminprahu/setting_general:6145
[    1750ms] [LOG] Masukkan Alamat Linkedin @ https://phbidlautdemo.prahu-hub.com/adminprahu/setting_general:6145
[    1751ms] [LOG] Masukkan Email Admin @ https://phbidlautdemo.prahu-hub.com/adminprahu/setting_general:6145
[    1751ms] [LOG] undefined @ https://phbidlautdemo.prahu-hub.com/adminprahu/setting_general:6145
[    1752ms] [LOG] WebSocket connection @ https://phbidlautdemo.prahu-hub.com/adminprahu/setting_general:6188
[    1752ms] [LOG] WebSocket connection attempting... @ https://phbidlautdemo.prahu-hub.com/adminprahu/setting_general:6266
[    1954ms] [LOG] WebSocket connected @ https://phbidlautdemo.prahu-hub.com/adminprahu/setting_general:6197
[    1958ms] [LOG] update_dashboard_order_laut @ https://phbidlautdemo.prahu-hub.com/adminprahu/setting_general:6238
[    1998ms] [LOG] Connected @ https://phbidlautdemo.prahu-hub.com/adminprahu/setting_general:6238
[    2089ms] [LOG] 200 xhrglobal @ https://phbidlautdemo.prahu-hub.com/adminprahu/setting_general:6119
[    2138ms] [LOG] 200 xhrglobal @ https://phbidlautdemo.prahu-hub.com/adminprahu/setting_general:6119
[    3751ms] TypeError: $(...).DataTable is not a function
    at https://phbidlautdemo.prahu-hub.com/_resources/themes/prahutheme/js/scripts-init/tables.js:7:23
