[    2471ms] Cannot use import statement outside a module
[    2563ms] ReferenceError: Chart is not defined
    at https://phbidlautdemo.prahu-hub.com/_resources/themes/prahutheme/js/scripts-init/charts/chartjs.js:8:13
[    3008ms] Unexpected token '<'
[    3560ms] Unexpected token '<'
[    3652ms] Uncaught TypeError: expect element to be DOM Element, but got null
    at n.init (https://cdnjs.cloudflare.com/ajax/libs/smooth-scrollbar/8.5.2/smooth-scrollbar.js:24:264)
    at <anonymous> (https://phbidlautdemo.prahu-hub.com/home/analitikscsrconsignee?kota=true&kota=true&session_get=exp_6ab73cf432c353.62648248&PilihPropinsi=30&ShipperID=65&PilihKota=372&PilihKotaAsal=28:5351:14)
[    3647ms] [LOG] Laporannamanya @ https://phbidlautdemo.prahu-hub.com/home/analitikscsrconsignee?kota=true&kota=true&session_get=exp_6ab73cf432c353.62648248&PilihPropinsi=30&ShipperID=65&PilihKota=372&PilihKotaAsal=28:1878
[    3652ms] [WARNING] jQuery.Deferred exception: Cannot read properties of undefined (reading 'destroy') TypeError: Cannot read properties of undefined (reading 'destroy')
    at HTMLDocument.<anonymous> (https://phbidlautdemo.prahu-hub.com/home/analitikscsrconsignee?kota=true&kota=true&session_get=exp_6ab73cf432c353.62648248&PilihPropinsi=30&ShipperID=65&PilihKota=372&PilihKotaAsal=28:4970:42)
    at e (https://code.jquery.com/jquery-3.7.1.min.js:2:27028)
    at t (https://code.jquery.com/jquery-3.7.1.min.js:2:27330) undefined @ https://code.jquery.com/jquery-3.7.1.min.js:1
[    3654ms] [LOG] WebSocket connection @ https://phbidlautdemo.prahu-hub.com/home/analitikscsrconsignee?kota=true&kota=true&session_get=exp_6ab73cf432c353.62648248&PilihPropinsi=30&ShipperID=65&PilihKota=372&PilihKotaAsal=28:5747
[    3655ms] [LOG] WebSocket connection attempting... @ https://phbidlautdemo.prahu-hub.com/home/analitikscsrconsignee?kota=true&kota=true&session_get=exp_6ab73cf432c353.62648248&PilihPropinsi=30&ShipperID=65&PilihKota=372&PilihKotaAsal=28:5825
[    3691ms] TypeError: Cannot read properties of undefined (reading 'destroy')
    at HTMLDocument.<anonymous> (https://phbidlautdemo.prahu-hub.com/home/analitikscsrconsignee?kota=true&kota=true&session_get=exp_6ab73cf432c353.62648248&PilihPropinsi=30&ShipperID=65&PilihKota=372&PilihKotaAsal=28:4970:42)
    at e (https://code.jquery.com/jquery-3.7.1.min.js:2:27028)
    at t (https://code.jquery.com/jquery-3.7.1.min.js:2:27330)
[    3758ms] [LOG] WebSocket connected @ https://phbidlautdemo.prahu-hub.com/home/analitikscsrconsignee?kota=true&kota=true&session_get=exp_6ab73cf432c353.62648248&PilihPropinsi=30&ShipperID=65&PilihKota=372&PilihKotaAsal=28:5756
[    3759ms] [LOG] update_dashboard_order_laut @ https://phbidlautdemo.prahu-hub.com/home/analitikscsrconsignee?kota=true&kota=true&session_get=exp_6ab73cf432c353.62648248&PilihPropinsi=30&ShipperID=65&PilihKota=372&PilihKotaAsal=28:5797
[    3786ms] [LOG] Connected @ https://phbidlautdemo.prahu-hub.com/home/analitikscsrconsignee?kota=true&kota=true&session_get=exp_6ab73cf432c353.62648248&PilihPropinsi=30&ShipperID=65&PilihKota=372&PilihKotaAsal=28:5797
[    4049ms] [LOG] [Object, Object, Object, Object, Object, Object, Object, Object, Object] @ https://phbidlautdemo.prahu-hub.com/_resources/themes/prahutheme/javascript/custom/analitikscsrconsignee.js?m=1788319233:172
[    4050ms] [LOG] undefined @ https://phbidlautdemo.prahu-hub.com/_resources/themes/prahutheme/javascript/custom/analitikscsrconsignee.js?m=1788319233:717
[    4050ms] [LOG] undefined countView1 1 pageNow 20 limitView1 @ https://phbidlautdemo.prahu-hub.com/_resources/themes/prahutheme/javascript/custom/analitikscsrconsignee.js?m=1788319233:719
[    4050ms] [LOG] undefined @ https://phbidlautdemo.prahu-hub.com/_resources/themes/prahutheme/javascript/custom/analitikscsrconsignee.js?m=1788319233:725
[    4050ms] [LOG] undefined jumlah data @ https://phbidlautdemo.prahu-hub.com/_resources/themes/prahutheme/javascript/custom/analitikscsrconsignee.js?m=1788319233:694
[    4050ms] [LOG] NaN @ https://phbidlautdemo.prahu-hub.com/_resources/themes/prahutheme/javascript/custom/analitikscsrconsignee.js?m=1788319233:696
[    4050ms] [LOG] NaN 1 pageCount & pageNow @ https://phbidlautdemo.prahu-hub.com/_resources/themes/prahutheme/javascript/custom/analitikscsrconsignee.js?m=1788319233:620
[    4051ms] [LOG] 200 xhrglobal @ https://phbidlautdemo.prahu-hub.com/home/analitikscsrconsignee?kota=true&kota=true&session_get=exp_6ab73cf432c353.62648248&PilihPropinsi=30&ShipperID=65&PilihKota=372&PilihKotaAsal=28:5678
[    4052ms] [LOG] ce.fn.init stepItem @ https://phbidlautdemo.prahu-hub.com/_resources/themes/prahutheme/javascript/custom/analitikscsrconsignee.js?m=1788319233:594
[    4155ms] [LOG] 200 xhrglobal @ https://phbidlautdemo.prahu-hub.com/home/analitikscsrconsignee?kota=true&kota=true&session_get=exp_6ab73cf432c353.62648248&PilihPropinsi=30&ShipperID=65&PilihKota=372&PilihKotaAsal=28:5678
[    4211ms] [LOG] 200 xhrglobal @ https://phbidlautdemo.prahu-hub.com/home/analitikscsrconsignee?kota=true&kota=true&session_get=exp_6ab73cf432c353.62648248&PilihPropinsi=30&ShipperID=65&PilihKota=372&PilihKotaAsal=28:5678
[    5671ms] TypeError: $(...).DataTable is not a function
    at https://phbidlautdemo.prahu-hub.com/_resources/themes/prahutheme/js/scripts-init/tables.js:7:23
[   16838ms] [LOG] Connected @ https://phbidlautdemo.prahu-hub.com/home/analitikscsrconsignee?kota=true&kota=true&session_get=exp_6ab73cf432c353.62648248&PilihPropinsi=30&ShipperID=65&PilihKota=372&PilihKotaAsal=28:5797
