[     972ms] Cannot use import statement outside a module
[    1005ms] ReferenceError: Chart is not defined
    at https://phbidlautdemo.prahu-hub.com/_resources/themes/prahutheme/js/scripts-init/charts/chartjs.js:8:13
[    1252ms] Unexpected token '<'
[    1254ms] Unexpected token '<'
[    1348ms] Uncaught TypeError: expect element to be DOM Element, but got null
    at n.init (https://cdnjs.cloudflare.com/ajax/libs/smooth-scrollbar/8.5.2/smooth-scrollbar.js:24:264)
    at <anonymous> (https://phbidlautdemo.prahu-hub.com/adminprahu/masterpelabuhan:7484:14)
[    1395ms] [LOG] Masternamanya @ https://phbidlautdemo.prahu-hub.com/adminprahu/masterpelabuhan:2040
[    1409ms] [LOG] undefined @ https://phbidlautdemo.prahu-hub.com/adminprahu/masterpelabuhan:7837
[    1409ms] [LOG] Masukkan UN Code @ https://phbidlautdemo.prahu-hub.com/adminprahu/masterpelabuhan:7837
[    1409ms] [LOG] Masukkan Nama Pelabuhan @ https://phbidlautdemo.prahu-hub.com/adminprahu/masterpelabuhan:7837
[    1410ms] [LOG] undefined @ https://phbidlautdemo.prahu-hub.com/adminprahu/masterpelabuhan:7837
[    1410ms] [LOG] Masukkan UN Code @ https://phbidlautdemo.prahu-hub.com/adminprahu/masterpelabuhan:7837
[    1410ms] [LOG] undefined @ https://phbidlautdemo.prahu-hub.com/adminprahu/masterpelabuhan:7837
[    1410ms] [LOG] undefined @ https://phbidlautdemo.prahu-hub.com/adminprahu/masterpelabuhan:7837
[    1410ms] [LOG] Masukkan Nama Pelabuhan @ https://phbidlautdemo.prahu-hub.com/adminprahu/masterpelabuhan:7837
[    1412ms] [LOG] WebSocket connection @ https://phbidlautdemo.prahu-hub.com/adminprahu/masterpelabuhan:7880
[    1413ms] [LOG] WebSocket connection attempting... @ https://phbidlautdemo.prahu-hub.com/adminprahu/masterpelabuhan:7958
[    1650ms] [LOG] [Object, Object, Object, Object, Object, Object, Object, Object, Object, Object, Object, Object, Object, Object, Object, Object, Object, Object, Object, Object] @ https://phbidlautdemo.prahu-hub.com/_resources/themes/prahutheme/javascript/custom/masterpelabuhan.js?m=1787972929:127
[    1657ms] [LOG] 64 @ https://phbidlautdemo.prahu-hub.com/_resources/themes/prahutheme/javascript/custom/masterpelabuhan.js?m=1787972929:844
[    1657ms] [LOG] 64 countView1 1 pageNow 20 limitView1 @ https://phbidlautdemo.prahu-hub.com/_resources/themes/prahutheme/javascript/custom/masterpelabuhan.js?m=1787972929:846
[    1657ms] [LOG] 20 @ https://phbidlautdemo.prahu-hub.com/_resources/themes/prahutheme/javascript/custom/masterpelabuhan.js?m=1787972929:857
[    1658ms] [LOG] 64 jumlah data @ https://phbidlautdemo.prahu-hub.com/_resources/themes/prahutheme/javascript/custom/masterpelabuhan.js?m=1787972929:803
[    1658ms] [LOG] 4 @ https://phbidlautdemo.prahu-hub.com/_resources/themes/prahutheme/javascript/custom/masterpelabuhan.js?m=1787972929:805
[    1659ms] [LOG] 4 1 pageCount & pageNow @ https://phbidlautdemo.prahu-hub.com/_resources/themes/prahutheme/javascript/custom/masterpelabuhan.js?m=1787972929:731
[    1661ms] [LOG] 200 xhrglobal @ https://phbidlautdemo.prahu-hub.com/adminprahu/masterpelabuhan:7811
[    1661ms] [LOG] ce.fn.init stepItem @ https://phbidlautdemo.prahu-hub.com/_resources/themes/prahutheme/javascript/custom/masterpelabuhan.js?m=1787972929:700
[    1670ms] [LOG] WebSocket connected @ https://phbidlautdemo.prahu-hub.com/adminprahu/masterpelabuhan:7889
[    1716ms] [LOG] update_dashboard_order_laut @ https://phbidlautdemo.prahu-hub.com/adminprahu/masterpelabuhan:7930
[    1721ms] [LOG] Connected @ https://phbidlautdemo.prahu-hub.com/adminprahu/masterpelabuhan:7930
[    1789ms] [LOG] 200 xhrglobal @ https://phbidlautdemo.prahu-hub.com/adminprahu/masterpelabuhan:7811
[    1851ms] [LOG] 200 xhrglobal @ https://phbidlautdemo.prahu-hub.com/adminprahu/masterpelabuhan:7811
[    3411ms] TypeError: $(...).DataTable is not a function
    at https://phbidlautdemo.prahu-hub.com/_resources/themes/prahutheme/js/scripts-init/tables.js:7:23
[    8475ms] Cannot use import statement outside a module
[    8527ms] ReferenceError: Chart is not defined
    at https://phbidlautdemo.prahu-hub.com/_resources/themes/prahutheme/js/scripts-init/charts/chartjs.js:8:13
[    8528ms] Unexpected token '<'
[    8528ms] Unexpected token '<'
[    8623ms] Uncaught TypeError: expect element to be DOM Element, but got null
    at n.init (https://cdnjs.cloudflare.com/ajax/libs/smooth-scrollbar/8.5.2/smooth-scrollbar.js:24:264)
    at <anonymous> (https://phbidlautdemo.prahu-hub.com/adminprahu/setting_general:5792:14)
[    8650ms] [LOG] Settingsnamanya @ https://phbidlautdemo.prahu-hub.com/adminprahu/setting_general:2039
[    8663ms] [LOG] Masukkan Versi Web @ https://phbidlautdemo.prahu-hub.com/adminprahu/setting_general:6145
[    8663ms] [LOG] Masukkan Versi APK Tracking @ https://phbidlautdemo.prahu-hub.com/adminprahu/setting_general:6145
[    8663ms] [LOG] Masukkan Copyright APK Tracking @ https://phbidlautdemo.prahu-hub.com/adminprahu/setting_general:6145
[    8664ms] [LOG] 081xxxxxx @ https://phbidlautdemo.prahu-hub.com/adminprahu/setting_general:6145
[    8664ms] [LOG] 081xxxxxx @ https://phbidlautdemo.prahu-hub.com/adminprahu/setting_general:6145
[    8664ms] [LOG] Masukkan Email @ https://phbidlautdemo.prahu-hub.com/adminprahu/setting_general:6145
[    8665ms] [LOG] Masukkan Alamat Facebook @ https://phbidlautdemo.prahu-hub.com/adminprahu/setting_general:6145
[    8665ms] [LOG] Masukkan Alamat Twitter @ https://phbidlautdemo.prahu-hub.com/adminprahu/setting_general:6145
[    8666ms] [LOG] Masukkan Alamat Instagram @ https://phbidlautdemo.prahu-hub.com/adminprahu/setting_general:6145
[    8666ms] [LOG] Masukkan Alamat Youtube @ https://phbidlautdemo.prahu-hub.com/adminprahu/setting_general:6145
[    8666ms] [LOG] Masukkan Alamat Linkedin @ https://phbidlautdemo.prahu-hub.com/adminprahu/setting_general:6145
[    8666ms] [LOG] Masukkan Email Admin @ https://phbidlautdemo.prahu-hub.com/adminprahu/setting_general:6145
[    8667ms] [LOG] undefined @ https://phbidlautdemo.prahu-hub.com/adminprahu/setting_general:6145
[    8671ms] [LOG] WebSocket connection @ https://phbidlautdemo.prahu-hub.com/adminprahu/setting_general:6188
[    8672ms] [LOG] WebSocket connection attempting... @ https://phbidlautdemo.prahu-hub.com/adminprahu/setting_general:6266
[    8801ms] [LOG] WebSocket connected @ https://phbidlautdemo.prahu-hub.com/adminprahu/setting_general:6197
[    8805ms] [LOG] update_dashboard_order_laut @ https://phbidlautdemo.prahu-hub.com/adminprahu/setting_general:6238
[    8834ms] [LOG] Connected @ https://phbidlautdemo.prahu-hub.com/adminprahu/setting_general:6238
[    8920ms] [LOG] 200 xhrglobal @ https://phbidlautdemo.prahu-hub.com/adminprahu/setting_general:6119
[    8971ms] [LOG] 200 xhrglobal @ https://phbidlautdemo.prahu-hub.com/adminprahu/setting_general:6119
[   10694ms] TypeError: $(...).DataTable is not a function
    at https://phbidlautdemo.prahu-hub.com/_resources/themes/prahutheme/js/scripts-init/tables.js:7:23
[   13378ms] CKEditorError: editor-create-initial-data
Read more: https://ckeditor.com/docs/ckeditor5/latest/support/error-codes.html#error-editor-create-initial-data
    at new iC (https://cdn.ckeditor.com/ckeditor5/44.0.0/ckeditor5.umd.js:11:824251)
    at https://cdn.ckeditor.com/ckeditor5/44.0.0/ckeditor5.umd.js:11:824914
    at new Promise (<anonymous>)
    at iC.create (https://cdn.ckeditor.com/ckeditor5/44.0.0/ckeditor5.umd.js:11:824889)
    at https://phbidlautdemo.prahu-hub.com/_resources/themes/prahutheme/css/ckeditor/main.js?m=1772846942:156:15
[   13418ms] Unexpected token '<'
[   13422ms] Cannot use import statement outside a module
[   13451ms] ReferenceError: Chart is not defined
    at https://phbidlautdemo.prahu-hub.com/_resources/themes/prahutheme/js/scripts-init/charts/chartjs.js:8:13
[   13459ms] Unexpected token '<'
[   13924ms] Unexpected token '<'
[   13992ms] Uncaught TypeError: expect element to be DOM Element, but got null
    at n.init (https://cdnjs.cloudflare.com/ajax/libs/smooth-scrollbar/8.5.2/smooth-scrollbar.js:24:264)
    at <anonymous> (https://phbidlautdemo.prahu-hub.com/adminprahu/syaratdanketentuan:5363:14)
[   14080ms] Unexpected token '<'
[   14091ms] [LOG] Settingsnamanya @ https://phbidlautdemo.prahu-hub.com/adminprahu/syaratdanketentuan:2050
[   14105ms] [LOG] WebSocket connection @ https://phbidlautdemo.prahu-hub.com/adminprahu/syaratdanketentuan:5759
[   14106ms] [LOG] WebSocket connection attempting... @ https://phbidlautdemo.prahu-hub.com/adminprahu/syaratdanketentuan:5837
[   14465ms] [LOG] WebSocket connected @ https://phbidlautdemo.prahu-hub.com/adminprahu/syaratdanketentuan:5768
[   14471ms] [LOG] update_dashboard_order_laut @ https://phbidlautdemo.prahu-hub.com/adminprahu/syaratdanketentuan:5809
[   14725ms] [LOG] Connected @ https://phbidlautdemo.prahu-hub.com/adminprahu/syaratdanketentuan:5809
[   14731ms] [LOG] 200 xhrglobal @ https://phbidlautdemo.prahu-hub.com/adminprahu/syaratdanketentuan:5690
[   14736ms] [LOG] 200 xhrglobal @ https://phbidlautdemo.prahu-hub.com/adminprahu/syaratdanketentuan:5690
[   16105ms] TypeError: $(...).DataTable is not a function
    at https://phbidlautdemo.prahu-hub.com/_resources/themes/prahutheme/js/scripts-init/tables.js:7:23
[   16921ms] CKEditorError: editor-create-initial-data
Read more: https://ckeditor.com/docs/ckeditor5/latest/support/error-codes.html#error-editor-create-initial-data
    at new iC (https://cdn.ckeditor.com/ckeditor5/44.0.0/ckeditor5.umd.js:11:824251)
    at https://cdn.ckeditor.com/ckeditor5/44.0.0/ckeditor5.umd.js:11:824914
    at new Promise (<anonymous>)
    at iC.create (https://cdn.ckeditor.com/ckeditor5/44.0.0/ckeditor5.umd.js:11:824889)
    at https://phbidlautdemo.prahu-hub.com/_resources/themes/prahutheme/css/ckeditor/main.js?m=1772846942:156:15
[   18481ms] Uncaught TypeError: CKEDITOR.on is not a function
    at <anonymous> (https://cdn.ckeditor.com/4.14.0/standard-all/ckeditor.js:18:55)
    at <anonymous> (https://cdn.ckeditor.com/4.14.0/standard-all/ckeditor.js:1262:19)
[   18540ms] Unexpected token '<'
[   18545ms] Cannot use import statement outside a module
[   18575ms] ReferenceError: Chart is not defined
    at https://phbidlautdemo.prahu-hub.com/_resources/themes/prahutheme/js/scripts-init/charts/chartjs.js:8:13
[   18746ms] Unexpected token '<'
[   18746ms] Unexpected token '<'
[   19230ms] CKEditorError: license-key-expired
Read more: https://ckeditor.com/docs/ckeditor5/latest/support/error-codes.html#error-license-key-expired
    at https://cdn.ckeditor.com/ckeditor5/44.0.0/ckeditor5.umd.js:11:406165
[   19261ms] Uncaught TypeError: expect element to be DOM Element, but got null
    at n.init (https://cdnjs.cloudflare.com/ajax/libs/smooth-scrollbar/8.5.2/smooth-scrollbar.js:24:264)
    at <anonymous> (https://phbidlautdemo.prahu-hub.com/adminprahu/settingsyaratdanketentuan:5548:14)
[   19287ms] [LOG] Settingsnamanya @ https://phbidlautdemo.prahu-hub.com/adminprahu/settingsyaratdanketentuan:2050
[   19297ms] [LOG] WebSocket connection @ https://phbidlautdemo.prahu-hub.com/adminprahu/settingsyaratdanketentuan:5944
[   19297ms] [LOG] WebSocket connection attempting... @ https://phbidlautdemo.prahu-hub.com/adminprahu/settingsyaratdanketentuan:6022
[   20423ms] Cannot use import statement outside a module
[   20454ms] ReferenceError: Chart is not defined
    at https://phbidlautdemo.prahu-hub.com/_resources/themes/prahutheme/js/scripts-init/charts/chartjs.js:8:13
[   20654ms] Unexpected token '<'
[   20657ms] Unexpected token '<'
[   20724ms] Uncaught TypeError: expect element to be DOM Element, but got null
    at n.init (https://cdnjs.cloudflare.com/ajax/libs/smooth-scrollbar/8.5.2/smooth-scrollbar.js:24:264)
    at <anonymous> (https://phbidlautdemo.prahu-hub.com/adminprahu/reminder:5679:14)
[   20747ms] [LOG] Settingsnamanya @ https://phbidlautdemo.prahu-hub.com/adminprahu/reminder:2039
[   20757ms] [LOG] WebSocket connection @ https://phbidlautdemo.prahu-hub.com/adminprahu/reminder:6075
[   20757ms] [LOG] WebSocket connection attempting... @ https://phbidlautdemo.prahu-hub.com/adminprahu/reminder:6153
[   21769ms] [LOG] WebSocket connected @ https://phbidlautdemo.prahu-hub.com/adminprahu/reminder:6084
[   21774ms] [LOG] update_dashboard_order_laut @ https://phbidlautdemo.prahu-hub.com/adminprahu/reminder:6125
[   21977ms] [LOG] 200 xhrglobal @ https://phbidlautdemo.prahu-hub.com/adminprahu/reminder:6006
[   22042ms] [LOG] 200 xhrglobal @ https://phbidlautdemo.prahu-hub.com/adminprahu/reminder:6006
[   22688ms] [LOG] Connected @ https://phbidlautdemo.prahu-hub.com/adminprahu/reminder:6125
[   22763ms] TypeError: $(...).DataTable is not a function
    at https://phbidlautdemo.prahu-hub.com/_resources/themes/prahutheme/js/scripts-init/tables.js:7:23
[   24075ms] Cannot use import statement outside a module
[   24106ms] ReferenceError: Chart is not defined
    at https://phbidlautdemo.prahu-hub.com/_resources/themes/prahutheme/js/scripts-init/charts/chartjs.js:8:13
[   24149ms] Unexpected token '<'
[   24149ms] Unexpected token '<'
[   24223ms] Uncaught TypeError: expect element to be DOM Element, but got null
    at n.init (https://cdnjs.cloudflare.com/ajax/libs/smooth-scrollbar/8.5.2/smooth-scrollbar.js:24:264)
    at <anonymous> (https://phbidlautdemo.prahu-hub.com/adminprahu/settingReminder/WVdieFN2bXUvdTM3UlJ2RUkvSndwQT09:5281:14)
[   24247ms] [LOG] Settingsnamanya @ https://phbidlautdemo.prahu-hub.com/adminprahu/settingReminder/WVdieFN2bXUvdTM3UlJ2RUkvSndwQT09:2039
[   24257ms] [LOG] undefined @ https://phbidlautdemo.prahu-hub.com/adminprahu/settingReminder/WVdieFN2bXUvdTM3UlJ2RUkvSndwQT09:5634
[   24258ms] [LOG] undefined @ https://phbidlautdemo.prahu-hub.com/adminprahu/settingReminder/WVdieFN2bXUvdTM3UlJ2RUkvSndwQT09:5634
[   24258ms] [LOG]  @ https://phbidlautdemo.prahu-hub.com/adminprahu/settingReminder/WVdieFN2bXUvdTM3UlJ2RUkvSndwQT09:5634
[   24258ms] [LOG] 0 @ https://phbidlautdemo.prahu-hub.com/adminprahu/settingReminder/WVdieFN2bXUvdTM3UlJ2RUkvSndwQT09:5634
[   24259ms] [LOG] WebSocket connection @ https://phbidlautdemo.prahu-hub.com/adminprahu/settingReminder/WVdieFN2bXUvdTM3UlJ2RUkvSndwQT09:5677
[   24260ms] [LOG] WebSocket connection attempting... @ https://phbidlautdemo.prahu-hub.com/adminprahu/settingReminder/WVdieFN2bXUvdTM3UlJ2RUkvSndwQT09:5755
[   24678ms] [LOG] WebSocket connected @ https://phbidlautdemo.prahu-hub.com/adminprahu/settingReminder/WVdieFN2bXUvdTM3UlJ2RUkvSndwQT09:5686
[   24684ms] [LOG] update_dashboard_order_laut @ https://phbidlautdemo.prahu-hub.com/adminprahu/settingReminder/WVdieFN2bXUvdTM3UlJ2RUkvSndwQT09:5727
[   24793ms] [LOG] Connected @ https://phbidlautdemo.prahu-hub.com/adminprahu/settingReminder/WVdieFN2bXUvdTM3UlJ2RUkvSndwQT09:5727
[   24802ms] [LOG] 200 xhrglobal @ https://phbidlautdemo.prahu-hub.com/adminprahu/settingReminder/WVdieFN2bXUvdTM3UlJ2RUkvSndwQT09:5608
[   24855ms] [LOG] 200 xhrglobal @ https://phbidlautdemo.prahu-hub.com/adminprahu/settingReminder/WVdieFN2bXUvdTM3UlJ2RUkvSndwQT09:5608
[   26715ms] Unexpected token '<'
[   26756ms] Cannot use import statement outside a module
[   26797ms] ReferenceError: Chart is not defined
    at https://phbidlautdemo.prahu-hub.com/_resources/themes/prahutheme/js/scripts-init/charts/chartjs.js:8:13
[   27803ms] Unexpected token '<'
[   27803ms] Unexpected token '<'
[   27884ms] Uncaught TypeError: expect element to be DOM Element, but got null
    at n.init (https://cdnjs.cloudflare.com/ajax/libs/smooth-scrollbar/8.5.2/smooth-scrollbar.js:24:264)
    at <anonymous> (https://phbidlautdemo.prahu-hub.com/adminprahu/settingNotifonof:5653:14)
[   27900ms] [LOG] Settingsnamanya @ https://phbidlautdemo.prahu-hub.com/adminprahu/settingNotifonof:2039
[   27908ms] [LOG] undefined @ https://phbidlautdemo.prahu-hub.com/adminprahu/settingNotifonof:6006
[   27909ms] [LOG] undefined @ https://phbidlautdemo.prahu-hub.com/adminprahu/settingNotifonof:6006
[   27909ms] [LOG] undefined @ https://phbidlautdemo.prahu-hub.com/adminprahu/settingNotifonof:6006
[   27909ms] [LOG] undefined @ https://phbidlautdemo.prahu-hub.com/adminprahu/settingNotifonof:6006
[   27909ms] [LOG] undefined @ https://phbidlautdemo.prahu-hub.com/adminprahu/settingNotifonof:6006
[   27909ms] [LOG] undefined @ https://phbidlautdemo.prahu-hub.com/adminprahu/settingNotifonof:6006
[   27910ms] [LOG] WebSocket connection @ https://phbidlautdemo.prahu-hub.com/adminprahu/settingNotifonof:6049
[   27911ms] [LOG] WebSocket connection attempting... @ https://phbidlautdemo.prahu-hub.com/adminprahu/settingNotifonof:6127
[   28420ms] [LOG] WebSocket connected @ https://phbidlautdemo.prahu-hub.com/adminprahu/settingNotifonof:6058
[   28425ms] [LOG] update_dashboard_order_laut @ https://phbidlautdemo.prahu-hub.com/adminprahu/settingNotifonof:6099
[   28634ms] [LOG] Connected @ https://phbidlautdemo.prahu-hub.com/adminprahu/settingNotifonof:6099
[   28698ms] [LOG] 200 xhrglobal @ https://phbidlautdemo.prahu-hub.com/adminprahu/settingNotifonof:5980
[   28876ms] [LOG] 200 xhrglobal @ https://phbidlautdemo.prahu-hub.com/adminprahu/settingNotifonof:5980
[   29916ms] TypeError: $(...).DataTable is not a function
    at https://phbidlautdemo.prahu-hub.com/_resources/themes/prahutheme/js/scripts-init/tables.js:7:23
[   38256ms] Cannot use import statement outside a module
[   38296ms] ReferenceError: Chart is not defined
    at https://phbidlautdemo.prahu-hub.com/_resources/themes/prahutheme/js/scripts-init/charts/chartjs.js:8:13
[   38361ms] Unexpected token '<'
[   38361ms] Unexpected token '<'
[   38424ms] Uncaught TypeError: expect element to be DOM Element, but got null
    at n.init (https://cdnjs.cloudflare.com/ajax/libs/smooth-scrollbar/8.5.2/smooth-scrollbar.js:24:264)
    at <anonymous> (https://phbidlautdemo.prahu-hub.com/adminprahu/settingpajak:5490:14)
[   38447ms] [LOG] Settingsnamanya @ https://phbidlautdemo.prahu-hub.com/adminprahu/settingpajak:2039
[   38455ms] [LOG] undefined @ https://phbidlautdemo.prahu-hub.com/adminprahu/settingpajak:5843
[   38456ms] [LOG] Masukkan Nama Item @ https://phbidlautdemo.prahu-hub.com/adminprahu/settingpajak:5843
[   38456ms] [LOG] 0 @ https://phbidlautdemo.prahu-hub.com/adminprahu/settingpajak:5843
[   38457ms] [LOG] WebSocket connection @ https://phbidlautdemo.prahu-hub.com/adminprahu/settingpajak:5886
[   38458ms] [LOG] WebSocket connection attempting... @ https://phbidlautdemo.prahu-hub.com/adminprahu/settingpajak:5964
[   38785ms] [LOG] WebSocket connected @ https://phbidlautdemo.prahu-hub.com/adminprahu/settingpajak:5895
[   38792ms] [LOG] update_dashboard_order_laut @ https://phbidlautdemo.prahu-hub.com/adminprahu/settingpajak:5936
[   38887ms] [LOG] Connected @ https://phbidlautdemo.prahu-hub.com/adminprahu/settingpajak:5936
[   38933ms] [LOG] 200 xhrglobal @ https://phbidlautdemo.prahu-hub.com/adminprahu/settingpajak:5817
[   38990ms] [LOG] 200 xhrglobal @ https://phbidlautdemo.prahu-hub.com/adminprahu/settingpajak:5817
[   40457ms] TypeError: $(...).DataTable is not a function
    at https://phbidlautdemo.prahu-hub.com/_resources/themes/prahutheme/js/scripts-init/tables.js:7:23
[   89577ms] Unexpected token '<'
[   89597ms] Cannot use import statement outside a module
[   89635ms] ReferenceError: Chart is not defined
    at https://phbidlautdemo.prahu-hub.com/_resources/themes/prahutheme/js/scripts-init/charts/chartjs.js:8:13
[   89691ms] Unexpected token '<'
[   89692ms] Unexpected token '<'
[   89765ms] Uncaught TypeError: expect element to be DOM Element, but got null
    at n.init (https://cdnjs.cloudflare.com/ajax/libs/smooth-scrollbar/8.5.2/smooth-scrollbar.js:24:264)
    at <anonymous> (https://phbidlautdemo.prahu-hub.com/adminprahu/settingNotifonof:5653:14)
[   89788ms] [LOG] Settingsnamanya @ https://phbidlautdemo.prahu-hub.com/adminprahu/settingNotifonof:2039
[   89797ms] [LOG] undefined @ https://phbidlautdemo.prahu-hub.com/adminprahu/settingNotifonof:6006
[   89797ms] [LOG] undefined @ https://phbidlautdemo.prahu-hub.com/adminprahu/settingNotifonof:6006
[   89797ms] [LOG] undefined @ https://phbidlautdemo.prahu-hub.com/adminprahu/settingNotifonof:6006
[   89797ms] [LOG] undefined @ https://phbidlautdemo.prahu-hub.com/adminprahu/settingNotifonof:6006
[   89797ms] [LOG] undefined @ https://phbidlautdemo.prahu-hub.com/adminprahu/settingNotifonof:6006
[   89798ms] [LOG] undefined @ https://phbidlautdemo.prahu-hub.com/adminprahu/settingNotifonof:6006
[   89799ms] [LOG] WebSocket connection @ https://phbidlautdemo.prahu-hub.com/adminprahu/settingNotifonof:6049
[   89799ms] [LOG] WebSocket connection attempting... @ https://phbidlautdemo.prahu-hub.com/adminprahu/settingNotifonof:6127
[   89914ms] [LOG] WebSocket connected @ https://phbidlautdemo.prahu-hub.com/adminprahu/settingNotifonof:6058
[   89918ms] [LOG] update_dashboard_order_laut @ https://phbidlautdemo.prahu-hub.com/adminprahu/settingNotifonof:6099
[   89948ms] [LOG] Connected @ https://phbidlautdemo.prahu-hub.com/adminprahu/settingNotifonof:6099
[   90044ms] [LOG] 200 xhrglobal @ https://phbidlautdemo.prahu-hub.com/adminprahu/settingNotifonof:5980
[   90098ms] [LOG] 200 xhrglobal @ https://phbidlautdemo.prahu-hub.com/adminprahu/settingNotifonof:5980
[   91799ms] TypeError: $(...).DataTable is not a function
    at https://phbidlautdemo.prahu-hub.com/_resources/themes/prahutheme/js/scripts-init/tables.js:7:23
