[    1126ms] Cannot use import statement outside a module
[    1152ms] ReferenceError: Chart is not defined
    at https://phbidlautdemo.prahu-hub.com/_resources/themes/prahutheme/js/scripts-init/charts/chartjs.js:8:13
[    1177ms] Unexpected token '<'
[    1314ms] Unexpected token '<'
[    1343ms] Uncaught TypeError: expect element to be DOM Element, but got null
    at n.init (https://cdnjs.cloudflare.com/ajax/libs/smooth-scrollbar/8.5.2/smooth-scrollbar.js:24:264)
    at <anonymous> (https://phbidlautdemo.prahu-hub.com/lelang/carijadwal:5530:14)
[    1372ms] [LOG] jadwalnamanya @ https://phbidlautdemo.prahu-hub.com/lelang/carijadwal:1877
[    1380ms] [LOG] DD/MM/YYYY @ https://phbidlautdemo.prahu-hub.com/lelang/carijadwal:5883
[    1381ms] [LOG] WebSocket connection @ https://phbidlautdemo.prahu-hub.com/lelang/carijadwal:5926
[    1381ms] [LOG] WebSocket connection attempting... @ https://phbidlautdemo.prahu-hub.com/lelang/carijadwal:6004
[    1488ms] [LOG] WebSocket connected @ https://phbidlautdemo.prahu-hub.com/lelang/carijadwal:5935
[    1490ms] [LOG] update_dashboard_order_laut @ https://phbidlautdemo.prahu-hub.com/lelang/carijadwal:5976
[    1519ms] [LOG] Connected @ https://phbidlautdemo.prahu-hub.com/lelang/carijadwal:5976
[    1582ms] [LOG] 200 xhrglobal @ https://phbidlautdemo.prahu-hub.com/lelang/carijadwal:5857
[    1638ms] [LOG] 200 xhrglobal @ https://phbidlautdemo.prahu-hub.com/lelang/carijadwal:5857
[    3401ms] TypeError: $(...).DataTable is not a function
    at https://phbidlautdemo.prahu-hub.com/_resources/themes/prahutheme/js/scripts-init/tables.js:7:23
[   47566ms] [LOG] Connected @ https://phbidlautdemo.prahu-hub.com/lelang/carijadwal:5976
[   50318ms] [LOG] Connected @ https://phbidlautdemo.prahu-hub.com/lelang/carijadwal:5976
[   53898ms] Cannot use import statement outside a module
[   53915ms] ReferenceError: Chart is not defined
    at https://phbidlautdemo.prahu-hub.com/_resources/themes/prahutheme/js/scripts-init/charts/chartjs.js:8:13
[   54221ms] Unexpected token '<'
[   54221ms] Unexpected token '<'
[   54256ms] Uncaught TypeError: expect element to be DOM Element, but got null
    at n.init (https://cdnjs.cloudflare.com/ajax/libs/smooth-scrollbar/8.5.2/smooth-scrollbar.js:24:264)
    at <anonymous> (https://phbidlautdemo.prahu-hub.com/lelang/carijadwal?polid=52&podid=28&sortir=etd&etd=29%2F08%2F2026:5659:14)
[   54299ms] [LOG] jadwalnamanya @ https://phbidlautdemo.prahu-hub.com/lelang/carijadwal?polid=52&podid=28&sortir=etd&etd=29%2F08%2F2026:1878
[   54305ms] [LOG] DD/MM/YYYY @ https://phbidlautdemo.prahu-hub.com/lelang/carijadwal?polid=52&podid=28&sortir=etd&etd=29%2F08%2F2026:6012
[   54305ms] [LOG] WebSocket connection @ https://phbidlautdemo.prahu-hub.com/lelang/carijadwal?polid=52&podid=28&sortir=etd&etd=29%2F08%2F2026:6055
[   54306ms] [LOG] WebSocket connection attempting... @ https://phbidlautdemo.prahu-hub.com/lelang/carijadwal?polid=52&podid=28&sortir=etd&etd=29%2F08%2F2026:6133
[   54410ms] [LOG] WebSocket connected @ https://phbidlautdemo.prahu-hub.com/lelang/carijadwal?polid=52&podid=28&sortir=etd&etd=29%2F08%2F2026:6064
[   54413ms] [LOG] update_dashboard_order_laut @ https://phbidlautdemo.prahu-hub.com/lelang/carijadwal?polid=52&podid=28&sortir=etd&etd=29%2F08%2F2026:6105
[   54437ms] [LOG] Connected @ https://phbidlautdemo.prahu-hub.com/lelang/carijadwal?polid=52&podid=28&sortir=etd&etd=29%2F08%2F2026:6105
[   55158ms] [LOG] [] @ https://phbidlautdemo.prahu-hub.com/_resources/themes/prahutheme/javascript/custom/carijadwal.js?m=1787971393:15
[   55159ms] [LOG] 200 xhrglobal @ https://phbidlautdemo.prahu-hub.com/lelang/carijadwal?polid=52&podid=28&sortir=etd&etd=29%2F08%2F2026:5986
[   55281ms] [LOG] 200 xhrglobal @ https://phbidlautdemo.prahu-hub.com/lelang/carijadwal?polid=52&podid=28&sortir=etd&etd=29%2F08%2F2026:5986
[   55312ms] [LOG] 200 xhrglobal @ https://phbidlautdemo.prahu-hub.com/lelang/carijadwal?polid=52&podid=28&sortir=etd&etd=29%2F08%2F2026:5986
[   56303ms] TypeError: $(...).DataTable is not a function
    at https://phbidlautdemo.prahu-hub.com/_resources/themes/prahutheme/js/scripts-init/tables.js:7:23
[   63416ms] [LOG] Connected @ https://phbidlautdemo.prahu-hub.com/lelang/carijadwal?polid=52&podid=28&sortir=etd&etd=29%2F08%2F2026:6105
[   73483ms] [LOG] Connected @ https://phbidlautdemo.prahu-hub.com/lelang/carijadwal?polid=52&podid=28&sortir=etd&etd=29%2F08%2F2026:6105
[   77421ms] [LOG] Connected @ https://phbidlautdemo.prahu-hub.com/lelang/carijadwal?polid=52&podid=28&sortir=etd&etd=29%2F08%2F2026:6105
[  101511ms] [LOG] Connected @ https://phbidlautdemo.prahu-hub.com/lelang/carijadwal?polid=52&podid=28&sortir=etd&etd=29%2F08%2F2026:6105
[  115500ms] [LOG] Connected @ https://phbidlautdemo.prahu-hub.com/lelang/carijadwal?polid=52&podid=28&sortir=etd&etd=29%2F08%2F2026:6105
[  121394ms] Cannot use import statement outside a module
[  121408ms] ReferenceError: Chart is not defined
    at https://phbidlautdemo.prahu-hub.com/_resources/themes/prahutheme/js/scripts-init/charts/chartjs.js:8:13
[  121409ms] Unexpected token '<'
[  121410ms] Unexpected token '<'
[  121471ms] Uncaught TypeError: expect element to be DOM Element, but got null
    at n.init (https://cdnjs.cloudflare.com/ajax/libs/smooth-scrollbar/8.5.2/smooth-scrollbar.js:24:264)
    at <anonymous> (https://phbidlautdemo.prahu-hub.com/lelang/carirute:6551:14)
[  121566ms] [TABLE] {UI version: 8.4.1, Core version: 8.4.0, Build: NC8xMi8yMDIyfDRkZTU3MmExYg==, WebViewer Server: false, Full API: false} @ https://phbidlautdemo.prahu-hub.com/_resources/themes/prahutheme/javascript/PDFView/lib/ui/webviewer-ui.min.js:270
[  121575ms] [LOG] undefinednamanya @ https://phbidlautdemo.prahu-hub.com/lelang/carirute:2149
[  121587ms] [LOG] undefined @ https://phbidlautdemo.prahu-hub.com/lelang/carirute:6904
[  121587ms] [LOG] undefined @ https://phbidlautdemo.prahu-hub.com/lelang/carirute:6904
[  121587ms] [LOG] undefined @ https://phbidlautdemo.prahu-hub.com/lelang/carirute:6904
[  121587ms] [LOG] Masukkan Nomor Lelang @ https://phbidlautdemo.prahu-hub.com/lelang/carirute:6904
[  121587ms] [LOG] undefined @ https://phbidlautdemo.prahu-hub.com/lelang/carirute:6904
[  121588ms] [LOG] WebSocket connection @ https://phbidlautdemo.prahu-hub.com/lelang/carirute:6947
[  121588ms] [LOG] WebSocket connection attempting... @ https://phbidlautdemo.prahu-hub.com/lelang/carirute:7025
[  121754ms] [VERBOSE] [DOM] Password forms should have (optionally hidden) username fields for accessibility: (More info: https://goo.gl/9p2vKq) %o @ https://phbidlautdemo.prahu-hub.com/_resources/themes/prahutheme/javascript/PDFView/lib/ui/index.html#a=1&disabledElements=downloadButton%2CprintButton%2ClanguageButton&filepicker=0&pdfnet=0&enableRedaction=0&enableMeasurement=0&pageHistory=1&notesInLeftPanel=0&singleServerMode=false&selectAnnotationOnCreation=0&autoFocusNoteOnAnnotationSelection=1&id=1&basePath=%2Flelang%2Fcarirute:0
[  121838ms] [LOG] WebSocket connected @ https://phbidlautdemo.prahu-hub.com/lelang/carirute:6956
[  121855ms] [LOG] update_dashboard_order_laut @ https://phbidlautdemo.prahu-hub.com/lelang/carirute:6997
[  121865ms] [LOG] Connected @ https://phbidlautdemo.prahu-hub.com/lelang/carirute:6997
[  121982ms] [LOG] 200 xhrglobal @ https://phbidlautdemo.prahu-hub.com/lelang/carirute:6878
[  122096ms] [LOG] 200 xhrglobal @ https://phbidlautdemo.prahu-hub.com/lelang/carirute:6878
[  123510ms] Cannot use import statement outside a module
[  123513ms] ReferenceError: Chart is not defined
    at https://phbidlautdemo.prahu-hub.com/_resources/themes/prahutheme/js/scripts-init/charts/chartjs.js:8:13
[  123737ms] Unexpected token '<'
[  123737ms] Unexpected token '<'
[  123785ms] Uncaught TypeError: expect element to be DOM Element, but got null
    at n.init (https://cdnjs.cloudflare.com/ajax/libs/smooth-scrollbar/8.5.2/smooth-scrollbar.js:24:264)
    at <anonymous> (https://phbidlautdemo.prahu-hub.com/lelang/carirute?from=search&id_user=SWd1aUR1aGpzOUlWbVpaWXY2NG5SZz09&lelang=ZWJxcUswV2tJeDE3dlo1T1BHVXJLUT09&nomor_lelang=LELANGFCU%2F28082026IK:7649:14)
[  123899ms] [TABLE] {UI version: 8.4.1, Core version: 8.4.0, Build: NC8xMi8yMDIyfDRkZTU3MmExYg==, WebViewer Server: false, Full API: false} @ https://phbidlautdemo.prahu-hub.com/_resources/themes/prahutheme/javascript/PDFView/lib/ui/webviewer-ui.min.js:270
[  123915ms] [LOG] undefinednamanya @ https://phbidlautdemo.prahu-hub.com/lelang/carirute?from=search&id_user=SWd1aUR1aGpzOUlWbVpaWXY2NG5SZz09&lelang=ZWJxcUswV2tJeDE3dlo1T1BHVXJLUT09&nomor_lelang=LELANGFCU%2F28082026IK:2149
[  123932ms] [LOG] undefined @ https://phbidlautdemo.prahu-hub.com/lelang/carirute?from=search&id_user=SWd1aUR1aGpzOUlWbVpaWXY2NG5SZz09&lelang=ZWJxcUswV2tJeDE3dlo1T1BHVXJLUT09&nomor_lelang=LELANGFCU%2F28082026IK:8002
[  123932ms] [LOG] undefined @ https://phbidlautdemo.prahu-hub.com/lelang/carirute?from=search&id_user=SWd1aUR1aGpzOUlWbVpaWXY2NG5SZz09&lelang=ZWJxcUswV2tJeDE3dlo1T1BHVXJLUT09&nomor_lelang=LELANGFCU%2F28082026IK:8002
[  123932ms] [LOG] undefined @ https://phbidlautdemo.prahu-hub.com/lelang/carirute?from=search&id_user=SWd1aUR1aGpzOUlWbVpaWXY2NG5SZz09&lelang=ZWJxcUswV2tJeDE3dlo1T1BHVXJLUT09&nomor_lelang=LELANGFCU%2F28082026IK:8002
[  123933ms] [LOG] Masukkan Nomor Lelang @ https://phbidlautdemo.prahu-hub.com/lelang/carirute?from=search&id_user=SWd1aUR1aGpzOUlWbVpaWXY2NG5SZz09&lelang=ZWJxcUswV2tJeDE3dlo1T1BHVXJLUT09&nomor_lelang=LELANGFCU%2F28082026IK:8002
[  123933ms] [LOG] undefined @ https://phbidlautdemo.prahu-hub.com/lelang/carirute?from=search&id_user=SWd1aUR1aGpzOUlWbVpaWXY2NG5SZz09&lelang=ZWJxcUswV2tJeDE3dlo1T1BHVXJLUT09&nomor_lelang=LELANGFCU%2F28082026IK:8002
[  123933ms] [LOG] undefined @ https://phbidlautdemo.prahu-hub.com/lelang/carirute?from=search&id_user=SWd1aUR1aGpzOUlWbVpaWXY2NG5SZz09&lelang=ZWJxcUswV2tJeDE3dlo1T1BHVXJLUT09&nomor_lelang=LELANGFCU%2F28082026IK:8002
[  123933ms] [LOG] undefined @ https://phbidlautdemo.prahu-hub.com/lelang/carirute?from=search&id_user=SWd1aUR1aGpzOUlWbVpaWXY2NG5SZz09&lelang=ZWJxcUswV2tJeDE3dlo1T1BHVXJLUT09&nomor_lelang=LELANGFCU%2F28082026IK:8002
[  123933ms] [LOG] undefined @ https://phbidlautdemo.prahu-hub.com/lelang/carirute?from=search&id_user=SWd1aUR1aGpzOUlWbVpaWXY2NG5SZz09&lelang=ZWJxcUswV2tJeDE3dlo1T1BHVXJLUT09&nomor_lelang=LELANGFCU%2F28082026IK:8002
[  123933ms] [LOG] DD/MM/YYYY @ https://phbidlautdemo.prahu-hub.com/lelang/carirute?from=search&id_user=SWd1aUR1aGpzOUlWbVpaWXY2NG5SZz09&lelang=ZWJxcUswV2tJeDE3dlo1T1BHVXJLUT09&nomor_lelang=LELANGFCU%2F28082026IK:8002
[  123934ms] [LOG] DD/MM/YYYY @ https://phbidlautdemo.prahu-hub.com/lelang/carirute?from=search&id_user=SWd1aUR1aGpzOUlWbVpaWXY2NG5SZz09&lelang=ZWJxcUswV2tJeDE3dlo1T1BHVXJLUT09&nomor_lelang=LELANGFCU%2F28082026IK:8002
[  123934ms] [LOG] undefined @ https://phbidlautdemo.prahu-hub.com/lelang/carirute?from=search&id_user=SWd1aUR1aGpzOUlWbVpaWXY2NG5SZz09&lelang=ZWJxcUswV2tJeDE3dlo1T1BHVXJLUT09&nomor_lelang=LELANGFCU%2F28082026IK:8002
[  123936ms] [LOG] WebSocket connection @ https://phbidlautdemo.prahu-hub.com/lelang/carirute?from=search&id_user=SWd1aUR1aGpzOUlWbVpaWXY2NG5SZz09&lelang=ZWJxcUswV2tJeDE3dlo1T1BHVXJLUT09&nomor_lelang=LELANGFCU%2F28082026IK:8045
[  123936ms] [LOG] WebSocket connection attempting... @ https://phbidlautdemo.prahu-hub.com/lelang/carirute?from=search&id_user=SWd1aUR1aGpzOUlWbVpaWXY2NG5SZz09&lelang=ZWJxcUswV2tJeDE3dlo1T1BHVXJLUT09&nomor_lelang=LELANGFCU%2F28082026IK:8123
[  124095ms] [VERBOSE] [DOM] Password forms should have (optionally hidden) username fields for accessibility: (More info: https://goo.gl/9p2vKq) %o @ https://phbidlautdemo.prahu-hub.com/_resources/themes/prahutheme/javascript/PDFView/lib/ui/index.html#d=%2Fassets%2Fdokumenaanwijzing%2F65%2FAanwijzing-PT.-Primax-Geo-Sejahtera.pdf&a=1&disabledElements=downloadButton%2CprintButton%2ClanguageButton&filepicker=0&pdfnet=0&enableRedaction=0&enableMeasurement=0&pageHistory=1&notesInLeftPanel=0&singleServerMode=false&selectAnnotationOnCreation=0&autoFocusNoteOnAnnotationSelection=1&id=1&basePath=%2Flelang%2Fcarirute:0
[  124200ms] [LOG] WebSocket connected @ https://phbidlautdemo.prahu-hub.com/lelang/carirute?from=search&id_user=SWd1aUR1aGpzOUlWbVpaWXY2NG5SZz09&lelang=ZWJxcUswV2tJeDE3dlo1T1BHVXJLUT09&nomor_lelang=LELANGFCU%2F28082026IK:8054
[  124249ms] [LOG] [Object, Object] @ https://phbidlautdemo.prahu-hub.com/_resources/themes/prahutheme/javascript/custom/hasilPenawaran.js?m=1&amp;m=1787971551:14
[  124262ms] [LOG] 2 @ https://phbidlautdemo.prahu-hub.com/_resources/themes/prahutheme/javascript/custom/hasilPenawaran.js?m=1&amp;m=1787971551:889
[  124262ms] [LOG] 2 countView1 1 pageNow 20 limitView1 @ https://phbidlautdemo.prahu-hub.com/_resources/themes/prahutheme/javascript/custom/hasilPenawaran.js?m=1&amp;m=1787971551:891
[  124262ms] [LOG] 2 @ https://phbidlautdemo.prahu-hub.com/_resources/themes/prahutheme/javascript/custom/hasilPenawaran.js?m=1&amp;m=1787971551:902
[  124262ms] [LOG] 2 jumlah data @ https://phbidlautdemo.prahu-hub.com/_resources/themes/prahutheme/javascript/custom/hasilPenawaran.js?m=1&amp;m=1787971551:867
[  124263ms] [LOG] 1 @ https://phbidlautdemo.prahu-hub.com/_resources/themes/prahutheme/javascript/custom/hasilPenawaran.js?m=1&amp;m=1787971551:869
[  124263ms] [LOG] 1 1 pageCount & pageNow @ https://phbidlautdemo.prahu-hub.com/_resources/themes/prahutheme/javascript/custom/hasilPenawaran.js?m=1&amp;m=1787971551:795
[  124263ms] [LOG] 200 xhrglobal @ https://phbidlautdemo.prahu-hub.com/lelang/carirute?from=search&id_user=SWd1aUR1aGpzOUlWbVpaWXY2NG5SZz09&lelang=ZWJxcUswV2tJeDE3dlo1T1BHVXJLUT09&nomor_lelang=LELANGFCU%2F28082026IK:7976
[  124269ms] [LOG] update_dashboard_order_laut @ https://phbidlautdemo.prahu-hub.com/lelang/carirute?from=search&id_user=SWd1aUR1aGpzOUlWbVpaWXY2NG5SZz09&lelang=ZWJxcUswV2tJeDE3dlo1T1BHVXJLUT09&nomor_lelang=LELANGFCU%2F28082026IK:8095
[  124296ms] [LOG] Connected @ https://phbidlautdemo.prahu-hub.com/lelang/carirute?from=search&id_user=SWd1aUR1aGpzOUlWbVpaWXY2NG5SZz09&lelang=ZWJxcUswV2tJeDE3dlo1T1BHVXJLUT09&nomor_lelang=LELANGFCU%2F28082026IK:8095
[  124316ms] [LOG] 200 xhrglobal @ https://phbidlautdemo.prahu-hub.com/lelang/carirute?from=search&id_user=SWd1aUR1aGpzOUlWbVpaWXY2NG5SZz09&lelang=ZWJxcUswV2tJeDE3dlo1T1BHVXJLUT09&nomor_lelang=LELANGFCU%2F28082026IK:7976
[  124388ms] [LOG] 200 xhrglobal @ https://phbidlautdemo.prahu-hub.com/lelang/carirute?from=search&id_user=SWd1aUR1aGpzOUlWbVpaWXY2NG5SZz09&lelang=ZWJxcUswV2tJeDE3dlo1T1BHVXJLUT09&nomor_lelang=LELANGFCU%2F28082026IK:7976
[  125720ms] [LOG] document loaded @ https://phbidlautdemo.prahu-hub.com/lelang/carirute?from=search&id_user=SWd1aUR1aGpzOUlWbVpaWXY2NG5SZz09&lelang=ZWJxcUswV2tJeDE3dlo1T1BHVXJLUT09&nomor_lelang=LELANGFCU%2F28082026IK:6113
[  125929ms] TypeError: $(...).DataTable is not a function
    at https://phbidlautdemo.prahu-hub.com/_resources/themes/prahutheme/js/scripts-init/tables.js:7:23
[  126759ms] [LOG] Connected @ https://phbidlautdemo.prahu-hub.com/lelang/carirute?from=search&id_user=SWd1aUR1aGpzOUlWbVpaWXY2NG5SZz09&lelang=ZWJxcUswV2tJeDE3dlo1T1BHVXJLUT09&nomor_lelang=LELANGFCU%2F28082026IK:8095
[  136145ms] [LOG] Connected @ https://phbidlautdemo.prahu-hub.com/lelang/carirute?from=search&id_user=SWd1aUR1aGpzOUlWbVpaWXY2NG5SZz09&lelang=ZWJxcUswV2tJeDE3dlo1T1BHVXJLUT09&nomor_lelang=LELANGFCU%2F28082026IK:8095
[  144504ms] Cannot use import statement outside a module
[  144534ms] ReferenceError: Chart is not defined
    at https://phbidlautdemo.prahu-hub.com/_resources/themes/prahutheme/js/scripts-init/charts/chartjs.js:8:13
[  144536ms] Unexpected token '<'
[  144655ms] Unexpected token '<'
[  144688ms] Uncaught TypeError: expect element to be DOM Element, but got null
    at n.init (https://cdnjs.cloudflare.com/ajax/libs/smooth-scrollbar/8.5.2/smooth-scrollbar.js:24:264)
    at <anonymous> (https://phbidlautdemo.prahu-hub.com/lelang/buatlelang?newbook=1:13855:14)
[  144720ms] [LOG] undefinednamanya @ https://phbidlautdemo.prahu-hub.com/lelang/buatlelang?newbook=1:1879
[  144739ms] [LOG] Sat Aug 29 2026 09:47:15 GMT+0700 (Western Indonesia Time) @ https://phbidlautdemo.prahu-hub.com/lelang/buatlelang?newbook=1:11532
[  144801ms] [LOG] Masukkan Nomor Lelang @ https://phbidlautdemo.prahu-hub.com/lelang/buatlelang?newbook=1:14208
[  144801ms] [LOG] DD/MM/YYYY hh:mm @ https://phbidlautdemo.prahu-hub.com/lelang/buatlelang?newbook=1:14208
[  144801ms] [LOG] DD/MM/YYYY hh:mm @ https://phbidlautdemo.prahu-hub.com/lelang/buatlelang?newbook=1:14208
[  144801ms] [LOG] DD/MM/YYYY hh:mm @ https://phbidlautdemo.prahu-hub.com/lelang/buatlelang?newbook=1:14208
[  144801ms] [LOG] DD/MM/YYYY hh:mm @ https://phbidlautdemo.prahu-hub.com/lelang/buatlelang?newbook=1:14208
[  144801ms] [LOG] undefined @ https://phbidlautdemo.prahu-hub.com/lelang/buatlelang?newbook=1:14208
[  144802ms] [LOG] DD/MM/YYYY @ https://phbidlautdemo.prahu-hub.com/lelang/buatlelang?newbook=1:14208
[  144802ms] [LOG] DD/MM/YYYY @ https://phbidlautdemo.prahu-hub.com/lelang/buatlelang?newbook=1:14208
[  144803ms] [LOG] undefined @ https://phbidlautdemo.prahu-hub.com/lelang/buatlelang?newbook=1:14208
[  144804ms] [LOG] undefined @ https://phbidlautdemo.prahu-hub.com/lelang/buatlelang?newbook=1:14208
[  144804ms] [LOG] undefined @ https://phbidlautdemo.prahu-hub.com/lelang/buatlelang?newbook=1:14208
[  144805ms] [LOG] undefined @ https://phbidlautdemo.prahu-hub.com/lelang/buatlelang?newbook=1:14208
[  144805ms] [LOG] undefined @ https://phbidlautdemo.prahu-hub.com/lelang/buatlelang?newbook=1:14208
[  144805ms] [LOG] undefined @ https://phbidlautdemo.prahu-hub.com/lelang/buatlelang?newbook=1:14208
[  144805ms] [LOG] undefined @ https://phbidlautdemo.prahu-hub.com/lelang/buatlelang?newbook=1:14208
[  144806ms] [LOG] undefined @ https://phbidlautdemo.prahu-hub.com/lelang/buatlelang?newbook=1:14208
[  144806ms] [LOG] undefined @ https://phbidlautdemo.prahu-hub.com/lelang/buatlelang?newbook=1:14208
[  144806ms] [LOG] undefined @ https://phbidlautdemo.prahu-hub.com/lelang/buatlelang?newbook=1:14208
[  144806ms] [LOG] undefined @ https://phbidlautdemo.prahu-hub.com/lelang/buatlelang?newbook=1:14208
[  144806ms] [LOG] undefined @ https://phbidlautdemo.prahu-hub.com/lelang/buatlelang?newbook=1:14208
[  144806ms] [LOG] undefined @ https://phbidlautdemo.prahu-hub.com/lelang/buatlelang?newbook=1:14208
[  144807ms] [LOG] undefined @ https://phbidlautdemo.prahu-hub.com/lelang/buatlelang?newbook=1:14208
[  144807ms] [LOG] undefined @ https://phbidlautdemo.prahu-hub.com/lelang/buatlelang?newbook=1:14208
[  144807ms] [LOG] undefined @ https://phbidlautdemo.prahu-hub.com/lelang/buatlelang?newbook=1:14208
[  144807ms] [LOG] undefined @ https://phbidlautdemo.prahu-hub.com/lelang/buatlelang?newbook=1:14208
[  144807ms] [LOG] undefined @ https://phbidlautdemo.prahu-hub.com/lelang/buatlelang?newbook=1:14208
[  144808ms] [LOG] undefined @ https://phbidlautdemo.prahu-hub.com/lelang/buatlelang?newbook=1:14208
[  144808ms] [LOG] undefined @ https://phbidlautdemo.prahu-hub.com/lelang/buatlelang?newbook=1:14208
[  144808ms] [LOG] undefined @ https://phbidlautdemo.prahu-hub.com/lelang/buatlelang?newbook=1:14208
[  144808ms] [LOG] undefined @ https://phbidlautdemo.prahu-hub.com/lelang/buatlelang?newbook=1:14208
[  144808ms] [LOG] undefined @ https://phbidlautdemo.prahu-hub.com/lelang/buatlelang?newbook=1:14208
[  144808ms] [LOG] undefined @ https://phbidlautdemo.prahu-hub.com/lelang/buatlelang?newbook=1:14208
[  144809ms] [LOG] undefined @ https://phbidlautdemo.prahu-hub.com/lelang/buatlelang?newbook=1:14208
[  144809ms] [LOG] undefined @ https://phbidlautdemo.prahu-hub.com/lelang/buatlelang?newbook=1:14208
[  144809ms] [LOG] undefined @ https://phbidlautdemo.prahu-hub.com/lelang/buatlelang?newbook=1:14208
[  144809ms] [LOG] undefined @ https://phbidlautdemo.prahu-hub.com/lelang/buatlelang?newbook=1:14208
[  144810ms] [LOG] undefined @ https://phbidlautdemo.prahu-hub.com/lelang/buatlelang?newbook=1:14208
[  144810ms] [LOG] undefined @ https://phbidlautdemo.prahu-hub.com/lelang/buatlelang?newbook=1:14208
[  144810ms] [LOG] undefined @ https://phbidlautdemo.prahu-hub.com/lelang/buatlelang?newbook=1:14208
[  144810ms] [LOG] undefined @ https://phbidlautdemo.prahu-hub.com/lelang/buatlelang?newbook=1:14208
[  144810ms] [LOG] undefined @ https://phbidlautdemo.prahu-hub.com/lelang/buatlelang?newbook=1:14208
[  144811ms] [LOG] undefined @ https://phbidlautdemo.prahu-hub.com/lelang/buatlelang?newbook=1:14208
[  144811ms] [LOG] undefined @ https://phbidlautdemo.prahu-hub.com/lelang/buatlelang?newbook=1:14208
[  144811ms] [LOG] undefined @ https://phbidlautdemo.prahu-hub.com/lelang/buatlelang?newbook=1:14208
[  144811ms] [LOG] undefined @ https://phbidlautdemo.prahu-hub.com/lelang/buatlelang?newbook=1:14208
[  144811ms] [LOG] undefined @ https://phbidlautdemo.prahu-hub.com/lelang/buatlelang?newbook=1:14208
[  144811ms] [LOG] undefined @ https://phbidlautdemo.prahu-hub.com/lelang/buatlelang?newbook=1:14208
[  144812ms] [LOG] undefined @ https://phbidlautdemo.prahu-hub.com/lelang/buatlelang?newbook=1:14208
[  144812ms] [LOG] undefined @ https://phbidlautdemo.prahu-hub.com/lelang/buatlelang?newbook=1:14208
[  144812ms] [LOG] undefined @ https://phbidlautdemo.prahu-hub.com/lelang/buatlelang?newbook=1:14208
[  144812ms] [LOG] undefined @ https://phbidlautdemo.prahu-hub.com/lelang/buatlelang?newbook=1:14208
[  144813ms] [LOG] Masukkan Budget @ https://phbidlautdemo.prahu-hub.com/lelang/buatlelang?newbook=1:14208
[  144813ms] [LOG] undefined @ https://phbidlautdemo.prahu-hub.com/lelang/buatlelang?newbook=1:14208
[  144813ms] [LOG] undefined @ https://phbidlautdemo.prahu-hub.com/lelang/buatlelang?newbook=1:14208
[  144815ms] [LOG] undefined @ https://phbidlautdemo.prahu-hub.com/lelang/buatlelang?newbook=1:14208
[  144815ms] [LOG] Masukkan Dokumen Tambahan (Bila Ada) @ https://phbidlautdemo.prahu-hub.com/lelang/buatlelang?newbook=1:14208
[  144815ms] [LOG] undefined @ https://phbidlautdemo.prahu-hub.com/lelang/buatlelang?newbook=1:14208
[  144815ms] [LOG] undefined @ https://phbidlautdemo.prahu-hub.com/lelang/buatlelang?newbook=1:14208
[  144816ms] [LOG] undefined @ https://phbidlautdemo.prahu-hub.com/lelang/buatlelang?newbook=1:14208
[  144816ms] [LOG] Masukkan Nama PIC @ https://phbidlautdemo.prahu-hub.com/lelang/buatlelang?newbook=1:14208
[  144816ms] [LOG] Nomor Telp. @ https://phbidlautdemo.prahu-hub.com/lelang/buatlelang?newbook=1:14208
[  144816ms] [LOG] Masukkan Nama PIC @ https://phbidlautdemo.prahu-hub.com/lelang/buatlelang?newbook=1:14208
[  144816ms] [LOG] Nomor Telp. @ https://phbidlautdemo.prahu-hub.com/lelang/buatlelang?newbook=1:14208
[  144817ms] [LOG] Masukkan Nama PIC @ https://phbidlautdemo.prahu-hub.com/lelang/buatlelang?newbook=1:14208
[  144817ms] [LOG] Nomor Telp. @ https://phbidlautdemo.prahu-hub.com/lelang/buatlelang?newbook=1:14208
[  144817ms] [LOG] Masukkan Nama PIC @ https://phbidlautdemo.prahu-hub.com/lelang/buatlelang?newbook=1:14208
[  144817ms] [LOG] Nomor Telp. @ https://phbidlautdemo.prahu-hub.com/lelang/buatlelang?newbook=1:14208
[  144817ms] [LOG] Masukkan Nama PIC @ https://phbidlautdemo.prahu-hub.com/lelang/buatlelang?newbook=1:14208
[  144817ms] [LOG] Nomor Telp. @ https://phbidlautdemo.prahu-hub.com/lelang/buatlelang?newbook=1:14208
[  144817ms] [LOG] Anda Bisa Memilih Beberapa @ https://phbidlautdemo.prahu-hub.com/lelang/buatlelang?newbook=1:14208
[  144818ms] [LOG] Jumlah Berapa Unit / Berapa Kontainer @ https://phbidlautdemo.prahu-hub.com/lelang/buatlelang?newbook=1:14208
[  144819ms] [LOG] WebSocket connection @ https://phbidlautdemo.prahu-hub.com/lelang/buatlelang?newbook=1:14251
[  144819ms] [LOG] WebSocket connection attempting... @ https://phbidlautdemo.prahu-hub.com/lelang/buatlelang?newbook=1:14329
[  144937ms] [LOG] WebSocket connected @ https://phbidlautdemo.prahu-hub.com/lelang/buatlelang?newbook=1:14260
[  144939ms] [LOG] update_dashboard_order_laut @ https://phbidlautdemo.prahu-hub.com/lelang/buatlelang?newbook=1:14301
[  144966ms] [LOG] Connected @ https://phbidlautdemo.prahu-hub.com/lelang/buatlelang?newbook=1:14301
[  145045ms] [LOG] 200 xhrglobal @ https://phbidlautdemo.prahu-hub.com/lelang/buatlelang?newbook=1:14182
[  145111ms] [LOG] 200 xhrglobal @ https://phbidlautdemo.prahu-hub.com/lelang/buatlelang?newbook=1:14182
[  146751ms] TypeError: $(...).DataTable is not a function
    at https://phbidlautdemo.prahu-hub.com/_resources/themes/prahutheme/js/scripts-init/tables.js:7:23
[  147261ms] [LOG] Connected @ https://phbidlautdemo.prahu-hub.com/lelang/buatlelang?newbook=1:14301
[  164830ms] [LOG] Connected @ https://phbidlautdemo.prahu-hub.com/lelang/buatlelang?newbook=1:14301
[  178390ms] [LOG] Connected @ https://phbidlautdemo.prahu-hub.com/lelang/buatlelang?newbook=1:14301
[  193902ms] [LOG] Connected @ https://phbidlautdemo.prahu-hub.com/lelang/buatlelang?newbook=1:14301
[  207905ms] Cannot use import statement outside a module
[  207912ms] ReferenceError: Chart is not defined
    at https://phbidlautdemo.prahu-hub.com/_resources/themes/prahutheme/js/scripts-init/charts/chartjs.js:8:13
[  207912ms] Unexpected token '<'
[  207913ms] Unexpected token '<'
[  207997ms] [LOG] Daftar Ordernamanya @ https://phbidlautdemo.prahu-hub.com/order/orderdetail/dmVSUnFiaGxwdU9oYjJnZHhEY0cyUT09:1877
[  208015ms] [LOG] undefined @ https://phbidlautdemo.prahu-hub.com/order/orderdetail/dmVSUnFiaGxwdU9oYjJnZHhEY0cyUT09:8425
[  208015ms] [LOG] undefined @ https://phbidlautdemo.prahu-hub.com/order/orderdetail/dmVSUnFiaGxwdU9oYjJnZHhEY0cyUT09:8425
[  208015ms] [LOG] undefined @ https://phbidlautdemo.prahu-hub.com/order/orderdetail/dmVSUnFiaGxwdU9oYjJnZHhEY0cyUT09:8425
[  208015ms] [LOG] undefined @ https://phbidlautdemo.prahu-hub.com/order/orderdetail/dmVSUnFiaGxwdU9oYjJnZHhEY0cyUT09:8425
[  208016ms] [LOG] WebSocket connection @ https://phbidlautdemo.prahu-hub.com/order/orderdetail/dmVSUnFiaGxwdU9oYjJnZHhEY0cyUT09:8468
[  208017ms] [LOG] WebSocket connection attempting... @ https://phbidlautdemo.prahu-hub.com/order/orderdetail/dmVSUnFiaGxwdU9oYjJnZHhEY0cyUT09:8546
[  208127ms] [LOG] WebSocket connected @ https://phbidlautdemo.prahu-hub.com/order/orderdetail/dmVSUnFiaGxwdU9oYjJnZHhEY0cyUT09:8477
[  208131ms] [LOG] update_dashboard_order_laut @ https://phbidlautdemo.prahu-hub.com/order/orderdetail/dmVSUnFiaGxwdU9oYjJnZHhEY0cyUT09:8518
[  208172ms] [LOG] Connected @ https://phbidlautdemo.prahu-hub.com/order/orderdetail/dmVSUnFiaGxwdU9oYjJnZHhEY0cyUT09:8518
[  208702ms] [LOG] 200 xhrglobal @ https://phbidlautdemo.prahu-hub.com/order/orderdetail/dmVSUnFiaGxwdU9oYjJnZHhEY0cyUT09:8399
[  208885ms] [LOG] 200 xhrglobal @ https://phbidlautdemo.prahu-hub.com/order/orderdetail/dmVSUnFiaGxwdU9oYjJnZHhEY0cyUT09:8399
[  210006ms] TypeError: $(...).DataTable is not a function
    at https://phbidlautdemo.prahu-hub.com/_resources/themes/prahutheme/js/scripts-init/tables.js:7:23
[  212096ms] [LOG] Connected @ https://phbidlautdemo.prahu-hub.com/order/orderdetail/dmVSUnFiaGxwdU9oYjJnZHhEY0cyUT09:8518
[  215615ms] [LOG] Connected @ https://phbidlautdemo.prahu-hub.com/order/orderdetail/dmVSUnFiaGxwdU9oYjJnZHhEY0cyUT09:8518
[  215637ms] [LOG] Connected @ https://phbidlautdemo.prahu-hub.com/order/orderdetail/dmVSUnFiaGxwdU9oYjJnZHhEY0cyUT09:8518
[  215736ms] [LOG] Connected @ https://phbidlautdemo.prahu-hub.com/order/orderdetail/dmVSUnFiaGxwdU9oYjJnZHhEY0cyUT09:8518
[  218835ms] [LOG] Connected @ https://phbidlautdemo.prahu-hub.com/order/orderdetail/dmVSUnFiaGxwdU9oYjJnZHhEY0cyUT09:8518
[  226044ms] [LOG] Connected @ https://phbidlautdemo.prahu-hub.com/order/orderdetail/dmVSUnFiaGxwdU9oYjJnZHhEY0cyUT09:8518
[  232147ms] [LOG] Connected @ https://phbidlautdemo.prahu-hub.com/order/orderdetail/dmVSUnFiaGxwdU9oYjJnZHhEY0cyUT09:8518
[  238916ms] [LOG] Connected @ https://phbidlautdemo.prahu-hub.com/order/orderdetail/dmVSUnFiaGxwdU9oYjJnZHhEY0cyUT09:8518
[  245780ms] [LOG] Connected @ https://phbidlautdemo.prahu-hub.com/order/orderdetail/dmVSUnFiaGxwdU9oYjJnZHhEY0cyUT09:8518
[  246111ms] [LOG] Connected @ https://phbidlautdemo.prahu-hub.com/order/orderdetail/dmVSUnFiaGxwdU9oYjJnZHhEY0cyUT09:8518
[  250319ms] [LOG] Connected @ https://phbidlautdemo.prahu-hub.com/order/orderdetail/dmVSUnFiaGxwdU9oYjJnZHhEY0cyUT09:8518
[  252049ms] [LOG] Connected @ https://phbidlautdemo.prahu-hub.com/order/orderdetail/dmVSUnFiaGxwdU9oYjJnZHhEY0cyUT09:8518
[  254837ms] [LOG] Connected @ https://phbidlautdemo.prahu-hub.com/order/orderdetail/dmVSUnFiaGxwdU9oYjJnZHhEY0cyUT09:8518
[  258611ms] [LOG] Connected @ https://phbidlautdemo.prahu-hub.com/order/orderdetail/dmVSUnFiaGxwdU9oYjJnZHhEY0cyUT09:8518
[  261671ms] [LOG] Connected @ https://phbidlautdemo.prahu-hub.com/order/orderdetail/dmVSUnFiaGxwdU9oYjJnZHhEY0cyUT09:8518
[  262520ms] [LOG] Connected @ https://phbidlautdemo.prahu-hub.com/order/orderdetail/dmVSUnFiaGxwdU9oYjJnZHhEY0cyUT09:8518
[  265686ms] [LOG] Connected @ https://phbidlautdemo.prahu-hub.com/order/orderdetail/dmVSUnFiaGxwdU9oYjJnZHhEY0cyUT09:8518
[  267917ms] [LOG] Connected @ https://phbidlautdemo.prahu-hub.com/order/orderdetail/dmVSUnFiaGxwdU9oYjJnZHhEY0cyUT09:8518
[  270065ms] [LOG] Connected @ https://phbidlautdemo.prahu-hub.com/order/orderdetail/dmVSUnFiaGxwdU9oYjJnZHhEY0cyUT09:8518
[  274244ms] [LOG] Connected @ https://phbidlautdemo.prahu-hub.com/order/orderdetail/dmVSUnFiaGxwdU9oYjJnZHhEY0cyUT09:8518
[  274397ms] [LOG] Connected @ https://phbidlautdemo.prahu-hub.com/order/orderdetail/dmVSUnFiaGxwdU9oYjJnZHhEY0cyUT09:8518
[  278691ms] [LOG] Connected @ https://phbidlautdemo.prahu-hub.com/order/orderdetail/dmVSUnFiaGxwdU9oYjJnZHhEY0cyUT09:8518
[  278742ms] [LOG] Connected @ https://phbidlautdemo.prahu-hub.com/order/orderdetail/dmVSUnFiaGxwdU9oYjJnZHhEY0cyUT09:8518
[  281550ms] [LOG] Connected @ https://phbidlautdemo.prahu-hub.com/order/orderdetail/dmVSUnFiaGxwdU9oYjJnZHhEY0cyUT09:8518
[  281590ms] [LOG] Connected @ https://phbidlautdemo.prahu-hub.com/order/orderdetail/dmVSUnFiaGxwdU9oYjJnZHhEY0cyUT09:8518
[  282978ms] [LOG] Connected @ https://phbidlautdemo.prahu-hub.com/order/orderdetail/dmVSUnFiaGxwdU9oYjJnZHhEY0cyUT09:8518
[  286055ms] [LOG] Connected @ https://phbidlautdemo.prahu-hub.com/order/orderdetail/dmVSUnFiaGxwdU9oYjJnZHhEY0cyUT09:8518
[  287490ms] [LOG] Connected @ https://phbidlautdemo.prahu-hub.com/order/orderdetail/dmVSUnFiaGxwdU9oYjJnZHhEY0cyUT09:8518
[  288043ms] [LOG] Connected @ https://phbidlautdemo.prahu-hub.com/order/orderdetail/dmVSUnFiaGxwdU9oYjJnZHhEY0cyUT09:8518
[  288162ms] [LOG] Connected @ https://phbidlautdemo.prahu-hub.com/order/orderdetail/dmVSUnFiaGxwdU9oYjJnZHhEY0cyUT09:8518
[  291622ms] [LOG] Connected @ https://phbidlautdemo.prahu-hub.com/order/orderdetail/dmVSUnFiaGxwdU9oYjJnZHhEY0cyUT09:8518
[  295232ms] [LOG] Connected @ https://phbidlautdemo.prahu-hub.com/order/orderdetail/dmVSUnFiaGxwdU9oYjJnZHhEY0cyUT09:8518
[  299193ms] [LOG] Connected @ https://phbidlautdemo.prahu-hub.com/order/orderdetail/dmVSUnFiaGxwdU9oYjJnZHhEY0cyUT09:8518
[  303749ms] [LOG] Connected @ https://phbidlautdemo.prahu-hub.com/order/orderdetail/dmVSUnFiaGxwdU9oYjJnZHhEY0cyUT09:8518
[  307372ms] [LOG] Connected @ https://phbidlautdemo.prahu-hub.com/order/orderdetail/dmVSUnFiaGxwdU9oYjJnZHhEY0cyUT09:8518
[  315670ms] [LOG] Connected @ https://phbidlautdemo.prahu-hub.com/order/orderdetail/dmVSUnFiaGxwdU9oYjJnZHhEY0cyUT09:8518
[  323807ms] [LOG] Connected @ https://phbidlautdemo.prahu-hub.com/order/orderdetail/dmVSUnFiaGxwdU9oYjJnZHhEY0cyUT09:8518
[  333576ms] [LOG] Connected @ https://phbidlautdemo.prahu-hub.com/order/orderdetail/dmVSUnFiaGxwdU9oYjJnZHhEY0cyUT09:8518
[  334847ms] [LOG] Connected @ https://phbidlautdemo.prahu-hub.com/order/orderdetail/dmVSUnFiaGxwdU9oYjJnZHhEY0cyUT09:8518
[  350315ms] [LOG] Connected @ https://phbidlautdemo.prahu-hub.com/order/orderdetail/dmVSUnFiaGxwdU9oYjJnZHhEY0cyUT09:8518
[  361517ms] [LOG] Connected @ https://phbidlautdemo.prahu-hub.com/order/orderdetail/dmVSUnFiaGxwdU9oYjJnZHhEY0cyUT09:8518
[  374770ms] [LOG] Connected @ https://phbidlautdemo.prahu-hub.com/order/orderdetail/dmVSUnFiaGxwdU9oYjJnZHhEY0cyUT09:8518
[  377720ms] [LOG] updateNotif.901-858-787-937-935-914-906-900-876-856-820-796-795-783-764-704-689-688-685-642-641-640-639-638-635-634-633-632-631-629-628-627-626-625-624-623-622-621-614-459-325-23 @ https://phbidlautdemo.prahu-hub.com/order/orderdetail/dmVSUnFiaGxwdU9oYjJnZHhEY0cyUT09:8518
[  377759ms] [LOG] notif_badge_hide.901-858-787-937-935-914-906-900-876-856-820-796-795-783-764-704-689-688-685-642-641-640-639-638-635-634-633-632-631-629-628-627-626-625-624-623-622-621-614-459-325-23 @ https://phbidlautdemo.prahu-hub.com/order/orderdetail/dmVSUnFiaGxwdU9oYjJnZHhEY0cyUT09:8518
[  377768ms] [LOG] update_dashboard_order_laut @ https://phbidlautdemo.prahu-hub.com/order/orderdetail/dmVSUnFiaGxwdU9oYjJnZHhEY0cyUT09:8518
[  378386ms] [LOG] Connected @ https://phbidlautdemo.prahu-hub.com/order/orderdetail/dmVSUnFiaGxwdU9oYjJnZHhEY0cyUT09:8518
[  378503ms] [LOG] Connected @ https://phbidlautdemo.prahu-hub.com/order/orderdetail/dmVSUnFiaGxwdU9oYjJnZHhEY0cyUT09:8518
[  382156ms] [LOG] Connected @ https://phbidlautdemo.prahu-hub.com/order/orderdetail/dmVSUnFiaGxwdU9oYjJnZHhEY0cyUT09:8518
[  382285ms] [LOG] Connected @ https://phbidlautdemo.prahu-hub.com/order/orderdetail/dmVSUnFiaGxwdU9oYjJnZHhEY0cyUT09:8518
[  386469ms] [LOG] Connected @ https://phbidlautdemo.prahu-hub.com/order/orderdetail/dmVSUnFiaGxwdU9oYjJnZHhEY0cyUT09:8518
[  391475ms] [LOG] Connected @ https://phbidlautdemo.prahu-hub.com/order/orderdetail/dmVSUnFiaGxwdU9oYjJnZHhEY0cyUT09:8518
[  395585ms] [LOG] Connected @ https://phbidlautdemo.prahu-hub.com/order/orderdetail/dmVSUnFiaGxwdU9oYjJnZHhEY0cyUT09:8518
[  399268ms] [LOG] Connected @ https://phbidlautdemo.prahu-hub.com/order/orderdetail/dmVSUnFiaGxwdU9oYjJnZHhEY0cyUT09:8518
[  403084ms] [LOG] Connected @ https://phbidlautdemo.prahu-hub.com/order/orderdetail/dmVSUnFiaGxwdU9oYjJnZHhEY0cyUT09:8518
[  406841ms] [LOG] Connected @ https://phbidlautdemo.prahu-hub.com/order/orderdetail/dmVSUnFiaGxwdU9oYjJnZHhEY0cyUT09:8518
[  410838ms] [LOG] Connected @ https://phbidlautdemo.prahu-hub.com/order/orderdetail/dmVSUnFiaGxwdU9oYjJnZHhEY0cyUT09:8518
[  414857ms] [LOG] Connected @ https://phbidlautdemo.prahu-hub.com/order/orderdetail/dmVSUnFiaGxwdU9oYjJnZHhEY0cyUT09:8518
[  418612ms] [LOG] Connected @ https://phbidlautdemo.prahu-hub.com/order/orderdetail/dmVSUnFiaGxwdU9oYjJnZHhEY0cyUT09:8518
[  422158ms] [LOG] Connected @ https://phbidlautdemo.prahu-hub.com/order/orderdetail/dmVSUnFiaGxwdU9oYjJnZHhEY0cyUT09:8518
[  422508ms] [LOG] Connected @ https://phbidlautdemo.prahu-hub.com/order/orderdetail/dmVSUnFiaGxwdU9oYjJnZHhEY0cyUT09:8518
[  426317ms] [LOG] Connected @ https://phbidlautdemo.prahu-hub.com/order/orderdetail/dmVSUnFiaGxwdU9oYjJnZHhEY0cyUT09:8518
[  430334ms] [LOG] Connected @ https://phbidlautdemo.prahu-hub.com/order/orderdetail/dmVSUnFiaGxwdU9oYjJnZHhEY0cyUT09:8518
[  434255ms] [LOG] Connected @ https://phbidlautdemo.prahu-hub.com/order/orderdetail/dmVSUnFiaGxwdU9oYjJnZHhEY0cyUT09:8518
[  434661ms] [LOG] Connected @ https://phbidlautdemo.prahu-hub.com/order/orderdetail/dmVSUnFiaGxwdU9oYjJnZHhEY0cyUT09:8518
[  437823ms] [LOG] Connected @ https://phbidlautdemo.prahu-hub.com/order/orderdetail/dmVSUnFiaGxwdU9oYjJnZHhEY0cyUT09:8518
[  441833ms] [LOG] Connected @ https://phbidlautdemo.prahu-hub.com/order/orderdetail/dmVSUnFiaGxwdU9oYjJnZHhEY0cyUT09:8518
[  445742ms] [LOG] Connected @ https://phbidlautdemo.prahu-hub.com/order/orderdetail/dmVSUnFiaGxwdU9oYjJnZHhEY0cyUT09:8518
[  449925ms] [LOG] Connected @ https://phbidlautdemo.prahu-hub.com/order/orderdetail/dmVSUnFiaGxwdU9oYjJnZHhEY0cyUT09:8518
[  453758ms] [LOG] Connected @ https://phbidlautdemo.prahu-hub.com/order/orderdetail/dmVSUnFiaGxwdU9oYjJnZHhEY0cyUT09:8518
[  457368ms] [LOG] Connected @ https://phbidlautdemo.prahu-hub.com/order/orderdetail/dmVSUnFiaGxwdU9oYjJnZHhEY0cyUT09:8518
[  459548ms] [LOG] Connected @ https://phbidlautdemo.prahu-hub.com/order/orderdetail/dmVSUnFiaGxwdU9oYjJnZHhEY0cyUT09:8518
[  461051ms] [LOG] Connected @ https://phbidlautdemo.prahu-hub.com/order/orderdetail/dmVSUnFiaGxwdU9oYjJnZHhEY0cyUT09:8518
[  464761ms] [LOG] Connected @ https://phbidlautdemo.prahu-hub.com/order/orderdetail/dmVSUnFiaGxwdU9oYjJnZHhEY0cyUT09:8518
[  467015ms] [LOG] Connected @ https://phbidlautdemo.prahu-hub.com/order/orderdetail/dmVSUnFiaGxwdU9oYjJnZHhEY0cyUT09:8518
[  468530ms] [LOG] Connected @ https://phbidlautdemo.prahu-hub.com/order/orderdetail/dmVSUnFiaGxwdU9oYjJnZHhEY0cyUT09:8518
[  472774ms] [LOG] Connected @ https://phbidlautdemo.prahu-hub.com/order/orderdetail/dmVSUnFiaGxwdU9oYjJnZHhEY0cyUT09:8518
[  476800ms] [LOG] Connected @ https://phbidlautdemo.prahu-hub.com/order/orderdetail/dmVSUnFiaGxwdU9oYjJnZHhEY0cyUT09:8518
[  484344ms] [LOG] Connected @ https://phbidlautdemo.prahu-hub.com/order/orderdetail/dmVSUnFiaGxwdU9oYjJnZHhEY0cyUT09:8518
[  486267ms] [LOG] Connected @ https://phbidlautdemo.prahu-hub.com/order/orderdetail/dmVSUnFiaGxwdU9oYjJnZHhEY0cyUT09:8518
[  488365ms] [LOG] Connected @ https://phbidlautdemo.prahu-hub.com/order/orderdetail/dmVSUnFiaGxwdU9oYjJnZHhEY0cyUT09:8518
[  491993ms] [LOG] Connected @ https://phbidlautdemo.prahu-hub.com/order/orderdetail/dmVSUnFiaGxwdU9oYjJnZHhEY0cyUT09:8518
[  492343ms] [LOG] Connected @ https://phbidlautdemo.prahu-hub.com/order/orderdetail/dmVSUnFiaGxwdU9oYjJnZHhEY0cyUT09:8518
[  493273ms] [LOG] Connected @ https://phbidlautdemo.prahu-hub.com/order/orderdetail/dmVSUnFiaGxwdU9oYjJnZHhEY0cyUT09:8518
[  499505ms] [LOG] Connected @ https://phbidlautdemo.prahu-hub.com/order/orderdetail/dmVSUnFiaGxwdU9oYjJnZHhEY0cyUT09:8518
[  502685ms] [LOG] Connected @ https://phbidlautdemo.prahu-hub.com/order/orderdetail/dmVSUnFiaGxwdU9oYjJnZHhEY0cyUT09:8518
[  525376ms] [LOG] Connected @ https://phbidlautdemo.prahu-hub.com/order/orderdetail/dmVSUnFiaGxwdU9oYjJnZHhEY0cyUT09:8518
[  541345ms] [LOG] Connected @ https://phbidlautdemo.prahu-hub.com/order/orderdetail/dmVSUnFiaGxwdU9oYjJnZHhEY0cyUT09:8518
[  546463ms] [LOG] Connected @ https://phbidlautdemo.prahu-hub.com/order/orderdetail/dmVSUnFiaGxwdU9oYjJnZHhEY0cyUT09:8518
[  546700ms] [LOG] Connected @ https://phbidlautdemo.prahu-hub.com/order/orderdetail/dmVSUnFiaGxwdU9oYjJnZHhEY0cyUT09:8518
[  551764ms] [LOG] Connected @ https://phbidlautdemo.prahu-hub.com/order/orderdetail/dmVSUnFiaGxwdU9oYjJnZHhEY0cyUT09:8518
[  556197ms] [LOG] Connected @ https://phbidlautdemo.prahu-hub.com/order/orderdetail/dmVSUnFiaGxwdU9oYjJnZHhEY0cyUT09:8518
[  560360ms] [LOG] Connected @ https://phbidlautdemo.prahu-hub.com/order/orderdetail/dmVSUnFiaGxwdU9oYjJnZHhEY0cyUT09:8518
[  564695ms] [LOG] Connected @ https://phbidlautdemo.prahu-hub.com/order/orderdetail/dmVSUnFiaGxwdU9oYjJnZHhEY0cyUT09:8518
[  569399ms] [LOG] updateNotif.913-937-935-914-906-900-876-856-820-796-795-783-764-704-689-688-685-642-641-640-639-638-635-634-633-632-631-628-627-626-625-624-623-622-621-614-459-123-23 @ https://phbidlautdemo.prahu-hub.com/order/orderdetail/dmVSUnFiaGxwdU9oYjJnZHhEY0cyUT09:8518
[  569425ms] [LOG] notif_badge_show.913-937-935-914-906-900-876-856-820-796-795-783-764-704-689-688-685-642-641-640-639-638-635-634-633-632-631-628-627-626-625-624-623-622-621-614-459-123-23 @ https://phbidlautdemo.prahu-hub.com/order/orderdetail/dmVSUnFiaGxwdU9oYjJnZHhEY0cyUT09:8518
[  569425ms] [LOG] update_dashboard_order_laut @ https://phbidlautdemo.prahu-hub.com/order/orderdetail/dmVSUnFiaGxwdU9oYjJnZHhEY0cyUT09:8518
[  575038ms] [LOG] Connected @ https://phbidlautdemo.prahu-hub.com/order/orderdetail/dmVSUnFiaGxwdU9oYjJnZHhEY0cyUT09:8518
[  582440ms] [LOG] Connected @ https://phbidlautdemo.prahu-hub.com/order/orderdetail/dmVSUnFiaGxwdU9oYjJnZHhEY0cyUT09:8518
[  583418ms] [LOG] Connected @ https://phbidlautdemo.prahu-hub.com/order/orderdetail/dmVSUnFiaGxwdU9oYjJnZHhEY0cyUT09:8518
[  586554ms] [LOG] Connected @ https://phbidlautdemo.prahu-hub.com/order/orderdetail/dmVSUnFiaGxwdU9oYjJnZHhEY0cyUT09:8518
[  590619ms] [LOG] Connected @ https://phbidlautdemo.prahu-hub.com/order/orderdetail/dmVSUnFiaGxwdU9oYjJnZHhEY0cyUT09:8518
[  593405ms] [LOG] Connected @ https://phbidlautdemo.prahu-hub.com/order/orderdetail/dmVSUnFiaGxwdU9oYjJnZHhEY0cyUT09:8518
[  593577ms] [LOG] Connected @ https://phbidlautdemo.prahu-hub.com/order/orderdetail/dmVSUnFiaGxwdU9oYjJnZHhEY0cyUT09:8518
[  604209ms] [LOG] Connected @ https://phbidlautdemo.prahu-hub.com/order/orderdetail/dmVSUnFiaGxwdU9oYjJnZHhEY0cyUT09:8518
[  608063ms] [LOG] updateNotifDarat.20-1 @ https://phbidlautdemo.prahu-hub.com/order/orderdetail/dmVSUnFiaGxwdU9oYjJnZHhEY0cyUT09:8518
[  608064ms] [LOG] notif_badge_show.20-1 @ https://phbidlautdemo.prahu-hub.com/order/orderdetail/dmVSUnFiaGxwdU9oYjJnZHhEY0cyUT09:8518
[  608066ms] [LOG] notif_badge_show.1 @ https://phbidlautdemo.prahu-hub.com/order/orderdetail/dmVSUnFiaGxwdU9oYjJnZHhEY0cyUT09:8518
[  610246ms] [LOG] Connected @ https://phbidlautdemo.prahu-hub.com/order/orderdetail/dmVSUnFiaGxwdU9oYjJnZHhEY0cyUT09:8518
[  611952ms] [LOG] Connected @ https://phbidlautdemo.prahu-hub.com/order/orderdetail/dmVSUnFiaGxwdU9oYjJnZHhEY0cyUT09:8518
[  613085ms] [LOG] notif_badge_show.913-937-935-914-906-900-876-856-820-796-795-783-764-704-689-688-685-642-641-640-639-638-635-634-633-632-631-628-627-626-625-624-623-622-621-614-459-123-23 @ https://phbidlautdemo.prahu-hub.com/order/orderdetail/dmVSUnFiaGxwdU9oYjJnZHhEY0cyUT09:8518
[  613112ms] [LOG] updateNotif.913-937-935-914-906-900-876-856-820-796-795-783-764-704-689-688-685-642-641-640-639-638-635-634-633-632-631-628-627-626-625-624-623-622-621-614-459-123-23 @ https://phbidlautdemo.prahu-hub.com/order/orderdetail/dmVSUnFiaGxwdU9oYjJnZHhEY0cyUT09:8518
[  613117ms] [LOG] update_dashboard_order_laut @ https://phbidlautdemo.prahu-hub.com/order/orderdetail/dmVSUnFiaGxwdU9oYjJnZHhEY0cyUT09:8518
[  621847ms] [LOG] Connected @ https://phbidlautdemo.prahu-hub.com/order/orderdetail/dmVSUnFiaGxwdU9oYjJnZHhEY0cyUT09:8518
[  622036ms] [LOG] Connected @ https://phbidlautdemo.prahu-hub.com/order/orderdetail/dmVSUnFiaGxwdU9oYjJnZHhEY0cyUT09:8518
[  622815ms] [LOG] Connected @ https://phbidlautdemo.prahu-hub.com/order/orderdetail/dmVSUnFiaGxwdU9oYjJnZHhEY0cyUT09:8518
[  623603ms] [LOG] Connected @ https://phbidlautdemo.prahu-hub.com/order/orderdetail/dmVSUnFiaGxwdU9oYjJnZHhEY0cyUT09:8518
[  625200ms] [LOG] Connected @ https://phbidlautdemo.prahu-hub.com/order/orderdetail/dmVSUnFiaGxwdU9oYjJnZHhEY0cyUT09:8518
[  628991ms] [LOG] Connected @ https://phbidlautdemo.prahu-hub.com/order/orderdetail/dmVSUnFiaGxwdU9oYjJnZHhEY0cyUT09:8518
[  639561ms] [LOG] notif_badge_show.913-937-935-914-906-900-876-856-820-796-795-783-764-704-689-688-685-642-641-640-639-638-635-634-633-632-631-629-628-627-626-625-624-623-622-621-614-459-123-23 @ https://phbidlautdemo.prahu-hub.com/order/orderdetail/dmVSUnFiaGxwdU9oYjJnZHhEY0cyUT09:8518
[  639565ms] [LOG] update_dashboard_order_laut @ https://phbidlautdemo.prahu-hub.com/order/orderdetail/dmVSUnFiaGxwdU9oYjJnZHhEY0cyUT09:8518
[  639577ms] [LOG] updateNotif.913-937-935-914-906-900-876-856-820-796-795-783-764-704-689-688-685-642-641-640-639-638-635-634-633-632-631-629-628-627-626-625-624-623-622-621-614-459-123-23 @ https://phbidlautdemo.prahu-hub.com/order/orderdetail/dmVSUnFiaGxwdU9oYjJnZHhEY0cyUT09:8518
[  641615ms] [LOG] Connected @ https://phbidlautdemo.prahu-hub.com/order/orderdetail/dmVSUnFiaGxwdU9oYjJnZHhEY0cyUT09:8518
[  642518ms] [LOG] updateNotif.913-937-935-914-906-900-876-856-820-796-795-783-764-704-689-688-685-642-641-640-639-638-635-634-633-632-631-628-627-626-625-624-623-622-621-614-459-123-23 @ https://phbidlautdemo.prahu-hub.com/order/orderdetail/dmVSUnFiaGxwdU9oYjJnZHhEY0cyUT09:8518
[  642521ms] [LOG] notif_badge_show.913-937-935-914-906-900-876-856-820-796-795-783-764-704-689-688-685-642-641-640-639-638-635-634-633-632-631-628-627-626-625-624-623-622-621-614-459-123-23 @ https://phbidlautdemo.prahu-hub.com/order/orderdetail/dmVSUnFiaGxwdU9oYjJnZHhEY0cyUT09:8518
[  642523ms] [LOG] update_dashboard_order_laut @ https://phbidlautdemo.prahu-hub.com/order/orderdetail/dmVSUnFiaGxwdU9oYjJnZHhEY0cyUT09:8518
[  646355ms] [LOG] Connected @ https://phbidlautdemo.prahu-hub.com/order/orderdetail/dmVSUnFiaGxwdU9oYjJnZHhEY0cyUT09:8518
[  661457ms] [LOG] Connected @ https://phbidlautdemo.prahu-hub.com/order/orderdetail/dmVSUnFiaGxwdU9oYjJnZHhEY0cyUT09:8518
[  665544ms] [LOG] Connected @ https://phbidlautdemo.prahu-hub.com/order/orderdetail/dmVSUnFiaGxwdU9oYjJnZHhEY0cyUT09:8518
[  675658ms] [LOG] Connected @ https://phbidlautdemo.prahu-hub.com/order/orderdetail/dmVSUnFiaGxwdU9oYjJnZHhEY0cyUT09:8518
[  682856ms] [LOG] Connected @ https://phbidlautdemo.prahu-hub.com/order/orderdetail/dmVSUnFiaGxwdU9oYjJnZHhEY0cyUT09:8518
[  684486ms] [LOG] Connected @ https://phbidlautdemo.prahu-hub.com/order/orderdetail/dmVSUnFiaGxwdU9oYjJnZHhEY0cyUT09:8518
[  685449ms] [LOG] Connected @ https://phbidlautdemo.prahu-hub.com/order/orderdetail/dmVSUnFiaGxwdU9oYjJnZHhEY0cyUT09:8518
[  687388ms] [LOG] Connected @ https://phbidlautdemo.prahu-hub.com/order/orderdetail/dmVSUnFiaGxwdU9oYjJnZHhEY0cyUT09:8518
[  687656ms] [LOG] Connected @ https://phbidlautdemo.prahu-hub.com/order/orderdetail/dmVSUnFiaGxwdU9oYjJnZHhEY0cyUT09:8518
[  694738ms] [LOG] Connected @ https://phbidlautdemo.prahu-hub.com/order/orderdetail/dmVSUnFiaGxwdU9oYjJnZHhEY0cyUT09:8518
[  694888ms] [LOG] Connected @ https://phbidlautdemo.prahu-hub.com/order/orderdetail/dmVSUnFiaGxwdU9oYjJnZHhEY0cyUT09:8518
[  695555ms] [LOG] Connected @ https://phbidlautdemo.prahu-hub.com/order/orderdetail/dmVSUnFiaGxwdU9oYjJnZHhEY0cyUT09:8518
[  696054ms] [LOG] Connected @ https://phbidlautdemo.prahu-hub.com/order/orderdetail/dmVSUnFiaGxwdU9oYjJnZHhEY0cyUT09:8518
[  698948ms] [LOG] Connected @ https://phbidlautdemo.prahu-hub.com/order/orderdetail/dmVSUnFiaGxwdU9oYjJnZHhEY0cyUT09:8518
[  700388ms] [LOG] Connected @ https://phbidlautdemo.prahu-hub.com/order/orderdetail/dmVSUnFiaGxwdU9oYjJnZHhEY0cyUT09:8518
[  704993ms] [LOG] Connected @ https://phbidlautdemo.prahu-hub.com/order/orderdetail/dmVSUnFiaGxwdU9oYjJnZHhEY0cyUT09:8518
[  706616ms] [LOG] Connected @ https://phbidlautdemo.prahu-hub.com/order/orderdetail/dmVSUnFiaGxwdU9oYjJnZHhEY0cyUT09:8518
[  707837ms] [LOG] Connected @ https://phbidlautdemo.prahu-hub.com/order/orderdetail/dmVSUnFiaGxwdU9oYjJnZHhEY0cyUT09:8518
[  708514ms] [LOG] Connected @ https://phbidlautdemo.prahu-hub.com/order/orderdetail/dmVSUnFiaGxwdU9oYjJnZHhEY0cyUT09:8518
[  709992ms] [LOG] Connected @ https://phbidlautdemo.prahu-hub.com/order/orderdetail/dmVSUnFiaGxwdU9oYjJnZHhEY0cyUT09:8518
[  711311ms] [LOG] Connected @ https://phbidlautdemo.prahu-hub.com/order/orderdetail/dmVSUnFiaGxwdU9oYjJnZHhEY0cyUT09:8518
[  713274ms] [LOG] Connected @ https://phbidlautdemo.prahu-hub.com/order/orderdetail/dmVSUnFiaGxwdU9oYjJnZHhEY0cyUT09:8518
[  714419ms] [LOG] Connected @ https://phbidlautdemo.prahu-hub.com/order/orderdetail/dmVSUnFiaGxwdU9oYjJnZHhEY0cyUT09:8518
[  715441ms] [LOG] Connected @ https://phbidlautdemo.prahu-hub.com/order/orderdetail/dmVSUnFiaGxwdU9oYjJnZHhEY0cyUT09:8518
[  720511ms] [LOG] Connected @ https://phbidlautdemo.prahu-hub.com/order/orderdetail/dmVSUnFiaGxwdU9oYjJnZHhEY0cyUT09:8518
[  720963ms] [LOG] Connected @ https://phbidlautdemo.prahu-hub.com/order/orderdetail/dmVSUnFiaGxwdU9oYjJnZHhEY0cyUT09:8518
[  723072ms] [LOG] Connected @ https://phbidlautdemo.prahu-hub.com/order/orderdetail/dmVSUnFiaGxwdU9oYjJnZHhEY0cyUT09:8518
[  724375ms] [LOG] update_dashboard_order_laut @ https://phbidlautdemo.prahu-hub.com/order/orderdetail/dmVSUnFiaGxwdU9oYjJnZHhEY0cyUT09:8518
[  724376ms] [LOG] updateNotif.255-253-231-274-254-224-163-58-65-23 @ https://phbidlautdemo.prahu-hub.com/order/orderdetail/dmVSUnFiaGxwdU9oYjJnZHhEY0cyUT09:8518
[  724376ms] [LOG] Notif baru, fetching data... 10 true 65 @ https://phbidlautdemo.prahu-hub.com/order/orderdetail/dmVSUnFiaGxwdU9oYjJnZHhEY0cyUT09:8531
[  724387ms] ReferenceError: loadDataNotif is not defined
    at ConnectWebsocket.conn.onmessage (https://phbidlautdemo.prahu-hub.com/order/orderdetail/dmVSUnFiaGxwdU9oYjJnZHhEY0cyUT09:8533:29)
[  724380ms] [LOG] notif_badge_show.255-253-231-274-254-224-163-58-65-23 @ https://phbidlautdemo.prahu-hub.com/order/orderdetail/dmVSUnFiaGxwdU9oYjJnZHhEY0cyUT09:8518
[  724380ms] [LOG] Notif baru, fetching data... 10 true 65 @ https://phbidlautdemo.prahu-hub.com/order/orderdetail/dmVSUnFiaGxwdU9oYjJnZHhEY0cyUT09:8537
[  725752ms] [LOG] Connected @ https://phbidlautdemo.prahu-hub.com/order/orderdetail/dmVSUnFiaGxwdU9oYjJnZHhEY0cyUT09:8518
[  726849ms] [LOG] Connected @ https://phbidlautdemo.prahu-hub.com/order/orderdetail/dmVSUnFiaGxwdU9oYjJnZHhEY0cyUT09:8518
[  727521ms] [LOG] Connected @ https://phbidlautdemo.prahu-hub.com/order/orderdetail/dmVSUnFiaGxwdU9oYjJnZHhEY0cyUT09:8518
[  729543ms] [LOG] Connected @ https://phbidlautdemo.prahu-hub.com/order/orderdetail/dmVSUnFiaGxwdU9oYjJnZHhEY0cyUT09:8518
[  730954ms] [LOG] Connected @ https://phbidlautdemo.prahu-hub.com/order/orderdetail/dmVSUnFiaGxwdU9oYjJnZHhEY0cyUT09:8518
[  739933ms] [LOG] Connected @ https://phbidlautdemo.prahu-hub.com/order/orderdetail/dmVSUnFiaGxwdU9oYjJnZHhEY0cyUT09:8518
[  745077ms] [LOG] Connected @ https://phbidlautdemo.prahu-hub.com/order/orderdetail/dmVSUnFiaGxwdU9oYjJnZHhEY0cyUT09:8518
