[    1110ms] Cannot use import statement outside a module
[    1146ms] ReferenceError: Chart is not defined
    at https://phbidlautdemo.prahu-hub.com/_resources/themes/prahutheme/js/scripts-init/charts/chartjs.js:8:13
[    1181ms] Unexpected token '<'
[    1300ms] Unexpected token '<'
[    1362ms] Uncaught TypeError: expect element to be DOM Element, but got null
    at n.init (https://cdnjs.cloudflare.com/ajax/libs/smooth-scrollbar/8.5.2/smooth-scrollbar.js:24:264)
    at <anonymous> (https://phbidlautdemo.prahu-hub.com/order/alihkanorder/WkhBYndCSkRCaEtwajBzTDBoS1l6UT09?idorder=WkhBYndCSkRCaEtwajBzTDBoS1l6UT09&alihkan=yes&lelang=ZWJxcUswV2tJeDE3dlo1T1BHVXJLUT09:7676:14)
[    1406ms] [LOG] Daftar Ordernamanya @ https://phbidlautdemo.prahu-hub.com/order/alihkanorder/WkhBYndCSkRCaEtwajBzTDBoS1l6UT09?idorder=WkhBYndCSkRCaEtwajBzTDBoS1l6UT09&alihkan=yes&lelang=ZWJxcUswV2tJeDE3dlo1T1BHVXJLUT09:2309
[    1430ms] [LOG] undefined @ https://phbidlautdemo.prahu-hub.com/order/alihkanorder/WkhBYndCSkRCaEtwajBzTDBoS1l6UT09?idorder=WkhBYndCSkRCaEtwajBzTDBoS1l6UT09&alihkan=yes&lelang=ZWJxcUswV2tJeDE3dlo1T1BHVXJLUT09:8029
[    1430ms] [LOG] undefined @ https://phbidlautdemo.prahu-hub.com/order/alihkanorder/WkhBYndCSkRCaEtwajBzTDBoS1l6UT09?idorder=WkhBYndCSkRCaEtwajBzTDBoS1l6UT09&alihkan=yes&lelang=ZWJxcUswV2tJeDE3dlo1T1BHVXJLUT09:8029
[    1430ms] [LOG] undefined @ https://phbidlautdemo.prahu-hub.com/order/alihkanorder/WkhBYndCSkRCaEtwajBzTDBoS1l6UT09?idorder=WkhBYndCSkRCaEtwajBzTDBoS1l6UT09&alihkan=yes&lelang=ZWJxcUswV2tJeDE3dlo1T1BHVXJLUT09:8029
[    1431ms] [LOG] undefined @ https://phbidlautdemo.prahu-hub.com/order/alihkanorder/WkhBYndCSkRCaEtwajBzTDBoS1l6UT09?idorder=WkhBYndCSkRCaEtwajBzTDBoS1l6UT09&alihkan=yes&lelang=ZWJxcUswV2tJeDE3dlo1T1BHVXJLUT09:8029
[    1431ms] [LOG] undefined @ https://phbidlautdemo.prahu-hub.com/order/alihkanorder/WkhBYndCSkRCaEtwajBzTDBoS1l6UT09?idorder=WkhBYndCSkRCaEtwajBzTDBoS1l6UT09&alihkan=yes&lelang=ZWJxcUswV2tJeDE3dlo1T1BHVXJLUT09:8029
[    1431ms] [LOG] undefined @ https://phbidlautdemo.prahu-hub.com/order/alihkanorder/WkhBYndCSkRCaEtwajBzTDBoS1l6UT09?idorder=WkhBYndCSkRCaEtwajBzTDBoS1l6UT09&alihkan=yes&lelang=ZWJxcUswV2tJeDE3dlo1T1BHVXJLUT09:8029
[    1431ms] [LOG] undefined @ https://phbidlautdemo.prahu-hub.com/order/alihkanorder/WkhBYndCSkRCaEtwajBzTDBoS1l6UT09?idorder=WkhBYndCSkRCaEtwajBzTDBoS1l6UT09&alihkan=yes&lelang=ZWJxcUswV2tJeDE3dlo1T1BHVXJLUT09:8029
[    1431ms] [LOG] undefined @ https://phbidlautdemo.prahu-hub.com/order/alihkanorder/WkhBYndCSkRCaEtwajBzTDBoS1l6UT09?idorder=WkhBYndCSkRCaEtwajBzTDBoS1l6UT09&alihkan=yes&lelang=ZWJxcUswV2tJeDE3dlo1T1BHVXJLUT09:8029
[    1431ms] [LOG] DD/MM/YYYY @ https://phbidlautdemo.prahu-hub.com/order/alihkanorder/WkhBYndCSkRCaEtwajBzTDBoS1l6UT09?idorder=WkhBYndCSkRCaEtwajBzTDBoS1l6UT09&alihkan=yes&lelang=ZWJxcUswV2tJeDE3dlo1T1BHVXJLUT09:8029
[    1432ms] [LOG] DD/MM/YYYY @ https://phbidlautdemo.prahu-hub.com/order/alihkanorder/WkhBYndCSkRCaEtwajBzTDBoS1l6UT09?idorder=WkhBYndCSkRCaEtwajBzTDBoS1l6UT09&alihkan=yes&lelang=ZWJxcUswV2tJeDE3dlo1T1BHVXJLUT09:8029
[    1433ms] [LOG] WebSocket connection @ https://phbidlautdemo.prahu-hub.com/order/alihkanorder/WkhBYndCSkRCaEtwajBzTDBoS1l6UT09?idorder=WkhBYndCSkRCaEtwajBzTDBoS1l6UT09&alihkan=yes&lelang=ZWJxcUswV2tJeDE3dlo1T1BHVXJLUT09:8072
[    1434ms] [LOG] WebSocket connection attempting... @ https://phbidlautdemo.prahu-hub.com/order/alihkanorder/WkhBYndCSkRCaEtwajBzTDBoS1l6UT09?idorder=WkhBYndCSkRCaEtwajBzTDBoS1l6UT09&alihkan=yes&lelang=ZWJxcUswV2tJeDE3dlo1T1BHVXJLUT09:8150
[    1677ms] [LOG] [Object, Object] @ https://phbidlautdemo.prahu-hub.com/_resources/themes/prahutheme/javascript/custom/hasilPenawaran.js?m=1787972929:14
[    1699ms] [LOG] 2 @ https://phbidlautdemo.prahu-hub.com/_resources/themes/prahutheme/javascript/custom/hasilPenawaran.js?m=1787972929:889
[    1700ms] [LOG] 2 countView1 1 pageNow 20 limitView1 @ https://phbidlautdemo.prahu-hub.com/_resources/themes/prahutheme/javascript/custom/hasilPenawaran.js?m=1787972929:891
[    1700ms] [LOG] 2 @ https://phbidlautdemo.prahu-hub.com/_resources/themes/prahutheme/javascript/custom/hasilPenawaran.js?m=1787972929:902
[    1700ms] [LOG] 2 jumlah data @ https://phbidlautdemo.prahu-hub.com/_resources/themes/prahutheme/javascript/custom/hasilPenawaran.js?m=1787972929:867
[    1701ms] [LOG] 1 @ https://phbidlautdemo.prahu-hub.com/_resources/themes/prahutheme/javascript/custom/hasilPenawaran.js?m=1787972929:869
[    1701ms] [LOG] 1 1 pageCount & pageNow @ https://phbidlautdemo.prahu-hub.com/_resources/themes/prahutheme/javascript/custom/hasilPenawaran.js?m=1787972929:795
[    1702ms] [LOG] 200 xhrglobal @ https://phbidlautdemo.prahu-hub.com/order/alihkanorder/WkhBYndCSkRCaEtwajBzTDBoS1l6UT09?idorder=WkhBYndCSkRCaEtwajBzTDBoS1l6UT09&alihkan=yes&lelang=ZWJxcUswV2tJeDE3dlo1T1BHVXJLUT09:8003
[    1721ms] [LOG] WebSocket connected @ https://phbidlautdemo.prahu-hub.com/order/alihkanorder/WkhBYndCSkRCaEtwajBzTDBoS1l6UT09?idorder=WkhBYndCSkRCaEtwajBzTDBoS1l6UT09&alihkan=yes&lelang=ZWJxcUswV2tJeDE3dlo1T1BHVXJLUT09:8081
[    1731ms] [LOG] update_dashboard_order_laut @ https://phbidlautdemo.prahu-hub.com/order/alihkanorder/WkhBYndCSkRCaEtwajBzTDBoS1l6UT09?idorder=WkhBYndCSkRCaEtwajBzTDBoS1l6UT09&alihkan=yes&lelang=ZWJxcUswV2tJeDE3dlo1T1BHVXJLUT09:8122
[    1756ms] [LOG] Connected @ https://phbidlautdemo.prahu-hub.com/order/alihkanorder/WkhBYndCSkRCaEtwajBzTDBoS1l6UT09?idorder=WkhBYndCSkRCaEtwajBzTDBoS1l6UT09&alihkan=yes&lelang=ZWJxcUswV2tJeDE3dlo1T1BHVXJLUT09:8122
[    1836ms] [LOG] 200 xhrglobal @ https://phbidlautdemo.prahu-hub.com/order/alihkanorder/WkhBYndCSkRCaEtwajBzTDBoS1l6UT09?idorder=WkhBYndCSkRCaEtwajBzTDBoS1l6UT09&alihkan=yes&lelang=ZWJxcUswV2tJeDE3dlo1T1BHVXJLUT09:8003
[    1900ms] [LOG] 200 xhrglobal @ https://phbidlautdemo.prahu-hub.com/order/alihkanorder/WkhBYndCSkRCaEtwajBzTDBoS1l6UT09?idorder=WkhBYndCSkRCaEtwajBzTDBoS1l6UT09&alihkan=yes&lelang=ZWJxcUswV2tJeDE3dlo1T1BHVXJLUT09:8003
[    3419ms] TypeError: $(...).DataTable is not a function
    at https://phbidlautdemo.prahu-hub.com/_resources/themes/prahutheme/js/scripts-init/tables.js:7:23
