[    1460ms] Cannot use import statement outside a module
[    1523ms] ReferenceError: Chart is not defined
    at https://phbidlautdemo.prahu-hub.com/_resources/themes/prahutheme/js/scripts-init/charts/chartjs.js:8:13
[    1563ms] Unexpected token '<'
[    1704ms] Unexpected token '<'
[    1861ms] Uncaught TypeError: expect element to be DOM Element, but got null
    at <anonymous> (https://cdnjs.cloudflare.com/ajax/libs/smooth-scrollbar/8.5.2/smooth-scrollbar.js:24:264)
    at <anonymous> (https://phbidlautdemo.prahu-hub.com/lelang/carirute/?from=search&id_user=OW5KdmNtY3EwR2JhRzJid0xacWd6QT09&lelang=Ky9ZWlNYRTVKYm9rN0IxdCtpTTFwdz09&nomor_lelang=FALCON%2FNORMAL%2FCONNECTING%2FPONOROGO:9275:14)
[    1980ms] [LOG] undefinednamanya @ https://phbidlautdemo.prahu-hub.com/lelang/carirute/?from=search&id_user=OW5KdmNtY3EwR2JhRzJid0xacWd6QT09&lelang=Ky9ZWlNYRTVKYm9rN0IxdCtpTTFwdz09&nomor_lelang=FALCON%2FNORMAL%2FCONNECTING%2FPONOROGO:2311
[    2058ms] [LOG] undefined @ https://phbidlautdemo.prahu-hub.com/lelang/carirute/?from=search&id_user=OW5KdmNtY3EwR2JhRzJid0xacWd6QT09&lelang=Ky9ZWlNYRTVKYm9rN0IxdCtpTTFwdz09&nomor_lelang=FALCON%2FNORMAL%2FCONNECTING%2FPONOROGO:9628
[    2059ms] [LOG] undefined @ https://phbidlautdemo.prahu-hub.com/lelang/carirute/?from=search&id_user=OW5KdmNtY3EwR2JhRzJid0xacWd6QT09&lelang=Ky9ZWlNYRTVKYm9rN0IxdCtpTTFwdz09&nomor_lelang=FALCON%2FNORMAL%2FCONNECTING%2FPONOROGO:9628
[    2059ms] [LOG] undefined @ https://phbidlautdemo.prahu-hub.com/lelang/carirute/?from=search&id_user=OW5KdmNtY3EwR2JhRzJid0xacWd6QT09&lelang=Ky9ZWlNYRTVKYm9rN0IxdCtpTTFwdz09&nomor_lelang=FALCON%2FNORMAL%2FCONNECTING%2FPONOROGO:9628
[    2059ms] [LOG] Masukkan Nomor Lelang @ https://phbidlautdemo.prahu-hub.com/lelang/carirute/?from=search&id_user=OW5KdmNtY3EwR2JhRzJid0xacWd6QT09&lelang=Ky9ZWlNYRTVKYm9rN0IxdCtpTTFwdz09&nomor_lelang=FALCON%2FNORMAL%2FCONNECTING%2FPONOROGO:9628
[    2059ms] [LOG] undefined @ https://phbidlautdemo.prahu-hub.com/lelang/carirute/?from=search&id_user=OW5KdmNtY3EwR2JhRzJid0xacWd6QT09&lelang=Ky9ZWlNYRTVKYm9rN0IxdCtpTTFwdz09&nomor_lelang=FALCON%2FNORMAL%2FCONNECTING%2FPONOROGO:9628
[    2060ms] [LOG] undefined @ https://phbidlautdemo.prahu-hub.com/lelang/carirute/?from=search&id_user=OW5KdmNtY3EwR2JhRzJid0xacWd6QT09&lelang=Ky9ZWlNYRTVKYm9rN0IxdCtpTTFwdz09&nomor_lelang=FALCON%2FNORMAL%2FCONNECTING%2FPONOROGO:9628
[    2060ms] [LOG] undefined @ https://phbidlautdemo.prahu-hub.com/lelang/carirute/?from=search&id_user=OW5KdmNtY3EwR2JhRzJid0xacWd6QT09&lelang=Ky9ZWlNYRTVKYm9rN0IxdCtpTTFwdz09&nomor_lelang=FALCON%2FNORMAL%2FCONNECTING%2FPONOROGO:9628
[    2060ms] [LOG] undefined @ https://phbidlautdemo.prahu-hub.com/lelang/carirute/?from=search&id_user=OW5KdmNtY3EwR2JhRzJid0xacWd6QT09&lelang=Ky9ZWlNYRTVKYm9rN0IxdCtpTTFwdz09&nomor_lelang=FALCON%2FNORMAL%2FCONNECTING%2FPONOROGO:9628
[    2061ms] [LOG] DD/MM/YYYY @ https://phbidlautdemo.prahu-hub.com/lelang/carirute/?from=search&id_user=OW5KdmNtY3EwR2JhRzJid0xacWd6QT09&lelang=Ky9ZWlNYRTVKYm9rN0IxdCtpTTFwdz09&nomor_lelang=FALCON%2FNORMAL%2FCONNECTING%2FPONOROGO:9628
[    2061ms] [LOG] DD/MM/YYYY @ https://phbidlautdemo.prahu-hub.com/lelang/carirute/?from=search&id_user=OW5KdmNtY3EwR2JhRzJid0xacWd6QT09&lelang=Ky9ZWlNYRTVKYm9rN0IxdCtpTTFwdz09&nomor_lelang=FALCON%2FNORMAL%2FCONNECTING%2FPONOROGO:9628
[    2061ms] [LOG] undefined @ https://phbidlautdemo.prahu-hub.com/lelang/carirute/?from=search&id_user=OW5KdmNtY3EwR2JhRzJid0xacWd6QT09&lelang=Ky9ZWlNYRTVKYm9rN0IxdCtpTTFwdz09&nomor_lelang=FALCON%2FNORMAL%2FCONNECTING%2FPONOROGO:9628
[    2063ms] [LOG] WebSocket connection @ https://phbidlautdemo.prahu-hub.com/lelang/carirute/?from=search&id_user=OW5KdmNtY3EwR2JhRzJid0xacWd6QT09&lelang=Ky9ZWlNYRTVKYm9rN0IxdCtpTTFwdz09&nomor_lelang=FALCON%2FNORMAL%2FCONNECTING%2FPONOROGO:9671
[    2064ms] [LOG] WebSocket connection attempting... @ https://phbidlautdemo.prahu-hub.com/lelang/carirute/?from=search&id_user=OW5KdmNtY3EwR2JhRzJid0xacWd6QT09&lelang=Ky9ZWlNYRTVKYm9rN0IxdCtpTTFwdz09&nomor_lelang=FALCON%2FNORMAL%2FCONNECTING%2FPONOROGO:9749
[    2208ms] [LOG] [Object, Object] @ https://phbidlautdemo.prahu-hub.com/_resources/themes/prahutheme/javascript/custom/hasilPenawaran.js?m=1&amp;m=1787972929:14
[    2233ms] [LOG] 2 @ https://phbidlautdemo.prahu-hub.com/_resources/themes/prahutheme/javascript/custom/hasilPenawaran.js?m=1&amp;m=1787972929:889
[    2233ms] [LOG] 2 countView1 1 pageNow 20 limitView1 @ https://phbidlautdemo.prahu-hub.com/_resources/themes/prahutheme/javascript/custom/hasilPenawaran.js?m=1&amp;m=1787972929:891
[    2234ms] [LOG] 2 @ https://phbidlautdemo.prahu-hub.com/_resources/themes/prahutheme/javascript/custom/hasilPenawaran.js?m=1&amp;m=1787972929:902
[    2234ms] [LOG] 2 jumlah data @ https://phbidlautdemo.prahu-hub.com/_resources/themes/prahutheme/javascript/custom/hasilPenawaran.js?m=1&amp;m=1787972929:867
[    2234ms] [LOG] 1 @ https://phbidlautdemo.prahu-hub.com/_resources/themes/prahutheme/javascript/custom/hasilPenawaran.js?m=1&amp;m=1787972929:869
[    2235ms] [LOG] 1 1 pageCount & pageNow @ https://phbidlautdemo.prahu-hub.com/_resources/themes/prahutheme/javascript/custom/hasilPenawaran.js?m=1&amp;m=1787972929:795
[    2236ms] [LOG] 200 xhrglobal @ https://phbidlautdemo.prahu-hub.com/lelang/carirute/?from=search&id_user=OW5KdmNtY3EwR2JhRzJid0xacWd6QT09&lelang=Ky9ZWlNYRTVKYm9rN0IxdCtpTTFwdz09&nomor_lelang=FALCON%2FNORMAL%2FCONNECTING%2FPONOROGO:9602
[    2238ms] [LOG] WebSocket connected @ https://phbidlautdemo.prahu-hub.com/lelang/carirute/?from=search&id_user=OW5KdmNtY3EwR2JhRzJid0xacWd6QT09&lelang=Ky9ZWlNYRTVKYm9rN0IxdCtpTTFwdz09&nomor_lelang=FALCON%2FNORMAL%2FCONNECTING%2FPONOROGO:9680
[    2315ms] [TABLE] {UI version: 8.4.1, Core version: 8.4.0, Build: NC8xMi8yMDIyfDRkZTU3MmExYg==, WebViewer Server: false, Full API: false} @ https://phbidlautdemo.prahu-hub.com/_resources/themes/prahutheme/javascript/PDFView/lib/ui/webviewer-ui.min.js:270
[    2339ms] [LOG] update_dashboard_order_laut @ https://phbidlautdemo.prahu-hub.com/lelang/carirute/?from=search&id_user=OW5KdmNtY3EwR2JhRzJid0xacWd6QT09&lelang=Ky9ZWlNYRTVKYm9rN0IxdCtpTTFwdz09&nomor_lelang=FALCON%2FNORMAL%2FCONNECTING%2FPONOROGO:9721
[    2343ms] [LOG] Connected @ https://phbidlautdemo.prahu-hub.com/lelang/carirute/?from=search&id_user=OW5KdmNtY3EwR2JhRzJid0xacWd6QT09&lelang=Ky9ZWlNYRTVKYm9rN0IxdCtpTTFwdz09&nomor_lelang=FALCON%2FNORMAL%2FCONNECTING%2FPONOROGO:9721
[    2705ms] [VERBOSE] [DOM] Password forms should have (optionally hidden) username fields for accessibility: (More info: https://goo.gl/9p2vKq) %o @ https://phbidlautdemo.prahu-hub.com/_resources/themes/prahutheme/javascript/PDFView/lib/ui/index.html#d=%2Fassets%2Fdokumenaanwijzing%2F26%2FExport-Penawaran-Cek-Data-RC-PY-22.04.2025-09.51.pdf&a=1&disabledElements=downloadButton%2CprintButton%2ClanguageButton&filepicker=0&pdfnet=0&enableRedaction=0&enableMeasurement=0&pageHistory=1&notesInLeftPanel=0&singleServerMode=false&selectAnnotationOnCreation=0&autoFocusNoteOnAnnotationSelection=1&id=1&basePath=%2Flelang%2Fcarirute%2F:0
[    2712ms] [LOG] 200 xhrglobal @ https://phbidlautdemo.prahu-hub.com/lelang/carirute/?from=search&id_user=OW5KdmNtY3EwR2JhRzJid0xacWd6QT09&lelang=Ky9ZWlNYRTVKYm9rN0IxdCtpTTFwdz09&nomor_lelang=FALCON%2FNORMAL%2FCONNECTING%2FPONOROGO:9602
[    2717ms] [LOG] 200 xhrglobal @ https://phbidlautdemo.prahu-hub.com/lelang/carirute/?from=search&id_user=OW5KdmNtY3EwR2JhRzJid0xacWd6QT09&lelang=Ky9ZWlNYRTVKYm9rN0IxdCtpTTFwdz09&nomor_lelang=FALCON%2FNORMAL%2FCONNECTING%2FPONOROGO:9602
[    5026ms] TypeError: $(...).DataTable is not a function
    at https://phbidlautdemo.prahu-hub.com/_resources/themes/prahutheme/js/scripts-init/tables.js:7:23
[    5399ms] [LOG] document loaded @ https://phbidlautdemo.prahu-hub.com/lelang/carirute/?from=search&id_user=OW5KdmNtY3EwR2JhRzJid0xacWd6QT09&lelang=Ky9ZWlNYRTVKYm9rN0IxdCtpTTFwdz09&nomor_lelang=FALCON%2FNORMAL%2FCONNECTING%2FPONOROGO:6285
[    5614ms] [LOG] Connected @ https://phbidlautdemo.prahu-hub.com/lelang/carirute/?from=search&id_user=OW5KdmNtY3EwR2JhRzJid0xacWd6QT09&lelang=Ky9ZWlNYRTVKYm9rN0IxdCtpTTFwdz09&nomor_lelang=FALCON%2FNORMAL%2FCONNECTING%2FPONOROGO:9721
[   10357ms] [LOG] 200 xhrglobal @ https://phbidlautdemo.prahu-hub.com/lelang/carirute/?from=search&id_user=OW5KdmNtY3EwR2JhRzJid0xacWd6QT09&lelang=Ky9ZWlNYRTVKYm9rN0IxdCtpTTFwdz09&nomor_lelang=FALCON%2FNORMAL%2FCONNECTING%2FPONOROGO:9602
[   12857ms] Unexpected token '<'
[   12871ms] Cannot use import statement outside a module
[   12887ms] ReferenceError: Chart is not defined
    at https://phbidlautdemo.prahu-hub.com/_resources/themes/prahutheme/js/scripts-init/charts/chartjs.js:8:13
[   12889ms] Unexpected token '<'
[   12889ms] Unexpected token '<'
[   12986ms] Uncaught TypeError: expect element to be DOM Element, but got null
    at <anonymous> (https://cdnjs.cloudflare.com/ajax/libs/smooth-scrollbar/8.5.2/smooth-scrollbar.js:24:264)
    at <anonymous> (https://phbidlautdemo.prahu-hub.com/lelang/request_update_harga/1090:6223:14)
[   13217ms] [TABLE] {UI version: 8.4.1, Core version: 8.4.0, Build: NC8xMi8yMDIyfDRkZTU3MmExYg==, WebViewer Server: false, Full API: false} @ https://phbidlautdemo.prahu-hub.com/_resources/themes/prahutheme/javascript/PDFView/lib/ui/webviewer-ui.min.js:270
[   13353ms] [LOG] Pengajuan Lelangnamanya @ https://phbidlautdemo.prahu-hub.com/lelang/request_update_harga/1090:2039
[   13365ms] [LOG] Sun Aug 30 2026 10:34:32 GMT+0700 (Western Indonesia Time) @ https://phbidlautdemo.prahu-hub.com/lelang/request_update_harga/1090:5609
[   13382ms] [LOG] peserta request yes 25 @ https://phbidlautdemo.prahu-hub.com/lelang/request_update_harga/1090:5701
[   13386ms] [LOG] undefined @ https://phbidlautdemo.prahu-hub.com/lelang/request_update_harga/1090:6576
[   13386ms] [LOG] undefined @ https://phbidlautdemo.prahu-hub.com/lelang/request_update_harga/1090:6576
[   13386ms] [LOG] DD/MM/YYYY hh:mm @ https://phbidlautdemo.prahu-hub.com/lelang/request_update_harga/1090:6576
[   13386ms] [LOG] Masukkan Nama Peserta Lelang @ https://phbidlautdemo.prahu-hub.com/lelang/request_update_harga/1090:6576
[   13386ms] [LOG] undefined @ https://phbidlautdemo.prahu-hub.com/lelang/request_update_harga/1090:6576
[   13386ms] [LOG] undefined @ https://phbidlautdemo.prahu-hub.com/lelang/request_update_harga/1090:6576
[   13387ms] [LOG] undefined @ https://phbidlautdemo.prahu-hub.com/lelang/request_update_harga/1090:6576
[   13387ms] [LOG] undefined @ https://phbidlautdemo.prahu-hub.com/lelang/request_update_harga/1090:6576
[   13388ms] [LOG] WebSocket connection @ https://phbidlautdemo.prahu-hub.com/lelang/request_update_harga/1090:6619
[   13388ms] [LOG] WebSocket connection attempting... @ https://phbidlautdemo.prahu-hub.com/lelang/request_update_harga/1090:6697
[   13626ms] [VERBOSE] [DOM] Password forms should have (optionally hidden) username fields for accessibility: (More info: https://goo.gl/9p2vKq) %o @ https://phbidlautdemo.prahu-hub.com/_resources/themes/prahutheme/javascript/PDFView/lib/ui/index.html#d=%2Fassets%2Fdokumenaanwijzing%2F26%2FExport-Penawaran-Cek-Data-RC-PY-22.04.2025-09.51.pdf&a=1&disabledElements=downloadButton%2CprintButton%2ClanguageButton&filepicker=0&pdfnet=0&enableRedaction=0&enableMeasurement=0&pageHistory=1&notesInLeftPanel=0&singleServerMode=false&selectAnnotationOnCreation=0&autoFocusNoteOnAnnotationSelection=1&id=1&basePath=%2Flelang%2Frequest_update_harga%2F1090:0
[   13839ms] [LOG] WebSocket connected @ https://phbidlautdemo.prahu-hub.com/lelang/request_update_harga/1090:6628
[   13917ms] [LOG] update_dashboard_order_laut @ https://phbidlautdemo.prahu-hub.com/lelang/request_update_harga/1090:6669
[   13921ms] [LOG] Connected @ https://phbidlautdemo.prahu-hub.com/lelang/request_update_harga/1090:6669
[   13957ms] [LOG] 200 xhrglobal @ https://phbidlautdemo.prahu-hub.com/lelang/request_update_harga/1090:6550
[   14014ms] [LOG] 200 xhrglobal @ https://phbidlautdemo.prahu-hub.com/lelang/request_update_harga/1090:6550
[   15077ms] [LOG] document loaded @ https://phbidlautdemo.prahu-hub.com/lelang/request_update_harga/1090:5572
[   15365ms] TypeError: $(...).DataTable is not a function
    at https://phbidlautdemo.prahu-hub.com/_resources/themes/prahutheme/js/scripts-init/tables.js:7:23
