[    2729ms] Cannot use import statement outside a module
[    2765ms] ReferenceError: Chart is not defined
    at https://phbidlautdemo.prahu-hub.com/_resources/themes/prahutheme/js/scripts-init/charts/chartjs.js:8:13
[    2766ms] Unexpected token '<'
[    2768ms] Unexpected token '<'
[    2856ms] Uncaught TypeError: expect element to be DOM Element, but got null
    at n.init (https://cdnjs.cloudflare.com/ajax/libs/smooth-scrollbar/8.5.2/smooth-scrollbar.js:24:264)
    at <anonymous> (https://phbidlautdemo.prahu-hub.com/home/subuserbidowner:5514:14)
[    2892ms] [LOG] Pengaturan Akunnamanya @ https://phbidlautdemo.prahu-hub.com/home/subuserbidowner:2040
[    2904ms] [LOG] Masukkan Nama Sub User @ https://phbidlautdemo.prahu-hub.com/home/subuserbidowner:5867
[    2905ms] [LOG] Masukkan Email @ https://phbidlautdemo.prahu-hub.com/home/subuserbidowner:5867
[    2905ms] [LOG] undefined @ https://phbidlautdemo.prahu-hub.com/home/subuserbidowner:5867
[    2905ms] [LOG] undefined @ https://phbidlautdemo.prahu-hub.com/home/subuserbidowner:5867
[    2905ms] [LOG] Masukkan Nama Bank @ https://phbidlautdemo.prahu-hub.com/home/subuserbidowner:5867
[    2905ms] [LOG] undefined @ https://phbidlautdemo.prahu-hub.com/home/subuserbidowner:5867
[    2907ms] [LOG] WebSocket connection @ https://phbidlautdemo.prahu-hub.com/home/subuserbidowner:5910
[    2907ms] [LOG] WebSocket connection attempting... @ https://phbidlautdemo.prahu-hub.com/home/subuserbidowner:5988
[    3282ms] [LOG] [Object, Object, Object, Object, Object, Object, Object, Object, Object, Object, Object, Object, Object] @ https://phbidlautdemo.prahu-hub.com/_resources/themes/prahutheme/javascript/custom/subuserbidowner.js?m=1787972929:15
[    3289ms] [LOG] 13 @ https://phbidlautdemo.prahu-hub.com/_resources/themes/prahutheme/javascript/custom/subuserbidowner.js?m=1787972929:520
[    3289ms] [LOG] 13 countView1 1 pageNow 20 limitView1 @ https://phbidlautdemo.prahu-hub.com/_resources/themes/prahutheme/javascript/custom/subuserbidowner.js?m=1787972929:522
[    3289ms] [LOG] 13 @ https://phbidlautdemo.prahu-hub.com/_resources/themes/prahutheme/javascript/custom/subuserbidowner.js?m=1787972929:528
[    3290ms] [LOG] 13 jumlah data @ https://phbidlautdemo.prahu-hub.com/_resources/themes/prahutheme/javascript/custom/subuserbidowner.js?m=1787972929:483
[    3290ms] [LOG] 1 @ https://phbidlautdemo.prahu-hub.com/_resources/themes/prahutheme/javascript/custom/subuserbidowner.js?m=1787972929:485
[    3291ms] [LOG] 1 1 pageCount & pageNow @ https://phbidlautdemo.prahu-hub.com/_resources/themes/prahutheme/javascript/custom/subuserbidowner.js?m=1787972929:408
[    3294ms] [LOG] 200 xhrglobal @ https://phbidlautdemo.prahu-hub.com/home/subuserbidowner:5841
[    4769ms] [LOG] WebSocket connected @ https://phbidlautdemo.prahu-hub.com/home/subuserbidowner:5919
[    4773ms] [LOG] update_dashboard_order_laut @ https://phbidlautdemo.prahu-hub.com/home/subuserbidowner:5960
[    4905ms] TypeError: $(...).DataTable is not a function
    at https://phbidlautdemo.prahu-hub.com/_resources/themes/prahutheme/js/scripts-init/tables.js:7:23
[    4965ms] [LOG] 200 xhrglobal @ https://phbidlautdemo.prahu-hub.com/home/subuserbidowner:5841
[    5019ms] [LOG] 200 xhrglobal @ https://phbidlautdemo.prahu-hub.com/home/subuserbidowner:5841
[    5161ms] [LOG] Connected @ https://phbidlautdemo.prahu-hub.com/home/subuserbidowner:5960
[   10803ms] Cannot use import statement outside a module
[   10854ms] ReferenceError: Chart is not defined
    at https://phbidlautdemo.prahu-hub.com/_resources/themes/prahutheme/js/scripts-init/charts/chartjs.js:8:13
[   10855ms] Unexpected token '<'
[   10859ms] Unexpected token '<'
[   10967ms] Uncaught TypeError: expect element to be DOM Element, but got null
    at n.init (https://cdnjs.cloudflare.com/ajax/libs/smooth-scrollbar/8.5.2/smooth-scrollbar.js:24:264)
    at <anonymous> (https://phbidlautdemo.prahu-hub.com/home/subuser_create/?admin=bidowner:6160:14)
[   11002ms] [VERBOSE] [DOM] Input elements should have autocomplete attributes (suggested: "new-password"): (More info: https://goo.gl/9p2vKq) %o @ https://phbidlautdemo.prahu-hub.com/home/subuser_create/?admin=bidowner:0
[   11017ms] [LOG] Pengaturan Akunnamanya @ https://phbidlautdemo.prahu-hub.com/home/subuser_create/?admin=bidowner:2039
[   11037ms] [LOG] undefined @ https://phbidlautdemo.prahu-hub.com/home/subuser_create/?admin=bidowner:6513
[   11037ms] [LOG] undefined @ https://phbidlautdemo.prahu-hub.com/home/subuser_create/?admin=bidowner:6513
[   11037ms] [LOG] undefined @ https://phbidlautdemo.prahu-hub.com/home/subuser_create/?admin=bidowner:6513
[   11038ms] [LOG] Masukkan Email @ https://phbidlautdemo.prahu-hub.com/home/subuser_create/?admin=bidowner:6513
[   11038ms] [LOG] undefined @ https://phbidlautdemo.prahu-hub.com/home/subuser_create/?admin=bidowner:6513
[   11038ms] [LOG] undefined @ https://phbidlautdemo.prahu-hub.com/home/subuser_create/?admin=bidowner:6513
[   11038ms] [LOG] Masukkan Kata Sandi @ https://phbidlautdemo.prahu-hub.com/home/subuser_create/?admin=bidowner:6513
[   11038ms] [LOG] Masukkan Konfirmasi Kata Sandi @ https://phbidlautdemo.prahu-hub.com/home/subuser_create/?admin=bidowner:6513
[   11038ms] [LOG] Masukkan Nama Sub user @ https://phbidlautdemo.prahu-hub.com/home/subuser_create/?admin=bidowner:6513
[   11039ms] [LOG] Masukkan Bagian Staff @ https://phbidlautdemo.prahu-hub.com/home/subuser_create/?admin=bidowner:6513
[   11039ms] [LOG] 08xxxxxxxxx @ https://phbidlautdemo.prahu-hub.com/home/subuser_create/?admin=bidowner:6513
[   11039ms] [LOG] Pilih Hak Akses User @ https://phbidlautdemo.prahu-hub.com/home/subuser_create/?admin=bidowner:6513
[   11041ms] [LOG] WebSocket connection @ https://phbidlautdemo.prahu-hub.com/home/subuser_create/?admin=bidowner:6556
[   11041ms] [LOG] WebSocket connection attempting... @ https://phbidlautdemo.prahu-hub.com/home/subuser_create/?admin=bidowner:6634
[   11404ms] [LOG] WebSocket connected @ https://phbidlautdemo.prahu-hub.com/home/subuser_create/?admin=bidowner:6565
[   11409ms] [LOG] update_dashboard_order_laut @ https://phbidlautdemo.prahu-hub.com/home/subuser_create/?admin=bidowner:6606
[   11501ms] [LOG] Connected @ https://phbidlautdemo.prahu-hub.com/home/subuser_create/?admin=bidowner:6606
[   11750ms] [LOG] 200 xhrglobal @ https://phbidlautdemo.prahu-hub.com/home/subuser_create/?admin=bidowner:6487
[   12131ms] [LOG] 200 xhrglobal @ https://phbidlautdemo.prahu-hub.com/home/subuser_create/?admin=bidowner:6487
[   13028ms] TypeError: $(...).DataTable is not a function
    at https://phbidlautdemo.prahu-hub.com/_resources/themes/prahutheme/js/scripts-init/tables.js:7:23
