[    1444ms] Cannot use import statement outside a module
[    1479ms] ReferenceError: Chart is not defined
    at https://phbidlautdemo.prahu-hub.com/_resources/themes/prahutheme/js/scripts-init/charts/chartjs.js:8:13
[    1704ms] Unexpected token '<'
[    1706ms] Unexpected token '<'
[    1878ms] Uncaught TypeError: expect element to be DOM Element, but got null
    at <anonymous> (https://cdnjs.cloudflare.com/ajax/libs/smooth-scrollbar/8.5.2/smooth-scrollbar.js:24:264)
    at <anonymous> (https://phbidlautdemo.prahu-hub.com/lelang/carirute/?from=search&id_user=OW5KdmNtY3EwR2JhRzJid0xacWd6QT09&lelang=Ky9ZWlNYRTVKYm9rN0IxdCtpTTFwdz09&nomor_lelang=FALCON%2FNORMAL%2FCONNECTING%2FPONOROGO:9275:14)
[    1974ms] [LOG] undefinednamanya @ https://phbidlautdemo.prahu-hub.com/lelang/carirute/?from=search&id_user=OW5KdmNtY3EwR2JhRzJid0xacWd6QT09&lelang=Ky9ZWlNYRTVKYm9rN0IxdCtpTTFwdz09&nomor_lelang=FALCON%2FNORMAL%2FCONNECTING%2FPONOROGO:2311
[    2069ms] [LOG] undefined @ https://phbidlautdemo.prahu-hub.com/lelang/carirute/?from=search&id_user=OW5KdmNtY3EwR2JhRzJid0xacWd6QT09&lelang=Ky9ZWlNYRTVKYm9rN0IxdCtpTTFwdz09&nomor_lelang=FALCON%2FNORMAL%2FCONNECTING%2FPONOROGO:9628
[    2069ms] [LOG] undefined @ https://phbidlautdemo.prahu-hub.com/lelang/carirute/?from=search&id_user=OW5KdmNtY3EwR2JhRzJid0xacWd6QT09&lelang=Ky9ZWlNYRTVKYm9rN0IxdCtpTTFwdz09&nomor_lelang=FALCON%2FNORMAL%2FCONNECTING%2FPONOROGO:9628
[    2069ms] [LOG] undefined @ https://phbidlautdemo.prahu-hub.com/lelang/carirute/?from=search&id_user=OW5KdmNtY3EwR2JhRzJid0xacWd6QT09&lelang=Ky9ZWlNYRTVKYm9rN0IxdCtpTTFwdz09&nomor_lelang=FALCON%2FNORMAL%2FCONNECTING%2FPONOROGO:9628
[    2069ms] [LOG] Masukkan Nomor Lelang @ https://phbidlautdemo.prahu-hub.com/lelang/carirute/?from=search&id_user=OW5KdmNtY3EwR2JhRzJid0xacWd6QT09&lelang=Ky9ZWlNYRTVKYm9rN0IxdCtpTTFwdz09&nomor_lelang=FALCON%2FNORMAL%2FCONNECTING%2FPONOROGO:9628
[    2069ms] [LOG] undefined @ https://phbidlautdemo.prahu-hub.com/lelang/carirute/?from=search&id_user=OW5KdmNtY3EwR2JhRzJid0xacWd6QT09&lelang=Ky9ZWlNYRTVKYm9rN0IxdCtpTTFwdz09&nomor_lelang=FALCON%2FNORMAL%2FCONNECTING%2FPONOROGO:9628
[    2069ms] [LOG] undefined @ https://phbidlautdemo.prahu-hub.com/lelang/carirute/?from=search&id_user=OW5KdmNtY3EwR2JhRzJid0xacWd6QT09&lelang=Ky9ZWlNYRTVKYm9rN0IxdCtpTTFwdz09&nomor_lelang=FALCON%2FNORMAL%2FCONNECTING%2FPONOROGO:9628
[    2070ms] [LOG] undefined @ https://phbidlautdemo.prahu-hub.com/lelang/carirute/?from=search&id_user=OW5KdmNtY3EwR2JhRzJid0xacWd6QT09&lelang=Ky9ZWlNYRTVKYm9rN0IxdCtpTTFwdz09&nomor_lelang=FALCON%2FNORMAL%2FCONNECTING%2FPONOROGO:9628
[    2070ms] [LOG] undefined @ https://phbidlautdemo.prahu-hub.com/lelang/carirute/?from=search&id_user=OW5KdmNtY3EwR2JhRzJid0xacWd6QT09&lelang=Ky9ZWlNYRTVKYm9rN0IxdCtpTTFwdz09&nomor_lelang=FALCON%2FNORMAL%2FCONNECTING%2FPONOROGO:9628
[    2070ms] [LOG] DD/MM/YYYY @ https://phbidlautdemo.prahu-hub.com/lelang/carirute/?from=search&id_user=OW5KdmNtY3EwR2JhRzJid0xacWd6QT09&lelang=Ky9ZWlNYRTVKYm9rN0IxdCtpTTFwdz09&nomor_lelang=FALCON%2FNORMAL%2FCONNECTING%2FPONOROGO:9628
[    2070ms] [LOG] DD/MM/YYYY @ https://phbidlautdemo.prahu-hub.com/lelang/carirute/?from=search&id_user=OW5KdmNtY3EwR2JhRzJid0xacWd6QT09&lelang=Ky9ZWlNYRTVKYm9rN0IxdCtpTTFwdz09&nomor_lelang=FALCON%2FNORMAL%2FCONNECTING%2FPONOROGO:9628
[    2070ms] [LOG] undefined @ https://phbidlautdemo.prahu-hub.com/lelang/carirute/?from=search&id_user=OW5KdmNtY3EwR2JhRzJid0xacWd6QT09&lelang=Ky9ZWlNYRTVKYm9rN0IxdCtpTTFwdz09&nomor_lelang=FALCON%2FNORMAL%2FCONNECTING%2FPONOROGO:9628
[    2072ms] [LOG] WebSocket connection @ https://phbidlautdemo.prahu-hub.com/lelang/carirute/?from=search&id_user=OW5KdmNtY3EwR2JhRzJid0xacWd6QT09&lelang=Ky9ZWlNYRTVKYm9rN0IxdCtpTTFwdz09&nomor_lelang=FALCON%2FNORMAL%2FCONNECTING%2FPONOROGO:9671
[    2072ms] [LOG] WebSocket connection attempting... @ https://phbidlautdemo.prahu-hub.com/lelang/carirute/?from=search&id_user=OW5KdmNtY3EwR2JhRzJid0xacWd6QT09&lelang=Ky9ZWlNYRTVKYm9rN0IxdCtpTTFwdz09&nomor_lelang=FALCON%2FNORMAL%2FCONNECTING%2FPONOROGO:9749
[    2389ms] [LOG] [Object, Object] @ https://phbidlautdemo.prahu-hub.com/_resources/themes/prahutheme/javascript/custom/hasilPenawaran.js?m=1&amp;m=1787972929:14
[    2410ms] [LOG] 2 @ https://phbidlautdemo.prahu-hub.com/_resources/themes/prahutheme/javascript/custom/hasilPenawaran.js?m=1&amp;m=1787972929:889
[    2410ms] [LOG] 2 countView1 1 pageNow 20 limitView1 @ https://phbidlautdemo.prahu-hub.com/_resources/themes/prahutheme/javascript/custom/hasilPenawaran.js?m=1&amp;m=1787972929:891
[    2410ms] [LOG] 2 @ https://phbidlautdemo.prahu-hub.com/_resources/themes/prahutheme/javascript/custom/hasilPenawaran.js?m=1&amp;m=1787972929:902
[    2411ms] [LOG] 2 jumlah data @ https://phbidlautdemo.prahu-hub.com/_resources/themes/prahutheme/javascript/custom/hasilPenawaran.js?m=1&amp;m=1787972929:867
[    2411ms] [LOG] 1 @ https://phbidlautdemo.prahu-hub.com/_resources/themes/prahutheme/javascript/custom/hasilPenawaran.js?m=1&amp;m=1787972929:869
[    2412ms] [LOG] 1 1 pageCount & pageNow @ https://phbidlautdemo.prahu-hub.com/_resources/themes/prahutheme/javascript/custom/hasilPenawaran.js?m=1&amp;m=1787972929:795
[    2413ms] [LOG] 200 xhrglobal @ https://phbidlautdemo.prahu-hub.com/lelang/carirute/?from=search&id_user=OW5KdmNtY3EwR2JhRzJid0xacWd6QT09&lelang=Ky9ZWlNYRTVKYm9rN0IxdCtpTTFwdz09&nomor_lelang=FALCON%2FNORMAL%2FCONNECTING%2FPONOROGO:9602
[    2767ms] [LOG] WebSocket connected @ https://phbidlautdemo.prahu-hub.com/lelang/carirute/?from=search&id_user=OW5KdmNtY3EwR2JhRzJid0xacWd6QT09&lelang=Ky9ZWlNYRTVKYm9rN0IxdCtpTTFwdz09&nomor_lelang=FALCON%2FNORMAL%2FCONNECTING%2FPONOROGO:9680
[    3262ms] [TABLE] {UI version: 8.4.1, Core version: 8.4.0, Build: NC8xMi8yMDIyfDRkZTU3MmExYg==, WebViewer Server: false, Full API: false} @ https://phbidlautdemo.prahu-hub.com/_resources/themes/prahutheme/javascript/PDFView/lib/ui/webviewer-ui.min.js:270
[    3300ms] [LOG] update_dashboard_order_laut @ https://phbidlautdemo.prahu-hub.com/lelang/carirute/?from=search&id_user=OW5KdmNtY3EwR2JhRzJid0xacWd6QT09&lelang=Ky9ZWlNYRTVKYm9rN0IxdCtpTTFwdz09&nomor_lelang=FALCON%2FNORMAL%2FCONNECTING%2FPONOROGO:9721
[    3303ms] [LOG] 200 xhrglobal @ https://phbidlautdemo.prahu-hub.com/lelang/carirute/?from=search&id_user=OW5KdmNtY3EwR2JhRzJid0xacWd6QT09&lelang=Ky9ZWlNYRTVKYm9rN0IxdCtpTTFwdz09&nomor_lelang=FALCON%2FNORMAL%2FCONNECTING%2FPONOROGO:9602
[    3306ms] [LOG] 200 xhrglobal @ https://phbidlautdemo.prahu-hub.com/lelang/carirute/?from=search&id_user=OW5KdmNtY3EwR2JhRzJid0xacWd6QT09&lelang=Ky9ZWlNYRTVKYm9rN0IxdCtpTTFwdz09&nomor_lelang=FALCON%2FNORMAL%2FCONNECTING%2FPONOROGO:9602
[    3310ms] [LOG] Connected @ https://phbidlautdemo.prahu-hub.com/lelang/carirute/?from=search&id_user=OW5KdmNtY3EwR2JhRzJid0xacWd6QT09&lelang=Ky9ZWlNYRTVKYm9rN0IxdCtpTTFwdz09&nomor_lelang=FALCON%2FNORMAL%2FCONNECTING%2FPONOROGO:9721
[    3652ms] [VERBOSE] [DOM] Password forms should have (optionally hidden) username fields for accessibility: (More info: https://goo.gl/9p2vKq) %o @ https://phbidlautdemo.prahu-hub.com/_resources/themes/prahutheme/javascript/PDFView/lib/ui/index.html#d=%2Fassets%2Fdokumenaanwijzing%2F26%2FExport-Penawaran-Cek-Data-RC-PY-22.04.2025-09.51.pdf&a=1&disabledElements=downloadButton%2CprintButton%2ClanguageButton&filepicker=0&pdfnet=0&enableRedaction=0&enableMeasurement=0&pageHistory=1&notesInLeftPanel=0&singleServerMode=false&selectAnnotationOnCreation=0&autoFocusNoteOnAnnotationSelection=1&id=1&basePath=%2Flelang%2Fcarirute%2F:0
[    4121ms] TypeError: $(...).DataTable is not a function
    at https://phbidlautdemo.prahu-hub.com/_resources/themes/prahutheme/js/scripts-init/tables.js:7:23
[    6890ms] [LOG] document loaded @ https://phbidlautdemo.prahu-hub.com/lelang/carirute/?from=search&id_user=OW5KdmNtY3EwR2JhRzJid0xacWd6QT09&lelang=Ky9ZWlNYRTVKYm9rN0IxdCtpTTFwdz09&nomor_lelang=FALCON%2FNORMAL%2FCONNECTING%2FPONOROGO:6285
