[     167ms] [LOG] Connected @ https://phbidlautdemo.prahu-hub.com/lelang/carirute:6975
[    1104ms] Cannot use import statement outside a module
[    1126ms] ReferenceError: Chart is not defined
    at https://phbidlautdemo.prahu-hub.com/_resources/themes/prahutheme/js/scripts-init/charts/chartjs.js:8:13
[    1313ms] Unexpected token '<'
[    1316ms] Unexpected token '<'
[    1356ms] Uncaught TypeError: expect element to be DOM Element, but got null
    at n.init (https://cdnjs.cloudflare.com/ajax/libs/smooth-scrollbar/8.5.2/smooth-scrollbar.js:24:264)
    at <anonymous> (https://phbidlautdemo.prahu-hub.com/home/preferenceNotifBidowner:5347:14)
[    1367ms] [LOG] Preference Notifnamanya @ https://phbidlautdemo.prahu-hub.com/home/preferenceNotifBidowner:1876
[    1372ms] [LOG] WebSocket connection @ https://phbidlautdemo.prahu-hub.com/home/preferenceNotifBidowner:5742
[    1372ms] [LOG] WebSocket connection attempting... @ https://phbidlautdemo.prahu-hub.com/home/preferenceNotifBidowner:5820
[    1489ms] [LOG] WebSocket connected @ https://phbidlautdemo.prahu-hub.com/home/preferenceNotifBidowner:5751
[    1495ms] [LOG] update_dashboard_order_laut @ https://phbidlautdemo.prahu-hub.com/home/preferenceNotifBidowner:5792
[    1519ms] [LOG] Connected @ https://phbidlautdemo.prahu-hub.com/home/preferenceNotifBidowner:5792
[    1606ms] [LOG] 200 xhrglobal @ https://phbidlautdemo.prahu-hub.com/home/preferenceNotifBidowner:5673
[    1666ms] [LOG] 200 xhrglobal @ https://phbidlautdemo.prahu-hub.com/home/preferenceNotifBidowner:5673
[    3381ms] TypeError: $(...).DataTable is not a function
    at https://phbidlautdemo.prahu-hub.com/_resources/themes/prahutheme/js/scripts-init/tables.js:7:23
[    7180ms] [LOG] Connected @ https://phbidlautdemo.prahu-hub.com/home/preferenceNotifBidowner:5792
[    7497ms] [LOG] Connected @ https://phbidlautdemo.prahu-hub.com/home/preferenceNotifBidowner:5792
[    8146ms] [LOG] Connected @ https://phbidlautdemo.prahu-hub.com/home/preferenceNotifBidowner:5792
[    9416ms] [LOG] Connected @ https://phbidlautdemo.prahu-hub.com/home/preferenceNotifBidowner:5792
[   10220ms] [LOG] Connected @ https://phbidlautdemo.prahu-hub.com/home/preferenceNotifBidowner:5792
[   10934ms] [LOG] Connected @ https://phbidlautdemo.prahu-hub.com/home/preferenceNotifBidowner:5792
[   14233ms] [LOG] Connected @ https://phbidlautdemo.prahu-hub.com/home/preferenceNotifBidowner:5792
[   14440ms] [LOG] Connected @ https://phbidlautdemo.prahu-hub.com/home/preferenceNotifBidowner:5792
[   14996ms] [LOG] Connected @ https://phbidlautdemo.prahu-hub.com/home/preferenceNotifBidowner:5792
[   16751ms] [LOG] Connected @ https://phbidlautdemo.prahu-hub.com/home/preferenceNotifBidowner:5792
[   20997ms] [LOG] notif_badge_hide.901-858-787-935-914-906-900-876-856-820-796-795-783-764-704-689-688-685-642-641-640-639-638-635-634-633-632-631-629-628-627-626-625-624-623-622-621-614-459-325-23 @ https://phbidlautdemo.prahu-hub.com/home/preferenceNotifBidowner:5792
[   21026ms] [LOG] update_dashboard_order_laut @ https://phbidlautdemo.prahu-hub.com/home/preferenceNotifBidowner:5792
[   21043ms] [LOG] updateNotif.901-858-787-935-914-906-900-876-856-820-796-795-783-764-704-689-688-685-642-641-640-639-638-635-634-633-632-631-629-628-627-626-625-624-623-622-621-614-459-325-23 @ https://phbidlautdemo.prahu-hub.com/home/preferenceNotifBidowner:5792
