[    2489ms] ReferenceError: dete is not defined
    at https://phbidlautdemo.prahu-hub.com/user/login:1465:5
[    3728ms] TypeError: Failed to execute 'observe' on 'IntersectionObserver': parameter 1 is not of type 'Element'.
    at https://phbidlautdemo.prahu-hub.com/user/login:1932:14
[    3718ms] [VERBOSE] [DOM] Input elements should have autocomplete attributes (suggested: "current-password"): (More info: https://goo.gl/9p2vKq) %o @ https://phbidlautdemo.prahu-hub.com/user/login:0
[    3722ms] [LOG] 0 @ https://phbidlautdemo.prahu-hub.com/user/login:1426
[    3722ms] [LOG] undefined scr @ https://phbidlautdemo.prahu-hub.com/user/login:1430
[    8154ms] [LOG] ddd @ https://phbidlautdemo.prahu-hub.com/user/login:1525
[    8327ms] [LOG] {pesan: OPERATOR, status: 1, user_aktif: 1, ParentID: 0, redirect: } @ https://phbidlautdemo.prahu-hub.com/user/login:1558
[    8331ms] [LOG] {pesan: OPERATOR, status: 1, user_aktif: 1, ParentID: 0, redirect: } a @ https://phbidlautdemo.prahu-hub.com/user/login:1560
[    9541ms] Cannot use import statement outside a module
[    9561ms] ReferenceError: Chart is not defined
    at https://phbidlautdemo.prahu-hub.com/_resources/themes/prahutheme/js/scripts-init/charts/chartjs.js:8:13
[    9608ms] Unexpected token '<'
[    9738ms] Unexpected token '<'
[    9813ms] Uncaught TypeError: expect element to be DOM Element, but got null
    at n.init (https://cdnjs.cloudflare.com/ajax/libs/smooth-scrollbar/8.5.2/smooth-scrollbar.js:24:264)
    at <anonymous> (https://phbidlautdemo.prahu-hub.com/lelang/listlelang?tab=semua-lelang:5630:14)
[    9853ms] [LOG] Pengajuan Lelangnamanya @ https://phbidlautdemo.prahu-hub.com/lelang/listlelang?tab=semua-lelang:1756
[    9861ms] [LOG] undefined @ https://phbidlautdemo.prahu-hub.com/lelang/listlelang?tab=semua-lelang:5982
[    9861ms] [LOG] undefined @ https://phbidlautdemo.prahu-hub.com/lelang/listlelang?tab=semua-lelang:5982
[    9861ms] [LOG] Masukkan Nama Shipper @ https://phbidlautdemo.prahu-hub.com/lelang/listlelang?tab=semua-lelang:5982
[    9861ms] [LOG] Masukkan Nomor Lelang @ https://phbidlautdemo.prahu-hub.com/lelang/listlelang?tab=semua-lelang:5982
[    9861ms] [LOG] DD/MM/YYYY @ https://phbidlautdemo.prahu-hub.com/lelang/listlelang?tab=semua-lelang:5982
[    9861ms] [LOG] DD/MM/YYYY @ https://phbidlautdemo.prahu-hub.com/lelang/listlelang?tab=semua-lelang:5982
[    9861ms] [LOG] DD/MM/YYYY @ https://phbidlautdemo.prahu-hub.com/lelang/listlelang?tab=semua-lelang:5982
[    9861ms] [LOG] DD/MM/YYYY @ https://phbidlautdemo.prahu-hub.com/lelang/listlelang?tab=semua-lelang:5982
[    9861ms] [LOG] Masukkan Nama Shipper @ https://phbidlautdemo.prahu-hub.com/lelang/listlelang?tab=semua-lelang:5982
[    9862ms] [LOG] undefined @ https://phbidlautdemo.prahu-hub.com/lelang/listlelang?tab=semua-lelang:5982
[    9862ms] [LOG] undefined @ https://phbidlautdemo.prahu-hub.com/lelang/listlelang?tab=semua-lelang:5982
[    9862ms] [LOG] Masukkan Nama Bank @ https://phbidlautdemo.prahu-hub.com/lelang/listlelang?tab=semua-lelang:5982
[    9862ms] [LOG] undefined @ https://phbidlautdemo.prahu-hub.com/lelang/listlelang?tab=semua-lelang:5982
[    9862ms] [LOG] WebSocket connection @ https://phbidlautdemo.prahu-hub.com/lelang/listlelang?tab=semua-lelang:6025
[    9863ms] [LOG] WebSocket connection attempting... @ https://phbidlautdemo.prahu-hub.com/lelang/listlelang?tab=semua-lelang:6103
[   10779ms] [LOG] WebSocket connected @ https://phbidlautdemo.prahu-hub.com/lelang/listlelang?tab=semua-lelang:6034
[   10781ms] [LOG] update_dashboard_order_laut @ https://phbidlautdemo.prahu-hub.com/lelang/listlelang?tab=semua-lelang:6075
[   10807ms] [LOG] Connected @ https://phbidlautdemo.prahu-hub.com/lelang/listlelang?tab=semua-lelang:6075
[   11345ms] [LOG] [object Object]tesss @ https://phbidlautdemo.prahu-hub.com/lelang/listlelang?tab=semua-lelang:1492
[   11413ms] [LOG] [Object, Object, Object, Object, Object, Object, Object, Object, Object, Object, Object, Object, Object, Object, Object, Object, Object, Object, Object, Object] @ https://phbidlautdemo.prahu-hub.com/_resources/themes/prahutheme/javascript/custom/listLelang.js?m=1787206890:14
[   11419ms] [LOG] 387 @ https://phbidlautdemo.prahu-hub.com/_resources/themes/prahutheme/javascript/custom/listLelang.js?m=1787206890:818
[   11419ms] [LOG] 387 countView1 1 pageNow 20 limitView1 @ https://phbidlautdemo.prahu-hub.com/_resources/themes/prahutheme/javascript/custom/listLelang.js?m=1787206890:820
[   11419ms] [LOG] 20 @ https://phbidlautdemo.prahu-hub.com/_resources/themes/prahutheme/javascript/custom/listLelang.js?m=1787206890:826
[   11420ms] [LOG] 387 jumlah data @ https://phbidlautdemo.prahu-hub.com/_resources/themes/prahutheme/javascript/custom/listLelang.js?m=1787206890:779
[   11420ms] [LOG] 20 @ https://phbidlautdemo.prahu-hub.com/_resources/themes/prahutheme/javascript/custom/listLelang.js?m=1787206890:781
[   11424ms] [LOG] 20 1 pageCount & pageNow @ https://phbidlautdemo.prahu-hub.com/_resources/themes/prahutheme/javascript/custom/listLelang.js?m=1787206890:704
[   11429ms] [LOG] 200 xhrglobal @ https://phbidlautdemo.prahu-hub.com/lelang/listlelang?tab=semua-lelang:5956
[   11455ms] ReferenceError: renderTooltipHarga is not defined
    at https://phbidlautdemo.prahu-hub.com/_resources/themes/prahutheme/javascript/custom/listLelang.js?m=1787206890:1049:9
[   11552ms] [LOG] 200 xhrglobal @ https://phbidlautdemo.prahu-hub.com/lelang/listlelang?tab=semua-lelang:5956
[   11645ms] [LOG] 200 xhrglobal @ https://phbidlautdemo.prahu-hub.com/lelang/listlelang?tab=semua-lelang:5956
[   11868ms] TypeError: $(...).DataTable is not a function
    at https://phbidlautdemo.prahu-hub.com/_resources/themes/prahutheme/js/scripts-init/tables.js:7:23
[   12646ms] Cannot use import statement outside a module
[   12666ms] ReferenceError: Chart is not defined
    at https://phbidlautdemo.prahu-hub.com/_resources/themes/prahutheme/js/scripts-init/charts/chartjs.js:8:13
[   12890ms] Unexpected token '<'
[   12891ms] Unexpected token '<'
[   12940ms] Uncaught TypeError: expect element to be DOM Element, but got null
    at n.init (https://cdnjs.cloudflare.com/ajax/libs/smooth-scrollbar/8.5.2/smooth-scrollbar.js:24:264)
    at <anonymous> (https://phbidlautdemo.prahu-hub.com/home/penugasantracking:6804:14)
[   12956ms] [LOG] 1 @ https://phbidlautdemo.prahu-hub.com/_resources/themes/prahutheme/javascript/custom/penugasantracking.js?m=1787206890:572
[   12957ms] [LOG] 20 @ https://phbidlautdemo.prahu-hub.com/_resources/themes/prahutheme/javascript/custom/penugasantracking.js?m=1787206890:573
[   12960ms] [LOG] Penugasan Trackingnamanya @ https://phbidlautdemo.prahu-hub.com/home/penugasantracking:1756
[   12976ms] [LOG] Masukkan ID Order @ https://phbidlautdemo.prahu-hub.com/home/penugasantracking:7156
[   12976ms] [LOG] undefined @ https://phbidlautdemo.prahu-hub.com/home/penugasantracking:7156
[   12976ms] [LOG] Masukkan Nama Shipper @ https://phbidlautdemo.prahu-hub.com/home/penugasantracking:7156
[   12976ms] [LOG] DD/MM/YYYY - DD/MM/YYYY @ https://phbidlautdemo.prahu-hub.com/home/penugasantracking:7156
[   12978ms] [LOG] Search... @ https://phbidlautdemo.prahu-hub.com/home/penugasantracking:7156
[   12978ms] [LOG] Search... @ https://phbidlautdemo.prahu-hub.com/home/penugasantracking:7156
[   12978ms] [LOG] DD/MM/YYYY - DD/MM/YYYY @ https://phbidlautdemo.prahu-hub.com/home/penugasantracking:7156
[   12978ms] [LOG] DD/MM/YYYY - DD/MM/YYYY @ https://phbidlautdemo.prahu-hub.com/home/penugasantracking:7156
[   12978ms] [LOG] Search... @ https://phbidlautdemo.prahu-hub.com/home/penugasantracking:7156
[   12979ms] [LOG] undefined @ https://phbidlautdemo.prahu-hub.com/home/penugasantracking:7156
[   12979ms] [LOG] Masukkan Nama Kapal @ https://phbidlautdemo.prahu-hub.com/home/penugasantracking:7156
[   12979ms] [LOG] Masukkan Nomor Kontainer @ https://phbidlautdemo.prahu-hub.com/home/penugasantracking:7156
[   12979ms] [LOG] Masukkan Jumlah @ https://phbidlautdemo.prahu-hub.com/home/penugasantracking:7156
[   12980ms] [LOG] WebSocket connection @ https://phbidlautdemo.prahu-hub.com/home/penugasantracking:7199
[   12980ms] [LOG] WebSocket connection attempting... @ https://phbidlautdemo.prahu-hub.com/home/penugasantracking:7277
[   13086ms] [LOG] WebSocket connected @ https://phbidlautdemo.prahu-hub.com/home/penugasantracking:7208
[   13089ms] [LOG] update_dashboard_order_laut @ https://phbidlautdemo.prahu-hub.com/home/penugasantracking:7249
[   13113ms] [LOG] Connected @ https://phbidlautdemo.prahu-hub.com/home/penugasantracking:7249
[   14328ms] [LOG] datanya20 @ https://phbidlautdemo.prahu-hub.com/_resources/themes/prahutheme/javascript/custom/penugasantracking.js?m=1787206890:610
[   14331ms] [LOG] [Object, Object, Object, Object, Object, Object, Object, Object, Object, Object, Object, Object, Object, Object, Object, Object, Object, Object, Object, Object] @ https://phbidlautdemo.prahu-hub.com/_resources/themes/prahutheme/javascript/custom/penugasantracking.js?m=1787206890:248
[   14338ms] [LOG] {ID: RU5JcnhCZE54TlhrTEswZEQyU0FEdz09, Nomor_Order: 20260820-06504, Nomor_Lelang: LELANGIK/02/2026/NRML#2, Tgl_Permintaan_Muat: 22/08/2026 10:15, Nama_Kapal: SS} @ https://phbidlautdemo.prahu-hub.com/_resources/themes/prahutheme/javascript/custom/penugasantracking.js?m=1787206890:254
[   14339ms] [LOG] {ID: dUkwK0ZZNEI4OVNoaktnQjZxSFA3QT09, Nomor_Order: 20260811-06501, Nomor_Lelang: LELANGIK/247/2026/MLTD, Tgl_Permintaan_Muat: 27/08/2026 09:05, Nama_Kapal: KM. Jaya} @ https://phbidlautdemo.prahu-hub.com/_resources/themes/prahutheme/javascript/custom/penugasantracking.js?m=1787206890:254
[   14340ms] [LOG] {ID: S1IxWjM2MUc0cE8xVER1UUtLc2dmQT09, Nomor_Order: 20260713-06501, Nomor_Lelang: LELANGIK/02/2026/NRML#2, Tgl_Permintaan_Muat: 13/07/2026 10:41, Nama_Kapal: KM. Kalimas} @ https://phbidlautdemo.prahu-hub.com/_resources/themes/prahutheme/javascript/custom/penugasantracking.js?m=1787206890:254
[   14341ms] [LOG] {ID: VVpWU1E2WGxjN09xRTJWc0hqeTZDQT09, Nomor_Order: 20260629-06501, Nomor_Lelang: LELANGIK/247/2026/MLTD, Tgl_Permintaan_Muat: 29/06/2026 15:08, Nama_Kapal: KM. Layar} @ https://phbidlautdemo.prahu-hub.com/_resources/themes/prahutheme/javascript/custom/penugasantracking.js?m=1787206890:254
[   14341ms] [LOG] {ID: WnJQWHhhdEx5ZlpaRFVBbkt6bmVVUT09, Nomor_Order: 20260627-06501, Nomor_Lelang: LELANGIK/02/2026/NRML#2, Tgl_Permintaan_Muat: 01/07/2026 09:00, Nama_Kapal: KM. Larantuka} @ https://phbidlautdemo.prahu-hub.com/_resources/themes/prahutheme/javascript/custom/penugasantracking.js?m=1787206890:254
[   14342ms] [LOG] {ID: a2xGMUNUTHdGSjFRMW1aMzN2dVNtUT09, Nomor_Order: 20260624-06501, Nomor_Lelang: LELANG0004, Tgl_Permintaan_Muat: 07/07/2026 15:31, Nama_Kapal: KM. Lamunan} @ https://phbidlautdemo.prahu-hub.com/_resources/themes/prahutheme/javascript/custom/penugasantracking.js?m=1787206890:254
[   14342ms] [LOG] {ID: ZksrQ3oxbm5pOFJON2RSTlZ6cXpGQT09, Nomor_Order: 20260615-06501, Nomor_Lelang: QA/06/26-ORD1, Tgl_Permintaan_Muat: 27/06/2026 10:00, Nama_Kapal: KM QA TEST} @ https://phbidlautdemo.prahu-hub.com/_resources/themes/prahutheme/javascript/custom/penugasantracking.js?m=1787206890:254
[   14343ms] [LOG] {ID: TS9HYVlqaHNUT2ExM2FiNDZzSi9BQT09, Nomor_Order: 20260528-06502, Nomor_Lelang: LELANG0004, Tgl_Permintaan_Muat: 31/05/2026 08:09, Nama_Kapal: KM. Landipan} @ https://phbidlautdemo.prahu-hub.com/_resources/themes/prahutheme/javascript/custom/penugasantracking.js?m=1787206890:254
[   14343ms] [LOG] {ID: RkwxeUJDdU1jVXdCUWtQSkZWMml2dz09, Nomor_Order: 20260427-06502, Nomor_Lelang: LELANGIK/247/2026/MLTD, Tgl_Permintaan_Muat: 30/04/2026 08:53, Nama_Kapal: KM. Linda} @ https://phbidlautdemo.prahu-hub.com/_resources/themes/prahutheme/javascript/custom/penugasantracking.js?m=1787206890:254
[   14344ms] [LOG] {ID: dUpEQkQzV0NUT29yUWZLQVhQeFZGUT09, Nomor_Order: 20260427-06501, Nomor_Lelang: LELANGIK/247/2026/MLTD, Tgl_Permintaan_Muat: 30/04/2026 08:46, Nama_Kapal: KM. Linda} @ https://phbidlautdemo.prahu-hub.com/_resources/themes/prahutheme/javascript/custom/penugasantracking.js?m=1787206890:254
[   14345ms] [LOG] {ID: MGljaUVTZ2JSNWd4STFSeHc4UmxTUT09, Nomor_Order: 20260420-06501, Nomor_Lelang: LELANGIK/02/2026/NRML#2, Tgl_Permintaan_Muat: 01/06/2026 03:40, Nama_Kapal: KM. Manokwari} @ https://phbidlautdemo.prahu-hub.com/_resources/themes/prahutheme/javascript/custom/penugasantracking.js?m=1787206890:254
[   14345ms] [LOG] {ID: Unp6L1pRdGhtSEtpOWdkM21QZSswdz09, Nomor_Order: 20260416-05929, Nomor_Lelang: LELANG/IK/1604, Tgl_Permintaan_Muat: 11/06/2026 14:41, Nama_Kapal: KM. Fashion} @ https://phbidlautdemo.prahu-hub.com/_resources/themes/prahutheme/javascript/custom/penugasantracking.js?m=1787206890:254
[   14346ms] [LOG] {ID: NEd4T095Q0RYRG1SaUdINTdXQnc4Zz09, Nomor_Order: 20260416-05919, Nomor_Lelang: LELANG/IK/1604, Tgl_Permintaan_Muat: 08/06/2026 14:15, Nama_Kapal: KM. Lunar} @ https://phbidlautdemo.prahu-hub.com/_resources/themes/prahutheme/javascript/custom/penugasantracking.js?m=1787206890:254
[   14346ms] [LOG] {ID: NmNjZlA1aXVPTWZ4VVUxYUE5MGVHQT09, Nomor_Order: 20260404-06506, Nomor_Lelang: LELANGIK/02/2026/NRML#2, Tgl_Permintaan_Muat: 30/04/2026 09:53, Nama_Kapal: KM. Manokwari} @ https://phbidlautdemo.prahu-hub.com/_resources/themes/prahutheme/javascript/custom/penugasantracking.js?m=1787206890:254
[   14347ms] [LOG] {ID: WFhBRGxRRTlERm4vZEtCV0h5bFZNZz09, Nomor_Order: 20260404-06505, Nomor_Lelang: LELANG#1(IK)+02-06-2025/MD, Tgl_Permintaan_Muat: 30/04/2026 09:52, Nama_Kapal: KM. Linda PMT} @ https://phbidlautdemo.prahu-hub.com/_resources/themes/prahutheme/javascript/custom/penugasantracking.js?m=1787206890:254
[   14347ms] [LOG] {ID: T3Bpd251Nzc5WXJlSnBRN1BDSUpVdz09, Nomor_Order: 20260404-06504, Nomor_Lelang: LELANG#1(IK)+02-06-2025/MD, Tgl_Permintaan_Muat: 28/04/2026 08:29, Nama_Kapal: KM. Linda PMT} @ https://phbidlautdemo.prahu-hub.com/_resources/themes/prahutheme/javascript/custom/penugasantracking.js?m=1787206890:254
[   14348ms] [LOG] {ID: SDk0dC9kZXZ1MnRGN1A3ZmoybGlDUT09, Nomor_Order: 20260404-06503, Nomor_Lelang: LELANG#1(IK)+02-06-2025/MD, Tgl_Permintaan_Muat: 28/04/2026 08:29, Nama_Kapal: KM. Linda PMT} @ https://phbidlautdemo.prahu-hub.com/_resources/themes/prahutheme/javascript/custom/penugasantracking.js?m=1787206890:254
[   14351ms] [LOG] {ID: YTBHbWRZMi9mbHJHcURubXhhMG9ldz09, Nomor_Order: 20260401-06503, Nomor_Lelang: LELANG#1(IK)+02-06-2025/MD, Tgl_Permintaan_Muat: 23/04/2026 23:23, Nama_Kapal: KM. Linda PMT} @ https://phbidlautdemo.prahu-hub.com/_resources/themes/prahutheme/javascript/custom/penugasantracking.js?m=1787206890:254
[   14351ms] [LOG] {ID: VVl5VFBidEJ3T1ZOYTR1ZXo4ajlxdz09, Nomor_Order: 20260401-06501, Nomor_Lelang: LELANGIK/02/2026/NRML#2, Tgl_Permintaan_Muat: 01/04/2026 15:00, Nama_Kapal: KM. Linda} @ https://phbidlautdemo.prahu-hub.com/_resources/themes/prahutheme/javascript/custom/penugasantracking.js?m=1787206890:254
[   14352ms] [LOG] {ID: MG12S09TUnBqM0lVSDZSZU5LYWJnQT09, Nomor_Order: 20260307-06502, Nomor_Lelang: LELANGIK/02/2026/NRML#2, Tgl_Permintaan_Muat: 09/03/2026 08:37, Nama_Kapal: KM 24} @ https://phbidlautdemo.prahu-hub.com/_resources/themes/prahutheme/javascript/custom/penugasantracking.js?m=1787206890:254
[   14367ms] [LOG] [Object, Object, Object, Object, Object, Object, Object, Object, Object, Object, Object, Object, Object, Object, Object, Object, Object, Object, Object, Object] @ https://phbidlautdemo.prahu-hub.com/_resources/themes/prahutheme/javascript/custom/penugasantracking.js?m=1787206890:39
[   14370ms] [LOG] 202 @ https://phbidlautdemo.prahu-hub.com/_resources/themes/prahutheme/javascript/custom/penugasantracking.js?m=1787206890:542
[   14370ms] [LOG] 202 countView1 1 pageNow 20 limitView1 @ https://phbidlautdemo.prahu-hub.com/_resources/themes/prahutheme/javascript/custom/penugasantracking.js?m=1787206890:544
[   14371ms] [LOG] 20 @ https://phbidlautdemo.prahu-hub.com/_resources/themes/prahutheme/javascript/custom/penugasantracking.js?m=1787206890:555
[   14371ms] [LOG] 202 jumlah data @ https://phbidlautdemo.prahu-hub.com/_resources/themes/prahutheme/javascript/custom/penugasantracking.js?m=1787206890:499
[   14371ms] [LOG] 11 @ https://phbidlautdemo.prahu-hub.com/_resources/themes/prahutheme/javascript/custom/penugasantracking.js?m=1787206890:501
[   14372ms] [LOG] 11 1 pageCount & pageNow @ https://phbidlautdemo.prahu-hub.com/_resources/themes/prahutheme/javascript/custom/penugasantracking.js?m=1787206890:426
[   14373ms] [LOG] 200 xhrglobal @ https://phbidlautdemo.prahu-hub.com/home/penugasantracking:7130
[   14451ms] [LOG] 200 xhrglobal @ https://phbidlautdemo.prahu-hub.com/home/penugasantracking:7130
[   14494ms] [LOG] 200 xhrglobal @ https://phbidlautdemo.prahu-hub.com/home/penugasantracking:7130
[   14980ms] TypeError: $(...).DataTable is not a function
    at https://phbidlautdemo.prahu-hub.com/_resources/themes/prahutheme/js/scripts-init/tables.js:7:23
[   43784ms] [LOG] Connected @ https://phbidlautdemo.prahu-hub.com/home/penugasantracking:7249
[   59668ms] [LOG] Connected @ https://phbidlautdemo.prahu-hub.com/home/penugasantracking:7249
[   63175ms] [LOG] Connected @ https://phbidlautdemo.prahu-hub.com/home/penugasantracking:7249
[   83612ms] Cannot use import statement outside a module
[   83631ms] ReferenceError: Chart is not defined
    at https://phbidlautdemo.prahu-hub.com/_resources/themes/prahutheme/js/scripts-init/charts/chartjs.js:8:13
[   83870ms] Unexpected token '<'
[   83873ms] Unexpected token '<'
[   83903ms] Uncaught TypeError: expect element to be DOM Element, but got null
    at n.init (https://cdnjs.cloudflare.com/ajax/libs/smooth-scrollbar/8.5.2/smooth-scrollbar.js:24:264)
    at <anonymous> (https://phbidlautdemo.prahu-hub.com/home/penugasantracking:6804:14)
[   83925ms] [LOG] 1 @ https://phbidlautdemo.prahu-hub.com/_resources/themes/prahutheme/javascript/custom/penugasantracking.js?m=1787206890:572
[   83925ms] [LOG] 20 @ https://phbidlautdemo.prahu-hub.com/_resources/themes/prahutheme/javascript/custom/penugasantracking.js?m=1787206890:573
[   83933ms] [LOG] Penugasan Trackingnamanya @ https://phbidlautdemo.prahu-hub.com/home/penugasantracking:1756
[   83948ms] [LOG] Masukkan ID Order @ https://phbidlautdemo.prahu-hub.com/home/penugasantracking:7156
[   83948ms] [LOG] undefined @ https://phbidlautdemo.prahu-hub.com/home/penugasantracking:7156
[   83948ms] [LOG] Masukkan Nama Shipper @ https://phbidlautdemo.prahu-hub.com/home/penugasantracking:7156
[   83948ms] [LOG] DD/MM/YYYY - DD/MM/YYYY @ https://phbidlautdemo.prahu-hub.com/home/penugasantracking:7156
[   83948ms] [LOG] Search... @ https://phbidlautdemo.prahu-hub.com/home/penugasantracking:7156
[   83949ms] [LOG] Search... @ https://phbidlautdemo.prahu-hub.com/home/penugasantracking:7156
[   83949ms] [LOG] DD/MM/YYYY - DD/MM/YYYY @ https://phbidlautdemo.prahu-hub.com/home/penugasantracking:7156
[   83949ms] [LOG] DD/MM/YYYY - DD/MM/YYYY @ https://phbidlautdemo.prahu-hub.com/home/penugasantracking:7156
[   83949ms] [LOG] Search... @ https://phbidlautdemo.prahu-hub.com/home/penugasantracking:7156
[   83950ms] [LOG] undefined @ https://phbidlautdemo.prahu-hub.com/home/penugasantracking:7156
[   83950ms] [LOG] Masukkan Nama Kapal @ https://phbidlautdemo.prahu-hub.com/home/penugasantracking:7156
[   83950ms] [LOG] Masukkan Nomor Kontainer @ https://phbidlautdemo.prahu-hub.com/home/penugasantracking:7156
[   83950ms] [LOG] Masukkan Jumlah @ https://phbidlautdemo.prahu-hub.com/home/penugasantracking:7156
[   83951ms] [LOG] WebSocket connection @ https://phbidlautdemo.prahu-hub.com/home/penugasantracking:7199
[   83952ms] [LOG] WebSocket connection attempting... @ https://phbidlautdemo.prahu-hub.com/home/penugasantracking:7277
[   84055ms] [LOG] WebSocket connected @ https://phbidlautdemo.prahu-hub.com/home/penugasantracking:7208
[   84057ms] [LOG] update_dashboard_order_laut @ https://phbidlautdemo.prahu-hub.com/home/penugasantracking:7249
[   84082ms] [LOG] Connected @ https://phbidlautdemo.prahu-hub.com/home/penugasantracking:7249
[   84597ms] [LOG] datanya20 @ https://phbidlautdemo.prahu-hub.com/_resources/themes/prahutheme/javascript/custom/penugasantracking.js?m=1787206890:610
[   84597ms] [LOG] [Object, Object, Object, Object, Object, Object, Object, Object, Object, Object, Object, Object, Object, Object, Object, Object, Object, Object, Object, Object] @ https://phbidlautdemo.prahu-hub.com/_resources/themes/prahutheme/javascript/custom/penugasantracking.js?m=1787206890:248
[   84598ms] [LOG] {ID: RU5JcnhCZE54TlhrTEswZEQyU0FEdz09, Nomor_Order: 20260820-06504, Nomor_Lelang: LELANGIK/02/2026/NRML#2, Tgl_Permintaan_Muat: 22/08/2026 10:15, Nama_Kapal: SS} @ https://phbidlautdemo.prahu-hub.com/_resources/themes/prahutheme/javascript/custom/penugasantracking.js?m=1787206890:254
[   84598ms] [LOG] {ID: dUkwK0ZZNEI4OVNoaktnQjZxSFA3QT09, Nomor_Order: 20260811-06501, Nomor_Lelang: LELANGIK/247/2026/MLTD, Tgl_Permintaan_Muat: 27/08/2026 09:05, Nama_Kapal: KM. Jaya} @ https://phbidlautdemo.prahu-hub.com/_resources/themes/prahutheme/javascript/custom/penugasantracking.js?m=1787206890:254
[   84599ms] [LOG] {ID: S1IxWjM2MUc0cE8xVER1UUtLc2dmQT09, Nomor_Order: 20260713-06501, Nomor_Lelang: LELANGIK/02/2026/NRML#2, Tgl_Permintaan_Muat: 13/07/2026 10:41, Nama_Kapal: KM. Kalimas} @ https://phbidlautdemo.prahu-hub.com/_resources/themes/prahutheme/javascript/custom/penugasantracking.js?m=1787206890:254
[   84599ms] [LOG] {ID: VVpWU1E2WGxjN09xRTJWc0hqeTZDQT09, Nomor_Order: 20260629-06501, Nomor_Lelang: LELANGIK/247/2026/MLTD, Tgl_Permintaan_Muat: 29/06/2026 15:08, Nama_Kapal: KM. Layar} @ https://phbidlautdemo.prahu-hub.com/_resources/themes/prahutheme/javascript/custom/penugasantracking.js?m=1787206890:254
[   84599ms] [LOG] {ID: WnJQWHhhdEx5ZlpaRFVBbkt6bmVVUT09, Nomor_Order: 20260627-06501, Nomor_Lelang: LELANGIK/02/2026/NRML#2, Tgl_Permintaan_Muat: 01/07/2026 09:00, Nama_Kapal: KM. Larantuka} @ https://phbidlautdemo.prahu-hub.com/_resources/themes/prahutheme/javascript/custom/penugasantracking.js?m=1787206890:254
[   84599ms] [LOG] {ID: a2xGMUNUTHdGSjFRMW1aMzN2dVNtUT09, Nomor_Order: 20260624-06501, Nomor_Lelang: LELANG0004, Tgl_Permintaan_Muat: 07/07/2026 15:31, Nama_Kapal: KM. Lamunan} @ https://phbidlautdemo.prahu-hub.com/_resources/themes/prahutheme/javascript/custom/penugasantracking.js?m=1787206890:254
[   84600ms] [LOG] {ID: ZksrQ3oxbm5pOFJON2RSTlZ6cXpGQT09, Nomor_Order: 20260615-06501, Nomor_Lelang: QA/06/26-ORD1, Tgl_Permintaan_Muat: 27/06/2026 10:00, Nama_Kapal: KM QA TEST} @ https://phbidlautdemo.prahu-hub.com/_resources/themes/prahutheme/javascript/custom/penugasantracking.js?m=1787206890:254
[   84600ms] [LOG] {ID: TS9HYVlqaHNUT2ExM2FiNDZzSi9BQT09, Nomor_Order: 20260528-06502, Nomor_Lelang: LELANG0004, Tgl_Permintaan_Muat: 31/05/2026 08:09, Nama_Kapal: KM. Landipan} @ https://phbidlautdemo.prahu-hub.com/_resources/themes/prahutheme/javascript/custom/penugasantracking.js?m=1787206890:254
[   84600ms] [LOG] {ID: RkwxeUJDdU1jVXdCUWtQSkZWMml2dz09, Nomor_Order: 20260427-06502, Nomor_Lelang: LELANGIK/247/2026/MLTD, Tgl_Permintaan_Muat: 30/04/2026 08:53, Nama_Kapal: KM. Linda} @ https://phbidlautdemo.prahu-hub.com/_resources/themes/prahutheme/javascript/custom/penugasantracking.js?m=1787206890:254
[   84600ms] [LOG] {ID: dUpEQkQzV0NUT29yUWZLQVhQeFZGUT09, Nomor_Order: 20260427-06501, Nomor_Lelang: LELANGIK/247/2026/MLTD, Tgl_Permintaan_Muat: 30/04/2026 08:46, Nama_Kapal: KM. Linda} @ https://phbidlautdemo.prahu-hub.com/_resources/themes/prahutheme/javascript/custom/penugasantracking.js?m=1787206890:254
[   84600ms] [LOG] {ID: MGljaUVTZ2JSNWd4STFSeHc4UmxTUT09, Nomor_Order: 20260420-06501, Nomor_Lelang: LELANGIK/02/2026/NRML#2, Tgl_Permintaan_Muat: 01/06/2026 03:40, Nama_Kapal: KM. Manokwari} @ https://phbidlautdemo.prahu-hub.com/_resources/themes/prahutheme/javascript/custom/penugasantracking.js?m=1787206890:254
[   84601ms] [LOG] {ID: Unp6L1pRdGhtSEtpOWdkM21QZSswdz09, Nomor_Order: 20260416-05929, Nomor_Lelang: LELANG/IK/1604, Tgl_Permintaan_Muat: 11/06/2026 14:41, Nama_Kapal: KM. Fashion} @ https://phbidlautdemo.prahu-hub.com/_resources/themes/prahutheme/javascript/custom/penugasantracking.js?m=1787206890:254
[   84601ms] [LOG] {ID: NEd4T095Q0RYRG1SaUdINTdXQnc4Zz09, Nomor_Order: 20260416-05919, Nomor_Lelang: LELANG/IK/1604, Tgl_Permintaan_Muat: 08/06/2026 14:15, Nama_Kapal: KM. Lunar} @ https://phbidlautdemo.prahu-hub.com/_resources/themes/prahutheme/javascript/custom/penugasantracking.js?m=1787206890:254
[   84601ms] [LOG] {ID: NmNjZlA1aXVPTWZ4VVUxYUE5MGVHQT09, Nomor_Order: 20260404-06506, Nomor_Lelang: LELANGIK/02/2026/NRML#2, Tgl_Permintaan_Muat: 30/04/2026 09:53, Nama_Kapal: KM. Manokwari} @ https://phbidlautdemo.prahu-hub.com/_resources/themes/prahutheme/javascript/custom/penugasantracking.js?m=1787206890:254
[   84601ms] [LOG] {ID: WFhBRGxRRTlERm4vZEtCV0h5bFZNZz09, Nomor_Order: 20260404-06505, Nomor_Lelang: LELANG#1(IK)+02-06-2025/MD, Tgl_Permintaan_Muat: 30/04/2026 09:52, Nama_Kapal: KM. Linda PMT} @ https://phbidlautdemo.prahu-hub.com/_resources/themes/prahutheme/javascript/custom/penugasantracking.js?m=1787206890:254
[   84601ms] [LOG] {ID: T3Bpd251Nzc5WXJlSnBRN1BDSUpVdz09, Nomor_Order: 20260404-06504, Nomor_Lelang: LELANG#1(IK)+02-06-2025/MD, Tgl_Permintaan_Muat: 28/04/2026 08:29, Nama_Kapal: KM. Linda PMT} @ https://phbidlautdemo.prahu-hub.com/_resources/themes/prahutheme/javascript/custom/penugasantracking.js?m=1787206890:254
[   84602ms] [LOG] {ID: SDk0dC9kZXZ1MnRGN1A3ZmoybGlDUT09, Nomor_Order: 20260404-06503, Nomor_Lelang: LELANG#1(IK)+02-06-2025/MD, Tgl_Permintaan_Muat: 28/04/2026 08:29, Nama_Kapal: KM. Linda PMT} @ https://phbidlautdemo.prahu-hub.com/_resources/themes/prahutheme/javascript/custom/penugasantracking.js?m=1787206890:254
[   84602ms] [LOG] {ID: YTBHbWRZMi9mbHJHcURubXhhMG9ldz09, Nomor_Order: 20260401-06503, Nomor_Lelang: LELANG#1(IK)+02-06-2025/MD, Tgl_Permintaan_Muat: 23/04/2026 23:23, Nama_Kapal: KM. Linda PMT} @ https://phbidlautdemo.prahu-hub.com/_resources/themes/prahutheme/javascript/custom/penugasantracking.js?m=1787206890:254
[   84602ms] [LOG] {ID: VVl5VFBidEJ3T1ZOYTR1ZXo4ajlxdz09, Nomor_Order: 20260401-06501, Nomor_Lelang: LELANGIK/02/2026/NRML#2, Tgl_Permintaan_Muat: 01/04/2026 15:00, Nama_Kapal: KM. Linda} @ https://phbidlautdemo.prahu-hub.com/_resources/themes/prahutheme/javascript/custom/penugasantracking.js?m=1787206890:254
[   84602ms] [LOG] {ID: MG12S09TUnBqM0lVSDZSZU5LYWJnQT09, Nomor_Order: 20260307-06502, Nomor_Lelang: LELANGIK/02/2026/NRML#2, Tgl_Permintaan_Muat: 09/03/2026 08:37, Nama_Kapal: KM 24} @ https://phbidlautdemo.prahu-hub.com/_resources/themes/prahutheme/javascript/custom/penugasantracking.js?m=1787206890:254
[   84615ms] [LOG] [Object, Object, Object, Object, Object, Object, Object, Object, Object, Object, Object, Object, Object, Object, Object, Object, Object, Object, Object, Object] @ https://phbidlautdemo.prahu-hub.com/_resources/themes/prahutheme/javascript/custom/penugasantracking.js?m=1787206890:39
[   84617ms] [LOG] 202 @ https://phbidlautdemo.prahu-hub.com/_resources/themes/prahutheme/javascript/custom/penugasantracking.js?m=1787206890:542
[   84617ms] [LOG] 202 countView1 1 pageNow 20 limitView1 @ https://phbidlautdemo.prahu-hub.com/_resources/themes/prahutheme/javascript/custom/penugasantracking.js?m=1787206890:544
[   84617ms] [LOG] 20 @ https://phbidlautdemo.prahu-hub.com/_resources/themes/prahutheme/javascript/custom/penugasantracking.js?m=1787206890:555
[   84617ms] [LOG] 202 jumlah data @ https://phbidlautdemo.prahu-hub.com/_resources/themes/prahutheme/javascript/custom/penugasantracking.js?m=1787206890:499
[   84617ms] [LOG] 11 @ https://phbidlautdemo.prahu-hub.com/_resources/themes/prahutheme/javascript/custom/penugasantracking.js?m=1787206890:501
[   84617ms] [LOG] 11 1 pageCount & pageNow @ https://phbidlautdemo.prahu-hub.com/_resources/themes/prahutheme/javascript/custom/penugasantracking.js?m=1787206890:426
[   84618ms] [LOG] 200 xhrglobal @ https://phbidlautdemo.prahu-hub.com/home/penugasantracking:7130
[   84742ms] [LOG] 200 xhrglobal @ https://phbidlautdemo.prahu-hub.com/home/penugasantracking:7130
[   84801ms] [LOG] 200 xhrglobal @ https://phbidlautdemo.prahu-hub.com/home/penugasantracking:7130
[   85951ms] TypeError: $(...).DataTable is not a function
    at https://phbidlautdemo.prahu-hub.com/_resources/themes/prahutheme/js/scripts-init/tables.js:7:23
[   88888ms] Cannot use import statement outside a module
[   88896ms] ReferenceError: Chart is not defined
    at https://phbidlautdemo.prahu-hub.com/_resources/themes/prahutheme/js/scripts-init/charts/chartjs.js:8:13
[   89019ms] Unexpected token '<'
[   89291ms] Unexpected token '<'
[   89333ms] Uncaught TypeError: expect element to be DOM Element, but got null
    at n.init (https://cdnjs.cloudflare.com/ajax/libs/smooth-scrollbar/8.5.2/smooth-scrollbar.js:24:264)
    at <anonymous> (https://phbidlautdemo.prahu-hub.com/home/lihatdatatracking/RU5JcnhCZE54TlhrTEswZEQyU0FEdz09:5926:14)
[   89342ms] [LOG] Penugasan Trackingnamanya @ https://phbidlautdemo.prahu-hub.com/home/lihatdatatracking/RU5JcnhCZE54TlhrTEswZEQyU0FEdz09:1755
[   89351ms] [LOG] WebSocket connection @ https://phbidlautdemo.prahu-hub.com/home/lihatdatatracking/RU5JcnhCZE54TlhrTEswZEQyU0FEdz09:6321
[   89351ms] [LOG] WebSocket connection attempting... @ https://phbidlautdemo.prahu-hub.com/home/lihatdatatracking/RU5JcnhCZE54TlhrTEswZEQyU0FEdz09:6399
[   89452ms] [LOG] WebSocket connected @ https://phbidlautdemo.prahu-hub.com/home/lihatdatatracking/RU5JcnhCZE54TlhrTEswZEQyU0FEdz09:6330
[   89457ms] [LOG] update_dashboard_order_laut @ https://phbidlautdemo.prahu-hub.com/home/lihatdatatracking/RU5JcnhCZE54TlhrTEswZEQyU0FEdz09:6371
[   89482ms] [LOG] Connected @ https://phbidlautdemo.prahu-hub.com/home/lihatdatatracking/RU5JcnhCZE54TlhrTEswZEQyU0FEdz09:6371
[   89570ms] [LOG] 200 xhrglobal @ https://phbidlautdemo.prahu-hub.com/home/lihatdatatracking/RU5JcnhCZE54TlhrTEswZEQyU0FEdz09:6252
[   89631ms] [LOG] 200 xhrglobal @ https://phbidlautdemo.prahu-hub.com/home/lihatdatatracking/RU5JcnhCZE54TlhrTEswZEQyU0FEdz09:6252
[   91360ms] TypeError: $(...).DataTable is not a function
    at https://phbidlautdemo.prahu-hub.com/_resources/themes/prahutheme/js/scripts-init/tables.js:7:23
