[    1206ms] Cannot use import statement outside a module
[    1258ms] ReferenceError: Chart is not defined
    at https://phbidlautdemo.prahu-hub.com/_resources/themes/prahutheme/js/scripts-init/charts/chartjs.js:8:13
[    1357ms] Unexpected token '<'
[    1357ms] Unexpected token '<'
[    1595ms] Uncaught TypeError: expect element to be DOM Element, but got null
    at <anonymous> (https://cdnjs.cloudflare.com/ajax/libs/smooth-scrollbar/8.5.2/smooth-scrollbar.js:24:264)
    at <anonymous> (https://phbidlautdemo.prahu-hub.com/lelang/carirute/?from=search&id_user=SWd1aUR1aGpzOUlWbVpaWXY2NG5SZz09&lelang=ZWJxcUswV2tJeDE3dlo1T1BHVXJLUT09&nomor_lelang=LELANGFCU%2F28082026IK:9275:14)
[    1731ms] [TABLE] {UI version: 8.4.1, Core version: 8.4.0, Build: NC8xMi8yMDIyfDRkZTU3MmExYg==, WebViewer Server: false, Full API: false} @ https://phbidlautdemo.prahu-hub.com/_resources/themes/prahutheme/javascript/PDFView/lib/ui/webviewer-ui.min.js:270
[    1780ms] [LOG] undefinednamanya @ https://phbidlautdemo.prahu-hub.com/lelang/carirute/?from=search&id_user=SWd1aUR1aGpzOUlWbVpaWXY2NG5SZz09&lelang=ZWJxcUswV2tJeDE3dlo1T1BHVXJLUT09&nomor_lelang=LELANGFCU%2F28082026IK:2311
[    1808ms] [LOG] undefined @ https://phbidlautdemo.prahu-hub.com/lelang/carirute/?from=search&id_user=SWd1aUR1aGpzOUlWbVpaWXY2NG5SZz09&lelang=ZWJxcUswV2tJeDE3dlo1T1BHVXJLUT09&nomor_lelang=LELANGFCU%2F28082026IK:9628
[    1808ms] [LOG] undefined @ https://phbidlautdemo.prahu-hub.com/lelang/carirute/?from=search&id_user=SWd1aUR1aGpzOUlWbVpaWXY2NG5SZz09&lelang=ZWJxcUswV2tJeDE3dlo1T1BHVXJLUT09&nomor_lelang=LELANGFCU%2F28082026IK:9628
[    1808ms] [LOG] undefined @ https://phbidlautdemo.prahu-hub.com/lelang/carirute/?from=search&id_user=SWd1aUR1aGpzOUlWbVpaWXY2NG5SZz09&lelang=ZWJxcUswV2tJeDE3dlo1T1BHVXJLUT09&nomor_lelang=LELANGFCU%2F28082026IK:9628
[    1808ms] [LOG] Masukkan Nomor Lelang @ https://phbidlautdemo.prahu-hub.com/lelang/carirute/?from=search&id_user=SWd1aUR1aGpzOUlWbVpaWXY2NG5SZz09&lelang=ZWJxcUswV2tJeDE3dlo1T1BHVXJLUT09&nomor_lelang=LELANGFCU%2F28082026IK:9628
[    1808ms] [LOG] undefined @ https://phbidlautdemo.prahu-hub.com/lelang/carirute/?from=search&id_user=SWd1aUR1aGpzOUlWbVpaWXY2NG5SZz09&lelang=ZWJxcUswV2tJeDE3dlo1T1BHVXJLUT09&nomor_lelang=LELANGFCU%2F28082026IK:9628
[    1809ms] [LOG] undefined @ https://phbidlautdemo.prahu-hub.com/lelang/carirute/?from=search&id_user=SWd1aUR1aGpzOUlWbVpaWXY2NG5SZz09&lelang=ZWJxcUswV2tJeDE3dlo1T1BHVXJLUT09&nomor_lelang=LELANGFCU%2F28082026IK:9628
[    1809ms] [LOG] undefined @ https://phbidlautdemo.prahu-hub.com/lelang/carirute/?from=search&id_user=SWd1aUR1aGpzOUlWbVpaWXY2NG5SZz09&lelang=ZWJxcUswV2tJeDE3dlo1T1BHVXJLUT09&nomor_lelang=LELANGFCU%2F28082026IK:9628
[    1809ms] [LOG] undefined @ https://phbidlautdemo.prahu-hub.com/lelang/carirute/?from=search&id_user=SWd1aUR1aGpzOUlWbVpaWXY2NG5SZz09&lelang=ZWJxcUswV2tJeDE3dlo1T1BHVXJLUT09&nomor_lelang=LELANGFCU%2F28082026IK:9628
[    1809ms] [LOG] DD/MM/YYYY @ https://phbidlautdemo.prahu-hub.com/lelang/carirute/?from=search&id_user=SWd1aUR1aGpzOUlWbVpaWXY2NG5SZz09&lelang=ZWJxcUswV2tJeDE3dlo1T1BHVXJLUT09&nomor_lelang=LELANGFCU%2F28082026IK:9628
[    1809ms] [LOG] DD/MM/YYYY @ https://phbidlautdemo.prahu-hub.com/lelang/carirute/?from=search&id_user=SWd1aUR1aGpzOUlWbVpaWXY2NG5SZz09&lelang=ZWJxcUswV2tJeDE3dlo1T1BHVXJLUT09&nomor_lelang=LELANGFCU%2F28082026IK:9628
[    1810ms] [LOG] undefined @ https://phbidlautdemo.prahu-hub.com/lelang/carirute/?from=search&id_user=SWd1aUR1aGpzOUlWbVpaWXY2NG5SZz09&lelang=ZWJxcUswV2tJeDE3dlo1T1BHVXJLUT09&nomor_lelang=LELANGFCU%2F28082026IK:9628
[    1812ms] [LOG] WebSocket connection @ https://phbidlautdemo.prahu-hub.com/lelang/carirute/?from=search&id_user=SWd1aUR1aGpzOUlWbVpaWXY2NG5SZz09&lelang=ZWJxcUswV2tJeDE3dlo1T1BHVXJLUT09&nomor_lelang=LELANGFCU%2F28082026IK:9671
[    1812ms] [LOG] WebSocket connection attempting... @ https://phbidlautdemo.prahu-hub.com/lelang/carirute/?from=search&id_user=SWd1aUR1aGpzOUlWbVpaWXY2NG5SZz09&lelang=ZWJxcUswV2tJeDE3dlo1T1BHVXJLUT09&nomor_lelang=LELANGFCU%2F28082026IK:9749
[    2065ms] [VERBOSE] [DOM] Password forms should have (optionally hidden) username fields for accessibility: (More info: https://goo.gl/9p2vKq) %o @ https://phbidlautdemo.prahu-hub.com/_resources/themes/prahutheme/javascript/PDFView/lib/ui/index.html#d=%2Fassets%2Fdokumenaanwijzing%2F65%2FAanwijzing-PT.-Primax-Geo-Sejahtera.pdf&a=1&disabledElements=downloadButton%2CprintButton%2ClanguageButton&filepicker=0&pdfnet=0&enableRedaction=0&enableMeasurement=0&pageHistory=1&notesInLeftPanel=0&singleServerMode=false&selectAnnotationOnCreation=0&autoFocusNoteOnAnnotationSelection=1&id=1&basePath=%2Flelang%2Fcarirute%2F:0
[    2267ms] [LOG] [Object, Object, Object] @ https://phbidlautdemo.prahu-hub.com/_resources/themes/prahutheme/javascript/custom/hasilPenawaran.js?m=1&amp;m=1787972929:14
[    2306ms] [LOG] 3 @ https://phbidlautdemo.prahu-hub.com/_resources/themes/prahutheme/javascript/custom/hasilPenawaran.js?m=1&amp;m=1787972929:889
[    2307ms] [LOG] 3 countView1 1 pageNow 20 limitView1 @ https://phbidlautdemo.prahu-hub.com/_resources/themes/prahutheme/javascript/custom/hasilPenawaran.js?m=1&amp;m=1787972929:891
[    2307ms] [LOG] 3 @ https://phbidlautdemo.prahu-hub.com/_resources/themes/prahutheme/javascript/custom/hasilPenawaran.js?m=1&amp;m=1787972929:902
[    2307ms] [LOG] 3 jumlah data @ https://phbidlautdemo.prahu-hub.com/_resources/themes/prahutheme/javascript/custom/hasilPenawaran.js?m=1&amp;m=1787972929:867
[    2308ms] [LOG] 1 @ https://phbidlautdemo.prahu-hub.com/_resources/themes/prahutheme/javascript/custom/hasilPenawaran.js?m=1&amp;m=1787972929:869
[    2308ms] [LOG] 1 1 pageCount & pageNow @ https://phbidlautdemo.prahu-hub.com/_resources/themes/prahutheme/javascript/custom/hasilPenawaran.js?m=1&amp;m=1787972929:795
[    2310ms] [LOG] 200 xhrglobal @ https://phbidlautdemo.prahu-hub.com/lelang/carirute/?from=search&id_user=SWd1aUR1aGpzOUlWbVpaWXY2NG5SZz09&lelang=ZWJxcUswV2tJeDE3dlo1T1BHVXJLUT09&nomor_lelang=LELANGFCU%2F28082026IK:9602
[    2398ms] [LOG] WebSocket connected @ https://phbidlautdemo.prahu-hub.com/lelang/carirute/?from=search&id_user=SWd1aUR1aGpzOUlWbVpaWXY2NG5SZz09&lelang=ZWJxcUswV2tJeDE3dlo1T1BHVXJLUT09&nomor_lelang=LELANGFCU%2F28082026IK:9680
[    2512ms] [LOG] update_dashboard_order_laut @ https://phbidlautdemo.prahu-hub.com/lelang/carirute/?from=search&id_user=SWd1aUR1aGpzOUlWbVpaWXY2NG5SZz09&lelang=ZWJxcUswV2tJeDE3dlo1T1BHVXJLUT09&nomor_lelang=LELANGFCU%2F28082026IK:9721
[    2517ms] [LOG] Connected @ https://phbidlautdemo.prahu-hub.com/lelang/carirute/?from=search&id_user=SWd1aUR1aGpzOUlWbVpaWXY2NG5SZz09&lelang=ZWJxcUswV2tJeDE3dlo1T1BHVXJLUT09&nomor_lelang=LELANGFCU%2F28082026IK:9721
[    2834ms] [LOG] 200 xhrglobal @ https://phbidlautdemo.prahu-hub.com/lelang/carirute/?from=search&id_user=SWd1aUR1aGpzOUlWbVpaWXY2NG5SZz09&lelang=ZWJxcUswV2tJeDE3dlo1T1BHVXJLUT09&nomor_lelang=LELANGFCU%2F28082026IK:9602
[    2840ms] [LOG] 200 xhrglobal @ https://phbidlautdemo.prahu-hub.com/lelang/carirute/?from=search&id_user=SWd1aUR1aGpzOUlWbVpaWXY2NG5SZz09&lelang=ZWJxcUswV2tJeDE3dlo1T1BHVXJLUT09&nomor_lelang=LELANGFCU%2F28082026IK:9602
[    4316ms] TypeError: $(...).DataTable is not a function
    at https://phbidlautdemo.prahu-hub.com/_resources/themes/prahutheme/js/scripts-init/tables.js:7:23
[    4690ms] [LOG] document loaded @ https://phbidlautdemo.prahu-hub.com/lelang/carirute/?from=search&id_user=SWd1aUR1aGpzOUlWbVpaWXY2NG5SZz09&lelang=ZWJxcUswV2tJeDE3dlo1T1BHVXJLUT09&nomor_lelang=LELANGFCU%2F28082026IK:6285
