[     919ms] Cannot use import statement outside a module
[     926ms] ReferenceError: Chart is not defined
    at https://phbidlautdemo.prahu-hub.com/_resources/themes/prahutheme/js/scripts-init/charts/chartjs.js:8:13
[    1038ms] Unexpected token '<'
[    1151ms] Unexpected token '<'
[    1183ms] Uncaught TypeError: expect element to be DOM Element, but got null
    at n.init (https://cdnjs.cloudflare.com/ajax/libs/smooth-scrollbar/8.5.2/smooth-scrollbar.js:24:264)
    at <anonymous> (https://phbidlautdemo.prahu-hub.com/order/buatinvoice/1384:6702:14)
[    1207ms] [LOG] Daftar Ordernamanya @ https://phbidlautdemo.prahu-hub.com/order/buatinvoice/1384:2039
[    1238ms] [LOG] nilai_diskon 0 @ https://phbidlautdemo.prahu-hub.com/order/buatinvoice/1384:5850
[    1238ms] [LOG] 41622000 @ https://phbidlautdemo.prahu-hub.com/order/buatinvoice/1384:5851
[    1240ms] [LOG] nilai_diskon 0 @ https://phbidlautdemo.prahu-hub.com/order/buatinvoice/1384:5850
[    1240ms] [LOG] 41622000 @ https://phbidlautdemo.prahu-hub.com/order/buatinvoice/1384:5851
[    1240ms] [LOG] nilai_diskon 0 @ https://phbidlautdemo.prahu-hub.com/order/buatinvoice/1384:5850
[    1241ms] [LOG] 41622000 @ https://phbidlautdemo.prahu-hub.com/order/buatinvoice/1384:5851
[    1241ms] [LOG] nilai_diskon 0 @ https://phbidlautdemo.prahu-hub.com/order/buatinvoice/1384:5850
[    1241ms] [LOG] 41622000 @ https://phbidlautdemo.prahu-hub.com/order/buatinvoice/1384:5851
[    1259ms] [LOG] undefined @ https://phbidlautdemo.prahu-hub.com/order/buatinvoice/1384:7055
[    1259ms] [LOG] undefined @ https://phbidlautdemo.prahu-hub.com/order/buatinvoice/1384:7055
[    1259ms] [LOG] undefined @ https://phbidlautdemo.prahu-hub.com/order/buatinvoice/1384:7055
[    1259ms] [LOG] Masukkan Nama Perusahaan @ https://phbidlautdemo.prahu-hub.com/order/buatinvoice/1384:7055
[    1259ms] [LOG] Masukkan Nomor Telepon @ https://phbidlautdemo.prahu-hub.com/order/buatinvoice/1384:7055
[    1259ms] [LOG] Masukkan Alamat Email @ https://phbidlautdemo.prahu-hub.com/order/buatinvoice/1384:7055
[    1259ms] [LOG] Masukkan Nama Shipper @ https://phbidlautdemo.prahu-hub.com/order/buatinvoice/1384:7055
[    1260ms] [LOG] Masukkan ID Order @ https://phbidlautdemo.prahu-hub.com/order/buatinvoice/1384:7055
[    1260ms] [LOG] Masukkan Nomor Invoice @ https://phbidlautdemo.prahu-hub.com/order/buatinvoice/1384:7055
[    1260ms] [LOG] DD/MM/YYYY @ https://phbidlautdemo.prahu-hub.com/order/buatinvoice/1384:7055
[    1260ms] [LOG] DD/MM/YYYY @ https://phbidlautdemo.prahu-hub.com/order/buatinvoice/1384:7055
[    1260ms] [LOG] Harga @ https://phbidlautdemo.prahu-hub.com/order/buatinvoice/1384:7055
[    1260ms] [LOG] Harga @ https://phbidlautdemo.prahu-hub.com/order/buatinvoice/1384:7055
[    1260ms] [LOG] 0 @ https://phbidlautdemo.prahu-hub.com/order/buatinvoice/1384:7055
[    1260ms] [LOG] undefined @ https://phbidlautdemo.prahu-hub.com/order/buatinvoice/1384:7055
[    1261ms] [LOG] 0 @ https://phbidlautdemo.prahu-hub.com/order/buatinvoice/1384:7055
[    1261ms] [LOG] undefined @ https://phbidlautdemo.prahu-hub.com/order/buatinvoice/1384:7055
[    1261ms] [LOG] 0 @ https://phbidlautdemo.prahu-hub.com/order/buatinvoice/1384:7055
[    1261ms] [LOG] undefined @ https://phbidlautdemo.prahu-hub.com/order/buatinvoice/1384:7055
[    1261ms] [LOG] undefined @ https://phbidlautdemo.prahu-hub.com/order/buatinvoice/1384:7055
[    1261ms] [LOG] Masukkan Nomor Rekening @ https://phbidlautdemo.prahu-hub.com/order/buatinvoice/1384:7055
[    1261ms] [LOG] Masukkan Nama Bank @ https://phbidlautdemo.prahu-hub.com/order/buatinvoice/1384:7055
[    1261ms] [LOG] Masukkan Nomor Invoice @ https://phbidlautdemo.prahu-hub.com/order/buatinvoice/1384:7055
[    1261ms] [LOG] Masukkan Nomor Rekening @ https://phbidlautdemo.prahu-hub.com/order/buatinvoice/1384:7055
[    1261ms] [LOG] Masukkan Nama Bank @ https://phbidlautdemo.prahu-hub.com/order/buatinvoice/1384:7055
[    1261ms] [LOG] Masukkan Nomor Invoice @ https://phbidlautdemo.prahu-hub.com/order/buatinvoice/1384:7055
[    1261ms] [LOG] Masukkan Nomor Rekening @ https://phbidlautdemo.prahu-hub.com/order/buatinvoice/1384:7055
[    1261ms] [LOG] Masukkan Nama Bank @ https://phbidlautdemo.prahu-hub.com/order/buatinvoice/1384:7055
[    1261ms] [LOG] Masukkan Nomor Invoice @ https://phbidlautdemo.prahu-hub.com/order/buatinvoice/1384:7055
[    1262ms] [LOG] Masukkan Nomor Rekening @ https://phbidlautdemo.prahu-hub.com/order/buatinvoice/1384:7055
[    1262ms] [LOG] Masukkan Nama Bank @ https://phbidlautdemo.prahu-hub.com/order/buatinvoice/1384:7055
[    1262ms] [LOG] Masukkan Nomor Invoice @ https://phbidlautdemo.prahu-hub.com/order/buatinvoice/1384:7055
[    1262ms] [LOG] Masukkan Nomor Rekening @ https://phbidlautdemo.prahu-hub.com/order/buatinvoice/1384:7055
[    1262ms] [LOG] Masukkan Nama Bank @ https://phbidlautdemo.prahu-hub.com/order/buatinvoice/1384:7055
[    1262ms] [LOG] Masukkan Nomor Invoice @ https://phbidlautdemo.prahu-hub.com/order/buatinvoice/1384:7055
[    1262ms] [LOG] Masukkan Nomor Rekening @ https://phbidlautdemo.prahu-hub.com/order/buatinvoice/1384:7055
[    1262ms] [LOG] Masukkan Nama Bank @ https://phbidlautdemo.prahu-hub.com/order/buatinvoice/1384:7055
[    1262ms] [LOG] Masukkan Nomor Invoice @ https://phbidlautdemo.prahu-hub.com/order/buatinvoice/1384:7055
[    1262ms] [LOG] undefined @ https://phbidlautdemo.prahu-hub.com/order/buatinvoice/1384:7055
[    1262ms] [LOG] undefined @ https://phbidlautdemo.prahu-hub.com/order/buatinvoice/1384:7055
[    1262ms] [LOG] undefined @ https://phbidlautdemo.prahu-hub.com/order/buatinvoice/1384:7055
[    1263ms] [LOG] WebSocket connection @ https://phbidlautdemo.prahu-hub.com/order/buatinvoice/1384:7098
[    1263ms] [LOG] WebSocket connection attempting... @ https://phbidlautdemo.prahu-hub.com/order/buatinvoice/1384:7176
[    1369ms] [LOG] WebSocket connected @ https://phbidlautdemo.prahu-hub.com/order/buatinvoice/1384:7107
[    1372ms] [LOG] update_dashboard_order_laut @ https://phbidlautdemo.prahu-hub.com/order/buatinvoice/1384:7148
[    1399ms] [LOG] Connected @ https://phbidlautdemo.prahu-hub.com/order/buatinvoice/1384:7148
[    1479ms] [LOG] 200 xhrglobal @ https://phbidlautdemo.prahu-hub.com/order/buatinvoice/1384:7029
[    1549ms] [LOG] 200 xhrglobal @ https://phbidlautdemo.prahu-hub.com/order/buatinvoice/1384:7029
[    3229ms] TypeError: $(...).DataTable is not a function
    at https://phbidlautdemo.prahu-hub.com/_resources/themes/prahutheme/js/scripts-init/tables.js:7:23
