[     945ms] Cannot use import statement outside a module
[     976ms] ReferenceError: Chart is not defined
    at https://phbidlautdemo.prahu-hub.com/_resources/themes/prahutheme/js/scripts-init/charts/chartjs.js:8:13
[    1147ms] Unexpected token '<'
[    1149ms] Unexpected token '<'
[    1200ms] Uncaught TypeError: expect element to be DOM Element, but got null
    at n.init (https://cdnjs.cloudflare.com/ajax/libs/smooth-scrollbar/8.5.2/smooth-scrollbar.js:24:264)
    at <anonymous> (https://phbidlautdemo.prahu-hub.com/adminprahu/masterInclude:5297:14)
[    1244ms] [LOG] Masternamanya @ https://phbidlautdemo.prahu-hub.com/adminprahu/masterInclude:2040
[    1259ms] [LOG] undefined @ https://phbidlautdemo.prahu-hub.com/adminprahu/masterInclude:5650
[    1260ms] [LOG] Masukkan Nama Include @ https://phbidlautdemo.prahu-hub.com/adminprahu/masterInclude:5650
[    1260ms] [LOG] undefined @ https://phbidlautdemo.prahu-hub.com/adminprahu/masterInclude:5650
[    1260ms] [LOG] Masukkan Nama Include @ https://phbidlautdemo.prahu-hub.com/adminprahu/masterInclude:5650
[    1260ms] [LOG] undefined @ https://phbidlautdemo.prahu-hub.com/adminprahu/masterInclude:5650
[    1262ms] [LOG] WebSocket connection @ https://phbidlautdemo.prahu-hub.com/adminprahu/masterInclude:5693
[    1263ms] [LOG] WebSocket connection attempting... @ https://phbidlautdemo.prahu-hub.com/adminprahu/masterInclude:5771
[    1424ms] [LOG] WebSocket connected @ https://phbidlautdemo.prahu-hub.com/adminprahu/masterInclude:5702
[    1427ms] [LOG] update_dashboard_order_laut @ https://phbidlautdemo.prahu-hub.com/adminprahu/masterInclude:5743
[    1458ms] [LOG] Connected @ https://phbidlautdemo.prahu-hub.com/adminprahu/masterInclude:5743
[    1535ms] [LOG] [Object, Object, Object, Object, Object, Object, Object, Object, Object, Object, Object, Object, Object, Object, Object, Object, Object, Object, Object, Object] @ https://phbidlautdemo.prahu-hub.com/_resources/themes/prahutheme/javascript/custom/masterinclude.js?m=1787972929:125
[    1543ms] [LOG] 24 @ https://phbidlautdemo.prahu-hub.com/_resources/themes/prahutheme/javascript/custom/masterinclude.js?m=1787972929:826
[    1543ms] [LOG] 24 countView1 1 pageNow 20 limitView1 @ https://phbidlautdemo.prahu-hub.com/_resources/themes/prahutheme/javascript/custom/masterinclude.js?m=1787972929:828
[    1543ms] [LOG] 20 @ https://phbidlautdemo.prahu-hub.com/_resources/themes/prahutheme/javascript/custom/masterinclude.js?m=1787972929:839
[    1544ms] [LOG] 24 jumlah data @ https://phbidlautdemo.prahu-hub.com/_resources/themes/prahutheme/javascript/custom/masterinclude.js?m=1787972929:785
[    1544ms] [LOG] 2 @ https://phbidlautdemo.prahu-hub.com/_resources/themes/prahutheme/javascript/custom/masterinclude.js?m=1787972929:787
[    1545ms] [LOG] 2 1 pageCount & pageNow @ https://phbidlautdemo.prahu-hub.com/_resources/themes/prahutheme/javascript/custom/masterinclude.js?m=1787972929:713
[    1547ms] [LOG] 200 xhrglobal @ https://phbidlautdemo.prahu-hub.com/adminprahu/masterInclude:5624
[    1548ms] [LOG] ce.fn.init stepItem @ https://phbidlautdemo.prahu-hub.com/_resources/themes/prahutheme/javascript/custom/masterinclude.js?m=1787972929:682
[    1661ms] [LOG] 200 xhrglobal @ https://phbidlautdemo.prahu-hub.com/adminprahu/masterInclude:5624
[    1733ms] [LOG] 200 xhrglobal @ https://phbidlautdemo.prahu-hub.com/adminprahu/masterInclude:5624
[    3260ms] TypeError: $(...).DataTable is not a function
    at https://phbidlautdemo.prahu-hub.com/_resources/themes/prahutheme/js/scripts-init/tables.js:7:23
