[    2223ms] Unexpected token '<'
[    2239ms] Cannot use import statement outside a module
[    2269ms] ReferenceError: Chart is not defined
    at https://phbidlautdemo.prahu-hub.com/_resources/themes/prahutheme/js/scripts-init/charts/chartjs.js:8:13
[    2506ms] Unexpected token '<'
[    2507ms] Unexpected token '<'
[    2569ms] Uncaught TypeError: expect element to be DOM Element, but got null
    at n.init (https://cdnjs.cloudflare.com/ajax/libs/smooth-scrollbar/8.5.2/smooth-scrollbar.js:24:264)
    at <anonymous> (https://phbidlautdemo.prahu-hub.com/adminprahu/settingNotifonof:5653:14)
[    2587ms] [LOG] Settingsnamanya @ https://phbidlautdemo.prahu-hub.com/adminprahu/settingNotifonof:2039
[    2595ms] [LOG] undefined @ https://phbidlautdemo.prahu-hub.com/adminprahu/settingNotifonof:6006
[    2596ms] [LOG] undefined @ https://phbidlautdemo.prahu-hub.com/adminprahu/settingNotifonof:6006
[    2596ms] [LOG] undefined @ https://phbidlautdemo.prahu-hub.com/adminprahu/settingNotifonof:6006
[    2596ms] [LOG] undefined @ https://phbidlautdemo.prahu-hub.com/adminprahu/settingNotifonof:6006
[    2596ms] [LOG] undefined @ https://phbidlautdemo.prahu-hub.com/adminprahu/settingNotifonof:6006
[    2596ms] [LOG] undefined @ https://phbidlautdemo.prahu-hub.com/adminprahu/settingNotifonof:6006
[    2597ms] [LOG] WebSocket connection @ https://phbidlautdemo.prahu-hub.com/adminprahu/settingNotifonof:6049
[    2598ms] [LOG] WebSocket connection attempting... @ https://phbidlautdemo.prahu-hub.com/adminprahu/settingNotifonof:6127
[    3129ms] [LOG] WebSocket connected @ https://phbidlautdemo.prahu-hub.com/adminprahu/settingNotifonof:6058
[    3137ms] [LOG] update_dashboard_order_laut @ https://phbidlautdemo.prahu-hub.com/adminprahu/settingNotifonof:6099
[    3245ms] [LOG] Connected @ https://phbidlautdemo.prahu-hub.com/adminprahu/settingNotifonof:6099
[    3251ms] [LOG] 200 xhrglobal @ https://phbidlautdemo.prahu-hub.com/adminprahu/settingNotifonof:5980
[    3308ms] [LOG] 200 xhrglobal @ https://phbidlautdemo.prahu-hub.com/adminprahu/settingNotifonof:5980
[    4598ms] TypeError: $(...).DataTable is not a function
    at https://phbidlautdemo.prahu-hub.com/_resources/themes/prahutheme/js/scripts-init/tables.js:7:23
