[     332ms] TypeError: $(...).DataTable is not a function
    at https://phbidlautdemo.prahu-hub.com/_resources/themes/prahutheme/js/scripts-init/tables.js:7:23
[     835ms] [LOG] Connected @ https://phbidlautdemo.prahu-hub.com/lelang/carirute:6975
[    3947ms] Cannot use import statement outside a module
[    3982ms] ReferenceError: Chart is not defined
    at https://phbidlautdemo.prahu-hub.com/_resources/themes/prahutheme/js/scripts-init/charts/chartjs.js:8:13
[    4331ms] Unexpected token '<'
[    4331ms] Unexpected token '<'
[    4383ms] Uncaught TypeError: expect element to be DOM Element, but got null
    at n.init (https://cdnjs.cloudflare.com/ajax/libs/smooth-scrollbar/8.5.2/smooth-scrollbar.js:24:264)
    at <anonymous> (https://phbidlautdemo.prahu-hub.com/lelang/buatlelang:13854:14)
[    4423ms] [LOG] undefinednamanya @ https://phbidlautdemo.prahu-hub.com/lelang/buatlelang:1878
[    4468ms] [LOG] Fri Aug 14 2026 13:24:02 GMT+0700 (Western Indonesia Time) @ https://phbidlautdemo.prahu-hub.com/lelang/buatlelang:11531
[    4567ms] [LOG] Masukkan Nomor Lelang @ https://phbidlautdemo.prahu-hub.com/lelang/buatlelang:14206
[    4567ms] [LOG] DD/MM/YYYY hh:mm @ https://phbidlautdemo.prahu-hub.com/lelang/buatlelang:14206
[    4567ms] [LOG] DD/MM/YYYY hh:mm @ https://phbidlautdemo.prahu-hub.com/lelang/buatlelang:14206
[    4567ms] [LOG] DD/MM/YYYY hh:mm @ https://phbidlautdemo.prahu-hub.com/lelang/buatlelang:14206
[    4568ms] [LOG] DD/MM/YYYY hh:mm @ https://phbidlautdemo.prahu-hub.com/lelang/buatlelang:14206
[    4568ms] [LOG] undefined @ https://phbidlautdemo.prahu-hub.com/lelang/buatlelang:14206
[    4568ms] [LOG] DD/MM/YYYY @ https://phbidlautdemo.prahu-hub.com/lelang/buatlelang:14206
[    4569ms] [LOG] DD/MM/YYYY @ https://phbidlautdemo.prahu-hub.com/lelang/buatlelang:14206
[    4570ms] [LOG] undefined @ https://phbidlautdemo.prahu-hub.com/lelang/buatlelang:14206
[    4570ms] [LOG] undefined @ https://phbidlautdemo.prahu-hub.com/lelang/buatlelang:14206
[    4570ms] [LOG] undefined @ https://phbidlautdemo.prahu-hub.com/lelang/buatlelang:14206
[    4570ms] [LOG] undefined @ https://phbidlautdemo.prahu-hub.com/lelang/buatlelang:14206
[    4571ms] [LOG] undefined @ https://phbidlautdemo.prahu-hub.com/lelang/buatlelang:14206
[    4571ms] [LOG] undefined @ https://phbidlautdemo.prahu-hub.com/lelang/buatlelang:14206
[    4571ms] [LOG] undefined @ https://phbidlautdemo.prahu-hub.com/lelang/buatlelang:14206
[    4571ms] [LOG] undefined @ https://phbidlautdemo.prahu-hub.com/lelang/buatlelang:14206
[    4571ms] [LOG] undefined @ https://phbidlautdemo.prahu-hub.com/lelang/buatlelang:14206
[    4571ms] [LOG] undefined @ https://phbidlautdemo.prahu-hub.com/lelang/buatlelang:14206
[    4572ms] [LOG] undefined @ https://phbidlautdemo.prahu-hub.com/lelang/buatlelang:14206
[    4572ms] [LOG] undefined @ https://phbidlautdemo.prahu-hub.com/lelang/buatlelang:14206
[    4572ms] [LOG] undefined @ https://phbidlautdemo.prahu-hub.com/lelang/buatlelang:14206
[    4572ms] [LOG] undefined @ https://phbidlautdemo.prahu-hub.com/lelang/buatlelang:14206
[    4572ms] [LOG] undefined @ https://phbidlautdemo.prahu-hub.com/lelang/buatlelang:14206
[    4572ms] [LOG] undefined @ https://phbidlautdemo.prahu-hub.com/lelang/buatlelang:14206
[    4572ms] [LOG] undefined @ https://phbidlautdemo.prahu-hub.com/lelang/buatlelang:14206
[    4572ms] [LOG] undefined @ https://phbidlautdemo.prahu-hub.com/lelang/buatlelang:14206
[    4573ms] [LOG] undefined @ https://phbidlautdemo.prahu-hub.com/lelang/buatlelang:14206
[    4573ms] [LOG] undefined @ https://phbidlautdemo.prahu-hub.com/lelang/buatlelang:14206
[    4573ms] [LOG] undefined @ https://phbidlautdemo.prahu-hub.com/lelang/buatlelang:14206
[    4573ms] [LOG] undefined @ https://phbidlautdemo.prahu-hub.com/lelang/buatlelang:14206
[    4573ms] [LOG] undefined @ https://phbidlautdemo.prahu-hub.com/lelang/buatlelang:14206
[    4573ms] [LOG] undefined @ https://phbidlautdemo.prahu-hub.com/lelang/buatlelang:14206
[    4574ms] [LOG] undefined @ https://phbidlautdemo.prahu-hub.com/lelang/buatlelang:14206
[    4574ms] [LOG] undefined @ https://phbidlautdemo.prahu-hub.com/lelang/buatlelang:14206
[    4574ms] [LOG] undefined @ https://phbidlautdemo.prahu-hub.com/lelang/buatlelang:14206
[    4574ms] [LOG] undefined @ https://phbidlautdemo.prahu-hub.com/lelang/buatlelang:14206
[    4574ms] [LOG] undefined @ https://phbidlautdemo.prahu-hub.com/lelang/buatlelang:14206
[    4574ms] [LOG] undefined @ https://phbidlautdemo.prahu-hub.com/lelang/buatlelang:14206
[    4574ms] [LOG] undefined @ https://phbidlautdemo.prahu-hub.com/lelang/buatlelang:14206
[    4575ms] [LOG] undefined @ https://phbidlautdemo.prahu-hub.com/lelang/buatlelang:14206
[    4575ms] [LOG] undefined @ https://phbidlautdemo.prahu-hub.com/lelang/buatlelang:14206
[    4575ms] [LOG] undefined @ https://phbidlautdemo.prahu-hub.com/lelang/buatlelang:14206
[    4575ms] [LOG] undefined @ https://phbidlautdemo.prahu-hub.com/lelang/buatlelang:14206
[    4575ms] [LOG] undefined @ https://phbidlautdemo.prahu-hub.com/lelang/buatlelang:14206
[    4575ms] [LOG] undefined @ https://phbidlautdemo.prahu-hub.com/lelang/buatlelang:14206
[    4575ms] [LOG] undefined @ https://phbidlautdemo.prahu-hub.com/lelang/buatlelang:14206
[    4576ms] [LOG] undefined @ https://phbidlautdemo.prahu-hub.com/lelang/buatlelang:14206
[    4576ms] [LOG] undefined @ https://phbidlautdemo.prahu-hub.com/lelang/buatlelang:14206
[    4576ms] [LOG] undefined @ https://phbidlautdemo.prahu-hub.com/lelang/buatlelang:14206
[    4576ms] [LOG] undefined @ https://phbidlautdemo.prahu-hub.com/lelang/buatlelang:14206
[    4576ms] [LOG] undefined @ https://phbidlautdemo.prahu-hub.com/lelang/buatlelang:14206
[    4576ms] [LOG] Masukkan Budget @ https://phbidlautdemo.prahu-hub.com/lelang/buatlelang:14206
[    4577ms] [LOG] undefined @ https://phbidlautdemo.prahu-hub.com/lelang/buatlelang:14206
[    4577ms] [LOG] undefined @ https://phbidlautdemo.prahu-hub.com/lelang/buatlelang:14206
[    4577ms] [LOG] undefined @ https://phbidlautdemo.prahu-hub.com/lelang/buatlelang:14206
[    4577ms] [LOG] Masukkan Dokumen Tambahan (Bila Ada) @ https://phbidlautdemo.prahu-hub.com/lelang/buatlelang:14206
[    4577ms] [LOG] undefined @ https://phbidlautdemo.prahu-hub.com/lelang/buatlelang:14206
[    4577ms] [LOG] undefined @ https://phbidlautdemo.prahu-hub.com/lelang/buatlelang:14206
[    4577ms] [LOG] undefined @ https://phbidlautdemo.prahu-hub.com/lelang/buatlelang:14206
[    4578ms] [LOG] Masukkan Nama PIC @ https://phbidlautdemo.prahu-hub.com/lelang/buatlelang:14206
[    4578ms] [LOG] Nomor Telp. @ https://phbidlautdemo.prahu-hub.com/lelang/buatlelang:14206
[    4578ms] [LOG] Masukkan Nama PIC @ https://phbidlautdemo.prahu-hub.com/lelang/buatlelang:14206
[    4578ms] [LOG] Nomor Telp. @ https://phbidlautdemo.prahu-hub.com/lelang/buatlelang:14206
[    4578ms] [LOG] Masukkan Nama PIC @ https://phbidlautdemo.prahu-hub.com/lelang/buatlelang:14206
[    4578ms] [LOG] Nomor Telp. @ https://phbidlautdemo.prahu-hub.com/lelang/buatlelang:14206
[    4579ms] [LOG] Masukkan Nama PIC @ https://phbidlautdemo.prahu-hub.com/lelang/buatlelang:14206
[    4579ms] [LOG] Nomor Telp. @ https://phbidlautdemo.prahu-hub.com/lelang/buatlelang:14206
[    4579ms] [LOG] Masukkan Nama PIC @ https://phbidlautdemo.prahu-hub.com/lelang/buatlelang:14206
[    4579ms] [LOG] Nomor Telp. @ https://phbidlautdemo.prahu-hub.com/lelang/buatlelang:14206
[    4579ms] [LOG] Anda Bisa Memilih Beberapa @ https://phbidlautdemo.prahu-hub.com/lelang/buatlelang:14206
[    4579ms] [LOG] Jumlah Berapa Unit / Berapa Kontainer @ https://phbidlautdemo.prahu-hub.com/lelang/buatlelang:14206
[    4580ms] [LOG] WebSocket connection @ https://phbidlautdemo.prahu-hub.com/lelang/buatlelang:14249
[    4580ms] [LOG] WebSocket connection attempting... @ https://phbidlautdemo.prahu-hub.com/lelang/buatlelang:14327
[    4957ms] [LOG] WebSocket connected @ https://phbidlautdemo.prahu-hub.com/lelang/buatlelang:14258
[    4969ms] [LOG] update_dashboard_order_laut @ https://phbidlautdemo.prahu-hub.com/lelang/buatlelang:14299
[    4986ms] [LOG] Connected @ https://phbidlautdemo.prahu-hub.com/lelang/buatlelang:14299
[    5193ms] [LOG] 200 xhrglobal @ https://phbidlautdemo.prahu-hub.com/lelang/buatlelang:14180
[    5900ms] [LOG] Connected @ https://phbidlautdemo.prahu-hub.com/lelang/buatlelang:14299
[    6102ms] [LOG] 200 xhrglobal @ https://phbidlautdemo.prahu-hub.com/lelang/buatlelang:14180
[    6471ms] TypeError: $(...).DataTable is not a function
    at https://phbidlautdemo.prahu-hub.com/_resources/themes/prahutheme/js/scripts-init/tables.js:7:23
[    7208ms] [LOG] Connected @ https://phbidlautdemo.prahu-hub.com/lelang/buatlelang:14299
[    9676ms] [LOG] Connected @ https://phbidlautdemo.prahu-hub.com/lelang/buatlelang:14299
[   23586ms] [LOG] Connected @ https://phbidlautdemo.prahu-hub.com/lelang/buatlelang:14299
[   24529ms] [LOG] Connected @ https://phbidlautdemo.prahu-hub.com/lelang/buatlelang:14299
[   38057ms] [LOG] T : 84 @ https://phbidlautdemo.prahu-hub.com/lelang/buatlelang:13186
[   38067ms] [LOG] E : 69 @ https://phbidlautdemo.prahu-hub.com/lelang/buatlelang:13186
[   38075ms] [LOG] S : 83 @ https://phbidlautdemo.prahu-hub.com/lelang/buatlelang:13186
[   38084ms] [LOG] T : 84 @ https://phbidlautdemo.prahu-hub.com/lelang/buatlelang:13186
[   38092ms] [LOG] & : 38 @ https://phbidlautdemo.prahu-hub.com/lelang/buatlelang:13186
[   38111ms] [LOG] * : 42 @ https://phbidlautdemo.prahu-hub.com/lelang/buatlelang:13186
[   38124ms] [LOG] % : 37 @ https://phbidlautdemo.prahu-hub.com/lelang/buatlelang:13186
[   60537ms] [LOG] A : 65 @ https://phbidlautdemo.prahu-hub.com/lelang/buatlelang:13186
[   60551ms] [LOG] B : 66 @ https://phbidlautdemo.prahu-hub.com/lelang/buatlelang:13186
[   60561ms] [LOG] C : 67 @ https://phbidlautdemo.prahu-hub.com/lelang/buatlelang:13186
[   60569ms] [LOG] / : 47 @ https://phbidlautdemo.prahu-hub.com/lelang/buatlelang:13186
[   60578ms] [LOG] 0 : 48 @ https://phbidlautdemo.prahu-hub.com/lelang/buatlelang:13186
[   60586ms] [LOG] 1 : 49 @ https://phbidlautdemo.prahu-hub.com/lelang/buatlelang:13186
[   60596ms] [LOG] - : 45 @ https://phbidlautdemo.prahu-hub.com/lelang/buatlelang:13186
[   60603ms] [LOG] 2 : 50 @ https://phbidlautdemo.prahu-hub.com/lelang/buatlelang:13186
[   60612ms] [LOG] 4 : 52 @ https://phbidlautdemo.prahu-hub.com/lelang/buatlelang:13186
[   60619ms] [LOG] # : 35 @ https://phbidlautdemo.prahu-hub.com/lelang/buatlelang:13186
[   60629ms] [LOG] ( : 40 @ https://phbidlautdemo.prahu-hub.com/lelang/buatlelang:13186
[   60637ms] [LOG] 1 : 49 @ https://phbidlautdemo.prahu-hub.com/lelang/buatlelang:13186
[   60646ms] [LOG] ) : 41 @ https://phbidlautdemo.prahu-hub.com/lelang/buatlelang:13186
[   60654ms] [LOG] + : 43 @ https://phbidlautdemo.prahu-hub.com/lelang/buatlelang:13186
[   60662ms] [LOG] X : 88 @ https://phbidlautdemo.prahu-hub.com/lelang/buatlelang:13186
[   77106ms] [LOG] belum @ https://phbidlautdemo.prahu-hub.com/lelang/buatlelang:13235
[   77106ms] [LOG] 200 xhrglobal @ https://phbidlautdemo.prahu-hub.com/lelang/buatlelang:14180
[   89699ms] [LOG] Connected @ https://phbidlautdemo.prahu-hub.com/lelang/buatlelang:14299
[   95126ms] [LOG] Connected @ https://phbidlautdemo.prahu-hub.com/lelang/buatlelang:14299
[  104793ms] [LOG] Connected @ https://phbidlautdemo.prahu-hub.com/lelang/buatlelang:14299
[  131202ms] [LOG] Connected @ https://phbidlautdemo.prahu-hub.com/lelang/buatlelang:14299
[  149091ms] [LOG] Connected @ https://phbidlautdemo.prahu-hub.com/lelang/buatlelang:14299
[  166033ms] [LOG] Connected @ https://phbidlautdemo.prahu-hub.com/lelang/buatlelang:14299
[  175472ms] [LOG] Connected @ https://phbidlautdemo.prahu-hub.com/lelang/buatlelang:14299
[  196461ms] [LOG] Connected @ https://phbidlautdemo.prahu-hub.com/lelang/buatlelang:14299
[  210410ms] [LOG] A : 65 @ https://phbidlautdemo.prahu-hub.com/lelang/buatlelang:13186
[  210419ms] [LOG] U : 85 @ https://phbidlautdemo.prahu-hub.com/lelang/buatlelang:13186
[  210428ms] [LOG] T : 84 @ https://phbidlautdemo.prahu-hub.com/lelang/buatlelang:13186
[  210437ms] [LOG] O : 79 @ https://phbidlautdemo.prahu-hub.com/lelang/buatlelang:13186
[  210443ms] [LOG] T : 84 @ https://phbidlautdemo.prahu-hub.com/lelang/buatlelang:13186
[  210449ms] [LOG] E : 69 @ https://phbidlautdemo.prahu-hub.com/lelang/buatlelang:13186
[  210457ms] [LOG] S : 83 @ https://phbidlautdemo.prahu-hub.com/lelang/buatlelang:13186
[  210464ms] [LOG] T : 84 @ https://phbidlautdemo.prahu-hub.com/lelang/buatlelang:13186
[  210471ms] [LOG] / : 47 @ https://phbidlautdemo.prahu-hub.com/lelang/buatlelang:13186
[  210478ms] [LOG] 0 : 48 @ https://phbidlautdemo.prahu-hub.com/lelang/buatlelang:13186
[  210483ms] [LOG] 8 : 56 @ https://phbidlautdemo.prahu-hub.com/lelang/buatlelang:13186
[  210490ms] [LOG] / : 47 @ https://phbidlautdemo.prahu-hub.com/lelang/buatlelang:13186
[  210496ms] [LOG] 2 : 50 @ https://phbidlautdemo.prahu-hub.com/lelang/buatlelang:13186
[  210503ms] [LOG] 6 : 54 @ https://phbidlautdemo.prahu-hub.com/lelang/buatlelang:13186
[  210510ms] [LOG] - : 45 @ https://phbidlautdemo.prahu-hub.com/lelang/buatlelang:13186
[  210515ms] [LOG] T : 84 @ https://phbidlautdemo.prahu-hub.com/lelang/buatlelang:13186
[  210524ms] [LOG] E : 69 @ https://phbidlautdemo.prahu-hub.com/lelang/buatlelang:13186
[  210529ms] [LOG] S : 83 @ https://phbidlautdemo.prahu-hub.com/lelang/buatlelang:13186
[  210537ms] [LOG] T : 84 @ https://phbidlautdemo.prahu-hub.com/lelang/buatlelang:13186
[  211572ms] [LOG] Connected @ https://phbidlautdemo.prahu-hub.com/lelang/buatlelang:14299
[  215378ms] [LOG] Connected @ https://phbidlautdemo.prahu-hub.com/lelang/buatlelang:14299
[  218645ms] [LOG] Connected @ https://phbidlautdemo.prahu-hub.com/lelang/buatlelang:14299
[  222748ms] [LOG] Connected @ https://phbidlautdemo.prahu-hub.com/lelang/buatlelang:14299
[  241682ms] [LOG] Connected @ https://phbidlautdemo.prahu-hub.com/lelang/buatlelang:14299
[  246956ms] [LOG] Connected @ https://phbidlautdemo.prahu-hub.com/lelang/buatlelang:14299
[  253976ms] [LOG] belum @ https://phbidlautdemo.prahu-hub.com/lelang/buatlelang:13235
[  253977ms] [LOG] 200 xhrglobal @ https://phbidlautdemo.prahu-hub.com/lelang/buatlelang:14180
[  260455ms] [LOG] Connected @ https://phbidlautdemo.prahu-hub.com/lelang/buatlelang:14299
[  261695ms] [LOG] Connected @ https://phbidlautdemo.prahu-hub.com/lelang/buatlelang:14299
[  264411ms] [LOG] Connected @ https://phbidlautdemo.prahu-hub.com/lelang/buatlelang:14299
