[    3857ms] Cannot use import statement outside a module
[    3931ms] ReferenceError: Chart is not defined
    at https://phbidlautdemo.prahu-hub.com/_resources/themes/prahutheme/js/scripts-init/charts/chartjs.js:8:13
[    4021ms] Unexpected token '<'
[    4021ms] Unexpected token '<'
[    4086ms] Uncaught TypeError: expect element to be DOM Element, but got null
    at n.init (https://cdnjs.cloudflare.com/ajax/libs/smooth-scrollbar/8.5.2/smooth-scrollbar.js:24:264)
    at <anonymous> (https://phbidlautdemo.prahu-hub.com/adminprahu/setting_general:5792:14)
[    4107ms] [LOG] Settingsnamanya @ https://phbidlautdemo.prahu-hub.com/adminprahu/setting_general:2039
[    4116ms] [LOG] Masukkan Versi Web @ https://phbidlautdemo.prahu-hub.com/adminprahu/setting_general:6145
[    4116ms] [LOG] Masukkan Versi APK Tracking @ https://phbidlautdemo.prahu-hub.com/adminprahu/setting_general:6145
[    4116ms] [LOG] Masukkan Copyright APK Tracking @ https://phbidlautdemo.prahu-hub.com/adminprahu/setting_general:6145
[    4116ms] [LOG] 081xxxxxx @ https://phbidlautdemo.prahu-hub.com/adminprahu/setting_general:6145
[    4117ms] [LOG] 081xxxxxx @ https://phbidlautdemo.prahu-hub.com/adminprahu/setting_general:6145
[    4117ms] [LOG] Masukkan Email @ https://phbidlautdemo.prahu-hub.com/adminprahu/setting_general:6145
[    4117ms] [LOG] Masukkan Alamat Facebook @ https://phbidlautdemo.prahu-hub.com/adminprahu/setting_general:6145
[    4117ms] [LOG] Masukkan Alamat Twitter @ https://phbidlautdemo.prahu-hub.com/adminprahu/setting_general:6145
[    4117ms] [LOG] Masukkan Alamat Instagram @ https://phbidlautdemo.prahu-hub.com/adminprahu/setting_general:6145
[    4118ms] [LOG] Masukkan Alamat Youtube @ https://phbidlautdemo.prahu-hub.com/adminprahu/setting_general:6145
[    4118ms] [LOG] Masukkan Alamat Linkedin @ https://phbidlautdemo.prahu-hub.com/adminprahu/setting_general:6145
[    4118ms] [LOG] Masukkan Email Admin @ https://phbidlautdemo.prahu-hub.com/adminprahu/setting_general:6145
[    4118ms] [LOG] undefined @ https://phbidlautdemo.prahu-hub.com/adminprahu/setting_general:6145
[    4119ms] [LOG] WebSocket connection @ https://phbidlautdemo.prahu-hub.com/adminprahu/setting_general:6188
[    4119ms] [LOG] WebSocket connection attempting... @ https://phbidlautdemo.prahu-hub.com/adminprahu/setting_general:6266
[    4475ms] [LOG] WebSocket connected @ https://phbidlautdemo.prahu-hub.com/adminprahu/setting_general:6197
[    4482ms] [LOG] update_dashboard_order_laut @ https://phbidlautdemo.prahu-hub.com/adminprahu/setting_general:6238
[    4511ms] [LOG] Connected @ https://phbidlautdemo.prahu-hub.com/adminprahu/setting_general:6238
[    4871ms] [LOG] 200 xhrglobal @ https://phbidlautdemo.prahu-hub.com/adminprahu/setting_general:6119
[    4968ms] [LOG] 200 xhrglobal @ https://phbidlautdemo.prahu-hub.com/adminprahu/setting_general:6119
[    6117ms] TypeError: $(...).DataTable is not a function
    at https://phbidlautdemo.prahu-hub.com/_resources/themes/prahutheme/js/scripts-init/tables.js:7:23
