[    2243ms] ReferenceError: dete is not defined
    at https://phbidlautdemo.prahu-hub.com/user/login:1465:5
[    3690ms] TypeError: Failed to execute 'observe' on 'IntersectionObserver': parameter 1 is not of type 'Element'.
    at https://phbidlautdemo.prahu-hub.com/user/login:1932:14
[    3707ms] [VERBOSE] [DOM] Input elements should have autocomplete attributes (suggested: "current-password"): (More info: https://goo.gl/9p2vKq) %o @ https://phbidlautdemo.prahu-hub.com/user/login:0
[    3710ms] [LOG] 0 @ https://phbidlautdemo.prahu-hub.com/user/login:1426
[    3710ms] [LOG] undefined scr @ https://phbidlautdemo.prahu-hub.com/user/login:1430
[    8159ms] [LOG] ddd @ https://phbidlautdemo.prahu-hub.com/user/login:1525
[    8576ms] [LOG] {pesan: SHIPPER, status: 1, user_aktif: 1, ParentID: 0, redirect: } @ https://phbidlautdemo.prahu-hub.com/user/login:1558
[    8577ms] [LOG] {pesan: SHIPPER, status: 1, user_aktif: 1, ParentID: 0, redirect: } a @ https://phbidlautdemo.prahu-hub.com/user/login:1560
[   10649ms] Cannot use import statement outside a module
[   10678ms] ReferenceError: Chart is not defined
    at https://phbidlautdemo.prahu-hub.com/_resources/themes/prahutheme/js/scripts-init/charts/chartjs.js:8:13
[   10679ms] Unexpected token '<'
[   10751ms] Unexpected token '<'
[   10849ms] Uncaught TypeError: expect element to be DOM Element, but got null
    at n.init (https://cdnjs.cloudflare.com/ajax/libs/smooth-scrollbar/8.5.2/smooth-scrollbar.js:24:264)
    at <anonymous> (https://phbidlautdemo.prahu-hub.com/lelang/carirute:6530:14)
[   10869ms] [LOG] undefinednamanya @ https://phbidlautdemo.prahu-hub.com/lelang/carirute:2148
[   10887ms] [LOG] undefined @ https://phbidlautdemo.prahu-hub.com/lelang/carirute:6882
[   10887ms] [LOG] undefined @ https://phbidlautdemo.prahu-hub.com/lelang/carirute:6882
[   10887ms] [LOG] undefined @ https://phbidlautdemo.prahu-hub.com/lelang/carirute:6882
[   10888ms] [LOG] Masukkan Nomor Lelang @ https://phbidlautdemo.prahu-hub.com/lelang/carirute:6882
[   10888ms] [LOG] undefined @ https://phbidlautdemo.prahu-hub.com/lelang/carirute:6882
[   10889ms] [LOG] WebSocket connection @ https://phbidlautdemo.prahu-hub.com/lelang/carirute:6925
[   10891ms] [LOG] WebSocket connection attempting... @ https://phbidlautdemo.prahu-hub.com/lelang/carirute:7003
[   11030ms] [LOG] WebSocket connected @ https://phbidlautdemo.prahu-hub.com/lelang/carirute:6934
[   11034ms] [LOG] update_dashboard_order_laut @ https://phbidlautdemo.prahu-hub.com/lelang/carirute:6975
[   11057ms] [LOG] Connected @ https://phbidlautdemo.prahu-hub.com/lelang/carirute:6975
[   11227ms] [LOG] 200 xhrglobal @ https://phbidlautdemo.prahu-hub.com/lelang/carirute:6856
[   11395ms] [LOG] 200 xhrglobal @ https://phbidlautdemo.prahu-hub.com/lelang/carirute:6856
