[    1051ms] Cannot use import statement outside a module
[    1102ms] ReferenceError: Chart is not defined
    at https://phbidlautdemo.prahu-hub.com/_resources/themes/prahutheme/js/scripts-init/charts/chartjs.js:8:13
[    1206ms] Unexpected token '<'
[    1549ms] Unexpected token '<'
[    1636ms] Uncaught TypeError: expect element to be DOM Element, but got null
    at <anonymous> (https://cdnjs.cloudflare.com/ajax/libs/smooth-scrollbar/8.5.2/smooth-scrollbar.js:24:264)
    at <anonymous> (https://phbidlautdemo.prahu-hub.com/lelang/historyupdateharga/aksrcng2ZXQyRFVxa01QVnRzdTlmQT09:5316:14)
[    1660ms] [LOG] Pengajuan Lelangnamanya @ https://phbidlautdemo.prahu-hub.com/lelang/historyupdateharga/aksrcng2ZXQyRFVxa01QVnRzdTlmQT09:2039
[    1674ms] [LOG] undefined @ https://phbidlautdemo.prahu-hub.com/lelang/historyupdateharga/aksrcng2ZXQyRFVxa01QVnRzdTlmQT09:5669
[    1674ms] [LOG] Masukkan Harga @ https://phbidlautdemo.prahu-hub.com/lelang/historyupdateharga/aksrcng2ZXQyRFVxa01QVnRzdTlmQT09:5669
[    1676ms] [LOG] WebSocket connection @ https://phbidlautdemo.prahu-hub.com/lelang/historyupdateharga/aksrcng2ZXQyRFVxa01QVnRzdTlmQT09:5712
[    1676ms] [LOG] WebSocket connection attempting... @ https://phbidlautdemo.prahu-hub.com/lelang/historyupdateharga/aksrcng2ZXQyRFVxa01QVnRzdTlmQT09:5790
[    1811ms] [LOG] WebSocket connected @ https://phbidlautdemo.prahu-hub.com/lelang/historyupdateharga/aksrcng2ZXQyRFVxa01QVnRzdTlmQT09:5721
[    1816ms] [LOG] update_dashboard_order_laut @ https://phbidlautdemo.prahu-hub.com/lelang/historyupdateharga/aksrcng2ZXQyRFVxa01QVnRzdTlmQT09:5762
[    1844ms] [LOG] Connected @ https://phbidlautdemo.prahu-hub.com/lelang/historyupdateharga/aksrcng2ZXQyRFVxa01QVnRzdTlmQT09:5762
[    1944ms] [LOG] 200 xhrglobal @ https://phbidlautdemo.prahu-hub.com/lelang/historyupdateharga/aksrcng2ZXQyRFVxa01QVnRzdTlmQT09:5643
[    2025ms] [LOG] 200 xhrglobal @ https://phbidlautdemo.prahu-hub.com/lelang/historyupdateharga/aksrcng2ZXQyRFVxa01QVnRzdTlmQT09:5643
[    3673ms] TypeError: $(...).DataTable is not a function
    at https://phbidlautdemo.prahu-hub.com/_resources/themes/prahutheme/js/scripts-init/tables.js:7:23
