[    3072ms] Cannot use import statement outside a module
[    3093ms] ReferenceError: Chart is not defined
    at https://phbidlautdemo.prahu-hub.com/_resources/themes/prahutheme/js/scripts-init/charts/chartjs.js:8:13
[    3454ms] Unexpected token '<'
[    3455ms] Unexpected token '<'
[    3557ms] Uncaught TypeError: expect element to be DOM Element, but got null
    at <anonymous> (https://cdnjs.cloudflare.com/ajax/libs/smooth-scrollbar/8.5.2/smooth-scrollbar.js:24:264)
    at <anonymous> (https://phbidlautdemo.prahu-hub.com/home/laporanlogistik:5558:14)
[    3592ms] [LOG] Laporannamanya @ https://phbidlautdemo.prahu-hub.com/home/laporanlogistik:2039
[    3615ms] [LOG] DD/MM/YYYY @ https://phbidlautdemo.prahu-hub.com/home/laporanlogistik:5911
[    3615ms] [LOG] DD/MM/YYYY @ https://phbidlautdemo.prahu-hub.com/home/laporanlogistik:5911
[    3616ms] [LOG] undefined @ https://phbidlautdemo.prahu-hub.com/home/laporanlogistik:5911
[    3617ms] [LOG] WebSocket connection @ https://phbidlautdemo.prahu-hub.com/home/laporanlogistik:5954
[    3618ms] [LOG] WebSocket connection attempting... @ https://phbidlautdemo.prahu-hub.com/home/laporanlogistik:6032
[    3860ms] [LOG] WebSocket connected @ https://phbidlautdemo.prahu-hub.com/home/laporanlogistik:5963
[    3971ms] [LOG] update_dashboard_order_laut @ https://phbidlautdemo.prahu-hub.com/home/laporanlogistik:6004
[    3975ms] [LOG] Connected @ https://phbidlautdemo.prahu-hub.com/home/laporanlogistik:6004
[    4046ms] [LOG] 200 xhrglobal @ https://phbidlautdemo.prahu-hub.com/home/laporanlogistik:5885
[    4304ms] [LOG] 200 xhrglobal @ https://phbidlautdemo.prahu-hub.com/home/laporanlogistik:5885
[    5605ms] TypeError: $(...).DataTable is not a function
    at https://phbidlautdemo.prahu-hub.com/_resources/themes/prahutheme/js/scripts-init/tables.js:7:23
[   15810ms] [LOG] 2026-08-01 @ https://phbidlautdemo.prahu-hub.com/home/laporanlogistik:5129
[   15810ms] [LOG] 2026-08-31 @ https://phbidlautdemo.prahu-hub.com/home/laporanlogistik:5130
[   24576ms] [LOG] ce.fn.init a @ https://phbidlautdemo.prahu-hub.com/home/laporanlogistik:5184
[   24578ms] [LOG] ce.fn.init b @ https://phbidlautdemo.prahu-hub.com/home/laporanlogistik:5198
[   24585ms] [LOG] 01/08/2026 @ https://phbidlautdemo.prahu-hub.com/home/laporanlogistik:5073
[   24585ms] [LOG] 30/08/2026 @ https://phbidlautdemo.prahu-hub.com/home/laporanlogistik:5074
[   25512ms] Cannot use import statement outside a module
[   25543ms] ReferenceError: Chart is not defined
    at https://phbidlautdemo.prahu-hub.com/_resources/themes/prahutheme/js/scripts-init/charts/chartjs.js:8:13
[   25610ms] Unexpected token '<'
[   25731ms] Unexpected token '<'
[   25797ms] Uncaught TypeError: expect element to be DOM Element, but got null
    at <anonymous> (https://cdnjs.cloudflare.com/ajax/libs/smooth-scrollbar/8.5.2/smooth-scrollbar.js:24:264)
    at <anonymous> (https://phbidlautdemo.prahu-hub.com/home/laporanlogistik?tgl_awal=01%2F08%2F2026&tgl_akhir=30%2F08%2F2026&status_filter=1&BidOwnerID=65:5708:14)
[   25833ms] [LOG] Laporannamanya @ https://phbidlautdemo.prahu-hub.com/home/laporanlogistik?tgl_awal=01%2F08%2F2026&tgl_akhir=30%2F08%2F2026&status_filter=1&BidOwnerID=65:2040
[   25863ms] [LOG] DD/MM/YYYY @ https://phbidlautdemo.prahu-hub.com/home/laporanlogistik?tgl_awal=01%2F08%2F2026&tgl_akhir=30%2F08%2F2026&status_filter=1&BidOwnerID=65:6061
[   25864ms] [LOG] DD/MM/YYYY @ https://phbidlautdemo.prahu-hub.com/home/laporanlogistik?tgl_awal=01%2F08%2F2026&tgl_akhir=30%2F08%2F2026&status_filter=1&BidOwnerID=65:6061
[   25864ms] [LOG] undefined @ https://phbidlautdemo.prahu-hub.com/home/laporanlogistik?tgl_awal=01%2F08%2F2026&tgl_akhir=30%2F08%2F2026&status_filter=1&BidOwnerID=65:6061
[   25864ms] [LOG] undefined @ https://phbidlautdemo.prahu-hub.com/home/laporanlogistik?tgl_awal=01%2F08%2F2026&tgl_akhir=30%2F08%2F2026&status_filter=1&BidOwnerID=65:6061
[   25866ms] [LOG] WebSocket connection @ https://phbidlautdemo.prahu-hub.com/home/laporanlogistik?tgl_awal=01%2F08%2F2026&tgl_akhir=30%2F08%2F2026&status_filter=1&BidOwnerID=65:6104
[   25866ms] [LOG] WebSocket connection attempting... @ https://phbidlautdemo.prahu-hub.com/home/laporanlogistik?tgl_awal=01%2F08%2F2026&tgl_akhir=30%2F08%2F2026&status_filter=1&BidOwnerID=65:6182
[   26036ms] [LOG] 200 xhrglobal @ https://phbidlautdemo.prahu-hub.com/home/laporanlogistik?tgl_awal=01%2F08%2F2026&tgl_akhir=30%2F08%2F2026&status_filter=1&BidOwnerID=65:6035
[   26050ms] [LOG] WebSocket connected @ https://phbidlautdemo.prahu-hub.com/home/laporanlogistik?tgl_awal=01%2F08%2F2026&tgl_akhir=30%2F08%2F2026&status_filter=1&BidOwnerID=65:6113
[   26054ms] [LOG] update_dashboard_order_laut @ https://phbidlautdemo.prahu-hub.com/home/laporanlogistik?tgl_awal=01%2F08%2F2026&tgl_akhir=30%2F08%2F2026&status_filter=1&BidOwnerID=65:6154
[   26086ms] [LOG] Connected @ https://phbidlautdemo.prahu-hub.com/home/laporanlogistik?tgl_awal=01%2F08%2F2026&tgl_akhir=30%2F08%2F2026&status_filter=1&BidOwnerID=65:6154
[   26167ms] [LOG] [Array(13)] shownya @ https://phbidlautdemo.prahu-hub.com/_resources/themes/prahutheme/javascript/custom/laporanlogistik.js?m=1787972929:677
[   26170ms] [LOG] aam 13 @ https://phbidlautdemo.prahu-hub.com/_resources/themes/prahutheme/javascript/custom/laporanlogistik.js?m=1787972929:690
[   26171ms] [LOG] 13 sdsad ff @ https://phbidlautdemo.prahu-hub.com/_resources/themes/prahutheme/javascript/custom/laporanlogistik.js?m=1787972929:618
[   26171ms] [LOG] {ID: cE81VTMwcCswa2gzY09EQWtNclJHZz09, nonyaa: 1, nomor_order: 20260828-06504, nomor_lelang: LELANGFCU/28082026IK, JumBiayaTambahan: 0} aamshow @ https://phbidlautdemo.prahu-hub.com/_resources/themes/prahutheme/javascript/custom/laporanlogistik.js?m=1787972929:691
[   26172ms] [LOG] [Object, Object, Object, Object, Object, Object, Object, Object, Object, Object, Object, Object, Object] @ https://phbidlautdemo.prahu-hub.com/_resources/themes/prahutheme/javascript/custom/laporanlogistik.js?m=1787972929:43
[   26173ms] [LOG] [Object, Object, Object, Object, Object, Object, Object, Object, Object, Object, Object, Object, Object] aamdata @ https://phbidlautdemo.prahu-hub.com/_resources/themes/prahutheme/javascript/custom/laporanlogistik.js?m=1787972929:117
[   26176ms] [LOG] 13 sdsad ff @ https://phbidlautdemo.prahu-hub.com/_resources/themes/prahutheme/javascript/custom/laporanlogistik.js?m=1787972929:618
[   26177ms] [LOG] 13 @ https://phbidlautdemo.prahu-hub.com/_resources/themes/prahutheme/javascript/custom/laporanlogistik.js?m=1787972929:634
[   26177ms] [LOG] 13 countView1 1 pageNow 20 limitView1 @ https://phbidlautdemo.prahu-hub.com/_resources/themes/prahutheme/javascript/custom/laporanlogistik.js?m=1787972929:636
[   26177ms] [LOG] 13 @ https://phbidlautdemo.prahu-hub.com/_resources/themes/prahutheme/javascript/custom/laporanlogistik.js?m=1787972929:642
[   26178ms] [LOG] 13 jumlah data @ https://phbidlautdemo.prahu-hub.com/_resources/themes/prahutheme/javascript/custom/laporanlogistik.js?m=1787972929:577
[   26178ms] [LOG] 1 @ https://phbidlautdemo.prahu-hub.com/_resources/themes/prahutheme/javascript/custom/laporanlogistik.js?m=1787972929:579
[   26179ms] [LOG] 1 1 pageCount & pageNow @ https://phbidlautdemo.prahu-hub.com/_resources/themes/prahutheme/javascript/custom/laporanlogistik.js?m=1787972929:503
[   26182ms] [LOG] 200 xhrglobal @ https://phbidlautdemo.prahu-hub.com/home/laporanlogistik?tgl_awal=01%2F08%2F2026&tgl_akhir=30%2F08%2F2026&status_filter=1&BidOwnerID=65:6035
[   26183ms] [LOG] ce.fn.init stepItem @ https://phbidlautdemo.prahu-hub.com/_resources/themes/prahutheme/javascript/custom/laporanlogistik.js?m=1787972929:477
[   26303ms] [LOG] 200 xhrglobal @ https://phbidlautdemo.prahu-hub.com/home/laporanlogistik?tgl_awal=01%2F08%2F2026&tgl_akhir=30%2F08%2F2026&status_filter=1&BidOwnerID=65:6035
[   26357ms] [LOG] 200 xhrglobal @ https://phbidlautdemo.prahu-hub.com/home/laporanlogistik?tgl_awal=01%2F08%2F2026&tgl_akhir=30%2F08%2F2026&status_filter=1&BidOwnerID=65:6035
[   27847ms] TypeError: $(...).DataTable is not a function
    at https://phbidlautdemo.prahu-hub.com/_resources/themes/prahutheme/js/scripts-init/tables.js:7:23
