[     217ms] TypeError: $(...).DataTable is not a function
    at https://phbidlautdemo.prahu-hub.com/_resources/themes/prahutheme/js/scripts-init/tables.js:7:23
[    1562ms] Cannot use import statement outside a module
[    1591ms] ReferenceError: Chart is not defined
    at https://phbidlautdemo.prahu-hub.com/_resources/themes/prahutheme/js/scripts-init/charts/chartjs.js:8:13
[    1705ms] Unexpected token '<'
[    1705ms] Unexpected token '<'
[    1737ms] Uncaught TypeError: expect element to be DOM Element, but got null
    at n.init (https://cdnjs.cloudflare.com/ajax/libs/smooth-scrollbar/8.5.2/smooth-scrollbar.js:24:264)
    at <anonymous> (https://phbidlautdemo.prahu-hub.com/lelang/buatlelang:13854:14)
[    1771ms] [LOG] undefinednamanya @ https://phbidlautdemo.prahu-hub.com/lelang/buatlelang:1878
[    1787ms] [LOG] Fri Aug 14 2026 13:23:10 GMT+0700 (Western Indonesia Time) @ https://phbidlautdemo.prahu-hub.com/lelang/buatlelang:11531
[    1841ms] [LOG] Masukkan Nomor Lelang @ https://phbidlautdemo.prahu-hub.com/lelang/buatlelang:14206
[    1841ms] [LOG] DD/MM/YYYY hh:mm @ https://phbidlautdemo.prahu-hub.com/lelang/buatlelang:14206
[    1841ms] [LOG] DD/MM/YYYY hh:mm @ https://phbidlautdemo.prahu-hub.com/lelang/buatlelang:14206
[    1841ms] [LOG] DD/MM/YYYY hh:mm @ https://phbidlautdemo.prahu-hub.com/lelang/buatlelang:14206
[    1841ms] [LOG] DD/MM/YYYY hh:mm @ https://phbidlautdemo.prahu-hub.com/lelang/buatlelang:14206
[    1841ms] [LOG] undefined @ https://phbidlautdemo.prahu-hub.com/lelang/buatlelang:14206
[    1841ms] [LOG] DD/MM/YYYY @ https://phbidlautdemo.prahu-hub.com/lelang/buatlelang:14206
[    1842ms] [LOG] DD/MM/YYYY @ https://phbidlautdemo.prahu-hub.com/lelang/buatlelang:14206
[    1843ms] [LOG] undefined @ https://phbidlautdemo.prahu-hub.com/lelang/buatlelang:14206
[    1843ms] [LOG] undefined @ https://phbidlautdemo.prahu-hub.com/lelang/buatlelang:14206
[    1843ms] [LOG] undefined @ https://phbidlautdemo.prahu-hub.com/lelang/buatlelang:14206
[    1843ms] [LOG] undefined @ https://phbidlautdemo.prahu-hub.com/lelang/buatlelang:14206
[    1843ms] [LOG] undefined @ https://phbidlautdemo.prahu-hub.com/lelang/buatlelang:14206
[    1843ms] [LOG] undefined @ https://phbidlautdemo.prahu-hub.com/lelang/buatlelang:14206
[    1843ms] [LOG] undefined @ https://phbidlautdemo.prahu-hub.com/lelang/buatlelang:14206
[    1843ms] [LOG] undefined @ https://phbidlautdemo.prahu-hub.com/lelang/buatlelang:14206
[    1844ms] [LOG] undefined @ https://phbidlautdemo.prahu-hub.com/lelang/buatlelang:14206
[    1844ms] [LOG] undefined @ https://phbidlautdemo.prahu-hub.com/lelang/buatlelang:14206
[    1844ms] [LOG] undefined @ https://phbidlautdemo.prahu-hub.com/lelang/buatlelang:14206
[    1844ms] [LOG] undefined @ https://phbidlautdemo.prahu-hub.com/lelang/buatlelang:14206
[    1844ms] [LOG] undefined @ https://phbidlautdemo.prahu-hub.com/lelang/buatlelang:14206
[    1844ms] [LOG] undefined @ https://phbidlautdemo.prahu-hub.com/lelang/buatlelang:14206
[    1844ms] [LOG] undefined @ https://phbidlautdemo.prahu-hub.com/lelang/buatlelang:14206
[    1844ms] [LOG] undefined @ https://phbidlautdemo.prahu-hub.com/lelang/buatlelang:14206
[    1845ms] [LOG] undefined @ https://phbidlautdemo.prahu-hub.com/lelang/buatlelang:14206
[    1845ms] [LOG] undefined @ https://phbidlautdemo.prahu-hub.com/lelang/buatlelang:14206
[    1845ms] [LOG] undefined @ https://phbidlautdemo.prahu-hub.com/lelang/buatlelang:14206
[    1845ms] [LOG] undefined @ https://phbidlautdemo.prahu-hub.com/lelang/buatlelang:14206
[    1845ms] [LOG] undefined @ https://phbidlautdemo.prahu-hub.com/lelang/buatlelang:14206
[    1845ms] [LOG] undefined @ https://phbidlautdemo.prahu-hub.com/lelang/buatlelang:14206
[    1845ms] [LOG] undefined @ https://phbidlautdemo.prahu-hub.com/lelang/buatlelang:14206
[    1845ms] [LOG] undefined @ https://phbidlautdemo.prahu-hub.com/lelang/buatlelang:14206
[    1846ms] [LOG] undefined @ https://phbidlautdemo.prahu-hub.com/lelang/buatlelang:14206
[    1846ms] [LOG] undefined @ https://phbidlautdemo.prahu-hub.com/lelang/buatlelang:14206
[    1846ms] [LOG] undefined @ https://phbidlautdemo.prahu-hub.com/lelang/buatlelang:14206
[    1846ms] [LOG] undefined @ https://phbidlautdemo.prahu-hub.com/lelang/buatlelang:14206
[    1846ms] [LOG] undefined @ https://phbidlautdemo.prahu-hub.com/lelang/buatlelang:14206
[    1846ms] [LOG] undefined @ https://phbidlautdemo.prahu-hub.com/lelang/buatlelang:14206
[    1846ms] [LOG] undefined @ https://phbidlautdemo.prahu-hub.com/lelang/buatlelang:14206
[    1846ms] [LOG] undefined @ https://phbidlautdemo.prahu-hub.com/lelang/buatlelang:14206
[    1846ms] [LOG] undefined @ https://phbidlautdemo.prahu-hub.com/lelang/buatlelang:14206
[    1847ms] [LOG] undefined @ https://phbidlautdemo.prahu-hub.com/lelang/buatlelang:14206
[    1847ms] [LOG] undefined @ https://phbidlautdemo.prahu-hub.com/lelang/buatlelang:14206
[    1847ms] [LOG] undefined @ https://phbidlautdemo.prahu-hub.com/lelang/buatlelang:14206
[    1847ms] [LOG] undefined @ https://phbidlautdemo.prahu-hub.com/lelang/buatlelang:14206
[    1847ms] [LOG] undefined @ https://phbidlautdemo.prahu-hub.com/lelang/buatlelang:14206
[    1847ms] [LOG] undefined @ https://phbidlautdemo.prahu-hub.com/lelang/buatlelang:14206
[    1847ms] [LOG] undefined @ https://phbidlautdemo.prahu-hub.com/lelang/buatlelang:14206
[    1848ms] [LOG] undefined @ https://phbidlautdemo.prahu-hub.com/lelang/buatlelang:14206
[    1848ms] [LOG] undefined @ https://phbidlautdemo.prahu-hub.com/lelang/buatlelang:14206
[    1848ms] [LOG] undefined @ https://phbidlautdemo.prahu-hub.com/lelang/buatlelang:14206
[    1848ms] [LOG] Masukkan Budget @ https://phbidlautdemo.prahu-hub.com/lelang/buatlelang:14206
[    1848ms] [LOG] undefined @ https://phbidlautdemo.prahu-hub.com/lelang/buatlelang:14206
[    1848ms] [LOG] undefined @ https://phbidlautdemo.prahu-hub.com/lelang/buatlelang:14206
[    1848ms] [LOG] undefined @ https://phbidlautdemo.prahu-hub.com/lelang/buatlelang:14206
[    1848ms] [LOG] Masukkan Dokumen Tambahan (Bila Ada) @ https://phbidlautdemo.prahu-hub.com/lelang/buatlelang:14206
[    1848ms] [LOG] undefined @ https://phbidlautdemo.prahu-hub.com/lelang/buatlelang:14206
[    1849ms] [LOG] undefined @ https://phbidlautdemo.prahu-hub.com/lelang/buatlelang:14206
[    1849ms] [LOG] undefined @ https://phbidlautdemo.prahu-hub.com/lelang/buatlelang:14206
[    1849ms] [LOG] Masukkan Nama PIC @ https://phbidlautdemo.prahu-hub.com/lelang/buatlelang:14206
[    1849ms] [LOG] Nomor Telp. @ https://phbidlautdemo.prahu-hub.com/lelang/buatlelang:14206
[    1849ms] [LOG] Masukkan Nama PIC @ https://phbidlautdemo.prahu-hub.com/lelang/buatlelang:14206
[    1849ms] [LOG] Nomor Telp. @ https://phbidlautdemo.prahu-hub.com/lelang/buatlelang:14206
[    1849ms] [LOG] Masukkan Nama PIC @ https://phbidlautdemo.prahu-hub.com/lelang/buatlelang:14206
[    1849ms] [LOG] Nomor Telp. @ https://phbidlautdemo.prahu-hub.com/lelang/buatlelang:14206
[    1850ms] [LOG] Masukkan Nama PIC @ https://phbidlautdemo.prahu-hub.com/lelang/buatlelang:14206
[    1850ms] [LOG] Nomor Telp. @ https://phbidlautdemo.prahu-hub.com/lelang/buatlelang:14206
[    1850ms] [LOG] Masukkan Nama PIC @ https://phbidlautdemo.prahu-hub.com/lelang/buatlelang:14206
[    1851ms] [LOG] Nomor Telp. @ https://phbidlautdemo.prahu-hub.com/lelang/buatlelang:14206
[    1851ms] [LOG] Anda Bisa Memilih Beberapa @ https://phbidlautdemo.prahu-hub.com/lelang/buatlelang:14206
[    1851ms] [LOG] Jumlah Berapa Unit / Berapa Kontainer @ https://phbidlautdemo.prahu-hub.com/lelang/buatlelang:14206
[    1852ms] [LOG] WebSocket connection @ https://phbidlautdemo.prahu-hub.com/lelang/buatlelang:14249
[    1853ms] [LOG] WebSocket connection attempting... @ https://phbidlautdemo.prahu-hub.com/lelang/buatlelang:14327
[    2183ms] [LOG] WebSocket connected @ https://phbidlautdemo.prahu-hub.com/lelang/buatlelang:14258
[    2185ms] [LOG] update_dashboard_order_laut @ https://phbidlautdemo.prahu-hub.com/lelang/buatlelang:14299
[    2296ms] [LOG] 200 xhrglobal @ https://phbidlautdemo.prahu-hub.com/lelang/buatlelang:14180
[    2311ms] [LOG] Connected @ https://phbidlautdemo.prahu-hub.com/lelang/buatlelang:14299
[    2355ms] [LOG] 200 xhrglobal @ https://phbidlautdemo.prahu-hub.com/lelang/buatlelang:14180
[    3796ms] TypeError: $(...).DataTable is not a function
    at https://phbidlautdemo.prahu-hub.com/_resources/themes/prahutheme/js/scripts-init/tables.js:7:23
[   31631ms] [LOG] Connected @ https://phbidlautdemo.prahu-hub.com/lelang/buatlelang:14299
[   40573ms] [LOG] Connected @ https://phbidlautdemo.prahu-hub.com/lelang/buatlelang:14299
[   47367ms] [LOG] Connected @ https://phbidlautdemo.prahu-hub.com/lelang/buatlelang:14299
[   49709ms] [LOG] Connected @ https://phbidlautdemo.prahu-hub.com/lelang/buatlelang:14299
[   53932ms] [LOG] Connected @ https://phbidlautdemo.prahu-hub.com/lelang/buatlelang:14299
[   54812ms] [LOG] Connected @ https://phbidlautdemo.prahu-hub.com/lelang/buatlelang:14299
[   56201ms] [LOG] Connected @ https://phbidlautdemo.prahu-hub.com/lelang/buatlelang:14299
[   59102ms] [LOG] Connected @ https://phbidlautdemo.prahu-hub.com/lelang/buatlelang:14299
[   72568ms] [LOG] Connected @ https://phbidlautdemo.prahu-hub.com/lelang/buatlelang:14299
[   73577ms] [LOG] Connected @ https://phbidlautdemo.prahu-hub.com/lelang/buatlelang:14299
[  138704ms] [LOG] Connected @ https://phbidlautdemo.prahu-hub.com/lelang/buatlelang:14299
[  144039ms] [LOG] Connected @ https://phbidlautdemo.prahu-hub.com/lelang/buatlelang:14299
[  153686ms] [LOG] Connected @ https://phbidlautdemo.prahu-hub.com/lelang/buatlelang:14299
[  180109ms] [LOG] Connected @ https://phbidlautdemo.prahu-hub.com/lelang/buatlelang:14299
[  198011ms] [LOG] Connected @ https://phbidlautdemo.prahu-hub.com/lelang/buatlelang:14299
[  214925ms] [LOG] Connected @ https://phbidlautdemo.prahu-hub.com/lelang/buatlelang:14299
[  224398ms] [LOG] Connected @ https://phbidlautdemo.prahu-hub.com/lelang/buatlelang:14299
[  245347ms] [LOG] Connected @ https://phbidlautdemo.prahu-hub.com/lelang/buatlelang:14299
[  260442ms] [LOG] Connected @ https://phbidlautdemo.prahu-hub.com/lelang/buatlelang:14299
[  264318ms] [LOG] Connected @ https://phbidlautdemo.prahu-hub.com/lelang/buatlelang:14299
[  267504ms] [LOG] Connected @ https://phbidlautdemo.prahu-hub.com/lelang/buatlelang:14299
[  271626ms] [LOG] Connected @ https://phbidlautdemo.prahu-hub.com/lelang/buatlelang:14299
[  290710ms] [LOG] Connected @ https://phbidlautdemo.prahu-hub.com/lelang/buatlelang:14299
[  295945ms] [LOG] Connected @ https://phbidlautdemo.prahu-hub.com/lelang/buatlelang:14299
[  309413ms] [LOG] Connected @ https://phbidlautdemo.prahu-hub.com/lelang/buatlelang:14299
[  310641ms] [LOG] Connected @ https://phbidlautdemo.prahu-hub.com/lelang/buatlelang:14299
[  313351ms] [LOG] Connected @ https://phbidlautdemo.prahu-hub.com/lelang/buatlelang:14299
[  342857ms] [LOG] Connected @ https://phbidlautdemo.prahu-hub.com/lelang/buatlelang:14299
[  349655ms] [LOG] Connected @ https://phbidlautdemo.prahu-hub.com/lelang/buatlelang:14299
[  368163ms] [LOG] Connected @ https://phbidlautdemo.prahu-hub.com/lelang/buatlelang:14299
[  368591ms] [LOG] Connected @ https://phbidlautdemo.prahu-hub.com/lelang/buatlelang:14299
[  369648ms] [LOG] Connected @ https://phbidlautdemo.prahu-hub.com/lelang/buatlelang:14299
[  373872ms] [LOG] Connected @ https://phbidlautdemo.prahu-hub.com/lelang/buatlelang:14299
[  408037ms] [LOG] Connected @ https://phbidlautdemo.prahu-hub.com/lelang/buatlelang:14299
[  418191ms] [LOG] Connected @ https://phbidlautdemo.prahu-hub.com/lelang/buatlelang:14299
[  418932ms] [LOG] Connected @ https://phbidlautdemo.prahu-hub.com/lelang/buatlelang:14299
[  423174ms] [LOG] Connected @ https://phbidlautdemo.prahu-hub.com/lelang/buatlelang:14299
[  423809ms] [LOG] Connected @ https://phbidlautdemo.prahu-hub.com/lelang/buatlelang:14299
[  425045ms] [LOG] Connected @ https://phbidlautdemo.prahu-hub.com/lelang/buatlelang:14299
[  429794ms] [LOG] Connected @ https://phbidlautdemo.prahu-hub.com/lelang/buatlelang:14299
[  430101ms] [LOG] Connected @ https://phbidlautdemo.prahu-hub.com/lelang/buatlelang:14299
[  434542ms] [LOG] Connected @ https://phbidlautdemo.prahu-hub.com/lelang/buatlelang:14299
[  438982ms] [LOG] Connected @ https://phbidlautdemo.prahu-hub.com/lelang/buatlelang:14299
[  439915ms] [LOG] Connected @ https://phbidlautdemo.prahu-hub.com/lelang/buatlelang:14299
[  444544ms] [LOG] Connected @ https://phbidlautdemo.prahu-hub.com/lelang/buatlelang:14299
[  459433ms] [LOG] Connected @ https://phbidlautdemo.prahu-hub.com/lelang/buatlelang:14299
[  466517ms] [LOG] notif_badge_show.901-858-787-935-914-906-900-876-856-820-796-795-783-764-704-689-688-685-642-641-640-639-638-635-634-633-632-631-629-628-627-626-625-624-623-622-621-614-613-459-325-23 @ https://phbidlautdemo.prahu-hub.com/lelang/buatlelang:14299
[  466520ms] [LOG] updateNotif.901-858-787-935-914-906-900-876-856-820-796-795-783-764-704-689-688-685-642-641-640-639-638-635-634-633-632-631-629-628-627-626-625-624-623-622-621-614-613-459-325-23 @ https://phbidlautdemo.prahu-hub.com/lelang/buatlelang:14299
[  467723ms] [LOG] update_dashboard_order_laut @ https://phbidlautdemo.prahu-hub.com/lelang/buatlelang:14299
[  470677ms] [LOG] Connected @ https://phbidlautdemo.prahu-hub.com/lelang/buatlelang:14299
[  475985ms] [LOG] Connected @ https://phbidlautdemo.prahu-hub.com/lelang/buatlelang:14299
[  487066ms] [LOG] Connected @ https://phbidlautdemo.prahu-hub.com/lelang/buatlelang:14299
[  489716ms] [LOG] Connected @ https://phbidlautdemo.prahu-hub.com/lelang/buatlelang:14299
[  491400ms] [LOG] Connected @ https://phbidlautdemo.prahu-hub.com/lelang/buatlelang:14299
[  494422ms] [LOG] Connected @ https://phbidlautdemo.prahu-hub.com/lelang/buatlelang:14299
[  501156ms] [LOG] Connected @ https://phbidlautdemo.prahu-hub.com/lelang/buatlelang:14299
[  503015ms] [LOG] Connected @ https://phbidlautdemo.prahu-hub.com/lelang/buatlelang:14299
[  507468ms] [LOG] Connected @ https://phbidlautdemo.prahu-hub.com/lelang/buatlelang:14299
[  524833ms] [LOG] Connected @ https://phbidlautdemo.prahu-hub.com/lelang/buatlelang:14299
[  536605ms] [LOG] Connected @ https://phbidlautdemo.prahu-hub.com/lelang/buatlelang:14299
[  539509ms] [LOG] Connected @ https://phbidlautdemo.prahu-hub.com/lelang/buatlelang:14299
[  549916ms] [LOG] Connected @ https://phbidlautdemo.prahu-hub.com/lelang/buatlelang:14299
[  552194ms] [LOG] Connected @ https://phbidlautdemo.prahu-hub.com/lelang/buatlelang:14299
[  552581ms] [LOG] Connected @ https://phbidlautdemo.prahu-hub.com/lelang/buatlelang:14299
[  555229ms] [LOG] updateNotifDarat.1 @ https://phbidlautdemo.prahu-hub.com/lelang/buatlelang:14299
[  555233ms] [LOG] notif_badge_show.20-1 @ https://phbidlautdemo.prahu-hub.com/lelang/buatlelang:14299
[  555249ms] [LOG] updateNotifDarat.20-1 @ https://phbidlautdemo.prahu-hub.com/lelang/buatlelang:14299
[  555339ms] [LOG] notif_badge_show.1 @ https://phbidlautdemo.prahu-hub.com/lelang/buatlelang:14299
[  558047ms] [LOG] Connected @ https://phbidlautdemo.prahu-hub.com/lelang/buatlelang:14299
[  559971ms] [LOG] Connected @ https://phbidlautdemo.prahu-hub.com/lelang/buatlelang:14299
[  565747ms] [LOG] Connected @ https://phbidlautdemo.prahu-hub.com/lelang/buatlelang:14299
[  568444ms] [LOG] Connected @ https://phbidlautdemo.prahu-hub.com/lelang/buatlelang:14299
[  570143ms] [LOG] Connected @ https://phbidlautdemo.prahu-hub.com/lelang/buatlelang:14299
[  571760ms] [LOG] Connected @ https://phbidlautdemo.prahu-hub.com/lelang/buatlelang:14299
[  578298ms] [LOG] Connected @ https://phbidlautdemo.prahu-hub.com/lelang/buatlelang:14299
[  579582ms] [LOG] Connected @ https://phbidlautdemo.prahu-hub.com/lelang/buatlelang:14299
[  582257ms] [LOG] Connected @ https://phbidlautdemo.prahu-hub.com/lelang/buatlelang:14299
[  582396ms] [LOG] Connected @ https://phbidlautdemo.prahu-hub.com/lelang/buatlelang:14299
[  585936ms] [LOG] Connected @ https://phbidlautdemo.prahu-hub.com/lelang/buatlelang:14299
[  586247ms] [LOG] Connected @ https://phbidlautdemo.prahu-hub.com/lelang/buatlelang:14299
[  586886ms] [LOG] Connected @ https://phbidlautdemo.prahu-hub.com/lelang/buatlelang:14299
[  589461ms] [LOG] Connected @ https://phbidlautdemo.prahu-hub.com/lelang/buatlelang:14299
[  592167ms] [LOG] Connected @ https://phbidlautdemo.prahu-hub.com/lelang/buatlelang:14299
[  592376ms] [LOG] Connected @ https://phbidlautdemo.prahu-hub.com/lelang/buatlelang:14299
[  593512ms] [LOG] Connected @ https://phbidlautdemo.prahu-hub.com/lelang/buatlelang:14299
[  597811ms] [LOG] Connected @ https://phbidlautdemo.prahu-hub.com/lelang/buatlelang:14299
[  597874ms] [LOG] Connected @ https://phbidlautdemo.prahu-hub.com/lelang/buatlelang:14299
[  601429ms] [LOG] Connected @ https://phbidlautdemo.prahu-hub.com/lelang/buatlelang:14299
[  601481ms] [LOG] Connected @ https://phbidlautdemo.prahu-hub.com/lelang/buatlelang:14299
[  602089ms] [LOG] Connected @ https://phbidlautdemo.prahu-hub.com/lelang/buatlelang:14299
[  604052ms] [LOG] Connected @ https://phbidlautdemo.prahu-hub.com/lelang/buatlelang:14299
[  613315ms] [LOG] Connected @ https://phbidlautdemo.prahu-hub.com/lelang/buatlelang:14299
[  615709ms] [LOG] Connected @ https://phbidlautdemo.prahu-hub.com/lelang/buatlelang:14299
[  617573ms] [LOG] Connected @ https://phbidlautdemo.prahu-hub.com/lelang/buatlelang:14299
[  621487ms] [LOG] Connected @ https://phbidlautdemo.prahu-hub.com/lelang/buatlelang:14299
[  622915ms] [LOG] updateNotifDarat.20-1 @ https://phbidlautdemo.prahu-hub.com/lelang/buatlelang:14299
[  622921ms] [LOG] notif_badge_show.1 @ https://phbidlautdemo.prahu-hub.com/lelang/buatlelang:14299
[  622935ms] [LOG] notif_badge_show.20-1 @ https://phbidlautdemo.prahu-hub.com/lelang/buatlelang:14299
[  622948ms] [LOG] updateNotifDarat.1 @ https://phbidlautdemo.prahu-hub.com/lelang/buatlelang:14299
[  625116ms] [LOG] Connected @ https://phbidlautdemo.prahu-hub.com/lelang/buatlelang:14299
[  625431ms] [LOG] Connected @ https://phbidlautdemo.prahu-hub.com/lelang/buatlelang:14299
[  625535ms] [LOG] Connected @ https://phbidlautdemo.prahu-hub.com/lelang/buatlelang:14299
[  629181ms] [LOG] Connected @ https://phbidlautdemo.prahu-hub.com/lelang/buatlelang:14299
[  632190ms] [LOG] Connected @ https://phbidlautdemo.prahu-hub.com/lelang/buatlelang:14299
[  633974ms] [LOG] Connected @ https://phbidlautdemo.prahu-hub.com/lelang/buatlelang:14299
[  642135ms] [LOG] Connected @ https://phbidlautdemo.prahu-hub.com/lelang/buatlelang:14299
[  645552ms] [LOG] Connected @ https://phbidlautdemo.prahu-hub.com/lelang/buatlelang:14299
[  646309ms] [LOG] Connected @ https://phbidlautdemo.prahu-hub.com/lelang/buatlelang:14299
[  646455ms] [LOG] Connected @ https://phbidlautdemo.prahu-hub.com/lelang/buatlelang:14299
[  647612ms] [LOG] Connected @ https://phbidlautdemo.prahu-hub.com/lelang/buatlelang:14299
[  647620ms] [LOG] Connected @ https://phbidlautdemo.prahu-hub.com/lelang/buatlelang:14299
[  648803ms] [LOG] Connected @ https://phbidlautdemo.prahu-hub.com/lelang/buatlelang:14299
[  649835ms] [LOG] Connected @ https://phbidlautdemo.prahu-hub.com/lelang/buatlelang:14299
[  654300ms] [LOG] Connected @ https://phbidlautdemo.prahu-hub.com/lelang/buatlelang:14299
[  654987ms] [LOG] Connected @ https://phbidlautdemo.prahu-hub.com/lelang/buatlelang:14299
[  659012ms] [LOG] Connected @ https://phbidlautdemo.prahu-hub.com/lelang/buatlelang:14299
[  659445ms] [LOG] Connected @ https://phbidlautdemo.prahu-hub.com/lelang/buatlelang:14299
[  662476ms] [LOG] Connected @ https://phbidlautdemo.prahu-hub.com/lelang/buatlelang:14299
[  663727ms] [LOG] Connected @ https://phbidlautdemo.prahu-hub.com/lelang/buatlelang:14299
[  667745ms] [LOG] Connected @ https://phbidlautdemo.prahu-hub.com/lelang/buatlelang:14299
[  668198ms] [LOG] Connected @ https://phbidlautdemo.prahu-hub.com/lelang/buatlelang:14299
[  672531ms] [LOG] Connected @ https://phbidlautdemo.prahu-hub.com/lelang/buatlelang:14299
[  676271ms] [LOG] Connected @ https://phbidlautdemo.prahu-hub.com/lelang/buatlelang:14299
[  676395ms] [LOG] Connected @ https://phbidlautdemo.prahu-hub.com/lelang/buatlelang:14299
[  678889ms] [LOG] Connected @ https://phbidlautdemo.prahu-hub.com/lelang/buatlelang:14299
[  679557ms] [LOG] Connected @ https://phbidlautdemo.prahu-hub.com/lelang/buatlelang:14299
[  679790ms] [LOG] Connected @ https://phbidlautdemo.prahu-hub.com/lelang/buatlelang:14299
[  682739ms] [LOG] Connected @ https://phbidlautdemo.prahu-hub.com/lelang/buatlelang:14299
[  685294ms] [LOG] Connected @ https://phbidlautdemo.prahu-hub.com/lelang/buatlelang:14299
[  687835ms] [LOG] Connected @ https://phbidlautdemo.prahu-hub.com/lelang/buatlelang:14299
[  688730ms] [LOG] Connected @ https://phbidlautdemo.prahu-hub.com/lelang/buatlelang:14299
[  692795ms] [LOG] Connected @ https://phbidlautdemo.prahu-hub.com/lelang/buatlelang:14299
[  693143ms] [LOG] Connected @ https://phbidlautdemo.prahu-hub.com/lelang/buatlelang:14299
[  695725ms] [LOG] notif_badge_show.274-254-224-163-58-278-280-23 @ https://phbidlautdemo.prahu-hub.com/lelang/buatlelang:14299
[  695726ms] [LOG] updateNotif.274-254-224-163-58-278-280-23 @ https://phbidlautdemo.prahu-hub.com/lelang/buatlelang:14299
[  696721ms] [LOG] Connected @ https://phbidlautdemo.prahu-hub.com/lelang/buatlelang:14299
[  696860ms] [LOG] Connected @ https://phbidlautdemo.prahu-hub.com/lelang/buatlelang:14299
[  699764ms] [LOG] Connected @ https://phbidlautdemo.prahu-hub.com/lelang/buatlelang:14299
[  701161ms] [LOG] Connected @ https://phbidlautdemo.prahu-hub.com/lelang/buatlelang:14299
[  702291ms] [LOG] Connected @ https://phbidlautdemo.prahu-hub.com/lelang/buatlelang:14299
[  702459ms] [LOG] Connected @ https://phbidlautdemo.prahu-hub.com/lelang/buatlelang:14299
[  702766ms] [LOG] Connected @ https://phbidlautdemo.prahu-hub.com/lelang/buatlelang:14299
[  705547ms] [LOG] Connected @ https://phbidlautdemo.prahu-hub.com/lelang/buatlelang:14299
[  705953ms] [LOG] Connected @ https://phbidlautdemo.prahu-hub.com/lelang/buatlelang:14299
[  707526ms] [LOG] Connected @ https://phbidlautdemo.prahu-hub.com/lelang/buatlelang:14299
[  710868ms] [LOG] Connected @ https://phbidlautdemo.prahu-hub.com/lelang/buatlelang:14299
[  714196ms] [LOG] Connected @ https://phbidlautdemo.prahu-hub.com/lelang/buatlelang:14299
[  714361ms] [LOG] Connected @ https://phbidlautdemo.prahu-hub.com/lelang/buatlelang:14299
[  715490ms] [LOG] Connected @ https://phbidlautdemo.prahu-hub.com/lelang/buatlelang:14299
[  718410ms] [LOG] Connected @ https://phbidlautdemo.prahu-hub.com/lelang/buatlelang:14299
[  718520ms] [LOG] Connected @ https://phbidlautdemo.prahu-hub.com/lelang/buatlelang:14299
[  719333ms] [LOG] Connected @ https://phbidlautdemo.prahu-hub.com/lelang/buatlelang:14299
[  720036ms] [LOG] Connected @ https://phbidlautdemo.prahu-hub.com/lelang/buatlelang:14299
[  721818ms] [LOG] Connected @ https://phbidlautdemo.prahu-hub.com/lelang/buatlelang:14299
[  722550ms] [LOG] Connected @ https://phbidlautdemo.prahu-hub.com/lelang/buatlelang:14299
[  725052ms] [LOG] Connected @ https://phbidlautdemo.prahu-hub.com/lelang/buatlelang:14299
[  725250ms] [LOG] Connected @ https://phbidlautdemo.prahu-hub.com/lelang/buatlelang:14299
[  730318ms] [LOG] Connected @ https://phbidlautdemo.prahu-hub.com/lelang/buatlelang:14299
[  732558ms] [LOG] Connected @ https://phbidlautdemo.prahu-hub.com/lelang/buatlelang:14299
[  733894ms] [LOG] Connected @ https://phbidlautdemo.prahu-hub.com/lelang/buatlelang:14299
[  733898ms] [LOG] Connected @ https://phbidlautdemo.prahu-hub.com/lelang/buatlelang:14299
[  734557ms] [LOG] Connected @ https://phbidlautdemo.prahu-hub.com/lelang/buatlelang:14299
[  741805ms] [LOG] Connected @ https://phbidlautdemo.prahu-hub.com/lelang/buatlelang:14299
[  742152ms] [LOG] Connected @ https://phbidlautdemo.prahu-hub.com/lelang/buatlelang:14299
[  743343ms] [LOG] Connected @ https://phbidlautdemo.prahu-hub.com/lelang/buatlelang:14299
[  747733ms] [LOG] Connected @ https://phbidlautdemo.prahu-hub.com/lelang/buatlelang:14299
[  747964ms] [LOG] Connected @ https://phbidlautdemo.prahu-hub.com/lelang/buatlelang:14299
[  750224ms] [LOG] Connected @ https://phbidlautdemo.prahu-hub.com/lelang/buatlelang:14299
[  753959ms] [LOG] Connected @ https://phbidlautdemo.prahu-hub.com/lelang/buatlelang:14299
[  756680ms] [LOG] Connected @ https://phbidlautdemo.prahu-hub.com/lelang/buatlelang:14299
[  757964ms] [LOG] Connected @ https://phbidlautdemo.prahu-hub.com/lelang/buatlelang:14299
[  760104ms] [LOG] Connected @ https://phbidlautdemo.prahu-hub.com/lelang/buatlelang:14299
[  764100ms] [LOG] Connected @ https://phbidlautdemo.prahu-hub.com/lelang/buatlelang:14299
[  765064ms] [LOG] Connected @ https://phbidlautdemo.prahu-hub.com/lelang/buatlelang:14299
[  767540ms] [LOG] Connected @ https://phbidlautdemo.prahu-hub.com/lelang/buatlelang:14299
[  768911ms] [LOG] Connected @ https://phbidlautdemo.prahu-hub.com/lelang/buatlelang:14299
[  770232ms] [LOG] Connected @ https://phbidlautdemo.prahu-hub.com/lelang/buatlelang:14299
[  772186ms] [LOG] Connected @ https://phbidlautdemo.prahu-hub.com/lelang/buatlelang:14299
[  779789ms] [LOG] Connected @ https://phbidlautdemo.prahu-hub.com/lelang/buatlelang:14299
[  784961ms] [LOG] Connected @ https://phbidlautdemo.prahu-hub.com/lelang/buatlelang:14299
[  788437ms] [LOG] Connected @ https://phbidlautdemo.prahu-hub.com/lelang/buatlelang:14299
[  791459ms] [LOG] Connected @ https://phbidlautdemo.prahu-hub.com/lelang/buatlelang:14299
[  794814ms] [LOG] Connected @ https://phbidlautdemo.prahu-hub.com/lelang/buatlelang:14299
[  796225ms] [LOG] Connected @ https://phbidlautdemo.prahu-hub.com/lelang/buatlelang:14299
[  799088ms] [LOG] Connected @ https://phbidlautdemo.prahu-hub.com/lelang/buatlelang:14299
[  799202ms] [LOG] Connected @ https://phbidlautdemo.prahu-hub.com/lelang/buatlelang:14299
[  800716ms] [LOG] Connected @ https://phbidlautdemo.prahu-hub.com/lelang/buatlelang:14299
[  808211ms] [LOG] Connected @ https://phbidlautdemo.prahu-hub.com/lelang/buatlelang:14299
[  808560ms] [LOG] Connected @ https://phbidlautdemo.prahu-hub.com/lelang/buatlelang:14299
[  809928ms] [LOG] Connected @ https://phbidlautdemo.prahu-hub.com/lelang/buatlelang:14299
[  811925ms] [LOG] Connected @ https://phbidlautdemo.prahu-hub.com/lelang/buatlelang:14299
[  814932ms] [LOG] Connected @ https://phbidlautdemo.prahu-hub.com/lelang/buatlelang:14299
[  817653ms] [LOG] Connected @ https://phbidlautdemo.prahu-hub.com/lelang/buatlelang:14299
[  820706ms] [LOG] Connected @ https://phbidlautdemo.prahu-hub.com/lelang/buatlelang:14299
[  836704ms] [LOG] Connected @ https://phbidlautdemo.prahu-hub.com/lelang/buatlelang:14299
[  847286ms] [LOG] updateNotif.542-543-544-937-935-914-906-900-876-856-820-796-795-783-764-704-689-688-685-642-641-640-639-638-635-634-633-632-631-628-625-624-623-622-621-614-459-536-23 @ https://phbidlautdemo.prahu-hub.com/lelang/buatlelang:14299
[  847291ms] [LOG] notif_badge_show.542-543-544-937-935-914-906-900-876-856-820-796-795-783-764-704-689-688-685-642-641-640-639-638-635-634-633-632-631-628-625-624-623-622-621-614-459-536-23 @ https://phbidlautdemo.prahu-hub.com/lelang/buatlelang:14299
[  848764ms] [LOG] Connected @ https://phbidlautdemo.prahu-hub.com/lelang/buatlelang:14299
[  868794ms] [LOG] Connected @ https://phbidlautdemo.prahu-hub.com/lelang/buatlelang:14299
[  872181ms] [LOG] Connected @ https://phbidlautdemo.prahu-hub.com/lelang/buatlelang:14299
[  874928ms] [LOG] Connected @ https://phbidlautdemo.prahu-hub.com/lelang/buatlelang:14299
[  877824ms] [LOG] Connected @ https://phbidlautdemo.prahu-hub.com/lelang/buatlelang:14299
[  880362ms] [LOG] Connected @ https://phbidlautdemo.prahu-hub.com/lelang/buatlelang:14299
[  890100ms] [LOG] Connected @ https://phbidlautdemo.prahu-hub.com/lelang/buatlelang:14299
[  894181ms] [LOG] Connected @ https://phbidlautdemo.prahu-hub.com/lelang/buatlelang:14299
[  901127ms] [LOG] Connected @ https://phbidlautdemo.prahu-hub.com/lelang/buatlelang:14299
[  903318ms] [LOG] Connected @ https://phbidlautdemo.prahu-hub.com/lelang/buatlelang:14299
[  905699ms] [LOG] Connected @ https://phbidlautdemo.prahu-hub.com/lelang/buatlelang:14299
[  913332ms] [LOG] Connected @ https://phbidlautdemo.prahu-hub.com/lelang/buatlelang:14299
[  926722ms] [LOG] Connected @ https://phbidlautdemo.prahu-hub.com/lelang/buatlelang:14299
[  931771ms] [LOG] Connected @ https://phbidlautdemo.prahu-hub.com/lelang/buatlelang:14299
