[     934ms] Cannot use import statement outside a module
[     956ms] ReferenceError: Chart is not defined
    at https://phbidlautdemo.prahu-hub.com/_resources/themes/prahutheme/js/scripts-init/charts/chartjs.js:8:13
[     993ms] Unexpected token '<'
[    1112ms] Unexpected token '<'
[    1139ms] Uncaught TypeError: expect element to be DOM Element, but got null
    at n.init (https://cdnjs.cloudflare.com/ajax/libs/smooth-scrollbar/8.5.2/smooth-scrollbar.js:24:264)
    at <anonymous> (https://phbidlautdemo.prahu-hub.com/home/akunsaya:5351:14)
[    1151ms] [LOG] Akun Sayanamanya @ https://phbidlautdemo.prahu-hub.com/home/akunsaya:1876
[    1158ms] [LOG] WebSocket connection @ https://phbidlautdemo.prahu-hub.com/home/akunsaya:5746
[    1158ms] [LOG] WebSocket connection attempting... @ https://phbidlautdemo.prahu-hub.com/home/akunsaya:5824
[    1260ms] [LOG] WebSocket connected @ https://phbidlautdemo.prahu-hub.com/home/akunsaya:5755
[    1262ms] [LOG] update_dashboard_order_laut @ https://phbidlautdemo.prahu-hub.com/home/akunsaya:5796
[    1289ms] [LOG] Connected @ https://phbidlautdemo.prahu-hub.com/home/akunsaya:5796
[    1360ms] [LOG] 200 xhrglobal @ https://phbidlautdemo.prahu-hub.com/home/akunsaya:5677
[    1427ms] [LOG] 200 xhrglobal @ https://phbidlautdemo.prahu-hub.com/home/akunsaya:5677
[    3173ms] TypeError: $(...).DataTable is not a function
    at https://phbidlautdemo.prahu-hub.com/_resources/themes/prahutheme/js/scripts-init/tables.js:7:23
[   23864ms] [LOG] Connected @ https://phbidlautdemo.prahu-hub.com/home/akunsaya:5796
[   32679ms] [LOG] Connected @ https://phbidlautdemo.prahu-hub.com/home/akunsaya:5796
[   78694ms] [LOG] [object Object]tesss @ https://phbidlautdemo.prahu-hub.com/home/akunsaya:1612
[   80958ms] [LOG] Connected @ https://phbidlautdemo.prahu-hub.com/home/akunsaya:5796
[   96773ms] [LOG] Connected @ https://phbidlautdemo.prahu-hub.com/home/akunsaya:5796
