[    4324ms] Cannot use import statement outside a module
[    4374ms] ReferenceError: Chart is not defined
    at https://phbidlautdemo.prahu-hub.com/_resources/themes/prahutheme/js/scripts-init/charts/chartjs.js:8:13
[    4375ms] Unexpected token '<'
[    4377ms] Unexpected token '<'
[    4474ms] Uncaught TypeError: expect element to be DOM Element, but got null
    at n.init (https://cdnjs.cloudflare.com/ajax/libs/smooth-scrollbar/8.5.2/smooth-scrollbar.js:24:264)
    at <anonymous> (https://phbidlautdemo.prahu-hub.com/adminprahu/masterkemasan:5368:14)
[    4512ms] [LOG] Masternamanya @ https://phbidlautdemo.prahu-hub.com/adminprahu/masterkemasan:2040
[    4522ms] [LOG] undefined @ https://phbidlautdemo.prahu-hub.com/adminprahu/masterkemasan:5721
[    4522ms] [LOG] Masukkan Nama Kemasan @ https://phbidlautdemo.prahu-hub.com/adminprahu/masterkemasan:5721
[    4523ms] [LOG] undefined @ https://phbidlautdemo.prahu-hub.com/adminprahu/masterkemasan:5721
[    4523ms] [LOG] Masukkan Nama Kemasan @ https://phbidlautdemo.prahu-hub.com/adminprahu/masterkemasan:5721
[    4523ms] [LOG] undefined @ https://phbidlautdemo.prahu-hub.com/adminprahu/masterkemasan:5721
[    4523ms] [LOG] WebSocket connection @ https://phbidlautdemo.prahu-hub.com/adminprahu/masterkemasan:5764
[    4524ms] [LOG] WebSocket connection attempting... @ https://phbidlautdemo.prahu-hub.com/adminprahu/masterkemasan:5842
[    4802ms] [LOG] [Object, Object, Object, Object, Object, Object, Object, Object, Object, Object, Object, Object, Object, Object, Object, Object, Object, Object, Object, Object] @ https://phbidlautdemo.prahu-hub.com/_resources/themes/prahutheme/javascript/custom/masterkemasan.js?m=1787972929:117
[    4808ms] [LOG] 21 @ https://phbidlautdemo.prahu-hub.com/_resources/themes/prahutheme/javascript/custom/masterkemasan.js?m=1787972929:789
[    4809ms] [LOG] 21 countView1 1 pageNow 20 limitView1 @ https://phbidlautdemo.prahu-hub.com/_resources/themes/prahutheme/javascript/custom/masterkemasan.js?m=1787972929:791
[    4809ms] [LOG] 20 @ https://phbidlautdemo.prahu-hub.com/_resources/themes/prahutheme/javascript/custom/masterkemasan.js?m=1787972929:802
[    4809ms] [LOG] 21 jumlah data @ https://phbidlautdemo.prahu-hub.com/_resources/themes/prahutheme/javascript/custom/masterkemasan.js?m=1787972929:748
[    4809ms] [LOG] 2 @ https://phbidlautdemo.prahu-hub.com/_resources/themes/prahutheme/javascript/custom/masterkemasan.js?m=1787972929:750
[    4810ms] [LOG] 2 1 pageCount & pageNow @ https://phbidlautdemo.prahu-hub.com/_resources/themes/prahutheme/javascript/custom/masterkemasan.js?m=1787972929:676
[    4811ms] [LOG] 200 xhrglobal @ https://phbidlautdemo.prahu-hub.com/adminprahu/masterkemasan:5695
[    4811ms] [LOG] ce.fn.init stepItem @ https://phbidlautdemo.prahu-hub.com/_resources/themes/prahutheme/javascript/custom/masterkemasan.js?m=1787972929:645
[    5664ms] [LOG] WebSocket connected @ https://phbidlautdemo.prahu-hub.com/adminprahu/masterkemasan:5773
[    5670ms] [LOG] update_dashboard_order_laut @ https://phbidlautdemo.prahu-hub.com/adminprahu/masterkemasan:5814
[    5859ms] [LOG] 200 xhrglobal @ https://phbidlautdemo.prahu-hub.com/adminprahu/masterkemasan:5695
[    5925ms] [LOG] 200 xhrglobal @ https://phbidlautdemo.prahu-hub.com/adminprahu/masterkemasan:5695
[    5989ms] [LOG] Connected @ https://phbidlautdemo.prahu-hub.com/adminprahu/masterkemasan:5814
[    6525ms] TypeError: $(...).DataTable is not a function
    at https://phbidlautdemo.prahu-hub.com/_resources/themes/prahutheme/js/scripts-init/tables.js:7:23
[   13889ms] [LOG] 200 xhrglobal @ https://phbidlautdemo.prahu-hub.com/adminprahu/masterkemasan:5695
