[     988ms] Cannot use import statement outside a module
[    1023ms] ReferenceError: Chart is not defined
    at https://phbidlautdemo.prahu-hub.com/_resources/themes/prahutheme/js/scripts-init/charts/chartjs.js:8:13
[    1211ms] Unexpected token '<'
[    1211ms] Unexpected token '<'
[    1295ms] Uncaught TypeError: expect element to be DOM Element, but got null
    at n.init (https://cdnjs.cloudflare.com/ajax/libs/smooth-scrollbar/8.5.2/smooth-scrollbar.js:24:264)
    at <anonymous> (https://phbidlautdemo.prahu-hub.com/home/editjadwal/1870:6535:14)
[    1313ms] [LOG] Harganamanya @ https://phbidlautdemo.prahu-hub.com/home/editjadwal/1870:1755
[    1353ms] [LOG] undefined @ https://phbidlautdemo.prahu-hub.com/home/editjadwal/1870:6888
[    1353ms] [LOG] Masukkan Nama Kapal @ https://phbidlautdemo.prahu-hub.com/home/editjadwal/1870:6888
[    1353ms] [LOG] Masukkan Voyage @ https://phbidlautdemo.prahu-hub.com/home/editjadwal/1870:6888
[    1353ms] [LOG] DD/MM/YYYY @ https://phbidlautdemo.prahu-hub.com/home/editjadwal/1870:6888
[    1355ms] [LOG] DD/MM/YYYY hh:mm @ https://phbidlautdemo.prahu-hub.com/home/editjadwal/1870:6888
[    1355ms] [LOG] DD/MM/YYYY @ https://phbidlautdemo.prahu-hub.com/home/editjadwal/1870:6888
[    1356ms] [LOG] DD/MM/YYYY @ https://phbidlautdemo.prahu-hub.com/home/editjadwal/1870:6888
[    1357ms] [LOG] undefined @ https://phbidlautdemo.prahu-hub.com/home/editjadwal/1870:6888
[    1357ms] [LOG] undefined @ https://phbidlautdemo.prahu-hub.com/home/editjadwal/1870:6888
[    1357ms] [LOG] undefined @ https://phbidlautdemo.prahu-hub.com/home/editjadwal/1870:6888
[    1358ms] [LOG] undefined @ https://phbidlautdemo.prahu-hub.com/home/editjadwal/1870:6888
[    1358ms] [LOG] undefined @ https://phbidlautdemo.prahu-hub.com/home/editjadwal/1870:6888
[    1358ms] [LOG] undefined @ https://phbidlautdemo.prahu-hub.com/home/editjadwal/1870:6888
[    1359ms] [LOG] undefined @ https://phbidlautdemo.prahu-hub.com/home/editjadwal/1870:6888
[    1359ms] [LOG] undefined @ https://phbidlautdemo.prahu-hub.com/home/editjadwal/1870:6888
[    1359ms] [LOG] undefined @ https://phbidlautdemo.prahu-hub.com/home/editjadwal/1870:6888
[    1359ms] [LOG] undefined @ https://phbidlautdemo.prahu-hub.com/home/editjadwal/1870:6888
[    1360ms] [LOG] undefined @ https://phbidlautdemo.prahu-hub.com/home/editjadwal/1870:6888
[    1361ms] [LOG] WebSocket connection @ https://phbidlautdemo.prahu-hub.com/home/editjadwal/1870:6931
[    1361ms] [LOG] WebSocket connection attempting... @ https://phbidlautdemo.prahu-hub.com/home/editjadwal/1870:7009
[    1555ms] [LOG] WebSocket connected @ https://phbidlautdemo.prahu-hub.com/home/editjadwal/1870:6940
[    1559ms] [LOG] update_dashboard_order_laut @ https://phbidlautdemo.prahu-hub.com/home/editjadwal/1870:6981
[    1591ms] [LOG] Connected @ https://phbidlautdemo.prahu-hub.com/home/editjadwal/1870:6981
[    1729ms] [LOG] 200 xhrglobal @ https://phbidlautdemo.prahu-hub.com/home/editjadwal/1870:6862
[    1779ms] [LOG] 200 xhrglobal @ https://phbidlautdemo.prahu-hub.com/home/editjadwal/1870:6862
[    3325ms] TypeError: $(...).DataTable is not a function
    at https://phbidlautdemo.prahu-hub.com/_resources/themes/prahutheme/js/scripts-init/tables.js:7:23
[    8978ms] [LOG] debug @ https://phbidlautdemo.prahu-hub.com/home/editjadwal/1870:5352
[    8978ms] [LOG] 5 @ https://phbidlautdemo.prahu-hub.com/home/editjadwal/1870:5355
[    8983ms] [LOG] tgl_closing30/09/2026 10:00 @ https://phbidlautdemo.prahu-hub.com/home/editjadwal/1870:5425
[    8983ms] [LOG] 2026 @ https://phbidlautdemo.prahu-hub.com/home/editjadwal/1870:5426
[    8983ms] [LOG] 09 @ https://phbidlautdemo.prahu-hub.com/home/editjadwal/1870:5427
[    8984ms] [LOG] 30 @ https://phbidlautdemo.prahu-hub.com/home/editjadwal/1870:5428
[    8984ms] [LOG] 10 @ https://phbidlautdemo.prahu-hub.com/home/editjadwal/1870:5429
[    8984ms] [LOG] 00 @ https://phbidlautdemo.prahu-hub.com/home/editjadwal/1870:5430
[    8985ms] [LOG] 1 @ https://phbidlautdemo.prahu-hub.com/home/editjadwal/1870:5445
[    9291ms] [LOG] update_dashboard_order_laut @ https://phbidlautdemo.prahu-hub.com/home/editjadwal/1870:6981
[    9323ms] [LOG] 200 xhrglobal @ https://phbidlautdemo.prahu-hub.com/home/editjadwal/1870:6862
[   10168ms] Cannot use import statement outside a module
[   10210ms] ReferenceError: Chart is not defined
    at https://phbidlautdemo.prahu-hub.com/_resources/themes/prahutheme/js/scripts-init/charts/chartjs.js:8:13
[   10353ms] Unexpected token '<'
[   10354ms] Unexpected token '<'
[   10442ms] Uncaught TypeError: expect element to be DOM Element, but got null
    at n.init (https://cdnjs.cloudflare.com/ajax/libs/smooth-scrollbar/8.5.2/smooth-scrollbar.js:24:264)
    at <anonymous> (https://phbidlautdemo.prahu-hub.com/home/masterjadwal1/cWpYWHBKb3RXWGFZb0RsUURoVlp4Zz09:5758:14)
[   10467ms] [LOG] Harganamanya @ https://phbidlautdemo.prahu-hub.com/home/masterjadwal1/cWpYWHBKb3RXWGFZb0RsUURoVlp4Zz09:1756
[   10475ms] [LOG] undefined @ https://phbidlautdemo.prahu-hub.com/home/masterjadwal1/cWpYWHBKb3RXWGFZb0RsUURoVlp4Zz09:6111
[   10475ms] [LOG] DD/MM/YYYY @ https://phbidlautdemo.prahu-hub.com/home/masterjadwal1/cWpYWHBKb3RXWGFZb0RsUURoVlp4Zz09:6111
[   10476ms] [LOG] undefined @ https://phbidlautdemo.prahu-hub.com/home/masterjadwal1/cWpYWHBKb3RXWGFZb0RsUURoVlp4Zz09:6111
[   10476ms] [LOG] Masukkan Nama Kapal @ https://phbidlautdemo.prahu-hub.com/home/masterjadwal1/cWpYWHBKb3RXWGFZb0RsUURoVlp4Zz09:6111
[   10476ms] [LOG] Masukkan Voyage @ https://phbidlautdemo.prahu-hub.com/home/masterjadwal1/cWpYWHBKb3RXWGFZb0RsUURoVlp4Zz09:6111
[   10476ms] [LOG] DD/MM/YYYY hh:mm @ https://phbidlautdemo.prahu-hub.com/home/masterjadwal1/cWpYWHBKb3RXWGFZb0RsUURoVlp4Zz09:6111
[   10477ms] [LOG] undefined @ https://phbidlautdemo.prahu-hub.com/home/masterjadwal1/cWpYWHBKb3RXWGFZb0RsUURoVlp4Zz09:6111
[   10477ms] [LOG] DD/MM/YYYY @ https://phbidlautdemo.prahu-hub.com/home/masterjadwal1/cWpYWHBKb3RXWGFZb0RsUURoVlp4Zz09:6111
[   10477ms] [LOG] undefined @ https://phbidlautdemo.prahu-hub.com/home/masterjadwal1/cWpYWHBKb3RXWGFZb0RsUURoVlp4Zz09:6111
[   10478ms] [LOG] DD/MM/YYYY @ https://phbidlautdemo.prahu-hub.com/home/masterjadwal1/cWpYWHBKb3RXWGFZb0RsUURoVlp4Zz09:6111
[   10478ms] [LOG] undefined @ https://phbidlautdemo.prahu-hub.com/home/masterjadwal1/cWpYWHBKb3RXWGFZb0RsUURoVlp4Zz09:6111
[   10478ms] [LOG] undefined @ https://phbidlautdemo.prahu-hub.com/home/masterjadwal1/cWpYWHBKb3RXWGFZb0RsUURoVlp4Zz09:6111
[   10478ms] [LOG] undefined @ https://phbidlautdemo.prahu-hub.com/home/masterjadwal1/cWpYWHBKb3RXWGFZb0RsUURoVlp4Zz09:6111
[   10479ms] [LOG] undefined @ https://phbidlautdemo.prahu-hub.com/home/masterjadwal1/cWpYWHBKb3RXWGFZb0RsUURoVlp4Zz09:6111
[   10479ms] [LOG] undefined @ https://phbidlautdemo.prahu-hub.com/home/masterjadwal1/cWpYWHBKb3RXWGFZb0RsUURoVlp4Zz09:6111
[   10479ms] [LOG] WebSocket connection @ https://phbidlautdemo.prahu-hub.com/home/masterjadwal1/cWpYWHBKb3RXWGFZb0RsUURoVlp4Zz09:6154
[   10480ms] [LOG] WebSocket connection attempting... @ https://phbidlautdemo.prahu-hub.com/home/masterjadwal1/cWpYWHBKb3RXWGFZb0RsUURoVlp4Zz09:6232
[   10578ms] [LOG] [Object, Object, Object] @ https://phbidlautdemo.prahu-hub.com/_resources/themes/prahutheme/javascript/custom/lihatjadwal.js?m=1787972929:14
[   10580ms] [LOG] 3 @ https://phbidlautdemo.prahu-hub.com/_resources/themes/prahutheme/javascript/custom/lihatjadwal.js?m=1787972929:506
[   10580ms] [LOG] 3 countView1 1 pageNow 20 limitView1 @ https://phbidlautdemo.prahu-hub.com/_resources/themes/prahutheme/javascript/custom/lihatjadwal.js?m=1787972929:508
[   10581ms] [LOG] 3 @ https://phbidlautdemo.prahu-hub.com/_resources/themes/prahutheme/javascript/custom/lihatjadwal.js?m=1787972929:514
[   10581ms] [LOG] 3 jumlah data @ https://phbidlautdemo.prahu-hub.com/_resources/themes/prahutheme/javascript/custom/lihatjadwal.js?m=1787972929:481
[   10581ms] [LOG] 1 @ https://phbidlautdemo.prahu-hub.com/_resources/themes/prahutheme/javascript/custom/lihatjadwal.js?m=1787972929:483
[   10581ms] [LOG] 1 1 pageCount & pageNow @ https://phbidlautdemo.prahu-hub.com/_resources/themes/prahutheme/javascript/custom/lihatjadwal.js?m=1787972929:406
[   10584ms] [LOG] 200 xhrglobal @ https://phbidlautdemo.prahu-hub.com/home/masterjadwal1/cWpYWHBKb3RXWGFZb0RsUURoVlp4Zz09:6085
[   10605ms] [LOG] WebSocket connected @ https://phbidlautdemo.prahu-hub.com/home/masterjadwal1/cWpYWHBKb3RXWGFZb0RsUURoVlp4Zz09:6163
[   10610ms] [LOG] update_dashboard_order_laut @ https://phbidlautdemo.prahu-hub.com/home/masterjadwal1/cWpYWHBKb3RXWGFZb0RsUURoVlp4Zz09:6204
[   10646ms] [LOG] Connected @ https://phbidlautdemo.prahu-hub.com/home/masterjadwal1/cWpYWHBKb3RXWGFZb0RsUURoVlp4Zz09:6204
[   10716ms] [LOG] 200 xhrglobal @ https://phbidlautdemo.prahu-hub.com/home/masterjadwal1/cWpYWHBKb3RXWGFZb0RsUURoVlp4Zz09:6085
[   10770ms] [LOG] 200 xhrglobal @ https://phbidlautdemo.prahu-hub.com/home/masterjadwal1/cWpYWHBKb3RXWGFZb0RsUURoVlp4Zz09:6085
[   12476ms] TypeError: $(...).DataTable is not a function
    at https://phbidlautdemo.prahu-hub.com/_resources/themes/prahutheme/js/scripts-init/tables.js:7:23
