[    1158ms] Cannot use import statement outside a module
[    1239ms] ReferenceError: Chart is not defined
    at https://phbidlautdemo.prahu-hub.com/_resources/themes/prahutheme/js/scripts-init/charts/chartjs.js:8:13
[    1487ms] Unexpected token '<'
[    1489ms] Unexpected token '<'
[    1607ms] Uncaught TypeError: expect element to be DOM Element, but got null
    at n.init (https://cdnjs.cloudflare.com/ajax/libs/smooth-scrollbar/8.5.2/smooth-scrollbar.js:24:264)
    at <anonymous> (https://phbidlautdemo.prahu-hub.com/adminprahu/reminder:5679:14)
[    1626ms] [LOG] Settingsnamanya @ https://phbidlautdemo.prahu-hub.com/adminprahu/reminder:2039
[    1636ms] [LOG] WebSocket connection @ https://phbidlautdemo.prahu-hub.com/adminprahu/reminder:6075
[    1637ms] [LOG] WebSocket connection attempting... @ https://phbidlautdemo.prahu-hub.com/adminprahu/reminder:6153
[    1793ms] [LOG] WebSocket connected @ https://phbidlautdemo.prahu-hub.com/adminprahu/reminder:6084
[    1797ms] [LOG] update_dashboard_order_laut @ https://phbidlautdemo.prahu-hub.com/adminprahu/reminder:6125
[    1827ms] [LOG] Connected @ https://phbidlautdemo.prahu-hub.com/adminprahu/reminder:6125
[    1916ms] [LOG] 200 xhrglobal @ https://phbidlautdemo.prahu-hub.com/adminprahu/reminder:6006
[    1982ms] [LOG] 200 xhrglobal @ https://phbidlautdemo.prahu-hub.com/adminprahu/reminder:6006
[    3637ms] TypeError: $(...).DataTable is not a function
    at https://phbidlautdemo.prahu-hub.com/_resources/themes/prahutheme/js/scripts-init/tables.js:7:23
[   20132ms] Cannot use import statement outside a module
[   20206ms] ReferenceError: Chart is not defined
    at https://phbidlautdemo.prahu-hub.com/_resources/themes/prahutheme/js/scripts-init/charts/chartjs.js:8:13
[   21594ms] Unexpected token '<'
[   21594ms] Unexpected token '<'
[   21685ms] Uncaught TypeError: expect element to be DOM Element, but got null
    at n.init (https://cdnjs.cloudflare.com/ajax/libs/smooth-scrollbar/8.5.2/smooth-scrollbar.js:24:264)
    at <anonymous> (https://phbidlautdemo.prahu-hub.com/adminprahu/settingReminder/UUtRU0NqV1IzekpKbStpS0RvMDlYZz09:5281:14)
[   21715ms] [LOG] Settingsnamanya @ https://phbidlautdemo.prahu-hub.com/adminprahu/settingReminder/UUtRU0NqV1IzekpKbStpS0RvMDlYZz09:2039
[   21730ms] [LOG] undefined @ https://phbidlautdemo.prahu-hub.com/adminprahu/settingReminder/UUtRU0NqV1IzekpKbStpS0RvMDlYZz09:5634
[   21730ms] [LOG] undefined @ https://phbidlautdemo.prahu-hub.com/adminprahu/settingReminder/UUtRU0NqV1IzekpKbStpS0RvMDlYZz09:5634
[   21730ms] [LOG]  @ https://phbidlautdemo.prahu-hub.com/adminprahu/settingReminder/UUtRU0NqV1IzekpKbStpS0RvMDlYZz09:5634
[   21730ms] [LOG] 0 @ https://phbidlautdemo.prahu-hub.com/adminprahu/settingReminder/UUtRU0NqV1IzekpKbStpS0RvMDlYZz09:5634
[   21732ms] [LOG] WebSocket connection @ https://phbidlautdemo.prahu-hub.com/adminprahu/settingReminder/UUtRU0NqV1IzekpKbStpS0RvMDlYZz09:5677
[   21732ms] [LOG] WebSocket connection attempting... @ https://phbidlautdemo.prahu-hub.com/adminprahu/settingReminder/UUtRU0NqV1IzekpKbStpS0RvMDlYZz09:5755
[   21891ms] [LOG] WebSocket connected @ https://phbidlautdemo.prahu-hub.com/adminprahu/settingReminder/UUtRU0NqV1IzekpKbStpS0RvMDlYZz09:5686
[   21895ms] [LOG] update_dashboard_order_laut @ https://phbidlautdemo.prahu-hub.com/adminprahu/settingReminder/UUtRU0NqV1IzekpKbStpS0RvMDlYZz09:5727
[   21923ms] [LOG] Connected @ https://phbidlautdemo.prahu-hub.com/adminprahu/settingReminder/UUtRU0NqV1IzekpKbStpS0RvMDlYZz09:5727
[   22022ms] [LOG] 200 xhrglobal @ https://phbidlautdemo.prahu-hub.com/adminprahu/settingReminder/UUtRU0NqV1IzekpKbStpS0RvMDlYZz09:5608
[   22074ms] [LOG] 200 xhrglobal @ https://phbidlautdemo.prahu-hub.com/adminprahu/settingReminder/UUtRU0NqV1IzekpKbStpS0RvMDlYZz09:5608
[   23728ms] TypeError: $(...).DataTable is not a function
    at https://phbidlautdemo.prahu-hub.com/_resources/themes/prahutheme/js/scripts-init/tables.js:7:23
[   28994ms] [LOG] "ok" @ https://phbidlautdemo.prahu-hub.com/adminprahu/settingReminder/UUtRU0NqV1IzekpKbStpS0RvMDlYZz09:4954
[   28998ms] [LOG] 200 xhrglobal @ https://phbidlautdemo.prahu-hub.com/adminprahu/settingReminder/UUtRU0NqV1IzekpKbStpS0RvMDlYZz09:5608
[   30185ms] Cannot use import statement outside a module
[   30221ms] ReferenceError: Chart is not defined
    at https://phbidlautdemo.prahu-hub.com/_resources/themes/prahutheme/js/scripts-init/charts/chartjs.js:8:13
[   30261ms] Unexpected token '<'
[   30261ms] Unexpected token '<'
[   30324ms] Uncaught TypeError: expect element to be DOM Element, but got null
    at n.init (https://cdnjs.cloudflare.com/ajax/libs/smooth-scrollbar/8.5.2/smooth-scrollbar.js:24:264)
    at <anonymous> (https://phbidlautdemo.prahu-hub.com/adminprahu/reminder:5684:14)
[   30347ms] [LOG] Settingsnamanya @ https://phbidlautdemo.prahu-hub.com/adminprahu/reminder:2039
[   30364ms] [LOG] WebSocket connection @ https://phbidlautdemo.prahu-hub.com/adminprahu/reminder:6080
[   30365ms] [LOG] WebSocket connection attempting... @ https://phbidlautdemo.prahu-hub.com/adminprahu/reminder:6158
[   30530ms] [LOG] WebSocket connected @ https://phbidlautdemo.prahu-hub.com/adminprahu/reminder:6089
[   30535ms] [LOG] update_dashboard_order_laut @ https://phbidlautdemo.prahu-hub.com/adminprahu/reminder:6130
[   30564ms] [LOG] Connected @ https://phbidlautdemo.prahu-hub.com/adminprahu/reminder:6130
[   30661ms] [LOG] 200 xhrglobal @ https://phbidlautdemo.prahu-hub.com/adminprahu/reminder:6011
[   30722ms] [LOG] 200 xhrglobal @ https://phbidlautdemo.prahu-hub.com/adminprahu/reminder:6011
[   32361ms] TypeError: $(...).DataTable is not a function
    at https://phbidlautdemo.prahu-hub.com/_resources/themes/prahutheme/js/scripts-init/tables.js:7:23
