[    1382ms] Cannot use import statement outside a module
[    1420ms] ReferenceError: Chart is not defined
    at https://phbidlautdemo.prahu-hub.com/_resources/themes/prahutheme/js/scripts-init/charts/chartjs.js:8:13
[    1584ms] Unexpected token '<'
[    1585ms] Unexpected token '<'
[    1721ms] Uncaught TypeError: expect element to be DOM Element, but got null
    at n.init (https://cdnjs.cloudflare.com/ajax/libs/smooth-scrollbar/8.5.2/smooth-scrollbar.js:24:264)
    at <anonymous> (https://phbidlautdemo.prahu-hub.com/lelang/carirute:6555:14)
[    1795ms] [LOG] undefinednamanya @ https://phbidlautdemo.prahu-hub.com/lelang/carirute:2149
[    1830ms] [LOG] undefined @ https://phbidlautdemo.prahu-hub.com/lelang/carirute:6908
[    1830ms] [LOG] undefined @ https://phbidlautdemo.prahu-hub.com/lelang/carirute:6908
[    1831ms] [LOG] undefined @ https://phbidlautdemo.prahu-hub.com/lelang/carirute:6908
[    1831ms] [LOG] Masukkan Nomor Lelang @ https://phbidlautdemo.prahu-hub.com/lelang/carirute:6908
[    1831ms] [LOG] undefined @ https://phbidlautdemo.prahu-hub.com/lelang/carirute:6908
[    1832ms] [LOG] WebSocket connection @ https://phbidlautdemo.prahu-hub.com/lelang/carirute:6951
[    1836ms] [LOG] WebSocket connection attempting... @ https://phbidlautdemo.prahu-hub.com/lelang/carirute:7029
[    2013ms] [LOG] WebSocket connected @ https://phbidlautdemo.prahu-hub.com/lelang/carirute:6960
[    2048ms] [LOG] update_dashboard_order_laut @ https://phbidlautdemo.prahu-hub.com/lelang/carirute:7001
[    2097ms] [TABLE] {UI version: 8.4.1, Core version: 8.4.0, Build: NC8xMi8yMDIyfDRkZTU3MmExYg==, WebViewer Server: false, Full API: false} @ https://phbidlautdemo.prahu-hub.com/_resources/themes/prahutheme/javascript/PDFView/lib/ui/webviewer-ui.min.js:270
[    2109ms] [LOG] Connected @ https://phbidlautdemo.prahu-hub.com/lelang/carirute:7001
[    2440ms] [VERBOSE] [DOM] Password forms should have (optionally hidden) username fields for accessibility: (More info: https://goo.gl/9p2vKq) %o @ https://phbidlautdemo.prahu-hub.com/_resources/themes/prahutheme/javascript/PDFView/lib/ui/index.html#a=1&disabledElements=downloadButton%2CprintButton%2ClanguageButton&filepicker=0&pdfnet=0&enableRedaction=0&enableMeasurement=0&pageHistory=1&notesInLeftPanel=0&singleServerMode=false&selectAnnotationOnCreation=0&autoFocusNoteOnAnnotationSelection=1&id=1&basePath=%2Flelang%2Fcarirute:0
[    2445ms] [LOG] 200 xhrglobal @ https://phbidlautdemo.prahu-hub.com/lelang/carirute:6882
[    2448ms] [LOG] 200 xhrglobal @ https://phbidlautdemo.prahu-hub.com/lelang/carirute:6882
[    3811ms] TypeError: $(...).DataTable is not a function
    at https://phbidlautdemo.prahu-hub.com/_resources/themes/prahutheme/js/scripts-init/tables.js:7:23
[   10226ms] Cannot use import statement outside a module
[   10255ms] ReferenceError: Chart is not defined
    at https://phbidlautdemo.prahu-hub.com/_resources/themes/prahutheme/js/scripts-init/charts/chartjs.js:8:13
[   10433ms] Unexpected token '<'
[   10434ms] Unexpected token '<'
[   10604ms] Uncaught TypeError: expect element to be DOM Element, but got null
    at n.init (https://cdnjs.cloudflare.com/ajax/libs/smooth-scrollbar/8.5.2/smooth-scrollbar.js:24:264)
    at <anonymous> (https://phbidlautdemo.prahu-hub.com/lelang/carirute?from=search&id_user=SWd1aUR1aGpzOUlWbVpaWXY2NG5SZz09&lelang=ZWJxcUswV2tJeDE3dlo1T1BHVXJLUT09&nomor_lelang=LELANGFCU%2F28082026IK:7653:14)
[   10741ms] [TABLE] {UI version: 8.4.1, Core version: 8.4.0, Build: NC8xMi8yMDIyfDRkZTU3MmExYg==, WebViewer Server: false, Full API: false} @ https://phbidlautdemo.prahu-hub.com/_resources/themes/prahutheme/javascript/PDFView/lib/ui/webviewer-ui.min.js:270
[   10876ms] [LOG] undefinednamanya @ https://phbidlautdemo.prahu-hub.com/lelang/carirute?from=search&id_user=SWd1aUR1aGpzOUlWbVpaWXY2NG5SZz09&lelang=ZWJxcUswV2tJeDE3dlo1T1BHVXJLUT09&nomor_lelang=LELANGFCU%2F28082026IK:2149
[   10899ms] [LOG] undefined @ https://phbidlautdemo.prahu-hub.com/lelang/carirute?from=search&id_user=SWd1aUR1aGpzOUlWbVpaWXY2NG5SZz09&lelang=ZWJxcUswV2tJeDE3dlo1T1BHVXJLUT09&nomor_lelang=LELANGFCU%2F28082026IK:8006
[   10899ms] [LOG] undefined @ https://phbidlautdemo.prahu-hub.com/lelang/carirute?from=search&id_user=SWd1aUR1aGpzOUlWbVpaWXY2NG5SZz09&lelang=ZWJxcUswV2tJeDE3dlo1T1BHVXJLUT09&nomor_lelang=LELANGFCU%2F28082026IK:8006
[   10899ms] [LOG] undefined @ https://phbidlautdemo.prahu-hub.com/lelang/carirute?from=search&id_user=SWd1aUR1aGpzOUlWbVpaWXY2NG5SZz09&lelang=ZWJxcUswV2tJeDE3dlo1T1BHVXJLUT09&nomor_lelang=LELANGFCU%2F28082026IK:8006
[   10899ms] [LOG] Masukkan Nomor Lelang @ https://phbidlautdemo.prahu-hub.com/lelang/carirute?from=search&id_user=SWd1aUR1aGpzOUlWbVpaWXY2NG5SZz09&lelang=ZWJxcUswV2tJeDE3dlo1T1BHVXJLUT09&nomor_lelang=LELANGFCU%2F28082026IK:8006
[   10900ms] [LOG] undefined @ https://phbidlautdemo.prahu-hub.com/lelang/carirute?from=search&id_user=SWd1aUR1aGpzOUlWbVpaWXY2NG5SZz09&lelang=ZWJxcUswV2tJeDE3dlo1T1BHVXJLUT09&nomor_lelang=LELANGFCU%2F28082026IK:8006
[   10900ms] [LOG] undefined @ https://phbidlautdemo.prahu-hub.com/lelang/carirute?from=search&id_user=SWd1aUR1aGpzOUlWbVpaWXY2NG5SZz09&lelang=ZWJxcUswV2tJeDE3dlo1T1BHVXJLUT09&nomor_lelang=LELANGFCU%2F28082026IK:8006
[   10900ms] [LOG] undefined @ https://phbidlautdemo.prahu-hub.com/lelang/carirute?from=search&id_user=SWd1aUR1aGpzOUlWbVpaWXY2NG5SZz09&lelang=ZWJxcUswV2tJeDE3dlo1T1BHVXJLUT09&nomor_lelang=LELANGFCU%2F28082026IK:8006
[   10900ms] [LOG] undefined @ https://phbidlautdemo.prahu-hub.com/lelang/carirute?from=search&id_user=SWd1aUR1aGpzOUlWbVpaWXY2NG5SZz09&lelang=ZWJxcUswV2tJeDE3dlo1T1BHVXJLUT09&nomor_lelang=LELANGFCU%2F28082026IK:8006
[   10900ms] [LOG] DD/MM/YYYY @ https://phbidlautdemo.prahu-hub.com/lelang/carirute?from=search&id_user=SWd1aUR1aGpzOUlWbVpaWXY2NG5SZz09&lelang=ZWJxcUswV2tJeDE3dlo1T1BHVXJLUT09&nomor_lelang=LELANGFCU%2F28082026IK:8006
[   10900ms] [LOG] DD/MM/YYYY @ https://phbidlautdemo.prahu-hub.com/lelang/carirute?from=search&id_user=SWd1aUR1aGpzOUlWbVpaWXY2NG5SZz09&lelang=ZWJxcUswV2tJeDE3dlo1T1BHVXJLUT09&nomor_lelang=LELANGFCU%2F28082026IK:8006
[   10901ms] [LOG] undefined @ https://phbidlautdemo.prahu-hub.com/lelang/carirute?from=search&id_user=SWd1aUR1aGpzOUlWbVpaWXY2NG5SZz09&lelang=ZWJxcUswV2tJeDE3dlo1T1BHVXJLUT09&nomor_lelang=LELANGFCU%2F28082026IK:8006
[   10902ms] [LOG] WebSocket connection @ https://phbidlautdemo.prahu-hub.com/lelang/carirute?from=search&id_user=SWd1aUR1aGpzOUlWbVpaWXY2NG5SZz09&lelang=ZWJxcUswV2tJeDE3dlo1T1BHVXJLUT09&nomor_lelang=LELANGFCU%2F28082026IK:8049
[   10903ms] [LOG] WebSocket connection attempting... @ https://phbidlautdemo.prahu-hub.com/lelang/carirute?from=search&id_user=SWd1aUR1aGpzOUlWbVpaWXY2NG5SZz09&lelang=ZWJxcUswV2tJeDE3dlo1T1BHVXJLUT09&nomor_lelang=LELANGFCU%2F28082026IK:8127
[   11182ms] [VERBOSE] [DOM] Password forms should have (optionally hidden) username fields for accessibility: (More info: https://goo.gl/9p2vKq) %o @ https://phbidlautdemo.prahu-hub.com/_resources/themes/prahutheme/javascript/PDFView/lib/ui/index.html#d=%2Fassets%2Fdokumenaanwijzing%2F65%2FAanwijzing-PT.-Primax-Geo-Sejahtera.pdf&a=1&disabledElements=downloadButton%2CprintButton%2ClanguageButton&filepicker=0&pdfnet=0&enableRedaction=0&enableMeasurement=0&pageHistory=1&notesInLeftPanel=0&singleServerMode=false&selectAnnotationOnCreation=0&autoFocusNoteOnAnnotationSelection=1&id=1&basePath=%2Flelang%2Fcarirute:0
[   11496ms] [LOG] WebSocket connected @ https://phbidlautdemo.prahu-hub.com/lelang/carirute?from=search&id_user=SWd1aUR1aGpzOUlWbVpaWXY2NG5SZz09&lelang=ZWJxcUswV2tJeDE3dlo1T1BHVXJLUT09&nomor_lelang=LELANGFCU%2F28082026IK:8058
[   11516ms] [LOG] [Object, Object, Object] @ https://phbidlautdemo.prahu-hub.com/_resources/themes/prahutheme/javascript/custom/hasilPenawaran.js?m=1&amp;m=1787972929:14
[   11542ms] [LOG] 3 @ https://phbidlautdemo.prahu-hub.com/_resources/themes/prahutheme/javascript/custom/hasilPenawaran.js?m=1&amp;m=1787972929:889
[   11542ms] [LOG] 3 countView1 1 pageNow 20 limitView1 @ https://phbidlautdemo.prahu-hub.com/_resources/themes/prahutheme/javascript/custom/hasilPenawaran.js?m=1&amp;m=1787972929:891
[   11542ms] [LOG] 3 @ https://phbidlautdemo.prahu-hub.com/_resources/themes/prahutheme/javascript/custom/hasilPenawaran.js?m=1&amp;m=1787972929:902
[   11543ms] [LOG] 3 jumlah data @ https://phbidlautdemo.prahu-hub.com/_resources/themes/prahutheme/javascript/custom/hasilPenawaran.js?m=1&amp;m=1787972929:867
[   11543ms] [LOG] 1 @ https://phbidlautdemo.prahu-hub.com/_resources/themes/prahutheme/javascript/custom/hasilPenawaran.js?m=1&amp;m=1787972929:869
[   11544ms] [LOG] 1 1 pageCount & pageNow @ https://phbidlautdemo.prahu-hub.com/_resources/themes/prahutheme/javascript/custom/hasilPenawaran.js?m=1&amp;m=1787972929:795
[   11545ms] [LOG] 200 xhrglobal @ https://phbidlautdemo.prahu-hub.com/lelang/carirute?from=search&id_user=SWd1aUR1aGpzOUlWbVpaWXY2NG5SZz09&lelang=ZWJxcUswV2tJeDE3dlo1T1BHVXJLUT09&nomor_lelang=LELANGFCU%2F28082026IK:7980
[   11655ms] [LOG] update_dashboard_order_laut @ https://phbidlautdemo.prahu-hub.com/lelang/carirute?from=search&id_user=SWd1aUR1aGpzOUlWbVpaWXY2NG5SZz09&lelang=ZWJxcUswV2tJeDE3dlo1T1BHVXJLUT09&nomor_lelang=LELANGFCU%2F28082026IK:8099
[   11660ms] [LOG] 200 xhrglobal @ https://phbidlautdemo.prahu-hub.com/lelang/carirute?from=search&id_user=SWd1aUR1aGpzOUlWbVpaWXY2NG5SZz09&lelang=ZWJxcUswV2tJeDE3dlo1T1BHVXJLUT09&nomor_lelang=LELANGFCU%2F28082026IK:7980
[   11666ms] [LOG] Connected @ https://phbidlautdemo.prahu-hub.com/lelang/carirute?from=search&id_user=SWd1aUR1aGpzOUlWbVpaWXY2NG5SZz09&lelang=ZWJxcUswV2tJeDE3dlo1T1BHVXJLUT09&nomor_lelang=LELANGFCU%2F28082026IK:8099
[   11697ms] [LOG] 200 xhrglobal @ https://phbidlautdemo.prahu-hub.com/lelang/carirute?from=search&id_user=SWd1aUR1aGpzOUlWbVpaWXY2NG5SZz09&lelang=ZWJxcUswV2tJeDE3dlo1T1BHVXJLUT09&nomor_lelang=LELANGFCU%2F28082026IK:7980
[   14072ms] [LOG] document loaded @ https://phbidlautdemo.prahu-hub.com/lelang/carirute?from=search&id_user=SWd1aUR1aGpzOUlWbVpaWXY2NG5SZz09&lelang=ZWJxcUswV2tJeDE3dlo1T1BHVXJLUT09&nomor_lelang=LELANGFCU%2F28082026IK:6113
[   14142ms] TypeError: $(...).DataTable is not a function
    at https://phbidlautdemo.prahu-hub.com/_resources/themes/prahutheme/js/scripts-init/tables.js:7:23
[   48335ms] [LOG] Connected @ https://phbidlautdemo.prahu-hub.com/lelang/carirute?from=search&id_user=SWd1aUR1aGpzOUlWbVpaWXY2NG5SZz09&lelang=ZWJxcUswV2tJeDE3dlo1T1BHVXJLUT09&nomor_lelang=LELANGFCU%2F28082026IK:8099
[   57362ms] [LOG] Connected @ https://phbidlautdemo.prahu-hub.com/lelang/carirute?from=search&id_user=SWd1aUR1aGpzOUlWbVpaWXY2NG5SZz09&lelang=ZWJxcUswV2tJeDE3dlo1T1BHVXJLUT09&nomor_lelang=LELANGFCU%2F28082026IK:8099
[  182371ms] [LOG] WebSocket closed @ https://phbidlautdemo.prahu-hub.com/lelang/carirute?from=search&id_user=SWd1aUR1aGpzOUlWbVpaWXY2NG5SZz09&lelang=ZWJxcUswV2tJeDE3dlo1T1BHVXJLUT09&nomor_lelang=LELANGFCU%2F28082026IK:8052
[  182371ms] [LOG] Reconnecting in 2 seconds... @ https://phbidlautdemo.prahu-hub.com/lelang/carirute?from=search&id_user=SWd1aUR1aGpzOUlWbVpaWXY2NG5SZz09&lelang=ZWJxcUswV2tJeDE3dlo1T1BHVXJLUT09&nomor_lelang=LELANGFCU%2F28082026IK:8136
[  184373ms] [LOG] WebSocket connection @ https://phbidlautdemo.prahu-hub.com/lelang/carirute?from=search&id_user=SWd1aUR1aGpzOUlWbVpaWXY2NG5SZz09&lelang=ZWJxcUswV2tJeDE3dlo1T1BHVXJLUT09&nomor_lelang=LELANGFCU%2F28082026IK:8049
[  184374ms] [LOG] WebSocket connection attempting... @ https://phbidlautdemo.prahu-hub.com/lelang/carirute?from=search&id_user=SWd1aUR1aGpzOUlWbVpaWXY2NG5SZz09&lelang=ZWJxcUswV2tJeDE3dlo1T1BHVXJLUT09&nomor_lelang=LELANGFCU%2F28082026IK:8127
[  184524ms] [LOG] WebSocket connected @ https://phbidlautdemo.prahu-hub.com/lelang/carirute?from=search&id_user=SWd1aUR1aGpzOUlWbVpaWXY2NG5SZz09&lelang=ZWJxcUswV2tJeDE3dlo1T1BHVXJLUT09&nomor_lelang=LELANGFCU%2F28082026IK:8058
[  184531ms] [LOG] update_dashboard_order_laut @ https://phbidlautdemo.prahu-hub.com/lelang/carirute?from=search&id_user=SWd1aUR1aGpzOUlWbVpaWXY2NG5SZz09&lelang=ZWJxcUswV2tJeDE3dlo1T1BHVXJLUT09&nomor_lelang=LELANGFCU%2F28082026IK:8099
[  184558ms] [LOG] Connected @ https://phbidlautdemo.prahu-hub.com/lelang/carirute?from=search&id_user=SWd1aUR1aGpzOUlWbVpaWXY2NG5SZz09&lelang=ZWJxcUswV2tJeDE3dlo1T1BHVXJLUT09&nomor_lelang=LELANGFCU%2F28082026IK:8099
[  184702ms] [LOG] 200 xhrglobal @ https://phbidlautdemo.prahu-hub.com/lelang/carirute?from=search&id_user=SWd1aUR1aGpzOUlWbVpaWXY2NG5SZz09&lelang=ZWJxcUswV2tJeDE3dlo1T1BHVXJLUT09&nomor_lelang=LELANGFCU%2F28082026IK:7980
[  184754ms] [LOG] 200 xhrglobal @ https://phbidlautdemo.prahu-hub.com/lelang/carirute?from=search&id_user=SWd1aUR1aGpzOUlWbVpaWXY2NG5SZz09&lelang=ZWJxcUswV2tJeDE3dlo1T1BHVXJLUT09&nomor_lelang=LELANGFCU%2F28082026IK:7980
