[    1595ms] Unexpected token '<'
[    1634ms] Cannot use import statement outside a module
[    1672ms] ReferenceError: Chart is not defined
    at https://phbidlautdemo.prahu-hub.com/_resources/themes/prahutheme/js/scripts-init/charts/chartjs.js:8:13
[    1676ms] Unexpected token '<'
[    1712ms] Unexpected token '<'
[    1870ms] [LOG] Daftar Ordernamanya @ https://phbidlautdemo.prahu-hub.com/order/ganti_jadwal/cE81VTMwcCswa2gzY09EQWtNclJHZz09:2039
[    1882ms] [LOG] Sat Aug 29 2026 17:57:16 GMT+0700 (Western Indonesia Time) @ https://phbidlautdemo.prahu-hub.com/order/ganti_jadwal/cE81VTMwcCswa2gzY09EQWtNclJHZz09:6452
[    1882ms] [LOG] ini max1Mon Aug 31 2026 00:00:00 GMT+0700 (Western Indonesia Time) @ https://phbidlautdemo.prahu-hub.com/order/ganti_jadwal/cE81VTMwcCswa2gzY09EQWtNclJHZz09:6488
[    1883ms] [LOG] ini max2Mon Sep 14 2026 00:00:00 GMT+0700 (Western Indonesia Time) @ https://phbidlautdemo.prahu-hub.com/order/ganti_jadwal/cE81VTMwcCswa2gzY09EQWtNclJHZz09:6490
[    1904ms] [LOG] undefined @ https://phbidlautdemo.prahu-hub.com/order/ganti_jadwal/cE81VTMwcCswa2gzY09EQWtNclJHZz09:8342
[    1904ms] [LOG] undefined @ https://phbidlautdemo.prahu-hub.com/order/ganti_jadwal/cE81VTMwcCswa2gzY09EQWtNclJHZz09:8342
[    1905ms] [LOG] undefined @ https://phbidlautdemo.prahu-hub.com/order/ganti_jadwal/cE81VTMwcCswa2gzY09EQWtNclJHZz09:8342
[    1905ms] [LOG] undefined @ https://phbidlautdemo.prahu-hub.com/order/ganti_jadwal/cE81VTMwcCswa2gzY09EQWtNclJHZz09:8342
[    1905ms] [LOG] Masukkan Nama Kapal @ https://phbidlautdemo.prahu-hub.com/order/ganti_jadwal/cE81VTMwcCswa2gzY09EQWtNclJHZz09:8342
[    1905ms] [LOG] Masukkan Voyage @ https://phbidlautdemo.prahu-hub.com/order/ganti_jadwal/cE81VTMwcCswa2gzY09EQWtNclJHZz09:8342
[    1905ms] [LOG] DD/MM/YYYY @ https://phbidlautdemo.prahu-hub.com/order/ganti_jadwal/cE81VTMwcCswa2gzY09EQWtNclJHZz09:8342
[    1907ms] [LOG] undefined @ https://phbidlautdemo.prahu-hub.com/order/ganti_jadwal/cE81VTMwcCswa2gzY09EQWtNclJHZz09:8342
[    1907ms] [LOG] undefined @ https://phbidlautdemo.prahu-hub.com/order/ganti_jadwal/cE81VTMwcCswa2gzY09EQWtNclJHZz09:8342
[    1907ms] [LOG] DD/MM/YYYY hh:mm @ https://phbidlautdemo.prahu-hub.com/order/ganti_jadwal/cE81VTMwcCswa2gzY09EQWtNclJHZz09:8342
[    1907ms] [LOG] DD/MM/YYYY @ https://phbidlautdemo.prahu-hub.com/order/ganti_jadwal/cE81VTMwcCswa2gzY09EQWtNclJHZz09:8342
[    1909ms] [LOG] DD/MM/YYYY @ https://phbidlautdemo.prahu-hub.com/order/ganti_jadwal/cE81VTMwcCswa2gzY09EQWtNclJHZz09:8342
[    1910ms] [LOG] WebSocket connection @ https://phbidlautdemo.prahu-hub.com/order/ganti_jadwal/cE81VTMwcCswa2gzY09EQWtNclJHZz09:8385
[    1911ms] [LOG] WebSocket connection attempting... @ https://phbidlautdemo.prahu-hub.com/order/ganti_jadwal/cE81VTMwcCswa2gzY09EQWtNclJHZz09:8463
[    2157ms] [LOG] WebSocket connected @ https://phbidlautdemo.prahu-hub.com/order/ganti_jadwal/cE81VTMwcCswa2gzY09EQWtNclJHZz09:8394
[    2162ms] [LOG] update_dashboard_order_laut @ https://phbidlautdemo.prahu-hub.com/order/ganti_jadwal/cE81VTMwcCswa2gzY09EQWtNclJHZz09:8435
[    2238ms] [LOG] Connected @ https://phbidlautdemo.prahu-hub.com/order/ganti_jadwal/cE81VTMwcCswa2gzY09EQWtNclJHZz09:8435
[    2386ms] [LOG] 200 xhrglobal @ https://phbidlautdemo.prahu-hub.com/order/ganti_jadwal/cE81VTMwcCswa2gzY09EQWtNclJHZz09:8316
[    2459ms] [LOG] 200 xhrglobal @ https://phbidlautdemo.prahu-hub.com/order/ganti_jadwal/cE81VTMwcCswa2gzY09EQWtNclJHZz09:8316
[    3885ms] TypeError: $(...).DataTable is not a function
    at https://phbidlautdemo.prahu-hub.com/_resources/themes/prahutheme/js/scripts-init/tables.js:7:23
[   26880ms] [LOG] Connected @ https://phbidlautdemo.prahu-hub.com/order/ganti_jadwal/cE81VTMwcCswa2gzY09EQWtNclJHZz09:8435
[   37696ms] [LOG] Connected @ https://phbidlautdemo.prahu-hub.com/order/ganti_jadwal/cE81VTMwcCswa2gzY09EQWtNclJHZz09:8435
