[    2375ms] Cannot use import statement outside a module
[    2393ms] ReferenceError: Chart is not defined
    at https://phbidlautdemo.prahu-hub.com/_resources/themes/prahutheme/js/scripts-init/charts/chartjs.js:8:13
[    2864ms] Unexpected token '<'
[    3395ms] Unexpected token '<'
[    3434ms] Uncaught TypeError: expect element to be DOM Element, but got null
    at n.init (https://cdnjs.cloudflare.com/ajax/libs/smooth-scrollbar/8.5.2/smooth-scrollbar.js:24:264)
    at <anonymous> (https://phbidlautdemo.prahu-hub.com/order/buatinvoice/1429:6614:14)
[    3457ms] [LOG] Daftar Ordernamanya @ https://phbidlautdemo.prahu-hub.com/order/buatinvoice/1429:2039
[    3494ms] [LOG] nilai_diskon 0 @ https://phbidlautdemo.prahu-hub.com/order/buatinvoice/1429:5762
[    3494ms] [LOG] 4191930 @ https://phbidlautdemo.prahu-hub.com/order/buatinvoice/1429:5763
[    3495ms] [LOG] nilai_diskon 0 @ https://phbidlautdemo.prahu-hub.com/order/buatinvoice/1429:5762
[    3495ms] [LOG] 4191930 @ https://phbidlautdemo.prahu-hub.com/order/buatinvoice/1429:5763
[    3496ms] [LOG] nilai_diskon 0 @ https://phbidlautdemo.prahu-hub.com/order/buatinvoice/1429:5762
[    3496ms] [LOG] 4191930 @ https://phbidlautdemo.prahu-hub.com/order/buatinvoice/1429:5763
[    3496ms] [LOG] nilai_diskon 0 @ https://phbidlautdemo.prahu-hub.com/order/buatinvoice/1429:5762
[    3497ms] [LOG] 4191930 @ https://phbidlautdemo.prahu-hub.com/order/buatinvoice/1429:5763
[    3505ms] [LOG] undefined @ https://phbidlautdemo.prahu-hub.com/order/buatinvoice/1429:6967
[    3505ms] [LOG] undefined @ https://phbidlautdemo.prahu-hub.com/order/buatinvoice/1429:6967
[    3506ms] [LOG] undefined @ https://phbidlautdemo.prahu-hub.com/order/buatinvoice/1429:6967
[    3506ms] [LOG] Masukkan Nama Perusahaan @ https://phbidlautdemo.prahu-hub.com/order/buatinvoice/1429:6967
[    3506ms] [LOG] Masukkan Nomor Telepon @ https://phbidlautdemo.prahu-hub.com/order/buatinvoice/1429:6967
[    3506ms] [LOG] Masukkan Alamat Email @ https://phbidlautdemo.prahu-hub.com/order/buatinvoice/1429:6967
[    3506ms] [LOG] Masukkan Nama Shipper @ https://phbidlautdemo.prahu-hub.com/order/buatinvoice/1429:6967
[    3506ms] [LOG] Masukkan ID Order @ https://phbidlautdemo.prahu-hub.com/order/buatinvoice/1429:6967
[    3507ms] [LOG] Masukkan Nomor Invoice @ https://phbidlautdemo.prahu-hub.com/order/buatinvoice/1429:6967
[    3507ms] [LOG] DD/MM/YYYY @ https://phbidlautdemo.prahu-hub.com/order/buatinvoice/1429:6967
[    3507ms] [LOG] DD/MM/YYYY @ https://phbidlautdemo.prahu-hub.com/order/buatinvoice/1429:6967
[    3507ms] [LOG] Harga @ https://phbidlautdemo.prahu-hub.com/order/buatinvoice/1429:6967
[    3507ms] [LOG] Harga @ https://phbidlautdemo.prahu-hub.com/order/buatinvoice/1429:6967
[    3508ms] [LOG] 0 @ https://phbidlautdemo.prahu-hub.com/order/buatinvoice/1429:6967
[    3508ms] [LOG] undefined @ https://phbidlautdemo.prahu-hub.com/order/buatinvoice/1429:6967
[    3508ms] [LOG] 0 @ https://phbidlautdemo.prahu-hub.com/order/buatinvoice/1429:6967
[    3508ms] [LOG] undefined @ https://phbidlautdemo.prahu-hub.com/order/buatinvoice/1429:6967
[    3508ms] [LOG] 0 @ https://phbidlautdemo.prahu-hub.com/order/buatinvoice/1429:6967
[    3508ms] [LOG] undefined @ https://phbidlautdemo.prahu-hub.com/order/buatinvoice/1429:6967
[    3508ms] [LOG] undefined @ https://phbidlautdemo.prahu-hub.com/order/buatinvoice/1429:6967
[    3508ms] [LOG] Masukkan Nomor Rekening @ https://phbidlautdemo.prahu-hub.com/order/buatinvoice/1429:6967
[    3509ms] [LOG] Masukkan Nama Bank @ https://phbidlautdemo.prahu-hub.com/order/buatinvoice/1429:6967
[    3509ms] [LOG] Masukkan Nomor Invoice @ https://phbidlautdemo.prahu-hub.com/order/buatinvoice/1429:6967
[    3509ms] [LOG] Masukkan Nomor Rekening @ https://phbidlautdemo.prahu-hub.com/order/buatinvoice/1429:6967
[    3509ms] [LOG] Masukkan Nama Bank @ https://phbidlautdemo.prahu-hub.com/order/buatinvoice/1429:6967
[    3509ms] [LOG] Masukkan Nomor Invoice @ https://phbidlautdemo.prahu-hub.com/order/buatinvoice/1429:6967
[    3509ms] [LOG] undefined @ https://phbidlautdemo.prahu-hub.com/order/buatinvoice/1429:6967
[    3509ms] [LOG] undefined @ https://phbidlautdemo.prahu-hub.com/order/buatinvoice/1429:6967
[    3509ms] [LOG] undefined @ https://phbidlautdemo.prahu-hub.com/order/buatinvoice/1429:6967
[    3511ms] [LOG] WebSocket connection @ https://phbidlautdemo.prahu-hub.com/order/buatinvoice/1429:7010
[    3511ms] [LOG] WebSocket connection attempting... @ https://phbidlautdemo.prahu-hub.com/order/buatinvoice/1429:7088
[    4495ms] [LOG] WebSocket connected @ https://phbidlautdemo.prahu-hub.com/order/buatinvoice/1429:7019
[    4498ms] [LOG] update_dashboard_order_laut @ https://phbidlautdemo.prahu-hub.com/order/buatinvoice/1429:7060
[    4812ms] [LOG] Connected @ https://phbidlautdemo.prahu-hub.com/order/buatinvoice/1429:7060
[    4884ms] [LOG] 200 xhrglobal @ https://phbidlautdemo.prahu-hub.com/order/buatinvoice/1429:6941
[    4936ms] [LOG] 200 xhrglobal @ https://phbidlautdemo.prahu-hub.com/order/buatinvoice/1429:6941
[    5486ms] TypeError: $(...).DataTable is not a function
    at https://phbidlautdemo.prahu-hub.com/_resources/themes/prahutheme/js/scripts-init/tables.js:7:23
