[    1626ms] ReferenceError: dete is not defined
    at https://phbidlautdemo.prahu-hub.com/user/login:1465:5
[    2756ms] TypeError: Failed to execute 'observe' on 'IntersectionObserver': parameter 1 is not of type 'Element'.
    at https://phbidlautdemo.prahu-hub.com/user/login:1932:14
[    2770ms] [VERBOSE] [DOM] Input elements should have autocomplete attributes (suggested: "current-password"): (More info: https://goo.gl/9p2vKq) %o @ https://phbidlautdemo.prahu-hub.com/user/login:0
[    2774ms] [LOG] 0 @ https://phbidlautdemo.prahu-hub.com/user/login:1426
[    2774ms] [LOG] undefined scr @ https://phbidlautdemo.prahu-hub.com/user/login:1430
[    6890ms] [LOG] ddd @ https://phbidlautdemo.prahu-hub.com/user/login:1525
[    7059ms] [LOG] {pesan: SHIPPER, status: 1, user_aktif: 1, ParentID: 0, redirect: } @ https://phbidlautdemo.prahu-hub.com/user/login:1558
[    7059ms] [LOG] {pesan: SHIPPER, status: 1, user_aktif: 1, ParentID: 0, redirect: } a @ https://phbidlautdemo.prahu-hub.com/user/login:1560
[    8778ms] Cannot use import statement outside a module
[    8789ms] ReferenceError: Chart is not defined
    at https://phbidlautdemo.prahu-hub.com/_resources/themes/prahutheme/js/scripts-init/charts/chartjs.js:8:13
[    8789ms] Unexpected token '<'
[    8790ms] Unexpected token '<'
[    8893ms] Uncaught TypeError: expect element to be DOM Element, but got null
    at n.init (https://cdnjs.cloudflare.com/ajax/libs/smooth-scrollbar/8.5.2/smooth-scrollbar.js:24:264)
    at <anonymous> (https://phbidlautdemo.prahu-hub.com/lelang/carirute:6530:14)
[    8911ms] [LOG] undefinednamanya @ https://phbidlautdemo.prahu-hub.com/lelang/carirute:2148
[    8934ms] [LOG] undefined @ https://phbidlautdemo.prahu-hub.com/lelang/carirute:6882
[    8934ms] [LOG] undefined @ https://phbidlautdemo.prahu-hub.com/lelang/carirute:6882
[    8934ms] [LOG] undefined @ https://phbidlautdemo.prahu-hub.com/lelang/carirute:6882
[    8934ms] [LOG] Masukkan Nomor Lelang @ https://phbidlautdemo.prahu-hub.com/lelang/carirute:6882
[    8934ms] [LOG] undefined @ https://phbidlautdemo.prahu-hub.com/lelang/carirute:6882
[    8935ms] [LOG] WebSocket connection @ https://phbidlautdemo.prahu-hub.com/lelang/carirute:6925
[    8936ms] [LOG] WebSocket connection attempting... @ https://phbidlautdemo.prahu-hub.com/lelang/carirute:7003
[    9865ms] [TABLE] {UI version: 8.4.1, Core version: 8.4.0, Build: NC8xMi8yMDIyfDRkZTU3MmExYg==, WebViewer Server: false, Full API: false} @ https://phbidlautdemo.prahu-hub.com/_resources/themes/prahutheme/javascript/PDFView/lib/ui/webviewer-ui.min.js:270
[   10038ms] [VERBOSE] [DOM] Password forms should have (optionally hidden) username fields for accessibility: (More info: https://goo.gl/9p2vKq) %o @ https://phbidlautdemo.prahu-hub.com/_resources/themes/prahutheme/javascript/PDFView/lib/ui/index.html#a=1&disabledElements=downloadButton%2CprintButton%2ClanguageButton&filepicker=0&pdfnet=0&enableRedaction=0&enableMeasurement=0&pageHistory=1&notesInLeftPanel=0&singleServerMode=false&selectAnnotationOnCreation=0&autoFocusNoteOnAnnotationSelection=1&id=1&basePath=%2Flelang%2Fcarirute:0
