[    1958ms] Cannot use import statement outside a module
[    1977ms] ReferenceError: Chart is not defined
    at https://phbidlautdemo.prahu-hub.com/_resources/themes/prahutheme/js/scripts-init/charts/chartjs.js:8:13
[    2162ms] Unexpected token '<'
[    2163ms] Unexpected token '<'
[    2285ms] Unexpected token '<'
[    2286ms] [LOG] WebSocket mbconn @ https://phbidlautdemo.prahu-hub.com/home/dashboardorder:5350
[    2287ms] [LOG] on going... @ https://phbidlautdemo.prahu-hub.com/home/dashboardorder:5372
[    2319ms] Uncaught TypeError: expect element to be DOM Element, but got null
    at n.init (https://cdnjs.cloudflare.com/ajax/libs/smooth-scrollbar/8.5.2/smooth-scrollbar.js:24:264)
    at <anonymous> (https://phbidlautdemo.prahu-hub.com/home/dashboardorder:6049:14)
[    2339ms] [LOG] DASHBOARDnamanya @ https://phbidlautdemo.prahu-hub.com/home/dashboardorder:1877
[    2362ms] [LOG] 14/07/2026 @ https://phbidlautdemo.prahu-hub.com/home/dashboardorder:5312
[    2362ms] [LOG] 14/08/2026 @ https://phbidlautdemo.prahu-hub.com/home/dashboardorder:5313
[    2378ms] [LOG] DD/MM/YYYY @ https://phbidlautdemo.prahu-hub.com/home/dashboardorder:6401
[    2378ms] [LOG] DD/MM/YYYY @ https://phbidlautdemo.prahu-hub.com/home/dashboardorder:6401
[    2379ms] [LOG] undefined @ https://phbidlautdemo.prahu-hub.com/home/dashboardorder:6401
[    2380ms] [LOG] WebSocket connection @ https://phbidlautdemo.prahu-hub.com/home/dashboardorder:6444
[    2380ms] [LOG] WebSocket connection attempting... @ https://phbidlautdemo.prahu-hub.com/home/dashboardorder:6522
[    2425ms] [LOG] 200 xhrglobal @ https://phbidlautdemo.prahu-hub.com/home/dashboardorder:6375
[    2505ms] [LOG] 200 xhrglobal @ https://phbidlautdemo.prahu-hub.com/home/dashboardorder:6375
[    2605ms] [LOG] 1 sukses setelah pagination attr jumlah data @ https://phbidlautdemo.prahu-hub.com/_resources/themes/prahutheme/javascript/custom/dashboardorder.js?m=1786589824:301
[    2606ms] [LOG] [Object, Object, Object] @ https://phbidlautdemo.prahu-hub.com/_resources/themes/prahutheme/javascript/custom/dashboardorder.js?m=1786589824:14
[    2609ms] [LOG] 1 @ https://phbidlautdemo.prahu-hub.com/_resources/themes/prahutheme/javascript/custom/dashboardorder.js?m=1786589824:238
[    2609ms] [LOG] 1 jumlah data di info @ https://phbidlautdemo.prahu-hub.com/_resources/themes/prahutheme/javascript/custom/dashboardorder.js?m=1786589824:239
[    2610ms] [LOG] 1 jumlah data @ https://phbidlautdemo.prahu-hub.com/_resources/themes/prahutheme/javascript/custom/dashboardorder.js?m=1786589824:200
[    2610ms] [LOG] 1 page jumlah @ https://phbidlautdemo.prahu-hub.com/_resources/themes/prahutheme/javascript/custom/dashboardorder.js?m=1786589824:202
[    2610ms] [LOG] 1 1 pageCount & pageNow @ https://phbidlautdemo.prahu-hub.com/_resources/themes/prahutheme/javascript/custom/dashboardorder.js?m=1786589824:130
[    2614ms] [LOG] 200 xhrglobal @ https://phbidlautdemo.prahu-hub.com/home/dashboardorder:6375
[    2675ms] [LOG] konak @ https://phbidlautdemo.prahu-hub.com/home/dashboardorder:5361
[    2675ms] [LOG] update_dashboard_order_laut mbdebug @ https://phbidlautdemo.prahu-hub.com/home/dashboardorder:5367
[    2704ms] [LOG] Connected mbdebug @ https://phbidlautdemo.prahu-hub.com/home/dashboardorder:5367
[    2812ms] [LOG] 1 sukses setelah pagination attr jumlah data @ https://phbidlautdemo.prahu-hub.com/_resources/themes/prahutheme/javascript/custom/dashboardorder.js?m=1786589824:301
[    2813ms] [LOG] [Object, Object, Object] @ https://phbidlautdemo.prahu-hub.com/_resources/themes/prahutheme/javascript/custom/dashboardorder.js?m=1786589824:14
[    2816ms] [LOG] 1 @ https://phbidlautdemo.prahu-hub.com/_resources/themes/prahutheme/javascript/custom/dashboardorder.js?m=1786589824:238
[    2816ms] [LOG] 1 jumlah data di info @ https://phbidlautdemo.prahu-hub.com/_resources/themes/prahutheme/javascript/custom/dashboardorder.js?m=1786589824:239
[    2817ms] [LOG] 1 jumlah data @ https://phbidlautdemo.prahu-hub.com/_resources/themes/prahutheme/javascript/custom/dashboardorder.js?m=1786589824:200
[    2817ms] [LOG] 1 page jumlah @ https://phbidlautdemo.prahu-hub.com/_resources/themes/prahutheme/javascript/custom/dashboardorder.js?m=1786589824:202
[    2817ms] [LOG] 1 1 pageCount & pageNow @ https://phbidlautdemo.prahu-hub.com/_resources/themes/prahutheme/javascript/custom/dashboardorder.js?m=1786589824:130
[    2820ms] [LOG] 200 xhrglobal @ https://phbidlautdemo.prahu-hub.com/home/dashboardorder:6375
[    2839ms] [LOG] WebSocket connected @ https://phbidlautdemo.prahu-hub.com/home/dashboardorder:6453
[    2841ms] [LOG] update_dashboard_order_laut @ https://phbidlautdemo.prahu-hub.com/home/dashboardorder:6494
[    2873ms] [LOG] Connected mbdebug @ https://phbidlautdemo.prahu-hub.com/home/dashboardorder:5367
[    2875ms] [LOG] Connected @ https://phbidlautdemo.prahu-hub.com/home/dashboardorder:6494
[    3035ms] [LOG] 200 xhrglobal @ https://phbidlautdemo.prahu-hub.com/home/dashboardorder:6375
[    3106ms] [LOG] 200 xhrglobal @ https://phbidlautdemo.prahu-hub.com/home/dashboardorder:6375
[    3189ms] [LOG] 200 xhrglobal @ https://phbidlautdemo.prahu-hub.com/home/dashboardorder:6375
[    3429ms] [LOG] 1 sukses setelah pagination attr jumlah data @ https://phbidlautdemo.prahu-hub.com/_resources/themes/prahutheme/javascript/custom/dashboardorder.js?m=1786589824:301
[    3429ms] [LOG] [Object, Object, Object] @ https://phbidlautdemo.prahu-hub.com/_resources/themes/prahutheme/javascript/custom/dashboardorder.js?m=1786589824:14
[    3430ms] [LOG] 1 @ https://phbidlautdemo.prahu-hub.com/_resources/themes/prahutheme/javascript/custom/dashboardorder.js?m=1786589824:238
[    3430ms] [LOG] 1 jumlah data di info @ https://phbidlautdemo.prahu-hub.com/_resources/themes/prahutheme/javascript/custom/dashboardorder.js?m=1786589824:239
[    3431ms] [LOG] 1 jumlah data @ https://phbidlautdemo.prahu-hub.com/_resources/themes/prahutheme/javascript/custom/dashboardorder.js?m=1786589824:200
[    3431ms] [LOG] 1 page jumlah @ https://phbidlautdemo.prahu-hub.com/_resources/themes/prahutheme/javascript/custom/dashboardorder.js?m=1786589824:202
[    3431ms] [LOG] 1 1 pageCount & pageNow @ https://phbidlautdemo.prahu-hub.com/_resources/themes/prahutheme/javascript/custom/dashboardorder.js?m=1786589824:130
[    3432ms] [LOG] 200 xhrglobal @ https://phbidlautdemo.prahu-hub.com/home/dashboardorder:6375
[    3432ms] [LOG] 1 jumlah data @ https://phbidlautdemo.prahu-hub.com/_resources/themes/prahutheme/javascript/custom/dashboardorder.js?m=1786589824:200
[    3432ms] [LOG] 1 page jumlah @ https://phbidlautdemo.prahu-hub.com/_resources/themes/prahutheme/javascript/custom/dashboardorder.js?m=1786589824:202
[    3432ms] [LOG] 1 1 pageCount & pageNow @ https://phbidlautdemo.prahu-hub.com/_resources/themes/prahutheme/javascript/custom/dashboardorder.js?m=1786589824:130
[    3432ms] [LOG] 1 @ https://phbidlautdemo.prahu-hub.com/_resources/themes/prahutheme/javascript/custom/dashboardorder.js?m=1786589824:238
[    3432ms] [LOG] 1 jumlah data di info @ https://phbidlautdemo.prahu-hub.com/_resources/themes/prahutheme/javascript/custom/dashboardorder.js?m=1786589824:239
[    3433ms] [LOG] 1 jumlah data @ https://phbidlautdemo.prahu-hub.com/_resources/themes/prahutheme/javascript/custom/dashboardorder.js?m=1786589824:200
[    3433ms] [LOG] 1 page jumlah @ https://phbidlautdemo.prahu-hub.com/_resources/themes/prahutheme/javascript/custom/dashboardorder.js?m=1786589824:202
[    3433ms] [LOG] 1 1 pageCount & pageNow @ https://phbidlautdemo.prahu-hub.com/_resources/themes/prahutheme/javascript/custom/dashboardorder.js?m=1786589824:130
[    3433ms] [LOG] 1 @ https://phbidlautdemo.prahu-hub.com/_resources/themes/prahutheme/javascript/custom/dashboardorder.js?m=1786589824:238
[    3433ms] [LOG] 1 jumlah data di info @ https://phbidlautdemo.prahu-hub.com/_resources/themes/prahutheme/javascript/custom/dashboardorder.js?m=1786589824:239
[    4348ms] TypeError: $(...).DataTable is not a function
    at https://phbidlautdemo.prahu-hub.com/_resources/themes/prahutheme/js/scripts-init/tables.js:7:23
[    6798ms] [LOG] Connected mbdebug @ https://phbidlautdemo.prahu-hub.com/home/dashboardorder:5367
[    6799ms] [LOG] Connected @ https://phbidlautdemo.prahu-hub.com/home/dashboardorder:6494
[   19196ms] [LOG] Connected mbdebug @ https://phbidlautdemo.prahu-hub.com/home/dashboardorder:5367
[   19197ms] [LOG] Connected @ https://phbidlautdemo.prahu-hub.com/home/dashboardorder:6494
[   40916ms] [LOG] Connected @ https://phbidlautdemo.prahu-hub.com/home/dashboardorder:6494
[   40924ms] [LOG] Connected mbdebug @ https://phbidlautdemo.prahu-hub.com/home/dashboardorder:5367
[   54309ms] [LOG] Connected mbdebug @ https://phbidlautdemo.prahu-hub.com/home/dashboardorder:5367
[   54309ms] [LOG] Connected @ https://phbidlautdemo.prahu-hub.com/home/dashboardorder:6494
[   58331ms] [LOG] Connected @ https://phbidlautdemo.prahu-hub.com/home/dashboardorder:6494
[   58331ms] [LOG] Connected mbdebug @ https://phbidlautdemo.prahu-hub.com/home/dashboardorder:5367
[   60226ms] [LOG] Connected @ https://phbidlautdemo.prahu-hub.com/home/dashboardorder:6494
[   60227ms] [LOG] Connected mbdebug @ https://phbidlautdemo.prahu-hub.com/home/dashboardorder:5367
[   70323ms] [LOG] Connected @ https://phbidlautdemo.prahu-hub.com/home/dashboardorder:6494
[   70324ms] [LOG] Connected mbdebug @ https://phbidlautdemo.prahu-hub.com/home/dashboardorder:5367
[   72559ms] [LOG] Connected mbdebug @ https://phbidlautdemo.prahu-hub.com/home/dashboardorder:5367
[   72559ms] [LOG] Connected @ https://phbidlautdemo.prahu-hub.com/home/dashboardorder:6494
[   74649ms] [LOG] Connected mbdebug @ https://phbidlautdemo.prahu-hub.com/home/dashboardorder:5367
[   74649ms] [LOG] Connected @ https://phbidlautdemo.prahu-hub.com/home/dashboardorder:6494
[   76962ms] [LOG] Connected mbdebug @ https://phbidlautdemo.prahu-hub.com/home/dashboardorder:5367
[   76963ms] [LOG] Connected @ https://phbidlautdemo.prahu-hub.com/home/dashboardorder:6494
[   79224ms] [LOG] Connected mbdebug @ https://phbidlautdemo.prahu-hub.com/home/dashboardorder:5367
[   79225ms] [LOG] Connected @ https://phbidlautdemo.prahu-hub.com/home/dashboardorder:6494
[   80224ms] [LOG] updateNotif.913-935-914-906-900-876-856-820-796-795-783-764-704-689-688-685-642-641-640-639-638-635-634-633-632-631-629-628-627-626-625-624-623-622-621-614-459-123-23 mbdebug @ https://phbidlautdemo.prahu-hub.com/home/dashboardorder:5367
[   80226ms] [LOG] updateNotif.913-935-914-906-900-876-856-820-796-795-783-764-704-689-688-685-642-641-640-639-638-635-634-633-632-631-629-628-627-626-625-624-623-622-621-614-459-123-23 @ https://phbidlautdemo.prahu-hub.com/home/dashboardorder:6494
[   80259ms] [LOG] notif_badge_show.913-935-914-906-900-876-856-820-796-795-783-764-704-689-688-685-642-641-640-639-638-635-634-633-632-631-629-628-627-626-625-624-623-622-621-614-459-123-23 mbdebug @ https://phbidlautdemo.prahu-hub.com/home/dashboardorder:5367
[   80260ms] [LOG] notif_badge_show.913-935-914-906-900-876-856-820-796-795-783-764-704-689-688-685-642-641-640-639-638-635-634-633-632-631-629-628-627-626-625-624-623-622-621-614-459-123-23 @ https://phbidlautdemo.prahu-hub.com/home/dashboardorder:6494
[   80276ms] [LOG] update_dashboard_order_laut mbdebug @ https://phbidlautdemo.prahu-hub.com/home/dashboardorder:5367
[   80279ms] [LOG] update_dashboard_order_laut @ https://phbidlautdemo.prahu-hub.com/home/dashboardorder:6494
[   80672ms] [LOG] 200 xhrglobal @ https://phbidlautdemo.prahu-hub.com/home/dashboardorder:6375
[   80858ms] [LOG] 1 sukses setelah pagination attr jumlah data @ https://phbidlautdemo.prahu-hub.com/_resources/themes/prahutheme/javascript/custom/dashboardorder.js?m=1786589824:301
[   80858ms] [LOG] [Object, Object, Object] @ https://phbidlautdemo.prahu-hub.com/_resources/themes/prahutheme/javascript/custom/dashboardorder.js?m=1786589824:14
[   80859ms] [LOG] 1 @ https://phbidlautdemo.prahu-hub.com/_resources/themes/prahutheme/javascript/custom/dashboardorder.js?m=1786589824:238
[   80859ms] [LOG] 1 jumlah data di info @ https://phbidlautdemo.prahu-hub.com/_resources/themes/prahutheme/javascript/custom/dashboardorder.js?m=1786589824:239
[   80860ms] [LOG] 1 jumlah data @ https://phbidlautdemo.prahu-hub.com/_resources/themes/prahutheme/javascript/custom/dashboardorder.js?m=1786589824:200
[   80860ms] [LOG] 1 page jumlah @ https://phbidlautdemo.prahu-hub.com/_resources/themes/prahutheme/javascript/custom/dashboardorder.js?m=1786589824:202
[   80860ms] [LOG] 1 1 pageCount & pageNow @ https://phbidlautdemo.prahu-hub.com/_resources/themes/prahutheme/javascript/custom/dashboardorder.js?m=1786589824:130
[   80861ms] [LOG] 200 xhrglobal @ https://phbidlautdemo.prahu-hub.com/home/dashboardorder:6375
[   80861ms] [LOG] 1 jumlah data @ https://phbidlautdemo.prahu-hub.com/_resources/themes/prahutheme/javascript/custom/dashboardorder.js?m=1786589824:200
[   80861ms] [LOG] 1 page jumlah @ https://phbidlautdemo.prahu-hub.com/_resources/themes/prahutheme/javascript/custom/dashboardorder.js?m=1786589824:202
[   80861ms] [LOG] 1 1 pageCount & pageNow @ https://phbidlautdemo.prahu-hub.com/_resources/themes/prahutheme/javascript/custom/dashboardorder.js?m=1786589824:130
[   80861ms] [LOG] 1 @ https://phbidlautdemo.prahu-hub.com/_resources/themes/prahutheme/javascript/custom/dashboardorder.js?m=1786589824:238
[   80861ms] [LOG] 1 jumlah data di info @ https://phbidlautdemo.prahu-hub.com/_resources/themes/prahutheme/javascript/custom/dashboardorder.js?m=1786589824:239
[   80862ms] [LOG] 1 jumlah data @ https://phbidlautdemo.prahu-hub.com/_resources/themes/prahutheme/javascript/custom/dashboardorder.js?m=1786589824:200
[   80862ms] [LOG] 1 page jumlah @ https://phbidlautdemo.prahu-hub.com/_resources/themes/prahutheme/javascript/custom/dashboardorder.js?m=1786589824:202
[   80862ms] [LOG] 1 1 pageCount & pageNow @ https://phbidlautdemo.prahu-hub.com/_resources/themes/prahutheme/javascript/custom/dashboardorder.js?m=1786589824:130
[   80862ms] [LOG] 1 @ https://phbidlautdemo.prahu-hub.com/_resources/themes/prahutheme/javascript/custom/dashboardorder.js?m=1786589824:238
[   80862ms] [LOG] 1 jumlah data di info @ https://phbidlautdemo.prahu-hub.com/_resources/themes/prahutheme/javascript/custom/dashboardorder.js?m=1786589824:239
[   80863ms] [LOG] 1 jumlah data @ https://phbidlautdemo.prahu-hub.com/_resources/themes/prahutheme/javascript/custom/dashboardorder.js?m=1786589824:200
[   80863ms] [LOG] 1 page jumlah @ https://phbidlautdemo.prahu-hub.com/_resources/themes/prahutheme/javascript/custom/dashboardorder.js?m=1786589824:202
[   80863ms] [LOG] 1 1 pageCount & pageNow @ https://phbidlautdemo.prahu-hub.com/_resources/themes/prahutheme/javascript/custom/dashboardorder.js?m=1786589824:130
[   80863ms] [LOG] 1 @ https://phbidlautdemo.prahu-hub.com/_resources/themes/prahutheme/javascript/custom/dashboardorder.js?m=1786589824:238
[   80863ms] [LOG] 1 jumlah data di info @ https://phbidlautdemo.prahu-hub.com/_resources/themes/prahutheme/javascript/custom/dashboardorder.js?m=1786589824:239
[   81176ms] [LOG] Connected mbdebug @ https://phbidlautdemo.prahu-hub.com/home/dashboardorder:5367
[   81177ms] [LOG] Connected @ https://phbidlautdemo.prahu-hub.com/home/dashboardorder:6494
[   83882ms] [LOG] Connected mbdebug @ https://phbidlautdemo.prahu-hub.com/home/dashboardorder:5367
[   83883ms] [LOG] Connected @ https://phbidlautdemo.prahu-hub.com/home/dashboardorder:6494
[   88426ms] [LOG] Connected mbdebug @ https://phbidlautdemo.prahu-hub.com/home/dashboardorder:5367
[   88426ms] [LOG] Connected @ https://phbidlautdemo.prahu-hub.com/home/dashboardorder:6494
[   89756ms] [LOG] Connected mbdebug @ https://phbidlautdemo.prahu-hub.com/home/dashboardorder:5367
[   89757ms] [LOG] Connected @ https://phbidlautdemo.prahu-hub.com/home/dashboardorder:6494
[   90407ms] [LOG] Connected mbdebug @ https://phbidlautdemo.prahu-hub.com/home/dashboardorder:5367
[   90408ms] [LOG] Connected @ https://phbidlautdemo.prahu-hub.com/home/dashboardorder:6494
[   90859ms] [LOG] Connected mbdebug @ https://phbidlautdemo.prahu-hub.com/home/dashboardorder:5367
[   90861ms] [LOG] Connected @ https://phbidlautdemo.prahu-hub.com/home/dashboardorder:6494
[   90861ms] [LOG] Connected mbdebug @ https://phbidlautdemo.prahu-hub.com/home/dashboardorder:5367
[   90863ms] [LOG] Connected @ https://phbidlautdemo.prahu-hub.com/home/dashboardorder:6494
[   90926ms] [LOG] Connected mbdebug @ https://phbidlautdemo.prahu-hub.com/home/dashboardorder:5367
[   90927ms] [LOG] Connected @ https://phbidlautdemo.prahu-hub.com/home/dashboardorder:6494
[   91600ms] [LOG] Connected mbdebug @ https://phbidlautdemo.prahu-hub.com/home/dashboardorder:5367
[   91601ms] [LOG] Connected @ https://phbidlautdemo.prahu-hub.com/home/dashboardorder:6494
[   91947ms] [LOG] Connected mbdebug @ https://phbidlautdemo.prahu-hub.com/home/dashboardorder:5367
[   91949ms] [LOG] Connected @ https://phbidlautdemo.prahu-hub.com/home/dashboardorder:6494
[   95041ms] [LOG] Connected mbdebug @ https://phbidlautdemo.prahu-hub.com/home/dashboardorder:5367
[   95042ms] [LOG] Connected @ https://phbidlautdemo.prahu-hub.com/home/dashboardorder:6494
[   95491ms] [LOG] Connected mbdebug @ https://phbidlautdemo.prahu-hub.com/home/dashboardorder:5367
[   95492ms] [LOG] Connected @ https://phbidlautdemo.prahu-hub.com/home/dashboardorder:6494
[   96017ms] [LOG] Connected @ https://phbidlautdemo.prahu-hub.com/home/dashboardorder:6494
[   96018ms] [LOG] Connected mbdebug @ https://phbidlautdemo.prahu-hub.com/home/dashboardorder:5367
[   98564ms] [LOG] Connected mbdebug @ https://phbidlautdemo.prahu-hub.com/home/dashboardorder:5367
[   98564ms] [LOG] Connected @ https://phbidlautdemo.prahu-hub.com/home/dashboardorder:6494
[   98948ms] [LOG] Connected mbdebug @ https://phbidlautdemo.prahu-hub.com/home/dashboardorder:5367
[   98949ms] [LOG] Connected @ https://phbidlautdemo.prahu-hub.com/home/dashboardorder:6494
[   99891ms] [LOG] Connected mbdebug @ https://phbidlautdemo.prahu-hub.com/home/dashboardorder:5367
[   99892ms] [LOG] Connected @ https://phbidlautdemo.prahu-hub.com/home/dashboardorder:6494
[   99950ms] [LOG] Connected mbdebug @ https://phbidlautdemo.prahu-hub.com/home/dashboardorder:5367
[   99952ms] [LOG] Connected @ https://phbidlautdemo.prahu-hub.com/home/dashboardorder:6494
[  100084ms] [LOG] Connected mbdebug @ https://phbidlautdemo.prahu-hub.com/home/dashboardorder:5367
[  100086ms] [LOG] Connected @ https://phbidlautdemo.prahu-hub.com/home/dashboardorder:6494
[  100277ms] [LOG] Connected mbdebug @ https://phbidlautdemo.prahu-hub.com/home/dashboardorder:5367
[  100278ms] [LOG] Connected @ https://phbidlautdemo.prahu-hub.com/home/dashboardorder:6494
[  101068ms] [LOG] Connected mbdebug @ https://phbidlautdemo.prahu-hub.com/home/dashboardorder:5367
[  101068ms] [LOG] Connected @ https://phbidlautdemo.prahu-hub.com/home/dashboardorder:6494
[  101527ms] [LOG] Connected mbdebug @ https://phbidlautdemo.prahu-hub.com/home/dashboardorder:5367
[  101528ms] [LOG] Connected @ https://phbidlautdemo.prahu-hub.com/home/dashboardorder:6494
[  102384ms] [LOG] Connected @ https://phbidlautdemo.prahu-hub.com/home/dashboardorder:6494
[  102384ms] [LOG] Connected mbdebug @ https://phbidlautdemo.prahu-hub.com/home/dashboardorder:5367
[  104011ms] [LOG] Connected mbdebug @ https://phbidlautdemo.prahu-hub.com/home/dashboardorder:5367
[  104017ms] [LOG] Connected @ https://phbidlautdemo.prahu-hub.com/home/dashboardorder:6494
[  104618ms] [LOG] Connected mbdebug @ https://phbidlautdemo.prahu-hub.com/home/dashboardorder:5367
[  104619ms] [LOG] Connected @ https://phbidlautdemo.prahu-hub.com/home/dashboardorder:6494
[  105546ms] [LOG] Connected mbdebug @ https://phbidlautdemo.prahu-hub.com/home/dashboardorder:5367
[  105546ms] [LOG] Connected @ https://phbidlautdemo.prahu-hub.com/home/dashboardorder:6494
[  105596ms] [LOG] Connected mbdebug @ https://phbidlautdemo.prahu-hub.com/home/dashboardorder:5367
[  105598ms] [LOG] Connected @ https://phbidlautdemo.prahu-hub.com/home/dashboardorder:6494
[  105769ms] [LOG] Connected @ https://phbidlautdemo.prahu-hub.com/home/dashboardorder:6494
[  105770ms] [LOG] Connected mbdebug @ https://phbidlautdemo.prahu-hub.com/home/dashboardorder:5367
[  106608ms] [LOG] Connected @ https://phbidlautdemo.prahu-hub.com/home/dashboardorder:6494
[  106608ms] [LOG] Connected mbdebug @ https://phbidlautdemo.prahu-hub.com/home/dashboardorder:5367
[  110531ms] [LOG] Connected mbdebug @ https://phbidlautdemo.prahu-hub.com/home/dashboardorder:5367
[  110533ms] [LOG] Connected @ https://phbidlautdemo.prahu-hub.com/home/dashboardorder:6494
[  112088ms] [LOG] Connected mbdebug @ https://phbidlautdemo.prahu-hub.com/home/dashboardorder:5367
[  112088ms] [LOG] Connected @ https://phbidlautdemo.prahu-hub.com/home/dashboardorder:6494
[  116415ms] [LOG] Connected mbdebug @ https://phbidlautdemo.prahu-hub.com/home/dashboardorder:5367
[  116417ms] [LOG] Connected @ https://phbidlautdemo.prahu-hub.com/home/dashboardorder:6494
[  116906ms] [LOG] Connected mbdebug @ https://phbidlautdemo.prahu-hub.com/home/dashboardorder:5367
[  116907ms] [LOG] Connected @ https://phbidlautdemo.prahu-hub.com/home/dashboardorder:6494
[  118684ms] [LOG] notif_badge_show.913-935-914-906-900-876-856-820-796-795-783-764-704-689-688-685-642-641-640-639-638-635-634-633-632-631-629-628-627-626-625-624-623-622-621-614-459-123-23 mbdebug @ https://phbidlautdemo.prahu-hub.com/home/dashboardorder:5367
[  118685ms] [LOG] notif_badge_show.913-935-914-906-900-876-856-820-796-795-783-764-704-689-688-685-642-641-640-639-638-635-634-633-632-631-629-628-627-626-625-624-623-622-621-614-459-123-23 @ https://phbidlautdemo.prahu-hub.com/home/dashboardorder:6494
[  118728ms] [LOG] updateNotif.913-935-914-906-900-876-856-820-796-795-783-764-704-689-688-685-642-641-640-639-638-635-634-633-632-631-629-628-627-626-625-624-623-622-621-614-459-123-23 mbdebug @ https://phbidlautdemo.prahu-hub.com/home/dashboardorder:5367
[  118731ms] [LOG] update_dashboard_order_laut mbdebug @ https://phbidlautdemo.prahu-hub.com/home/dashboardorder:5367
[  118765ms] [LOG] updateNotif.913-935-914-906-900-876-856-820-796-795-783-764-704-689-688-685-642-641-640-639-638-635-634-633-632-631-629-628-627-626-625-624-623-622-621-614-459-123-23 @ https://phbidlautdemo.prahu-hub.com/home/dashboardorder:6494
[  118765ms] [LOG] update_dashboard_order_laut @ https://phbidlautdemo.prahu-hub.com/home/dashboardorder:6494
[  118923ms] [LOG] 200 xhrglobal @ https://phbidlautdemo.prahu-hub.com/home/dashboardorder:6375
[  119002ms] [LOG] Connected mbdebug @ https://phbidlautdemo.prahu-hub.com/home/dashboardorder:5367
[  119003ms] [LOG] Connected @ https://phbidlautdemo.prahu-hub.com/home/dashboardorder:6494
[  119111ms] [LOG] 1 sukses setelah pagination attr jumlah data @ https://phbidlautdemo.prahu-hub.com/_resources/themes/prahutheme/javascript/custom/dashboardorder.js?m=1786589824:301
[  119111ms] [LOG] [Object, Object, Object] @ https://phbidlautdemo.prahu-hub.com/_resources/themes/prahutheme/javascript/custom/dashboardorder.js?m=1786589824:14
[  119115ms] [LOG] 1 @ https://phbidlautdemo.prahu-hub.com/_resources/themes/prahutheme/javascript/custom/dashboardorder.js?m=1786589824:238
[  119115ms] [LOG] 1 jumlah data di info @ https://phbidlautdemo.prahu-hub.com/_resources/themes/prahutheme/javascript/custom/dashboardorder.js?m=1786589824:239
[  119116ms] [LOG] 1 jumlah data @ https://phbidlautdemo.prahu-hub.com/_resources/themes/prahutheme/javascript/custom/dashboardorder.js?m=1786589824:200
[  119116ms] [LOG] 1 page jumlah @ https://phbidlautdemo.prahu-hub.com/_resources/themes/prahutheme/javascript/custom/dashboardorder.js?m=1786589824:202
[  119116ms] [LOG] 1 1 pageCount & pageNow @ https://phbidlautdemo.prahu-hub.com/_resources/themes/prahutheme/javascript/custom/dashboardorder.js?m=1786589824:130
[  119119ms] [LOG] 200 xhrglobal @ https://phbidlautdemo.prahu-hub.com/home/dashboardorder:6375
[  119120ms] [LOG] 1 jumlah data @ https://phbidlautdemo.prahu-hub.com/_resources/themes/prahutheme/javascript/custom/dashboardorder.js?m=1786589824:200
[  119120ms] [LOG] 1 page jumlah @ https://phbidlautdemo.prahu-hub.com/_resources/themes/prahutheme/javascript/custom/dashboardorder.js?m=1786589824:202
[  119120ms] [LOG] 1 1 pageCount & pageNow @ https://phbidlautdemo.prahu-hub.com/_resources/themes/prahutheme/javascript/custom/dashboardorder.js?m=1786589824:130
[  119121ms] [LOG] 1 @ https://phbidlautdemo.prahu-hub.com/_resources/themes/prahutheme/javascript/custom/dashboardorder.js?m=1786589824:238
[  119122ms] [LOG] 1 jumlah data di info @ https://phbidlautdemo.prahu-hub.com/_resources/themes/prahutheme/javascript/custom/dashboardorder.js?m=1786589824:239
[  119122ms] [LOG] 1 jumlah data @ https://phbidlautdemo.prahu-hub.com/_resources/themes/prahutheme/javascript/custom/dashboardorder.js?m=1786589824:200
[  119122ms] [LOG] 1 page jumlah @ https://phbidlautdemo.prahu-hub.com/_resources/themes/prahutheme/javascript/custom/dashboardorder.js?m=1786589824:202
[  119123ms] [LOG] 1 1 pageCount & pageNow @ https://phbidlautdemo.prahu-hub.com/_resources/themes/prahutheme/javascript/custom/dashboardorder.js?m=1786589824:130
[  119124ms] [LOG] 1 @ https://phbidlautdemo.prahu-hub.com/_resources/themes/prahutheme/javascript/custom/dashboardorder.js?m=1786589824:238
[  119124ms] [LOG] 1 jumlah data di info @ https://phbidlautdemo.prahu-hub.com/_resources/themes/prahutheme/javascript/custom/dashboardorder.js?m=1786589824:239
[  119125ms] [LOG] 1 jumlah data @ https://phbidlautdemo.prahu-hub.com/_resources/themes/prahutheme/javascript/custom/dashboardorder.js?m=1786589824:200
[  119125ms] [LOG] 1 page jumlah @ https://phbidlautdemo.prahu-hub.com/_resources/themes/prahutheme/javascript/custom/dashboardorder.js?m=1786589824:202
[  119125ms] [LOG] 1 1 pageCount & pageNow @ https://phbidlautdemo.prahu-hub.com/_resources/themes/prahutheme/javascript/custom/dashboardorder.js?m=1786589824:130
[  119126ms] [LOG] 1 @ https://phbidlautdemo.prahu-hub.com/_resources/themes/prahutheme/javascript/custom/dashboardorder.js?m=1786589824:238
[  119126ms] [LOG] 1 jumlah data di info @ https://phbidlautdemo.prahu-hub.com/_resources/themes/prahutheme/javascript/custom/dashboardorder.js?m=1786589824:239
[  119127ms] [LOG] 1 jumlah data @ https://phbidlautdemo.prahu-hub.com/_resources/themes/prahutheme/javascript/custom/dashboardorder.js?m=1786589824:200
[  119127ms] [LOG] 1 page jumlah @ https://phbidlautdemo.prahu-hub.com/_resources/themes/prahutheme/javascript/custom/dashboardorder.js?m=1786589824:202
[  119127ms] [LOG] 1 1 pageCount & pageNow @ https://phbidlautdemo.prahu-hub.com/_resources/themes/prahutheme/javascript/custom/dashboardorder.js?m=1786589824:130
[  119128ms] [LOG] 1 @ https://phbidlautdemo.prahu-hub.com/_resources/themes/prahutheme/javascript/custom/dashboardorder.js?m=1786589824:238
[  119129ms] [LOG] 1 jumlah data di info @ https://phbidlautdemo.prahu-hub.com/_resources/themes/prahutheme/javascript/custom/dashboardorder.js?m=1786589824:239
[  119850ms] [LOG] Connected mbdebug @ https://phbidlautdemo.prahu-hub.com/home/dashboardorder:5367
[  119851ms] [LOG] Connected @ https://phbidlautdemo.prahu-hub.com/home/dashboardorder:6494
[  121767ms] [LOG] Connected mbdebug @ https://phbidlautdemo.prahu-hub.com/home/dashboardorder:5367
[  121767ms] [LOG] Connected @ https://phbidlautdemo.prahu-hub.com/home/dashboardorder:6494
[  123175ms] [LOG] Connected mbdebug @ https://phbidlautdemo.prahu-hub.com/home/dashboardorder:5367
[  123176ms] [LOG] Connected @ https://phbidlautdemo.prahu-hub.com/home/dashboardorder:6494
[  123794ms] [LOG] Connected mbdebug @ https://phbidlautdemo.prahu-hub.com/home/dashboardorder:5367
[  123794ms] [LOG] Connected @ https://phbidlautdemo.prahu-hub.com/home/dashboardorder:6494
[  126318ms] [LOG] Connected mbdebug @ https://phbidlautdemo.prahu-hub.com/home/dashboardorder:5367
[  126320ms] [LOG] Connected @ https://phbidlautdemo.prahu-hub.com/home/dashboardorder:6494
[  129424ms] [LOG] Connected @ https://phbidlautdemo.prahu-hub.com/home/dashboardorder:6494
[  129424ms] [LOG] Connected mbdebug @ https://phbidlautdemo.prahu-hub.com/home/dashboardorder:5367
[  131121ms] [LOG] Connected mbdebug @ https://phbidlautdemo.prahu-hub.com/home/dashboardorder:5367
[  131122ms] [LOG] Connected @ https://phbidlautdemo.prahu-hub.com/home/dashboardorder:6494
[  131989ms] [LOG] Connected @ https://phbidlautdemo.prahu-hub.com/home/dashboardorder:6494
[  131990ms] [LOG] Connected mbdebug @ https://phbidlautdemo.prahu-hub.com/home/dashboardorder:5367
[  134612ms] [LOG] Connected mbdebug @ https://phbidlautdemo.prahu-hub.com/home/dashboardorder:5367
[  134613ms] [LOG] Connected @ https://phbidlautdemo.prahu-hub.com/home/dashboardorder:6494
[  134623ms] [LOG] Connected mbdebug @ https://phbidlautdemo.prahu-hub.com/home/dashboardorder:5367
[  134623ms] [LOG] Connected @ https://phbidlautdemo.prahu-hub.com/home/dashboardorder:6494
[  134946ms] [LOG] Connected @ https://phbidlautdemo.prahu-hub.com/home/dashboardorder:6494
[  134946ms] [LOG] Connected mbdebug @ https://phbidlautdemo.prahu-hub.com/home/dashboardorder:5367
[  138088ms] [LOG] notif_badge_show.485-471-460-459-454-451-447-417-385-262-194-192-49-42-18-8-20-1 mbdebug @ https://phbidlautdemo.prahu-hub.com/home/dashboardorder:5367
[  138088ms] [LOG] notif_badge_show.485-471-460-459-454-451-447-417-385-262-194-192-49-42-18-8-20-1 @ https://phbidlautdemo.prahu-hub.com/home/dashboardorder:6494
[  138092ms] [LOG] updateNotifDarat.485-471-460-459-454-451-447-417-385-262-194-192-49-42-18-8-20-1 mbdebug @ https://phbidlautdemo.prahu-hub.com/home/dashboardorder:5367
[  138092ms] [LOG] updateNotifDarat.485-471-460-459-454-451-447-417-385-262-194-192-49-42-18-8-20-1 @ https://phbidlautdemo.prahu-hub.com/home/dashboardorder:6494
[  138495ms] [LOG] Connected mbdebug @ https://phbidlautdemo.prahu-hub.com/home/dashboardorder:5367
[  138496ms] [LOG] Connected @ https://phbidlautdemo.prahu-hub.com/home/dashboardorder:6494
[  138849ms] [LOG] Connected mbdebug @ https://phbidlautdemo.prahu-hub.com/home/dashboardorder:5367
[  138850ms] [LOG] Connected @ https://phbidlautdemo.prahu-hub.com/home/dashboardorder:6494
[  139046ms] [LOG] Connected mbdebug @ https://phbidlautdemo.prahu-hub.com/home/dashboardorder:5367
[  139046ms] [LOG] Connected @ https://phbidlautdemo.prahu-hub.com/home/dashboardorder:6494
[  141287ms] [LOG] Connected mbdebug @ https://phbidlautdemo.prahu-hub.com/home/dashboardorder:5367
[  141288ms] [LOG] Connected @ https://phbidlautdemo.prahu-hub.com/home/dashboardorder:6494
[  142439ms] [LOG] notif_badge_show.485-471-460-459-454-451-447-417-385-262-194-192-49-42-18-8-20-1 mbdebug @ https://phbidlautdemo.prahu-hub.com/home/dashboardorder:5367
[  142440ms] [LOG] notif_badge_show.485-471-460-459-454-451-447-417-385-262-194-192-49-42-18-8-20-1 @ https://phbidlautdemo.prahu-hub.com/home/dashboardorder:6494
[  142445ms] [LOG] updateNotifDarat.485-471-460-459-454-451-447-417-385-262-194-192-49-42-18-8-20-1 mbdebug @ https://phbidlautdemo.prahu-hub.com/home/dashboardorder:5367
[  142447ms] [LOG] updateNotifDarat.485-471-460-459-454-451-447-417-385-262-194-192-49-42-18-8-20-1 @ https://phbidlautdemo.prahu-hub.com/home/dashboardorder:6494
[  145905ms] [LOG] Connected mbdebug @ https://phbidlautdemo.prahu-hub.com/home/dashboardorder:5367
[  145905ms] [LOG] Connected @ https://phbidlautdemo.prahu-hub.com/home/dashboardorder:6494
[  148190ms] [LOG] updateNotifDarat.485-471-460-459-454-451-447-417-385-262-194-192-49-42-18-8-20-1 @ https://phbidlautdemo.prahu-hub.com/home/dashboardorder:6494
[  148191ms] [LOG] updateNotifDarat.485-471-460-459-454-451-447-417-385-262-194-192-49-42-18-8-20-1 mbdebug @ https://phbidlautdemo.prahu-hub.com/home/dashboardorder:5367
[  148199ms] [LOG] notif_badge_show.485-471-460-459-454-451-447-417-385-262-194-192-49-42-18-8-20-1 @ https://phbidlautdemo.prahu-hub.com/home/dashboardorder:6494
[  148201ms] [LOG] notif_badge_show.485-471-460-459-454-451-447-417-385-262-194-192-49-42-18-8-20-1 mbdebug @ https://phbidlautdemo.prahu-hub.com/home/dashboardorder:5367
[  148465ms] [LOG] Connected mbdebug @ https://phbidlautdemo.prahu-hub.com/home/dashboardorder:5367
[  148467ms] [LOG] Connected @ https://phbidlautdemo.prahu-hub.com/home/dashboardorder:6494
[  152154ms] [LOG] Connected mbdebug @ https://phbidlautdemo.prahu-hub.com/home/dashboardorder:5367
[  152154ms] [LOG] Connected @ https://phbidlautdemo.prahu-hub.com/home/dashboardorder:6494
[  156061ms] [LOG] notif_badge_show.485-471-460-459-454-451-447-417-385-262-194-192-49-42-18-8-20-1 mbdebug @ https://phbidlautdemo.prahu-hub.com/home/dashboardorder:5367
[  156061ms] [LOG] notif_badge_show.485-471-460-459-454-451-447-417-385-262-194-192-49-42-18-8-20-1 @ https://phbidlautdemo.prahu-hub.com/home/dashboardorder:6494
[  156064ms] [LOG] updateNotifDarat.485-471-460-459-454-451-447-417-385-262-194-192-49-42-18-8-20-1 mbdebug @ https://phbidlautdemo.prahu-hub.com/home/dashboardorder:5367
[  156066ms] [LOG] updateNotifDarat.485-471-460-459-454-451-447-417-385-262-194-192-49-42-18-8-20-1 @ https://phbidlautdemo.prahu-hub.com/home/dashboardorder:6494
[  158549ms] [LOG] Connected mbdebug @ https://phbidlautdemo.prahu-hub.com/home/dashboardorder:5367
[  158550ms] [LOG] Connected @ https://phbidlautdemo.prahu-hub.com/home/dashboardorder:6494
[  161289ms] [LOG] updateNotifDarat.485-471-460-459-454-451-447-417-385-262-194-192-49-42-18-8-20-1 mbdebug @ https://phbidlautdemo.prahu-hub.com/home/dashboardorder:5367
[  161290ms] [LOG] updateNotifDarat.485-471-460-459-454-451-447-417-385-262-194-192-49-42-18-8-20-1 @ https://phbidlautdemo.prahu-hub.com/home/dashboardorder:6494
[  161292ms] [LOG] notif_badge_show.485-471-460-459-454-451-447-417-385-262-194-192-49-42-18-8-20-1 mbdebug @ https://phbidlautdemo.prahu-hub.com/home/dashboardorder:5367
[  161294ms] [LOG] notif_badge_show.485-471-460-459-454-451-447-417-385-262-194-192-49-42-18-8-20-1 @ https://phbidlautdemo.prahu-hub.com/home/dashboardorder:6494
[  164419ms] [LOG] Connected mbdebug @ https://phbidlautdemo.prahu-hub.com/home/dashboardorder:5367
[  164419ms] [LOG] Connected @ https://phbidlautdemo.prahu-hub.com/home/dashboardorder:6494
[  166214ms] [LOG] updateNotifDarat.485-471-460-459-454-451-447-417-385-262-194-192-49-42-18-8-20-1 mbdebug @ https://phbidlautdemo.prahu-hub.com/home/dashboardorder:5367
[  166214ms] [LOG] updateNotifDarat.485-471-460-459-454-451-447-417-385-262-194-192-49-42-18-8-20-1 @ https://phbidlautdemo.prahu-hub.com/home/dashboardorder:6494
[  166217ms] [LOG] notif_badge_show.485-471-460-459-454-451-447-417-385-262-194-192-49-42-18-8-20-1 mbdebug @ https://phbidlautdemo.prahu-hub.com/home/dashboardorder:5367
[  166218ms] [LOG] notif_badge_show.485-471-460-459-454-451-447-417-385-262-194-192-49-42-18-8-20-1 @ https://phbidlautdemo.prahu-hub.com/home/dashboardorder:6494
[  170898ms] [LOG] Connected mbdebug @ https://phbidlautdemo.prahu-hub.com/home/dashboardorder:5367
[  170899ms] [LOG] Connected @ https://phbidlautdemo.prahu-hub.com/home/dashboardorder:6494
[  171093ms] [LOG] updateNotifDarat.485-471-460-459-454-451-447-417-385-262-194-192-49-42-18-8-20-1 mbdebug @ https://phbidlautdemo.prahu-hub.com/home/dashboardorder:5367
[  171093ms] [LOG] updateNotifDarat.485-471-460-459-454-451-447-417-385-262-194-192-49-42-18-8-20-1 @ https://phbidlautdemo.prahu-hub.com/home/dashboardorder:6494
[  171096ms] [LOG] notif_badge_show.485-471-460-459-454-451-447-417-385-262-194-192-49-42-18-8-20-1 @ https://phbidlautdemo.prahu-hub.com/home/dashboardorder:6494
[  171096ms] [LOG] notif_badge_show.485-471-460-459-454-451-447-417-385-262-194-192-49-42-18-8-20-1 mbdebug @ https://phbidlautdemo.prahu-hub.com/home/dashboardorder:5367
[  171221ms] [LOG] Connected mbdebug @ https://phbidlautdemo.prahu-hub.com/home/dashboardorder:5367
[  171252ms] [LOG] Connected @ https://phbidlautdemo.prahu-hub.com/home/dashboardorder:6494
[  173882ms] [LOG] Connected @ https://phbidlautdemo.prahu-hub.com/home/dashboardorder:6494
[  173883ms] [LOG] Connected mbdebug @ https://phbidlautdemo.prahu-hub.com/home/dashboardorder:5367
[  189222ms] [LOG] Connected mbdebug @ https://phbidlautdemo.prahu-hub.com/home/dashboardorder:5367
[  189223ms] [LOG] Connected @ https://phbidlautdemo.prahu-hub.com/home/dashboardorder:6494
[  189862ms] [LOG] Connected mbdebug @ https://phbidlautdemo.prahu-hub.com/home/dashboardorder:5367
[  189863ms] [LOG] Connected @ https://phbidlautdemo.prahu-hub.com/home/dashboardorder:6494
[  203619ms] [LOG] Connected mbdebug @ https://phbidlautdemo.prahu-hub.com/home/dashboardorder:5367
[  203620ms] [LOG] Connected @ https://phbidlautdemo.prahu-hub.com/home/dashboardorder:6494
