[    1391ms] Unexpected token '<'
[    1433ms] Cannot use import statement outside a module
[    1470ms] ReferenceError: Chart is not defined
    at https://phbidlautdemo.prahu-hub.com/_resources/themes/prahutheme/js/scripts-init/charts/chartjs.js:8:13
[    1510ms] Unexpected token '<'
[    1615ms] Unexpected token '<'
[    1756ms] [LOG] Daftar Ordernamanya @ https://phbidlautdemo.prahu-hub.com/order/ganti_jadwal/b1VKRnFWQkdHLzFRdDlxb3ZVNXhQZz09:2039
[    1776ms] [LOG] debug value date :  @ https://phbidlautdemo.prahu-hub.com/order/ganti_jadwal/b1VKRnFWQkdHLzFRdDlxb3ZVNXhQZz09:6570
[    1787ms] [LOG] Sat Aug 29 2026 17:59:41 GMT+0700 (Western Indonesia Time) @ https://phbidlautdemo.prahu-hub.com/order/ganti_jadwal/b1VKRnFWQkdHLzFRdDlxb3ZVNXhQZz09:6675
[    1788ms] [LOG] ini max1Sun Aug 30 2026 00:00:00 GMT+0700 (Western Indonesia Time) @ https://phbidlautdemo.prahu-hub.com/order/ganti_jadwal/b1VKRnFWQkdHLzFRdDlxb3ZVNXhQZz09:6711
[    1788ms] [LOG] ini max2Sun Sep 13 2026 00:00:00 GMT+0700 (Western Indonesia Time) @ https://phbidlautdemo.prahu-hub.com/order/ganti_jadwal/b1VKRnFWQkdHLzFRdDlxb3ZVNXhQZz09:6713
[    1802ms] [LOG] undefined @ https://phbidlautdemo.prahu-hub.com/order/ganti_jadwal/b1VKRnFWQkdHLzFRdDlxb3ZVNXhQZz09:8571
[    1802ms] [LOG] undefined @ https://phbidlautdemo.prahu-hub.com/order/ganti_jadwal/b1VKRnFWQkdHLzFRdDlxb3ZVNXhQZz09:8571
[    1803ms] [LOG] undefined @ https://phbidlautdemo.prahu-hub.com/order/ganti_jadwal/b1VKRnFWQkdHLzFRdDlxb3ZVNXhQZz09:8571
[    1803ms] [LOG] undefined @ https://phbidlautdemo.prahu-hub.com/order/ganti_jadwal/b1VKRnFWQkdHLzFRdDlxb3ZVNXhQZz09:8571
[    1803ms] [LOG] Masukkan Nama Kapal @ https://phbidlautdemo.prahu-hub.com/order/ganti_jadwal/b1VKRnFWQkdHLzFRdDlxb3ZVNXhQZz09:8571
[    1803ms] [LOG] Masukkan Voyage @ https://phbidlautdemo.prahu-hub.com/order/ganti_jadwal/b1VKRnFWQkdHLzFRdDlxb3ZVNXhQZz09:8571
[    1803ms] [LOG] DD/MM/YYYY @ https://phbidlautdemo.prahu-hub.com/order/ganti_jadwal/b1VKRnFWQkdHLzFRdDlxb3ZVNXhQZz09:8571
[    1804ms] [LOG] undefined @ https://phbidlautdemo.prahu-hub.com/order/ganti_jadwal/b1VKRnFWQkdHLzFRdDlxb3ZVNXhQZz09:8571
[    1805ms] [LOG] undefined @ https://phbidlautdemo.prahu-hub.com/order/ganti_jadwal/b1VKRnFWQkdHLzFRdDlxb3ZVNXhQZz09:8571
[    1805ms] [LOG] DD/MM/YYYY hh:mm @ https://phbidlautdemo.prahu-hub.com/order/ganti_jadwal/b1VKRnFWQkdHLzFRdDlxb3ZVNXhQZz09:8571
[    1805ms] [LOG] DD/MM/YYYY @ https://phbidlautdemo.prahu-hub.com/order/ganti_jadwal/b1VKRnFWQkdHLzFRdDlxb3ZVNXhQZz09:8571
[    1806ms] [LOG] DD/MM/YYYY @ https://phbidlautdemo.prahu-hub.com/order/ganti_jadwal/b1VKRnFWQkdHLzFRdDlxb3ZVNXhQZz09:8571
[    1807ms] [LOG] Masukkan Nama Kapal @ https://phbidlautdemo.prahu-hub.com/order/ganti_jadwal/b1VKRnFWQkdHLzFRdDlxb3ZVNXhQZz09:8571
[    1807ms] [LOG] undefined @ https://phbidlautdemo.prahu-hub.com/order/ganti_jadwal/b1VKRnFWQkdHLzFRdDlxb3ZVNXhQZz09:8571
[    1807ms] [LOG] Masukkan Voyage @ https://phbidlautdemo.prahu-hub.com/order/ganti_jadwal/b1VKRnFWQkdHLzFRdDlxb3ZVNXhQZz09:8571
[    1808ms] [LOG] DD/MM/YYYY @ https://phbidlautdemo.prahu-hub.com/order/ganti_jadwal/b1VKRnFWQkdHLzFRdDlxb3ZVNXhQZz09:8571
[    1809ms] [LOG] undefined @ https://phbidlautdemo.prahu-hub.com/order/ganti_jadwal/b1VKRnFWQkdHLzFRdDlxb3ZVNXhQZz09:8571
[    1810ms] [LOG] WebSocket connection @ https://phbidlautdemo.prahu-hub.com/order/ganti_jadwal/b1VKRnFWQkdHLzFRdDlxb3ZVNXhQZz09:8614
[    1811ms] [LOG] WebSocket connection attempting... @ https://phbidlautdemo.prahu-hub.com/order/ganti_jadwal/b1VKRnFWQkdHLzFRdDlxb3ZVNXhQZz09:8692
[    2034ms] [LOG] WebSocket connected @ https://phbidlautdemo.prahu-hub.com/order/ganti_jadwal/b1VKRnFWQkdHLzFRdDlxb3ZVNXhQZz09:8623
[    2038ms] [LOG] update_dashboard_order_laut @ https://phbidlautdemo.prahu-hub.com/order/ganti_jadwal/b1VKRnFWQkdHLzFRdDlxb3ZVNXhQZz09:8664
[    2094ms] [LOG] Connected @ https://phbidlautdemo.prahu-hub.com/order/ganti_jadwal/b1VKRnFWQkdHLzFRdDlxb3ZVNXhQZz09:8664
[    2247ms] [LOG] 200 xhrglobal @ https://phbidlautdemo.prahu-hub.com/order/ganti_jadwal/b1VKRnFWQkdHLzFRdDlxb3ZVNXhQZz09:8545
[    2308ms] [LOG] 200 xhrglobal @ https://phbidlautdemo.prahu-hub.com/order/ganti_jadwal/b1VKRnFWQkdHLzFRdDlxb3ZVNXhQZz09:8545
[    3774ms] TypeError: $(...).DataTable is not a function
    at https://phbidlautdemo.prahu-hub.com/_resources/themes/prahutheme/js/scripts-init/tables.js:7:23
[   26717ms] [LOG] Connected @ https://phbidlautdemo.prahu-hub.com/order/ganti_jadwal/b1VKRnFWQkdHLzFRdDlxb3ZVNXhQZz09:8664
[   36242ms] [LOG] Connected @ https://phbidlautdemo.prahu-hub.com/order/ganti_jadwal/b1VKRnFWQkdHLzFRdDlxb3ZVNXhQZz09:8664
[  161251ms] [LOG] WebSocket closed @ https://phbidlautdemo.prahu-hub.com/order/ganti_jadwal/b1VKRnFWQkdHLzFRdDlxb3ZVNXhQZz09:8617
[  161251ms] [LOG] Reconnecting in 2 seconds... @ https://phbidlautdemo.prahu-hub.com/order/ganti_jadwal/b1VKRnFWQkdHLzFRdDlxb3ZVNXhQZz09:8701
[  163256ms] [LOG] WebSocket connection @ https://phbidlautdemo.prahu-hub.com/order/ganti_jadwal/b1VKRnFWQkdHLzFRdDlxb3ZVNXhQZz09:8614
[  163256ms] [LOG] WebSocket connection attempting... @ https://phbidlautdemo.prahu-hub.com/order/ganti_jadwal/b1VKRnFWQkdHLzFRdDlxb3ZVNXhQZz09:8692
[  163390ms] [LOG] WebSocket connected @ https://phbidlautdemo.prahu-hub.com/order/ganti_jadwal/b1VKRnFWQkdHLzFRdDlxb3ZVNXhQZz09:8623
[  163397ms] [LOG] update_dashboard_order_laut @ https://phbidlautdemo.prahu-hub.com/order/ganti_jadwal/b1VKRnFWQkdHLzFRdDlxb3ZVNXhQZz09:8664
[  163429ms] [LOG] Connected @ https://phbidlautdemo.prahu-hub.com/order/ganti_jadwal/b1VKRnFWQkdHLzFRdDlxb3ZVNXhQZz09:8664
[  163432ms] [LOG] Connected @ https://phbidlautdemo.prahu-hub.com/order/ganti_jadwal/b1VKRnFWQkdHLzFRdDlxb3ZVNXhQZz09:8664
[  163503ms] [LOG] Connected @ https://phbidlautdemo.prahu-hub.com/order/ganti_jadwal/b1VKRnFWQkdHLzFRdDlxb3ZVNXhQZz09:8664
[  163616ms] [LOG] 200 xhrglobal @ https://phbidlautdemo.prahu-hub.com/order/ganti_jadwal/b1VKRnFWQkdHLzFRdDlxb3ZVNXhQZz09:8545
[  163720ms] [LOG] 200 xhrglobal @ https://phbidlautdemo.prahu-hub.com/order/ganti_jadwal/b1VKRnFWQkdHLzFRdDlxb3ZVNXhQZz09:8545
[  288508ms] [LOG] WebSocket closed @ https://phbidlautdemo.prahu-hub.com/order/ganti_jadwal/b1VKRnFWQkdHLzFRdDlxb3ZVNXhQZz09:8617
[  288508ms] [LOG] Reconnecting in 4 seconds... @ https://phbidlautdemo.prahu-hub.com/order/ganti_jadwal/b1VKRnFWQkdHLzFRdDlxb3ZVNXhQZz09:8701
[  292509ms] [LOG] WebSocket connection @ https://phbidlautdemo.prahu-hub.com/order/ganti_jadwal/b1VKRnFWQkdHLzFRdDlxb3ZVNXhQZz09:8614
[  292510ms] [LOG] WebSocket connection attempting... @ https://phbidlautdemo.prahu-hub.com/order/ganti_jadwal/b1VKRnFWQkdHLzFRdDlxb3ZVNXhQZz09:8692
[  293012ms] [LOG] WebSocket connected @ https://phbidlautdemo.prahu-hub.com/order/ganti_jadwal/b1VKRnFWQkdHLzFRdDlxb3ZVNXhQZz09:8623
[  293018ms] [LOG] update_dashboard_order_laut @ https://phbidlautdemo.prahu-hub.com/order/ganti_jadwal/b1VKRnFWQkdHLzFRdDlxb3ZVNXhQZz09:8664
[  293125ms] [LOG] Connected @ https://phbidlautdemo.prahu-hub.com/order/ganti_jadwal/b1VKRnFWQkdHLzFRdDlxb3ZVNXhQZz09:8664
[  293175ms] [LOG] 200 xhrglobal @ https://phbidlautdemo.prahu-hub.com/order/ganti_jadwal/b1VKRnFWQkdHLzFRdDlxb3ZVNXhQZz09:8545
[  293233ms] [LOG] 200 xhrglobal @ https://phbidlautdemo.prahu-hub.com/order/ganti_jadwal/b1VKRnFWQkdHLzFRdDlxb3ZVNXhQZz09:8545
