[     854ms] Cannot use import statement outside a module
[     870ms] ReferenceError: Chart is not defined
    at https://phbidlautdemo.prahu-hub.com/_resources/themes/prahutheme/js/scripts-init/charts/chartjs.js:8:13
[     960ms] Unexpected token '<'
[    1080ms] Unexpected token '<'
[    1152ms] Uncaught TypeError: expect element to be DOM Element, but got null
    at <anonymous> (https://cdnjs.cloudflare.com/ajax/libs/smooth-scrollbar/8.5.2/smooth-scrollbar.js:24:264)
    at <anonymous> (https://phbidlautdemo.prahu-hub.com/home/laporanowner:5479:14)
[    1193ms] [LOG] Laporannamanya @ https://phbidlautdemo.prahu-hub.com/home/laporanowner:2039
[    1216ms] [LOG] DD/MM/YYYY @ https://phbidlautdemo.prahu-hub.com/home/laporanowner:5832
[    1217ms] [LOG] DD/MM/YYYY @ https://phbidlautdemo.prahu-hub.com/home/laporanowner:5832
[    1217ms] [LOG] undefined @ https://phbidlautdemo.prahu-hub.com/home/laporanowner:5832
[    1218ms] [LOG] WebSocket connection @ https://phbidlautdemo.prahu-hub.com/home/laporanowner:5875
[    1219ms] [LOG] WebSocket connection attempting... @ https://phbidlautdemo.prahu-hub.com/home/laporanowner:5953
[    1364ms] [LOG] WebSocket connected @ https://phbidlautdemo.prahu-hub.com/home/laporanowner:5884
[    1371ms] [LOG] update_dashboard_order_laut @ https://phbidlautdemo.prahu-hub.com/home/laporanowner:5925
[    1419ms] [LOG] Connected @ https://phbidlautdemo.prahu-hub.com/home/laporanowner:5925
[    1545ms] [LOG] 200 xhrglobal @ https://phbidlautdemo.prahu-hub.com/home/laporanowner:5806
[    1596ms] [LOG] 200 xhrglobal @ https://phbidlautdemo.prahu-hub.com/home/laporanowner:5806
[    3206ms] TypeError: $(...).DataTable is not a function
    at https://phbidlautdemo.prahu-hub.com/_resources/themes/prahutheme/js/scripts-init/tables.js:7:23
[   15948ms] [LOG] Connected @ https://phbidlautdemo.prahu-hub.com/home/laporanowner:5925
[   23350ms] [LOG] 01/08/2026 @ https://phbidlautdemo.prahu-hub.com/home/laporanowner:5053
[   23351ms] [LOG] 30/08/2026 @ https://phbidlautdemo.prahu-hub.com/home/laporanowner:5054
[   24233ms] Cannot use import statement outside a module
[   24308ms] ReferenceError: Chart is not defined
    at https://phbidlautdemo.prahu-hub.com/_resources/themes/prahutheme/js/scripts-init/charts/chartjs.js:8:13
[   24334ms] Unexpected token '<'
[   24491ms] Unexpected token '<'
[   24563ms] Uncaught TypeError: expect element to be DOM Element, but got null
    at <anonymous> (https://cdnjs.cloudflare.com/ajax/libs/smooth-scrollbar/8.5.2/smooth-scrollbar.js:24:264)
    at <anonymous> (https://phbidlautdemo.prahu-hub.com/home/laporanowner?tgl_awal=01%2F08%2F2026&tgl_akhir=30%2F08%2F2026&status_filter=1&BidOwnerID=65:5610:14)
[   24597ms] [LOG] Laporannamanya @ https://phbidlautdemo.prahu-hub.com/home/laporanowner?tgl_awal=01%2F08%2F2026&tgl_akhir=30%2F08%2F2026&status_filter=1&BidOwnerID=65:2040
[   24635ms] [LOG] DD/MM/YYYY @ https://phbidlautdemo.prahu-hub.com/home/laporanowner?tgl_awal=01%2F08%2F2026&tgl_akhir=30%2F08%2F2026&status_filter=1&BidOwnerID=65:5963
[   24636ms] [LOG] DD/MM/YYYY @ https://phbidlautdemo.prahu-hub.com/home/laporanowner?tgl_awal=01%2F08%2F2026&tgl_akhir=30%2F08%2F2026&status_filter=1&BidOwnerID=65:5963
[   24636ms] [LOG] undefined @ https://phbidlautdemo.prahu-hub.com/home/laporanowner?tgl_awal=01%2F08%2F2026&tgl_akhir=30%2F08%2F2026&status_filter=1&BidOwnerID=65:5963
[   24636ms] [LOG] undefined @ https://phbidlautdemo.prahu-hub.com/home/laporanowner?tgl_awal=01%2F08%2F2026&tgl_akhir=30%2F08%2F2026&status_filter=1&BidOwnerID=65:5963
[   24637ms] [LOG] WebSocket connection @ https://phbidlautdemo.prahu-hub.com/home/laporanowner?tgl_awal=01%2F08%2F2026&tgl_akhir=30%2F08%2F2026&status_filter=1&BidOwnerID=65:6006
[   24638ms] [LOG] WebSocket connection attempting... @ https://phbidlautdemo.prahu-hub.com/home/laporanowner?tgl_awal=01%2F08%2F2026&tgl_akhir=30%2F08%2F2026&status_filter=1&BidOwnerID=65:6084
[   24807ms] [LOG] 200 xhrglobal @ https://phbidlautdemo.prahu-hub.com/home/laporanowner?tgl_awal=01%2F08%2F2026&tgl_akhir=30%2F08%2F2026&status_filter=1&BidOwnerID=65:5937
[   24822ms] [LOG] WebSocket connected @ https://phbidlautdemo.prahu-hub.com/home/laporanowner?tgl_awal=01%2F08%2F2026&tgl_akhir=30%2F08%2F2026&status_filter=1&BidOwnerID=65:6015
[   24825ms] [LOG] update_dashboard_order_laut @ https://phbidlautdemo.prahu-hub.com/home/laporanowner?tgl_awal=01%2F08%2F2026&tgl_akhir=30%2F08%2F2026&status_filter=1&BidOwnerID=65:6056
[   24853ms] [LOG] Connected @ https://phbidlautdemo.prahu-hub.com/home/laporanowner?tgl_awal=01%2F08%2F2026&tgl_akhir=30%2F08%2F2026&status_filter=1&BidOwnerID=65:6056
[   24941ms] [LOG] [Array(18)] shownya @ https://phbidlautdemo.prahu-hub.com/_resources/themes/prahutheme/javascript/custom/laporanowner.js?m=1787972929:651
[   24945ms] [LOG] 18 sdsad ff @ https://phbidlautdemo.prahu-hub.com/_resources/themes/prahutheme/javascript/custom/laporanowner.js?m=1787972929:588
[   24945ms] [LOG] 18 sdsad ff @ https://phbidlautdemo.prahu-hub.com/_resources/themes/prahutheme/javascript/custom/laporanowner.js?m=1787972929:588
[   24946ms] [LOG] aam 18 @ https://phbidlautdemo.prahu-hub.com/_resources/themes/prahutheme/javascript/custom/laporanowner.js?m=1787972929:664
[   24946ms] [LOG] 18 sdsad ff @ https://phbidlautdemo.prahu-hub.com/_resources/themes/prahutheme/javascript/custom/laporanowner.js?m=1787972929:588
[   24946ms] [LOG] {nonyaa: 1, ID: , ID_lelang: 1092, nomor_order: -, nomor_lelang: AUTOTEST/1787976607809} aamshow @ https://phbidlautdemo.prahu-hub.com/_resources/themes/prahutheme/javascript/custom/laporanowner.js?m=1787972929:665
[   24946ms] [LOG] 18 sdsad ff @ https://phbidlautdemo.prahu-hub.com/_resources/themes/prahutheme/javascript/custom/laporanowner.js?m=1787972929:588
[   24947ms] [LOG] [Object, Object, Object, Object, Object, Object, Object, Object, Object, Object, Object, Object, Object, Object, Object, Object, Object, Object] @ https://phbidlautdemo.prahu-hub.com/_resources/themes/prahutheme/javascript/custom/laporanowner.js?m=1787972929:43
[   24952ms] [LOG] 18 sdsad ff @ https://phbidlautdemo.prahu-hub.com/_resources/themes/prahutheme/javascript/custom/laporanowner.js?m=1787972929:588
[   24952ms] [LOG] 18 sdsad ff @ https://phbidlautdemo.prahu-hub.com/_resources/themes/prahutheme/javascript/custom/laporanowner.js?m=1787972929:588
[   24952ms] [LOG] 18 sdsad ff @ https://phbidlautdemo.prahu-hub.com/_resources/themes/prahutheme/javascript/custom/laporanowner.js?m=1787972929:588
[   24953ms] [LOG] 18 loadPaginationInfo @ https://phbidlautdemo.prahu-hub.com/_resources/themes/prahutheme/javascript/custom/laporanowner.js?m=1787972929:606
[   24953ms] [LOG] 18 @ https://phbidlautdemo.prahu-hub.com/_resources/themes/prahutheme/javascript/custom/laporanowner.js?m=1787972929:608
[   24953ms] [LOG] 18 sdsad ff @ https://phbidlautdemo.prahu-hub.com/_resources/themes/prahutheme/javascript/custom/laporanowner.js?m=1787972929:588
[   24953ms] [LOG] 18 countView1 1 pageNow 20 limitView1 @ https://phbidlautdemo.prahu-hub.com/_resources/themes/prahutheme/javascript/custom/laporanowner.js?m=1787972929:611
[   24954ms] [LOG] 18 @ https://phbidlautdemo.prahu-hub.com/_resources/themes/prahutheme/javascript/custom/laporanowner.js?m=1787972929:617
[   24954ms] [LOG] 18 sdsad ff @ https://phbidlautdemo.prahu-hub.com/_resources/themes/prahutheme/javascript/custom/laporanowner.js?m=1787972929:588
[   24954ms] [LOG] 18 sdsad ff @ https://phbidlautdemo.prahu-hub.com/_resources/themes/prahutheme/javascript/custom/laporanowner.js?m=1787972929:588
[   24955ms] [LOG] 18 jumlah data @ https://phbidlautdemo.prahu-hub.com/_resources/themes/prahutheme/javascript/custom/laporanowner.js?m=1787972929:547
[   24955ms] [LOG] 1 @ https://phbidlautdemo.prahu-hub.com/_resources/themes/prahutheme/javascript/custom/laporanowner.js?m=1787972929:549
[   24956ms] [LOG] 1 1 pageCount & pageNow @ https://phbidlautdemo.prahu-hub.com/_resources/themes/prahutheme/javascript/custom/laporanowner.js?m=1787972929:470
[   24957ms] [LOG] 200 xhrglobal @ https://phbidlautdemo.prahu-hub.com/home/laporanowner?tgl_awal=01%2F08%2F2026&tgl_akhir=30%2F08%2F2026&status_filter=1&BidOwnerID=65:5937
[   24958ms] [LOG] ce.fn.init stepItem @ https://phbidlautdemo.prahu-hub.com/_resources/themes/prahutheme/javascript/custom/laporanowner.js?m=1787972929:444
[   25086ms] [LOG] 200 xhrglobal @ https://phbidlautdemo.prahu-hub.com/home/laporanowner?tgl_awal=01%2F08%2F2026&tgl_akhir=30%2F08%2F2026&status_filter=1&BidOwnerID=65:5937
[   25146ms] [LOG] 200 xhrglobal @ https://phbidlautdemo.prahu-hub.com/home/laporanowner?tgl_awal=01%2F08%2F2026&tgl_akhir=30%2F08%2F2026&status_filter=1&BidOwnerID=65:5937
[   26616ms] TypeError: $(...).DataTable is not a function
    at https://phbidlautdemo.prahu-hub.com/_resources/themes/prahutheme/js/scripts-init/tables.js:7:23
