[    1476ms] Cannot use import statement outside a module
[    1499ms] ReferenceError: Chart is not defined
    at https://phbidlautdemo.prahu-hub.com/_resources/themes/prahutheme/js/scripts-init/charts/chartjs.js:8:13
[    1534ms] Unexpected token '<'
[    1534ms] Unexpected token '<'
[    1731ms] [LOG] Daftar Ordernamanya @ https://phbidlautdemo.prahu-hub.com/order/orderdetail/MHZROHFLSlBlKyswU0p3SlpBRm5Idz09:1877
[    1759ms] [LOG] undefined @ https://phbidlautdemo.prahu-hub.com/order/orderdetail/MHZROHFLSlBlKyswU0p3SlpBRm5Idz09:7799
[    1759ms] [LOG] undefined @ https://phbidlautdemo.prahu-hub.com/order/orderdetail/MHZROHFLSlBlKyswU0p3SlpBRm5Idz09:7799
[    1759ms] [LOG] undefined @ https://phbidlautdemo.prahu-hub.com/order/orderdetail/MHZROHFLSlBlKyswU0p3SlpBRm5Idz09:7799
[    1759ms] [LOG] undefined @ https://phbidlautdemo.prahu-hub.com/order/orderdetail/MHZROHFLSlBlKyswU0p3SlpBRm5Idz09:7799
[    1761ms] [LOG] WebSocket connection @ https://phbidlautdemo.prahu-hub.com/order/orderdetail/MHZROHFLSlBlKyswU0p3SlpBRm5Idz09:7842
[    1761ms] [LOG] WebSocket connection attempting... @ https://phbidlautdemo.prahu-hub.com/order/orderdetail/MHZROHFLSlBlKyswU0p3SlpBRm5Idz09:7920
[    1967ms] [LOG] WebSocket connected @ https://phbidlautdemo.prahu-hub.com/order/orderdetail/MHZROHFLSlBlKyswU0p3SlpBRm5Idz09:7851
[    1971ms] [LOG] update_dashboard_order_laut @ https://phbidlautdemo.prahu-hub.com/order/orderdetail/MHZROHFLSlBlKyswU0p3SlpBRm5Idz09:7892
[    2002ms] [LOG] Connected @ https://phbidlautdemo.prahu-hub.com/order/orderdetail/MHZROHFLSlBlKyswU0p3SlpBRm5Idz09:7892
[    2145ms] [LOG] 200 xhrglobal @ https://phbidlautdemo.prahu-hub.com/order/orderdetail/MHZROHFLSlBlKyswU0p3SlpBRm5Idz09:7773
[    2198ms] [LOG] 200 xhrglobal @ https://phbidlautdemo.prahu-hub.com/order/orderdetail/MHZROHFLSlBlKyswU0p3SlpBRm5Idz09:7773
[    3744ms] TypeError: $(...).DataTable is not a function
    at https://phbidlautdemo.prahu-hub.com/_resources/themes/prahutheme/js/scripts-init/tables.js:7:23
[   33362ms] [LOG] Connected @ https://phbidlautdemo.prahu-hub.com/order/orderdetail/MHZROHFLSlBlKyswU0p3SlpBRm5Idz09:7892
[   43715ms] [LOG] Connected @ https://phbidlautdemo.prahu-hub.com/order/orderdetail/MHZROHFLSlBlKyswU0p3SlpBRm5Idz09:7892
[  127925ms] [LOG] Connected @ https://phbidlautdemo.prahu-hub.com/order/orderdetail/MHZROHFLSlBlKyswU0p3SlpBRm5Idz09:7892
[  134196ms] [LOG] Connected @ https://phbidlautdemo.prahu-hub.com/order/orderdetail/MHZROHFLSlBlKyswU0p3SlpBRm5Idz09:7892
[  168583ms] [LOG] Connected @ https://phbidlautdemo.prahu-hub.com/order/orderdetail/MHZROHFLSlBlKyswU0p3SlpBRm5Idz09:7892
[  199798ms] [LOG] Connected @ https://phbidlautdemo.prahu-hub.com/order/orderdetail/MHZROHFLSlBlKyswU0p3SlpBRm5Idz09:7892
[  224108ms] [LOG] Connected @ https://phbidlautdemo.prahu-hub.com/order/orderdetail/MHZROHFLSlBlKyswU0p3SlpBRm5Idz09:7892
[  231055ms] [LOG] updateNotif.255-253-231-274-254-224-163-58-65-23 @ https://phbidlautdemo.prahu-hub.com/order/orderdetail/MHZROHFLSlBlKyswU0p3SlpBRm5Idz09:7892
[  231055ms] [LOG] Notif baru, fetching data... 10 true 65 @ https://phbidlautdemo.prahu-hub.com/order/orderdetail/MHZROHFLSlBlKyswU0p3SlpBRm5Idz09:7905
[  231058ms] ReferenceError: loadDataNotif is not defined
    at ConnectWebsocket.conn.onmessage (https://phbidlautdemo.prahu-hub.com/order/orderdetail/MHZROHFLSlBlKyswU0p3SlpBRm5Idz09:7907:29)
[  231083ms] [LOG] notif_badge_show.255-253-231-274-254-224-163-58-65-23 @ https://phbidlautdemo.prahu-hub.com/order/orderdetail/MHZROHFLSlBlKyswU0p3SlpBRm5Idz09:7892
[  231083ms] [LOG] Notif baru, fetching data... 10 true 65 @ https://phbidlautdemo.prahu-hub.com/order/orderdetail/MHZROHFLSlBlKyswU0p3SlpBRm5Idz09:7911
[  231088ms] [LOG] update_dashboard_order_laut @ https://phbidlautdemo.prahu-hub.com/order/orderdetail/MHZROHFLSlBlKyswU0p3SlpBRm5Idz09:7892
[  233687ms] [LOG] Connected @ https://phbidlautdemo.prahu-hub.com/order/orderdetail/MHZROHFLSlBlKyswU0p3SlpBRm5Idz09:7892
[  270262ms] [LOG] Connected @ https://phbidlautdemo.prahu-hub.com/order/orderdetail/MHZROHFLSlBlKyswU0p3SlpBRm5Idz09:7892
[  275425ms] [LOG] Connected @ https://phbidlautdemo.prahu-hub.com/order/orderdetail/MHZROHFLSlBlKyswU0p3SlpBRm5Idz09:7892
[  296347ms] [LOG] Connected @ https://phbidlautdemo.prahu-hub.com/order/orderdetail/MHZROHFLSlBlKyswU0p3SlpBRm5Idz09:7892
