[    1145ms] Cannot use import statement outside a module
[    1176ms] ReferenceError: Chart is not defined
    at https://phbidlautdemo.prahu-hub.com/_resources/themes/prahutheme/js/scripts-init/charts/chartjs.js:8:13
[    1560ms] Unexpected token '<'
[    1561ms] Unexpected token '<'
[    1661ms] Uncaught TypeError: expect element to be DOM Element, but got null
    at n.init (https://cdnjs.cloudflare.com/ajax/libs/smooth-scrollbar/8.5.2/smooth-scrollbar.js:24:264)
    at <anonymous> (https://phbidlautdemo.prahu-hub.com/adminprahu/masterbank:5221:14)
[    1706ms] [LOG] Masternamanya @ https://phbidlautdemo.prahu-hub.com/adminprahu/masterbank:2040
[    1747ms] [LOG] undefined @ https://phbidlautdemo.prahu-hub.com/adminprahu/masterbank:5574
[    1748ms] [LOG] Masukkan Nama Bank @ https://phbidlautdemo.prahu-hub.com/adminprahu/masterbank:5574
[    1748ms] [LOG] undefined @ https://phbidlautdemo.prahu-hub.com/adminprahu/masterbank:5574
[    1748ms] [LOG] Masukkan Nama Bank @ https://phbidlautdemo.prahu-hub.com/adminprahu/masterbank:5574
[    1748ms] [LOG] undefined @ https://phbidlautdemo.prahu-hub.com/adminprahu/masterbank:5574
[    1750ms] [LOG] WebSocket connection @ https://phbidlautdemo.prahu-hub.com/adminprahu/masterbank:5617
[    1751ms] [LOG] WebSocket connection attempting... @ https://phbidlautdemo.prahu-hub.com/adminprahu/masterbank:5695
[    1901ms] [LOG] 9 @ https://phbidlautdemo.prahu-hub.com/_resources/themes/prahutheme/javascript/custom/masterbank.js?m=1787972929:443
[    1902ms] [LOG] 9 countView1 1 pageNow 20 limitView1 @ https://phbidlautdemo.prahu-hub.com/_resources/themes/prahutheme/javascript/custom/masterbank.js?m=1787972929:446
[    1902ms] [LOG] 9 jumlah data @ https://phbidlautdemo.prahu-hub.com/_resources/themes/prahutheme/javascript/custom/masterbank.js?m=1787972929:400
[    1902ms] [LOG] 1 @ https://phbidlautdemo.prahu-hub.com/_resources/themes/prahutheme/javascript/custom/masterbank.js?m=1787972929:402
[    1902ms] [LOG] 1 1 pageCount & pageNow @ https://phbidlautdemo.prahu-hub.com/_resources/themes/prahutheme/javascript/custom/masterbank.js?m=1787972929:327
[    1905ms] [LOG] 200 xhrglobal @ https://phbidlautdemo.prahu-hub.com/adminprahu/masterbank:5548
[    1910ms] [LOG] WebSocket connected @ https://phbidlautdemo.prahu-hub.com/adminprahu/masterbank:5626
[    1929ms] [LOG] update_dashboard_order_laut @ https://phbidlautdemo.prahu-hub.com/adminprahu/masterbank:5667
[    1943ms] [LOG] Connected @ https://phbidlautdemo.prahu-hub.com/adminprahu/masterbank:5667
[    2023ms] [LOG] 200 xhrglobal @ https://phbidlautdemo.prahu-hub.com/adminprahu/masterbank:5548
[    2087ms] [LOG] 200 xhrglobal @ https://phbidlautdemo.prahu-hub.com/adminprahu/masterbank:5548
[    3748ms] TypeError: $(...).DataTable is not a function
    at https://phbidlautdemo.prahu-hub.com/_resources/themes/prahutheme/js/scripts-init/tables.js:7:23
[    5669ms] [LOG] 200 xhrglobal @ https://phbidlautdemo.prahu-hub.com/adminprahu/masterbank:5548
