[    1466ms] Cannot use import statement outside a module
[    1483ms] ReferenceError: Chart is not defined
    at https://phbidlautdemo.prahu-hub.com/_resources/themes/prahutheme/js/scripts-init/charts/chartjs.js:8:13
[    1771ms] Unexpected token '<'
[    1772ms] Unexpected token '<'
[    1845ms] [LOG] Daftar Ordernamanya @ https://phbidlautdemo.prahu-hub.com/order/orderdetail/ckc0bmZiUW02eHlCSVRVY2pLV0RhQT09:1877
[    1864ms] [LOG] undefined @ https://phbidlautdemo.prahu-hub.com/order/orderdetail/ckc0bmZiUW02eHlCSVRVY2pLV0RhQT09:8547
[    1865ms] [LOG] undefined @ https://phbidlautdemo.prahu-hub.com/order/orderdetail/ckc0bmZiUW02eHlCSVRVY2pLV0RhQT09:8547
[    1865ms] [LOG] undefined @ https://phbidlautdemo.prahu-hub.com/order/orderdetail/ckc0bmZiUW02eHlCSVRVY2pLV0RhQT09:8547
[    1865ms] [LOG] undefined @ https://phbidlautdemo.prahu-hub.com/order/orderdetail/ckc0bmZiUW02eHlCSVRVY2pLV0RhQT09:8547
[    1866ms] [LOG] WebSocket connection @ https://phbidlautdemo.prahu-hub.com/order/orderdetail/ckc0bmZiUW02eHlCSVRVY2pLV0RhQT09:8590
[    1866ms] [LOG] WebSocket connection attempting... @ https://phbidlautdemo.prahu-hub.com/order/orderdetail/ckc0bmZiUW02eHlCSVRVY2pLV0RhQT09:8668
[    1993ms] [LOG] WebSocket connected @ https://phbidlautdemo.prahu-hub.com/order/orderdetail/ckc0bmZiUW02eHlCSVRVY2pLV0RhQT09:8599
[    1995ms] [LOG] update_dashboard_order_laut @ https://phbidlautdemo.prahu-hub.com/order/orderdetail/ckc0bmZiUW02eHlCSVRVY2pLV0RhQT09:8640
[    2020ms] [LOG] Connected @ https://phbidlautdemo.prahu-hub.com/order/orderdetail/ckc0bmZiUW02eHlCSVRVY2pLV0RhQT09:8640
[    2133ms] [LOG] 200 xhrglobal @ https://phbidlautdemo.prahu-hub.com/order/orderdetail/ckc0bmZiUW02eHlCSVRVY2pLV0RhQT09:8521
[    2200ms] [LOG] 200 xhrglobal @ https://phbidlautdemo.prahu-hub.com/order/orderdetail/ckc0bmZiUW02eHlCSVRVY2pLV0RhQT09:8521
[    3862ms] TypeError: $(...).DataTable is not a function
    at https://phbidlautdemo.prahu-hub.com/_resources/themes/prahutheme/js/scripts-init/tables.js:7:23
[    5233ms] [LOG] Connected @ https://phbidlautdemo.prahu-hub.com/order/orderdetail/ckc0bmZiUW02eHlCSVRVY2pLV0RhQT09:8640
[    6334ms] [LOG] Connected @ https://phbidlautdemo.prahu-hub.com/order/orderdetail/ckc0bmZiUW02eHlCSVRVY2pLV0RhQT09:8640
[   16822ms] [LOG] Connected @ https://phbidlautdemo.prahu-hub.com/order/orderdetail/ckc0bmZiUW02eHlCSVRVY2pLV0RhQT09:8640
[   30913ms] [LOG] Connected @ https://phbidlautdemo.prahu-hub.com/order/orderdetail/ckc0bmZiUW02eHlCSVRVY2pLV0RhQT09:8640
[   35529ms] [LOG] Connected @ https://phbidlautdemo.prahu-hub.com/order/orderdetail/ckc0bmZiUW02eHlCSVRVY2pLV0RhQT09:8640
[   45258ms] [LOG] notif_badge_hide.485-471-460-459-454-451-447-417-385-262-194-192-49-42-18-8-373-1 @ https://phbidlautdemo.prahu-hub.com/order/orderdetail/ckc0bmZiUW02eHlCSVRVY2pLV0RhQT09:8640
[   45270ms] [LOG] updateNotifDarat.485-471-460-459-454-451-447-417-385-262-194-192-49-42-18-8-373-1 @ https://phbidlautdemo.prahu-hub.com/order/orderdetail/ckc0bmZiUW02eHlCSVRVY2pLV0RhQT09:8640
[   46424ms] [LOG] Connected @ https://phbidlautdemo.prahu-hub.com/order/orderdetail/ckc0bmZiUW02eHlCSVRVY2pLV0RhQT09:8640
[   72833ms] [LOG] Connected @ https://phbidlautdemo.prahu-hub.com/order/orderdetail/ckc0bmZiUW02eHlCSVRVY2pLV0RhQT09:8640
[   75595ms] [LOG] Connected @ https://phbidlautdemo.prahu-hub.com/order/orderdetail/ckc0bmZiUW02eHlCSVRVY2pLV0RhQT09:8640
[   80981ms] [LOG] Connected @ https://phbidlautdemo.prahu-hub.com/order/orderdetail/ckc0bmZiUW02eHlCSVRVY2pLV0RhQT09:8640
[  121034ms] [LOG] Connected @ https://phbidlautdemo.prahu-hub.com/order/orderdetail/ckc0bmZiUW02eHlCSVRVY2pLV0RhQT09:8640
[  144829ms] [LOG] Connected @ https://phbidlautdemo.prahu-hub.com/order/orderdetail/ckc0bmZiUW02eHlCSVRVY2pLV0RhQT09:8640
[  148415ms] [LOG] Connected @ https://phbidlautdemo.prahu-hub.com/order/orderdetail/ckc0bmZiUW02eHlCSVRVY2pLV0RhQT09:8640
[  154387ms] [LOG] Connected @ https://phbidlautdemo.prahu-hub.com/order/orderdetail/ckc0bmZiUW02eHlCSVRVY2pLV0RhQT09:8640
[  172752ms] [LOG] Connected @ https://phbidlautdemo.prahu-hub.com/order/orderdetail/ckc0bmZiUW02eHlCSVRVY2pLV0RhQT09:8640
[  176840ms] [LOG] Connected @ https://phbidlautdemo.prahu-hub.com/order/orderdetail/ckc0bmZiUW02eHlCSVRVY2pLV0RhQT09:8640
[  184946ms] [LOG] Connected @ https://phbidlautdemo.prahu-hub.com/order/orderdetail/ckc0bmZiUW02eHlCSVRVY2pLV0RhQT09:8640
[  190584ms] [LOG] Connected @ https://phbidlautdemo.prahu-hub.com/order/orderdetail/ckc0bmZiUW02eHlCSVRVY2pLV0RhQT09:8640
[  195482ms] [LOG] Connected @ https://phbidlautdemo.prahu-hub.com/order/orderdetail/ckc0bmZiUW02eHlCSVRVY2pLV0RhQT09:8640
[  208051ms] [LOG] Connected @ https://phbidlautdemo.prahu-hub.com/order/orderdetail/ckc0bmZiUW02eHlCSVRVY2pLV0RhQT09:8640
