[    6501ms] Cannot use import statement outside a module
[    6544ms] ReferenceError: Chart is not defined
    at https://phbidlautdemo.prahu-hub.com/_resources/themes/prahutheme/js/scripts-init/charts/chartjs.js:8:13
[    6551ms] Unexpected token '<'
[    6953ms] Unexpected token '<'
[    7063ms] Uncaught TypeError: expect element to be DOM Element, but got null
    at n.init (https://cdnjs.cloudflare.com/ajax/libs/smooth-scrollbar/8.5.2/smooth-scrollbar.js:24:264)
    at <anonymous> (https://phbidlautdemo.prahu-hub.com/adminprahu/tambahbank:5310:14)
[    7094ms] [LOG] Masternamanya @ https://phbidlautdemo.prahu-hub.com/adminprahu/tambahbank:2039
[    7101ms] [LOG] Masukkan Nama Bank @ https://phbidlautdemo.prahu-hub.com/adminprahu/tambahbank:5663
[    7102ms] [LOG] WebSocket connection @ https://phbidlautdemo.prahu-hub.com/adminprahu/tambahbank:5706
[    7102ms] [LOG] WebSocket connection attempting... @ https://phbidlautdemo.prahu-hub.com/adminprahu/tambahbank:5784
[    7456ms] [LOG] WebSocket connected @ https://phbidlautdemo.prahu-hub.com/adminprahu/tambahbank:5715
[    7461ms] [LOG] update_dashboard_order_laut @ https://phbidlautdemo.prahu-hub.com/adminprahu/tambahbank:5756
[    7559ms] [LOG] Connected @ https://phbidlautdemo.prahu-hub.com/adminprahu/tambahbank:5756
[    7924ms] [LOG] 200 xhrglobal @ https://phbidlautdemo.prahu-hub.com/adminprahu/tambahbank:5637
[    8684ms] [LOG] 200 xhrglobal @ https://phbidlautdemo.prahu-hub.com/adminprahu/tambahbank:5637
[    9104ms] TypeError: $(...).DataTable is not a function
    at https://phbidlautdemo.prahu-hub.com/_resources/themes/prahutheme/js/scripts-init/tables.js:7:23
[   16317ms] [LOG] undefined @ https://phbidlautdemo.prahu-hub.com/adminprahu/tambahbank:4917
[   16317ms] [LOG] undefined @ https://phbidlautdemo.prahu-hub.com/adminprahu/tambahbank:4917
[   16317ms] [LOG] AUTOTEST-FIXTURE-BANK-01 kata1 @ https://phbidlautdemo.prahu-hub.com/adminprahu/tambahbank:4932
[   16318ms] [LOG]  kata2 @ https://phbidlautdemo.prahu-hub.com/adminprahu/tambahbank:4933
[   16789ms] [LOG] 200 xhrglobal @ https://phbidlautdemo.prahu-hub.com/adminprahu/tambahbank:5637
[   17206ms] [LOG] 200 xhrglobal @ https://phbidlautdemo.prahu-hub.com/adminprahu/tambahbank:5637
