[    1003ms] Cannot use import statement outside a module
[    1042ms] ReferenceError: Chart is not defined
    at https://phbidlautdemo.prahu-hub.com/_resources/themes/prahutheme/js/scripts-init/charts/chartjs.js:8:13
[    1096ms] Unexpected token '<'
[    1209ms] Unexpected token '<'
[    1266ms] Uncaught TypeError: expect element to be DOM Element, but got null
    at <anonymous> (https://cdnjs.cloudflare.com/ajax/libs/smooth-scrollbar/8.5.2/smooth-scrollbar.js:24:264)
    at <anonymous> (https://phbidlautdemo.prahu-hub.com/lelang/detailnego/bk5SZzcyNjJOeTdjQUVuWWtmaTBBQT09:5760:14)
[    1291ms] [LOG] NEGOnamanya @ https://phbidlautdemo.prahu-hub.com/lelang/detailnego/bk5SZzcyNjJOeTdjQUVuWWtmaTBBQT09:2039
[    1305ms] [LOG] undefined @ https://phbidlautdemo.prahu-hub.com/lelang/detailnego/bk5SZzcyNjJOeTdjQUVuWWtmaTBBQT09:6113
[    1305ms] [LOG] Masukkan Harga @ https://phbidlautdemo.prahu-hub.com/lelang/detailnego/bk5SZzcyNjJOeTdjQUVuWWtmaTBBQT09:6113
[    1306ms] [LOG] WebSocket connection @ https://phbidlautdemo.prahu-hub.com/lelang/detailnego/bk5SZzcyNjJOeTdjQUVuWWtmaTBBQT09:6156
[    1306ms] [LOG] WebSocket connection attempting... @ https://phbidlautdemo.prahu-hub.com/lelang/detailnego/bk5SZzcyNjJOeTdjQUVuWWtmaTBBQT09:6234
[    1475ms] [LOG] WebSocket connected @ https://phbidlautdemo.prahu-hub.com/lelang/detailnego/bk5SZzcyNjJOeTdjQUVuWWtmaTBBQT09:6165
[    1479ms] [LOG] update_dashboard_order_laut @ https://phbidlautdemo.prahu-hub.com/lelang/detailnego/bk5SZzcyNjJOeTdjQUVuWWtmaTBBQT09:6206
[    1506ms] [LOG] Connected @ https://phbidlautdemo.prahu-hub.com/lelang/detailnego/bk5SZzcyNjJOeTdjQUVuWWtmaTBBQT09:6206
[    1658ms] [LOG] 200 xhrglobal @ https://phbidlautdemo.prahu-hub.com/lelang/detailnego/bk5SZzcyNjJOeTdjQUVuWWtmaTBBQT09:6087
[    1718ms] [LOG] 200 xhrglobal @ https://phbidlautdemo.prahu-hub.com/lelang/detailnego/bk5SZzcyNjJOeTdjQUVuWWtmaTBBQT09:6087
[    3305ms] TypeError: $(...).DataTable is not a function
    at https://phbidlautdemo.prahu-hub.com/_resources/themes/prahutheme/js/scripts-init/tables.js:7:23
