[    1201ms] ReferenceError: dete is not defined
    at https://phbidlautdemo.prahu-hub.com/user/login:1465:5
[    3900ms] TypeError: Failed to execute 'observe' on 'IntersectionObserver': parameter 1 is not of type 'Element'.
    at https://phbidlautdemo.prahu-hub.com/user/login:1932:14
[    3932ms] [VERBOSE] [DOM] Input elements should have autocomplete attributes (suggested: "current-password"): (More info: https://goo.gl/9p2vKq) %o @ https://phbidlautdemo.prahu-hub.com/user/login:0
[    3937ms] [LOG] 0 @ https://phbidlautdemo.prahu-hub.com/user/login:1426
[    3937ms] [LOG] undefined scr @ https://phbidlautdemo.prahu-hub.com/user/login:1430
[    8099ms] [LOG] ddd @ https://phbidlautdemo.prahu-hub.com/user/login:1525
[    8322ms] [LOG] {pesan: OPERATOR, status: 1, user_aktif: 1, ParentID: 0, redirect: } @ https://phbidlautdemo.prahu-hub.com/user/login:1558
[    8322ms] [LOG] {pesan: OPERATOR, status: 1, user_aktif: 1, ParentID: 0, redirect: } a @ https://phbidlautdemo.prahu-hub.com/user/login:1560
[    9717ms] Cannot use import statement outside a module
[    9749ms] ReferenceError: Chart is not defined
    at https://phbidlautdemo.prahu-hub.com/_resources/themes/prahutheme/js/scripts-init/charts/chartjs.js:8:13
[    9825ms] Unexpected token '<'
[    9943ms] Unexpected token '<'
[   10029ms] Uncaught TypeError: expect element to be DOM Element, but got null
    at n.init (https://cdnjs.cloudflare.com/ajax/libs/smooth-scrollbar/8.5.2/smooth-scrollbar.js:24:264)
    at <anonymous> (https://phbidlautdemo.prahu-hub.com/lelang/listlelang?tab=semua-lelang:5630:14)
[   10073ms] [LOG] Pengajuan Lelangnamanya @ https://phbidlautdemo.prahu-hub.com/lelang/listlelang?tab=semua-lelang:1756
[   10081ms] [LOG] undefined @ https://phbidlautdemo.prahu-hub.com/lelang/listlelang?tab=semua-lelang:5982
[   10081ms] [LOG] undefined @ https://phbidlautdemo.prahu-hub.com/lelang/listlelang?tab=semua-lelang:5982
[   10081ms] [LOG] Masukkan Nama Shipper @ https://phbidlautdemo.prahu-hub.com/lelang/listlelang?tab=semua-lelang:5982
[   10081ms] [LOG] Masukkan Nomor Lelang @ https://phbidlautdemo.prahu-hub.com/lelang/listlelang?tab=semua-lelang:5982
[   10081ms] [LOG] DD/MM/YYYY @ https://phbidlautdemo.prahu-hub.com/lelang/listlelang?tab=semua-lelang:5982
[   10082ms] [LOG] DD/MM/YYYY @ https://phbidlautdemo.prahu-hub.com/lelang/listlelang?tab=semua-lelang:5982
[   10082ms] [LOG] DD/MM/YYYY @ https://phbidlautdemo.prahu-hub.com/lelang/listlelang?tab=semua-lelang:5982
[   10082ms] [LOG] DD/MM/YYYY @ https://phbidlautdemo.prahu-hub.com/lelang/listlelang?tab=semua-lelang:5982
[   10082ms] [LOG] Masukkan Nama Shipper @ https://phbidlautdemo.prahu-hub.com/lelang/listlelang?tab=semua-lelang:5982
[   10082ms] [LOG] undefined @ https://phbidlautdemo.prahu-hub.com/lelang/listlelang?tab=semua-lelang:5982
[   10082ms] [LOG] undefined @ https://phbidlautdemo.prahu-hub.com/lelang/listlelang?tab=semua-lelang:5982
[   10083ms] [LOG] Masukkan Nama Bank @ https://phbidlautdemo.prahu-hub.com/lelang/listlelang?tab=semua-lelang:5982
[   10083ms] [LOG] undefined @ https://phbidlautdemo.prahu-hub.com/lelang/listlelang?tab=semua-lelang:5982
[   10084ms] [LOG] WebSocket connection @ https://phbidlautdemo.prahu-hub.com/lelang/listlelang?tab=semua-lelang:6025
[   10084ms] [LOG] WebSocket connection attempting... @ https://phbidlautdemo.prahu-hub.com/lelang/listlelang?tab=semua-lelang:6103
[   10194ms] [LOG] WebSocket connected @ https://phbidlautdemo.prahu-hub.com/lelang/listlelang?tab=semua-lelang:6034
[   10199ms] [LOG] update_dashboard_order_laut @ https://phbidlautdemo.prahu-hub.com/lelang/listlelang?tab=semua-lelang:6075
[   10222ms] [LOG] Connected @ https://phbidlautdemo.prahu-hub.com/lelang/listlelang?tab=semua-lelang:6075
[   11620ms] [LOG] [Object, Object, Object, Object, Object, Object, Object, Object, Object, Object, Object, Object, Object, Object, Object, Object, Object, Object, Object, Object] @ https://phbidlautdemo.prahu-hub.com/_resources/themes/prahutheme/javascript/custom/listLelang.js?m=1787206890:14
[   11624ms] [LOG] 387 @ https://phbidlautdemo.prahu-hub.com/_resources/themes/prahutheme/javascript/custom/listLelang.js?m=1787206890:818
[   11624ms] [LOG] 387 countView1 1 pageNow 20 limitView1 @ https://phbidlautdemo.prahu-hub.com/_resources/themes/prahutheme/javascript/custom/listLelang.js?m=1787206890:820
[   11624ms] [LOG] 20 @ https://phbidlautdemo.prahu-hub.com/_resources/themes/prahutheme/javascript/custom/listLelang.js?m=1787206890:826
[   11625ms] [LOG] 387 jumlah data @ https://phbidlautdemo.prahu-hub.com/_resources/themes/prahutheme/javascript/custom/listLelang.js?m=1787206890:779
[   11625ms] [LOG] 20 @ https://phbidlautdemo.prahu-hub.com/_resources/themes/prahutheme/javascript/custom/listLelang.js?m=1787206890:781
[   11625ms] [LOG] 20 1 pageCount & pageNow @ https://phbidlautdemo.prahu-hub.com/_resources/themes/prahutheme/javascript/custom/listLelang.js?m=1787206890:704
[   11627ms] [LOG] 200 xhrglobal @ https://phbidlautdemo.prahu-hub.com/lelang/listlelang?tab=semua-lelang:5956
[   11650ms] ReferenceError: renderTooltipHarga is not defined
    at https://phbidlautdemo.prahu-hub.com/_resources/themes/prahutheme/javascript/custom/listLelang.js?m=1787206890:1049:9
[   11741ms] [LOG] 200 xhrglobal @ https://phbidlautdemo.prahu-hub.com/lelang/listlelang?tab=semua-lelang:5956
[   11824ms] [LOG] 200 xhrglobal @ https://phbidlautdemo.prahu-hub.com/lelang/listlelang?tab=semua-lelang:5956
[   12090ms] TypeError: $(...).DataTable is not a function
    at https://phbidlautdemo.prahu-hub.com/_resources/themes/prahutheme/js/scripts-init/tables.js:7:23
[   12918ms] Cannot use import statement outside a module
[   12940ms] ReferenceError: Chart is not defined
    at https://phbidlautdemo.prahu-hub.com/_resources/themes/prahutheme/js/scripts-init/charts/chartjs.js:8:13
[   13160ms] Unexpected token '<'
[   13163ms] Unexpected token '<'
[   13211ms] Uncaught TypeError: expect element to be DOM Element, but got null
    at n.init (https://cdnjs.cloudflare.com/ajax/libs/smooth-scrollbar/8.5.2/smooth-scrollbar.js:24:264)
    at <anonymous> (https://phbidlautdemo.prahu-hub.com/home/penugasantracking:6804:14)
[   13235ms] [LOG] 1 @ https://phbidlautdemo.prahu-hub.com/_resources/themes/prahutheme/javascript/custom/penugasantracking.js?m=1787206890:572
[   13235ms] [LOG] 20 @ https://phbidlautdemo.prahu-hub.com/_resources/themes/prahutheme/javascript/custom/penugasantracking.js?m=1787206890:573
[   13238ms] [LOG] Penugasan Trackingnamanya @ https://phbidlautdemo.prahu-hub.com/home/penugasantracking:1756
[   13252ms] [LOG] Masukkan ID Order @ https://phbidlautdemo.prahu-hub.com/home/penugasantracking:7156
[   13252ms] [LOG] undefined @ https://phbidlautdemo.prahu-hub.com/home/penugasantracking:7156
[   13252ms] [LOG] Masukkan Nama Shipper @ https://phbidlautdemo.prahu-hub.com/home/penugasantracking:7156
[   13252ms] [LOG] DD/MM/YYYY - DD/MM/YYYY @ https://phbidlautdemo.prahu-hub.com/home/penugasantracking:7156
[   13253ms] [LOG] Search... @ https://phbidlautdemo.prahu-hub.com/home/penugasantracking:7156
[   13253ms] [LOG] Search... @ https://phbidlautdemo.prahu-hub.com/home/penugasantracking:7156
[   13253ms] [LOG] DD/MM/YYYY - DD/MM/YYYY @ https://phbidlautdemo.prahu-hub.com/home/penugasantracking:7156
[   13253ms] [LOG] DD/MM/YYYY - DD/MM/YYYY @ https://phbidlautdemo.prahu-hub.com/home/penugasantracking:7156
[   13253ms] [LOG] Search... @ https://phbidlautdemo.prahu-hub.com/home/penugasantracking:7156
[   13253ms] [LOG] undefined @ https://phbidlautdemo.prahu-hub.com/home/penugasantracking:7156
[   13254ms] [LOG] Masukkan Nama Kapal @ https://phbidlautdemo.prahu-hub.com/home/penugasantracking:7156
[   13254ms] [LOG] Masukkan Nomor Kontainer @ https://phbidlautdemo.prahu-hub.com/home/penugasantracking:7156
[   13254ms] [LOG] Masukkan Jumlah @ https://phbidlautdemo.prahu-hub.com/home/penugasantracking:7156
[   13255ms] [LOG] WebSocket connection @ https://phbidlautdemo.prahu-hub.com/home/penugasantracking:7199
[   13255ms] [LOG] WebSocket connection attempting... @ https://phbidlautdemo.prahu-hub.com/home/penugasantracking:7277
[   13369ms] [LOG] WebSocket connected @ https://phbidlautdemo.prahu-hub.com/home/penugasantracking:7208
[   13378ms] [LOG] update_dashboard_order_laut @ https://phbidlautdemo.prahu-hub.com/home/penugasantracking:7249
[   13397ms] [LOG] Connected @ https://phbidlautdemo.prahu-hub.com/home/penugasantracking:7249
[   13954ms] [LOG] datanya20 @ https://phbidlautdemo.prahu-hub.com/_resources/themes/prahutheme/javascript/custom/penugasantracking.js?m=1787206890:610
[   13956ms] [LOG] [Object, Object, Object, Object, Object, Object, Object, Object, Object, Object, Object, Object, Object, Object, Object, Object, Object, Object, Object, Object] @ https://phbidlautdemo.prahu-hub.com/_resources/themes/prahutheme/javascript/custom/penugasantracking.js?m=1787206890:248
[   13963ms] [LOG] {ID: RU5JcnhCZE54TlhrTEswZEQyU0FEdz09, Nomor_Order: 20260820-06504, Nomor_Lelang: LELANGIK/02/2026/NRML#2, Tgl_Permintaan_Muat: 22/08/2026 10:15, Nama_Kapal: SS} @ https://phbidlautdemo.prahu-hub.com/_resources/themes/prahutheme/javascript/custom/penugasantracking.js?m=1787206890:254
[   13964ms] [LOG] {ID: dUkwK0ZZNEI4OVNoaktnQjZxSFA3QT09, Nomor_Order: 20260811-06501, Nomor_Lelang: LELANGIK/247/2026/MLTD, Tgl_Permintaan_Muat: 27/08/2026 09:05, Nama_Kapal: KM. Jaya} @ https://phbidlautdemo.prahu-hub.com/_resources/themes/prahutheme/javascript/custom/penugasantracking.js?m=1787206890:254
[   13964ms] [LOG] {ID: S1IxWjM2MUc0cE8xVER1UUtLc2dmQT09, Nomor_Order: 20260713-06501, Nomor_Lelang: LELANGIK/02/2026/NRML#2, Tgl_Permintaan_Muat: 13/07/2026 10:41, Nama_Kapal: KM. Kalimas} @ https://phbidlautdemo.prahu-hub.com/_resources/themes/prahutheme/javascript/custom/penugasantracking.js?m=1787206890:254
[   13965ms] [LOG] {ID: VVpWU1E2WGxjN09xRTJWc0hqeTZDQT09, Nomor_Order: 20260629-06501, Nomor_Lelang: LELANGIK/247/2026/MLTD, Tgl_Permintaan_Muat: 29/06/2026 15:08, Nama_Kapal: KM. Layar} @ https://phbidlautdemo.prahu-hub.com/_resources/themes/prahutheme/javascript/custom/penugasantracking.js?m=1787206890:254
[   13965ms] [LOG] {ID: WnJQWHhhdEx5ZlpaRFVBbkt6bmVVUT09, Nomor_Order: 20260627-06501, Nomor_Lelang: LELANGIK/02/2026/NRML#2, Tgl_Permintaan_Muat: 01/07/2026 09:00, Nama_Kapal: KM. Larantuka} @ https://phbidlautdemo.prahu-hub.com/_resources/themes/prahutheme/javascript/custom/penugasantracking.js?m=1787206890:254
[   13966ms] [LOG] {ID: a2xGMUNUTHdGSjFRMW1aMzN2dVNtUT09, Nomor_Order: 20260624-06501, Nomor_Lelang: LELANG0004, Tgl_Permintaan_Muat: 07/07/2026 15:31, Nama_Kapal: KM. Lamunan} @ https://phbidlautdemo.prahu-hub.com/_resources/themes/prahutheme/javascript/custom/penugasantracking.js?m=1787206890:254
[   13967ms] [LOG] {ID: ZksrQ3oxbm5pOFJON2RSTlZ6cXpGQT09, Nomor_Order: 20260615-06501, Nomor_Lelang: QA/06/26-ORD1, Tgl_Permintaan_Muat: 27/06/2026 10:00, Nama_Kapal: KM QA TEST} @ https://phbidlautdemo.prahu-hub.com/_resources/themes/prahutheme/javascript/custom/penugasantracking.js?m=1787206890:254
[   13967ms] [LOG] {ID: TS9HYVlqaHNUT2ExM2FiNDZzSi9BQT09, Nomor_Order: 20260528-06502, Nomor_Lelang: LELANG0004, Tgl_Permintaan_Muat: 31/05/2026 08:09, Nama_Kapal: KM. Landipan} @ https://phbidlautdemo.prahu-hub.com/_resources/themes/prahutheme/javascript/custom/penugasantracking.js?m=1787206890:254
[   13968ms] [LOG] {ID: RkwxeUJDdU1jVXdCUWtQSkZWMml2dz09, Nomor_Order: 20260427-06502, Nomor_Lelang: LELANGIK/247/2026/MLTD, Tgl_Permintaan_Muat: 30/04/2026 08:53, Nama_Kapal: KM. Linda} @ https://phbidlautdemo.prahu-hub.com/_resources/themes/prahutheme/javascript/custom/penugasantracking.js?m=1787206890:254
[   13968ms] [LOG] {ID: dUpEQkQzV0NUT29yUWZLQVhQeFZGUT09, Nomor_Order: 20260427-06501, Nomor_Lelang: LELANGIK/247/2026/MLTD, Tgl_Permintaan_Muat: 30/04/2026 08:46, Nama_Kapal: KM. Linda} @ https://phbidlautdemo.prahu-hub.com/_resources/themes/prahutheme/javascript/custom/penugasantracking.js?m=1787206890:254
[   13969ms] [LOG] {ID: MGljaUVTZ2JSNWd4STFSeHc4UmxTUT09, Nomor_Order: 20260420-06501, Nomor_Lelang: LELANGIK/02/2026/NRML#2, Tgl_Permintaan_Muat: 01/06/2026 03:40, Nama_Kapal: KM. Manokwari} @ https://phbidlautdemo.prahu-hub.com/_resources/themes/prahutheme/javascript/custom/penugasantracking.js?m=1787206890:254
[   13969ms] [LOG] {ID: Unp6L1pRdGhtSEtpOWdkM21QZSswdz09, Nomor_Order: 20260416-05929, Nomor_Lelang: LELANG/IK/1604, Tgl_Permintaan_Muat: 11/06/2026 14:41, Nama_Kapal: KM. Fashion} @ https://phbidlautdemo.prahu-hub.com/_resources/themes/prahutheme/javascript/custom/penugasantracking.js?m=1787206890:254
[   13970ms] [LOG] {ID: NEd4T095Q0RYRG1SaUdINTdXQnc4Zz09, Nomor_Order: 20260416-05919, Nomor_Lelang: LELANG/IK/1604, Tgl_Permintaan_Muat: 08/06/2026 14:15, Nama_Kapal: KM. Lunar} @ https://phbidlautdemo.prahu-hub.com/_resources/themes/prahutheme/javascript/custom/penugasantracking.js?m=1787206890:254
[   13970ms] [LOG] {ID: NmNjZlA1aXVPTWZ4VVUxYUE5MGVHQT09, Nomor_Order: 20260404-06506, Nomor_Lelang: LELANGIK/02/2026/NRML#2, Tgl_Permintaan_Muat: 30/04/2026 09:53, Nama_Kapal: KM. Manokwari} @ https://phbidlautdemo.prahu-hub.com/_resources/themes/prahutheme/javascript/custom/penugasantracking.js?m=1787206890:254
[   13971ms] [LOG] {ID: WFhBRGxRRTlERm4vZEtCV0h5bFZNZz09, Nomor_Order: 20260404-06505, Nomor_Lelang: LELANG#1(IK)+02-06-2025/MD, Tgl_Permintaan_Muat: 30/04/2026 09:52, Nama_Kapal: KM. Linda PMT} @ https://phbidlautdemo.prahu-hub.com/_resources/themes/prahutheme/javascript/custom/penugasantracking.js?m=1787206890:254
[   13971ms] [LOG] {ID: T3Bpd251Nzc5WXJlSnBRN1BDSUpVdz09, Nomor_Order: 20260404-06504, Nomor_Lelang: LELANG#1(IK)+02-06-2025/MD, Tgl_Permintaan_Muat: 28/04/2026 08:29, Nama_Kapal: KM. Linda PMT} @ https://phbidlautdemo.prahu-hub.com/_resources/themes/prahutheme/javascript/custom/penugasantracking.js?m=1787206890:254
[   13972ms] [LOG] {ID: SDk0dC9kZXZ1MnRGN1A3ZmoybGlDUT09, Nomor_Order: 20260404-06503, Nomor_Lelang: LELANG#1(IK)+02-06-2025/MD, Tgl_Permintaan_Muat: 28/04/2026 08:29, Nama_Kapal: KM. Linda PMT} @ https://phbidlautdemo.prahu-hub.com/_resources/themes/prahutheme/javascript/custom/penugasantracking.js?m=1787206890:254
[   13972ms] [LOG] {ID: YTBHbWRZMi9mbHJHcURubXhhMG9ldz09, Nomor_Order: 20260401-06503, Nomor_Lelang: LELANG#1(IK)+02-06-2025/MD, Tgl_Permintaan_Muat: 23/04/2026 23:23, Nama_Kapal: KM. Linda PMT} @ https://phbidlautdemo.prahu-hub.com/_resources/themes/prahutheme/javascript/custom/penugasantracking.js?m=1787206890:254
[   13973ms] [LOG] {ID: VVl5VFBidEJ3T1ZOYTR1ZXo4ajlxdz09, Nomor_Order: 20260401-06501, Nomor_Lelang: LELANGIK/02/2026/NRML#2, Tgl_Permintaan_Muat: 01/04/2026 15:00, Nama_Kapal: KM. Linda} @ https://phbidlautdemo.prahu-hub.com/_resources/themes/prahutheme/javascript/custom/penugasantracking.js?m=1787206890:254
[   13973ms] [LOG] {ID: MG12S09TUnBqM0lVSDZSZU5LYWJnQT09, Nomor_Order: 20260307-06502, Nomor_Lelang: LELANGIK/02/2026/NRML#2, Tgl_Permintaan_Muat: 09/03/2026 08:37, Nama_Kapal: KM 24} @ https://phbidlautdemo.prahu-hub.com/_resources/themes/prahutheme/javascript/custom/penugasantracking.js?m=1787206890:254
[   13997ms] [LOG] [Object, Object, Object, Object, Object, Object, Object, Object, Object, Object, Object, Object, Object, Object, Object, Object, Object, Object, Object, Object] @ https://phbidlautdemo.prahu-hub.com/_resources/themes/prahutheme/javascript/custom/penugasantracking.js?m=1787206890:39
[   14000ms] [LOG] 202 @ https://phbidlautdemo.prahu-hub.com/_resources/themes/prahutheme/javascript/custom/penugasantracking.js?m=1787206890:542
[   14000ms] [LOG] 202 countView1 1 pageNow 20 limitView1 @ https://phbidlautdemo.prahu-hub.com/_resources/themes/prahutheme/javascript/custom/penugasantracking.js?m=1787206890:544
[   14000ms] [LOG] 20 @ https://phbidlautdemo.prahu-hub.com/_resources/themes/prahutheme/javascript/custom/penugasantracking.js?m=1787206890:555
[   14001ms] [LOG] 202 jumlah data @ https://phbidlautdemo.prahu-hub.com/_resources/themes/prahutheme/javascript/custom/penugasantracking.js?m=1787206890:499
[   14001ms] [LOG] 11 @ https://phbidlautdemo.prahu-hub.com/_resources/themes/prahutheme/javascript/custom/penugasantracking.js?m=1787206890:501
[   14002ms] [LOG] 11 1 pageCount & pageNow @ https://phbidlautdemo.prahu-hub.com/_resources/themes/prahutheme/javascript/custom/penugasantracking.js?m=1787206890:426
[   14003ms] [LOG] 200 xhrglobal @ https://phbidlautdemo.prahu-hub.com/home/penugasantracking:7130
[   14192ms] [LOG] 200 xhrglobal @ https://phbidlautdemo.prahu-hub.com/home/penugasantracking:7130
[   14334ms] [LOG] 200 xhrglobal @ https://phbidlautdemo.prahu-hub.com/home/penugasantracking:7130
[   15241ms] TypeError: $(...).DataTable is not a function
    at https://phbidlautdemo.prahu-hub.com/_resources/themes/prahutheme/js/scripts-init/tables.js:7:23
[   19682ms] [LOG] Connected @ https://phbidlautdemo.prahu-hub.com/home/penugasantracking:7249
[   23066ms] [LOG] Connected @ https://phbidlautdemo.prahu-hub.com/home/penugasantracking:7249
[   34509ms] [LOG] Connected @ https://phbidlautdemo.prahu-hub.com/home/penugasantracking:7249
[   46387ms] [LOG] Connected @ https://phbidlautdemo.prahu-hub.com/home/penugasantracking:7249
