[    1339ms] Cannot use import statement outside a module
[    1356ms] ReferenceError: Chart is not defined
    at https://phbidlautdemo.prahu-hub.com/_resources/themes/prahutheme/js/scripts-init/charts/chartjs.js:8:13
[    1448ms] Unexpected token '<'
[    1450ms] Unexpected token '<'
[    1487ms] Uncaught TypeError: expect element to be DOM Element, but got null
    at n.init (https://cdnjs.cloudflare.com/ajax/libs/smooth-scrollbar/8.5.2/smooth-scrollbar.js:24:264)
    at <anonymous> (https://phbidlautdemo.prahu-hub.com/home/history_lelang:5189:14)
[    1503ms] [LOG] Laporannamanya @ https://phbidlautdemo.prahu-hub.com/home/history_lelang:1876
[    1511ms] [LOG] DD/MM/YYYY @ https://phbidlautdemo.prahu-hub.com/home/history_lelang:5541
[    1511ms] [LOG] DD/MM/YYYY @ https://phbidlautdemo.prahu-hub.com/home/history_lelang:5541
[    1511ms] [LOG] undefined @ https://phbidlautdemo.prahu-hub.com/home/history_lelang:5541
[    1512ms] [LOG] WebSocket connection @ https://phbidlautdemo.prahu-hub.com/home/history_lelang:5584
[    1512ms] [LOG] WebSocket connection attempting... @ https://phbidlautdemo.prahu-hub.com/home/history_lelang:5662
[    1619ms] [LOG] WebSocket connected @ https://phbidlautdemo.prahu-hub.com/home/history_lelang:5593
[    1620ms] [LOG] update_dashboard_order_laut @ https://phbidlautdemo.prahu-hub.com/home/history_lelang:5634
[    1645ms] [LOG] Connected @ https://phbidlautdemo.prahu-hub.com/home/history_lelang:5634
[    1732ms] [LOG] 200 xhrglobal @ https://phbidlautdemo.prahu-hub.com/home/history_lelang:5515
[    1798ms] [LOG] 200 xhrglobal @ https://phbidlautdemo.prahu-hub.com/home/history_lelang:5515
[    3512ms] TypeError: $(...).DataTable is not a function
    at https://phbidlautdemo.prahu-hub.com/_resources/themes/prahutheme/js/scripts-init/tables.js:7:23
[   34277ms] [LOG] 01/06/2026 @ https://phbidlautdemo.prahu-hub.com/home/history_lelang:4740
[   34278ms] [LOG] 01/07/2026 @ https://phbidlautdemo.prahu-hub.com/home/history_lelang:4741
[   35571ms] Cannot use import statement outside a module
[   35592ms] ReferenceError: Chart is not defined
    at https://phbidlautdemo.prahu-hub.com/_resources/themes/prahutheme/js/scripts-init/charts/chartjs.js:8:13
[   35732ms] Unexpected token '<'
[   35987ms] Unexpected token '<'
[   36046ms] Uncaught TypeError: expect element to be DOM Element, but got null
    at n.init (https://cdnjs.cloudflare.com/ajax/libs/smooth-scrollbar/8.5.2/smooth-scrollbar.js:24:264)
    at <anonymous> (https://phbidlautdemo.prahu-hub.com/home/history_lelang?tgl_awal=01%2F06%2F2026&tgl_akhir=01%2F07%2F2026&status_filter=1:5296:14)
[   36061ms] [LOG] Laporannamanya @ https://phbidlautdemo.prahu-hub.com/home/history_lelang?tgl_awal=01%2F06%2F2026&tgl_akhir=01%2F07%2F2026&status_filter=1:1877
[   36071ms] [LOG] DD/MM/YYYY @ https://phbidlautdemo.prahu-hub.com/home/history_lelang?tgl_awal=01%2F06%2F2026&tgl_akhir=01%2F07%2F2026&status_filter=1:5648
[   36071ms] [LOG] DD/MM/YYYY @ https://phbidlautdemo.prahu-hub.com/home/history_lelang?tgl_awal=01%2F06%2F2026&tgl_akhir=01%2F07%2F2026&status_filter=1:5648
[   36071ms] [LOG] undefined @ https://phbidlautdemo.prahu-hub.com/home/history_lelang?tgl_awal=01%2F06%2F2026&tgl_akhir=01%2F07%2F2026&status_filter=1:5648
[   36072ms] [LOG] WebSocket connection @ https://phbidlautdemo.prahu-hub.com/home/history_lelang?tgl_awal=01%2F06%2F2026&tgl_akhir=01%2F07%2F2026&status_filter=1:5691
[   36072ms] [LOG] WebSocket connection attempting... @ https://phbidlautdemo.prahu-hub.com/home/history_lelang?tgl_awal=01%2F06%2F2026&tgl_akhir=01%2F07%2F2026&status_filter=1:5769
[   36184ms] [LOG] WebSocket connected @ https://phbidlautdemo.prahu-hub.com/home/history_lelang?tgl_awal=01%2F06%2F2026&tgl_akhir=01%2F07%2F2026&status_filter=1:5700
[   36192ms] [LOG] update_dashboard_order_laut @ https://phbidlautdemo.prahu-hub.com/home/history_lelang?tgl_awal=01%2F06%2F2026&tgl_akhir=01%2F07%2F2026&status_filter=1:5741
[   36212ms] [LOG] Connected @ https://phbidlautdemo.prahu-hub.com/home/history_lelang?tgl_awal=01%2F06%2F2026&tgl_akhir=01%2F07%2F2026&status_filter=1:5741
[   36439ms] [LOG] {ID: 1062, nomer: 3, nomerlelang: QA/06/26-ORD1, tgl_buka: 2026-06-15 22:26:00, tanggal_buka: 15/06/2026 22:26} @ https://phbidlautdemo.prahu-hub.com/_resources/themes/prahutheme/javascript/custom/history_lelang.js?m=1786589824:22
[   36439ms] [LOG] {ID: 1060, nomer: 2, nomerlelang: QA/06/26-E2E1, tgl_buka: 2026-06-15 20:45:00, tanggal_buka: 15/06/2026 20:45} @ https://phbidlautdemo.prahu-hub.com/_resources/themes/prahutheme/javascript/custom/history_lelang.js?m=1786589824:22
[   36440ms] [LOG] {ID: 1053, nomer: 1, nomerlelang: LELANG0001, tgl_buka: 2026-06-01 07:35:00, tanggal_buka: 01/06/2026 07:35} @ https://phbidlautdemo.prahu-hub.com/_resources/themes/prahutheme/javascript/custom/history_lelang.js?m=1786589824:22
[   36442ms] [LOG] 3 @ https://phbidlautdemo.prahu-hub.com/_resources/themes/prahutheme/javascript/custom/history_lelang.js?m=1786589824:353
[   36443ms] [LOG] 3 countView1 1 pageNow 20 limitView1 @ https://phbidlautdemo.prahu-hub.com/_resources/themes/prahutheme/javascript/custom/history_lelang.js?m=1786589824:355
[   36443ms] [LOG] 3 @ https://phbidlautdemo.prahu-hub.com/_resources/themes/prahutheme/javascript/custom/history_lelang.js?m=1786589824:361
[   36445ms] [LOG] 3 jumlah data @ https://phbidlautdemo.prahu-hub.com/_resources/themes/prahutheme/javascript/custom/history_lelang.js?m=1786589824:316
[   36446ms] [LOG] 1 @ https://phbidlautdemo.prahu-hub.com/_resources/themes/prahutheme/javascript/custom/history_lelang.js?m=1786589824:318
[   36447ms] [LOG] 1 1 pageCount & pageNow @ https://phbidlautdemo.prahu-hub.com/_resources/themes/prahutheme/javascript/custom/history_lelang.js?m=1786589824:241
[   36453ms] [LOG] 200 xhrglobal @ https://phbidlautdemo.prahu-hub.com/home/history_lelang?tgl_awal=01%2F06%2F2026&tgl_akhir=01%2F07%2F2026&status_filter=1:5622
[   36472ms] ReferenceError: renderTooltipHarga is not defined
    at https://phbidlautdemo.prahu-hub.com/_resources/themes/prahutheme/javascript/custom/history_lelang.js?m=1786589824:445:9
[   36656ms] [LOG] 200 xhrglobal @ https://phbidlautdemo.prahu-hub.com/home/history_lelang?tgl_awal=01%2F06%2F2026&tgl_akhir=01%2F07%2F2026&status_filter=1:5622
[   36789ms] [LOG] 200 xhrglobal @ https://phbidlautdemo.prahu-hub.com/home/history_lelang?tgl_awal=01%2F06%2F2026&tgl_akhir=01%2F07%2F2026&status_filter=1:5622
[   38072ms] TypeError: $(...).DataTable is not a function
    at https://phbidlautdemo.prahu-hub.com/_resources/themes/prahutheme/js/scripts-init/tables.js:7:23
[   56629ms] [LOG] Connected @ https://phbidlautdemo.prahu-hub.com/home/history_lelang?tgl_awal=01%2F06%2F2026&tgl_akhir=01%2F07%2F2026&status_filter=1:5741
