[    1094ms] Cannot use import statement outside a module
[    1119ms] ReferenceError: Chart is not defined
    at https://phbidlautdemo.prahu-hub.com/_resources/themes/prahutheme/js/scripts-init/charts/chartjs.js:8:13
[    1236ms] Unexpected token '<'
[    1237ms] Unexpected token '<'
[    1404ms] [LOG] Daftar Ordernamanya @ https://phbidlautdemo.prahu-hub.com/order/edit_inputpesanan/cE81VTMwcCswa2gzY09EQWtNclJHZz09:2307
[    1436ms] [LOG] Sun Aug 30 2026 01:17:00 GMT+0700 (Western Indonesia Time) @ https://phbidlautdemo.prahu-hub.com/order/edit_inputpesanan/cE81VTMwcCswa2gzY09EQWtNclJHZz09:8568
[    1437ms] [LOG] Mon Aug 31 2026 00:00:00 GMT+0700 (Western Indonesia Time) @ https://phbidlautdemo.prahu-hub.com/order/edit_inputpesanan/cE81VTMwcCswa2gzY09EQWtNclJHZz09:8569
[    1458ms] [LOG] undefined @ https://phbidlautdemo.prahu-hub.com/order/edit_inputpesanan/cE81VTMwcCswa2gzY09EQWtNclJHZz09:9669
[    1459ms] [LOG] undefined @ https://phbidlautdemo.prahu-hub.com/order/edit_inputpesanan/cE81VTMwcCswa2gzY09EQWtNclJHZz09:9669
[    1459ms] [LOG] undefined @ https://phbidlautdemo.prahu-hub.com/order/edit_inputpesanan/cE81VTMwcCswa2gzY09EQWtNclJHZz09:9669
[    1459ms] [LOG] undefined @ https://phbidlautdemo.prahu-hub.com/order/edit_inputpesanan/cE81VTMwcCswa2gzY09EQWtNclJHZz09:9669
[    1460ms] [LOG] undefined @ https://phbidlautdemo.prahu-hub.com/order/edit_inputpesanan/cE81VTMwcCswa2gzY09EQWtNclJHZz09:9669
[    1460ms] [LOG] undefined @ https://phbidlautdemo.prahu-hub.com/order/edit_inputpesanan/cE81VTMwcCswa2gzY09EQWtNclJHZz09:9669
[    1460ms] [LOG] undefined @ https://phbidlautdemo.prahu-hub.com/order/edit_inputpesanan/cE81VTMwcCswa2gzY09EQWtNclJHZz09:9669
[    1461ms] [LOG] Masukkan Nomor Referensi @ https://phbidlautdemo.prahu-hub.com/order/edit_inputpesanan/cE81VTMwcCswa2gzY09EQWtNclJHZz09:9669
[    1461ms] [LOG] Tulis alasan anda disini @ https://phbidlautdemo.prahu-hub.com/order/edit_inputpesanan/cE81VTMwcCswa2gzY09EQWtNclJHZz09:9669
[    1461ms] [LOG] Masukkan Jumlah @ https://phbidlautdemo.prahu-hub.com/order/edit_inputpesanan/cE81VTMwcCswa2gzY09EQWtNclJHZz09:9669
[    1462ms] [LOG] DD/MM/YYYY hh:mm @ https://phbidlautdemo.prahu-hub.com/order/edit_inputpesanan/cE81VTMwcCswa2gzY09EQWtNclJHZz09:9669
[    1462ms] [LOG] Masukkan Deskripsi Umum Barang @ https://phbidlautdemo.prahu-hub.com/order/edit_inputpesanan/cE81VTMwcCswa2gzY09EQWtNclJHZz09:9669
[    1462ms] [LOG] undefined @ https://phbidlautdemo.prahu-hub.com/order/edit_inputpesanan/cE81VTMwcCswa2gzY09EQWtNclJHZz09:9669
[    1463ms] [LOG] Masukkan Nama PIC Pemuatan @ https://phbidlautdemo.prahu-hub.com/order/edit_inputpesanan/cE81VTMwcCswa2gzY09EQWtNclJHZz09:9669
[    1463ms] [LOG] Masukkan Nomor @ https://phbidlautdemo.prahu-hub.com/order/edit_inputpesanan/cE81VTMwcCswa2gzY09EQWtNclJHZz09:9669
[    1463ms] [LOG] undefined @ https://phbidlautdemo.prahu-hub.com/order/edit_inputpesanan/cE81VTMwcCswa2gzY09EQWtNclJHZz09:9669
[    1464ms] [LOG] undefined @ https://phbidlautdemo.prahu-hub.com/order/edit_inputpesanan/cE81VTMwcCswa2gzY09EQWtNclJHZz09:9669
[    1464ms] [LOG] Masukkan Nama Perusahaan @ https://phbidlautdemo.prahu-hub.com/order/edit_inputpesanan/cE81VTMwcCswa2gzY09EQWtNclJHZz09:9669
[    1464ms] [LOG] Masukkan Nama PIC Penerimaan @ https://phbidlautdemo.prahu-hub.com/order/edit_inputpesanan/cE81VTMwcCswa2gzY09EQWtNclJHZz09:9669
[    1465ms] [LOG] Masukkan Nomor @ https://phbidlautdemo.prahu-hub.com/order/edit_inputpesanan/cE81VTMwcCswa2gzY09EQWtNclJHZz09:9669
[    1465ms] [LOG] Masukkan Nama Sales @ https://phbidlautdemo.prahu-hub.com/order/edit_inputpesanan/cE81VTMwcCswa2gzY09EQWtNclJHZz09:9669
[    1465ms] [LOG] Masukkan Nomor Sales @ https://phbidlautdemo.prahu-hub.com/order/edit_inputpesanan/cE81VTMwcCswa2gzY09EQWtNclJHZz09:9669
[    1465ms] [LOG] undefined @ https://phbidlautdemo.prahu-hub.com/order/edit_inputpesanan/cE81VTMwcCswa2gzY09EQWtNclJHZz09:9669
[    1466ms] [LOG] undefined @ https://phbidlautdemo.prahu-hub.com/order/edit_inputpesanan/cE81VTMwcCswa2gzY09EQWtNclJHZz09:9669
[    1468ms] [LOG] WebSocket connection @ https://phbidlautdemo.prahu-hub.com/order/edit_inputpesanan/cE81VTMwcCswa2gzY09EQWtNclJHZz09:9712
[    1468ms] [LOG] WebSocket connection attempting... @ https://phbidlautdemo.prahu-hub.com/order/edit_inputpesanan/cE81VTMwcCswa2gzY09EQWtNclJHZz09:9790
[    1848ms] [LOG] WebSocket connected @ https://phbidlautdemo.prahu-hub.com/order/edit_inputpesanan/cE81VTMwcCswa2gzY09EQWtNclJHZz09:9721
[    1856ms] [LOG] update_dashboard_order_laut @ https://phbidlautdemo.prahu-hub.com/order/edit_inputpesanan/cE81VTMwcCswa2gzY09EQWtNclJHZz09:9762
[    1880ms] [LOG] Connected @ https://phbidlautdemo.prahu-hub.com/order/edit_inputpesanan/cE81VTMwcCswa2gzY09EQWtNclJHZz09:9762
[    1957ms] [LOG] 200 xhrglobal @ https://phbidlautdemo.prahu-hub.com/order/edit_inputpesanan/cE81VTMwcCswa2gzY09EQWtNclJHZz09:9643
[    2018ms] [LOG] 200 xhrglobal @ https://phbidlautdemo.prahu-hub.com/order/edit_inputpesanan/cE81VTMwcCswa2gzY09EQWtNclJHZz09:9643
[    3423ms] TypeError: $(...).DataTable is not a function
    at https://phbidlautdemo.prahu-hub.com/_resources/themes/prahutheme/js/scripts-init/tables.js:7:23
