[    1011ms] Cannot use import statement outside a module
[    1036ms] ReferenceError: Chart is not defined
    at https://phbidlautdemo.prahu-hub.com/_resources/themes/prahutheme/js/scripts-init/charts/chartjs.js:8:13
[    1091ms] Unexpected token '<'
[    1205ms] Unexpected token '<'
[    1281ms] Uncaught TypeError: expect element to be DOM Element, but got null
    at <anonymous> (https://cdnjs.cloudflare.com/ajax/libs/smooth-scrollbar/8.5.2/smooth-scrollbar.js:24:264)
    at <anonymous> (https://phbidlautdemo.prahu-hub.com/adminprahu/setting_pelabuhan:8524:14)
[    1326ms] [LOG] undefinednamanya @ https://phbidlautdemo.prahu-hub.com/adminprahu/setting_pelabuhan:2040
[    1344ms] [LOG] undefined @ https://phbidlautdemo.prahu-hub.com/adminprahu/setting_pelabuhan:8877
[    1344ms] [LOG] Masukkan UN Code @ https://phbidlautdemo.prahu-hub.com/adminprahu/setting_pelabuhan:8877
[    1345ms] [LOG] Masukkan Nama Pelabuhan @ https://phbidlautdemo.prahu-hub.com/adminprahu/setting_pelabuhan:8877
[    1345ms] [LOG] undefined @ https://phbidlautdemo.prahu-hub.com/adminprahu/setting_pelabuhan:8877
[    1345ms] [LOG] Masukkan Nama Pelabuhan @ https://phbidlautdemo.prahu-hub.com/adminprahu/setting_pelabuhan:8877
[    1345ms] [LOG] Masukkan UN Code @ https://phbidlautdemo.prahu-hub.com/adminprahu/setting_pelabuhan:8877
[    1345ms] [LOG] undefined @ https://phbidlautdemo.prahu-hub.com/adminprahu/setting_pelabuhan:8877
[    1345ms] [LOG] Masukkan UNCODE Meratus @ https://phbidlautdemo.prahu-hub.com/adminprahu/setting_pelabuhan:8877
[    1347ms] [LOG] WebSocket connection @ https://phbidlautdemo.prahu-hub.com/adminprahu/setting_pelabuhan:8920
[    1347ms] [LOG] WebSocket connection attempting... @ https://phbidlautdemo.prahu-hub.com/adminprahu/setting_pelabuhan:8998
[    1598ms] [LOG] [Object, Object, Object, Object, Object, Object, Object, Object, Object, Object, Object, Object, Object, Object, Object, Object, Object, Object, Object, Object] @ https://phbidlautdemo.prahu-hub.com/_resources/themes/prahutheme/javascript/custom/setting_pelabuhan.js?m=1787972929:42
[    1602ms] [LOG] 64 @ https://phbidlautdemo.prahu-hub.com/_resources/themes/prahutheme/javascript/custom/setting_pelabuhan.js?m=1787972929:667
[    1602ms] [LOG] 64 countView1 1 pageNow 20 limitView1 @ https://phbidlautdemo.prahu-hub.com/_resources/themes/prahutheme/javascript/custom/setting_pelabuhan.js?m=1787972929:669
[    1603ms] [LOG] 20 @ https://phbidlautdemo.prahu-hub.com/_resources/themes/prahutheme/javascript/custom/setting_pelabuhan.js?m=1787972929:675
[    1603ms] [LOG] 64 jumlah data @ https://phbidlautdemo.prahu-hub.com/_resources/themes/prahutheme/javascript/custom/setting_pelabuhan.js?m=1787972929:632
[    1604ms] [LOG] 4 @ https://phbidlautdemo.prahu-hub.com/_resources/themes/prahutheme/javascript/custom/setting_pelabuhan.js?m=1787972929:634
[    1604ms] [LOG] 4 1 pageCount & pageNow @ https://phbidlautdemo.prahu-hub.com/_resources/themes/prahutheme/javascript/custom/setting_pelabuhan.js?m=1787972929:558
[    1606ms] [LOG] 200 xhrglobal @ https://phbidlautdemo.prahu-hub.com/adminprahu/setting_pelabuhan:8851
[    1607ms] [LOG] ce.fn.init stepItem @ https://phbidlautdemo.prahu-hub.com/_resources/themes/prahutheme/javascript/custom/setting_pelabuhan.js?m=1787972929:532
[    1619ms] [LOG] WebSocket connected @ https://phbidlautdemo.prahu-hub.com/adminprahu/setting_pelabuhan:8929
[    1656ms] [LOG] update_dashboard_order_laut @ https://phbidlautdemo.prahu-hub.com/adminprahu/setting_pelabuhan:8970
[    1657ms] [LOG] Connected @ https://phbidlautdemo.prahu-hub.com/adminprahu/setting_pelabuhan:8970
[    1795ms] [LOG] 200 xhrglobal @ https://phbidlautdemo.prahu-hub.com/adminprahu/setting_pelabuhan:8851
[    1873ms] [LOG] 200 xhrglobal @ https://phbidlautdemo.prahu-hub.com/adminprahu/setting_pelabuhan:8851
[    3344ms] TypeError: $(...).DataTable is not a function
    at https://phbidlautdemo.prahu-hub.com/_resources/themes/prahutheme/js/scripts-init/tables.js:7:23
[   14000ms] [LOG] Connected @ https://phbidlautdemo.prahu-hub.com/adminprahu/setting_pelabuhan:8970
