[     932ms] Cannot use import statement outside a module
[     971ms] ReferenceError: Chart is not defined
    at https://phbidlautdemo.prahu-hub.com/_resources/themes/prahutheme/js/scripts-init/charts/chartjs.js:8:13
[    1135ms] Unexpected token '<'
[    1137ms] Unexpected token '<'
[    1221ms] Uncaught TypeError: expect element to be DOM Element, but got null
    at n.init (https://cdnjs.cloudflare.com/ajax/libs/smooth-scrollbar/8.5.2/smooth-scrollbar.js:24:264)
    at <anonymous> (https://phbidlautdemo.prahu-hub.com/adminprahu/tambahbank:5310:14)
[    1244ms] [LOG] Masternamanya @ https://phbidlautdemo.prahu-hub.com/adminprahu/tambahbank:2039
[    1260ms] [LOG] Masukkan Nama Bank @ https://phbidlautdemo.prahu-hub.com/adminprahu/tambahbank:5663
[    1262ms] [LOG] WebSocket connection @ https://phbidlautdemo.prahu-hub.com/adminprahu/tambahbank:5706
[    1263ms] [LOG] WebSocket connection attempting... @ https://phbidlautdemo.prahu-hub.com/adminprahu/tambahbank:5784
[    1663ms] [LOG] WebSocket connected @ https://phbidlautdemo.prahu-hub.com/adminprahu/tambahbank:5715
[    1676ms] [LOG] update_dashboard_order_laut @ https://phbidlautdemo.prahu-hub.com/adminprahu/tambahbank:5756
[    1785ms] [LOG] 200 xhrglobal @ https://phbidlautdemo.prahu-hub.com/adminprahu/tambahbank:5637
[    1787ms] [LOG] Connected @ https://phbidlautdemo.prahu-hub.com/adminprahu/tambahbank:5756
[    1842ms] [LOG] 200 xhrglobal @ https://phbidlautdemo.prahu-hub.com/adminprahu/tambahbank:5637
[    3262ms] TypeError: $(...).DataTable is not a function
    at https://phbidlautdemo.prahu-hub.com/_resources/themes/prahutheme/js/scripts-init/tables.js:7:23
[    8142ms] [LOG] undefined @ https://phbidlautdemo.prahu-hub.com/adminprahu/tambahbank:4917
[    8143ms] [LOG] undefined @ https://phbidlautdemo.prahu-hub.com/adminprahu/tambahbank:4917
[    8143ms] [LOG] AUTOTEST-BANK-17364 kata1 @ https://phbidlautdemo.prahu-hub.com/adminprahu/tambahbank:4932
[    8143ms] [LOG]  kata2 @ https://phbidlautdemo.prahu-hub.com/adminprahu/tambahbank:4933
[    8271ms] [LOG] 200 xhrglobal @ https://phbidlautdemo.prahu-hub.com/adminprahu/tambahbank:5637
[    8428ms] [LOG] 200 xhrglobal @ https://phbidlautdemo.prahu-hub.com/adminprahu/tambahbank:5637
[    8588ms] [LOG] 200 xhrglobal @ https://phbidlautdemo.prahu-hub.com/adminprahu/tambahbank:5637
[    9876ms] Cannot use import statement outside a module
[    9932ms] ReferenceError: Chart is not defined
    at https://phbidlautdemo.prahu-hub.com/_resources/themes/prahutheme/js/scripts-init/charts/chartjs.js:8:13
[   10190ms] Unexpected token '<'
[   10191ms] Unexpected token '<'
[   10243ms] Uncaught TypeError: expect element to be DOM Element, but got null
    at n.init (https://cdnjs.cloudflare.com/ajax/libs/smooth-scrollbar/8.5.2/smooth-scrollbar.js:24:264)
    at <anonymous> (https://phbidlautdemo.prahu-hub.com/adminprahu/masterbank:5226:14)
[   10268ms] [LOG] Masternamanya @ https://phbidlautdemo.prahu-hub.com/adminprahu/masterbank:2040
[   10278ms] [LOG] undefined @ https://phbidlautdemo.prahu-hub.com/adminprahu/masterbank:5579
[   10278ms] [LOG] Masukkan Nama Bank @ https://phbidlautdemo.prahu-hub.com/adminprahu/masterbank:5579
[   10279ms] [LOG] undefined @ https://phbidlautdemo.prahu-hub.com/adminprahu/masterbank:5579
[   10279ms] [LOG] Masukkan Nama Bank @ https://phbidlautdemo.prahu-hub.com/adminprahu/masterbank:5579
[   10279ms] [LOG] undefined @ https://phbidlautdemo.prahu-hub.com/adminprahu/masterbank:5579
[   10280ms] [LOG] WebSocket connection @ https://phbidlautdemo.prahu-hub.com/adminprahu/masterbank:5622
[   10281ms] [LOG] WebSocket connection attempting... @ https://phbidlautdemo.prahu-hub.com/adminprahu/masterbank:5700
[   10407ms] [LOG] WebSocket connected @ https://phbidlautdemo.prahu-hub.com/adminprahu/masterbank:5631
[   10412ms] [LOG] update_dashboard_order_laut @ https://phbidlautdemo.prahu-hub.com/adminprahu/masterbank:5672
[   10441ms] [LOG] Connected @ https://phbidlautdemo.prahu-hub.com/adminprahu/masterbank:5672
[   10489ms] [LOG] 10 @ https://phbidlautdemo.prahu-hub.com/_resources/themes/prahutheme/javascript/custom/masterbank.js?m=1787972929:443
[   10490ms] [LOG] 10 countView1 1 pageNow 20 limitView1 @ https://phbidlautdemo.prahu-hub.com/_resources/themes/prahutheme/javascript/custom/masterbank.js?m=1787972929:446
[   10491ms] [LOG] 10 jumlah data @ https://phbidlautdemo.prahu-hub.com/_resources/themes/prahutheme/javascript/custom/masterbank.js?m=1787972929:400
[   10491ms] [LOG] 1 @ https://phbidlautdemo.prahu-hub.com/_resources/themes/prahutheme/javascript/custom/masterbank.js?m=1787972929:402
[   10492ms] [LOG] 1 1 pageCount & pageNow @ https://phbidlautdemo.prahu-hub.com/_resources/themes/prahutheme/javascript/custom/masterbank.js?m=1787972929:327
[   10497ms] [LOG] 200 xhrglobal @ https://phbidlautdemo.prahu-hub.com/adminprahu/masterbank:5553
[   10638ms] [LOG] 200 xhrglobal @ https://phbidlautdemo.prahu-hub.com/adminprahu/masterbank:5553
[   10695ms] [LOG] 200 xhrglobal @ https://phbidlautdemo.prahu-hub.com/adminprahu/masterbank:5553
[   12279ms] TypeError: $(...).DataTable is not a function
    at https://phbidlautdemo.prahu-hub.com/_resources/themes/prahutheme/js/scripts-init/tables.js:7:23
[   17394ms] [LOG] 200 xhrglobal @ https://phbidlautdemo.prahu-hub.com/adminprahu/masterbank:5553
[   30643ms] [LOG] 200 xhrglobal @ https://phbidlautdemo.prahu-hub.com/adminprahu/masterbank:5553
[   30846ms] [LOG] 200 xhrglobal @ https://phbidlautdemo.prahu-hub.com/adminprahu/masterbank:5553
[   31011ms] [LOG] ok @ https://phbidlautdemo.prahu-hub.com/_resources/themes/prahutheme/javascript/custom/masterbank.js?m=1787972929:249
[   31017ms] [LOG] 200 xhrglobal @ https://phbidlautdemo.prahu-hub.com/adminprahu/masterbank:5553
[   32096ms] Cannot use import statement outside a module
[   32130ms] ReferenceError: Chart is not defined
    at https://phbidlautdemo.prahu-hub.com/_resources/themes/prahutheme/js/scripts-init/charts/chartjs.js:8:13
[   32292ms] Unexpected token '<'
[   32293ms] Unexpected token '<'
[   32344ms] Uncaught TypeError: expect element to be DOM Element, but got null
    at n.init (https://cdnjs.cloudflare.com/ajax/libs/smooth-scrollbar/8.5.2/smooth-scrollbar.js:24:264)
    at <anonymous> (https://phbidlautdemo.prahu-hub.com/adminprahu/masterbank:5226:14)
[   32378ms] [LOG] Masternamanya @ https://phbidlautdemo.prahu-hub.com/adminprahu/masterbank:2040
[   32388ms] [LOG] undefined @ https://phbidlautdemo.prahu-hub.com/adminprahu/masterbank:5579
[   32388ms] [LOG] Masukkan Nama Bank @ https://phbidlautdemo.prahu-hub.com/adminprahu/masterbank:5579
[   32388ms] [LOG] undefined @ https://phbidlautdemo.prahu-hub.com/adminprahu/masterbank:5579
[   32389ms] [LOG] Masukkan Nama Bank @ https://phbidlautdemo.prahu-hub.com/adminprahu/masterbank:5579
[   32389ms] [LOG] undefined @ https://phbidlautdemo.prahu-hub.com/adminprahu/masterbank:5579
[   32390ms] [LOG] WebSocket connection @ https://phbidlautdemo.prahu-hub.com/adminprahu/masterbank:5622
[   32390ms] [LOG] WebSocket connection attempting... @ https://phbidlautdemo.prahu-hub.com/adminprahu/masterbank:5700
[   32547ms] [LOG] 10 @ https://phbidlautdemo.prahu-hub.com/_resources/themes/prahutheme/javascript/custom/masterbank.js?m=1787972929:443
[   32547ms] [LOG] 10 countView1 1 pageNow 20 limitView1 @ https://phbidlautdemo.prahu-hub.com/_resources/themes/prahutheme/javascript/custom/masterbank.js?m=1787972929:446
[   32547ms] [LOG] 10 jumlah data @ https://phbidlautdemo.prahu-hub.com/_resources/themes/prahutheme/javascript/custom/masterbank.js?m=1787972929:400
[   32548ms] [LOG] 1 @ https://phbidlautdemo.prahu-hub.com/_resources/themes/prahutheme/javascript/custom/masterbank.js?m=1787972929:402
[   32548ms] [LOG] 1 1 pageCount & pageNow @ https://phbidlautdemo.prahu-hub.com/_resources/themes/prahutheme/javascript/custom/masterbank.js?m=1787972929:327
[   32549ms] [LOG] 200 xhrglobal @ https://phbidlautdemo.prahu-hub.com/adminprahu/masterbank:5553
[   32554ms] [LOG] WebSocket connected @ https://phbidlautdemo.prahu-hub.com/adminprahu/masterbank:5631
[   32574ms] [LOG] update_dashboard_order_laut @ https://phbidlautdemo.prahu-hub.com/adminprahu/masterbank:5672
[   32592ms] [LOG] Connected @ https://phbidlautdemo.prahu-hub.com/adminprahu/masterbank:5672
[   32669ms] [LOG] 200 xhrglobal @ https://phbidlautdemo.prahu-hub.com/adminprahu/masterbank:5553
[   32732ms] [LOG] 200 xhrglobal @ https://phbidlautdemo.prahu-hub.com/adminprahu/masterbank:5553
[   34391ms] TypeError: $(...).DataTable is not a function
    at https://phbidlautdemo.prahu-hub.com/_resources/themes/prahutheme/js/scripts-init/tables.js:7:23
[   39194ms] [LOG] 45 @ https://phbidlautdemo.prahu-hub.com/_resources/themes/prahutheme/javascript/custom/masterbank.js?m=1787972929:271
[   39339ms] [LOG] 200 xhrglobal @ https://phbidlautdemo.prahu-hub.com/adminprahu/masterbank:5553
[   43062ms] [LOG] 200 xhrglobal @ https://phbidlautdemo.prahu-hub.com/adminprahu/masterbank:5553
[   44051ms] Cannot use import statement outside a module
[   44112ms] ReferenceError: Chart is not defined
    at https://phbidlautdemo.prahu-hub.com/_resources/themes/prahutheme/js/scripts-init/charts/chartjs.js:8:13
[   44269ms] Unexpected token '<'
[   44270ms] Unexpected token '<'
[   44367ms] Uncaught TypeError: expect element to be DOM Element, but got null
    at n.init (https://cdnjs.cloudflare.com/ajax/libs/smooth-scrollbar/8.5.2/smooth-scrollbar.js:24:264)
    at <anonymous> (https://phbidlautdemo.prahu-hub.com/adminprahu/masterbank:5226:14)
[   44393ms] [LOG] Masternamanya @ https://phbidlautdemo.prahu-hub.com/adminprahu/masterbank:2040
[   44401ms] [LOG] undefined @ https://phbidlautdemo.prahu-hub.com/adminprahu/masterbank:5579
[   44402ms] [LOG] Masukkan Nama Bank @ https://phbidlautdemo.prahu-hub.com/adminprahu/masterbank:5579
[   44402ms] [LOG] undefined @ https://phbidlautdemo.prahu-hub.com/adminprahu/masterbank:5579
[   44402ms] [LOG] Masukkan Nama Bank @ https://phbidlautdemo.prahu-hub.com/adminprahu/masterbank:5579
[   44402ms] [LOG] undefined @ https://phbidlautdemo.prahu-hub.com/adminprahu/masterbank:5579
[   44403ms] [LOG] WebSocket connection @ https://phbidlautdemo.prahu-hub.com/adminprahu/masterbank:5622
[   44403ms] [LOG] WebSocket connection attempting... @ https://phbidlautdemo.prahu-hub.com/adminprahu/masterbank:5700
[   44589ms] [LOG] 9 @ https://phbidlautdemo.prahu-hub.com/_resources/themes/prahutheme/javascript/custom/masterbank.js?m=1787972929:443
[   44589ms] [LOG] 9 countView1 1 pageNow 20 limitView1 @ https://phbidlautdemo.prahu-hub.com/_resources/themes/prahutheme/javascript/custom/masterbank.js?m=1787972929:446
[   44590ms] [LOG] 9 jumlah data @ https://phbidlautdemo.prahu-hub.com/_resources/themes/prahutheme/javascript/custom/masterbank.js?m=1787972929:400
[   44590ms] [LOG] 1 @ https://phbidlautdemo.prahu-hub.com/_resources/themes/prahutheme/javascript/custom/masterbank.js?m=1787972929:402
[   44590ms] [LOG] 1 1 pageCount & pageNow @ https://phbidlautdemo.prahu-hub.com/_resources/themes/prahutheme/javascript/custom/masterbank.js?m=1787972929:327
[   44593ms] [LOG] 200 xhrglobal @ https://phbidlautdemo.prahu-hub.com/adminprahu/masterbank:5553
[   46369ms] [LOG] WebSocket connected @ https://phbidlautdemo.prahu-hub.com/adminprahu/masterbank:5631
[   46374ms] [LOG] update_dashboard_order_laut @ https://phbidlautdemo.prahu-hub.com/adminprahu/masterbank:5672
[   46403ms] TypeError: $(...).DataTable is not a function
    at https://phbidlautdemo.prahu-hub.com/_resources/themes/prahutheme/js/scripts-init/tables.js:7:23
[   46502ms] [LOG] 200 xhrglobal @ https://phbidlautdemo.prahu-hub.com/adminprahu/masterbank:5553
[   46540ms] [LOG] Connected @ https://phbidlautdemo.prahu-hub.com/adminprahu/masterbank:5672
[   46565ms] [LOG] 200 xhrglobal @ https://phbidlautdemo.prahu-hub.com/adminprahu/masterbank:5553
