[     992ms] Cannot use import statement outside a module
[    1005ms] ReferenceError: Chart is not defined
    at https://phbidlautdemo.prahu-hub.com/_resources/themes/prahutheme/js/scripts-init/charts/chartjs.js:8:13
[    1213ms] Unexpected token '<'
[    1215ms] Unexpected token '<'
[    1315ms] Uncaught TypeError: expect element to be DOM Element, but got null
    at <anonymous> (https://cdnjs.cloudflare.com/ajax/libs/smooth-scrollbar/8.5.2/smooth-scrollbar.js:24:264)
    at <anonymous> (https://phbidlautdemo.prahu-hub.com/lelang/daftarrequestjadwal/1082:6532:14)
[    1376ms] [LOG] undefinednamanya @ https://phbidlautdemo.prahu-hub.com/lelang/daftarrequestjadwal/1082:2042
[    1394ms] [LOG] undefined @ https://phbidlautdemo.prahu-hub.com/lelang/daftarrequestjadwal/1082:6885
[    1395ms] [LOG] undefined @ https://phbidlautdemo.prahu-hub.com/lelang/daftarrequestjadwal/1082:6885
[    1395ms] [LOG] undefined @ https://phbidlautdemo.prahu-hub.com/lelang/daftarrequestjadwal/1082:6885
[    1395ms] [LOG] DD/MM/YYYY @ https://phbidlautdemo.prahu-hub.com/lelang/daftarrequestjadwal/1082:6885
[    1395ms] [LOG] Masukkan Alias Transporter @ https://phbidlautdemo.prahu-hub.com/lelang/daftarrequestjadwal/1082:6885
[    1395ms] [LOG] Masukkan Harga @ https://phbidlautdemo.prahu-hub.com/lelang/daftarrequestjadwal/1082:6885
[    1396ms] [LOG] undefined @ https://phbidlautdemo.prahu-hub.com/lelang/daftarrequestjadwal/1082:6885
[    1397ms] [LOG] WebSocket connection @ https://phbidlautdemo.prahu-hub.com/lelang/daftarrequestjadwal/1082:6928
[    1397ms] [LOG] WebSocket connection attempting... @ https://phbidlautdemo.prahu-hub.com/lelang/daftarrequestjadwal/1082:7006
[    1581ms] [LOG] WebSocket connected @ https://phbidlautdemo.prahu-hub.com/lelang/daftarrequestjadwal/1082:6937
[    1586ms] [LOG] update_dashboard_order_laut @ https://phbidlautdemo.prahu-hub.com/lelang/daftarrequestjadwal/1082:6978
[    1614ms] [LOG] 1 @ https://phbidlautdemo.prahu-hub.com/_resources/themes/prahutheme/javascript/custom/daftarrequestjadwal.js?m=1787972929:535
[    1614ms] [LOG] 1 countView1 1 pageNow 20 limitView1 @ https://phbidlautdemo.prahu-hub.com/_resources/themes/prahutheme/javascript/custom/daftarrequestjadwal.js?m=1787972929:537
[    1615ms] [LOG] 1 @ https://phbidlautdemo.prahu-hub.com/_resources/themes/prahutheme/javascript/custom/daftarrequestjadwal.js?m=1787972929:543
[    1615ms] [LOG] 1 jumlah data @ https://phbidlautdemo.prahu-hub.com/_resources/themes/prahutheme/javascript/custom/daftarrequestjadwal.js?m=1787972929:498
[    1616ms] [LOG] 1 @ https://phbidlautdemo.prahu-hub.com/_resources/themes/prahutheme/javascript/custom/daftarrequestjadwal.js?m=1787972929:500
[    1616ms] [LOG] 1 1 pageCount & pageNow @ https://phbidlautdemo.prahu-hub.com/_resources/themes/prahutheme/javascript/custom/daftarrequestjadwal.js?m=1787972929:424
[    1617ms] [LOG] 200 xhrglobal @ https://phbidlautdemo.prahu-hub.com/lelang/daftarrequestjadwal/1082:6859
[    1619ms] [LOG] Connected @ https://phbidlautdemo.prahu-hub.com/lelang/daftarrequestjadwal/1082:6978
[    1735ms] [LOG] 200 xhrglobal @ https://phbidlautdemo.prahu-hub.com/lelang/daftarrequestjadwal/1082:6859
[    1793ms] [LOG] 200 xhrglobal @ https://phbidlautdemo.prahu-hub.com/lelang/daftarrequestjadwal/1082:6859
[    3392ms] TypeError: $(...).DataTable is not a function
    at https://phbidlautdemo.prahu-hub.com/_resources/themes/prahutheme/js/scripts-init/tables.js:7:23
