[     891ms] Cannot use import statement outside a module
[     926ms] ReferenceError: Chart is not defined
    at https://phbidlautdemo.prahu-hub.com/_resources/themes/prahutheme/js/scripts-init/charts/chartjs.js:8:13
[    1084ms] Unexpected token '<'
[    1085ms] Unexpected token '<'
[    1129ms] Uncaught TypeError: expect element to be DOM Element, but got null
    at n.init (https://cdnjs.cloudflare.com/ajax/libs/smooth-scrollbar/8.5.2/smooth-scrollbar.js:24:264)
    at <anonymous> (https://phbidlautdemo.prahu-hub.com/lelang/detailnego/eGdLRGxHaCtiV0ppSTA1em84ZjIyQT09:5606:14)
[    1140ms] [LOG] NEGOnamanya @ https://phbidlautdemo.prahu-hub.com/lelang/detailnego/eGdLRGxHaCtiV0ppSTA1em84ZjIyQT09:1876
[    1145ms] [LOG] undefined @ https://phbidlautdemo.prahu-hub.com/lelang/detailnego/eGdLRGxHaCtiV0ppSTA1em84ZjIyQT09:5958
[    1146ms] [LOG] Masukkan Harga @ https://phbidlautdemo.prahu-hub.com/lelang/detailnego/eGdLRGxHaCtiV0ppSTA1em84ZjIyQT09:5958
[    1146ms] [LOG] WebSocket connection @ https://phbidlautdemo.prahu-hub.com/lelang/detailnego/eGdLRGxHaCtiV0ppSTA1em84ZjIyQT09:6001
[    1146ms] [LOG] WebSocket connection attempting... @ https://phbidlautdemo.prahu-hub.com/lelang/detailnego/eGdLRGxHaCtiV0ppSTA1em84ZjIyQT09:6079
[    1259ms] [LOG] WebSocket connected @ https://phbidlautdemo.prahu-hub.com/lelang/detailnego/eGdLRGxHaCtiV0ppSTA1em84ZjIyQT09:6010
[    1264ms] [LOG] update_dashboard_order_laut @ https://phbidlautdemo.prahu-hub.com/lelang/detailnego/eGdLRGxHaCtiV0ppSTA1em84ZjIyQT09:6051
[    1287ms] [LOG] Connected @ https://phbidlautdemo.prahu-hub.com/lelang/detailnego/eGdLRGxHaCtiV0ppSTA1em84ZjIyQT09:6051
[    1395ms] [LOG] 200 xhrglobal @ https://phbidlautdemo.prahu-hub.com/lelang/detailnego/eGdLRGxHaCtiV0ppSTA1em84ZjIyQT09:5932
[    1461ms] [LOG] 200 xhrglobal @ https://phbidlautdemo.prahu-hub.com/lelang/detailnego/eGdLRGxHaCtiV0ppSTA1em84ZjIyQT09:5932
[    3149ms] TypeError: $(...).DataTable is not a function
    at https://phbidlautdemo.prahu-hub.com/_resources/themes/prahutheme/js/scripts-init/tables.js:7:23
[    6693ms] [LOG] Connected @ https://phbidlautdemo.prahu-hub.com/lelang/detailnego/eGdLRGxHaCtiV0ppSTA1em84ZjIyQT09:6051
[   54426ms] [LOG] Connected @ https://phbidlautdemo.prahu-hub.com/lelang/detailnego/eGdLRGxHaCtiV0ppSTA1em84ZjIyQT09:6051
[   67612ms] [LOG] Connected @ https://phbidlautdemo.prahu-hub.com/lelang/detailnego/eGdLRGxHaCtiV0ppSTA1em84ZjIyQT09:6051
