[    1123ms] Cannot use import statement outside a module
[    1160ms] ReferenceError: Chart is not defined
    at https://phbidlautdemo.prahu-hub.com/_resources/themes/prahutheme/js/scripts-init/charts/chartjs.js:8:13
[    1303ms] Unexpected token '<'
[    1304ms] Unexpected token '<'
[    1339ms] TypeError: $(...).datetimepicker is not a function
    at https://phbidlautdemo.prahu-hub.com/home/hargajadwal?tab=1:6228:16
[    1369ms] Uncaught TypeError: expect element to be DOM Element, but got null
    at <anonymous> (https://cdnjs.cloudflare.com/ajax/libs/smooth-scrollbar/8.5.2/smooth-scrollbar.js:24:264)
    at <anonymous> (https://phbidlautdemo.prahu-hub.com/home/hargajadwal?tab=1:7977:14)
[    1427ms] [LOG] Harganamanya @ https://phbidlautdemo.prahu-hub.com/home/hargajadwal?tab=1:2040
[    1443ms] [LOG] undefined @ https://phbidlautdemo.prahu-hub.com/home/hargajadwal?tab=1:8330
[    1443ms] [LOG] undefined @ https://phbidlautdemo.prahu-hub.com/home/hargajadwal?tab=1:8330
[    1443ms] [LOG] undefined @ https://phbidlautdemo.prahu-hub.com/home/hargajadwal?tab=1:8330
[    1443ms] [LOG] DD/MM/YYYY @ https://phbidlautdemo.prahu-hub.com/home/hargajadwal?tab=1:8330
[    1444ms] [LOG] Masukkan Nomor Lelang @ https://phbidlautdemo.prahu-hub.com/home/hargajadwal?tab=1:8330
[    1444ms] [LOG] Search... @ https://phbidlautdemo.prahu-hub.com/home/hargajadwal?tab=1:8330
[    1444ms] [LOG] Search... @ https://phbidlautdemo.prahu-hub.com/home/hargajadwal?tab=1:8330
[    1444ms] [LOG] Masukkan Jenis @ https://phbidlautdemo.prahu-hub.com/home/hargajadwal?tab=1:8330
[    1444ms] [LOG] Masukkan Harga @ https://phbidlautdemo.prahu-hub.com/home/hargajadwal?tab=1:8330
[    1444ms] [LOG] DD/MM/YYYY @ https://phbidlautdemo.prahu-hub.com/home/hargajadwal?tab=1:8330
[    1445ms] [LOG] undefined @ https://phbidlautdemo.prahu-hub.com/home/hargajadwal?tab=1:8330
[    1445ms] [LOG] undefined @ https://phbidlautdemo.prahu-hub.com/home/hargajadwal?tab=1:8330
[    1445ms] [LOG] Masukkan UN Code @ https://phbidlautdemo.prahu-hub.com/home/hargajadwal?tab=1:8330
[    1445ms] [LOG] undefined @ https://phbidlautdemo.prahu-hub.com/home/hargajadwal?tab=1:8330
[    1445ms] [LOG] undefined @ https://phbidlautdemo.prahu-hub.com/home/hargajadwal?tab=1:8330
[    1445ms] [LOG] Masukkan Nama Pelabuhan @ https://phbidlautdemo.prahu-hub.com/home/hargajadwal?tab=1:8330
[    1446ms] [LOG] WebSocket connection @ https://phbidlautdemo.prahu-hub.com/home/hargajadwal?tab=1:8373
[    1447ms] [LOG] WebSocket connection attempting... @ https://phbidlautdemo.prahu-hub.com/home/hargajadwal?tab=1:8451
[    1704ms] [LOG] WebSocket connected @ https://phbidlautdemo.prahu-hub.com/home/hargajadwal?tab=1:8382
[    1707ms] [LOG] update_dashboard_order_laut @ https://phbidlautdemo.prahu-hub.com/home/hargajadwal?tab=1:8423
[    1737ms] [LOG] Connected @ https://phbidlautdemo.prahu-hub.com/home/hargajadwal?tab=1:8423
[    3197ms] [LOG] [Object, Object, Object, Object, Object, Object, Object, Object, Object, Object, Object, Object, Object, Object, Object, Object, Object, Object, Object, Object] @ https://phbidlautdemo.prahu-hub.com/_resources/themes/prahutheme/javascript/custom/hargajadwal.js?m=1787972929:306
[    3220ms] [LOG] [Object, Object, Object, Object, Object, Object, Object, Object, Object, Object, Object, Object, Object, Object, Object, Object, Object, Object, Object, Object] @ https://phbidlautdemo.prahu-hub.com/_resources/themes/prahutheme/javascript/custom/hargajadwal.js?m=1787972929:69
[    3245ms] [LOG] 1590 @ https://phbidlautdemo.prahu-hub.com/_resources/themes/prahutheme/javascript/custom/hargajadwal.js?m=1787972929:1167
[    3245ms] [LOG] 1590 jumlah data @ https://phbidlautdemo.prahu-hub.com/_resources/themes/prahutheme/javascript/custom/hargajadwal.js?m=1787972929:1124
[    3246ms] [LOG] 80 1 pageCount & pageNow @ https://phbidlautdemo.prahu-hub.com/_resources/themes/prahutheme/javascript/custom/hargajadwal.js?m=1787972929:1053
[    3251ms] [LOG] 200 xhrglobal @ https://phbidlautdemo.prahu-hub.com/home/hargajadwal?tab=1:8304
[    3251ms] [LOG] ce.fn.init stepItem @ https://phbidlautdemo.prahu-hub.com/_resources/themes/prahutheme/javascript/custom/hargajadwal.js?m=1787972929:1027
[    3343ms] [LOG] 200 xhrglobal @ https://phbidlautdemo.prahu-hub.com/home/hargajadwal?tab=1:8304
[    3350ms] [LOG] 200 xhrglobal @ https://phbidlautdemo.prahu-hub.com/home/hargajadwal?tab=1:8304
[    3445ms] TypeError: $(...).DataTable is not a function
    at https://phbidlautdemo.prahu-hub.com/_resources/themes/prahutheme/js/scripts-init/tables.js:7:23
[   10712ms] Unexpected token '<'
[   10755ms] Cannot use import statement outside a module
[   10797ms] ReferenceError: Chart is not defined
    at https://phbidlautdemo.prahu-hub.com/_resources/themes/prahutheme/js/scripts-init/charts/chartjs.js:8:13
[   10835ms] Unexpected token '<'
[   10957ms] Unexpected token '<'
[   11032ms] [LOG] ====== @ https://phbidlautdemo.prahu-hub.com/home/tambahharga:5651
[   11033ms] [LOG] includeasal_all @ https://phbidlautdemo.prahu-hub.com/home/tambahharga:5652
[   11033ms] [LOG] centanginclude13 @ https://phbidlautdemo.prahu-hub.com/home/tambahharga:5653
[   11033ms] [LOG]  @ https://phbidlautdemo.prahu-hub.com/home/tambahharga:5654
[   11033ms] [LOG] includeasalnya @ https://phbidlautdemo.prahu-hub.com/home/tambahharga:5655
[   11033ms] [LOG] 9 @ https://phbidlautdemo.prahu-hub.com/home/tambahharga:5656
[   11033ms] [LOG] ====== @ https://phbidlautdemo.prahu-hub.com/home/tambahharga:5657
[   11035ms] [LOG] ====== @ https://phbidlautdemo.prahu-hub.com/home/tambahharga:5651
[   11035ms] [LOG] includeasal_all @ https://phbidlautdemo.prahu-hub.com/home/tambahharga:5652
[   11035ms] [LOG] centanginclude1 @ https://phbidlautdemo.prahu-hub.com/home/tambahharga:5653
[   11035ms] [LOG]  @ https://phbidlautdemo.prahu-hub.com/home/tambahharga:5654
[   11036ms] [LOG] includeasalnya @ https://phbidlautdemo.prahu-hub.com/home/tambahharga:5655
[   11036ms] [LOG] 9 @ https://phbidlautdemo.prahu-hub.com/home/tambahharga:5656
[   11036ms] [LOG] ====== @ https://phbidlautdemo.prahu-hub.com/home/tambahharga:5657
[   11038ms] [LOG] ====== @ https://phbidlautdemo.prahu-hub.com/home/tambahharga:5651
[   11038ms] [LOG] includeasal_all @ https://phbidlautdemo.prahu-hub.com/home/tambahharga:5652
[   11038ms] [LOG] centanginclude14 @ https://phbidlautdemo.prahu-hub.com/home/tambahharga:5653
[   11038ms] [LOG]  @ https://phbidlautdemo.prahu-hub.com/home/tambahharga:5654
[   11038ms] [LOG] includeasalnya @ https://phbidlautdemo.prahu-hub.com/home/tambahharga:5655
[   11038ms] [LOG] 9 @ https://phbidlautdemo.prahu-hub.com/home/tambahharga:5656
[   11038ms] [LOG] ====== @ https://phbidlautdemo.prahu-hub.com/home/tambahharga:5657
[   11040ms] [LOG] ====== @ https://phbidlautdemo.prahu-hub.com/home/tambahharga:5651
[   11040ms] [LOG] includeasal_all @ https://phbidlautdemo.prahu-hub.com/home/tambahharga:5652
[   11040ms] [LOG] centanginclude15 @ https://phbidlautdemo.prahu-hub.com/home/tambahharga:5653
[   11040ms] [LOG]  @ https://phbidlautdemo.prahu-hub.com/home/tambahharga:5654
[   11041ms] [LOG] includeasalnya @ https://phbidlautdemo.prahu-hub.com/home/tambahharga:5655
[   11041ms] [LOG] 9 @ https://phbidlautdemo.prahu-hub.com/home/tambahharga:5656
[   11041ms] [LOG] ====== @ https://phbidlautdemo.prahu-hub.com/home/tambahharga:5657
[   11042ms] [LOG] ====== @ https://phbidlautdemo.prahu-hub.com/home/tambahharga:5651
[   11042ms] [LOG] includeasal_all @ https://phbidlautdemo.prahu-hub.com/home/tambahharga:5652
[   11042ms] [LOG] centanginclude3 @ https://phbidlautdemo.prahu-hub.com/home/tambahharga:5653
[   11042ms] [LOG]  @ https://phbidlautdemo.prahu-hub.com/home/tambahharga:5654
[   11042ms] [LOG] includeasalnya @ https://phbidlautdemo.prahu-hub.com/home/tambahharga:5655
[   11042ms] [LOG] 9 @ https://phbidlautdemo.prahu-hub.com/home/tambahharga:5656
[   11043ms] [LOG] ====== @ https://phbidlautdemo.prahu-hub.com/home/tambahharga:5657
[   11044ms] [LOG] ====== @ https://phbidlautdemo.prahu-hub.com/home/tambahharga:5651
[   11044ms] [LOG] includeasal_all @ https://phbidlautdemo.prahu-hub.com/home/tambahharga:5652
[   11044ms] [LOG] centanginclude2 @ https://phbidlautdemo.prahu-hub.com/home/tambahharga:5653
[   11044ms] [LOG]  @ https://phbidlautdemo.prahu-hub.com/home/tambahharga:5654
[   11044ms] [LOG] includeasalnya @ https://phbidlautdemo.prahu-hub.com/home/tambahharga:5655
[   11044ms] [LOG] 9 @ https://phbidlautdemo.prahu-hub.com/home/tambahharga:5656
[   11044ms] [LOG] ====== @ https://phbidlautdemo.prahu-hub.com/home/tambahharga:5657
[   11046ms] [LOG] ====== @ https://phbidlautdemo.prahu-hub.com/home/tambahharga:5651
[   11046ms] [LOG] includeasal_all @ https://phbidlautdemo.prahu-hub.com/home/tambahharga:5652
[   11046ms] [LOG] centanginclude30 @ https://phbidlautdemo.prahu-hub.com/home/tambahharga:5653
[   11046ms] [LOG]  @ https://phbidlautdemo.prahu-hub.com/home/tambahharga:5654
[   11046ms] [LOG] includeasalnya @ https://phbidlautdemo.prahu-hub.com/home/tambahharga:5655
[   11046ms] [LOG] 9 @ https://phbidlautdemo.prahu-hub.com/home/tambahharga:5656
[   11046ms] [LOG] ====== @ https://phbidlautdemo.prahu-hub.com/home/tambahharga:5657
[   11048ms] [LOG] ====== @ https://phbidlautdemo.prahu-hub.com/home/tambahharga:5651
[   11048ms] [LOG] includeasal_all @ https://phbidlautdemo.prahu-hub.com/home/tambahharga:5652
[   11048ms] [LOG] centanginclude32 @ https://phbidlautdemo.prahu-hub.com/home/tambahharga:5653
[   11048ms] [LOG]  @ https://phbidlautdemo.prahu-hub.com/home/tambahharga:5654
[   11048ms] [LOG] includeasalnya @ https://phbidlautdemo.prahu-hub.com/home/tambahharga:5655
[   11048ms] [LOG] 9 @ https://phbidlautdemo.prahu-hub.com/home/tambahharga:5656
[   11048ms] [LOG] ====== @ https://phbidlautdemo.prahu-hub.com/home/tambahharga:5657
[   11050ms] [LOG] ====== @ https://phbidlautdemo.prahu-hub.com/home/tambahharga:5651
[   11050ms] [LOG] includeasal_all @ https://phbidlautdemo.prahu-hub.com/home/tambahharga:5652
[   11050ms] [LOG] centanginclude33 @ https://phbidlautdemo.prahu-hub.com/home/tambahharga:5653
[   11050ms] [LOG]  @ https://phbidlautdemo.prahu-hub.com/home/tambahharga:5654
[   11050ms] [LOG] includeasalnya @ https://phbidlautdemo.prahu-hub.com/home/tambahharga:5655
[   11050ms] [LOG] 9 @ https://phbidlautdemo.prahu-hub.com/home/tambahharga:5656
[   11050ms] [LOG] ====== @ https://phbidlautdemo.prahu-hub.com/home/tambahharga:5657
[   11051ms] [LOG] ====== @ https://phbidlautdemo.prahu-hub.com/home/tambahharga:5651
[   11052ms] [LOG] includelaut_all @ https://phbidlautdemo.prahu-hub.com/home/tambahharga:5652
[   11052ms] [LOG] centanginclude4 @ https://phbidlautdemo.prahu-hub.com/home/tambahharga:5653
[   11052ms] [LOG]  @ https://phbidlautdemo.prahu-hub.com/home/tambahharga:5654
[   11052ms] [LOG] includelautnya @ https://phbidlautdemo.prahu-hub.com/home/tambahharga:5655
[   11052ms] [LOG] 1 @ https://phbidlautdemo.prahu-hub.com/home/tambahharga:5656
[   11052ms] [LOG] ====== @ https://phbidlautdemo.prahu-hub.com/home/tambahharga:5657
[   11053ms] [LOG] ====== @ https://phbidlautdemo.prahu-hub.com/home/tambahharga:5651
[   11053ms] [LOG] includetujuan_all @ https://phbidlautdemo.prahu-hub.com/home/tambahharga:5652
[   11053ms] [LOG] centanginclude9 @ https://phbidlautdemo.prahu-hub.com/home/tambahharga:5653
[   11053ms] [LOG]  @ https://phbidlautdemo.prahu-hub.com/home/tambahharga:5654
[   11054ms] [LOG] includetujuannya @ https://phbidlautdemo.prahu-hub.com/home/tambahharga:5655
[   11054ms] [LOG] 6 @ https://phbidlautdemo.prahu-hub.com/home/tambahharga:5656
[   11054ms] [LOG] ====== @ https://phbidlautdemo.prahu-hub.com/home/tambahharga:5657
[   11055ms] [LOG] ====== @ https://phbidlautdemo.prahu-hub.com/home/tambahharga:5651
[   11055ms] [LOG] includetujuan_all @ https://phbidlautdemo.prahu-hub.com/home/tambahharga:5652
[   11055ms] [LOG] centanginclude8 @ https://phbidlautdemo.prahu-hub.com/home/tambahharga:5653
[   11055ms] [LOG]  @ https://phbidlautdemo.prahu-hub.com/home/tambahharga:5654
[   11055ms] [LOG] includetujuannya @ https://phbidlautdemo.prahu-hub.com/home/tambahharga:5655
[   11055ms] [LOG] 6 @ https://phbidlautdemo.prahu-hub.com/home/tambahharga:5656
[   11055ms] [LOG] ====== @ https://phbidlautdemo.prahu-hub.com/home/tambahharga:5657
[   11056ms] [LOG] ====== @ https://phbidlautdemo.prahu-hub.com/home/tambahharga:5651
[   11056ms] [LOG] includetujuan_all @ https://phbidlautdemo.prahu-hub.com/home/tambahharga:5652
[   11056ms] [LOG] centanginclude16 @ https://phbidlautdemo.prahu-hub.com/home/tambahharga:5653
[   11056ms] [LOG]  @ https://phbidlautdemo.prahu-hub.com/home/tambahharga:5654
[   11056ms] [LOG] includetujuannya @ https://phbidlautdemo.prahu-hub.com/home/tambahharga:5655
[   11056ms] [LOG] 6 @ https://phbidlautdemo.prahu-hub.com/home/tambahharga:5656
[   11056ms] [LOG] ====== @ https://phbidlautdemo.prahu-hub.com/home/tambahharga:5657
[   11057ms] [LOG] ====== @ https://phbidlautdemo.prahu-hub.com/home/tambahharga:5651
[   11057ms] [LOG] includetujuan_all @ https://phbidlautdemo.prahu-hub.com/home/tambahharga:5652
[   11057ms] [LOG] centanginclude6 @ https://phbidlautdemo.prahu-hub.com/home/tambahharga:5653
[   11057ms] [LOG]  @ https://phbidlautdemo.prahu-hub.com/home/tambahharga:5654
[   11057ms] [LOG] includetujuannya @ https://phbidlautdemo.prahu-hub.com/home/tambahharga:5655
[   11057ms] [LOG] 6 @ https://phbidlautdemo.prahu-hub.com/home/tambahharga:5656
[   11058ms] [LOG] ====== @ https://phbidlautdemo.prahu-hub.com/home/tambahharga:5657
[   11058ms] [LOG] ====== @ https://phbidlautdemo.prahu-hub.com/home/tambahharga:5651
[   11058ms] [LOG] includetujuan_all @ https://phbidlautdemo.prahu-hub.com/home/tambahharga:5652
[   11059ms] [LOG] centanginclude7 @ https://phbidlautdemo.prahu-hub.com/home/tambahharga:5653
[   11059ms] [LOG]  @ https://phbidlautdemo.prahu-hub.com/home/tambahharga:5654
[   11059ms] [LOG] includetujuannya @ https://phbidlautdemo.prahu-hub.com/home/tambahharga:5655
[   11059ms] [LOG] 6 @ https://phbidlautdemo.prahu-hub.com/home/tambahharga:5656
[   11059ms] [LOG] ====== @ https://phbidlautdemo.prahu-hub.com/home/tambahharga:5657
[   11060ms] [LOG] ====== @ https://phbidlautdemo.prahu-hub.com/home/tambahharga:5651
[   11061ms] [LOG] includetujuan_all @ https://phbidlautdemo.prahu-hub.com/home/tambahharga:5652
[   11061ms] [LOG] centanginclude31 @ https://phbidlautdemo.prahu-hub.com/home/tambahharga:5653
[   11061ms] [LOG]  @ https://phbidlautdemo.prahu-hub.com/home/tambahharga:5654
[   11061ms] [LOG] includetujuannya @ https://phbidlautdemo.prahu-hub.com/home/tambahharga:5655
[   11061ms] [LOG] 6 @ https://phbidlautdemo.prahu-hub.com/home/tambahharga:5656
[   11061ms] [LOG] ====== @ https://phbidlautdemo.prahu-hub.com/home/tambahharga:5657
[   11062ms] [LOG] ====== @ https://phbidlautdemo.prahu-hub.com/home/tambahharga:5651
[   11062ms] [LOG] includelain_all @ https://phbidlautdemo.prahu-hub.com/home/tambahharga:5652
[   11062ms] [LOG] centanginclude11 @ https://phbidlautdemo.prahu-hub.com/home/tambahharga:5653
[   11062ms] [LOG]  @ https://phbidlautdemo.prahu-hub.com/home/tambahharga:5654
[   11062ms] [LOG] includelainnya @ https://phbidlautdemo.prahu-hub.com/home/tambahharga:5655
[   11062ms] [LOG] 1 @ https://phbidlautdemo.prahu-hub.com/home/tambahharga:5656
[   11062ms] [LOG] ====== @ https://phbidlautdemo.prahu-hub.com/home/tambahharga:5657
[   11086ms] Uncaught TypeError: expect element to be DOM Element, but got null
    at <anonymous> (https://cdnjs.cloudflare.com/ajax/libs/smooth-scrollbar/8.5.2/smooth-scrollbar.js:24:264)
    at <anonymous> (https://phbidlautdemo.prahu-hub.com/home/tambahharga:7519:14)
[   11154ms] [LOG] Harganamanya @ https://phbidlautdemo.prahu-hub.com/home/tambahharga:2039
[   11204ms] [LOG] Masukkan Harga Penawaran @ https://phbidlautdemo.prahu-hub.com/home/tambahharga:7872
[   11205ms] [LOG] 0 @ https://phbidlautdemo.prahu-hub.com/home/tambahharga:7872
[   11205ms] [LOG] 0 @ https://phbidlautdemo.prahu-hub.com/home/tambahharga:7872
[   11205ms] [LOG] DD/MM/YYYY @ https://phbidlautdemo.prahu-hub.com/home/tambahharga:7872
[   11205ms] [LOG] undefined @ https://phbidlautdemo.prahu-hub.com/home/tambahharga:7872
[   11205ms] [LOG] undefined @ https://phbidlautdemo.prahu-hub.com/home/tambahharga:7872
[   11206ms] [LOG] undefined @ https://phbidlautdemo.prahu-hub.com/home/tambahharga:7872
[   11206ms] [LOG] undefined @ https://phbidlautdemo.prahu-hub.com/home/tambahharga:7872
[   11206ms] [LOG] undefined @ https://phbidlautdemo.prahu-hub.com/home/tambahharga:7872
[   11206ms] [LOG] undefined @ https://phbidlautdemo.prahu-hub.com/home/tambahharga:7872
[   11207ms] [LOG] undefined @ https://phbidlautdemo.prahu-hub.com/home/tambahharga:7872
[   11207ms] [LOG] undefined @ https://phbidlautdemo.prahu-hub.com/home/tambahharga:7872
[   11207ms] [LOG] undefined @ https://phbidlautdemo.prahu-hub.com/home/tambahharga:7872
[   11207ms] [LOG] undefined @ https://phbidlautdemo.prahu-hub.com/home/tambahharga:7872
[   11207ms] [LOG] undefined @ https://phbidlautdemo.prahu-hub.com/home/tambahharga:7872
[   11207ms] [LOG] undefined @ https://phbidlautdemo.prahu-hub.com/home/tambahharga:7872
[   11208ms] [LOG] undefined @ https://phbidlautdemo.prahu-hub.com/home/tambahharga:7872
[   11208ms] [LOG] undefined @ https://phbidlautdemo.prahu-hub.com/home/tambahharga:7872
[   11208ms] [LOG] undefined @ https://phbidlautdemo.prahu-hub.com/home/tambahharga:7872
[   11208ms] [LOG] undefined @ https://phbidlautdemo.prahu-hub.com/home/tambahharga:7872
[   11208ms] [LOG] undefined @ https://phbidlautdemo.prahu-hub.com/home/tambahharga:7872
[   11209ms] [LOG] undefined @ https://phbidlautdemo.prahu-hub.com/home/tambahharga:7872
[   11209ms] [LOG] undefined @ https://phbidlautdemo.prahu-hub.com/home/tambahharga:7872
[   11209ms] [LOG] undefined @ https://phbidlautdemo.prahu-hub.com/home/tambahharga:7872
[   11209ms] [LOG] undefined @ https://phbidlautdemo.prahu-hub.com/home/tambahharga:7872
[   11210ms] [LOG] WebSocket connection @ https://phbidlautdemo.prahu-hub.com/home/tambahharga:7915
[   11211ms] [LOG] WebSocket connection attempting... @ https://phbidlautdemo.prahu-hub.com/home/tambahharga:7993
[   11403ms] [LOG] WebSocket connected @ https://phbidlautdemo.prahu-hub.com/home/tambahharga:7924
[   11407ms] [LOG] update_dashboard_order_laut @ https://phbidlautdemo.prahu-hub.com/home/tambahharga:7965
[   11436ms] [LOG] Connected @ https://phbidlautdemo.prahu-hub.com/home/tambahharga:7965
[   11592ms] [LOG] 200 xhrglobal @ https://phbidlautdemo.prahu-hub.com/home/tambahharga:7846
[   11637ms] [LOG] 200 xhrglobal @ https://phbidlautdemo.prahu-hub.com/home/tambahharga:7846
[   13167ms] TypeError: $(...).DataTable is not a function
    at https://phbidlautdemo.prahu-hub.com/_resources/themes/prahutheme/js/scripts-init/tables.js:7:23
