[    2233ms] Cannot use import statement outside a module
[    2246ms] ReferenceError: Chart is not defined
    at https://phbidlautdemo.prahu-hub.com/_resources/themes/prahutheme/js/scripts-init/charts/chartjs.js:8:13
[    2487ms] Unexpected token '<'
[    2661ms] Unexpected token '<'
[    2878ms] Unexpected token '<'
[    2880ms] [LOG] WebSocket mbconn @ https://phbidlautdemo.prahu-hub.com/home/dashboardorder:5350
[    2881ms] [LOG] on going... @ https://phbidlautdemo.prahu-hub.com/home/dashboardorder:5372
[    2907ms] Uncaught TypeError: expect element to be DOM Element, but got null
    at n.init (https://cdnjs.cloudflare.com/ajax/libs/smooth-scrollbar/8.5.2/smooth-scrollbar.js:24:264)
    at <anonymous> (https://phbidlautdemo.prahu-hub.com/home/dashboardorder:6049:14)
[    2922ms] [LOG] DASHBOARDnamanya @ https://phbidlautdemo.prahu-hub.com/home/dashboardorder:1877
[    2943ms] [LOG] 14/07/2026 @ https://phbidlautdemo.prahu-hub.com/home/dashboardorder:5312
[    2943ms] [LOG] 14/08/2026 @ https://phbidlautdemo.prahu-hub.com/home/dashboardorder:5313
[    2959ms] [LOG] DD/MM/YYYY @ https://phbidlautdemo.prahu-hub.com/home/dashboardorder:6401
[    2960ms] [LOG] DD/MM/YYYY @ https://phbidlautdemo.prahu-hub.com/home/dashboardorder:6401
[    2960ms] [LOG] undefined @ https://phbidlautdemo.prahu-hub.com/home/dashboardorder:6401
[    2961ms] [LOG] WebSocket connection @ https://phbidlautdemo.prahu-hub.com/home/dashboardorder:6444
[    2961ms] [LOG] WebSocket connection attempting... @ https://phbidlautdemo.prahu-hub.com/home/dashboardorder:6522
[    3016ms] [LOG] konak @ https://phbidlautdemo.prahu-hub.com/home/dashboardorder:5361
[    3017ms] [LOG] update_dashboard_order_laut mbdebug @ https://phbidlautdemo.prahu-hub.com/home/dashboardorder:5367
[    3045ms] [LOG] Connected mbdebug @ https://phbidlautdemo.prahu-hub.com/home/dashboardorder:5367
[    3081ms] [LOG] 200 xhrglobal @ https://phbidlautdemo.prahu-hub.com/home/dashboardorder:6375
[    3138ms] [LOG] 200 xhrglobal @ https://phbidlautdemo.prahu-hub.com/home/dashboardorder:6375
[    3203ms] [LOG] 200 xhrglobal @ https://phbidlautdemo.prahu-hub.com/home/dashboardorder:6375
[    3298ms] [LOG] WebSocket connected @ https://phbidlautdemo.prahu-hub.com/home/dashboardorder:6453
[    3299ms] [LOG] update_dashboard_order_laut @ https://phbidlautdemo.prahu-hub.com/home/dashboardorder:6494
[    3371ms] [LOG] 1 sukses setelah pagination attr jumlah data @ https://phbidlautdemo.prahu-hub.com/_resources/themes/prahutheme/javascript/custom/dashboardorder.js?m=1786589824:301
[    3372ms] [LOG] [Object, Object, Object] @ https://phbidlautdemo.prahu-hub.com/_resources/themes/prahutheme/javascript/custom/dashboardorder.js?m=1786589824:14
[    3372ms] [LOG] 1 @ https://phbidlautdemo.prahu-hub.com/_resources/themes/prahutheme/javascript/custom/dashboardorder.js?m=1786589824:238
[    3373ms] [LOG] 1 jumlah data di info @ https://phbidlautdemo.prahu-hub.com/_resources/themes/prahutheme/javascript/custom/dashboardorder.js?m=1786589824:239
[    3373ms] [LOG] 1 jumlah data @ https://phbidlautdemo.prahu-hub.com/_resources/themes/prahutheme/javascript/custom/dashboardorder.js?m=1786589824:200
[    3373ms] [LOG] 1 page jumlah @ https://phbidlautdemo.prahu-hub.com/_resources/themes/prahutheme/javascript/custom/dashboardorder.js?m=1786589824:202
[    3373ms] [LOG] 1 1 pageCount & pageNow @ https://phbidlautdemo.prahu-hub.com/_resources/themes/prahutheme/javascript/custom/dashboardorder.js?m=1786589824:130
[    3374ms] [LOG] 200 xhrglobal @ https://phbidlautdemo.prahu-hub.com/home/dashboardorder:6375
[    3392ms] [LOG] Connected mbdebug @ https://phbidlautdemo.prahu-hub.com/home/dashboardorder:5367
[    3418ms] [LOG] Connected @ https://phbidlautdemo.prahu-hub.com/home/dashboardorder:6494
[    3509ms] [LOG] 1 sukses setelah pagination attr jumlah data @ https://phbidlautdemo.prahu-hub.com/_resources/themes/prahutheme/javascript/custom/dashboardorder.js?m=1786589824:301
[    3509ms] [LOG] [Object, Object, Object] @ https://phbidlautdemo.prahu-hub.com/_resources/themes/prahutheme/javascript/custom/dashboardorder.js?m=1786589824:14
[    3510ms] [LOG] 1 @ https://phbidlautdemo.prahu-hub.com/_resources/themes/prahutheme/javascript/custom/dashboardorder.js?m=1786589824:238
[    3510ms] [LOG] 1 jumlah data di info @ https://phbidlautdemo.prahu-hub.com/_resources/themes/prahutheme/javascript/custom/dashboardorder.js?m=1786589824:239
[    3510ms] [LOG] 1 jumlah data @ https://phbidlautdemo.prahu-hub.com/_resources/themes/prahutheme/javascript/custom/dashboardorder.js?m=1786589824:200
[    3510ms] [LOG] 1 page jumlah @ https://phbidlautdemo.prahu-hub.com/_resources/themes/prahutheme/javascript/custom/dashboardorder.js?m=1786589824:202
[    3510ms] [LOG] 1 1 pageCount & pageNow @ https://phbidlautdemo.prahu-hub.com/_resources/themes/prahutheme/javascript/custom/dashboardorder.js?m=1786589824:130
[    3511ms] [LOG] 200 xhrglobal @ https://phbidlautdemo.prahu-hub.com/home/dashboardorder:6375
[    3743ms] [LOG] 1 sukses setelah pagination attr jumlah data @ https://phbidlautdemo.prahu-hub.com/_resources/themes/prahutheme/javascript/custom/dashboardorder.js?m=1786589824:301
[    3743ms] [LOG] [Object, Object, Object] @ https://phbidlautdemo.prahu-hub.com/_resources/themes/prahutheme/javascript/custom/dashboardorder.js?m=1786589824:14
[    3744ms] [LOG] 1 @ https://phbidlautdemo.prahu-hub.com/_resources/themes/prahutheme/javascript/custom/dashboardorder.js?m=1786589824:238
[    3744ms] [LOG] 1 jumlah data di info @ https://phbidlautdemo.prahu-hub.com/_resources/themes/prahutheme/javascript/custom/dashboardorder.js?m=1786589824:239
[    3744ms] [LOG] 1 jumlah data @ https://phbidlautdemo.prahu-hub.com/_resources/themes/prahutheme/javascript/custom/dashboardorder.js?m=1786589824:200
[    3744ms] [LOG] 1 page jumlah @ https://phbidlautdemo.prahu-hub.com/_resources/themes/prahutheme/javascript/custom/dashboardorder.js?m=1786589824:202
[    3744ms] [LOG] 1 1 pageCount & pageNow @ https://phbidlautdemo.prahu-hub.com/_resources/themes/prahutheme/javascript/custom/dashboardorder.js?m=1786589824:130
[    3745ms] [LOG] 200 xhrglobal @ https://phbidlautdemo.prahu-hub.com/home/dashboardorder:6375
[    3813ms] [LOG] 200 xhrglobal @ https://phbidlautdemo.prahu-hub.com/home/dashboardorder:6375
[    3896ms] [LOG] 200 xhrglobal @ https://phbidlautdemo.prahu-hub.com/home/dashboardorder:6375
[    3896ms] [LOG] 1 jumlah data @ https://phbidlautdemo.prahu-hub.com/_resources/themes/prahutheme/javascript/custom/dashboardorder.js?m=1786589824:200
[    3896ms] [LOG] 1 page jumlah @ https://phbidlautdemo.prahu-hub.com/_resources/themes/prahutheme/javascript/custom/dashboardorder.js?m=1786589824:202
[    3897ms] [LOG] 1 1 pageCount & pageNow @ https://phbidlautdemo.prahu-hub.com/_resources/themes/prahutheme/javascript/custom/dashboardorder.js?m=1786589824:130
[    3897ms] [LOG] 1 @ https://phbidlautdemo.prahu-hub.com/_resources/themes/prahutheme/javascript/custom/dashboardorder.js?m=1786589824:238
[    3897ms] [LOG] 1 jumlah data di info @ https://phbidlautdemo.prahu-hub.com/_resources/themes/prahutheme/javascript/custom/dashboardorder.js?m=1786589824:239
[    3897ms] [LOG] 1 jumlah data @ https://phbidlautdemo.prahu-hub.com/_resources/themes/prahutheme/javascript/custom/dashboardorder.js?m=1786589824:200
[    3897ms] [LOG] 1 page jumlah @ https://phbidlautdemo.prahu-hub.com/_resources/themes/prahutheme/javascript/custom/dashboardorder.js?m=1786589824:202
[    3897ms] [LOG] 1 1 pageCount & pageNow @ https://phbidlautdemo.prahu-hub.com/_resources/themes/prahutheme/javascript/custom/dashboardorder.js?m=1786589824:130
[    3898ms] [LOG] 1 @ https://phbidlautdemo.prahu-hub.com/_resources/themes/prahutheme/javascript/custom/dashboardorder.js?m=1786589824:238
[    3898ms] [LOG] 1 jumlah data di info @ https://phbidlautdemo.prahu-hub.com/_resources/themes/prahutheme/javascript/custom/dashboardorder.js?m=1786589824:239
[    4932ms] TypeError: $(...).DataTable is not a function
    at https://phbidlautdemo.prahu-hub.com/_resources/themes/prahutheme/js/scripts-init/tables.js:7:23
[   18539ms] [LOG] Connected @ https://phbidlautdemo.prahu-hub.com/home/dashboardorder:6494
[   18541ms] [LOG] Connected mbdebug @ https://phbidlautdemo.prahu-hub.com/home/dashboardorder:5367
[   41833ms] [LOG] notif_badge_hide.485-471-460-459-454-451-447-417-385-262-194-192-49-42-18-8-20-1 @ https://phbidlautdemo.prahu-hub.com/home/dashboardorder:6494
[   41833ms] [LOG] notif_badge_hide.485-471-460-459-454-451-447-417-385-262-194-192-49-42-18-8-20-1 mbdebug @ https://phbidlautdemo.prahu-hub.com/home/dashboardorder:5367
[   41848ms] [LOG] updateNotifDarat.485-471-460-459-454-451-447-417-385-262-194-192-49-42-18-8-20-1 mbdebug @ https://phbidlautdemo.prahu-hub.com/home/dashboardorder:5367
[   41848ms] [LOG] updateNotifDarat.485-471-460-459-454-451-447-417-385-262-194-192-49-42-18-8-20-1 @ https://phbidlautdemo.prahu-hub.com/home/dashboardorder:6494
[   66929ms] [LOG] Connected mbdebug @ https://phbidlautdemo.prahu-hub.com/home/dashboardorder:5367
[   66929ms] [LOG] Connected @ https://phbidlautdemo.prahu-hub.com/home/dashboardorder:6494
[   88553ms] [LOG] Connected mbdebug @ https://phbidlautdemo.prahu-hub.com/home/dashboardorder:5367
[   88554ms] [LOG] Connected @ https://phbidlautdemo.prahu-hub.com/home/dashboardorder:6494
[   89498ms] [LOG] Connected @ https://phbidlautdemo.prahu-hub.com/home/dashboardorder:6494
[   89499ms] [LOG] Connected mbdebug @ https://phbidlautdemo.prahu-hub.com/home/dashboardorder:5367
[   91732ms] [LOG] Connected @ https://phbidlautdemo.prahu-hub.com/home/dashboardorder:6494
[   91733ms] [LOG] Connected mbdebug @ https://phbidlautdemo.prahu-hub.com/home/dashboardorder:5367
[   92113ms] [LOG] Connected @ https://phbidlautdemo.prahu-hub.com/home/dashboardorder:6494
[   92113ms] [LOG] Connected mbdebug @ https://phbidlautdemo.prahu-hub.com/home/dashboardorder:5367
[   92323ms] [LOG] Connected @ https://phbidlautdemo.prahu-hub.com/home/dashboardorder:6494
[   92323ms] [LOG] Connected mbdebug @ https://phbidlautdemo.prahu-hub.com/home/dashboardorder:5367
[   94651ms] [LOG] Connected @ https://phbidlautdemo.prahu-hub.com/home/dashboardorder:6494
[   94651ms] [LOG] Connected mbdebug @ https://phbidlautdemo.prahu-hub.com/home/dashboardorder:5367
[   95472ms] [LOG] Connected @ https://phbidlautdemo.prahu-hub.com/home/dashboardorder:6494
[   95472ms] [LOG] Connected mbdebug @ https://phbidlautdemo.prahu-hub.com/home/dashboardorder:5367
[   95784ms] [LOG] update_dashboard_order_laut mbdebug @ https://phbidlautdemo.prahu-hub.com/home/dashboardorder:5367
[   95786ms] [LOG] update_dashboard_order_laut @ https://phbidlautdemo.prahu-hub.com/home/dashboardorder:6494
[   95821ms] [LOG] Connected mbdebug @ https://phbidlautdemo.prahu-hub.com/home/dashboardorder:5367
[   95822ms] [LOG] Connected @ https://phbidlautdemo.prahu-hub.com/home/dashboardorder:6494
[   96280ms] [LOG] 200 xhrglobal @ https://phbidlautdemo.prahu-hub.com/home/dashboardorder:6375
[   97030ms] [LOG] 1 sukses setelah pagination attr jumlah data @ https://phbidlautdemo.prahu-hub.com/_resources/themes/prahutheme/javascript/custom/dashboardorder.js?m=1786589824:301
[   97031ms] [LOG] [Object, Object, Object] @ https://phbidlautdemo.prahu-hub.com/_resources/themes/prahutheme/javascript/custom/dashboardorder.js?m=1786589824:14
[   97031ms] [LOG] 1 @ https://phbidlautdemo.prahu-hub.com/_resources/themes/prahutheme/javascript/custom/dashboardorder.js?m=1786589824:238
[   97032ms] [LOG] 1 jumlah data di info @ https://phbidlautdemo.prahu-hub.com/_resources/themes/prahutheme/javascript/custom/dashboardorder.js?m=1786589824:239
[   97032ms] [LOG] 1 jumlah data @ https://phbidlautdemo.prahu-hub.com/_resources/themes/prahutheme/javascript/custom/dashboardorder.js?m=1786589824:200
[   97032ms] [LOG] 1 page jumlah @ https://phbidlautdemo.prahu-hub.com/_resources/themes/prahutheme/javascript/custom/dashboardorder.js?m=1786589824:202
[   97032ms] [LOG] 1 1 pageCount & pageNow @ https://phbidlautdemo.prahu-hub.com/_resources/themes/prahutheme/javascript/custom/dashboardorder.js?m=1786589824:130
[   97033ms] [LOG] 200 xhrglobal @ https://phbidlautdemo.prahu-hub.com/home/dashboardorder:6375
[   97033ms] [LOG] 1 jumlah data @ https://phbidlautdemo.prahu-hub.com/_resources/themes/prahutheme/javascript/custom/dashboardorder.js?m=1786589824:200
[   97034ms] [LOG] 1 page jumlah @ https://phbidlautdemo.prahu-hub.com/_resources/themes/prahutheme/javascript/custom/dashboardorder.js?m=1786589824:202
[   97034ms] [LOG] 1 1 pageCount & pageNow @ https://phbidlautdemo.prahu-hub.com/_resources/themes/prahutheme/javascript/custom/dashboardorder.js?m=1786589824:130
[   97034ms] [LOG] 1 @ https://phbidlautdemo.prahu-hub.com/_resources/themes/prahutheme/javascript/custom/dashboardorder.js?m=1786589824:238
[   97034ms] [LOG] 1 jumlah data di info @ https://phbidlautdemo.prahu-hub.com/_resources/themes/prahutheme/javascript/custom/dashboardorder.js?m=1786589824:239
[   97034ms] [LOG] 1 jumlah data @ https://phbidlautdemo.prahu-hub.com/_resources/themes/prahutheme/javascript/custom/dashboardorder.js?m=1786589824:200
[   97034ms] [LOG] 1 page jumlah @ https://phbidlautdemo.prahu-hub.com/_resources/themes/prahutheme/javascript/custom/dashboardorder.js?m=1786589824:202
[   97035ms] [LOG] 1 1 pageCount & pageNow @ https://phbidlautdemo.prahu-hub.com/_resources/themes/prahutheme/javascript/custom/dashboardorder.js?m=1786589824:130
[   97035ms] [LOG] 1 @ https://phbidlautdemo.prahu-hub.com/_resources/themes/prahutheme/javascript/custom/dashboardorder.js?m=1786589824:238
[   97035ms] [LOG] 1 jumlah data di info @ https://phbidlautdemo.prahu-hub.com/_resources/themes/prahutheme/javascript/custom/dashboardorder.js?m=1786589824:239
[   97035ms] [LOG] 1 jumlah data @ https://phbidlautdemo.prahu-hub.com/_resources/themes/prahutheme/javascript/custom/dashboardorder.js?m=1786589824:200
[   97035ms] [LOG] 1 page jumlah @ https://phbidlautdemo.prahu-hub.com/_resources/themes/prahutheme/javascript/custom/dashboardorder.js?m=1786589824:202
[   97035ms] [LOG] 1 1 pageCount & pageNow @ https://phbidlautdemo.prahu-hub.com/_resources/themes/prahutheme/javascript/custom/dashboardorder.js?m=1786589824:130
[   97036ms] [LOG] 1 @ https://phbidlautdemo.prahu-hub.com/_resources/themes/prahutheme/javascript/custom/dashboardorder.js?m=1786589824:238
[   97036ms] [LOG] 1 jumlah data di info @ https://phbidlautdemo.prahu-hub.com/_resources/themes/prahutheme/javascript/custom/dashboardorder.js?m=1786589824:239
[   98160ms] [LOG] Connected @ https://phbidlautdemo.prahu-hub.com/home/dashboardorder:6494
[   98161ms] [LOG] Connected mbdebug @ https://phbidlautdemo.prahu-hub.com/home/dashboardorder:5367
[  101605ms] [LOG] Connected @ https://phbidlautdemo.prahu-hub.com/home/dashboardorder:6494
[  101606ms] [LOG] Connected mbdebug @ https://phbidlautdemo.prahu-hub.com/home/dashboardorder:5367
[  101713ms] [LOG] Connected @ https://phbidlautdemo.prahu-hub.com/home/dashboardorder:6494
[  101713ms] [LOG] Connected mbdebug @ https://phbidlautdemo.prahu-hub.com/home/dashboardorder:5367
[  102955ms] [LOG] Connected mbdebug @ https://phbidlautdemo.prahu-hub.com/home/dashboardorder:5367
[  102955ms] [LOG] Connected @ https://phbidlautdemo.prahu-hub.com/home/dashboardorder:6494
[  103824ms] [LOG] Connected @ https://phbidlautdemo.prahu-hub.com/home/dashboardorder:6494
[  103824ms] [LOG] Connected mbdebug @ https://phbidlautdemo.prahu-hub.com/home/dashboardorder:5367
[  104814ms] [LOG] Connected @ https://phbidlautdemo.prahu-hub.com/home/dashboardorder:6494
[  104815ms] [LOG] Connected mbdebug @ https://phbidlautdemo.prahu-hub.com/home/dashboardorder:5367
[  105985ms] [LOG] Connected @ https://phbidlautdemo.prahu-hub.com/home/dashboardorder:6494
[  105989ms] [LOG] Connected mbdebug @ https://phbidlautdemo.prahu-hub.com/home/dashboardorder:5367
[  106087ms] [LOG] Connected @ https://phbidlautdemo.prahu-hub.com/home/dashboardorder:6494
[  106087ms] [LOG] Connected mbdebug @ https://phbidlautdemo.prahu-hub.com/home/dashboardorder:5367
[  106988ms] [LOG] Connected @ https://phbidlautdemo.prahu-hub.com/home/dashboardorder:6494
[  106990ms] [LOG] Connected mbdebug @ https://phbidlautdemo.prahu-hub.com/home/dashboardorder:5367
[  108598ms] [LOG] Connected @ https://phbidlautdemo.prahu-hub.com/home/dashboardorder:6494
[  108599ms] [LOG] Connected mbdebug @ https://phbidlautdemo.prahu-hub.com/home/dashboardorder:5367
[  109145ms] [LOG] Connected @ https://phbidlautdemo.prahu-hub.com/home/dashboardorder:6494
[  109145ms] [LOG] Connected mbdebug @ https://phbidlautdemo.prahu-hub.com/home/dashboardorder:5367
[  110636ms] [LOG] Connected @ https://phbidlautdemo.prahu-hub.com/home/dashboardorder:6494
[  110636ms] [LOG] Connected mbdebug @ https://phbidlautdemo.prahu-hub.com/home/dashboardorder:5367
[  112951ms] [LOG] Connected @ https://phbidlautdemo.prahu-hub.com/home/dashboardorder:6494
[  112955ms] [LOG] Connected mbdebug @ https://phbidlautdemo.prahu-hub.com/home/dashboardorder:5367
[  113556ms] [LOG] Connected mbdebug @ https://phbidlautdemo.prahu-hub.com/home/dashboardorder:5367
[  113556ms] [LOG] Connected @ https://phbidlautdemo.prahu-hub.com/home/dashboardorder:6494
[  115237ms] [LOG] notif_badge_show.485-471-460-459-454-451-447-417-385-262-194-192-49-42-18-8-20-1 mbdebug @ https://phbidlautdemo.prahu-hub.com/home/dashboardorder:5367
[  115237ms] [LOG] updateNotifDarat.485-471-460-459-454-451-447-417-385-262-194-192-49-42-18-8-20-1 mbdebug @ https://phbidlautdemo.prahu-hub.com/home/dashboardorder:5367
[  115238ms] [LOG] notif_badge_show.485-471-460-459-454-451-447-417-385-262-194-192-49-42-18-8-20-1 @ https://phbidlautdemo.prahu-hub.com/home/dashboardorder:6494
[  115238ms] [LOG] updateNotifDarat.485-471-460-459-454-451-447-417-385-262-194-192-49-42-18-8-20-1 @ https://phbidlautdemo.prahu-hub.com/home/dashboardorder:6494
[  115857ms] [LOG] Connected @ https://phbidlautdemo.prahu-hub.com/home/dashboardorder:6494
[  115858ms] [LOG] Connected mbdebug @ https://phbidlautdemo.prahu-hub.com/home/dashboardorder:5367
[  116466ms] [LOG] Connected @ https://phbidlautdemo.prahu-hub.com/home/dashboardorder:6494
[  116467ms] [LOG] Connected mbdebug @ https://phbidlautdemo.prahu-hub.com/home/dashboardorder:5367
[  119411ms] [LOG] Connected @ https://phbidlautdemo.prahu-hub.com/home/dashboardorder:6494
[  119411ms] [LOG] Connected mbdebug @ https://phbidlautdemo.prahu-hub.com/home/dashboardorder:5367
[  120180ms] [LOG] updateNotifDarat.485-471-460-459-454-451-447-417-385-262-194-192-49-42-18-8-20-1 mbdebug @ https://phbidlautdemo.prahu-hub.com/home/dashboardorder:5367
[  120181ms] [LOG] updateNotifDarat.485-471-460-459-454-451-447-417-385-262-194-192-49-42-18-8-20-1 @ https://phbidlautdemo.prahu-hub.com/home/dashboardorder:6494
[  120198ms] [LOG] notif_badge_show.485-471-460-459-454-451-447-417-385-262-194-192-49-42-18-8-20-1 mbdebug @ https://phbidlautdemo.prahu-hub.com/home/dashboardorder:5367
[  120198ms] [LOG] notif_badge_show.485-471-460-459-454-451-447-417-385-262-194-192-49-42-18-8-20-1 @ https://phbidlautdemo.prahu-hub.com/home/dashboardorder:6494
[  123757ms] [LOG] Connected mbdebug @ https://phbidlautdemo.prahu-hub.com/home/dashboardorder:5367
[  123758ms] [LOG] Connected @ https://phbidlautdemo.prahu-hub.com/home/dashboardorder:6494
[  124317ms] [LOG] Connected @ https://phbidlautdemo.prahu-hub.com/home/dashboardorder:6494
[  124317ms] [LOG] Connected mbdebug @ https://phbidlautdemo.prahu-hub.com/home/dashboardorder:5367
[  124421ms] [LOG] Connected @ https://phbidlautdemo.prahu-hub.com/home/dashboardorder:6494
[  124423ms] [LOG] Connected mbdebug @ https://phbidlautdemo.prahu-hub.com/home/dashboardorder:5367
[  126353ms] [LOG] Connected @ https://phbidlautdemo.prahu-hub.com/home/dashboardorder:6494
[  126362ms] [LOG] Connected mbdebug @ https://phbidlautdemo.prahu-hub.com/home/dashboardorder:5367
[  126493ms] [LOG] updateNotifDarat.485-471-460-459-454-451-447-417-385-262-194-192-49-42-18-8-20-1 mbdebug @ https://phbidlautdemo.prahu-hub.com/home/dashboardorder:5367
[  126493ms] [LOG] updateNotifDarat.485-471-460-459-454-451-447-417-385-262-194-192-49-42-18-8-20-1 @ https://phbidlautdemo.prahu-hub.com/home/dashboardorder:6494
[  126497ms] [LOG] notif_badge_show.485-471-460-459-454-451-447-417-385-262-194-192-49-42-18-8-20-1 @ https://phbidlautdemo.prahu-hub.com/home/dashboardorder:6494
[  126498ms] [LOG] notif_badge_show.485-471-460-459-454-451-447-417-385-262-194-192-49-42-18-8-20-1 mbdebug @ https://phbidlautdemo.prahu-hub.com/home/dashboardorder:5367
[  126875ms] [LOG] Connected @ https://phbidlautdemo.prahu-hub.com/home/dashboardorder:6494
[  126877ms] [LOG] Connected mbdebug @ https://phbidlautdemo.prahu-hub.com/home/dashboardorder:5367
[  129137ms] [LOG] Connected @ https://phbidlautdemo.prahu-hub.com/home/dashboardorder:6494
[  129138ms] [LOG] Connected mbdebug @ https://phbidlautdemo.prahu-hub.com/home/dashboardorder:5367
[  129697ms] [LOG] Connected @ https://phbidlautdemo.prahu-hub.com/home/dashboardorder:6494
[  129700ms] [LOG] Connected mbdebug @ https://phbidlautdemo.prahu-hub.com/home/dashboardorder:5367
[  130943ms] [LOG] Connected @ https://phbidlautdemo.prahu-hub.com/home/dashboardorder:6494
[  130943ms] [LOG] Connected mbdebug @ https://phbidlautdemo.prahu-hub.com/home/dashboardorder:5367
[  131499ms] [LOG] notif_badge_show.485-471-460-459-454-451-447-417-385-262-194-192-49-42-18-8-20-1 mbdebug @ https://phbidlautdemo.prahu-hub.com/home/dashboardorder:5367
[  131500ms] [LOG] notif_badge_show.485-471-460-459-454-451-447-417-385-262-194-192-49-42-18-8-20-1 @ https://phbidlautdemo.prahu-hub.com/home/dashboardorder:6494
[  131518ms] [LOG] updateNotifDarat.485-471-460-459-454-451-447-417-385-262-194-192-49-42-18-8-20-1 @ https://phbidlautdemo.prahu-hub.com/home/dashboardorder:6494
[  131518ms] [LOG] updateNotifDarat.485-471-460-459-454-451-447-417-385-262-194-192-49-42-18-8-20-1 mbdebug @ https://phbidlautdemo.prahu-hub.com/home/dashboardorder:5367
[  134674ms] [LOG] Connected mbdebug @ https://phbidlautdemo.prahu-hub.com/home/dashboardorder:5367
[  134675ms] [LOG] Connected @ https://phbidlautdemo.prahu-hub.com/home/dashboardorder:6494
[  135874ms] [LOG] notif_badge_show.485-471-460-459-454-451-447-417-385-262-194-192-49-42-18-8-20-1 @ https://phbidlautdemo.prahu-hub.com/home/dashboardorder:6494
[  135875ms] [LOG] notif_badge_show.485-471-460-459-454-451-447-417-385-262-194-192-49-42-18-8-20-1 mbdebug @ https://phbidlautdemo.prahu-hub.com/home/dashboardorder:5367
[  135885ms] [LOG] updateNotifDarat.485-471-460-459-454-451-447-417-385-262-194-192-49-42-18-8-20-1 @ https://phbidlautdemo.prahu-hub.com/home/dashboardorder:6494
[  135886ms] [LOG] updateNotifDarat.485-471-460-459-454-451-447-417-385-262-194-192-49-42-18-8-20-1 mbdebug @ https://phbidlautdemo.prahu-hub.com/home/dashboardorder:5367
[  135931ms] [LOG] Connected @ https://phbidlautdemo.prahu-hub.com/home/dashboardorder:6494
[  135932ms] [LOG] Connected mbdebug @ https://phbidlautdemo.prahu-hub.com/home/dashboardorder:5367
[  136903ms] [LOG] Connected @ https://phbidlautdemo.prahu-hub.com/home/dashboardorder:6494
[  136911ms] [LOG] Connected mbdebug @ https://phbidlautdemo.prahu-hub.com/home/dashboardorder:5367
[  140530ms] [LOG] Connected @ https://phbidlautdemo.prahu-hub.com/home/dashboardorder:6494
[  140542ms] [LOG] Connected mbdebug @ https://phbidlautdemo.prahu-hub.com/home/dashboardorder:5367
[  142341ms] [LOG] Connected mbdebug @ https://phbidlautdemo.prahu-hub.com/home/dashboardorder:5367
[  142341ms] [LOG] Connected @ https://phbidlautdemo.prahu-hub.com/home/dashboardorder:6494
[  144108ms] [LOG] notif_badge_show.485-471-460-459-454-451-447-417-385-262-194-192-49-42-18-8-20-1 mbdebug @ https://phbidlautdemo.prahu-hub.com/home/dashboardorder:5367
[  144109ms] [LOG] notif_badge_show.485-471-460-459-454-451-447-417-385-262-194-192-49-42-18-8-20-1 @ https://phbidlautdemo.prahu-hub.com/home/dashboardorder:6494
[  144119ms] [LOG] updateNotifDarat.485-471-460-459-454-451-447-417-385-262-194-192-49-42-18-8-20-1 @ https://phbidlautdemo.prahu-hub.com/home/dashboardorder:6494
[  144119ms] [LOG] updateNotifDarat.485-471-460-459-454-451-447-417-385-262-194-192-49-42-18-8-20-1 mbdebug @ https://phbidlautdemo.prahu-hub.com/home/dashboardorder:5367
[  147140ms] [LOG] Connected mbdebug @ https://phbidlautdemo.prahu-hub.com/home/dashboardorder:5367
[  147140ms] [LOG] Connected @ https://phbidlautdemo.prahu-hub.com/home/dashboardorder:6494
[  151152ms] [LOG] updateNotifDarat.485-471-460-459-454-451-447-417-385-262-194-192-49-42-18-8-20-1 mbdebug @ https://phbidlautdemo.prahu-hub.com/home/dashboardorder:5367
[  151153ms] [LOG] notif_badge_show.485-471-460-459-454-451-447-417-385-262-194-192-49-42-18-8-20-1 mbdebug @ https://phbidlautdemo.prahu-hub.com/home/dashboardorder:5367
[  151153ms] [LOG] updateNotifDarat.485-471-460-459-454-451-447-417-385-262-194-192-49-42-18-8-20-1 @ https://phbidlautdemo.prahu-hub.com/home/dashboardorder:6494
[  151153ms] [LOG] notif_badge_show.485-471-460-459-454-451-447-417-385-262-194-192-49-42-18-8-20-1 @ https://phbidlautdemo.prahu-hub.com/home/dashboardorder:6494
[  151476ms] [LOG] Connected @ https://phbidlautdemo.prahu-hub.com/home/dashboardorder:6494
[  151489ms] [LOG] Connected mbdebug @ https://phbidlautdemo.prahu-hub.com/home/dashboardorder:5367
[  153843ms] [LOG] Connected @ https://phbidlautdemo.prahu-hub.com/home/dashboardorder:6494
[  153845ms] [LOG] Connected mbdebug @ https://phbidlautdemo.prahu-hub.com/home/dashboardorder:5367
[  156096ms] [LOG] Connected @ https://phbidlautdemo.prahu-hub.com/home/dashboardorder:6494
[  156097ms] [LOG] Connected mbdebug @ https://phbidlautdemo.prahu-hub.com/home/dashboardorder:5367
[  157851ms] [LOG] Connected mbdebug @ https://phbidlautdemo.prahu-hub.com/home/dashboardorder:5367
[  157851ms] [LOG] Connected @ https://phbidlautdemo.prahu-hub.com/home/dashboardorder:6494
[  163091ms] [LOG] Connected @ https://phbidlautdemo.prahu-hub.com/home/dashboardorder:6494
[  163091ms] [LOG] Connected mbdebug @ https://phbidlautdemo.prahu-hub.com/home/dashboardorder:5367
[  167539ms] [LOG] Connected @ https://phbidlautdemo.prahu-hub.com/home/dashboardorder:6494
[  167539ms] [LOG] Connected mbdebug @ https://phbidlautdemo.prahu-hub.com/home/dashboardorder:5367
[  174806ms] [LOG] Connected @ https://phbidlautdemo.prahu-hub.com/home/dashboardorder:6494
[  174806ms] [LOG] Connected mbdebug @ https://phbidlautdemo.prahu-hub.com/home/dashboardorder:5367
[  182349ms] [LOG] Connected @ https://phbidlautdemo.prahu-hub.com/home/dashboardorder:6494
[  182357ms] [LOG] Connected mbdebug @ https://phbidlautdemo.prahu-hub.com/home/dashboardorder:5367
[  184665ms] [LOG] Connected mbdebug @ https://phbidlautdemo.prahu-hub.com/home/dashboardorder:5367
[  184665ms] [LOG] Connected @ https://phbidlautdemo.prahu-hub.com/home/dashboardorder:6494
[  188702ms] [LOG] Connected @ https://phbidlautdemo.prahu-hub.com/home/dashboardorder:6494
[  188702ms] [LOG] Connected mbdebug @ https://phbidlautdemo.prahu-hub.com/home/dashboardorder:5367
[  221370ms] [LOG] Connected @ https://phbidlautdemo.prahu-hub.com/home/dashboardorder:6494
[  221372ms] [LOG] Connected mbdebug @ https://phbidlautdemo.prahu-hub.com/home/dashboardorder:5367
[  227942ms] [LOG] Connected mbdebug @ https://phbidlautdemo.prahu-hub.com/home/dashboardorder:5367
[  227973ms] [LOG] Connected @ https://phbidlautdemo.prahu-hub.com/home/dashboardorder:6494
[  229063ms] [LOG] Connected mbdebug @ https://phbidlautdemo.prahu-hub.com/home/dashboardorder:5367
[  229064ms] [LOG] Connected @ https://phbidlautdemo.prahu-hub.com/home/dashboardorder:6494
[  238689ms] [LOG] Connected @ https://phbidlautdemo.prahu-hub.com/home/dashboardorder:6494
[  238689ms] [LOG] Connected mbdebug @ https://phbidlautdemo.prahu-hub.com/home/dashboardorder:5367
[  243598ms] [LOG] Connected @ https://phbidlautdemo.prahu-hub.com/home/dashboardorder:6494
[  243599ms] [LOG] Connected mbdebug @ https://phbidlautdemo.prahu-hub.com/home/dashboardorder:5367
[  244809ms] [LOG] Connected @ https://phbidlautdemo.prahu-hub.com/home/dashboardorder:6494
[  244809ms] [LOG] Connected mbdebug @ https://phbidlautdemo.prahu-hub.com/home/dashboardorder:5367
[  245591ms] [LOG] Connected @ https://phbidlautdemo.prahu-hub.com/home/dashboardorder:6494
[  245591ms] [LOG] Connected mbdebug @ https://phbidlautdemo.prahu-hub.com/home/dashboardorder:5367
[  251238ms] [LOG] Connected @ https://phbidlautdemo.prahu-hub.com/home/dashboardorder:6494
[  251238ms] [LOG] Connected mbdebug @ https://phbidlautdemo.prahu-hub.com/home/dashboardorder:5367
[  252213ms] [LOG] Connected mbdebug @ https://phbidlautdemo.prahu-hub.com/home/dashboardorder:5367
[  252213ms] [LOG] Connected @ https://phbidlautdemo.prahu-hub.com/home/dashboardorder:6494
[  257363ms] [LOG] Connected @ https://phbidlautdemo.prahu-hub.com/home/dashboardorder:6494
[  257364ms] [LOG] Connected mbdebug @ https://phbidlautdemo.prahu-hub.com/home/dashboardorder:5367
[  257552ms] [LOG] Connected mbdebug @ https://phbidlautdemo.prahu-hub.com/home/dashboardorder:5367
[  257566ms] [LOG] Connected @ https://phbidlautdemo.prahu-hub.com/home/dashboardorder:6494
[  259009ms] [LOG] Connected @ https://phbidlautdemo.prahu-hub.com/home/dashboardorder:6494
[  259010ms] [LOG] Connected mbdebug @ https://phbidlautdemo.prahu-hub.com/home/dashboardorder:5367
[  259630ms] [LOG] Connected @ https://phbidlautdemo.prahu-hub.com/home/dashboardorder:6494
[  259646ms] [LOG] Connected mbdebug @ https://phbidlautdemo.prahu-hub.com/home/dashboardorder:5367
[  264493ms] [LOG] Connected @ https://phbidlautdemo.prahu-hub.com/home/dashboardorder:6494
[  264494ms] [LOG] Connected mbdebug @ https://phbidlautdemo.prahu-hub.com/home/dashboardorder:5367
[  266463ms] [LOG] updateNotifDarat.485-471-460-459-454-451-447-417-385-262-194-192-49-42-18-8-19-1 @ https://phbidlautdemo.prahu-hub.com/home/dashboardorder:6494
[  266463ms] [LOG] updateNotifDarat.485-471-460-459-454-451-447-417-385-262-194-192-49-42-18-8-19-1 mbdebug @ https://phbidlautdemo.prahu-hub.com/home/dashboardorder:5367
[  266468ms] [LOG] notif_badge_show.485-471-460-459-454-451-447-417-385-262-194-192-49-42-18-8-19-1 mbdebug @ https://phbidlautdemo.prahu-hub.com/home/dashboardorder:5367
[  266468ms] [LOG] notif_badge_show.485-471-460-459-454-451-447-417-385-262-194-192-49-42-18-8-19-1 @ https://phbidlautdemo.prahu-hub.com/home/dashboardorder:6494
[  268617ms] [LOG] Connected @ https://phbidlautdemo.prahu-hub.com/home/dashboardorder:6494
[  268620ms] [LOG] Connected mbdebug @ https://phbidlautdemo.prahu-hub.com/home/dashboardorder:5367
[  271548ms] [LOG] Connected @ https://phbidlautdemo.prahu-hub.com/home/dashboardorder:6494
[  271552ms] [LOG] Connected mbdebug @ https://phbidlautdemo.prahu-hub.com/home/dashboardorder:5367
