[    1063ms] Cannot use import statement outside a module
[    1078ms] ReferenceError: Chart is not defined
    at https://phbidlautdemo.prahu-hub.com/_resources/themes/prahutheme/js/scripts-init/charts/chartjs.js:8:13
[    1142ms] Unexpected token '<'
[    1265ms] Unexpected token '<'
[    1296ms] Uncaught TypeError: expect element to be DOM Element, but got null
    at n.init (https://cdnjs.cloudflare.com/ajax/libs/smooth-scrollbar/8.5.2/smooth-scrollbar.js:24:264)
    at <anonymous> (https://phbidlautdemo.prahu-hub.com/home/bidowner:5246:14)
[    1315ms] [LOG] Validasi Akunnamanya @ https://phbidlautdemo.prahu-hub.com/home/bidowner:2040
[    1320ms] [LOG] undefined @ https://phbidlautdemo.prahu-hub.com/home/bidowner:5599
[    1320ms] [LOG] 1xxx @ https://phbidlautdemo.prahu-hub.com/home/bidowner:5599
[    1320ms] [LOG] Masukkan Nama Perusahaan @ https://phbidlautdemo.prahu-hub.com/home/bidowner:5599
[    1320ms] [LOG] Masukkan Email @ https://phbidlautdemo.prahu-hub.com/home/bidowner:5599
[    1320ms] [LOG] 08xxxxxxxxxxx @ https://phbidlautdemo.prahu-hub.com/home/bidowner:5599
[    1321ms] [LOG] WebSocket connection @ https://phbidlautdemo.prahu-hub.com/home/bidowner:5642
[    1321ms] [LOG] WebSocket connection attempting... @ https://phbidlautdemo.prahu-hub.com/home/bidowner:5720
[    1421ms] [LOG] WebSocket connected @ https://phbidlautdemo.prahu-hub.com/home/bidowner:5651
[    1422ms] [LOG] update_dashboard_order_laut @ https://phbidlautdemo.prahu-hub.com/home/bidowner:5692
[    1448ms] [LOG] Connected @ https://phbidlautdemo.prahu-hub.com/home/bidowner:5692
[    1658ms] [LOG] [Object, Object, Object, Object, Object, Object, Object, Object, Object, Object, Object, Object, Object, Object, Object, Object, Object, Object, Object, Object] @ https://phbidlautdemo.prahu-hub.com/_resources/themes/prahutheme/javascript/custom/bidowner.js?m=1788319233:164
[    1662ms] [LOG] 110 @ https://phbidlautdemo.prahu-hub.com/_resources/themes/prahutheme/javascript/custom/bidowner.js?m=1788319233:702
[    1662ms] [LOG] 110 countView1 1 pageNow 20 limitView1 @ https://phbidlautdemo.prahu-hub.com/_resources/themes/prahutheme/javascript/custom/bidowner.js?m=1788319233:704
[    1662ms] [LOG] 20 @ https://phbidlautdemo.prahu-hub.com/_resources/themes/prahutheme/javascript/custom/bidowner.js?m=1788319233:710
[    1662ms] [LOG] 110 jumlah data @ https://phbidlautdemo.prahu-hub.com/_resources/themes/prahutheme/javascript/custom/bidowner.js?m=1788319233:667
[    1663ms] [LOG] 6 @ https://phbidlautdemo.prahu-hub.com/_resources/themes/prahutheme/javascript/custom/bidowner.js?m=1788319233:669
[    1663ms] [LOG] 6 1 pageCount & pageNow @ https://phbidlautdemo.prahu-hub.com/_resources/themes/prahutheme/javascript/custom/bidowner.js?m=1788319233:593
[    1664ms] [LOG] [Object, Object, Object, Object, Object, Object, Object, Object, Object, Object, Object, Object, Object, Object, Object, Object, Object, Object, Object, Object] @ https://phbidlautdemo.prahu-hub.com/_resources/themes/prahutheme/javascript/custom/bidowner.js?m=1788319233:41
[    1667ms] [LOG] 200 xhrglobal @ https://phbidlautdemo.prahu-hub.com/home/bidowner:5573
[    1667ms] [LOG] ce.fn.init stepItem @ https://phbidlautdemo.prahu-hub.com/_resources/themes/prahutheme/javascript/custom/bidowner.js?m=1788319233:567
[    1765ms] [LOG] 200 xhrglobal @ https://phbidlautdemo.prahu-hub.com/home/bidowner:5573
[    1821ms] [LOG] 200 xhrglobal @ https://phbidlautdemo.prahu-hub.com/home/bidowner:5573
[    3330ms] TypeError: $(...).DataTable is not a function
    at https://phbidlautdemo.prahu-hub.com/_resources/themes/prahutheme/js/scripts-init/tables.js:7:23
[    4211ms] [LOG] Connected @ https://phbidlautdemo.prahu-hub.com/home/bidowner:5692
[    9596ms] [LOG] Connected @ https://phbidlautdemo.prahu-hub.com/home/bidowner:5692
[   49650ms] [LOG] Connected @ https://phbidlautdemo.prahu-hub.com/home/bidowner:5692
[   73446ms] [LOG] Connected @ https://phbidlautdemo.prahu-hub.com/home/bidowner:5692
