[    1328ms] Cannot use import statement outside a module
[    1346ms] ReferenceError: Chart is not defined
    at https://phbidlautdemo.prahu-hub.com/_resources/themes/prahutheme/js/scripts-init/charts/chartjs.js:8:13
[    1549ms] Unexpected token '<'
[    1551ms] Unexpected token '<'
[    1590ms] Uncaught TypeError: expect element to be DOM Element, but got null
    at n.init (https://cdnjs.cloudflare.com/ajax/libs/smooth-scrollbar/8.5.2/smooth-scrollbar.js:24:264)
    at <anonymous> (https://phbidlautdemo.prahu-hub.com/lelang/carirute:6530:14)
[    1638ms] [LOG] undefinednamanya @ https://phbidlautdemo.prahu-hub.com/lelang/carirute:2148
[    1649ms] [LOG] undefined @ https://phbidlautdemo.prahu-hub.com/lelang/carirute:6882
[    1649ms] [LOG] undefined @ https://phbidlautdemo.prahu-hub.com/lelang/carirute:6882
[    1649ms] [LOG] undefined @ https://phbidlautdemo.prahu-hub.com/lelang/carirute:6882
[    1649ms] [LOG] Masukkan Nomor Lelang @ https://phbidlautdemo.prahu-hub.com/lelang/carirute:6882
[    1649ms] [LOG] undefined @ https://phbidlautdemo.prahu-hub.com/lelang/carirute:6882
[    1650ms] [LOG] WebSocket connection @ https://phbidlautdemo.prahu-hub.com/lelang/carirute:6925
[    1651ms] [LOG] WebSocket connection attempting... @ https://phbidlautdemo.prahu-hub.com/lelang/carirute:7003
[    1736ms] [TABLE] {UI version: 8.4.1, Core version: 8.4.0, Build: NC8xMi8yMDIyfDRkZTU3MmExYg==, WebViewer Server: false, Full API: false} @ https://phbidlautdemo.prahu-hub.com/_resources/themes/prahutheme/javascript/PDFView/lib/ui/webviewer-ui.min.js:270
[    1842ms] [VERBOSE] [DOM] Password forms should have (optionally hidden) username fields for accessibility: (More info: https://goo.gl/9p2vKq) %o @ https://phbidlautdemo.prahu-hub.com/_resources/themes/prahutheme/javascript/PDFView/lib/ui/index.html#a=1&disabledElements=downloadButton%2CprintButton%2ClanguageButton&filepicker=0&pdfnet=0&enableRedaction=0&enableMeasurement=0&pageHistory=1&notesInLeftPanel=0&singleServerMode=false&selectAnnotationOnCreation=0&autoFocusNoteOnAnnotationSelection=1&id=1&basePath=%2Flelang%2Fcarirute:0
[    1844ms] [LOG] WebSocket connected @ https://phbidlautdemo.prahu-hub.com/lelang/carirute:6934
[    1923ms] [LOG] update_dashboard_order_laut @ https://phbidlautdemo.prahu-hub.com/lelang/carirute:6975
[    1937ms] [LOG] Connected @ https://phbidlautdemo.prahu-hub.com/lelang/carirute:6975
[    2022ms] [LOG] 200 xhrglobal @ https://phbidlautdemo.prahu-hub.com/lelang/carirute:6856
[    2051ms] [LOG] 200 xhrglobal @ https://phbidlautdemo.prahu-hub.com/lelang/carirute:6856
[    2971ms] [LOG] 0 1 pageCountnya & pageNownya @ https://phbidlautdemo.prahu-hub.com/_resources/themes/prahutheme/javascript/custom/cariLelang.js?m=1&amp;m=1786589824:97
[    2971ms] [LOG] 1 0 0 @ https://phbidlautdemo.prahu-hub.com/_resources/themes/prahutheme/javascript/custom/cariLelang.js?m=1&amp;m=1786589824:215
[    3283ms] [LOG] [Object, Object, Object, Object, Object, Object, Object, Object, Object, Object, Object, Object, Object, Object, Object, Object, Object, Object, Object, Object] @ https://phbidlautdemo.prahu-hub.com/_resources/themes/prahutheme/javascript/custom/cariLelang.js?m=1&amp;m=1786589824:15
[    3307ms] [LOG] 1 20 305 @ https://phbidlautdemo.prahu-hub.com/_resources/themes/prahutheme/javascript/custom/cariLelang.js?m=1&amp;m=1786589824:215
[    3307ms] [LOG] 16 1 pageCountnya & pageNownya @ https://phbidlautdemo.prahu-hub.com/_resources/themes/prahutheme/javascript/custom/cariLelang.js?m=1&amp;m=1786589824:97
[    3308ms] [LOG] ulang 1 @ https://phbidlautdemo.prahu-hub.com/_resources/themes/prahutheme/javascript/custom/cariLelang.js?m=1&amp;m=1786589824:265
[    3309ms] [LOG] 200 xhrglobal @ https://phbidlautdemo.prahu-hub.com/lelang/carirute:6856
[    3649ms] TypeError: $(...).DataTable is not a function
    at https://phbidlautdemo.prahu-hub.com/_resources/themes/prahutheme/js/scripts-init/tables.js:7:23
[   14890ms] [LOG] Connected @ https://phbidlautdemo.prahu-hub.com/lelang/carirute:6975
[   19776ms] [LOG] Connected @ https://phbidlautdemo.prahu-hub.com/lelang/carirute:6975
[   21971ms] [LOG] Connected @ https://phbidlautdemo.prahu-hub.com/lelang/carirute:6975
[   42232ms] [LOG] Connected @ https://phbidlautdemo.prahu-hub.com/lelang/carirute:6975
[   45403ms] [LOG] updateNotif.901-858-787-935-914-906-900-876-856-820-796-795-783-764-704-689-688-685-642-641-640-639-638-635-634-633-632-631-629-628-627-626-625-624-623-622-621-614-459-325-23 @ https://phbidlautdemo.prahu-hub.com/lelang/carirute:6975
[   45436ms] [LOG] notif_badge_show.901-858-787-935-914-906-900-876-856-820-796-795-783-764-704-689-688-685-642-641-640-639-638-635-634-633-632-631-629-628-627-626-625-624-623-622-621-614-459-325-23 @ https://phbidlautdemo.prahu-hub.com/lelang/carirute:6975
[   45442ms] [LOG] update_dashboard_order_laut @ https://phbidlautdemo.prahu-hub.com/lelang/carirute:6975
[   47416ms] [LOG] Connected @ https://phbidlautdemo.prahu-hub.com/lelang/carirute:6975
[   49081ms] [LOG] Connected @ https://phbidlautdemo.prahu-hub.com/lelang/carirute:6975
[   51674ms] [LOG] Connected @ https://phbidlautdemo.prahu-hub.com/lelang/carirute:6975
[   55412ms] [LOG] Connected @ https://phbidlautdemo.prahu-hub.com/lelang/carirute:6975
[   58010ms] [LOG] Connected @ https://phbidlautdemo.prahu-hub.com/lelang/carirute:6975
[   59497ms] [LOG] Connected @ https://phbidlautdemo.prahu-hub.com/lelang/carirute:6975
[   78715ms] [LOG] Connected @ https://phbidlautdemo.prahu-hub.com/lelang/carirute:6975
[   81069ms] [LOG] Connected @ https://phbidlautdemo.prahu-hub.com/lelang/carirute:6975
[   86679ms] [LOG] Connected @ https://phbidlautdemo.prahu-hub.com/lelang/carirute:6975
[   88670ms] [LOG] Connected @ https://phbidlautdemo.prahu-hub.com/lelang/carirute:6975
[   92555ms] [LOG] Connected @ https://phbidlautdemo.prahu-hub.com/lelang/carirute:6975
[   94910ms] [LOG] Connected @ https://phbidlautdemo.prahu-hub.com/lelang/carirute:6975
[   98595ms] [LOG] Connected @ https://phbidlautdemo.prahu-hub.com/lelang/carirute:6975
[  103291ms] [LOG] Connected @ https://phbidlautdemo.prahu-hub.com/lelang/carirute:6975
[  104458ms] [LOG] Connected @ https://phbidlautdemo.prahu-hub.com/lelang/carirute:6975
[  106320ms] [LOG] Connected @ https://phbidlautdemo.prahu-hub.com/lelang/carirute:6975
[  114418ms] [LOG] Connected @ https://phbidlautdemo.prahu-hub.com/lelang/carirute:6975
[  122050ms] [LOG] Connected @ https://phbidlautdemo.prahu-hub.com/lelang/carirute:6975
[  137479ms] [ERROR] Error: <g> attribute transform: Expected number, "scale(NaN) translate(N…". @ https://phbidlautdemo.prahu-hub.com/_resources/themes/prahutheme/js/vendors/jvectormap.js:0
[  137518ms] [ERROR] Error: <g> attribute transform: Expected number, "scale(NaN) translate(N…". @ https://phbidlautdemo.prahu-hub.com/_resources/themes/prahutheme/js/vendors/jvectormap.js:0
[  139667ms] [LOG] Connected @ https://phbidlautdemo.prahu-hub.com/lelang/carirute:6975
[  149256ms] [LOG] Connected @ https://phbidlautdemo.prahu-hub.com/lelang/carirute:6975
[  152222ms] [LOG] Connected @ https://phbidlautdemo.prahu-hub.com/lelang/carirute:6975
[  158908ms] [LOG] Connected @ https://phbidlautdemo.prahu-hub.com/lelang/carirute:6975
[  164718ms] [LOG] Connected @ https://phbidlautdemo.prahu-hub.com/lelang/carirute:6975
[  175907ms] [LOG] update_dashboard_order_laut @ https://phbidlautdemo.prahu-hub.com/lelang/carirute:6975
[  175908ms] [LOG] updateNotif.913-935-914-906-900-876-856-820-796-795-783-764-704-689-688-685-642-641-640-639-638-635-634-633-632-631-629-628-627-626-625-624-623-622-621-614-459-123-23 @ https://phbidlautdemo.prahu-hub.com/lelang/carirute:6975
[  175908ms] [LOG] notif_badge_hide.913-935-914-906-900-876-856-820-796-795-783-764-704-689-688-685-642-641-640-639-638-635-634-633-632-631-629-628-627-626-625-624-623-622-621-614-459-123-23 @ https://phbidlautdemo.prahu-hub.com/lelang/carirute:6975
[  179186ms] [LOG] Connected @ https://phbidlautdemo.prahu-hub.com/lelang/carirute:6975
[  179587ms] [LOG] Connected @ https://phbidlautdemo.prahu-hub.com/lelang/carirute:6975
[  179802ms] [LOG] Connected @ https://phbidlautdemo.prahu-hub.com/lelang/carirute:6975
[  185794ms] [LOG] Connected @ https://phbidlautdemo.prahu-hub.com/lelang/carirute:6975
[  187913ms] [LOG] Connected @ https://phbidlautdemo.prahu-hub.com/lelang/carirute:6975
[  190027ms] [LOG] Connected @ https://phbidlautdemo.prahu-hub.com/lelang/carirute:6975
[  190244ms] [LOG] Connected @ https://phbidlautdemo.prahu-hub.com/lelang/carirute:6975
[  196826ms] [LOG] notif_badge_hide.935-914-900-876-820-796-795-783-764-704-689-688-685-642-641-640-639-638-631-628-627-626-625-624-623-622-621-613-459-778-713-772-904-909-921-720-129-356-157-132-930-23 @ https://phbidlautdemo.prahu-hub.com/lelang/carirute:6975
[  196829ms] [LOG] updateNotif.935-914-900-876-820-796-795-783-764-704-689-688-685-642-641-640-639-638-631-628-627-626-625-624-623-622-621-613-459-778-713-772-904-909-921-720-129-356-157-132-930-23 @ https://phbidlautdemo.prahu-hub.com/lelang/carirute:6975
[  198627ms] [LOG] Connected @ https://phbidlautdemo.prahu-hub.com/lelang/carirute:6975
[  198877ms] [LOG] Connected @ https://phbidlautdemo.prahu-hub.com/lelang/carirute:6975
[  199191ms] [LOG] Connected @ https://phbidlautdemo.prahu-hub.com/lelang/carirute:6975
[  202118ms] [LOG] Connected @ https://phbidlautdemo.prahu-hub.com/lelang/carirute:6975
[  206048ms] [LOG] Connected @ https://phbidlautdemo.prahu-hub.com/lelang/carirute:6975
[  214757ms] [LOG] updateNotif.913-935-914-906-900-876-856-820-796-795-783-764-704-689-688-685-642-641-640-639-638-635-634-633-632-631-629-628-627-626-625-624-623-622-621-614-459-123-23 @ https://phbidlautdemo.prahu-hub.com/lelang/carirute:6975
[  214769ms] [LOG] notif_badge_hide.913-935-914-906-900-876-856-820-796-795-783-764-704-689-688-685-642-641-640-639-638-635-634-633-632-631-629-628-627-626-625-624-623-622-621-614-459-123-23 @ https://phbidlautdemo.prahu-hub.com/lelang/carirute:6975
[  214772ms] [LOG] update_dashboard_order_laut @ https://phbidlautdemo.prahu-hub.com/lelang/carirute:6975
[  219132ms] [LOG] Connected @ https://phbidlautdemo.prahu-hub.com/lelang/carirute:6975
[  232142ms] [LOG] Connected @ https://phbidlautdemo.prahu-hub.com/lelang/carirute:6975
[  232317ms] [LOG] Connected @ https://phbidlautdemo.prahu-hub.com/lelang/carirute:6975
[  235227ms] [LOG] Connected @ https://phbidlautdemo.prahu-hub.com/lelang/carirute:6975
[  237658ms] [LOG] Connected @ https://phbidlautdemo.prahu-hub.com/lelang/carirute:6975
[  243349ms] [LOG] Connected @ https://phbidlautdemo.prahu-hub.com/lelang/carirute:6975
[  244488ms] [LOG] Connected @ https://phbidlautdemo.prahu-hub.com/lelang/carirute:6975
[  245482ms] [LOG] Connected @ https://phbidlautdemo.prahu-hub.com/lelang/carirute:6975
[  246863ms] [LOG] Connected @ https://phbidlautdemo.prahu-hub.com/lelang/carirute:6975
[  249136ms] [LOG] Connected @ https://phbidlautdemo.prahu-hub.com/lelang/carirute:6975
[  250558ms] [LOG] Connected @ https://phbidlautdemo.prahu-hub.com/lelang/carirute:6975
[  255260ms] [LOG] menten_selesai @ https://phbidlautdemo.prahu-hub.com/lelang/carirute:6975
[  257368ms] [LOG] Connected @ https://phbidlautdemo.prahu-hub.com/lelang/carirute:6975
[  257761ms] [LOG] Connected @ https://phbidlautdemo.prahu-hub.com/lelang/carirute:6975
[  258212ms] [LOG] updateNotif.913-935-914-906-900-876-856-820-796-795-783-764-704-689-688-685-642-641-640-639-638-635-634-633-632-631-629-628-627-626-625-624-623-622-621-614-459-123-23 @ https://phbidlautdemo.prahu-hub.com/lelang/carirute:6975
[  258214ms] [LOG] notif_badge_hide.913-935-914-906-900-876-856-820-796-795-783-764-704-689-688-685-642-641-640-639-638-635-634-633-632-631-629-628-627-626-625-624-623-622-621-614-459-123-23 @ https://phbidlautdemo.prahu-hub.com/lelang/carirute:6975
[  258248ms] [LOG] update_dashboard_order_laut @ https://phbidlautdemo.prahu-hub.com/lelang/carirute:6975
[  262498ms] [LOG] Connected @ https://phbidlautdemo.prahu-hub.com/lelang/carirute:6975
[  262587ms] [LOG] Connected @ https://phbidlautdemo.prahu-hub.com/lelang/carirute:6975
[  266090ms] [LOG] Connected @ https://phbidlautdemo.prahu-hub.com/lelang/carirute:6975
[  266940ms] [LOG] Connected @ https://phbidlautdemo.prahu-hub.com/lelang/carirute:6975
[  267435ms] [LOG] Connected @ https://phbidlautdemo.prahu-hub.com/lelang/carirute:6975
[  274260ms] [LOG] Connected @ https://phbidlautdemo.prahu-hub.com/lelang/carirute:6975
[  276066ms] [LOG] Connected @ https://phbidlautdemo.prahu-hub.com/lelang/carirute:6975
[  280231ms] [LOG] Connected @ https://phbidlautdemo.prahu-hub.com/lelang/carirute:6975
[  291752ms] [LOG] Connected @ https://phbidlautdemo.prahu-hub.com/lelang/carirute:6975
[  300140ms] [LOG] Connected @ https://phbidlautdemo.prahu-hub.com/lelang/carirute:6975
[  309538ms] [LOG] Connected @ https://phbidlautdemo.prahu-hub.com/lelang/carirute:6975
[  315529ms] [LOG] Connected @ https://phbidlautdemo.prahu-hub.com/lelang/carirute:6975
[  338134ms] [LOG] Connected @ https://phbidlautdemo.prahu-hub.com/lelang/carirute:6975
[  338375ms] [LOG] Connected @ https://phbidlautdemo.prahu-hub.com/lelang/carirute:6975
[  347723ms] [LOG] Connected @ https://phbidlautdemo.prahu-hub.com/lelang/carirute:6975
[  347738ms] [LOG] Connected @ https://phbidlautdemo.prahu-hub.com/lelang/carirute:6975
[  355444ms] [LOG] Connected @ https://phbidlautdemo.prahu-hub.com/lelang/carirute:6975
[  359103ms] [LOG] Connected @ https://phbidlautdemo.prahu-hub.com/lelang/carirute:6975
[  361528ms] [LOG] Connected @ https://phbidlautdemo.prahu-hub.com/lelang/carirute:6975
[  399111ms] [LOG] Connected @ https://phbidlautdemo.prahu-hub.com/lelang/carirute:6975
[  405712ms] [LOG] Connected @ https://phbidlautdemo.prahu-hub.com/lelang/carirute:6975
[  418399ms] [LOG] Connected @ https://phbidlautdemo.prahu-hub.com/lelang/carirute:6975
[  419787ms] [LOG] Connected @ https://phbidlautdemo.prahu-hub.com/lelang/carirute:6975
[  425083ms] [LOG] Connected @ https://phbidlautdemo.prahu-hub.com/lelang/carirute:6975
[  429082ms] [LOG] Connected @ https://phbidlautdemo.prahu-hub.com/lelang/carirute:6975
[  430954ms] [LOG] Connected @ https://phbidlautdemo.prahu-hub.com/lelang/carirute:6975
[  432115ms] [LOG] Connected @ https://phbidlautdemo.prahu-hub.com/lelang/carirute:6975
[  440249ms] [LOG] Connected @ https://phbidlautdemo.prahu-hub.com/lelang/carirute:6975
[  443828ms] [LOG] Connected @ https://phbidlautdemo.prahu-hub.com/lelang/carirute:6975
[  455485ms] [LOG] Connected @ https://phbidlautdemo.prahu-hub.com/lelang/carirute:6975
[  459387ms] [LOG] Connected @ https://phbidlautdemo.prahu-hub.com/lelang/carirute:6975
[  467135ms] [LOG] Connected @ https://phbidlautdemo.prahu-hub.com/lelang/carirute:6975
[  482852ms] [LOG] Connected @ https://phbidlautdemo.prahu-hub.com/lelang/carirute:6975
[  530515ms] [LOG] Connected @ https://phbidlautdemo.prahu-hub.com/lelang/carirute:6975
[  535899ms] [LOG] Connected @ https://phbidlautdemo.prahu-hub.com/lelang/carirute:6975
[  561370ms] [LOG] Connected @ https://phbidlautdemo.prahu-hub.com/lelang/carirute:6975
[  566053ms] [LOG] Connected @ https://phbidlautdemo.prahu-hub.com/lelang/carirute:6975
[  569471ms] [LOG] Connected @ https://phbidlautdemo.prahu-hub.com/lelang/carirute:6975
[  576956ms] [LOG] Connected @ https://phbidlautdemo.prahu-hub.com/lelang/carirute:6975
[  581758ms] [LOG] Connected @ https://phbidlautdemo.prahu-hub.com/lelang/carirute:6975
[  581939ms] [LOG] Connected @ https://phbidlautdemo.prahu-hub.com/lelang/carirute:6975
[  585692ms] [LOG] Connected @ https://phbidlautdemo.prahu-hub.com/lelang/carirute:6975
[  585980ms] [LOG] Connected @ https://phbidlautdemo.prahu-hub.com/lelang/carirute:6975
[  599874ms] [LOG] Connected @ https://phbidlautdemo.prahu-hub.com/lelang/carirute:6975
[  611213ms] [LOG] updateNotifDarat.485-471-460-459-454-451-447-417-385-262-194-192-49-42-18-8-20-1 @ https://phbidlautdemo.prahu-hub.com/lelang/carirute:6975
[  611213ms] [LOG] notif_badge_hide.485-471-460-459-454-451-447-417-385-262-194-192-49-42-18-8-20-1 @ https://phbidlautdemo.prahu-hub.com/lelang/carirute:6975
[  645551ms] [LOG] Connected @ https://phbidlautdemo.prahu-hub.com/lelang/carirute:6975
[  653294ms] [LOG] Connected @ https://phbidlautdemo.prahu-hub.com/lelang/carirute:6975
[  662098ms] [LOG] Connected @ https://phbidlautdemo.prahu-hub.com/lelang/carirute:6975
[  673261ms] [LOG] Connected @ https://phbidlautdemo.prahu-hub.com/lelang/carirute:6975
[  725361ms] [LOG] Connected @ https://phbidlautdemo.prahu-hub.com/lelang/carirute:6975
[  736117ms] [LOG] Connected @ https://phbidlautdemo.prahu-hub.com/lelang/carirute:6975
[  746901ms] [LOG] Connected @ https://phbidlautdemo.prahu-hub.com/lelang/carirute:6975
[  769159ms] [LOG] Connected @ https://phbidlautdemo.prahu-hub.com/lelang/carirute:6975
[  781611ms] [LOG] Connected @ https://phbidlautdemo.prahu-hub.com/lelang/carirute:6975
[  790293ms] [LOG] updateNotif.901-858-787-935-914-906-900-876-856-820-796-795-783-764-704-689-688-685-642-641-640-639-638-635-634-633-632-631-629-628-627-626-625-624-623-622-621-614-459-325-23 @ https://phbidlautdemo.prahu-hub.com/lelang/carirute:6975
[  790295ms] [LOG] notif_badge_hide.901-858-787-935-914-906-900-876-856-820-796-795-783-764-704-689-688-685-642-641-640-639-638-635-634-633-632-631-629-628-627-626-625-624-623-622-621-614-459-325-23 @ https://phbidlautdemo.prahu-hub.com/lelang/carirute:6975
[  790342ms] [LOG] update_dashboard_order_laut @ https://phbidlautdemo.prahu-hub.com/lelang/carirute:6975
[  799884ms] [LOG] Connected @ https://phbidlautdemo.prahu-hub.com/lelang/carirute:6975
[  812890ms] [LOG] update_dashboard_order_laut @ https://phbidlautdemo.prahu-hub.com/lelang/carirute:6975
[  812959ms] [LOG] notif_badge_hide.901-858-787-935-914-906-900-876-856-820-796-795-783-764-704-689-688-685-642-641-640-639-638-635-634-633-632-631-629-628-627-626-625-624-623-622-621-614-459-325-23 @ https://phbidlautdemo.prahu-hub.com/lelang/carirute:6975
[  812962ms] [LOG] updateNotif.901-858-787-935-914-906-900-876-856-820-796-795-783-764-704-689-688-685-642-641-640-639-638-635-634-633-632-631-629-628-627-626-625-624-623-622-621-614-459-325-23 @ https://phbidlautdemo.prahu-hub.com/lelang/carirute:6975
