[     994ms] Cannot use import statement outside a module
[    1013ms] ReferenceError: Chart is not defined
    at https://phbidlautdemo.prahu-hub.com/_resources/themes/prahutheme/js/scripts-init/charts/chartjs.js:8:13
[    1047ms] Unexpected token '<'
[    1161ms] Unexpected token '<'
[    1188ms] Uncaught TypeError: expect element to be DOM Element, but got null
    at n.init (https://cdnjs.cloudflare.com/ajax/libs/smooth-scrollbar/8.5.2/smooth-scrollbar.js:24:264)
    at <anonymous> (https://phbidlautdemo.prahu-hub.com/order/buatinvoice/1416:6614:14)
[    1204ms] [LOG] Daftar Ordernamanya @ https://phbidlautdemo.prahu-hub.com/order/buatinvoice/1416:2039
[    1223ms] [LOG] nilai_diskon 0 @ https://phbidlautdemo.prahu-hub.com/order/buatinvoice/1416:5762
[    1223ms] [LOG] 4707250 @ https://phbidlautdemo.prahu-hub.com/order/buatinvoice/1416:5763
[    1224ms] [LOG] nilai_diskon 0 @ https://phbidlautdemo.prahu-hub.com/order/buatinvoice/1416:5762
[    1224ms] [LOG] 4707250 @ https://phbidlautdemo.prahu-hub.com/order/buatinvoice/1416:5763
[    1225ms] [LOG] nilai_diskon 0 @ https://phbidlautdemo.prahu-hub.com/order/buatinvoice/1416:5762
[    1225ms] [LOG] 4707250 @ https://phbidlautdemo.prahu-hub.com/order/buatinvoice/1416:5763
[    1225ms] [LOG] nilai_diskon 0 @ https://phbidlautdemo.prahu-hub.com/order/buatinvoice/1416:5762
[    1225ms] [LOG] 4707250 @ https://phbidlautdemo.prahu-hub.com/order/buatinvoice/1416:5763
[    1234ms] [LOG] undefined @ https://phbidlautdemo.prahu-hub.com/order/buatinvoice/1416:6967
[    1234ms] [LOG] undefined @ https://phbidlautdemo.prahu-hub.com/order/buatinvoice/1416:6967
[    1234ms] [LOG] undefined @ https://phbidlautdemo.prahu-hub.com/order/buatinvoice/1416:6967
[    1234ms] [LOG] Masukkan Nama Perusahaan @ https://phbidlautdemo.prahu-hub.com/order/buatinvoice/1416:6967
[    1235ms] [LOG] Masukkan Nomor Telepon @ https://phbidlautdemo.prahu-hub.com/order/buatinvoice/1416:6967
[    1235ms] [LOG] Masukkan Alamat Email @ https://phbidlautdemo.prahu-hub.com/order/buatinvoice/1416:6967
[    1235ms] [LOG] Masukkan Nama Shipper @ https://phbidlautdemo.prahu-hub.com/order/buatinvoice/1416:6967
[    1235ms] [LOG] Masukkan ID Order @ https://phbidlautdemo.prahu-hub.com/order/buatinvoice/1416:6967
[    1235ms] [LOG] Masukkan Nomor Invoice @ https://phbidlautdemo.prahu-hub.com/order/buatinvoice/1416:6967
[    1235ms] [LOG] DD/MM/YYYY @ https://phbidlautdemo.prahu-hub.com/order/buatinvoice/1416:6967
[    1236ms] [LOG] DD/MM/YYYY @ https://phbidlautdemo.prahu-hub.com/order/buatinvoice/1416:6967
[    1236ms] [LOG] Harga @ https://phbidlautdemo.prahu-hub.com/order/buatinvoice/1416:6967
[    1236ms] [LOG] Harga @ https://phbidlautdemo.prahu-hub.com/order/buatinvoice/1416:6967
[    1236ms] [LOG] 0 @ https://phbidlautdemo.prahu-hub.com/order/buatinvoice/1416:6967
[    1236ms] [LOG] undefined @ https://phbidlautdemo.prahu-hub.com/order/buatinvoice/1416:6967
[    1236ms] [LOG] 0 @ https://phbidlautdemo.prahu-hub.com/order/buatinvoice/1416:6967
[    1236ms] [LOG] undefined @ https://phbidlautdemo.prahu-hub.com/order/buatinvoice/1416:6967
[    1237ms] [LOG] 0 @ https://phbidlautdemo.prahu-hub.com/order/buatinvoice/1416:6967
[    1237ms] [LOG] undefined @ https://phbidlautdemo.prahu-hub.com/order/buatinvoice/1416:6967
[    1237ms] [LOG] undefined @ https://phbidlautdemo.prahu-hub.com/order/buatinvoice/1416:6967
[    1237ms] [LOG] Masukkan Nomor Rekening @ https://phbidlautdemo.prahu-hub.com/order/buatinvoice/1416:6967
[    1237ms] [LOG] Masukkan Nama Bank @ https://phbidlautdemo.prahu-hub.com/order/buatinvoice/1416:6967
[    1237ms] [LOG] Masukkan Nomor Invoice @ https://phbidlautdemo.prahu-hub.com/order/buatinvoice/1416:6967
[    1237ms] [LOG] Masukkan Nomor Rekening @ https://phbidlautdemo.prahu-hub.com/order/buatinvoice/1416:6967
[    1237ms] [LOG] Masukkan Nama Bank @ https://phbidlautdemo.prahu-hub.com/order/buatinvoice/1416:6967
[    1237ms] [LOG] Masukkan Nomor Invoice @ https://phbidlautdemo.prahu-hub.com/order/buatinvoice/1416:6967
[    1237ms] [LOG] undefined @ https://phbidlautdemo.prahu-hub.com/order/buatinvoice/1416:6967
[    1237ms] [LOG] undefined @ https://phbidlautdemo.prahu-hub.com/order/buatinvoice/1416:6967
[    1238ms] [LOG] undefined @ https://phbidlautdemo.prahu-hub.com/order/buatinvoice/1416:6967
[    1238ms] [LOG] WebSocket connection @ https://phbidlautdemo.prahu-hub.com/order/buatinvoice/1416:7010
[    1239ms] [LOG] WebSocket connection attempting... @ https://phbidlautdemo.prahu-hub.com/order/buatinvoice/1416:7088
[    1351ms] [LOG] WebSocket connected @ https://phbidlautdemo.prahu-hub.com/order/buatinvoice/1416:7019
[    1352ms] [LOG] update_dashboard_order_laut @ https://phbidlautdemo.prahu-hub.com/order/buatinvoice/1416:7060
[    1378ms] [LOG] Connected @ https://phbidlautdemo.prahu-hub.com/order/buatinvoice/1416:7060
[    1475ms] [LOG] 200 xhrglobal @ https://phbidlautdemo.prahu-hub.com/order/buatinvoice/1416:6941
[    1563ms] [LOG] 200 xhrglobal @ https://phbidlautdemo.prahu-hub.com/order/buatinvoice/1416:6941
[    2434ms] [LOG] Connected @ https://phbidlautdemo.prahu-hub.com/order/buatinvoice/1416:7060
[    3213ms] TypeError: $(...).DataTable is not a function
    at https://phbidlautdemo.prahu-hub.com/_resources/themes/prahutheme/js/scripts-init/tables.js:7:23
