[    1047ms] Unexpected token '<'
[    1056ms] Cannot use import statement outside a module
[    1153ms] ReferenceError: Chart is not defined
    at https://phbidlautdemo.prahu-hub.com/_resources/themes/prahutheme/js/scripts-init/charts/chartjs.js:8:13
[    1174ms] Unexpected token '<'
[    1277ms] Unexpected token '<'
[    1395ms] Uncaught TypeError: expect element to be DOM Element, but got null
    at n.init (https://cdnjs.cloudflare.com/ajax/libs/smooth-scrollbar/8.5.2/smooth-scrollbar.js:24:264)
    at <anonymous> (https://phbidlautdemo.prahu-hub.com/home/profilbidder/86:5956:14)
[    1434ms] [LOG] undefinednamanya @ https://phbidlautdemo.prahu-hub.com/home/profilbidder/86:2040
[    1451ms] [WARNING] jQuery.Deferred exception: Cannot read properties of undefined (reading 'replaceAll') TypeError: Cannot read properties of undefined (reading 'replaceAll')
    at HTMLDocument.<anonymous> (https://phbidlautdemo.prahu-hub.com/home/profilbidder/86:5443:34)
    at e (https://code.jquery.com/jquery-3.7.1.min.js:2:27028)
    at t (https://code.jquery.com/jquery-3.7.1.min.js:2:27330) undefined @ https://code.jquery.com/jquery-3.7.1.min.js:1
[    1453ms] [LOG] undefined @ https://phbidlautdemo.prahu-hub.com/home/profilbidder/86:6309
[    1454ms] [LOG] undefined @ https://phbidlautdemo.prahu-hub.com/home/profilbidder/86:6309
[    1455ms] [LOG] WebSocket connection @ https://phbidlautdemo.prahu-hub.com/home/profilbidder/86:6352
[    1455ms] [LOG] WebSocket connection attempting... @ https://phbidlautdemo.prahu-hub.com/home/profilbidder/86:6430
[    1476ms] TypeError: Cannot read properties of undefined (reading 'replaceAll')
    at HTMLDocument.<anonymous> (https://phbidlautdemo.prahu-hub.com/home/profilbidder/86:5443:34)
    at e (https://code.jquery.com/jquery-3.7.1.min.js:2:27028)
    at t (https://code.jquery.com/jquery-3.7.1.min.js:2:27330)
[    1587ms] [LOG] WebSocket connected @ https://phbidlautdemo.prahu-hub.com/home/profilbidder/86:6361
[    1593ms] [LOG] update_dashboard_order_laut @ https://phbidlautdemo.prahu-hub.com/home/profilbidder/86:6402
[    1620ms] [LOG] Connected @ https://phbidlautdemo.prahu-hub.com/home/profilbidder/86:6402
[    3039ms] [LOG] tes @ https://phbidlautdemo.prahu-hub.com/_resources/themes/prahutheme/javascript/custom/ulasan.js?m=1787972929:42
[    3045ms] [LOG] 14 @ https://phbidlautdemo.prahu-hub.com/_resources/themes/prahutheme/javascript/custom/ulasan.js?m=1787972929:652
[    3045ms] [LOG] 14 countView1 1 pageNow 10 limitView1 @ https://phbidlautdemo.prahu-hub.com/_resources/themes/prahutheme/javascript/custom/ulasan.js?m=1787972929:654
[    3046ms] [LOG] 10 @ https://phbidlautdemo.prahu-hub.com/_resources/themes/prahutheme/javascript/custom/ulasan.js?m=1787972929:660
[    3047ms] [LOG] 14 jumlah data @ https://phbidlautdemo.prahu-hub.com/_resources/themes/prahutheme/javascript/custom/ulasan.js?m=1787972929:629
[    3047ms] [LOG] 2 @ https://phbidlautdemo.prahu-hub.com/_resources/themes/prahutheme/javascript/custom/ulasan.js?m=1787972929:631
[    3049ms] [LOG] 2 1 pageCount & pageNow @ https://phbidlautdemo.prahu-hub.com/_resources/themes/prahutheme/javascript/custom/ulasan.js?m=1787972929:555
[    3056ms] [LOG] 200 xhrglobal @ https://phbidlautdemo.prahu-hub.com/home/profilbidder/86:6283
[    3057ms] [LOG] ce.fn.init stepItem @ https://phbidlautdemo.prahu-hub.com/_resources/themes/prahutheme/javascript/custom/ulasan.js?m=1787972929:529
[    3167ms] [LOG] 200 xhrglobal @ https://phbidlautdemo.prahu-hub.com/home/profilbidder/86:6283
[    3224ms] [LOG] 200 xhrglobal @ https://phbidlautdemo.prahu-hub.com/home/profilbidder/86:6283
[    3451ms] TypeError: $(...).DataTable is not a function
    at https://phbidlautdemo.prahu-hub.com/_resources/themes/prahutheme/js/scripts-init/tables.js:7:23
[   10246ms] [LOG] Connected @ https://phbidlautdemo.prahu-hub.com/home/profilbidder/86:6402
[   21134ms] [LOG] Connected @ https://phbidlautdemo.prahu-hub.com/home/profilbidder/86:6402
[   43790ms] [LOG] Connected @ https://phbidlautdemo.prahu-hub.com/home/profilbidder/86:6402
[   55845ms] [LOG] Connected @ https://phbidlautdemo.prahu-hub.com/home/profilbidder/86:6402
[   70373ms] [LOG] Connected @ https://phbidlautdemo.prahu-hub.com/home/profilbidder/86:6402
[   79278ms] [LOG] Connected @ https://phbidlautdemo.prahu-hub.com/home/profilbidder/86:6402
[   93721ms] [LOG] Connected @ https://phbidlautdemo.prahu-hub.com/home/profilbidder/86:6402
[  115907ms] [LOG] Connected @ https://phbidlautdemo.prahu-hub.com/home/profilbidder/86:6402
[  127957ms] [LOG] Connected @ https://phbidlautdemo.prahu-hub.com/home/profilbidder/86:6402
[  151200ms] [LOG] Connected @ https://phbidlautdemo.prahu-hub.com/home/profilbidder/86:6402
[  162928ms] [LOG] Connected @ https://phbidlautdemo.prahu-hub.com/home/profilbidder/86:6402
[  172342ms] [LOG] Connected @ https://phbidlautdemo.prahu-hub.com/home/profilbidder/86:6402
[  259761ms] [LOG] Connected @ https://phbidlautdemo.prahu-hub.com/home/profilbidder/86:6402
[  277097ms] [LOG] Connected @ https://phbidlautdemo.prahu-hub.com/home/profilbidder/86:6402
[  281035ms] [LOG] Connected @ https://phbidlautdemo.prahu-hub.com/home/profilbidder/86:6402
[  283888ms] [LOG] Connected @ https://phbidlautdemo.prahu-hub.com/home/profilbidder/86:6402
[  298598ms] [LOG] Connected @ https://phbidlautdemo.prahu-hub.com/home/profilbidder/86:6402
[  316978ms] [LOG] Connected @ https://phbidlautdemo.prahu-hub.com/home/profilbidder/86:6402
[  328927ms] [LOG] Connected @ https://phbidlautdemo.prahu-hub.com/home/profilbidder/86:6402
[  331458ms] [LOG] Connected @ https://phbidlautdemo.prahu-hub.com/home/profilbidder/86:6402
[  337625ms] [LOG] Connected @ https://phbidlautdemo.prahu-hub.com/home/profilbidder/86:6402
[  349861ms] [LOG] updateNotif.901-858-787-937-935-914-906-900-876-856-820-796-795-783-764-704-689-688-685-642-641-640-639-638-635-634-633-632-631-629-628-627-626-625-624-623-622-621-614-459-325-23 @ https://phbidlautdemo.prahu-hub.com/home/profilbidder/86:6402
[  349861ms] [LOG] Notif baru, fetching data... 42 true 23 @ https://phbidlautdemo.prahu-hub.com/home/profilbidder/86:6415
[  349865ms] ReferenceError: loadDataNotif is not defined
    at ConnectWebsocket.conn.onmessage (https://phbidlautdemo.prahu-hub.com/home/profilbidder/86:6417:29)
[  349896ms] [LOG] notif_badge_show.901-858-787-937-935-914-906-900-876-856-820-796-795-783-764-704-689-688-685-642-641-640-639-638-635-634-633-632-631-629-628-627-626-625-624-623-622-621-614-459-325-23 @ https://phbidlautdemo.prahu-hub.com/home/profilbidder/86:6402
[  349897ms] [LOG] Notif baru, fetching data... 42 true 23 @ https://phbidlautdemo.prahu-hub.com/home/profilbidder/86:6421
[  349898ms] [LOG] update_dashboard_order_laut @ https://phbidlautdemo.prahu-hub.com/home/profilbidder/86:6402
[  350438ms] [LOG] Connected @ https://phbidlautdemo.prahu-hub.com/home/profilbidder/86:6402
[  353758ms] [LOG] Connected @ https://phbidlautdemo.prahu-hub.com/home/profilbidder/86:6402
[  362033ms] [LOG] Connected @ https://phbidlautdemo.prahu-hub.com/home/profilbidder/86:6402
[  371650ms] [LOG] Connected @ https://phbidlautdemo.prahu-hub.com/home/profilbidder/86:6402
[  381586ms] [LOG] Connected @ https://phbidlautdemo.prahu-hub.com/home/profilbidder/86:6402
[  390992ms] [LOG] updateNotif.901-858-787-937-935-914-906-900-876-856-820-796-795-783-764-704-689-688-685-642-641-640-639-638-635-634-633-632-631-629-628-627-626-625-624-623-622-621-614-459-325-23 @ https://phbidlautdemo.prahu-hub.com/home/profilbidder/86:6402
[  390993ms] [LOG] Notif baru, fetching data... 42 true 23 @ https://phbidlautdemo.prahu-hub.com/home/profilbidder/86:6415
[  390996ms] ReferenceError: loadDataNotif is not defined
    at ConnectWebsocket.conn.onmessage (https://phbidlautdemo.prahu-hub.com/home/profilbidder/86:6417:29)
[  391024ms] [LOG] notif_badge_show.901-858-787-937-935-914-906-900-876-856-820-796-795-783-764-704-689-688-685-642-641-640-639-638-635-634-633-632-631-629-628-627-626-625-624-623-622-621-614-459-325-23 @ https://phbidlautdemo.prahu-hub.com/home/profilbidder/86:6402
[  391025ms] [LOG] Notif baru, fetching data... 42 true 23 @ https://phbidlautdemo.prahu-hub.com/home/profilbidder/86:6421
[  391031ms] [LOG] update_dashboard_order_laut @ https://phbidlautdemo.prahu-hub.com/home/profilbidder/86:6402
[  396571ms] [LOG] Connected @ https://phbidlautdemo.prahu-hub.com/home/profilbidder/86:6402
[  396800ms] [LOG] Connected @ https://phbidlautdemo.prahu-hub.com/home/profilbidder/86:6402
[  401711ms] [LOG] Connected @ https://phbidlautdemo.prahu-hub.com/home/profilbidder/86:6402
