[    1493ms] Unexpected token '<'
[    1517ms] Cannot use import statement outside a module
[    1558ms] ReferenceError: Chart is not defined
    at https://phbidlautdemo.prahu-hub.com/_resources/themes/prahutheme/js/scripts-init/charts/chartjs.js:8:13
[    1559ms] Unexpected token '<'
[    1561ms] Unexpected token '<'
[    1628ms] Uncaught TypeError: expect element to be DOM Element, but got null
    at n.init (https://cdnjs.cloudflare.com/ajax/libs/smooth-scrollbar/8.5.2/smooth-scrollbar.js:24:264)
    at <anonymous> (https://phbidlautdemo.prahu-hub.com/adminprahu/settingNotifonof:5653:14)
[    1661ms] [LOG] Settingsnamanya @ https://phbidlautdemo.prahu-hub.com/adminprahu/settingNotifonof:2039
[    1669ms] [LOG] undefined @ https://phbidlautdemo.prahu-hub.com/adminprahu/settingNotifonof:6006
[    1669ms] [LOG] undefined @ https://phbidlautdemo.prahu-hub.com/adminprahu/settingNotifonof:6006
[    1670ms] [LOG] undefined @ https://phbidlautdemo.prahu-hub.com/adminprahu/settingNotifonof:6006
[    1670ms] [LOG] undefined @ https://phbidlautdemo.prahu-hub.com/adminprahu/settingNotifonof:6006
[    1670ms] [LOG] undefined @ https://phbidlautdemo.prahu-hub.com/adminprahu/settingNotifonof:6006
[    1670ms] [LOG] undefined @ https://phbidlautdemo.prahu-hub.com/adminprahu/settingNotifonof:6006
[    1671ms] [LOG] WebSocket connection @ https://phbidlautdemo.prahu-hub.com/adminprahu/settingNotifonof:6049
[    1671ms] [LOG] WebSocket connection attempting... @ https://phbidlautdemo.prahu-hub.com/adminprahu/settingNotifonof:6127
[    1841ms] [LOG] WebSocket connected @ https://phbidlautdemo.prahu-hub.com/adminprahu/settingNotifonof:6058
[    1846ms] [LOG] update_dashboard_order_laut @ https://phbidlautdemo.prahu-hub.com/adminprahu/settingNotifonof:6099
[    1883ms] [LOG] Connected @ https://phbidlautdemo.prahu-hub.com/adminprahu/settingNotifonof:6099
[    1968ms] [LOG] 200 xhrglobal @ https://phbidlautdemo.prahu-hub.com/adminprahu/settingNotifonof:5980
[    2085ms] [LOG] 200 xhrglobal @ https://phbidlautdemo.prahu-hub.com/adminprahu/settingNotifonof:5980
[    3672ms] TypeError: $(...).DataTable is not a function
    at https://phbidlautdemo.prahu-hub.com/_resources/themes/prahutheme/js/scripts-init/tables.js:7:23
