[    1044ms] Cannot use import statement outside a module
[    1065ms] ReferenceError: Chart is not defined
    at https://phbidlautdemo.prahu-hub.com/_resources/themes/prahutheme/js/scripts-init/charts/chartjs.js:8:13
[    1259ms] Unexpected token '<'
[    1260ms] Unexpected token '<'
[    1416ms] Uncaught TypeError: expect element to be DOM Element, but got null
    at <anonymous> (https://cdnjs.cloudflare.com/ajax/libs/smooth-scrollbar/8.5.2/smooth-scrollbar.js:24:264)
    at <anonymous> (https://phbidlautdemo.prahu-hub.com/lelang/carirute:8164:14)
[    1506ms] [LOG] undefinednamanya @ https://phbidlautdemo.prahu-hub.com/lelang/carirute:2311
[    1569ms] [LOG] undefined @ https://phbidlautdemo.prahu-hub.com/lelang/carirute:8517
[    1571ms] [LOG] undefined @ https://phbidlautdemo.prahu-hub.com/lelang/carirute:8517
[    1571ms] [LOG] undefined @ https://phbidlautdemo.prahu-hub.com/lelang/carirute:8517
[    1573ms] [LOG] Masukkan Nomor Lelang @ https://phbidlautdemo.prahu-hub.com/lelang/carirute:8517
[    1573ms] [LOG] undefined @ https://phbidlautdemo.prahu-hub.com/lelang/carirute:8517
[    1582ms] [LOG] WebSocket connection @ https://phbidlautdemo.prahu-hub.com/lelang/carirute:8560
[    1584ms] [LOG] WebSocket connection attempting... @ https://phbidlautdemo.prahu-hub.com/lelang/carirute:8638
[    1748ms] [LOG] WebSocket connected @ https://phbidlautdemo.prahu-hub.com/lelang/carirute:8569
[    1785ms] [LOG] update_dashboard_order_laut @ https://phbidlautdemo.prahu-hub.com/lelang/carirute:8610
[    1848ms] [TABLE] {UI version: 8.4.1, Core version: 8.4.0, Build: NC8xMi8yMDIyfDRkZTU3MmExYg==, WebViewer Server: false, Full API: false} @ https://phbidlautdemo.prahu-hub.com/_resources/themes/prahutheme/javascript/PDFView/lib/ui/webviewer-ui.min.js:270
[    1864ms] [LOG] Connected @ https://phbidlautdemo.prahu-hub.com/lelang/carirute:8610
[    1867ms] [LOG] 200 xhrglobal @ https://phbidlautdemo.prahu-hub.com/lelang/carirute:8491
[    2120ms] [VERBOSE] [DOM] Password forms should have (optionally hidden) username fields for accessibility: (More info: https://goo.gl/9p2vKq) %o @ https://phbidlautdemo.prahu-hub.com/_resources/themes/prahutheme/javascript/PDFView/lib/ui/index.html#a=1&disabledElements=downloadButton%2CprintButton%2ClanguageButton&filepicker=0&pdfnet=0&enableRedaction=0&enableMeasurement=0&pageHistory=1&notesInLeftPanel=0&singleServerMode=false&selectAnnotationOnCreation=0&autoFocusNoteOnAnnotationSelection=1&id=1&basePath=%2Flelang%2Fcarirute:0
[    2125ms] [LOG] 200 xhrglobal @ https://phbidlautdemo.prahu-hub.com/lelang/carirute:8491
[    3532ms] TypeError: $(...).DataTable is not a function
    at https://phbidlautdemo.prahu-hub.com/_resources/themes/prahutheme/js/scripts-init/tables.js:7:23
[    9399ms] [LOG] 0 1 pageCountnya & pageNownya @ https://phbidlautdemo.prahu-hub.com/_resources/themes/prahutheme/javascript/custom/cariLelang.js?m=1&amp;m=1787972929:97
[    9400ms] [LOG] 1 0 0 @ https://phbidlautdemo.prahu-hub.com/_resources/themes/prahutheme/javascript/custom/cariLelang.js?m=1&amp;m=1787972929:215
[    9678ms] [LOG] [Object, Object, Object, Object, Object, Object, Object, Object, Object, Object, Object, Object, Object, Object, Object, Object, Object, Object, Object, Object] @ https://phbidlautdemo.prahu-hub.com/_resources/themes/prahutheme/javascript/custom/cariLelang.js?m=1&amp;m=1787972929:15
[    9694ms] [LOG] 1 20 970 @ https://phbidlautdemo.prahu-hub.com/_resources/themes/prahutheme/javascript/custom/cariLelang.js?m=1&amp;m=1787972929:215
[    9695ms] [LOG] 49 1 pageCountnya & pageNownya @ https://phbidlautdemo.prahu-hub.com/_resources/themes/prahutheme/javascript/custom/cariLelang.js?m=1&amp;m=1787972929:97
[    9696ms] [LOG] ulang 1 @ https://phbidlautdemo.prahu-hub.com/_resources/themes/prahutheme/javascript/custom/cariLelang.js?m=1&amp;m=1787972929:265
[    9697ms] [LOG] 200 xhrglobal @ https://phbidlautdemo.prahu-hub.com/lelang/carirute:8491
