[    1530ms] Cannot use import statement outside a module
[    1564ms] ReferenceError: Chart is not defined
    at https://phbidlautdemo.prahu-hub.com/_resources/themes/prahutheme/js/scripts-init/charts/chartjs.js:8:13
[    1714ms] Unexpected token '<'
[    1716ms] Unexpected token '<'
[    1803ms] Uncaught TypeError: expect element to be DOM Element, but got null
    at <anonymous> (https://cdnjs.cloudflare.com/ajax/libs/smooth-scrollbar/8.5.2/smooth-scrollbar.js:24:264)
    at <anonymous> (https://phbidlautdemo.prahu-hub.com/order/alihkanorder/cE81VTMwcCswa2gzY09EQWtNclJHZz09?idorder=cE81VTMwcCswa2gzY09EQWtNclJHZz09&alihkan=yes&lelang=ZWJxcUswV2tJeDE3dlo1T1BHVXJLUT09:7676:14)
[    1858ms] [LOG] Daftar Ordernamanya @ https://phbidlautdemo.prahu-hub.com/order/alihkanorder/cE81VTMwcCswa2gzY09EQWtNclJHZz09?idorder=cE81VTMwcCswa2gzY09EQWtNclJHZz09&alihkan=yes&lelang=ZWJxcUswV2tJeDE3dlo1T1BHVXJLUT09:2309
[    1883ms] [LOG] undefined @ https://phbidlautdemo.prahu-hub.com/order/alihkanorder/cE81VTMwcCswa2gzY09EQWtNclJHZz09?idorder=cE81VTMwcCswa2gzY09EQWtNclJHZz09&alihkan=yes&lelang=ZWJxcUswV2tJeDE3dlo1T1BHVXJLUT09:8029
[    1883ms] [LOG] undefined @ https://phbidlautdemo.prahu-hub.com/order/alihkanorder/cE81VTMwcCswa2gzY09EQWtNclJHZz09?idorder=cE81VTMwcCswa2gzY09EQWtNclJHZz09&alihkan=yes&lelang=ZWJxcUswV2tJeDE3dlo1T1BHVXJLUT09:8029
[    1883ms] [LOG] undefined @ https://phbidlautdemo.prahu-hub.com/order/alihkanorder/cE81VTMwcCswa2gzY09EQWtNclJHZz09?idorder=cE81VTMwcCswa2gzY09EQWtNclJHZz09&alihkan=yes&lelang=ZWJxcUswV2tJeDE3dlo1T1BHVXJLUT09:8029
[    1883ms] [LOG] undefined @ https://phbidlautdemo.prahu-hub.com/order/alihkanorder/cE81VTMwcCswa2gzY09EQWtNclJHZz09?idorder=cE81VTMwcCswa2gzY09EQWtNclJHZz09&alihkan=yes&lelang=ZWJxcUswV2tJeDE3dlo1T1BHVXJLUT09:8029
[    1884ms] [LOG] undefined @ https://phbidlautdemo.prahu-hub.com/order/alihkanorder/cE81VTMwcCswa2gzY09EQWtNclJHZz09?idorder=cE81VTMwcCswa2gzY09EQWtNclJHZz09&alihkan=yes&lelang=ZWJxcUswV2tJeDE3dlo1T1BHVXJLUT09:8029
[    1884ms] [LOG] undefined @ https://phbidlautdemo.prahu-hub.com/order/alihkanorder/cE81VTMwcCswa2gzY09EQWtNclJHZz09?idorder=cE81VTMwcCswa2gzY09EQWtNclJHZz09&alihkan=yes&lelang=ZWJxcUswV2tJeDE3dlo1T1BHVXJLUT09:8029
[    1884ms] [LOG] undefined @ https://phbidlautdemo.prahu-hub.com/order/alihkanorder/cE81VTMwcCswa2gzY09EQWtNclJHZz09?idorder=cE81VTMwcCswa2gzY09EQWtNclJHZz09&alihkan=yes&lelang=ZWJxcUswV2tJeDE3dlo1T1BHVXJLUT09:8029
[    1884ms] [LOG] undefined @ https://phbidlautdemo.prahu-hub.com/order/alihkanorder/cE81VTMwcCswa2gzY09EQWtNclJHZz09?idorder=cE81VTMwcCswa2gzY09EQWtNclJHZz09&alihkan=yes&lelang=ZWJxcUswV2tJeDE3dlo1T1BHVXJLUT09:8029
[    1884ms] [LOG] DD/MM/YYYY @ https://phbidlautdemo.prahu-hub.com/order/alihkanorder/cE81VTMwcCswa2gzY09EQWtNclJHZz09?idorder=cE81VTMwcCswa2gzY09EQWtNclJHZz09&alihkan=yes&lelang=ZWJxcUswV2tJeDE3dlo1T1BHVXJLUT09:8029
[    1885ms] [LOG] DD/MM/YYYY @ https://phbidlautdemo.prahu-hub.com/order/alihkanorder/cE81VTMwcCswa2gzY09EQWtNclJHZz09?idorder=cE81VTMwcCswa2gzY09EQWtNclJHZz09&alihkan=yes&lelang=ZWJxcUswV2tJeDE3dlo1T1BHVXJLUT09:8029
[    1886ms] [LOG] WebSocket connection @ https://phbidlautdemo.prahu-hub.com/order/alihkanorder/cE81VTMwcCswa2gzY09EQWtNclJHZz09?idorder=cE81VTMwcCswa2gzY09EQWtNclJHZz09&alihkan=yes&lelang=ZWJxcUswV2tJeDE3dlo1T1BHVXJLUT09:8072
[    1886ms] [LOG] WebSocket connection attempting... @ https://phbidlautdemo.prahu-hub.com/order/alihkanorder/cE81VTMwcCswa2gzY09EQWtNclJHZz09?idorder=cE81VTMwcCswa2gzY09EQWtNclJHZz09&alihkan=yes&lelang=ZWJxcUswV2tJeDE3dlo1T1BHVXJLUT09:8150
[    2092ms] [LOG] WebSocket connected @ https://phbidlautdemo.prahu-hub.com/order/alihkanorder/cE81VTMwcCswa2gzY09EQWtNclJHZz09?idorder=cE81VTMwcCswa2gzY09EQWtNclJHZz09&alihkan=yes&lelang=ZWJxcUswV2tJeDE3dlo1T1BHVXJLUT09:8081
[    2106ms] [LOG] update_dashboard_order_laut @ https://phbidlautdemo.prahu-hub.com/order/alihkanorder/cE81VTMwcCswa2gzY09EQWtNclJHZz09?idorder=cE81VTMwcCswa2gzY09EQWtNclJHZz09&alihkan=yes&lelang=ZWJxcUswV2tJeDE3dlo1T1BHVXJLUT09:8122
[    2149ms] [LOG] [Object, Object] @ https://phbidlautdemo.prahu-hub.com/_resources/themes/prahutheme/javascript/custom/hasilPenawaran.js?m=1787972929:14
[    2169ms] [LOG] 2 @ https://phbidlautdemo.prahu-hub.com/_resources/themes/prahutheme/javascript/custom/hasilPenawaran.js?m=1787972929:889
[    2169ms] [LOG] 2 countView1 1 pageNow 20 limitView1 @ https://phbidlautdemo.prahu-hub.com/_resources/themes/prahutheme/javascript/custom/hasilPenawaran.js?m=1787972929:891
[    2169ms] [LOG] 2 @ https://phbidlautdemo.prahu-hub.com/_resources/themes/prahutheme/javascript/custom/hasilPenawaran.js?m=1787972929:902
[    2170ms] [LOG] 2 jumlah data @ https://phbidlautdemo.prahu-hub.com/_resources/themes/prahutheme/javascript/custom/hasilPenawaran.js?m=1787972929:867
[    2170ms] [LOG] 1 @ https://phbidlautdemo.prahu-hub.com/_resources/themes/prahutheme/javascript/custom/hasilPenawaran.js?m=1787972929:869
[    2171ms] [LOG] 1 1 pageCount & pageNow @ https://phbidlautdemo.prahu-hub.com/_resources/themes/prahutheme/javascript/custom/hasilPenawaran.js?m=1787972929:795
[    2172ms] [LOG] 200 xhrglobal @ https://phbidlautdemo.prahu-hub.com/order/alihkanorder/cE81VTMwcCswa2gzY09EQWtNclJHZz09?idorder=cE81VTMwcCswa2gzY09EQWtNclJHZz09&alihkan=yes&lelang=ZWJxcUswV2tJeDE3dlo1T1BHVXJLUT09:8003
[    2173ms] [LOG] Connected @ https://phbidlautdemo.prahu-hub.com/order/alihkanorder/cE81VTMwcCswa2gzY09EQWtNclJHZz09?idorder=cE81VTMwcCswa2gzY09EQWtNclJHZz09&alihkan=yes&lelang=ZWJxcUswV2tJeDE3dlo1T1BHVXJLUT09:8122
[    2326ms] [LOG] 200 xhrglobal @ https://phbidlautdemo.prahu-hub.com/order/alihkanorder/cE81VTMwcCswa2gzY09EQWtNclJHZz09?idorder=cE81VTMwcCswa2gzY09EQWtNclJHZz09&alihkan=yes&lelang=ZWJxcUswV2tJeDE3dlo1T1BHVXJLUT09:8003
[    2380ms] [LOG] 200 xhrglobal @ https://phbidlautdemo.prahu-hub.com/order/alihkanorder/cE81VTMwcCswa2gzY09EQWtNclJHZz09?idorder=cE81VTMwcCswa2gzY09EQWtNclJHZz09&alihkan=yes&lelang=ZWJxcUswV2tJeDE3dlo1T1BHVXJLUT09:8003
[    3872ms] TypeError: $(...).DataTable is not a function
    at https://phbidlautdemo.prahu-hub.com/_resources/themes/prahutheme/js/scripts-init/tables.js:7:23
