[    1378ms] ReferenceError: dete is not defined
    at https://phbidlautdemo.prahu-hub.com/user/login:1465:5
[    4478ms] TypeError: Failed to execute 'observe' on 'IntersectionObserver': parameter 1 is not of type 'Element'.
    at https://phbidlautdemo.prahu-hub.com/user/login:1932:14
[    4503ms] [VERBOSE] [DOM] Input elements should have autocomplete attributes (suggested: "current-password"): (More info: https://goo.gl/9p2vKq) %o @ https://phbidlautdemo.prahu-hub.com/user/login:0
[    4512ms] [LOG] 0 @ https://phbidlautdemo.prahu-hub.com/user/login:1426
[    4512ms] [LOG] undefined scr @ https://phbidlautdemo.prahu-hub.com/user/login:1430
[    7558ms] [LOG] ddd @ https://phbidlautdemo.prahu-hub.com/user/login:1525
[    7723ms] [LOG] {pesan: SUB_OPERATOR, status: 1, user_aktif: 1, hapus: 0, user_aktif_sub: null} @ https://phbidlautdemo.prahu-hub.com/user/login:1558
[    7723ms] [LOG] {pesan: SUB_OPERATOR, status: 1, user_aktif: 1, hapus: 0, user_aktif_sub: null} a @ https://phbidlautdemo.prahu-hub.com/user/login:1560
[    8785ms] Cannot use import statement outside a module
[    8916ms] ReferenceError: Chart is not defined
    at https://phbidlautdemo.prahu-hub.com/_resources/themes/prahutheme/js/scripts-init/charts/chartjs.js:8:13
[    8958ms] Unexpected token '<'
[    8959ms] Unexpected token '<'
[    9016ms] Uncaught TypeError: expect element to be DOM Element, but got null
    at n.init (https://cdnjs.cloudflare.com/ajax/libs/smooth-scrollbar/8.5.2/smooth-scrollbar.js:24:264)
    at <anonymous> (https://phbidlautdemo.prahu-hub.com/home/akunsaya:5086:14)
[    9026ms] [LOG] Akun Sayanamanya @ https://phbidlautdemo.prahu-hub.com/home/akunsaya:1750
[    9032ms] [LOG] WebSocket connection @ https://phbidlautdemo.prahu-hub.com/home/akunsaya:5481
[    9032ms] [LOG] WebSocket connection attempting... @ https://phbidlautdemo.prahu-hub.com/home/akunsaya:5559
[   10143ms] [LOG] WebSocket connected @ https://phbidlautdemo.prahu-hub.com/home/akunsaya:5490
[   10153ms] [LOG] update_dashboard_order_laut @ https://phbidlautdemo.prahu-hub.com/home/akunsaya:5531
[   10176ms] [LOG] Connected @ https://phbidlautdemo.prahu-hub.com/home/akunsaya:5531
[   10270ms] [LOG] 200 xhrglobal @ https://phbidlautdemo.prahu-hub.com/home/akunsaya:5412
[   10330ms] [LOG] 200 xhrglobal @ https://phbidlautdemo.prahu-hub.com/home/akunsaya:5412
[   11035ms] TypeError: $(...).DataTable is not a function
    at https://phbidlautdemo.prahu-hub.com/_resources/themes/prahutheme/js/scripts-init/tables.js:7:23
[   11231ms] [LOG] Connected @ https://phbidlautdemo.prahu-hub.com/home/akunsaya:5531
[   15977ms] [LOG] Connected @ https://phbidlautdemo.prahu-hub.com/home/akunsaya:5531
[   17177ms] [LOG] Connected @ https://phbidlautdemo.prahu-hub.com/home/akunsaya:5531
[   17852ms] [LOG] Connected @ https://phbidlautdemo.prahu-hub.com/home/akunsaya:5531
[   44186ms] [LOG] Connected @ https://phbidlautdemo.prahu-hub.com/home/akunsaya:5531
[   60736ms] [LOG] Connected @ https://phbidlautdemo.prahu-hub.com/home/akunsaya:5531
[   82399ms] [LOG] Connected @ https://phbidlautdemo.prahu-hub.com/home/akunsaya:5531
[  114313ms] [LOG] Connected @ https://phbidlautdemo.prahu-hub.com/home/akunsaya:5531
[  127181ms] [LOG] Connected @ https://phbidlautdemo.prahu-hub.com/home/akunsaya:5531
[  130033ms] [LOG] Connected @ https://phbidlautdemo.prahu-hub.com/home/akunsaya:5531
[  138818ms] [LOG] Connected @ https://phbidlautdemo.prahu-hub.com/home/akunsaya:5531
[  143061ms] [LOG] Connected @ https://phbidlautdemo.prahu-hub.com/home/akunsaya:5531
[  147608ms] [LOG] Connected @ https://phbidlautdemo.prahu-hub.com/home/akunsaya:5531
[  148474ms] [LOG] Connected @ https://phbidlautdemo.prahu-hub.com/home/akunsaya:5531
[  151449ms] [LOG] Connected @ https://phbidlautdemo.prahu-hub.com/home/akunsaya:5531
[  162456ms] [LOG] Connected @ https://phbidlautdemo.prahu-hub.com/home/akunsaya:5531
[  162788ms] [LOG] updateNotif.913-935-914-906-900-876-856-820-796-795-783-764-704-689-688-685-642-641-640-639-638-635-634-633-632-631-629-628-627-626-625-624-623-622-621-614-459-123-23 @ https://phbidlautdemo.prahu-hub.com/home/akunsaya:5531
[  162812ms] [LOG] notif_badge_hide.913-935-914-906-900-876-856-820-796-795-783-764-704-689-688-685-642-641-640-639-638-635-634-633-632-631-629-628-627-626-625-624-623-622-621-614-459-123-23 @ https://phbidlautdemo.prahu-hub.com/home/akunsaya:5531
[  162825ms] [LOG] update_dashboard_order_laut @ https://phbidlautdemo.prahu-hub.com/home/akunsaya:5531
[  166576ms] [LOG] Connected @ https://phbidlautdemo.prahu-hub.com/home/akunsaya:5531
[  185454ms] [LOG] updateNotifDarat.485-471-460-459-454-451-447-417-385-262-194-192-49-42-18-8-19-1 @ https://phbidlautdemo.prahu-hub.com/home/akunsaya:5531
[  185456ms] [LOG] notif_badge_hide.485-471-460-459-454-451-447-417-385-262-194-192-49-42-18-8-19-1 @ https://phbidlautdemo.prahu-hub.com/home/akunsaya:5531
[  187607ms] [LOG] Connected @ https://phbidlautdemo.prahu-hub.com/home/akunsaya:5531
[  191019ms] [LOG] Connected @ https://phbidlautdemo.prahu-hub.com/home/akunsaya:5531
[  206680ms] [LOG] Connected @ https://phbidlautdemo.prahu-hub.com/home/akunsaya:5531
[  210948ms] [LOG] Connected @ https://phbidlautdemo.prahu-hub.com/home/akunsaya:5531
[  211631ms] [LOG] Connected @ https://phbidlautdemo.prahu-hub.com/home/akunsaya:5531
[  216536ms] [LOG] Connected @ https://phbidlautdemo.prahu-hub.com/home/akunsaya:5531
[  224223ms] [LOG] Connected @ https://phbidlautdemo.prahu-hub.com/home/akunsaya:5531
[  224988ms] [LOG] update_dashboard_order_laut @ https://phbidlautdemo.prahu-hub.com/home/akunsaya:5531
[  224992ms] [LOG] updateNotif.901-858-787-935-914-906-900-876-856-820-796-795-783-764-704-689-688-685-642-641-640-639-638-635-634-633-632-631-629-628-627-626-625-624-623-622-621-614-459-325-23 @ https://phbidlautdemo.prahu-hub.com/home/akunsaya:5531
[  224993ms] [LOG] notif_badge_hide.901-858-787-935-914-906-900-876-856-820-796-795-783-764-704-689-688-685-642-641-640-639-638-635-634-633-632-631-629-628-627-626-625-624-623-622-621-614-459-325-23 @ https://phbidlautdemo.prahu-hub.com/home/akunsaya:5531
[  228179ms] [LOG] Connected @ https://phbidlautdemo.prahu-hub.com/home/akunsaya:5531
[  233546ms] [LOG] Connected @ https://phbidlautdemo.prahu-hub.com/home/akunsaya:5531
[  240275ms] [LOG] notif_badge_hide.485-471-460-459-454-451-447-417-385-262-194-192-49-42-18-8-19-1 @ https://phbidlautdemo.prahu-hub.com/home/akunsaya:5531
[  241230ms] [LOG] updateNotifDarat.485-471-460-459-454-451-447-417-385-262-194-192-49-42-18-8-19-1 @ https://phbidlautdemo.prahu-hub.com/home/akunsaya:5531
[  244291ms] [LOG] Connected @ https://phbidlautdemo.prahu-hub.com/home/akunsaya:5531
[  248659ms] [LOG] Connected @ https://phbidlautdemo.prahu-hub.com/home/akunsaya:5531
[  253306ms] [LOG] Connected @ https://phbidlautdemo.prahu-hub.com/home/akunsaya:5531
[  262012ms] [LOG] Connected @ https://phbidlautdemo.prahu-hub.com/home/akunsaya:5531
[  275428ms] [LOG] updateNotif.913-935-914-906-900-876-856-820-796-795-783-764-704-689-688-685-642-641-640-639-638-635-634-633-632-631-629-628-627-626-625-624-623-622-621-614-459-123-23 @ https://phbidlautdemo.prahu-hub.com/home/akunsaya:5531
[  275462ms] [LOG] notif_badge_show.913-935-914-906-900-876-856-820-796-795-783-764-704-689-688-685-642-641-640-639-638-635-634-633-632-631-629-628-627-626-625-624-623-622-621-614-459-123-23 @ https://phbidlautdemo.prahu-hub.com/home/akunsaya:5531
[  275476ms] [LOG] update_dashboard_order_laut @ https://phbidlautdemo.prahu-hub.com/home/akunsaya:5531
[  280367ms] [LOG] Connected @ https://phbidlautdemo.prahu-hub.com/home/akunsaya:5531
[  282159ms] [LOG] Connected @ https://phbidlautdemo.prahu-hub.com/home/akunsaya:5531
[  287314ms] [LOG] updateNotif.901-858-787-935-914-906-900-876-856-820-796-795-783-764-704-689-688-685-642-641-640-639-638-635-634-633-632-631-629-628-627-626-625-624-623-622-621-614-459-325-23 @ https://phbidlautdemo.prahu-hub.com/home/akunsaya:5531
[  287344ms] [LOG] notif_badge_hide.901-858-787-935-914-906-900-876-856-820-796-795-783-764-704-689-688-685-642-641-640-639-638-635-634-633-632-631-629-628-627-626-625-624-623-622-621-614-459-325-23 @ https://phbidlautdemo.prahu-hub.com/home/akunsaya:5531
[  287346ms] [LOG] update_dashboard_order_laut @ https://phbidlautdemo.prahu-hub.com/home/akunsaya:5531
[  289570ms] [LOG] Connected @ https://phbidlautdemo.prahu-hub.com/home/akunsaya:5531
[  298494ms] [LOG] Connected @ https://phbidlautdemo.prahu-hub.com/home/akunsaya:5531
[  299633ms] [LOG] Connected @ https://phbidlautdemo.prahu-hub.com/home/akunsaya:5531
[  312813ms] [LOG] Connected @ https://phbidlautdemo.prahu-hub.com/home/akunsaya:5531
[  328089ms] [LOG] Connected @ https://phbidlautdemo.prahu-hub.com/home/akunsaya:5531
[  334123ms] [LOG] Connected @ https://phbidlautdemo.prahu-hub.com/home/akunsaya:5531
[  336581ms] [LOG] Connected @ https://phbidlautdemo.prahu-hub.com/home/akunsaya:5531
[  340469ms] [LOG] Connected @ https://phbidlautdemo.prahu-hub.com/home/akunsaya:5531
[  340843ms] [LOG] Connected @ https://phbidlautdemo.prahu-hub.com/home/akunsaya:5531
[  345919ms] [LOG] Connected @ https://phbidlautdemo.prahu-hub.com/home/akunsaya:5531
[  354120ms] [LOG] updateNotif.913-935-914-906-900-876-856-820-796-795-783-764-704-689-688-685-642-641-640-639-638-635-634-633-632-631-629-628-627-626-625-624-623-622-621-614-459-123-23 @ https://phbidlautdemo.prahu-hub.com/home/akunsaya:5531
[  354142ms] [LOG] update_dashboard_order_laut @ https://phbidlautdemo.prahu-hub.com/home/akunsaya:5531
[  354160ms] [LOG] notif_badge_hide.913-935-914-906-900-876-856-820-796-795-783-764-704-689-688-685-642-641-640-639-638-635-634-633-632-631-629-628-627-626-625-624-623-622-621-614-459-123-23 @ https://phbidlautdemo.prahu-hub.com/home/akunsaya:5531
[  357199ms] [LOG] Connected @ https://phbidlautdemo.prahu-hub.com/home/akunsaya:5531
[  367491ms] [LOG] Connected @ https://phbidlautdemo.prahu-hub.com/home/akunsaya:5531
[  377729ms] [LOG] updateNotifDarat.485-471-460-459-454-451-447-417-385-262-194-192-49-42-18-8-19-1 @ https://phbidlautdemo.prahu-hub.com/home/akunsaya:5531
[  377730ms] [LOG] notif_badge_hide.485-471-460-459-454-451-447-417-385-262-194-192-49-42-18-8-19-1 @ https://phbidlautdemo.prahu-hub.com/home/akunsaya:5531
[  380972ms] [LOG] Connected @ https://phbidlautdemo.prahu-hub.com/home/akunsaya:5531
[  381821ms] [LOG] Connected @ https://phbidlautdemo.prahu-hub.com/home/akunsaya:5531
[  391919ms] [LOG] Connected @ https://phbidlautdemo.prahu-hub.com/home/akunsaya:5531
[  400842ms] [LOG] updateNotif.913-935-914-906-900-876-856-820-796-795-783-764-704-689-688-685-642-641-640-639-638-635-634-633-632-631-629-628-627-626-625-624-623-622-621-614-459-123-23 @ https://phbidlautdemo.prahu-hub.com/home/akunsaya:5531
[  400845ms] [LOG] notif_badge_hide.913-935-914-906-900-876-856-820-796-795-783-764-704-689-688-685-642-641-640-639-638-635-634-633-632-631-629-628-627-626-625-624-623-622-621-614-459-123-23 @ https://phbidlautdemo.prahu-hub.com/home/akunsaya:5531
[  400876ms] [LOG] update_dashboard_order_laut @ https://phbidlautdemo.prahu-hub.com/home/akunsaya:5531
[  405581ms] [LOG] Connected @ https://phbidlautdemo.prahu-hub.com/home/akunsaya:5531
[  405665ms] [LOG] notif_badge_hide.485-471-460-459-454-451-447-417-385-262-194-192-49-42-18-8-19-1 @ https://phbidlautdemo.prahu-hub.com/home/akunsaya:5531
[  405671ms] [LOG] updateNotifDarat.485-471-460-459-454-451-447-417-385-262-194-192-49-42-18-8-19-1 @ https://phbidlautdemo.prahu-hub.com/home/akunsaya:5531
[  406899ms] [LOG] Connected @ https://phbidlautdemo.prahu-hub.com/home/akunsaya:5531
[  433373ms] [LOG] Connected @ https://phbidlautdemo.prahu-hub.com/home/akunsaya:5531
[  438238ms] [LOG] Connected @ https://phbidlautdemo.prahu-hub.com/home/akunsaya:5531
[  443161ms] [LOG] Connected @ https://phbidlautdemo.prahu-hub.com/home/akunsaya:5531
[  445983ms] [LOG] Connected @ https://phbidlautdemo.prahu-hub.com/home/akunsaya:5531
[  447419ms] [LOG] Connected @ https://phbidlautdemo.prahu-hub.com/home/akunsaya:5531
[  461584ms] [LOG] updateNotif.913-935-914-906-900-876-856-820-796-795-783-764-704-689-688-685-642-641-640-639-638-635-634-633-632-631-629-628-627-626-625-624-623-622-621-614-459-123-23 @ https://phbidlautdemo.prahu-hub.com/home/akunsaya:5531
[  461587ms] [LOG] notif_badge_hide.913-935-914-906-900-876-856-820-796-795-783-764-704-689-688-685-642-641-640-639-638-635-634-633-632-631-629-628-627-626-625-624-623-622-621-614-459-123-23 @ https://phbidlautdemo.prahu-hub.com/home/akunsaya:5531
[  461597ms] [LOG] update_dashboard_order_laut @ https://phbidlautdemo.prahu-hub.com/home/akunsaya:5531
[  465023ms] [LOG] Connected @ https://phbidlautdemo.prahu-hub.com/home/akunsaya:5531
[  478713ms] [LOG] Connected @ https://phbidlautdemo.prahu-hub.com/home/akunsaya:5531
[  490541ms] [LOG] Connected @ https://phbidlautdemo.prahu-hub.com/home/akunsaya:5531
[  491698ms] [LOG] Connected @ https://phbidlautdemo.prahu-hub.com/home/akunsaya:5531
[  505400ms] [LOG] Connected @ https://phbidlautdemo.prahu-hub.com/home/akunsaya:5531
[  506145ms] [LOG] Connected @ https://phbidlautdemo.prahu-hub.com/home/akunsaya:5531
[  510969ms] [LOG] updateNotif.913-935-914-906-900-876-856-820-796-795-783-764-704-689-688-685-642-641-640-639-638-635-634-633-632-631-629-628-627-626-625-624-623-622-621-614-459-123-23 @ https://phbidlautdemo.prahu-hub.com/home/akunsaya:5531
[  511002ms] [LOG] notif_badge_hide.913-935-914-906-900-876-856-820-796-795-783-764-704-689-688-685-642-641-640-639-638-635-634-633-632-631-629-628-627-626-625-624-623-622-621-614-459-123-23 @ https://phbidlautdemo.prahu-hub.com/home/akunsaya:5531
[  511006ms] [LOG] update_dashboard_order_laut @ https://phbidlautdemo.prahu-hub.com/home/akunsaya:5531
[  511062ms] [LOG] Connected @ https://phbidlautdemo.prahu-hub.com/home/akunsaya:5531
[  514863ms] [LOG] Connected @ https://phbidlautdemo.prahu-hub.com/home/akunsaya:5531
[  520526ms] [LOG] Connected @ https://phbidlautdemo.prahu-hub.com/home/akunsaya:5531
[  523597ms] [LOG] Connected @ https://phbidlautdemo.prahu-hub.com/home/akunsaya:5531
[  524588ms] [LOG] Connected @ https://phbidlautdemo.prahu-hub.com/home/akunsaya:5531
[  528031ms] [LOG] Connected @ https://phbidlautdemo.prahu-hub.com/home/akunsaya:5531
[  536850ms] [LOG] Connected @ https://phbidlautdemo.prahu-hub.com/home/akunsaya:5531
[  551349ms] [LOG] Connected @ https://phbidlautdemo.prahu-hub.com/home/akunsaya:5531
[  555344ms] [LOG] Connected @ https://phbidlautdemo.prahu-hub.com/home/akunsaya:5531
[  555658ms] [LOG] Connected @ https://phbidlautdemo.prahu-hub.com/home/akunsaya:5531
[  559554ms] [LOG] Connected @ https://phbidlautdemo.prahu-hub.com/home/akunsaya:5531
[  566524ms] [LOG] Connected @ https://phbidlautdemo.prahu-hub.com/home/akunsaya:5531
[  575223ms] [LOG] Connected @ https://phbidlautdemo.prahu-hub.com/home/akunsaya:5531
[  581168ms] [LOG] Connected @ https://phbidlautdemo.prahu-hub.com/home/akunsaya:5531
[  582175ms] [LOG] Connected @ https://phbidlautdemo.prahu-hub.com/home/akunsaya:5531
[  588708ms] [LOG] Connected @ https://phbidlautdemo.prahu-hub.com/home/akunsaya:5531
[  591607ms] [LOG] Connected @ https://phbidlautdemo.prahu-hub.com/home/akunsaya:5531
[  592003ms] [LOG] Connected @ https://phbidlautdemo.prahu-hub.com/home/akunsaya:5531
[  605936ms] [LOG] updateNotif.913-935-914-906-900-876-856-820-796-795-783-764-704-689-688-685-642-641-640-639-638-635-634-633-632-631-629-628-627-626-625-624-623-622-621-614-459-123-23 @ https://phbidlautdemo.prahu-hub.com/home/akunsaya:5531
[  605964ms] [LOG] notif_badge_hide.913-935-914-906-900-876-856-820-796-795-783-764-704-689-688-685-642-641-640-639-638-635-634-633-632-631-629-628-627-626-625-624-623-622-621-614-459-123-23 @ https://phbidlautdemo.prahu-hub.com/home/akunsaya:5531
[  605967ms] [LOG] update_dashboard_order_laut @ https://phbidlautdemo.prahu-hub.com/home/akunsaya:5531
[  611392ms] [LOG] Connected @ https://phbidlautdemo.prahu-hub.com/home/akunsaya:5531
[  619201ms] [LOG] Connected @ https://phbidlautdemo.prahu-hub.com/home/akunsaya:5531
[  622003ms] [LOG] updateNotif.913-935-914-906-900-876-856-820-796-795-783-764-704-689-688-685-642-641-640-639-638-635-634-633-632-631-629-628-627-626-625-624-623-622-621-614-459-123-23 @ https://phbidlautdemo.prahu-hub.com/home/akunsaya:5531
[  622454ms] [LOG] notif_badge_hide.913-935-914-906-900-876-856-820-796-795-783-764-704-689-688-685-642-641-640-639-638-635-634-633-632-631-629-628-627-626-625-624-623-622-621-614-459-123-23 @ https://phbidlautdemo.prahu-hub.com/home/akunsaya:5531
[  622549ms] [LOG] update_dashboard_order_laut @ https://phbidlautdemo.prahu-hub.com/home/akunsaya:5531
[  627757ms] [LOG] Connected @ https://phbidlautdemo.prahu-hub.com/home/akunsaya:5531
[  667508ms] [LOG] update_dashboard_order_laut @ https://phbidlautdemo.prahu-hub.com/home/akunsaya:5531
[  667931ms] [LOG] Connected @ https://phbidlautdemo.prahu-hub.com/home/akunsaya:5531
[  671365ms] [LOG] Connected @ https://phbidlautdemo.prahu-hub.com/home/akunsaya:5531
[  677277ms] [LOG] update_dashboard_order_laut @ https://phbidlautdemo.prahu-hub.com/home/akunsaya:5531
[  679191ms] [LOG] Connected @ https://phbidlautdemo.prahu-hub.com/home/akunsaya:5531
[  680248ms] [LOG] Connected @ https://phbidlautdemo.prahu-hub.com/home/akunsaya:5531
