[    1246ms] Cannot use import statement outside a module
[    1294ms] ReferenceError: Chart is not defined
    at https://phbidlautdemo.prahu-hub.com/_resources/themes/prahutheme/js/scripts-init/charts/chartjs.js:8:13
[    1458ms] Unexpected token '<'
[    1459ms] Unexpected token '<'
[    1541ms] TypeError: $(...).datetimepicker is not a function
    at https://phbidlautdemo.prahu-hub.com/home/hargajadwal?tab=1:5815:16
[    1575ms] Uncaught TypeError: expect element to be DOM Element, but got null
    at n.init (https://cdnjs.cloudflare.com/ajax/libs/smooth-scrollbar/8.5.2/smooth-scrollbar.js:24:264)
    at <anonymous> (https://phbidlautdemo.prahu-hub.com/home/hargajadwal?tab=1:7564:14)
[    1669ms] [LOG] Harganamanya @ https://phbidlautdemo.prahu-hub.com/home/hargajadwal?tab=1:1756
[    1709ms] [LOG] undefined @ https://phbidlautdemo.prahu-hub.com/home/hargajadwal?tab=1:7917
[    1709ms] [LOG] undefined @ https://phbidlautdemo.prahu-hub.com/home/hargajadwal?tab=1:7917
[    1709ms] [LOG] undefined @ https://phbidlautdemo.prahu-hub.com/home/hargajadwal?tab=1:7917
[    1709ms] [LOG] DD/MM/YYYY @ https://phbidlautdemo.prahu-hub.com/home/hargajadwal?tab=1:7917
[    1710ms] [LOG] Masukkan Nomor Lelang @ https://phbidlautdemo.prahu-hub.com/home/hargajadwal?tab=1:7917
[    1710ms] [LOG] Search... @ https://phbidlautdemo.prahu-hub.com/home/hargajadwal?tab=1:7917
[    1710ms] [LOG] Search... @ https://phbidlautdemo.prahu-hub.com/home/hargajadwal?tab=1:7917
[    1710ms] [LOG] Masukkan Jenis @ https://phbidlautdemo.prahu-hub.com/home/hargajadwal?tab=1:7917
[    1710ms] [LOG] Masukkan Harga @ https://phbidlautdemo.prahu-hub.com/home/hargajadwal?tab=1:7917
[    1710ms] [LOG] DD/MM/YYYY @ https://phbidlautdemo.prahu-hub.com/home/hargajadwal?tab=1:7917
[    1710ms] [LOG] undefined @ https://phbidlautdemo.prahu-hub.com/home/hargajadwal?tab=1:7917
[    1710ms] [LOG] undefined @ https://phbidlautdemo.prahu-hub.com/home/hargajadwal?tab=1:7917
[    1711ms] [LOG] Masukkan UN Code @ https://phbidlautdemo.prahu-hub.com/home/hargajadwal?tab=1:7917
[    1711ms] [LOG] undefined @ https://phbidlautdemo.prahu-hub.com/home/hargajadwal?tab=1:7917
[    1711ms] [LOG] undefined @ https://phbidlautdemo.prahu-hub.com/home/hargajadwal?tab=1:7917
[    1711ms] [LOG] Masukkan Nama Pelabuhan @ https://phbidlautdemo.prahu-hub.com/home/hargajadwal?tab=1:7917
[    1712ms] [LOG] WebSocket connection @ https://phbidlautdemo.prahu-hub.com/home/hargajadwal?tab=1:7960
[    1713ms] [LOG] WebSocket connection attempting... @ https://phbidlautdemo.prahu-hub.com/home/hargajadwal?tab=1:8038
[    1984ms] [LOG] WebSocket connected @ https://phbidlautdemo.prahu-hub.com/home/hargajadwal?tab=1:7969
[    1989ms] [LOG] update_dashboard_order_laut @ https://phbidlautdemo.prahu-hub.com/home/hargajadwal?tab=1:8010
[    2017ms] [LOG] Connected @ https://phbidlautdemo.prahu-hub.com/home/hargajadwal?tab=1:8010
[    3709ms] TypeError: $(...).DataTable is not a function
    at https://phbidlautdemo.prahu-hub.com/_resources/themes/prahutheme/js/scripts-init/tables.js:7:23
[    3797ms] [LOG] [Object, Object, Object, Object, Object, Object, Object, Object, Object, Object, Object, Object, Object, Object, Object, Object, Object, Object, Object, Object] @ https://phbidlautdemo.prahu-hub.com/_resources/themes/prahutheme/javascript/custom/hargajadwal.js?m=1787972929:306
[    3817ms] [LOG] [Object, Object, Object, Object, Object, Object, Object, Object, Object, Object, Object, Object, Object, Object, Object, Object, Object, Object, Object, Object] @ https://phbidlautdemo.prahu-hub.com/_resources/themes/prahutheme/javascript/custom/hargajadwal.js?m=1787972929:69
[    3836ms] [LOG] 279 @ https://phbidlautdemo.prahu-hub.com/_resources/themes/prahutheme/javascript/custom/hargajadwal.js?m=1787972929:1167
[    3836ms] [LOG] 279 jumlah data @ https://phbidlautdemo.prahu-hub.com/_resources/themes/prahutheme/javascript/custom/hargajadwal.js?m=1787972929:1124
[    3837ms] [LOG] 14 1 pageCount & pageNow @ https://phbidlautdemo.prahu-hub.com/_resources/themes/prahutheme/javascript/custom/hargajadwal.js?m=1787972929:1053
[    3841ms] [LOG] 200 xhrglobal @ https://phbidlautdemo.prahu-hub.com/home/hargajadwal?tab=1:7891
[    3841ms] [LOG] ce.fn.init stepItem @ https://phbidlautdemo.prahu-hub.com/_resources/themes/prahutheme/javascript/custom/hargajadwal.js?m=1787972929:1027
[    4171ms] [LOG] 200 xhrglobal @ https://phbidlautdemo.prahu-hub.com/home/hargajadwal?tab=1:7891
[    4395ms] [LOG] 200 xhrglobal @ https://phbidlautdemo.prahu-hub.com/home/hargajadwal?tab=1:7891
