[    1410ms] Cannot use import statement outside a module
[    1447ms] ReferenceError: Chart is not defined
    at https://phbidlautdemo.prahu-hub.com/_resources/themes/prahutheme/js/scripts-init/charts/chartjs.js:8:13
[    1610ms] Unexpected token '<'
[    1611ms] Unexpected token '<'
[    1797ms] Uncaught TypeError: expect element to be DOM Element, but got null
    at <anonymous> (https://cdnjs.cloudflare.com/ajax/libs/smooth-scrollbar/8.5.2/smooth-scrollbar.js:24:264)
    at <anonymous> (https://phbidlautdemo.prahu-hub.com/lelang/carirute/?from=search&id_user=VnVIdDB5ZmFLVndiUi9YMURaUWVsUT09&lelang=aksrcng2ZXQyRFVxa01QVnRzdTlmQT09&nomor_lelang=COBA%2F20%2FMAKASSAR:9282:14)
[    1898ms] [LOG] undefinednamanya @ https://phbidlautdemo.prahu-hub.com/lelang/carirute/?from=search&id_user=VnVIdDB5ZmFLVndiUi9YMURaUWVsUT09&lelang=aksrcng2ZXQyRFVxa01QVnRzdTlmQT09&nomor_lelang=COBA%2F20%2FMAKASSAR:2311
[    1970ms] [LOG] undefined @ https://phbidlautdemo.prahu-hub.com/lelang/carirute/?from=search&id_user=VnVIdDB5ZmFLVndiUi9YMURaUWVsUT09&lelang=aksrcng2ZXQyRFVxa01QVnRzdTlmQT09&nomor_lelang=COBA%2F20%2FMAKASSAR:9635
[    1971ms] [LOG] undefined @ https://phbidlautdemo.prahu-hub.com/lelang/carirute/?from=search&id_user=VnVIdDB5ZmFLVndiUi9YMURaUWVsUT09&lelang=aksrcng2ZXQyRFVxa01QVnRzdTlmQT09&nomor_lelang=COBA%2F20%2FMAKASSAR:9635
[    1971ms] [LOG] undefined @ https://phbidlautdemo.prahu-hub.com/lelang/carirute/?from=search&id_user=VnVIdDB5ZmFLVndiUi9YMURaUWVsUT09&lelang=aksrcng2ZXQyRFVxa01QVnRzdTlmQT09&nomor_lelang=COBA%2F20%2FMAKASSAR:9635
[    1971ms] [LOG] Masukkan Nomor Lelang @ https://phbidlautdemo.prahu-hub.com/lelang/carirute/?from=search&id_user=VnVIdDB5ZmFLVndiUi9YMURaUWVsUT09&lelang=aksrcng2ZXQyRFVxa01QVnRzdTlmQT09&nomor_lelang=COBA%2F20%2FMAKASSAR:9635
[    1971ms] [LOG] undefined @ https://phbidlautdemo.prahu-hub.com/lelang/carirute/?from=search&id_user=VnVIdDB5ZmFLVndiUi9YMURaUWVsUT09&lelang=aksrcng2ZXQyRFVxa01QVnRzdTlmQT09&nomor_lelang=COBA%2F20%2FMAKASSAR:9635
[    1972ms] [LOG] undefined @ https://phbidlautdemo.prahu-hub.com/lelang/carirute/?from=search&id_user=VnVIdDB5ZmFLVndiUi9YMURaUWVsUT09&lelang=aksrcng2ZXQyRFVxa01QVnRzdTlmQT09&nomor_lelang=COBA%2F20%2FMAKASSAR:9635
[    1972ms] [LOG] undefined @ https://phbidlautdemo.prahu-hub.com/lelang/carirute/?from=search&id_user=VnVIdDB5ZmFLVndiUi9YMURaUWVsUT09&lelang=aksrcng2ZXQyRFVxa01QVnRzdTlmQT09&nomor_lelang=COBA%2F20%2FMAKASSAR:9635
[    1972ms] [LOG] undefined @ https://phbidlautdemo.prahu-hub.com/lelang/carirute/?from=search&id_user=VnVIdDB5ZmFLVndiUi9YMURaUWVsUT09&lelang=aksrcng2ZXQyRFVxa01QVnRzdTlmQT09&nomor_lelang=COBA%2F20%2FMAKASSAR:9635
[    1972ms] [LOG] DD/MM/YYYY @ https://phbidlautdemo.prahu-hub.com/lelang/carirute/?from=search&id_user=VnVIdDB5ZmFLVndiUi9YMURaUWVsUT09&lelang=aksrcng2ZXQyRFVxa01QVnRzdTlmQT09&nomor_lelang=COBA%2F20%2FMAKASSAR:9635
[    1972ms] [LOG] DD/MM/YYYY @ https://phbidlautdemo.prahu-hub.com/lelang/carirute/?from=search&id_user=VnVIdDB5ZmFLVndiUi9YMURaUWVsUT09&lelang=aksrcng2ZXQyRFVxa01QVnRzdTlmQT09&nomor_lelang=COBA%2F20%2FMAKASSAR:9635
[    1973ms] [LOG] undefined @ https://phbidlautdemo.prahu-hub.com/lelang/carirute/?from=search&id_user=VnVIdDB5ZmFLVndiUi9YMURaUWVsUT09&lelang=aksrcng2ZXQyRFVxa01QVnRzdTlmQT09&nomor_lelang=COBA%2F20%2FMAKASSAR:9635
[    1975ms] [LOG] WebSocket connection @ https://phbidlautdemo.prahu-hub.com/lelang/carirute/?from=search&id_user=VnVIdDB5ZmFLVndiUi9YMURaUWVsUT09&lelang=aksrcng2ZXQyRFVxa01QVnRzdTlmQT09&nomor_lelang=COBA%2F20%2FMAKASSAR:9678
[    1975ms] [LOG] WebSocket connection attempting... @ https://phbidlautdemo.prahu-hub.com/lelang/carirute/?from=search&id_user=VnVIdDB5ZmFLVndiUi9YMURaUWVsUT09&lelang=aksrcng2ZXQyRFVxa01QVnRzdTlmQT09&nomor_lelang=COBA%2F20%2FMAKASSAR:9756
[    2288ms] [LOG] [Object, Object, Object, Object, Object, Object] @ https://phbidlautdemo.prahu-hub.com/_resources/themes/prahutheme/javascript/custom/hasilPenawaran.js?m=1&amp;m=1787972929:14
[    2320ms] [LOG] 6 @ https://phbidlautdemo.prahu-hub.com/_resources/themes/prahutheme/javascript/custom/hasilPenawaran.js?m=1&amp;m=1787972929:889
[    2321ms] [LOG] 6 countView1 1 pageNow 20 limitView1 @ https://phbidlautdemo.prahu-hub.com/_resources/themes/prahutheme/javascript/custom/hasilPenawaran.js?m=1&amp;m=1787972929:891
[    2321ms] [LOG] 6 @ https://phbidlautdemo.prahu-hub.com/_resources/themes/prahutheme/javascript/custom/hasilPenawaran.js?m=1&amp;m=1787972929:902
[    2322ms] [LOG] 6 jumlah data @ https://phbidlautdemo.prahu-hub.com/_resources/themes/prahutheme/javascript/custom/hasilPenawaran.js?m=1&amp;m=1787972929:867
[    2322ms] [LOG] 1 @ https://phbidlautdemo.prahu-hub.com/_resources/themes/prahutheme/javascript/custom/hasilPenawaran.js?m=1&amp;m=1787972929:869
[    2323ms] [LOG] 1 1 pageCount & pageNow @ https://phbidlautdemo.prahu-hub.com/_resources/themes/prahutheme/javascript/custom/hasilPenawaran.js?m=1&amp;m=1787972929:795
[    2324ms] [LOG] 200 xhrglobal @ https://phbidlautdemo.prahu-hub.com/lelang/carirute/?from=search&id_user=VnVIdDB5ZmFLVndiUi9YMURaUWVsUT09&lelang=aksrcng2ZXQyRFVxa01QVnRzdTlmQT09&nomor_lelang=COBA%2F20%2FMAKASSAR:9609
[    2707ms] [LOG] WebSocket connected @ https://phbidlautdemo.prahu-hub.com/lelang/carirute/?from=search&id_user=VnVIdDB5ZmFLVndiUi9YMURaUWVsUT09&lelang=aksrcng2ZXQyRFVxa01QVnRzdTlmQT09&nomor_lelang=COBA%2F20%2FMAKASSAR:9687
[    3263ms] [TABLE] {UI version: 8.4.1, Core version: 8.4.0, Build: NC8xMi8yMDIyfDRkZTU3MmExYg==, WebViewer Server: false, Full API: false} @ https://phbidlautdemo.prahu-hub.com/_resources/themes/prahutheme/javascript/PDFView/lib/ui/webviewer-ui.min.js:270
[    3299ms] [LOG] update_dashboard_order_laut @ https://phbidlautdemo.prahu-hub.com/lelang/carirute/?from=search&id_user=VnVIdDB5ZmFLVndiUi9YMURaUWVsUT09&lelang=aksrcng2ZXQyRFVxa01QVnRzdTlmQT09&nomor_lelang=COBA%2F20%2FMAKASSAR:9728
[    3304ms] [LOG] 200 xhrglobal @ https://phbidlautdemo.prahu-hub.com/lelang/carirute/?from=search&id_user=VnVIdDB5ZmFLVndiUi9YMURaUWVsUT09&lelang=aksrcng2ZXQyRFVxa01QVnRzdTlmQT09&nomor_lelang=COBA%2F20%2FMAKASSAR:9609
[    3307ms] [LOG] 200 xhrglobal @ https://phbidlautdemo.prahu-hub.com/lelang/carirute/?from=search&id_user=VnVIdDB5ZmFLVndiUi9YMURaUWVsUT09&lelang=aksrcng2ZXQyRFVxa01QVnRzdTlmQT09&nomor_lelang=COBA%2F20%2FMAKASSAR:9609
[    3316ms] [LOG] Connected @ https://phbidlautdemo.prahu-hub.com/lelang/carirute/?from=search&id_user=VnVIdDB5ZmFLVndiUi9YMURaUWVsUT09&lelang=aksrcng2ZXQyRFVxa01QVnRzdTlmQT09&nomor_lelang=COBA%2F20%2FMAKASSAR:9728
[    3915ms] [VERBOSE] [DOM] Password forms should have (optionally hidden) username fields for accessibility: (More info: https://goo.gl/9p2vKq) %o @ https://phbidlautdemo.prahu-hub.com/_resources/themes/prahutheme/javascript/PDFView/lib/ui/index.html#d=%2Fassets%2Fdokumenaanwijzing%2F85%2F1.pdf&a=1&disabledElements=downloadButton%2CprintButton%2ClanguageButton&filepicker=0&pdfnet=0&enableRedaction=0&enableMeasurement=0&pageHistory=1&notesInLeftPanel=0&singleServerMode=false&selectAnnotationOnCreation=0&autoFocusNoteOnAnnotationSelection=1&id=1&basePath=%2Flelang%2Fcarirute%2F:0
[    4076ms] TypeError: $(...).DataTable is not a function
    at https://phbidlautdemo.prahu-hub.com/_resources/themes/prahutheme/js/scripts-init/tables.js:7:23
[    6355ms] [LOG] document loaded @ https://phbidlautdemo.prahu-hub.com/lelang/carirute/?from=search&id_user=VnVIdDB5ZmFLVndiUi9YMURaUWVsUT09&lelang=aksrcng2ZXQyRFVxa01QVnRzdTlmQT09&nomor_lelang=COBA%2F20%2FMAKASSAR:6292
[   31303ms] [LOG] Connected @ https://phbidlautdemo.prahu-hub.com/lelang/carirute/?from=search&id_user=VnVIdDB5ZmFLVndiUi9YMURaUWVsUT09&lelang=aksrcng2ZXQyRFVxa01QVnRzdTlmQT09&nomor_lelang=COBA%2F20%2FMAKASSAR:9728
[  156317ms] [LOG] WebSocket closed @ https://phbidlautdemo.prahu-hub.com/lelang/carirute/?from=search&id_user=VnVIdDB5ZmFLVndiUi9YMURaUWVsUT09&lelang=aksrcng2ZXQyRFVxa01QVnRzdTlmQT09&nomor_lelang=COBA%2F20%2FMAKASSAR:9681
[  156318ms] [LOG] Reconnecting in 2 seconds... @ https://phbidlautdemo.prahu-hub.com/lelang/carirute/?from=search&id_user=VnVIdDB5ZmFLVndiUi9YMURaUWVsUT09&lelang=aksrcng2ZXQyRFVxa01QVnRzdTlmQT09&nomor_lelang=COBA%2F20%2FMAKASSAR:9765
[  158319ms] [LOG] WebSocket connection @ https://phbidlautdemo.prahu-hub.com/lelang/carirute/?from=search&id_user=VnVIdDB5ZmFLVndiUi9YMURaUWVsUT09&lelang=aksrcng2ZXQyRFVxa01QVnRzdTlmQT09&nomor_lelang=COBA%2F20%2FMAKASSAR:9678
[  158320ms] [LOG] WebSocket connection attempting... @ https://phbidlautdemo.prahu-hub.com/lelang/carirute/?from=search&id_user=VnVIdDB5ZmFLVndiUi9YMURaUWVsUT09&lelang=aksrcng2ZXQyRFVxa01QVnRzdTlmQT09&nomor_lelang=COBA%2F20%2FMAKASSAR:9756
[  158440ms] [LOG] WebSocket connected @ https://phbidlautdemo.prahu-hub.com/lelang/carirute/?from=search&id_user=VnVIdDB5ZmFLVndiUi9YMURaUWVsUT09&lelang=aksrcng2ZXQyRFVxa01QVnRzdTlmQT09&nomor_lelang=COBA%2F20%2FMAKASSAR:9687
[  158445ms] [LOG] update_dashboard_order_laut @ https://phbidlautdemo.prahu-hub.com/lelang/carirute/?from=search&id_user=VnVIdDB5ZmFLVndiUi9YMURaUWVsUT09&lelang=aksrcng2ZXQyRFVxa01QVnRzdTlmQT09&nomor_lelang=COBA%2F20%2FMAKASSAR:9728
[  158472ms] [LOG] Connected @ https://phbidlautdemo.prahu-hub.com/lelang/carirute/?from=search&id_user=VnVIdDB5ZmFLVndiUi9YMURaUWVsUT09&lelang=aksrcng2ZXQyRFVxa01QVnRzdTlmQT09&nomor_lelang=COBA%2F20%2FMAKASSAR:9728
[  158597ms] [LOG] Connected @ https://phbidlautdemo.prahu-hub.com/lelang/carirute/?from=search&id_user=VnVIdDB5ZmFLVndiUi9YMURaUWVsUT09&lelang=aksrcng2ZXQyRFVxa01QVnRzdTlmQT09&nomor_lelang=COBA%2F20%2FMAKASSAR:9728
[  158627ms] [LOG] 200 xhrglobal @ https://phbidlautdemo.prahu-hub.com/lelang/carirute/?from=search&id_user=VnVIdDB5ZmFLVndiUi9YMURaUWVsUT09&lelang=aksrcng2ZXQyRFVxa01QVnRzdTlmQT09&nomor_lelang=COBA%2F20%2FMAKASSAR:9609
[  158689ms] [LOG] 200 xhrglobal @ https://phbidlautdemo.prahu-hub.com/lelang/carirute/?from=search&id_user=VnVIdDB5ZmFLVndiUi9YMURaUWVsUT09&lelang=aksrcng2ZXQyRFVxa01QVnRzdTlmQT09&nomor_lelang=COBA%2F20%2FMAKASSAR:9609
[  159375ms] [LOG] Connected @ https://phbidlautdemo.prahu-hub.com/lelang/carirute/?from=search&id_user=VnVIdDB5ZmFLVndiUi9YMURaUWVsUT09&lelang=aksrcng2ZXQyRFVxa01QVnRzdTlmQT09&nomor_lelang=COBA%2F20%2FMAKASSAR:9728
[  284387ms] [LOG] WebSocket closed @ https://phbidlautdemo.prahu-hub.com/lelang/carirute/?from=search&id_user=VnVIdDB5ZmFLVndiUi9YMURaUWVsUT09&lelang=aksrcng2ZXQyRFVxa01QVnRzdTlmQT09&nomor_lelang=COBA%2F20%2FMAKASSAR:9681
[  284387ms] [LOG] Reconnecting in 4 seconds... @ https://phbidlautdemo.prahu-hub.com/lelang/carirute/?from=search&id_user=VnVIdDB5ZmFLVndiUi9YMURaUWVsUT09&lelang=aksrcng2ZXQyRFVxa01QVnRzdTlmQT09&nomor_lelang=COBA%2F20%2FMAKASSAR:9765
[  288389ms] [LOG] WebSocket connection @ https://phbidlautdemo.prahu-hub.com/lelang/carirute/?from=search&id_user=VnVIdDB5ZmFLVndiUi9YMURaUWVsUT09&lelang=aksrcng2ZXQyRFVxa01QVnRzdTlmQT09&nomor_lelang=COBA%2F20%2FMAKASSAR:9678
[  288390ms] [LOG] WebSocket connection attempting... @ https://phbidlautdemo.prahu-hub.com/lelang/carirute/?from=search&id_user=VnVIdDB5ZmFLVndiUi9YMURaUWVsUT09&lelang=aksrcng2ZXQyRFVxa01QVnRzdTlmQT09&nomor_lelang=COBA%2F20%2FMAKASSAR:9756
[  288677ms] [LOG] WebSocket connected @ https://phbidlautdemo.prahu-hub.com/lelang/carirute/?from=search&id_user=VnVIdDB5ZmFLVndiUi9YMURaUWVsUT09&lelang=aksrcng2ZXQyRFVxa01QVnRzdTlmQT09&nomor_lelang=COBA%2F20%2FMAKASSAR:9687
[  288682ms] [LOG] update_dashboard_order_laut @ https://phbidlautdemo.prahu-hub.com/lelang/carirute/?from=search&id_user=VnVIdDB5ZmFLVndiUi9YMURaUWVsUT09&lelang=aksrcng2ZXQyRFVxa01QVnRzdTlmQT09&nomor_lelang=COBA%2F20%2FMAKASSAR:9728
[  288711ms] [LOG] Connected @ https://phbidlautdemo.prahu-hub.com/lelang/carirute/?from=search&id_user=VnVIdDB5ZmFLVndiUi9YMURaUWVsUT09&lelang=aksrcng2ZXQyRFVxa01QVnRzdTlmQT09&nomor_lelang=COBA%2F20%2FMAKASSAR:9728
[  288877ms] [LOG] 200 xhrglobal @ https://phbidlautdemo.prahu-hub.com/lelang/carirute/?from=search&id_user=VnVIdDB5ZmFLVndiUi9YMURaUWVsUT09&lelang=aksrcng2ZXQyRFVxa01QVnRzdTlmQT09&nomor_lelang=COBA%2F20%2FMAKASSAR:9609
[  288956ms] [LOG] 200 xhrglobal @ https://phbidlautdemo.prahu-hub.com/lelang/carirute/?from=search&id_user=VnVIdDB5ZmFLVndiUi9YMURaUWVsUT09&lelang=aksrcng2ZXQyRFVxa01QVnRzdTlmQT09&nomor_lelang=COBA%2F20%2FMAKASSAR:9609
[  289278ms] [LOG] Connected @ https://phbidlautdemo.prahu-hub.com/lelang/carirute/?from=search&id_user=VnVIdDB5ZmFLVndiUi9YMURaUWVsUT09&lelang=aksrcng2ZXQyRFVxa01QVnRzdTlmQT09&nomor_lelang=COBA%2F20%2FMAKASSAR:9728
[  345780ms] [LOG] Connected @ https://phbidlautdemo.prahu-hub.com/lelang/carirute/?from=search&id_user=VnVIdDB5ZmFLVndiUi9YMURaUWVsUT09&lelang=aksrcng2ZXQyRFVxa01QVnRzdTlmQT09&nomor_lelang=COBA%2F20%2FMAKASSAR:9728
[  423988ms] [LOG] Connected @ https://phbidlautdemo.prahu-hub.com/lelang/carirute/?from=search&id_user=VnVIdDB5ZmFLVndiUi9YMURaUWVsUT09&lelang=aksrcng2ZXQyRFVxa01QVnRzdTlmQT09&nomor_lelang=COBA%2F20%2FMAKASSAR:9728
[  431487ms] [LOG] Connected @ https://phbidlautdemo.prahu-hub.com/lelang/carirute/?from=search&id_user=VnVIdDB5ZmFLVndiUi9YMURaUWVsUT09&lelang=aksrcng2ZXQyRFVxa01QVnRzdTlmQT09&nomor_lelang=COBA%2F20%2FMAKASSAR:9728
[  454718ms] [LOG] Connected @ https://phbidlautdemo.prahu-hub.com/lelang/carirute/?from=search&id_user=VnVIdDB5ZmFLVndiUi9YMURaUWVsUT09&lelang=aksrcng2ZXQyRFVxa01QVnRzdTlmQT09&nomor_lelang=COBA%2F20%2FMAKASSAR:9728
[  579734ms] [LOG] WebSocket closed @ https://phbidlautdemo.prahu-hub.com/lelang/carirute/?from=search&id_user=VnVIdDB5ZmFLVndiUi9YMURaUWVsUT09&lelang=aksrcng2ZXQyRFVxa01QVnRzdTlmQT09&nomor_lelang=COBA%2F20%2FMAKASSAR:9681
[  579735ms] [LOG] Reconnecting in 8 seconds... @ https://phbidlautdemo.prahu-hub.com/lelang/carirute/?from=search&id_user=VnVIdDB5ZmFLVndiUi9YMURaUWVsUT09&lelang=aksrcng2ZXQyRFVxa01QVnRzdTlmQT09&nomor_lelang=COBA%2F20%2FMAKASSAR:9765
[  587737ms] [LOG] WebSocket connection @ https://phbidlautdemo.prahu-hub.com/lelang/carirute/?from=search&id_user=VnVIdDB5ZmFLVndiUi9YMURaUWVsUT09&lelang=aksrcng2ZXQyRFVxa01QVnRzdTlmQT09&nomor_lelang=COBA%2F20%2FMAKASSAR:9678
[  587738ms] [LOG] WebSocket connection attempting... @ https://phbidlautdemo.prahu-hub.com/lelang/carirute/?from=search&id_user=VnVIdDB5ZmFLVndiUi9YMURaUWVsUT09&lelang=aksrcng2ZXQyRFVxa01QVnRzdTlmQT09&nomor_lelang=COBA%2F20%2FMAKASSAR:9756
[  587992ms] [LOG] WebSocket connected @ https://phbidlautdemo.prahu-hub.com/lelang/carirute/?from=search&id_user=VnVIdDB5ZmFLVndiUi9YMURaUWVsUT09&lelang=aksrcng2ZXQyRFVxa01QVnRzdTlmQT09&nomor_lelang=COBA%2F20%2FMAKASSAR:9687
[  587999ms] [LOG] update_dashboard_order_laut @ https://phbidlautdemo.prahu-hub.com/lelang/carirute/?from=search&id_user=VnVIdDB5ZmFLVndiUi9YMURaUWVsUT09&lelang=aksrcng2ZXQyRFVxa01QVnRzdTlmQT09&nomor_lelang=COBA%2F20%2FMAKASSAR:9728
[  588026ms] [LOG] Connected @ https://phbidlautdemo.prahu-hub.com/lelang/carirute/?from=search&id_user=VnVIdDB5ZmFLVndiUi9YMURaUWVsUT09&lelang=aksrcng2ZXQyRFVxa01QVnRzdTlmQT09&nomor_lelang=COBA%2F20%2FMAKASSAR:9728
[  588176ms] [LOG] 200 xhrglobal @ https://phbidlautdemo.prahu-hub.com/lelang/carirute/?from=search&id_user=VnVIdDB5ZmFLVndiUi9YMURaUWVsUT09&lelang=aksrcng2ZXQyRFVxa01QVnRzdTlmQT09&nomor_lelang=COBA%2F20%2FMAKASSAR:9609
[  588271ms] [LOG] 200 xhrglobal @ https://phbidlautdemo.prahu-hub.com/lelang/carirute/?from=search&id_user=VnVIdDB5ZmFLVndiUi9YMURaUWVsUT09&lelang=aksrcng2ZXQyRFVxa01QVnRzdTlmQT09&nomor_lelang=COBA%2F20%2FMAKASSAR:9609
[  706265ms] [LOG] Connected @ https://phbidlautdemo.prahu-hub.com/lelang/carirute/?from=search&id_user=VnVIdDB5ZmFLVndiUi9YMURaUWVsUT09&lelang=aksrcng2ZXQyRFVxa01QVnRzdTlmQT09&nomor_lelang=COBA%2F20%2FMAKASSAR:9728
[  710586ms] [LOG] Connected @ https://phbidlautdemo.prahu-hub.com/lelang/carirute/?from=search&id_user=VnVIdDB5ZmFLVndiUi9YMURaUWVsUT09&lelang=aksrcng2ZXQyRFVxa01QVnRzdTlmQT09&nomor_lelang=COBA%2F20%2FMAKASSAR:9728
[  723765ms] [LOG] Connected @ https://phbidlautdemo.prahu-hub.com/lelang/carirute/?from=search&id_user=VnVIdDB5ZmFLVndiUi9YMURaUWVsUT09&lelang=aksrcng2ZXQyRFVxa01QVnRzdTlmQT09&nomor_lelang=COBA%2F20%2FMAKASSAR:9728
[  730659ms] [LOG] Connected @ https://phbidlautdemo.prahu-hub.com/lelang/carirute/?from=search&id_user=VnVIdDB5ZmFLVndiUi9YMURaUWVsUT09&lelang=aksrcng2ZXQyRFVxa01QVnRzdTlmQT09&nomor_lelang=COBA%2F20%2FMAKASSAR:9728
[  733715ms] [LOG] Connected @ https://phbidlautdemo.prahu-hub.com/lelang/carirute/?from=search&id_user=VnVIdDB5ZmFLVndiUi9YMURaUWVsUT09&lelang=aksrcng2ZXQyRFVxa01QVnRzdTlmQT09&nomor_lelang=COBA%2F20%2FMAKASSAR:9728
