[    2175ms] Cannot use import statement outside a module
[    2228ms] ReferenceError: Chart is not defined
    at https://phbidlautdemo.prahu-hub.com/_resources/themes/prahutheme/js/scripts-init/charts/chartjs.js:8:13
[    2228ms] Unexpected token '<'
[    2229ms] Unexpected token '<'
[    2304ms] Uncaught TypeError: expect element to be DOM Element, but got null
    at n.init (https://cdnjs.cloudflare.com/ajax/libs/smooth-scrollbar/8.5.2/smooth-scrollbar.js:24:264)
    at <anonymous> (https://phbidlautdemo.prahu-hub.com/home/hakaksesbidowner:5570:14)
[    2356ms] [LOG] Pengaturan Akunnamanya @ https://phbidlautdemo.prahu-hub.com/home/hakaksesbidowner:2040
[    2388ms] [LOG] Masukkan Nama Hak Akses @ https://phbidlautdemo.prahu-hub.com/home/hakaksesbidowner:5923
[    2388ms] [LOG] undefined @ https://phbidlautdemo.prahu-hub.com/home/hakaksesbidowner:5923
[    2388ms] [LOG] undefined @ https://phbidlautdemo.prahu-hub.com/home/hakaksesbidowner:5923
[    2388ms] [LOG] Masukkan Nama Kemasan @ https://phbidlautdemo.prahu-hub.com/home/hakaksesbidowner:5923
[    2388ms] [LOG] undefined @ https://phbidlautdemo.prahu-hub.com/home/hakaksesbidowner:5923
[    2389ms] [LOG] WebSocket connection @ https://phbidlautdemo.prahu-hub.com/home/hakaksesbidowner:5966
[    2390ms] [LOG] WebSocket connection attempting... @ https://phbidlautdemo.prahu-hub.com/home/hakaksesbidowner:6044
[    2702ms] [LOG] [Object, Object, Object, Object, Object, Object, Object, Object, Object, Object, Object, Object, Object, Object, Object, Object, Object, Object, Object, Object] @ https://phbidlautdemo.prahu-hub.com/_resources/themes/prahutheme/javascript/custom/hakaksesbidowner.js?m=1787972929:124
[    2711ms] [LOG] 23 @ https://phbidlautdemo.prahu-hub.com/_resources/themes/prahutheme/javascript/custom/hakaksesbidowner.js?m=1787972929:775
[    2711ms] [LOG] 23 countView1 1 pageNow 20 limitView1 @ https://phbidlautdemo.prahu-hub.com/_resources/themes/prahutheme/javascript/custom/hakaksesbidowner.js?m=1787972929:777
[    2711ms] [LOG] 20 @ https://phbidlautdemo.prahu-hub.com/_resources/themes/prahutheme/javascript/custom/hakaksesbidowner.js?m=1787972929:783
[    2712ms] [LOG] 23 jumlah data @ https://phbidlautdemo.prahu-hub.com/_resources/themes/prahutheme/javascript/custom/hakaksesbidowner.js?m=1787972929:740
[    2712ms] [LOG] 2 @ https://phbidlautdemo.prahu-hub.com/_resources/themes/prahutheme/javascript/custom/hakaksesbidowner.js?m=1787972929:742
[    2713ms] [LOG] 2 1 pageCount & pageNow @ https://phbidlautdemo.prahu-hub.com/_resources/themes/prahutheme/javascript/custom/hakaksesbidowner.js?m=1787972929:666
[    2714ms] [LOG] 200 xhrglobal @ https://phbidlautdemo.prahu-hub.com/home/hakaksesbidowner:5897
[    2714ms] [LOG] ce.fn.init stepItem @ https://phbidlautdemo.prahu-hub.com/_resources/themes/prahutheme/javascript/custom/hakaksesbidowner.js?m=1787972929:640
[    3503ms] [LOG] WebSocket connected @ https://phbidlautdemo.prahu-hub.com/home/hakaksesbidowner:5975
[    3508ms] [LOG] update_dashboard_order_laut @ https://phbidlautdemo.prahu-hub.com/home/hakaksesbidowner:6016
[    3716ms] [LOG] 200 xhrglobal @ https://phbidlautdemo.prahu-hub.com/home/hakaksesbidowner:5897
[    3883ms] [LOG] 200 xhrglobal @ https://phbidlautdemo.prahu-hub.com/home/hakaksesbidowner:5897
[    4350ms] [LOG] Connected @ https://phbidlautdemo.prahu-hub.com/home/hakaksesbidowner:6016
[    4389ms] TypeError: $(...).DataTable is not a function
    at https://phbidlautdemo.prahu-hub.com/_resources/themes/prahutheme/js/scripts-init/tables.js:7:23
[    8037ms] Cannot use import statement outside a module
[    8085ms] ReferenceError: Chart is not defined
    at https://phbidlautdemo.prahu-hub.com/_resources/themes/prahutheme/js/scripts-init/charts/chartjs.js:8:13
[    8100ms] Unexpected token '<'
[    8105ms] Unexpected token '<'
[    8284ms] Uncaught TypeError: expect element to be DOM Element, but got null
    at n.init (https://cdnjs.cloudflare.com/ajax/libs/smooth-scrollbar/8.5.2/smooth-scrollbar.js:24:264)
    at <anonymous> (https://phbidlautdemo.prahu-hub.com/home/tambahhakaksesbidowner:7868:14)
[    8322ms] [LOG] Pengaturan Akunnamanya @ https://phbidlautdemo.prahu-hub.com/home/tambahhakaksesbidowner:2039
[    8341ms] [LOG] undefined @ https://phbidlautdemo.prahu-hub.com/home/tambahhakaksesbidowner:8221
[    8341ms] [LOG] Masukkan Nama Hak Akses @ https://phbidlautdemo.prahu-hub.com/home/tambahhakaksesbidowner:8221
[    8341ms] [LOG] undefined @ https://phbidlautdemo.prahu-hub.com/home/tambahhakaksesbidowner:8221
[    8342ms] [LOG] undefined @ https://phbidlautdemo.prahu-hub.com/home/tambahhakaksesbidowner:8221
[    8342ms] [LOG] undefined @ https://phbidlautdemo.prahu-hub.com/home/tambahhakaksesbidowner:8221
[    8342ms] [LOG] undefined @ https://phbidlautdemo.prahu-hub.com/home/tambahhakaksesbidowner:8221
[    8342ms] [LOG] undefined @ https://phbidlautdemo.prahu-hub.com/home/tambahhakaksesbidowner:8221
[    8342ms] [LOG] undefined @ https://phbidlautdemo.prahu-hub.com/home/tambahhakaksesbidowner:8221
[    8342ms] [LOG] undefined @ https://phbidlautdemo.prahu-hub.com/home/tambahhakaksesbidowner:8221
[    8343ms] [LOG] undefined @ https://phbidlautdemo.prahu-hub.com/home/tambahhakaksesbidowner:8221
[    8343ms] [LOG] undefined @ https://phbidlautdemo.prahu-hub.com/home/tambahhakaksesbidowner:8221
[    8343ms] [LOG] undefined @ https://phbidlautdemo.prahu-hub.com/home/tambahhakaksesbidowner:8221
[    8343ms] [LOG] undefined @ https://phbidlautdemo.prahu-hub.com/home/tambahhakaksesbidowner:8221
[    8343ms] [LOG] undefined @ https://phbidlautdemo.prahu-hub.com/home/tambahhakaksesbidowner:8221
[    8344ms] [LOG] undefined @ https://phbidlautdemo.prahu-hub.com/home/tambahhakaksesbidowner:8221
[    8344ms] [LOG] undefined @ https://phbidlautdemo.prahu-hub.com/home/tambahhakaksesbidowner:8221
[    8344ms] [LOG] undefined @ https://phbidlautdemo.prahu-hub.com/home/tambahhakaksesbidowner:8221
[    8344ms] [LOG] undefined @ https://phbidlautdemo.prahu-hub.com/home/tambahhakaksesbidowner:8221
[    8344ms] [LOG] undefined @ https://phbidlautdemo.prahu-hub.com/home/tambahhakaksesbidowner:8221
[    8344ms] [LOG] undefined @ https://phbidlautdemo.prahu-hub.com/home/tambahhakaksesbidowner:8221
[    8345ms] [LOG] undefined @ https://phbidlautdemo.prahu-hub.com/home/tambahhakaksesbidowner:8221
[    8345ms] [LOG] undefined @ https://phbidlautdemo.prahu-hub.com/home/tambahhakaksesbidowner:8221
[    8345ms] [LOG] undefined @ https://phbidlautdemo.prahu-hub.com/home/tambahhakaksesbidowner:8221
[    8345ms] [LOG] undefined @ https://phbidlautdemo.prahu-hub.com/home/tambahhakaksesbidowner:8221
[    8346ms] [LOG] undefined @ https://phbidlautdemo.prahu-hub.com/home/tambahhakaksesbidowner:8221
[    8346ms] [LOG] undefined @ https://phbidlautdemo.prahu-hub.com/home/tambahhakaksesbidowner:8221
[    8346ms] [LOG] undefined @ https://phbidlautdemo.prahu-hub.com/home/tambahhakaksesbidowner:8221
[    8346ms] [LOG] undefined @ https://phbidlautdemo.prahu-hub.com/home/tambahhakaksesbidowner:8221
[    8346ms] [LOG] undefined @ https://phbidlautdemo.prahu-hub.com/home/tambahhakaksesbidowner:8221
[    8346ms] [LOG] undefined @ https://phbidlautdemo.prahu-hub.com/home/tambahhakaksesbidowner:8221
[    8347ms] [LOG] undefined @ https://phbidlautdemo.prahu-hub.com/home/tambahhakaksesbidowner:8221
[    8347ms] [LOG] undefined @ https://phbidlautdemo.prahu-hub.com/home/tambahhakaksesbidowner:8221
[    8347ms] [LOG] undefined @ https://phbidlautdemo.prahu-hub.com/home/tambahhakaksesbidowner:8221
[    8347ms] [LOG] undefined @ https://phbidlautdemo.prahu-hub.com/home/tambahhakaksesbidowner:8221
[    8347ms] [LOG] undefined @ https://phbidlautdemo.prahu-hub.com/home/tambahhakaksesbidowner:8221
[    8348ms] [LOG] undefined @ https://phbidlautdemo.prahu-hub.com/home/tambahhakaksesbidowner:8221
[    8348ms] [LOG] undefined @ https://phbidlautdemo.prahu-hub.com/home/tambahhakaksesbidowner:8221
[    8348ms] [LOG] undefined @ https://phbidlautdemo.prahu-hub.com/home/tambahhakaksesbidowner:8221
[    8348ms] [LOG] undefined @ https://phbidlautdemo.prahu-hub.com/home/tambahhakaksesbidowner:8221
[    8348ms] [LOG] undefined @ https://phbidlautdemo.prahu-hub.com/home/tambahhakaksesbidowner:8221
[    8349ms] [LOG] undefined @ https://phbidlautdemo.prahu-hub.com/home/tambahhakaksesbidowner:8221
[    8349ms] [LOG] undefined @ https://phbidlautdemo.prahu-hub.com/home/tambahhakaksesbidowner:8221
[    8349ms] [LOG] undefined @ https://phbidlautdemo.prahu-hub.com/home/tambahhakaksesbidowner:8221
[    8349ms] [LOG] undefined @ https://phbidlautdemo.prahu-hub.com/home/tambahhakaksesbidowner:8221
[    8349ms] [LOG] undefined @ https://phbidlautdemo.prahu-hub.com/home/tambahhakaksesbidowner:8221
[    8350ms] [LOG] undefined @ https://phbidlautdemo.prahu-hub.com/home/tambahhakaksesbidowner:8221
[    8350ms] [LOG] undefined @ https://phbidlautdemo.prahu-hub.com/home/tambahhakaksesbidowner:8221
[    8350ms] [LOG] undefined @ https://phbidlautdemo.prahu-hub.com/home/tambahhakaksesbidowner:8221
[    8350ms] [LOG] undefined @ https://phbidlautdemo.prahu-hub.com/home/tambahhakaksesbidowner:8221
[    8350ms] [LOG] undefined @ https://phbidlautdemo.prahu-hub.com/home/tambahhakaksesbidowner:8221
[    8351ms] [LOG] undefined @ https://phbidlautdemo.prahu-hub.com/home/tambahhakaksesbidowner:8221
[    8351ms] [LOG] undefined @ https://phbidlautdemo.prahu-hub.com/home/tambahhakaksesbidowner:8221
[    8351ms] [LOG] undefined @ https://phbidlautdemo.prahu-hub.com/home/tambahhakaksesbidowner:8221
[    8351ms] [LOG] undefined @ https://phbidlautdemo.prahu-hub.com/home/tambahhakaksesbidowner:8221
[    8351ms] [LOG] undefined @ https://phbidlautdemo.prahu-hub.com/home/tambahhakaksesbidowner:8221
[    8352ms] [LOG] undefined @ https://phbidlautdemo.prahu-hub.com/home/tambahhakaksesbidowner:8221
[    8352ms] [LOG] undefined @ https://phbidlautdemo.prahu-hub.com/home/tambahhakaksesbidowner:8221
[    8352ms] [LOG] undefined @ https://phbidlautdemo.prahu-hub.com/home/tambahhakaksesbidowner:8221
[    8352ms] [LOG] undefined @ https://phbidlautdemo.prahu-hub.com/home/tambahhakaksesbidowner:8221
[    8352ms] [LOG] undefined @ https://phbidlautdemo.prahu-hub.com/home/tambahhakaksesbidowner:8221
[    8352ms] [LOG] undefined @ https://phbidlautdemo.prahu-hub.com/home/tambahhakaksesbidowner:8221
[    8353ms] [LOG] undefined @ https://phbidlautdemo.prahu-hub.com/home/tambahhakaksesbidowner:8221
[    8353ms] [LOG] undefined @ https://phbidlautdemo.prahu-hub.com/home/tambahhakaksesbidowner:8221
[    8353ms] [LOG] undefined @ https://phbidlautdemo.prahu-hub.com/home/tambahhakaksesbidowner:8221
[    8353ms] [LOG] undefined @ https://phbidlautdemo.prahu-hub.com/home/tambahhakaksesbidowner:8221
[    8353ms] [LOG] undefined @ https://phbidlautdemo.prahu-hub.com/home/tambahhakaksesbidowner:8221
[    8354ms] [LOG] undefined @ https://phbidlautdemo.prahu-hub.com/home/tambahhakaksesbidowner:8221
[    8354ms] [LOG] undefined @ https://phbidlautdemo.prahu-hub.com/home/tambahhakaksesbidowner:8221
[    8354ms] [LOG] undefined @ https://phbidlautdemo.prahu-hub.com/home/tambahhakaksesbidowner:8221
[    8354ms] [LOG] undefined @ https://phbidlautdemo.prahu-hub.com/home/tambahhakaksesbidowner:8221
[    8354ms] [LOG] undefined @ https://phbidlautdemo.prahu-hub.com/home/tambahhakaksesbidowner:8221
[    8354ms] [LOG] undefined @ https://phbidlautdemo.prahu-hub.com/home/tambahhakaksesbidowner:8221
[    8355ms] [LOG] undefined @ https://phbidlautdemo.prahu-hub.com/home/tambahhakaksesbidowner:8221
[    8355ms] [LOG] undefined @ https://phbidlautdemo.prahu-hub.com/home/tambahhakaksesbidowner:8221
[    8355ms] [LOG] undefined @ https://phbidlautdemo.prahu-hub.com/home/tambahhakaksesbidowner:8221
[    8355ms] [LOG] undefined @ https://phbidlautdemo.prahu-hub.com/home/tambahhakaksesbidowner:8221
[    8355ms] [LOG] undefined @ https://phbidlautdemo.prahu-hub.com/home/tambahhakaksesbidowner:8221
[    8356ms] [LOG] undefined @ https://phbidlautdemo.prahu-hub.com/home/tambahhakaksesbidowner:8221
[    8356ms] [LOG] undefined @ https://phbidlautdemo.prahu-hub.com/home/tambahhakaksesbidowner:8221
[    8356ms] [LOG] undefined @ https://phbidlautdemo.prahu-hub.com/home/tambahhakaksesbidowner:8221
[    8356ms] [LOG] undefined @ https://phbidlautdemo.prahu-hub.com/home/tambahhakaksesbidowner:8221
[    8356ms] [LOG] undefined @ https://phbidlautdemo.prahu-hub.com/home/tambahhakaksesbidowner:8221
[    8357ms] [LOG] undefined @ https://phbidlautdemo.prahu-hub.com/home/tambahhakaksesbidowner:8221
[    8357ms] [LOG] undefined @ https://phbidlautdemo.prahu-hub.com/home/tambahhakaksesbidowner:8221
[    8357ms] [LOG] undefined @ https://phbidlautdemo.prahu-hub.com/home/tambahhakaksesbidowner:8221
[    8357ms] [LOG] undefined @ https://phbidlautdemo.prahu-hub.com/home/tambahhakaksesbidowner:8221
[    8357ms] [LOG] undefined @ https://phbidlautdemo.prahu-hub.com/home/tambahhakaksesbidowner:8221
[    8358ms] [LOG] undefined @ https://phbidlautdemo.prahu-hub.com/home/tambahhakaksesbidowner:8221
[    8358ms] [LOG] undefined @ https://phbidlautdemo.prahu-hub.com/home/tambahhakaksesbidowner:8221
[    8358ms] [LOG] undefined @ https://phbidlautdemo.prahu-hub.com/home/tambahhakaksesbidowner:8221
[    8358ms] [LOG] undefined @ https://phbidlautdemo.prahu-hub.com/home/tambahhakaksesbidowner:8221
[    8358ms] [LOG] undefined @ https://phbidlautdemo.prahu-hub.com/home/tambahhakaksesbidowner:8221
[    8359ms] [LOG] undefined @ https://phbidlautdemo.prahu-hub.com/home/tambahhakaksesbidowner:8221
[    8359ms] [LOG] undefined @ https://phbidlautdemo.prahu-hub.com/home/tambahhakaksesbidowner:8221
[    8359ms] [LOG] undefined @ https://phbidlautdemo.prahu-hub.com/home/tambahhakaksesbidowner:8221
[    8359ms] [LOG] undefined @ https://phbidlautdemo.prahu-hub.com/home/tambahhakaksesbidowner:8221
[    8359ms] [LOG] undefined @ https://phbidlautdemo.prahu-hub.com/home/tambahhakaksesbidowner:8221
[    8359ms] [LOG] undefined @ https://phbidlautdemo.prahu-hub.com/home/tambahhakaksesbidowner:8221
[    8360ms] [LOG] undefined @ https://phbidlautdemo.prahu-hub.com/home/tambahhakaksesbidowner:8221
[    8360ms] [LOG] undefined @ https://phbidlautdemo.prahu-hub.com/home/tambahhakaksesbidowner:8221
[    8360ms] [LOG] undefined @ https://phbidlautdemo.prahu-hub.com/home/tambahhakaksesbidowner:8221
[    8360ms] [LOG] undefined @ https://phbidlautdemo.prahu-hub.com/home/tambahhakaksesbidowner:8221
[    8360ms] [LOG] undefined @ https://phbidlautdemo.prahu-hub.com/home/tambahhakaksesbidowner:8221
[    8361ms] [LOG] undefined @ https://phbidlautdemo.prahu-hub.com/home/tambahhakaksesbidowner:8221
[    8361ms] [LOG] undefined @ https://phbidlautdemo.prahu-hub.com/home/tambahhakaksesbidowner:8221
[    8361ms] [LOG] undefined @ https://phbidlautdemo.prahu-hub.com/home/tambahhakaksesbidowner:8221
[    8361ms] [LOG] undefined @ https://phbidlautdemo.prahu-hub.com/home/tambahhakaksesbidowner:8221
[    8361ms] [LOG] undefined @ https://phbidlautdemo.prahu-hub.com/home/tambahhakaksesbidowner:8221
[    8362ms] [LOG] undefined @ https://phbidlautdemo.prahu-hub.com/home/tambahhakaksesbidowner:8221
[    8362ms] [LOG] undefined @ https://phbidlautdemo.prahu-hub.com/home/tambahhakaksesbidowner:8221
[    8362ms] [LOG] undefined @ https://phbidlautdemo.prahu-hub.com/home/tambahhakaksesbidowner:8221
[    8362ms] [LOG] undefined @ https://phbidlautdemo.prahu-hub.com/home/tambahhakaksesbidowner:8221
[    8362ms] [LOG] undefined @ https://phbidlautdemo.prahu-hub.com/home/tambahhakaksesbidowner:8221
[    8362ms] [LOG] undefined @ https://phbidlautdemo.prahu-hub.com/home/tambahhakaksesbidowner:8221
[    8363ms] [LOG] undefined @ https://phbidlautdemo.prahu-hub.com/home/tambahhakaksesbidowner:8221
[    8363ms] [LOG] undefined @ https://phbidlautdemo.prahu-hub.com/home/tambahhakaksesbidowner:8221
[    8363ms] [LOG] undefined @ https://phbidlautdemo.prahu-hub.com/home/tambahhakaksesbidowner:8221
[    8363ms] [LOG] undefined @ https://phbidlautdemo.prahu-hub.com/home/tambahhakaksesbidowner:8221
[    8363ms] [LOG] undefined @ https://phbidlautdemo.prahu-hub.com/home/tambahhakaksesbidowner:8221
[    8363ms] [LOG] undefined @ https://phbidlautdemo.prahu-hub.com/home/tambahhakaksesbidowner:8221
[    8363ms] [LOG] undefined @ https://phbidlautdemo.prahu-hub.com/home/tambahhakaksesbidowner:8221
[    8366ms] [LOG] WebSocket connection @ https://phbidlautdemo.prahu-hub.com/home/tambahhakaksesbidowner:8264
[    8366ms] [LOG] WebSocket connection attempting... @ https://phbidlautdemo.prahu-hub.com/home/tambahhakaksesbidowner:8342
[    8757ms] [LOG] WebSocket connected @ https://phbidlautdemo.prahu-hub.com/home/tambahhakaksesbidowner:8273
[    8760ms] [LOG] update_dashboard_order_laut @ https://phbidlautdemo.prahu-hub.com/home/tambahhakaksesbidowner:8314
[    8827ms] [LOG] Connected @ https://phbidlautdemo.prahu-hub.com/home/tambahhakaksesbidowner:8314
[    8946ms] [LOG] 200 xhrglobal @ https://phbidlautdemo.prahu-hub.com/home/tambahhakaksesbidowner:8195
[    9122ms] [LOG] 200 xhrglobal @ https://phbidlautdemo.prahu-hub.com/home/tambahhakaksesbidowner:8195
[   10336ms] TypeError: $(...).DataTable is not a function
    at https://phbidlautdemo.prahu-hub.com/_resources/themes/prahutheme/js/scripts-init/tables.js:7:23
