[    1281ms] Cannot use import statement outside a module
[    1316ms] ReferenceError: Chart is not defined
    at https://phbidlautdemo.prahu-hub.com/_resources/themes/prahutheme/js/scripts-init/charts/chartjs.js:8:13
[    1631ms] Unexpected token '<'
[    1632ms] Unexpected token '<'
[    1827ms] Uncaught TypeError: expect element to be DOM Element, but got null
    at n.init (https://cdnjs.cloudflare.com/ajax/libs/smooth-scrollbar/8.5.2/smooth-scrollbar.js:24:264)
    at <anonymous> (https://phbidlautdemo.prahu-hub.com/lelang/carirute:6555:14)
[    1866ms] [LOG] undefinednamanya @ https://phbidlautdemo.prahu-hub.com/lelang/carirute:2149
[    1898ms] [LOG] undefined @ https://phbidlautdemo.prahu-hub.com/lelang/carirute:6908
[    1898ms] [LOG] undefined @ https://phbidlautdemo.prahu-hub.com/lelang/carirute:6908
[    1898ms] [LOG] undefined @ https://phbidlautdemo.prahu-hub.com/lelang/carirute:6908
[    1898ms] [LOG] Masukkan Nomor Lelang @ https://phbidlautdemo.prahu-hub.com/lelang/carirute:6908
[    1899ms] [LOG] undefined @ https://phbidlautdemo.prahu-hub.com/lelang/carirute:6908
[    1900ms] [LOG] WebSocket connection @ https://phbidlautdemo.prahu-hub.com/lelang/carirute:6951
[    1901ms] [LOG] WebSocket connection attempting... @ https://phbidlautdemo.prahu-hub.com/lelang/carirute:7029
[    2352ms] [LOG] WebSocket connected @ https://phbidlautdemo.prahu-hub.com/lelang/carirute:6960
[    2731ms] [LOG] update_dashboard_order_laut @ https://phbidlautdemo.prahu-hub.com/lelang/carirute:7001
[    2735ms] [LOG] 200 xhrglobal @ https://phbidlautdemo.prahu-hub.com/lelang/carirute:6882
[    2741ms] [LOG] 200 xhrglobal @ https://phbidlautdemo.prahu-hub.com/lelang/carirute:6882
[    3341ms] [TABLE] {UI version: 8.4.1, Core version: 8.4.0, Build: NC8xMi8yMDIyfDRkZTU3MmExYg==, WebViewer Server: false, Full API: false} @ https://phbidlautdemo.prahu-hub.com/_resources/themes/prahutheme/javascript/PDFView/lib/ui/webviewer-ui.min.js:270
[    3376ms] [LOG] Connected @ https://phbidlautdemo.prahu-hub.com/lelang/carirute:7001
[    3742ms] [VERBOSE] [DOM] Password forms should have (optionally hidden) username fields for accessibility: (More info: https://goo.gl/9p2vKq) %o @ https://phbidlautdemo.prahu-hub.com/_resources/themes/prahutheme/javascript/PDFView/lib/ui/index.html#a=1&disabledElements=downloadButton%2CprintButton%2ClanguageButton&filepicker=0&pdfnet=0&enableRedaction=0&enableMeasurement=0&pageHistory=1&notesInLeftPanel=0&singleServerMode=false&selectAnnotationOnCreation=0&autoFocusNoteOnAnnotationSelection=1&id=1&basePath=%2Flelang%2Fcarirute:0
[    4074ms] TypeError: $(...).DataTable is not a function
    at https://phbidlautdemo.prahu-hub.com/_resources/themes/prahutheme/js/scripts-init/tables.js:7:23
[   12563ms] Cannot use import statement outside a module
[   12621ms] ReferenceError: Chart is not defined
    at https://phbidlautdemo.prahu-hub.com/_resources/themes/prahutheme/js/scripts-init/charts/chartjs.js:8:13
[   13241ms] Unexpected token '<'
[   13242ms] Unexpected token '<'
[   13435ms] Uncaught TypeError: expect element to be DOM Element, but got null
    at n.init (https://cdnjs.cloudflare.com/ajax/libs/smooth-scrollbar/8.5.2/smooth-scrollbar.js:24:264)
    at <anonymous> (https://phbidlautdemo.prahu-hub.com/lelang/carirute?from=search&id_user=SWd1aUR1aGpzOUlWbVpaWXY2NG5SZz09&lelang=ZWJxcUswV2tJeDE3dlo1T1BHVXJLUT09&nomor_lelang=LELANGFCU%2F28082026IK:7653:14)
[   13612ms] [TABLE] {UI version: 8.4.1, Core version: 8.4.0, Build: NC8xMi8yMDIyfDRkZTU3MmExYg==, WebViewer Server: false, Full API: false} @ https://phbidlautdemo.prahu-hub.com/_resources/themes/prahutheme/javascript/PDFView/lib/ui/webviewer-ui.min.js:270
[   13807ms] [LOG] undefinednamanya @ https://phbidlautdemo.prahu-hub.com/lelang/carirute?from=search&id_user=SWd1aUR1aGpzOUlWbVpaWXY2NG5SZz09&lelang=ZWJxcUswV2tJeDE3dlo1T1BHVXJLUT09&nomor_lelang=LELANGFCU%2F28082026IK:2149
[   13830ms] [LOG] undefined @ https://phbidlautdemo.prahu-hub.com/lelang/carirute?from=search&id_user=SWd1aUR1aGpzOUlWbVpaWXY2NG5SZz09&lelang=ZWJxcUswV2tJeDE3dlo1T1BHVXJLUT09&nomor_lelang=LELANGFCU%2F28082026IK:8006
[   13830ms] [LOG] undefined @ https://phbidlautdemo.prahu-hub.com/lelang/carirute?from=search&id_user=SWd1aUR1aGpzOUlWbVpaWXY2NG5SZz09&lelang=ZWJxcUswV2tJeDE3dlo1T1BHVXJLUT09&nomor_lelang=LELANGFCU%2F28082026IK:8006
[   13830ms] [LOG] undefined @ https://phbidlautdemo.prahu-hub.com/lelang/carirute?from=search&id_user=SWd1aUR1aGpzOUlWbVpaWXY2NG5SZz09&lelang=ZWJxcUswV2tJeDE3dlo1T1BHVXJLUT09&nomor_lelang=LELANGFCU%2F28082026IK:8006
[   13830ms] [LOG] Masukkan Nomor Lelang @ https://phbidlautdemo.prahu-hub.com/lelang/carirute?from=search&id_user=SWd1aUR1aGpzOUlWbVpaWXY2NG5SZz09&lelang=ZWJxcUswV2tJeDE3dlo1T1BHVXJLUT09&nomor_lelang=LELANGFCU%2F28082026IK:8006
[   13830ms] [LOG] undefined @ https://phbidlautdemo.prahu-hub.com/lelang/carirute?from=search&id_user=SWd1aUR1aGpzOUlWbVpaWXY2NG5SZz09&lelang=ZWJxcUswV2tJeDE3dlo1T1BHVXJLUT09&nomor_lelang=LELANGFCU%2F28082026IK:8006
[   13831ms] [LOG] undefined @ https://phbidlautdemo.prahu-hub.com/lelang/carirute?from=search&id_user=SWd1aUR1aGpzOUlWbVpaWXY2NG5SZz09&lelang=ZWJxcUswV2tJeDE3dlo1T1BHVXJLUT09&nomor_lelang=LELANGFCU%2F28082026IK:8006
[   13831ms] [LOG] undefined @ https://phbidlautdemo.prahu-hub.com/lelang/carirute?from=search&id_user=SWd1aUR1aGpzOUlWbVpaWXY2NG5SZz09&lelang=ZWJxcUswV2tJeDE3dlo1T1BHVXJLUT09&nomor_lelang=LELANGFCU%2F28082026IK:8006
[   13831ms] [LOG] undefined @ https://phbidlautdemo.prahu-hub.com/lelang/carirute?from=search&id_user=SWd1aUR1aGpzOUlWbVpaWXY2NG5SZz09&lelang=ZWJxcUswV2tJeDE3dlo1T1BHVXJLUT09&nomor_lelang=LELANGFCU%2F28082026IK:8006
[   13831ms] [LOG] DD/MM/YYYY @ https://phbidlautdemo.prahu-hub.com/lelang/carirute?from=search&id_user=SWd1aUR1aGpzOUlWbVpaWXY2NG5SZz09&lelang=ZWJxcUswV2tJeDE3dlo1T1BHVXJLUT09&nomor_lelang=LELANGFCU%2F28082026IK:8006
[   13831ms] [LOG] DD/MM/YYYY @ https://phbidlautdemo.prahu-hub.com/lelang/carirute?from=search&id_user=SWd1aUR1aGpzOUlWbVpaWXY2NG5SZz09&lelang=ZWJxcUswV2tJeDE3dlo1T1BHVXJLUT09&nomor_lelang=LELANGFCU%2F28082026IK:8006
[   13832ms] [LOG] undefined @ https://phbidlautdemo.prahu-hub.com/lelang/carirute?from=search&id_user=SWd1aUR1aGpzOUlWbVpaWXY2NG5SZz09&lelang=ZWJxcUswV2tJeDE3dlo1T1BHVXJLUT09&nomor_lelang=LELANGFCU%2F28082026IK:8006
[   13833ms] [LOG] WebSocket connection @ https://phbidlautdemo.prahu-hub.com/lelang/carirute?from=search&id_user=SWd1aUR1aGpzOUlWbVpaWXY2NG5SZz09&lelang=ZWJxcUswV2tJeDE3dlo1T1BHVXJLUT09&nomor_lelang=LELANGFCU%2F28082026IK:8049
[   13834ms] [LOG] WebSocket connection attempting... @ https://phbidlautdemo.prahu-hub.com/lelang/carirute?from=search&id_user=SWd1aUR1aGpzOUlWbVpaWXY2NG5SZz09&lelang=ZWJxcUswV2tJeDE3dlo1T1BHVXJLUT09&nomor_lelang=LELANGFCU%2F28082026IK:8127
[   14311ms] [VERBOSE] [DOM] Password forms should have (optionally hidden) username fields for accessibility: (More info: https://goo.gl/9p2vKq) %o @ https://phbidlautdemo.prahu-hub.com/_resources/themes/prahutheme/javascript/PDFView/lib/ui/index.html#d=%2Fassets%2Fdokumenaanwijzing%2F65%2FAanwijzing-PT.-Primax-Geo-Sejahtera.pdf&a=1&disabledElements=downloadButton%2CprintButton%2ClanguageButton&filepicker=0&pdfnet=0&enableRedaction=0&enableMeasurement=0&pageHistory=1&notesInLeftPanel=0&singleServerMode=false&selectAnnotationOnCreation=0&autoFocusNoteOnAnnotationSelection=1&id=1&basePath=%2Flelang%2Fcarirute:0
[   14320ms] [LOG] WebSocket connected @ https://phbidlautdemo.prahu-hub.com/lelang/carirute?from=search&id_user=SWd1aUR1aGpzOUlWbVpaWXY2NG5SZz09&lelang=ZWJxcUswV2tJeDE3dlo1T1BHVXJLUT09&nomor_lelang=LELANGFCU%2F28082026IK:8058
[   14437ms] [LOG] [Object, Object, Object] @ https://phbidlautdemo.prahu-hub.com/_resources/themes/prahutheme/javascript/custom/hasilPenawaran.js?m=1&amp;m=1787972929:14
[   14462ms] [LOG] 3 @ https://phbidlautdemo.prahu-hub.com/_resources/themes/prahutheme/javascript/custom/hasilPenawaran.js?m=1&amp;m=1787972929:889
[   14462ms] [LOG] 3 countView1 1 pageNow 20 limitView1 @ https://phbidlautdemo.prahu-hub.com/_resources/themes/prahutheme/javascript/custom/hasilPenawaran.js?m=1&amp;m=1787972929:891
[   14462ms] [LOG] 3 @ https://phbidlautdemo.prahu-hub.com/_resources/themes/prahutheme/javascript/custom/hasilPenawaran.js?m=1&amp;m=1787972929:902
[   14463ms] [LOG] 3 jumlah data @ https://phbidlautdemo.prahu-hub.com/_resources/themes/prahutheme/javascript/custom/hasilPenawaran.js?m=1&amp;m=1787972929:867
[   14463ms] [LOG] 1 @ https://phbidlautdemo.prahu-hub.com/_resources/themes/prahutheme/javascript/custom/hasilPenawaran.js?m=1&amp;m=1787972929:869
[   14464ms] [LOG] 1 1 pageCount & pageNow @ https://phbidlautdemo.prahu-hub.com/_resources/themes/prahutheme/javascript/custom/hasilPenawaran.js?m=1&amp;m=1787972929:795
[   14465ms] [LOG] 200 xhrglobal @ https://phbidlautdemo.prahu-hub.com/lelang/carirute?from=search&id_user=SWd1aUR1aGpzOUlWbVpaWXY2NG5SZz09&lelang=ZWJxcUswV2tJeDE3dlo1T1BHVXJLUT09&nomor_lelang=LELANGFCU%2F28082026IK:7980
[   14482ms] [LOG] update_dashboard_order_laut @ https://phbidlautdemo.prahu-hub.com/lelang/carirute?from=search&id_user=SWd1aUR1aGpzOUlWbVpaWXY2NG5SZz09&lelang=ZWJxcUswV2tJeDE3dlo1T1BHVXJLUT09&nomor_lelang=LELANGFCU%2F28082026IK:8099
[   14546ms] [LOG] Connected @ https://phbidlautdemo.prahu-hub.com/lelang/carirute?from=search&id_user=SWd1aUR1aGpzOUlWbVpaWXY2NG5SZz09&lelang=ZWJxcUswV2tJeDE3dlo1T1BHVXJLUT09&nomor_lelang=LELANGFCU%2F28082026IK:8099
[   14865ms] [LOG] 200 xhrglobal @ https://phbidlautdemo.prahu-hub.com/lelang/carirute?from=search&id_user=SWd1aUR1aGpzOUlWbVpaWXY2NG5SZz09&lelang=ZWJxcUswV2tJeDE3dlo1T1BHVXJLUT09&nomor_lelang=LELANGFCU%2F28082026IK:7980
[   14876ms] [LOG] 200 xhrglobal @ https://phbidlautdemo.prahu-hub.com/lelang/carirute?from=search&id_user=SWd1aUR1aGpzOUlWbVpaWXY2NG5SZz09&lelang=ZWJxcUswV2tJeDE3dlo1T1BHVXJLUT09&nomor_lelang=LELANGFCU%2F28082026IK:7980
[   16841ms] [LOG] document loaded @ https://phbidlautdemo.prahu-hub.com/lelang/carirute?from=search&id_user=SWd1aUR1aGpzOUlWbVpaWXY2NG5SZz09&lelang=ZWJxcUswV2tJeDE3dlo1T1BHVXJLUT09&nomor_lelang=LELANGFCU%2F28082026IK:6113
[   16917ms] TypeError: $(...).DataTable is not a function
    at https://phbidlautdemo.prahu-hub.com/_resources/themes/prahutheme/js/scripts-init/tables.js:7:23
[   40749ms] [LOG] Connected @ https://phbidlautdemo.prahu-hub.com/lelang/carirute?from=search&id_user=SWd1aUR1aGpzOUlWbVpaWXY2NG5SZz09&lelang=ZWJxcUswV2tJeDE3dlo1T1BHVXJLUT09&nomor_lelang=LELANGFCU%2F28082026IK:8099
[   68674ms] [LOG] Connected @ https://phbidlautdemo.prahu-hub.com/lelang/carirute?from=search&id_user=SWd1aUR1aGpzOUlWbVpaWXY2NG5SZz09&lelang=ZWJxcUswV2tJeDE3dlo1T1BHVXJLUT09&nomor_lelang=LELANGFCU%2F28082026IK:8099
[   78015ms] [LOG] Connected @ https://phbidlautdemo.prahu-hub.com/lelang/carirute?from=search&id_user=SWd1aUR1aGpzOUlWbVpaWXY2NG5SZz09&lelang=ZWJxcUswV2tJeDE3dlo1T1BHVXJLUT09&nomor_lelang=LELANGFCU%2F28082026IK:8099
