[    2339ms] Cannot use import statement outside a module
[    2364ms] ReferenceError: Chart is not defined
    at https://phbidlautdemo.prahu-hub.com/_resources/themes/prahutheme/js/scripts-init/charts/chartjs.js:8:13
[    2851ms] Unexpected token '<'
[    3385ms] Unexpected token '<'
[    3449ms] Uncaught TypeError: expect element to be DOM Element, but got null
    at n.init (https://cdnjs.cloudflare.com/ajax/libs/smooth-scrollbar/8.5.2/smooth-scrollbar.js:24:264)
    at <anonymous> (https://phbidlautdemo.prahu-hub.com/order/buatinvoice/1414:6705:14)
[    3466ms] [LOG] Daftar Ordernamanya @ https://phbidlautdemo.prahu-hub.com/order/buatinvoice/1414:2039
[    3493ms] [LOG] nilai_diskon 0 @ https://phbidlautdemo.prahu-hub.com/order/buatinvoice/1414:5853
[    3493ms] [LOG] 14865000 @ https://phbidlautdemo.prahu-hub.com/order/buatinvoice/1414:5854
[    3494ms] [LOG] nilai_diskon 0 @ https://phbidlautdemo.prahu-hub.com/order/buatinvoice/1414:5853
[    3494ms] [LOG] 14865000 @ https://phbidlautdemo.prahu-hub.com/order/buatinvoice/1414:5854
[    3495ms] [LOG] nilai_diskon 0 @ https://phbidlautdemo.prahu-hub.com/order/buatinvoice/1414:5853
[    3495ms] [LOG] 14865000 @ https://phbidlautdemo.prahu-hub.com/order/buatinvoice/1414:5854
[    3495ms] [LOG] nilai_diskon 0 @ https://phbidlautdemo.prahu-hub.com/order/buatinvoice/1414:5853
[    3496ms] [LOG] 14865000 @ https://phbidlautdemo.prahu-hub.com/order/buatinvoice/1414:5854
[    3503ms] [LOG] undefined @ https://phbidlautdemo.prahu-hub.com/order/buatinvoice/1414:7058
[    3503ms] [LOG] undefined @ https://phbidlautdemo.prahu-hub.com/order/buatinvoice/1414:7058
[    3503ms] [LOG] undefined @ https://phbidlautdemo.prahu-hub.com/order/buatinvoice/1414:7058
[    3503ms] [LOG] Masukkan Nama Perusahaan @ https://phbidlautdemo.prahu-hub.com/order/buatinvoice/1414:7058
[    3503ms] [LOG] Masukkan Nomor Telepon @ https://phbidlautdemo.prahu-hub.com/order/buatinvoice/1414:7058
[    3503ms] [LOG] Masukkan Alamat Email @ https://phbidlautdemo.prahu-hub.com/order/buatinvoice/1414:7058
[    3504ms] [LOG] Masukkan Nama Shipper @ https://phbidlautdemo.prahu-hub.com/order/buatinvoice/1414:7058
[    3504ms] [LOG] Masukkan ID Order @ https://phbidlautdemo.prahu-hub.com/order/buatinvoice/1414:7058
[    3504ms] [LOG] Masukkan Nomor Invoice @ https://phbidlautdemo.prahu-hub.com/order/buatinvoice/1414:7058
[    3504ms] [LOG] DD/MM/YYYY @ https://phbidlautdemo.prahu-hub.com/order/buatinvoice/1414:7058
[    3504ms] [LOG] DD/MM/YYYY @ https://phbidlautdemo.prahu-hub.com/order/buatinvoice/1414:7058
[    3504ms] [LOG] Harga @ https://phbidlautdemo.prahu-hub.com/order/buatinvoice/1414:7058
[    3504ms] [LOG] Harga @ https://phbidlautdemo.prahu-hub.com/order/buatinvoice/1414:7058
[    3504ms] [LOG] Harga @ https://phbidlautdemo.prahu-hub.com/order/buatinvoice/1414:7058
[    3504ms] [LOG] Harga @ https://phbidlautdemo.prahu-hub.com/order/buatinvoice/1414:7058
[    3505ms] [LOG] Harga @ https://phbidlautdemo.prahu-hub.com/order/buatinvoice/1414:7058
[    3505ms] [LOG] Harga @ https://phbidlautdemo.prahu-hub.com/order/buatinvoice/1414:7058
[    3505ms] [LOG] 0 @ https://phbidlautdemo.prahu-hub.com/order/buatinvoice/1414:7058
[    3505ms] [LOG] undefined @ https://phbidlautdemo.prahu-hub.com/order/buatinvoice/1414:7058
[    3505ms] [LOG] 0 @ https://phbidlautdemo.prahu-hub.com/order/buatinvoice/1414:7058
[    3505ms] [LOG] undefined @ https://phbidlautdemo.prahu-hub.com/order/buatinvoice/1414:7058
[    3505ms] [LOG] 0 @ https://phbidlautdemo.prahu-hub.com/order/buatinvoice/1414:7058
[    3505ms] [LOG] undefined @ https://phbidlautdemo.prahu-hub.com/order/buatinvoice/1414:7058
[    3505ms] [LOG] undefined @ https://phbidlautdemo.prahu-hub.com/order/buatinvoice/1414:7058
[    3505ms] [LOG] Masukkan Nomor Rekening @ https://phbidlautdemo.prahu-hub.com/order/buatinvoice/1414:7058
[    3505ms] [LOG] Masukkan Nama Bank @ https://phbidlautdemo.prahu-hub.com/order/buatinvoice/1414:7058
[    3505ms] [LOG] Masukkan Nomor Invoice @ https://phbidlautdemo.prahu-hub.com/order/buatinvoice/1414:7058
[    3505ms] [LOG] Masukkan Nomor Rekening @ https://phbidlautdemo.prahu-hub.com/order/buatinvoice/1414:7058
[    3505ms] [LOG] Masukkan Nama Bank @ https://phbidlautdemo.prahu-hub.com/order/buatinvoice/1414:7058
[    3505ms] [LOG] Masukkan Nomor Invoice @ https://phbidlautdemo.prahu-hub.com/order/buatinvoice/1414:7058
[    3505ms] [LOG] undefined @ https://phbidlautdemo.prahu-hub.com/order/buatinvoice/1414:7058
[    3505ms] [LOG] undefined @ https://phbidlautdemo.prahu-hub.com/order/buatinvoice/1414:7058
[    3506ms] [LOG] undefined @ https://phbidlautdemo.prahu-hub.com/order/buatinvoice/1414:7058
[    3506ms] [LOG] WebSocket connection @ https://phbidlautdemo.prahu-hub.com/order/buatinvoice/1414:7101
[    3506ms] [LOG] WebSocket connection attempting... @ https://phbidlautdemo.prahu-hub.com/order/buatinvoice/1414:7179
[    4473ms] [LOG] WebSocket connected @ https://phbidlautdemo.prahu-hub.com/order/buatinvoice/1414:7110
[    4476ms] [LOG] update_dashboard_order_laut @ https://phbidlautdemo.prahu-hub.com/order/buatinvoice/1414:7151
[    4784ms] [LOG] Connected @ https://phbidlautdemo.prahu-hub.com/order/buatinvoice/1414:7151
[    4871ms] [LOG] 200 xhrglobal @ https://phbidlautdemo.prahu-hub.com/order/buatinvoice/1414:7032
[    4967ms] [LOG] 200 xhrglobal @ https://phbidlautdemo.prahu-hub.com/order/buatinvoice/1414:7032
[    5480ms] TypeError: $(...).DataTable is not a function
    at https://phbidlautdemo.prahu-hub.com/_resources/themes/prahutheme/js/scripts-init/tables.js:7:23
