[    1544ms] Cannot use import statement outside a module
[    1585ms] ReferenceError: Chart is not defined
    at https://phbidlautdemo.prahu-hub.com/_resources/themes/prahutheme/js/scripts-init/charts/chartjs.js:8:13
[    1721ms] Unexpected token '<'
[    1721ms] Unexpected token '<'
[    1824ms] [LOG] Daftar Ordernamanya @ https://phbidlautdemo.prahu-hub.com/order/edit_inputpesanan/dUkwK0ZZNEI4OVNoaktnQjZxSFA3QT09:2307
[    1846ms] [LOG] Thu Aug 27 2026 09:05:00 GMT+0700 (Western Indonesia Time) @ https://phbidlautdemo.prahu-hub.com/order/edit_inputpesanan/dUkwK0ZZNEI4OVNoaktnQjZxSFA3QT09:10827
[    1847ms] [LOG] Wed Aug 26 2026 00:00:00 GMT+0700 (Western Indonesia Time) @ https://phbidlautdemo.prahu-hub.com/order/edit_inputpesanan/dUkwK0ZZNEI4OVNoaktnQjZxSFA3QT09:10828
[    1857ms] [LOG] undefined @ https://phbidlautdemo.prahu-hub.com/order/edit_inputpesanan/dUkwK0ZZNEI4OVNoaktnQjZxSFA3QT09:11932
[    1858ms] [LOG] undefined @ https://phbidlautdemo.prahu-hub.com/order/edit_inputpesanan/dUkwK0ZZNEI4OVNoaktnQjZxSFA3QT09:11932
[    1858ms] [LOG] undefined @ https://phbidlautdemo.prahu-hub.com/order/edit_inputpesanan/dUkwK0ZZNEI4OVNoaktnQjZxSFA3QT09:11932
[    1858ms] [LOG] undefined @ https://phbidlautdemo.prahu-hub.com/order/edit_inputpesanan/dUkwK0ZZNEI4OVNoaktnQjZxSFA3QT09:11932
[    1858ms] [LOG] undefined @ https://phbidlautdemo.prahu-hub.com/order/edit_inputpesanan/dUkwK0ZZNEI4OVNoaktnQjZxSFA3QT09:11932
[    1858ms] [LOG] undefined @ https://phbidlautdemo.prahu-hub.com/order/edit_inputpesanan/dUkwK0ZZNEI4OVNoaktnQjZxSFA3QT09:11932
[    1858ms] [LOG] undefined @ https://phbidlautdemo.prahu-hub.com/order/edit_inputpesanan/dUkwK0ZZNEI4OVNoaktnQjZxSFA3QT09:11932
[    1858ms] [LOG] Masukkan Nomor Referensi @ https://phbidlautdemo.prahu-hub.com/order/edit_inputpesanan/dUkwK0ZZNEI4OVNoaktnQjZxSFA3QT09:11932
[    1858ms] [LOG] Tulis alasan anda disini @ https://phbidlautdemo.prahu-hub.com/order/edit_inputpesanan/dUkwK0ZZNEI4OVNoaktnQjZxSFA3QT09:11932
[    1858ms] [LOG] Masukkan Jumlah @ https://phbidlautdemo.prahu-hub.com/order/edit_inputpesanan/dUkwK0ZZNEI4OVNoaktnQjZxSFA3QT09:11932
[    1858ms] [LOG] DD/MM/YYYY hh:mm @ https://phbidlautdemo.prahu-hub.com/order/edit_inputpesanan/dUkwK0ZZNEI4OVNoaktnQjZxSFA3QT09:11932
[    1858ms] [LOG] Masukkan Deskripsi Umum Barang @ https://phbidlautdemo.prahu-hub.com/order/edit_inputpesanan/dUkwK0ZZNEI4OVNoaktnQjZxSFA3QT09:11932
[    1858ms] [LOG] undefined @ https://phbidlautdemo.prahu-hub.com/order/edit_inputpesanan/dUkwK0ZZNEI4OVNoaktnQjZxSFA3QT09:11932
[    1858ms] [LOG] Masukkan Nama PIC Pemuatan @ https://phbidlautdemo.prahu-hub.com/order/edit_inputpesanan/dUkwK0ZZNEI4OVNoaktnQjZxSFA3QT09:11932
[    1858ms] [LOG] Masukkan Nomor @ https://phbidlautdemo.prahu-hub.com/order/edit_inputpesanan/dUkwK0ZZNEI4OVNoaktnQjZxSFA3QT09:11932
[    1859ms] [LOG] undefined @ https://phbidlautdemo.prahu-hub.com/order/edit_inputpesanan/dUkwK0ZZNEI4OVNoaktnQjZxSFA3QT09:11932
[    1859ms] [LOG] undefined @ https://phbidlautdemo.prahu-hub.com/order/edit_inputpesanan/dUkwK0ZZNEI4OVNoaktnQjZxSFA3QT09:11932
[    1859ms] [LOG] Masukkan Nama Perusahaan @ https://phbidlautdemo.prahu-hub.com/order/edit_inputpesanan/dUkwK0ZZNEI4OVNoaktnQjZxSFA3QT09:11932
[    1859ms] [LOG] Masukkan Nama PIC Penerimaan @ https://phbidlautdemo.prahu-hub.com/order/edit_inputpesanan/dUkwK0ZZNEI4OVNoaktnQjZxSFA3QT09:11932
[    1859ms] [LOG] Masukkan Nomor @ https://phbidlautdemo.prahu-hub.com/order/edit_inputpesanan/dUkwK0ZZNEI4OVNoaktnQjZxSFA3QT09:11932
[    1859ms] [LOG] Masukkan Nama Sales @ https://phbidlautdemo.prahu-hub.com/order/edit_inputpesanan/dUkwK0ZZNEI4OVNoaktnQjZxSFA3QT09:11932
[    1859ms] [LOG] Masukkan Nomor Sales @ https://phbidlautdemo.prahu-hub.com/order/edit_inputpesanan/dUkwK0ZZNEI4OVNoaktnQjZxSFA3QT09:11932
[    1859ms] [LOG] undefined @ https://phbidlautdemo.prahu-hub.com/order/edit_inputpesanan/dUkwK0ZZNEI4OVNoaktnQjZxSFA3QT09:11932
[    1859ms] [LOG] Masukkan Nama Perusahaan @ https://phbidlautdemo.prahu-hub.com/order/edit_inputpesanan/dUkwK0ZZNEI4OVNoaktnQjZxSFA3QT09:11932
[    1859ms] [LOG] Masukkan Nama PIC Penerimaan @ https://phbidlautdemo.prahu-hub.com/order/edit_inputpesanan/dUkwK0ZZNEI4OVNoaktnQjZxSFA3QT09:11932
[    1859ms] [LOG] Masukkan Nomor @ https://phbidlautdemo.prahu-hub.com/order/edit_inputpesanan/dUkwK0ZZNEI4OVNoaktnQjZxSFA3QT09:11932
[    1859ms] [LOG] Masukkan Nama Sales @ https://phbidlautdemo.prahu-hub.com/order/edit_inputpesanan/dUkwK0ZZNEI4OVNoaktnQjZxSFA3QT09:11932
[    1859ms] [LOG] Masukkan Nomor Sales @ https://phbidlautdemo.prahu-hub.com/order/edit_inputpesanan/dUkwK0ZZNEI4OVNoaktnQjZxSFA3QT09:11932
[    1859ms] [LOG] undefined @ https://phbidlautdemo.prahu-hub.com/order/edit_inputpesanan/dUkwK0ZZNEI4OVNoaktnQjZxSFA3QT09:11932
[    1859ms] [LOG] Masukkan Nama Perusahaan @ https://phbidlautdemo.prahu-hub.com/order/edit_inputpesanan/dUkwK0ZZNEI4OVNoaktnQjZxSFA3QT09:11932
[    1859ms] [LOG] Masukkan Nama PIC Penerimaan @ https://phbidlautdemo.prahu-hub.com/order/edit_inputpesanan/dUkwK0ZZNEI4OVNoaktnQjZxSFA3QT09:11932
[    1859ms] [LOG] Masukkan Nomor @ https://phbidlautdemo.prahu-hub.com/order/edit_inputpesanan/dUkwK0ZZNEI4OVNoaktnQjZxSFA3QT09:11932
[    1860ms] [LOG] Masukkan Nama Sales @ https://phbidlautdemo.prahu-hub.com/order/edit_inputpesanan/dUkwK0ZZNEI4OVNoaktnQjZxSFA3QT09:11932
[    1860ms] [LOG] Masukkan Nomor Sales @ https://phbidlautdemo.prahu-hub.com/order/edit_inputpesanan/dUkwK0ZZNEI4OVNoaktnQjZxSFA3QT09:11932
[    1860ms] [LOG] undefined @ https://phbidlautdemo.prahu-hub.com/order/edit_inputpesanan/dUkwK0ZZNEI4OVNoaktnQjZxSFA3QT09:11932
[    1860ms] [LOG] undefined @ https://phbidlautdemo.prahu-hub.com/order/edit_inputpesanan/dUkwK0ZZNEI4OVNoaktnQjZxSFA3QT09:11932
[    1861ms] [LOG] WebSocket connection @ https://phbidlautdemo.prahu-hub.com/order/edit_inputpesanan/dUkwK0ZZNEI4OVNoaktnQjZxSFA3QT09:11975
[    1861ms] [LOG] WebSocket connection attempting... @ https://phbidlautdemo.prahu-hub.com/order/edit_inputpesanan/dUkwK0ZZNEI4OVNoaktnQjZxSFA3QT09:12053
[    2865ms] [LOG] WebSocket connected @ https://phbidlautdemo.prahu-hub.com/order/edit_inputpesanan/dUkwK0ZZNEI4OVNoaktnQjZxSFA3QT09:11984
[    2870ms] [LOG] update_dashboard_order_laut @ https://phbidlautdemo.prahu-hub.com/order/edit_inputpesanan/dUkwK0ZZNEI4OVNoaktnQjZxSFA3QT09:12025
[    2985ms] [LOG] 200 xhrglobal @ https://phbidlautdemo.prahu-hub.com/order/edit_inputpesanan/dUkwK0ZZNEI4OVNoaktnQjZxSFA3QT09:11906
[    3045ms] [LOG] 200 xhrglobal @ https://phbidlautdemo.prahu-hub.com/order/edit_inputpesanan/dUkwK0ZZNEI4OVNoaktnQjZxSFA3QT09:11906
[    3184ms] [LOG] Connected @ https://phbidlautdemo.prahu-hub.com/order/edit_inputpesanan/dUkwK0ZZNEI4OVNoaktnQjZxSFA3QT09:12025
[    3841ms] TypeError: $(...).DataTable is not a function
    at https://phbidlautdemo.prahu-hub.com/_resources/themes/prahutheme/js/scripts-init/tables.js:7:23
[   15607ms] [LOG] Connected @ https://phbidlautdemo.prahu-hub.com/order/edit_inputpesanan/dUkwK0ZZNEI4OVNoaktnQjZxSFA3QT09:12025
