[     959ms] Cannot use import statement outside a module
[    1027ms] ReferenceError: Chart is not defined
    at https://phbidlautdemo.prahu-hub.com/_resources/themes/prahutheme/js/scripts-init/charts/chartjs.js:8:13
[    1208ms] Unexpected token '<'
[    1209ms] Unexpected token '<'
[    1331ms] Uncaught TypeError: expect element to be DOM Element, but got null
    at n.init (https://cdnjs.cloudflare.com/ajax/libs/smooth-scrollbar/8.5.2/smooth-scrollbar.js:24:264)
    at <anonymous> (https://phbidlautdemo.prahu-hub.com/home/masterjadwal1/cWpYWHBKb3RXWGFZb0RsUURoVlp4Zz09:5753:14)
[    1359ms] [LOG] Harganamanya @ https://phbidlautdemo.prahu-hub.com/home/masterjadwal1/cWpYWHBKb3RXWGFZb0RsUURoVlp4Zz09:1756
[    1375ms] [LOG] undefined @ https://phbidlautdemo.prahu-hub.com/home/masterjadwal1/cWpYWHBKb3RXWGFZb0RsUURoVlp4Zz09:6106
[    1375ms] [LOG] DD/MM/YYYY @ https://phbidlautdemo.prahu-hub.com/home/masterjadwal1/cWpYWHBKb3RXWGFZb0RsUURoVlp4Zz09:6106
[    1376ms] [LOG] undefined @ https://phbidlautdemo.prahu-hub.com/home/masterjadwal1/cWpYWHBKb3RXWGFZb0RsUURoVlp4Zz09:6106
[    1376ms] [LOG] Masukkan Nama Kapal @ https://phbidlautdemo.prahu-hub.com/home/masterjadwal1/cWpYWHBKb3RXWGFZb0RsUURoVlp4Zz09:6106
[    1376ms] [LOG] Masukkan Voyage @ https://phbidlautdemo.prahu-hub.com/home/masterjadwal1/cWpYWHBKb3RXWGFZb0RsUURoVlp4Zz09:6106
[    1377ms] [LOG] DD/MM/YYYY hh:mm @ https://phbidlautdemo.prahu-hub.com/home/masterjadwal1/cWpYWHBKb3RXWGFZb0RsUURoVlp4Zz09:6106
[    1377ms] [LOG] undefined @ https://phbidlautdemo.prahu-hub.com/home/masterjadwal1/cWpYWHBKb3RXWGFZb0RsUURoVlp4Zz09:6106
[    1377ms] [LOG] DD/MM/YYYY @ https://phbidlautdemo.prahu-hub.com/home/masterjadwal1/cWpYWHBKb3RXWGFZb0RsUURoVlp4Zz09:6106
[    1379ms] [LOG] undefined @ https://phbidlautdemo.prahu-hub.com/home/masterjadwal1/cWpYWHBKb3RXWGFZb0RsUURoVlp4Zz09:6106
[    1380ms] [LOG] DD/MM/YYYY @ https://phbidlautdemo.prahu-hub.com/home/masterjadwal1/cWpYWHBKb3RXWGFZb0RsUURoVlp4Zz09:6106
[    1381ms] [LOG] undefined @ https://phbidlautdemo.prahu-hub.com/home/masterjadwal1/cWpYWHBKb3RXWGFZb0RsUURoVlp4Zz09:6106
[    1381ms] [LOG] undefined @ https://phbidlautdemo.prahu-hub.com/home/masterjadwal1/cWpYWHBKb3RXWGFZb0RsUURoVlp4Zz09:6106
[    1382ms] [LOG] undefined @ https://phbidlautdemo.prahu-hub.com/home/masterjadwal1/cWpYWHBKb3RXWGFZb0RsUURoVlp4Zz09:6106
[    1382ms] [LOG] undefined @ https://phbidlautdemo.prahu-hub.com/home/masterjadwal1/cWpYWHBKb3RXWGFZb0RsUURoVlp4Zz09:6106
[    1383ms] [LOG] undefined @ https://phbidlautdemo.prahu-hub.com/home/masterjadwal1/cWpYWHBKb3RXWGFZb0RsUURoVlp4Zz09:6106
[    1385ms] [LOG] WebSocket connection @ https://phbidlautdemo.prahu-hub.com/home/masterjadwal1/cWpYWHBKb3RXWGFZb0RsUURoVlp4Zz09:6149
[    1385ms] [LOG] WebSocket connection attempting... @ https://phbidlautdemo.prahu-hub.com/home/masterjadwal1/cWpYWHBKb3RXWGFZb0RsUURoVlp4Zz09:6227
[    1551ms] [LOG] [Object, Object] @ https://phbidlautdemo.prahu-hub.com/_resources/themes/prahutheme/javascript/custom/lihatjadwal.js?m=1787972929:14
[    1553ms] [LOG] 2 @ https://phbidlautdemo.prahu-hub.com/_resources/themes/prahutheme/javascript/custom/lihatjadwal.js?m=1787972929:506
[    1554ms] [LOG] 2 countView1 1 pageNow 20 limitView1 @ https://phbidlautdemo.prahu-hub.com/_resources/themes/prahutheme/javascript/custom/lihatjadwal.js?m=1787972929:508
[    1554ms] [LOG] 2 @ https://phbidlautdemo.prahu-hub.com/_resources/themes/prahutheme/javascript/custom/lihatjadwal.js?m=1787972929:514
[    1554ms] [LOG] 2 jumlah data @ https://phbidlautdemo.prahu-hub.com/_resources/themes/prahutheme/javascript/custom/lihatjadwal.js?m=1787972929:481
[    1555ms] [LOG] 1 @ https://phbidlautdemo.prahu-hub.com/_resources/themes/prahutheme/javascript/custom/lihatjadwal.js?m=1787972929:483
[    1556ms] [LOG] 1 1 pageCount & pageNow @ https://phbidlautdemo.prahu-hub.com/_resources/themes/prahutheme/javascript/custom/lihatjadwal.js?m=1787972929:406
[    1559ms] [LOG] 200 xhrglobal @ https://phbidlautdemo.prahu-hub.com/home/masterjadwal1/cWpYWHBKb3RXWGFZb0RsUURoVlp4Zz09:6080
[    1573ms] [LOG] WebSocket connected @ https://phbidlautdemo.prahu-hub.com/home/masterjadwal1/cWpYWHBKb3RXWGFZb0RsUURoVlp4Zz09:6158
[    1599ms] [LOG] update_dashboard_order_laut @ https://phbidlautdemo.prahu-hub.com/home/masterjadwal1/cWpYWHBKb3RXWGFZb0RsUURoVlp4Zz09:6199
[    1628ms] [LOG] Connected @ https://phbidlautdemo.prahu-hub.com/home/masterjadwal1/cWpYWHBKb3RXWGFZb0RsUURoVlp4Zz09:6199
[    1721ms] [LOG] 200 xhrglobal @ https://phbidlautdemo.prahu-hub.com/home/masterjadwal1/cWpYWHBKb3RXWGFZb0RsUURoVlp4Zz09:6080
[    1832ms] [LOG] 200 xhrglobal @ https://phbidlautdemo.prahu-hub.com/home/masterjadwal1/cWpYWHBKb3RXWGFZb0RsUURoVlp4Zz09:6080
[    3375ms] TypeError: $(...).DataTable is not a function
    at https://phbidlautdemo.prahu-hub.com/_resources/themes/prahutheme/js/scripts-init/tables.js:7:23
[   34061ms] [LOG] 200 xhrglobal @ https://phbidlautdemo.prahu-hub.com/home/masterjadwal1/cWpYWHBKb3RXWGFZb0RsUURoVlp4Zz09:6080
[   35244ms] Cannot use import statement outside a module
[   35265ms] ReferenceError: Chart is not defined
    at https://phbidlautdemo.prahu-hub.com/_resources/themes/prahutheme/js/scripts-init/charts/chartjs.js:8:13
[   35348ms] Unexpected token '<'
[   35472ms] Unexpected token '<'
[   35546ms] [LOG]  hari ini @ https://phbidlautdemo.prahu-hub.com/home/tambahjadwal/cWpYWHBKb3RXWGFZb0RsUURoVlp4Zz09?f=1:7308
[   35561ms] Uncaught TypeError: minDate() Could not parse date parameter: 
    at picker.minDate (https://cdn.rawgit.com/Eonasdan/bootstrap-datetimepicker/e8bddc60e73c1ec2475f827be36e1957af72e2ea/src/js/bootstrap-datetimepicker.js:1667:22)
    at <anonymous> (https://cdn.rawgit.com/Eonasdan/bootstrap-datetimepicker/e8bddc60e73c1ec2475f827be36e1957af72e2ea/src/js/bootstrap-datetimepicker.js:1437:31)
    at each (https://code.jquery.com/jquery-3.7.1.min.js:1:3178)
    at picker.options (https://cdn.rawgit.com/Eonasdan/bootstrap-datetimepicker/e8bddc60e73c1ec2475f827be36e1957af72e2ea/src/js/bootstrap-datetimepicker.js:1435:14)
    at dateTimePicker (https://cdn.rawgit.com/Eonasdan/bootstrap-datetimepicker/e8bddc60e73c1ec2475f827be36e1957af72e2ea/src/js/bootstrap-datetimepicker.js:2275:15)
    at <anonymous> (https://cdn.rawgit.com/Eonasdan/bootstrap-datetimepicker/e8bddc60e73c1ec2475f827be36e1957af72e2ea/src/js/bootstrap-datetimepicker.js:2308:45)
    at each (https://code.jquery.com/jquery-3.7.1.min.js:1:3128)
    at each (https://code.jquery.com/jquery-3.7.1.min.js:1:1593)
    at $.fn.datetimepicker (https://cdn.rawgit.com/Eonasdan/bootstrap-datetimepicker/e8bddc60e73c1ec2475f827be36e1957af72e2ea/src/js/bootstrap-datetimepicker.js:2303:20)
    at <anonymous> (https://phbidlautdemo.prahu-hub.com/home/tambahjadwal/cWpYWHBKb3RXWGFZb0RsUURoVlp4Zz09?f=1:7309:14)
[   35578ms] Uncaught TypeError: expect element to be DOM Element, but got null
    at n.init (https://cdnjs.cloudflare.com/ajax/libs/smooth-scrollbar/8.5.2/smooth-scrollbar.js:24:264)
    at <anonymous> (https://phbidlautdemo.prahu-hub.com/home/tambahjadwal/cWpYWHBKb3RXWGFZb0RsUURoVlp4Zz09?f=1:8157:14)
[   35792ms] [LOG] Harganamanya @ https://phbidlautdemo.prahu-hub.com/home/tambahjadwal/cWpYWHBKb3RXWGFZb0RsUURoVlp4Zz09?f=1:2023
[   35840ms] [LOG]  @ https://phbidlautdemo.prahu-hub.com/home/tambahjadwal/cWpYWHBKb3RXWGFZb0RsUURoVlp4Zz09?f=1:5893
[   35843ms] [LOG] undefined @ https://phbidlautdemo.prahu-hub.com/home/tambahjadwal/cWpYWHBKb3RXWGFZb0RsUURoVlp4Zz09?f=1:8510
[   35844ms] [LOG] undefined @ https://phbidlautdemo.prahu-hub.com/home/tambahjadwal/cWpYWHBKb3RXWGFZb0RsUURoVlp4Zz09?f=1:8510
[   35844ms] [LOG] undefined @ https://phbidlautdemo.prahu-hub.com/home/tambahjadwal/cWpYWHBKb3RXWGFZb0RsUURoVlp4Zz09?f=1:8510
[   35844ms] [LOG] Masukkan Nama Kapal @ https://phbidlautdemo.prahu-hub.com/home/tambahjadwal/cWpYWHBKb3RXWGFZb0RsUURoVlp4Zz09?f=1:8510
[   35844ms] [LOG] Masukkan Voyage @ https://phbidlautdemo.prahu-hub.com/home/tambahjadwal/cWpYWHBKb3RXWGFZb0RsUURoVlp4Zz09?f=1:8510
[   35844ms] [LOG] DD/MM/YYYY @ https://phbidlautdemo.prahu-hub.com/home/tambahjadwal/cWpYWHBKb3RXWGFZb0RsUURoVlp4Zz09?f=1:8510
[   35846ms] [LOG] DD/MM/YYYY hh:mm @ https://phbidlautdemo.prahu-hub.com/home/tambahjadwal/cWpYWHBKb3RXWGFZb0RsUURoVlp4Zz09?f=1:8510
[   35846ms] [LOG] DD/MM/YYYY @ https://phbidlautdemo.prahu-hub.com/home/tambahjadwal/cWpYWHBKb3RXWGFZb0RsUURoVlp4Zz09?f=1:8510
[   35847ms] [LOG] DD/MM/YYYY @ https://phbidlautdemo.prahu-hub.com/home/tambahjadwal/cWpYWHBKb3RXWGFZb0RsUURoVlp4Zz09?f=1:8510
[   35847ms] [LOG] Masukkan Nama Kapal @ https://phbidlautdemo.prahu-hub.com/home/tambahjadwal/cWpYWHBKb3RXWGFZb0RsUURoVlp4Zz09?f=1:8510
[   35848ms] [LOG] Masukkan Voyage @ https://phbidlautdemo.prahu-hub.com/home/tambahjadwal/cWpYWHBKb3RXWGFZb0RsUURoVlp4Zz09?f=1:8510
[   35848ms] [LOG] DD/MM/YYYY @ https://phbidlautdemo.prahu-hub.com/home/tambahjadwal/cWpYWHBKb3RXWGFZb0RsUURoVlp4Zz09?f=1:8510
[   35850ms] [LOG] DD/MM/YYYY hh:mm @ https://phbidlautdemo.prahu-hub.com/home/tambahjadwal/cWpYWHBKb3RXWGFZb0RsUURoVlp4Zz09?f=1:8510
[   35850ms] [LOG] DD/MM/YYYY @ https://phbidlautdemo.prahu-hub.com/home/tambahjadwal/cWpYWHBKb3RXWGFZb0RsUURoVlp4Zz09?f=1:8510
[   35851ms] [LOG] DD/MM/YYYY @ https://phbidlautdemo.prahu-hub.com/home/tambahjadwal/cWpYWHBKb3RXWGFZb0RsUURoVlp4Zz09?f=1:8510
[   35852ms] [LOG] Masukkan Nama Kapal @ https://phbidlautdemo.prahu-hub.com/home/tambahjadwal/cWpYWHBKb3RXWGFZb0RsUURoVlp4Zz09?f=1:8510
[   35852ms] [LOG] Masukkan Voyage @ https://phbidlautdemo.prahu-hub.com/home/tambahjadwal/cWpYWHBKb3RXWGFZb0RsUURoVlp4Zz09?f=1:8510
[   35852ms] [LOG] DD/MM/YYYY @ https://phbidlautdemo.prahu-hub.com/home/tambahjadwal/cWpYWHBKb3RXWGFZb0RsUURoVlp4Zz09?f=1:8510
[   35853ms] [LOG] undefined @ https://phbidlautdemo.prahu-hub.com/home/tambahjadwal/cWpYWHBKb3RXWGFZb0RsUURoVlp4Zz09?f=1:8510
[   35853ms] [LOG] undefined @ https://phbidlautdemo.prahu-hub.com/home/tambahjadwal/cWpYWHBKb3RXWGFZb0RsUURoVlp4Zz09?f=1:8510
[   35853ms] [LOG] undefined @ https://phbidlautdemo.prahu-hub.com/home/tambahjadwal/cWpYWHBKb3RXWGFZb0RsUURoVlp4Zz09?f=1:8510
[   35854ms] [LOG] undefined @ https://phbidlautdemo.prahu-hub.com/home/tambahjadwal/cWpYWHBKb3RXWGFZb0RsUURoVlp4Zz09?f=1:8510
[   35854ms] [LOG] undefined @ https://phbidlautdemo.prahu-hub.com/home/tambahjadwal/cWpYWHBKb3RXWGFZb0RsUURoVlp4Zz09?f=1:8510
[   35854ms] [LOG] No file chosen @ https://phbidlautdemo.prahu-hub.com/home/tambahjadwal/cWpYWHBKb3RXWGFZb0RsUURoVlp4Zz09?f=1:8510
[   35854ms] [LOG] Masukkan Gambar  @ https://phbidlautdemo.prahu-hub.com/home/tambahjadwal/cWpYWHBKb3RXWGFZb0RsUURoVlp4Zz09?f=1:8510
[   35856ms] [LOG] WebSocket connection @ https://phbidlautdemo.prahu-hub.com/home/tambahjadwal/cWpYWHBKb3RXWGFZb0RsUURoVlp4Zz09?f=1:8553
[   35856ms] [LOG] WebSocket connection attempting... @ https://phbidlautdemo.prahu-hub.com/home/tambahjadwal/cWpYWHBKb3RXWGFZb0RsUURoVlp4Zz09?f=1:8631
[   35988ms] [LOG] WebSocket connected @ https://phbidlautdemo.prahu-hub.com/home/tambahjadwal/cWpYWHBKb3RXWGFZb0RsUURoVlp4Zz09?f=1:8562
[   35993ms] [LOG] update_dashboard_order_laut @ https://phbidlautdemo.prahu-hub.com/home/tambahjadwal/cWpYWHBKb3RXWGFZb0RsUURoVlp4Zz09?f=1:8603
[   36030ms] [LOG] Connected @ https://phbidlautdemo.prahu-hub.com/home/tambahjadwal/cWpYWHBKb3RXWGFZb0RsUURoVlp4Zz09?f=1:8603
[   36105ms] [LOG] 200 xhrglobal @ https://phbidlautdemo.prahu-hub.com/home/tambahjadwal/cWpYWHBKb3RXWGFZb0RsUURoVlp4Zz09?f=1:8484
[   36240ms] [LOG] 200 xhrglobal @ https://phbidlautdemo.prahu-hub.com/home/tambahjadwal/cWpYWHBKb3RXWGFZb0RsUURoVlp4Zz09?f=1:8484
[   37804ms] TypeError: $(...).DataTable is not a function
    at https://phbidlautdemo.prahu-hub.com/_resources/themes/prahutheme/js/scripts-init/tables.js:7:23
[   54074ms] [LOG]  triggeretd @ https://phbidlautdemo.prahu-hub.com/home/tambahjadwal/cWpYWHBKb3RXWGFZb0RsUURoVlp4Zz09?f=1:5764
[   54076ms] [LOG] Sat Aug 29 2026 07:00:00 GMT+0700 (Western Indonesia Time) triggeretdtemp @ https://phbidlautdemo.prahu-hub.com/home/tambahjadwal/cWpYWHBKb3RXWGFZb0RsUURoVlp4Zz09?f=1:5780
[   54084ms] [LOG] etd ubah @ https://phbidlautdemo.prahu-hub.com/home/tambahjadwal/cWpYWHBKb3RXWGFZb0RsUURoVlp4Zz09?f=1:5838
[   54103ms] [LOG] etd ubah @ https://phbidlautdemo.prahu-hub.com/home/tambahjadwal/cWpYWHBKb3RXWGFZb0RsUURoVlp4Zz09?f=1:5838
[   54114ms] [LOG]  @ https://phbidlautdemo.prahu-hub.com/home/tambahjadwal/cWpYWHBKb3RXWGFZb0RsUURoVlp4Zz09?f=1:5893
[   58734ms] [LOG]  @ https://phbidlautdemo.prahu-hub.com/home/tambahjadwal/cWpYWHBKb3RXWGFZb0RsUURoVlp4Zz09?f=1:6141
