[    1262ms] Cannot use import statement outside a module
[    1313ms] ReferenceError: Chart is not defined
    at https://phbidlautdemo.prahu-hub.com/_resources/themes/prahutheme/js/scripts-init/charts/chartjs.js:8:13
[    1360ms] Unexpected token '<'
[    1361ms] Unexpected token '<'
[    1525ms] [LOG] undefinednamanya @ https://phbidlautdemo.prahu-hub.com/order/inputpesanan/eyJpZCI6MTg3MCwiamVuaXNfaWQiOiJqYWR3YWwifQ==:1879
[    1565ms] [LOG] Sat Aug 29 2026 19:27:00 GMT+0700 (Western Indonesia Time) min_date @ https://phbidlautdemo.prahu-hub.com/order/inputpesanan/eyJpZCI6MTg3MCwiamVuaXNfaWQiOiJqYWR3YWwifQ==:7990
[    1566ms] [LOG] Wed Sep 30 2026 10:00:00 GMT+0700 (Western Indonesia Time) max_date @ https://phbidlautdemo.prahu-hub.com/order/inputpesanan/eyJpZCI6MTg3MCwiamVuaXNfaWQiOiJqYWR3YWwifQ==:7991
[    1590ms] [LOG] undefined @ https://phbidlautdemo.prahu-hub.com/order/inputpesanan/eyJpZCI6MTg3MCwiamVuaXNfaWQiOiJqYWR3YWwifQ==:8921
[    1590ms] [LOG] undefined @ https://phbidlautdemo.prahu-hub.com/order/inputpesanan/eyJpZCI6MTg3MCwiamVuaXNfaWQiOiJqYWR3YWwifQ==:8921
[    1590ms] [LOG] undefined @ https://phbidlautdemo.prahu-hub.com/order/inputpesanan/eyJpZCI6MTg3MCwiamVuaXNfaWQiOiJqYWR3YWwifQ==:8921
[    1590ms] [LOG] undefined @ https://phbidlautdemo.prahu-hub.com/order/inputpesanan/eyJpZCI6MTg3MCwiamVuaXNfaWQiOiJqYWR3YWwifQ==:8921
[    1591ms] [LOG] Masukkan Nomor Referensi @ https://phbidlautdemo.prahu-hub.com/order/inputpesanan/eyJpZCI6MTg3MCwiamVuaXNfaWQiOiJqYWR3YWwifQ==:8921
[    1591ms] [LOG] Tulis alasan anda disini @ https://phbidlautdemo.prahu-hub.com/order/inputpesanan/eyJpZCI6MTg3MCwiamVuaXNfaWQiOiJqYWR3YWwifQ==:8921
[    1591ms] [LOG] Masukkan Jumlah @ https://phbidlautdemo.prahu-hub.com/order/inputpesanan/eyJpZCI6MTg3MCwiamVuaXNfaWQiOiJqYWR3YWwifQ==:8921
[    1591ms] [LOG] DD/MM/YYYY hh:mm @ https://phbidlautdemo.prahu-hub.com/order/inputpesanan/eyJpZCI6MTg3MCwiamVuaXNfaWQiOiJqYWR3YWwifQ==:8921
[    1591ms] [LOG] Masukkan Deskripsi Umum Barang @ https://phbidlautdemo.prahu-hub.com/order/inputpesanan/eyJpZCI6MTg3MCwiamVuaXNfaWQiOiJqYWR3YWwifQ==:8921
[    1592ms] [LOG] Masukkan Nama PIC Pemuatan @ https://phbidlautdemo.prahu-hub.com/order/inputpesanan/eyJpZCI6MTg3MCwiamVuaXNfaWQiOiJqYWR3YWwifQ==:8921
[    1592ms] [LOG] Masukkan Nomor @ https://phbidlautdemo.prahu-hub.com/order/inputpesanan/eyJpZCI6MTg3MCwiamVuaXNfaWQiOiJqYWR3YWwifQ==:8921
[    1592ms] [LOG] undefined @ https://phbidlautdemo.prahu-hub.com/order/inputpesanan/eyJpZCI6MTg3MCwiamVuaXNfaWQiOiJqYWR3YWwifQ==:8921
[    1592ms] [LOG] undefined @ https://phbidlautdemo.prahu-hub.com/order/inputpesanan/eyJpZCI6MTg3MCwiamVuaXNfaWQiOiJqYWR3YWwifQ==:8921
[    1592ms] [LOG] undefined @ https://phbidlautdemo.prahu-hub.com/order/inputpesanan/eyJpZCI6MTg3MCwiamVuaXNfaWQiOiJqYWR3YWwifQ==:8921
[    1593ms] [LOG] Masukkan Nama Perusahaan @ https://phbidlautdemo.prahu-hub.com/order/inputpesanan/eyJpZCI6MTg3MCwiamVuaXNfaWQiOiJqYWR3YWwifQ==:8921
[    1593ms] [LOG] Masukkan Nama PIC Penerimaan @ https://phbidlautdemo.prahu-hub.com/order/inputpesanan/eyJpZCI6MTg3MCwiamVuaXNfaWQiOiJqYWR3YWwifQ==:8921
[    1593ms] [LOG] Masukkan Nomor @ https://phbidlautdemo.prahu-hub.com/order/inputpesanan/eyJpZCI6MTg3MCwiamVuaXNfaWQiOiJqYWR3YWwifQ==:8921
[    1593ms] [LOG] undefined @ https://phbidlautdemo.prahu-hub.com/order/inputpesanan/eyJpZCI6MTg3MCwiamVuaXNfaWQiOiJqYWR3YWwifQ==:8921
[    1593ms] [LOG] undefined @ https://phbidlautdemo.prahu-hub.com/order/inputpesanan/eyJpZCI6MTg3MCwiamVuaXNfaWQiOiJqYWR3YWwifQ==:8921
[    1594ms] [LOG] Masukkan Nama Sales @ https://phbidlautdemo.prahu-hub.com/order/inputpesanan/eyJpZCI6MTg3MCwiamVuaXNfaWQiOiJqYWR3YWwifQ==:8921
[    1594ms] [LOG] Masukkan Nomor Sales @ https://phbidlautdemo.prahu-hub.com/order/inputpesanan/eyJpZCI6MTg3MCwiamVuaXNfaWQiOiJqYWR3YWwifQ==:8921
[    1594ms] [LOG] undefined @ https://phbidlautdemo.prahu-hub.com/order/inputpesanan/eyJpZCI6MTg3MCwiamVuaXNfaWQiOiJqYWR3YWwifQ==:8921
[    1595ms] [LOG] WebSocket connection @ https://phbidlautdemo.prahu-hub.com/order/inputpesanan/eyJpZCI6MTg3MCwiamVuaXNfaWQiOiJqYWR3YWwifQ==:8964
[    1596ms] [LOG] WebSocket connection attempting... @ https://phbidlautdemo.prahu-hub.com/order/inputpesanan/eyJpZCI6MTg3MCwiamVuaXNfaWQiOiJqYWR3YWwifQ==:9042
[    1879ms] [LOG] WebSocket connected @ https://phbidlautdemo.prahu-hub.com/order/inputpesanan/eyJpZCI6MTg3MCwiamVuaXNfaWQiOiJqYWR3YWwifQ==:8973
[    1883ms] [LOG] update_dashboard_order_laut @ https://phbidlautdemo.prahu-hub.com/order/inputpesanan/eyJpZCI6MTg3MCwiamVuaXNfaWQiOiJqYWR3YWwifQ==:9014
[    1911ms] [LOG] Connected @ https://phbidlautdemo.prahu-hub.com/order/inputpesanan/eyJpZCI6MTg3MCwiamVuaXNfaWQiOiJqYWR3YWwifQ==:9014
[    2070ms] [LOG] 200 xhrglobal @ https://phbidlautdemo.prahu-hub.com/order/inputpesanan/eyJpZCI6MTg3MCwiamVuaXNfaWQiOiJqYWR3YWwifQ==:8895
[    2132ms] [LOG] 200 xhrglobal @ https://phbidlautdemo.prahu-hub.com/order/inputpesanan/eyJpZCI6MTg3MCwiamVuaXNfaWQiOiJqYWR3YWwifQ==:8895
[    3551ms] TypeError: $(...).DataTable is not a function
    at https://phbidlautdemo.prahu-hub.com/_resources/themes/prahutheme/js/scripts-init/tables.js:7:23
[   42934ms] [LOG] nilai kota asal TGl0UmlDRnlsajFPM2RFanpHQ21sUT09 @ https://phbidlautdemo.prahu-hub.com/order/inputpesanan/eyJpZCI6MTg3MCwiamVuaXNfaWQiOiJqYWR3YWwifQ==:8102
[  126925ms] [LOG] WebSocket closed @ https://phbidlautdemo.prahu-hub.com/order/inputpesanan/eyJpZCI6MTg3MCwiamVuaXNfaWQiOiJqYWR3YWwifQ==:8967
[  126926ms] [LOG] Reconnecting in 2 seconds... @ https://phbidlautdemo.prahu-hub.com/order/inputpesanan/eyJpZCI6MTg3MCwiamVuaXNfaWQiOiJqYWR3YWwifQ==:9051
[  128927ms] [LOG] WebSocket connection @ https://phbidlautdemo.prahu-hub.com/order/inputpesanan/eyJpZCI6MTg3MCwiamVuaXNfaWQiOiJqYWR3YWwifQ==:8964
[  128928ms] [LOG] WebSocket connection attempting... @ https://phbidlautdemo.prahu-hub.com/order/inputpesanan/eyJpZCI6MTg3MCwiamVuaXNfaWQiOiJqYWR3YWwifQ==:9042
[  129053ms] [LOG] WebSocket connected @ https://phbidlautdemo.prahu-hub.com/order/inputpesanan/eyJpZCI6MTg3MCwiamVuaXNfaWQiOiJqYWR3YWwifQ==:8973
[  129059ms] [LOG] update_dashboard_order_laut @ https://phbidlautdemo.prahu-hub.com/order/inputpesanan/eyJpZCI6MTg3MCwiamVuaXNfaWQiOiJqYWR3YWwifQ==:9014
[  129087ms] [LOG] Connected @ https://phbidlautdemo.prahu-hub.com/order/inputpesanan/eyJpZCI6MTg3MCwiamVuaXNfaWQiOiJqYWR3YWwifQ==:9014
[  129116ms] [LOG] Connected @ https://phbidlautdemo.prahu-hub.com/order/inputpesanan/eyJpZCI6MTg3MCwiamVuaXNfaWQiOiJqYWR3YWwifQ==:9014
[  129253ms] [LOG] 200 xhrglobal @ https://phbidlautdemo.prahu-hub.com/order/inputpesanan/eyJpZCI6MTg3MCwiamVuaXNfaWQiOiJqYWR3YWwifQ==:8895
[  129333ms] [LOG] 200 xhrglobal @ https://phbidlautdemo.prahu-hub.com/order/inputpesanan/eyJpZCI6MTg3MCwiamVuaXNfaWQiOiJqYWR3YWwifQ==:8895
[  142721ms] [LOG] nilai kota asal TGl0UmlDRnlsajFPM2RFanpHQ21sUT09 @ https://phbidlautdemo.prahu-hub.com/order/inputpesanan/eyJpZCI6MTg3MCwiamVuaXNfaWQiOiJqYWR3YWwifQ==:8102
[  142725ms] [WARNING] SweetAlert2: Unknown parameter "cancelButtonClass" @ https://phbidlautdemo.prahu-hub.com/_resources/themes/prahutheme/js/sweetalert2.all.min.js:0
[  142725ms] [WARNING] SweetAlert2: Unknown parameter "confirmButtonClass" @ https://phbidlautdemo.prahu-hub.com/_resources/themes/prahutheme/js/sweetalert2.all.min.js:0
[  203984ms] [LOG] 200 xhrglobal @ https://phbidlautdemo.prahu-hub.com/order/inputpesanan/eyJpZCI6MTg3MCwiamVuaXNfaWQiOiJqYWR3YWwifQ==:8895
[  204085ms] [LOG] 200 xhrglobal @ https://phbidlautdemo.prahu-hub.com/order/inputpesanan/eyJpZCI6MTg3MCwiamVuaXNfaWQiOiJqYWR3YWwifQ==:8895
[  206514ms] Cannot use import statement outside a module
[  206552ms] ReferenceError: Chart is not defined
    at https://phbidlautdemo.prahu-hub.com/_resources/themes/prahutheme/js/scripts-init/charts/chartjs.js:8:13
[  206557ms] Unexpected token '<'
[  206639ms] Unexpected token '<'
[  206727ms] [LOG] pem 20.000 @ https://phbidlautdemo.prahu-hub.com/home/inputmuatan/MHZROHFLSlBlKyswU0p3SlpBRm5Idz09:6784
[  206755ms] Uncaught TypeError: expect element to be DOM Element, but got null
    at n.init (https://cdnjs.cloudflare.com/ajax/libs/smooth-scrollbar/8.5.2/smooth-scrollbar.js:24:264)
    at <anonymous> (https://phbidlautdemo.prahu-hub.com/home/inputmuatan/MHZROHFLSlBlKyswU0p3SlpBRm5Idz09:8642:14)
[  206794ms] [LOG] undefinednamanya @ https://phbidlautdemo.prahu-hub.com/home/inputmuatan/MHZROHFLSlBlKyswU0p3SlpBRm5Idz09:2147
[  206832ms] [LOG] 0 @ https://phbidlautdemo.prahu-hub.com/home/inputmuatan/MHZROHFLSlBlKyswU0p3SlpBRm5Idz09:7273
[  206843ms] [LOG] index hh611 kemasanID  @ https://phbidlautdemo.prahu-hub.com/home/inputmuatan/MHZROHFLSlBlKyswU0p3SlpBRm5Idz09:8178
[  206846ms] [LOG] jenis_muatan hh611 idMuatan  val  @ https://phbidlautdemo.prahu-hub.com/home/inputmuatan/MHZROHFLSlBlKyswU0p3SlpBRm5Idz09:8203
[  206847ms] [LOG] [berat] mulai {pemicu: select.form-control.form-control-sm.select2.jenis_muatan.jenis_muatan1.select2-hidden-accessible, adaBaris: 1, adaKolomBerat: 1} @ https://phbidlautdemo.prahu-hub.com/home/inputmuatan/MHZROHFLSlBlKyswU0p3SlpBRm5Idz09:8245
[  206848ms] [LOG] [berat] jenis muatan {adaSelect: 1, opsiTerpilih: Pilih Jenis Muatan, attrBerat: undefined, beratKemasan: 0} @ https://phbidlautdemo.prahu-hub.com/home/inputmuatan/MHZROHFLSlBlKyswU0p3SlpBRm5Idz09:8245
[  206848ms] [LOG] [berat] berhenti: berat master 0/kosong, kolom berat di biarkan manual @ https://phbidlautdemo.prahu-hub.com/home/inputmuatan/MHZROHFLSlBlKyswU0p3SlpBRm5Idz09:8245
[  206850ms] [LOG] undefined @ https://phbidlautdemo.prahu-hub.com/home/inputmuatan/MHZROHFLSlBlKyswU0p3SlpBRm5Idz09:8995
[  206850ms] [LOG] undefined @ https://phbidlautdemo.prahu-hub.com/home/inputmuatan/MHZROHFLSlBlKyswU0p3SlpBRm5Idz09:8995
[  206851ms] [LOG] undefined @ https://phbidlautdemo.prahu-hub.com/home/inputmuatan/MHZROHFLSlBlKyswU0p3SlpBRm5Idz09:8995
[  206851ms] [LOG] undefined @ https://phbidlautdemo.prahu-hub.com/home/inputmuatan/MHZROHFLSlBlKyswU0p3SlpBRm5Idz09:8995
[  206851ms] [LOG] Jumlah Barang @ https://phbidlautdemo.prahu-hub.com/home/inputmuatan/MHZROHFLSlBlKyswU0p3SlpBRm5Idz09:8995
[  206851ms] [LOG] Berat Muatan @ https://phbidlautdemo.prahu-hub.com/home/inputmuatan/MHZROHFLSlBlKyswU0p3SlpBRm5Idz09:8995
[  206851ms] [LOG] undefined @ https://phbidlautdemo.prahu-hub.com/home/inputmuatan/MHZROHFLSlBlKyswU0p3SlpBRm5Idz09:8995
[  206851ms] [LOG] undefined @ https://phbidlautdemo.prahu-hub.com/home/inputmuatan/MHZROHFLSlBlKyswU0p3SlpBRm5Idz09:8995
[  206852ms] [LOG] undefined @ https://phbidlautdemo.prahu-hub.com/home/inputmuatan/MHZROHFLSlBlKyswU0p3SlpBRm5Idz09:8995
[  206852ms] [LOG] undefined @ https://phbidlautdemo.prahu-hub.com/home/inputmuatan/MHZROHFLSlBlKyswU0p3SlpBRm5Idz09:8995
[  206852ms] [LOG] undefined @ https://phbidlautdemo.prahu-hub.com/home/inputmuatan/MHZROHFLSlBlKyswU0p3SlpBRm5Idz09:8995
[  206852ms] [LOG] undefined @ https://phbidlautdemo.prahu-hub.com/home/inputmuatan/MHZROHFLSlBlKyswU0p3SlpBRm5Idz09:8995
[  206852ms] [LOG] undefined @ https://phbidlautdemo.prahu-hub.com/home/inputmuatan/MHZROHFLSlBlKyswU0p3SlpBRm5Idz09:8995
[  206852ms] [LOG] undefined @ https://phbidlautdemo.prahu-hub.com/home/inputmuatan/MHZROHFLSlBlKyswU0p3SlpBRm5Idz09:8995
[  206853ms] [LOG] undefined @ https://phbidlautdemo.prahu-hub.com/home/inputmuatan/MHZROHFLSlBlKyswU0p3SlpBRm5Idz09:8995
[  206853ms] [LOG] undefined @ https://phbidlautdemo.prahu-hub.com/home/inputmuatan/MHZROHFLSlBlKyswU0p3SlpBRm5Idz09:8995
[  206853ms] [LOG] undefined @ https://phbidlautdemo.prahu-hub.com/home/inputmuatan/MHZROHFLSlBlKyswU0p3SlpBRm5Idz09:8995
[  206853ms] [LOG] undefined @ https://phbidlautdemo.prahu-hub.com/home/inputmuatan/MHZROHFLSlBlKyswU0p3SlpBRm5Idz09:8995
[  206853ms] [LOG] undefined @ https://phbidlautdemo.prahu-hub.com/home/inputmuatan/MHZROHFLSlBlKyswU0p3SlpBRm5Idz09:8995
[  206854ms] [LOG] undefined @ https://phbidlautdemo.prahu-hub.com/home/inputmuatan/MHZROHFLSlBlKyswU0p3SlpBRm5Idz09:8995
[  206854ms] [LOG] undefined @ https://phbidlautdemo.prahu-hub.com/home/inputmuatan/MHZROHFLSlBlKyswU0p3SlpBRm5Idz09:8995
[  206854ms] [LOG] undefined @ https://phbidlautdemo.prahu-hub.com/home/inputmuatan/MHZROHFLSlBlKyswU0p3SlpBRm5Idz09:8995
[  206854ms] [LOG] undefined @ https://phbidlautdemo.prahu-hub.com/home/inputmuatan/MHZROHFLSlBlKyswU0p3SlpBRm5Idz09:8995
[  206854ms] [LOG] undefined @ https://phbidlautdemo.prahu-hub.com/home/inputmuatan/MHZROHFLSlBlKyswU0p3SlpBRm5Idz09:8995
[  206854ms] [LOG] undefined @ https://phbidlautdemo.prahu-hub.com/home/inputmuatan/MHZROHFLSlBlKyswU0p3SlpBRm5Idz09:8995
[  206854ms] [LOG] undefined @ https://phbidlautdemo.prahu-hub.com/home/inputmuatan/MHZROHFLSlBlKyswU0p3SlpBRm5Idz09:8995
[  206855ms] [LOG] undefined @ https://phbidlautdemo.prahu-hub.com/home/inputmuatan/MHZROHFLSlBlKyswU0p3SlpBRm5Idz09:8995
[  206856ms] [LOG] WebSocket connection @ https://phbidlautdemo.prahu-hub.com/home/inputmuatan/MHZROHFLSlBlKyswU0p3SlpBRm5Idz09:9038
[  206857ms] [LOG] WebSocket connection attempting... @ https://phbidlautdemo.prahu-hub.com/home/inputmuatan/MHZROHFLSlBlKyswU0p3SlpBRm5Idz09:9116
[  206926ms] [LOG] 200 xhrglobal @ https://phbidlautdemo.prahu-hub.com/home/inputmuatan/MHZROHFLSlBlKyswU0p3SlpBRm5Idz09:8969
[  206981ms] [LOG] WebSocket connected @ https://phbidlautdemo.prahu-hub.com/home/inputmuatan/MHZROHFLSlBlKyswU0p3SlpBRm5Idz09:9047
[  206987ms] [LOG] update_dashboard_order_laut @ https://phbidlautdemo.prahu-hub.com/home/inputmuatan/MHZROHFLSlBlKyswU0p3SlpBRm5Idz09:9088
[  207015ms] [LOG] Connected @ https://phbidlautdemo.prahu-hub.com/home/inputmuatan/MHZROHFLSlBlKyswU0p3SlpBRm5Idz09:9088
[  207164ms] [LOG] 200 xhrglobal @ https://phbidlautdemo.prahu-hub.com/home/inputmuatan/MHZROHFLSlBlKyswU0p3SlpBRm5Idz09:8969
[  207220ms] [LOG] 200 xhrglobal @ https://phbidlautdemo.prahu-hub.com/home/inputmuatan/MHZROHFLSlBlKyswU0p3SlpBRm5Idz09:8969
[  208805ms] TypeError: $(...).DataTable is not a function
    at https://phbidlautdemo.prahu-hub.com/_resources/themes/prahutheme/js/scripts-init/tables.js:7:23
