[    5215ms] ReferenceError: dete is not defined
    at https://phbidlautdemo.prahu-hub.com/user/login:1465:5
[    9784ms] TypeError: Failed to execute 'observe' on 'IntersectionObserver': parameter 1 is not of type 'Element'.
    at https://phbidlautdemo.prahu-hub.com/user/login:1932:14
[    9802ms] [VERBOSE] [DOM] Input elements should have autocomplete attributes (suggested: "current-password"): (More info: https://goo.gl/9p2vKq) %o @ https://phbidlautdemo.prahu-hub.com/user/login:0
[    9805ms] [LOG] 0 @ https://phbidlautdemo.prahu-hub.com/user/login:1426
[    9805ms] [LOG] undefined scr @ https://phbidlautdemo.prahu-hub.com/user/login:1430
[   41394ms] [LOG] ddd @ https://phbidlautdemo.prahu-hub.com/user/login:1525
[   43352ms] [LOG] {pesan: SHIPPER, status: 1, user_aktif: 1, ParentID: 0, redirect: } @ https://phbidlautdemo.prahu-hub.com/user/login:1558
[   43352ms] [LOG] {pesan: SHIPPER, status: 1, user_aktif: 1, ParentID: 0, redirect: } a @ https://phbidlautdemo.prahu-hub.com/user/login:1560
[   48122ms] Cannot use import statement outside a module
[   48223ms] ReferenceError: Chart is not defined
    at https://phbidlautdemo.prahu-hub.com/_resources/themes/prahutheme/js/scripts-init/charts/chartjs.js:8:13
[   48296ms] Unexpected token '<'
[   48655ms] Unexpected token '<'
[   48873ms] Uncaught TypeError: expect element to be DOM Element, but got null
    at n.init (https://cdnjs.cloudflare.com/ajax/libs/smooth-scrollbar/8.5.2/smooth-scrollbar.js:24:264)
    at <anonymous> (https://phbidlautdemo.prahu-hub.com/lelang/carirute:6555:14)
[   48771ms] [LOG] undefinednamanya @ https://phbidlautdemo.prahu-hub.com/lelang/carirute:2149
[   48803ms] [LOG] undefined @ https://phbidlautdemo.prahu-hub.com/lelang/carirute:6908
[   48803ms] [LOG] undefined @ https://phbidlautdemo.prahu-hub.com/lelang/carirute:6908
[   48803ms] [LOG] undefined @ https://phbidlautdemo.prahu-hub.com/lelang/carirute:6908
[   48803ms] [LOG] Masukkan Nomor Lelang @ https://phbidlautdemo.prahu-hub.com/lelang/carirute:6908
[   48803ms] [LOG] undefined @ https://phbidlautdemo.prahu-hub.com/lelang/carirute:6908
[   48804ms] [LOG] WebSocket connection @ https://phbidlautdemo.prahu-hub.com/lelang/carirute:6951
[   48805ms] [LOG] WebSocket connection attempting... @ https://phbidlautdemo.prahu-hub.com/lelang/carirute:7029
[   50611ms] [LOG] WebSocket connected @ https://phbidlautdemo.prahu-hub.com/lelang/carirute:6960
[   50962ms] [TABLE] {UI version: 8.4.1, Core version: 8.4.0, Build: NC8xMi8yMDIyfDRkZTU3MmExYg==, WebViewer Server: false, Full API: false} @ https://phbidlautdemo.prahu-hub.com/_resources/themes/prahutheme/javascript/PDFView/lib/ui/webviewer-ui.min.js:270
[   50989ms] [LOG] update_dashboard_order_laut @ https://phbidlautdemo.prahu-hub.com/lelang/carirute:7001
[   50990ms] [LOG] Connected @ https://phbidlautdemo.prahu-hub.com/lelang/carirute:7001
[   51033ms] TypeError: $(...).DataTable is not a function
    at https://phbidlautdemo.prahu-hub.com/_resources/themes/prahutheme/js/scripts-init/tables.js:7:23
[   51299ms] [VERBOSE] [DOM] Password forms should have (optionally hidden) username fields for accessibility: (More info: https://goo.gl/9p2vKq) %o @ https://phbidlautdemo.prahu-hub.com/_resources/themes/prahutheme/javascript/PDFView/lib/ui/index.html#a=1&disabledElements=downloadButton%2CprintButton%2ClanguageButton&filepicker=0&pdfnet=0&enableRedaction=0&enableMeasurement=0&pageHistory=1&notesInLeftPanel=0&singleServerMode=false&selectAnnotationOnCreation=0&autoFocusNoteOnAnnotationSelection=1&id=1&basePath=%2Flelang%2Fcarirute:0
[   51304ms] [LOG] 200 xhrglobal @ https://phbidlautdemo.prahu-hub.com/lelang/carirute:6882
[   51541ms] [LOG] Connected @ https://phbidlautdemo.prahu-hub.com/lelang/carirute:7001
[   51547ms] [LOG] 200 xhrglobal @ https://phbidlautdemo.prahu-hub.com/lelang/carirute:6882
[   54675ms] [LOG] Connected @ https://phbidlautdemo.prahu-hub.com/lelang/carirute:7001
[   54676ms] [LOG] Connected @ https://phbidlautdemo.prahu-hub.com/lelang/carirute:7001
