[    1008ms] Cannot use import statement outside a module
[    1048ms] ReferenceError: Chart is not defined
    at https://phbidlautdemo.prahu-hub.com/_resources/themes/prahutheme/js/scripts-init/charts/chartjs.js:8:13
[    1220ms] Unexpected token '<'
[    1220ms] Unexpected token '<'
[    1362ms] Uncaught TypeError: expect element to be DOM Element, but got null
    at <anonymous> (https://cdnjs.cloudflare.com/ajax/libs/smooth-scrollbar/8.5.2/smooth-scrollbar.js:24:264)
    at <anonymous> (https://phbidlautdemo.prahu-hub.com/lelang/carirute:8164:14)
[    1463ms] [TABLE] {UI version: 8.4.1, Core version: 8.4.0, Build: NC8xMi8yMDIyfDRkZTU3MmExYg==, WebViewer Server: false, Full API: false} @ https://phbidlautdemo.prahu-hub.com/_resources/themes/prahutheme/javascript/PDFView/lib/ui/webviewer-ui.min.js:270
[    1484ms] [LOG] undefinednamanya @ https://phbidlautdemo.prahu-hub.com/lelang/carirute:2311
[    1513ms] [LOG] undefined @ https://phbidlautdemo.prahu-hub.com/lelang/carirute:8517
[    1513ms] [LOG] undefined @ https://phbidlautdemo.prahu-hub.com/lelang/carirute:8517
[    1513ms] [LOG] undefined @ https://phbidlautdemo.prahu-hub.com/lelang/carirute:8517
[    1513ms] [LOG] Masukkan Nomor Lelang @ https://phbidlautdemo.prahu-hub.com/lelang/carirute:8517
[    1514ms] [LOG] undefined @ https://phbidlautdemo.prahu-hub.com/lelang/carirute:8517
[    1515ms] [LOG] WebSocket connection @ https://phbidlautdemo.prahu-hub.com/lelang/carirute:8560
[    1515ms] [LOG] WebSocket connection attempting... @ https://phbidlautdemo.prahu-hub.com/lelang/carirute:8638
[    1756ms] [VERBOSE] [DOM] Password forms should have (optionally hidden) username fields for accessibility: (More info: https://goo.gl/9p2vKq) %o @ https://phbidlautdemo.prahu-hub.com/_resources/themes/prahutheme/javascript/PDFView/lib/ui/index.html#a=1&disabledElements=downloadButton%2CprintButton%2ClanguageButton&filepicker=0&pdfnet=0&enableRedaction=0&enableMeasurement=0&pageHistory=1&notesInLeftPanel=0&singleServerMode=false&selectAnnotationOnCreation=0&autoFocusNoteOnAnnotationSelection=1&id=1&basePath=%2Flelang%2Fcarirute:0
[    1988ms] [LOG] WebSocket connected @ https://phbidlautdemo.prahu-hub.com/lelang/carirute:8569
[    2024ms] [LOG] update_dashboard_order_laut @ https://phbidlautdemo.prahu-hub.com/lelang/carirute:8610
[    2204ms] [LOG] Connected @ https://phbidlautdemo.prahu-hub.com/lelang/carirute:8610
[    2209ms] [LOG] 200 xhrglobal @ https://phbidlautdemo.prahu-hub.com/lelang/carirute:8491
[    2213ms] [LOG] 200 xhrglobal @ https://phbidlautdemo.prahu-hub.com/lelang/carirute:8491
[    3498ms] TypeError: $(...).DataTable is not a function
    at https://phbidlautdemo.prahu-hub.com/_resources/themes/prahutheme/js/scripts-init/tables.js:7:23
[    9340ms] Cannot use import statement outside a module
[    9368ms] ReferenceError: Chart is not defined
    at https://phbidlautdemo.prahu-hub.com/_resources/themes/prahutheme/js/scripts-init/charts/chartjs.js:8:13
[    9558ms] Unexpected token '<'
[    9559ms] Unexpected token '<'
[    9676ms] Uncaught TypeError: expect element to be DOM Element, but got null
    at <anonymous> (https://cdnjs.cloudflare.com/ajax/libs/smooth-scrollbar/8.5.2/smooth-scrollbar.js:24:264)
    at <anonymous> (https://phbidlautdemo.prahu-hub.com/lelang/carirute?from=search&id_user=SWd1aUR1aGpzOUlWbVpaWXY2NG5SZz09&lelang=TzBGcVdodFZ4WW1DdDBObFozenBxZz09&nomor_lelang=QA%2F06%2F26-E2E1:8545:14)
[    9809ms] [TABLE] {UI version: 8.4.1, Core version: 8.4.0, Build: NC8xMi8yMDIyfDRkZTU3MmExYg==, WebViewer Server: false, Full API: false} @ https://phbidlautdemo.prahu-hub.com/_resources/themes/prahutheme/javascript/PDFView/lib/ui/webviewer-ui.min.js:270
[    9835ms] [LOG] undefinednamanya @ https://phbidlautdemo.prahu-hub.com/lelang/carirute?from=search&id_user=SWd1aUR1aGpzOUlWbVpaWXY2NG5SZz09&lelang=TzBGcVdodFZ4WW1DdDBObFozenBxZz09&nomor_lelang=QA%2F06%2F26-E2E1:2311
[    9860ms] [LOG] undefined @ https://phbidlautdemo.prahu-hub.com/lelang/carirute?from=search&id_user=SWd1aUR1aGpzOUlWbVpaWXY2NG5SZz09&lelang=TzBGcVdodFZ4WW1DdDBObFozenBxZz09&nomor_lelang=QA%2F06%2F26-E2E1:8898
[    9860ms] [LOG] undefined @ https://phbidlautdemo.prahu-hub.com/lelang/carirute?from=search&id_user=SWd1aUR1aGpzOUlWbVpaWXY2NG5SZz09&lelang=TzBGcVdodFZ4WW1DdDBObFozenBxZz09&nomor_lelang=QA%2F06%2F26-E2E1:8898
[    9861ms] [LOG] undefined @ https://phbidlautdemo.prahu-hub.com/lelang/carirute?from=search&id_user=SWd1aUR1aGpzOUlWbVpaWXY2NG5SZz09&lelang=TzBGcVdodFZ4WW1DdDBObFozenBxZz09&nomor_lelang=QA%2F06%2F26-E2E1:8898
[    9861ms] [LOG] Masukkan Nomor Lelang @ https://phbidlautdemo.prahu-hub.com/lelang/carirute?from=search&id_user=SWd1aUR1aGpzOUlWbVpaWXY2NG5SZz09&lelang=TzBGcVdodFZ4WW1DdDBObFozenBxZz09&nomor_lelang=QA%2F06%2F26-E2E1:8898
[    9861ms] [LOG] undefined @ https://phbidlautdemo.prahu-hub.com/lelang/carirute?from=search&id_user=SWd1aUR1aGpzOUlWbVpaWXY2NG5SZz09&lelang=TzBGcVdodFZ4WW1DdDBObFozenBxZz09&nomor_lelang=QA%2F06%2F26-E2E1:8898
[    9862ms] [LOG] WebSocket connection @ https://phbidlautdemo.prahu-hub.com/lelang/carirute?from=search&id_user=SWd1aUR1aGpzOUlWbVpaWXY2NG5SZz09&lelang=TzBGcVdodFZ4WW1DdDBObFozenBxZz09&nomor_lelang=QA%2F06%2F26-E2E1:8941
[    9863ms] [LOG] WebSocket connection attempting... @ https://phbidlautdemo.prahu-hub.com/lelang/carirute?from=search&id_user=SWd1aUR1aGpzOUlWbVpaWXY2NG5SZz09&lelang=TzBGcVdodFZ4WW1DdDBObFozenBxZz09&nomor_lelang=QA%2F06%2F26-E2E1:9019
[   10105ms] [VERBOSE] [DOM] Password forms should have (optionally hidden) username fields for accessibility: (More info: https://goo.gl/9p2vKq) %o @ https://phbidlautdemo.prahu-hub.com/_resources/themes/prahutheme/javascript/PDFView/lib/ui/index.html#d=%2Fassets%2Fdokumenaanwijzing%2F65%2FAanwijzing-PT.-Primax-Geo-Sejahtera.pdf&a=1&disabledElements=downloadButton%2CprintButton%2ClanguageButton&filepicker=0&pdfnet=0&enableRedaction=0&enableMeasurement=0&pageHistory=1&notesInLeftPanel=0&singleServerMode=false&selectAnnotationOnCreation=0&autoFocusNoteOnAnnotationSelection=1&id=1&basePath=%2Flelang%2Fcarirute:0
[   10116ms] [LOG] [Object] @ https://phbidlautdemo.prahu-hub.com/_resources/themes/prahutheme/javascript/custom/hasilPenawaran.js?m=1&amp;m=1787972929:14
[   10119ms] [LOG] undefined @ https://phbidlautdemo.prahu-hub.com/_resources/themes/prahutheme/javascript/custom/hasilPenawaran.js?m=1&amp;m=1787972929:889
[   10119ms] [LOG] undefined countView1 1 pageNow 20 limitView1 @ https://phbidlautdemo.prahu-hub.com/_resources/themes/prahutheme/javascript/custom/hasilPenawaran.js?m=1&amp;m=1787972929:891
[   10119ms] [LOG] undefined @ https://phbidlautdemo.prahu-hub.com/_resources/themes/prahutheme/javascript/custom/hasilPenawaran.js?m=1&amp;m=1787972929:902
[   10120ms] [LOG] undefined jumlah data @ https://phbidlautdemo.prahu-hub.com/_resources/themes/prahutheme/javascript/custom/hasilPenawaran.js?m=1&amp;m=1787972929:867
[   10120ms] [LOG] NaN @ https://phbidlautdemo.prahu-hub.com/_resources/themes/prahutheme/javascript/custom/hasilPenawaran.js?m=1&amp;m=1787972929:869
[   10121ms] [LOG] NaN 1 pageCount & pageNow @ https://phbidlautdemo.prahu-hub.com/_resources/themes/prahutheme/javascript/custom/hasilPenawaran.js?m=1&amp;m=1787972929:795
[   10121ms] [LOG] 200 xhrglobal @ https://phbidlautdemo.prahu-hub.com/lelang/carirute?from=search&id_user=SWd1aUR1aGpzOUlWbVpaWXY2NG5SZz09&lelang=TzBGcVdodFZ4WW1DdDBObFozenBxZz09&nomor_lelang=QA%2F06%2F26-E2E1:8872
[   10368ms] [LOG] WebSocket connected @ https://phbidlautdemo.prahu-hub.com/lelang/carirute?from=search&id_user=SWd1aUR1aGpzOUlWbVpaWXY2NG5SZz09&lelang=TzBGcVdodFZ4WW1DdDBObFozenBxZz09&nomor_lelang=QA%2F06%2F26-E2E1:8950
[   10466ms] [LOG] update_dashboard_order_laut @ https://phbidlautdemo.prahu-hub.com/lelang/carirute?from=search&id_user=SWd1aUR1aGpzOUlWbVpaWXY2NG5SZz09&lelang=TzBGcVdodFZ4WW1DdDBObFozenBxZz09&nomor_lelang=QA%2F06%2F26-E2E1:8991
[   10471ms] [LOG] Connected @ https://phbidlautdemo.prahu-hub.com/lelang/carirute?from=search&id_user=SWd1aUR1aGpzOUlWbVpaWXY2NG5SZz09&lelang=TzBGcVdodFZ4WW1DdDBObFozenBxZz09&nomor_lelang=QA%2F06%2F26-E2E1:8991
[   10691ms] [LOG] 200 xhrglobal @ https://phbidlautdemo.prahu-hub.com/lelang/carirute?from=search&id_user=SWd1aUR1aGpzOUlWbVpaWXY2NG5SZz09&lelang=TzBGcVdodFZ4WW1DdDBObFozenBxZz09&nomor_lelang=QA%2F06%2F26-E2E1:8872
[   10694ms] [LOG] 200 xhrglobal @ https://phbidlautdemo.prahu-hub.com/lelang/carirute?from=search&id_user=SWd1aUR1aGpzOUlWbVpaWXY2NG5SZz09&lelang=TzBGcVdodFZ4WW1DdDBObFozenBxZz09&nomor_lelang=QA%2F06%2F26-E2E1:8872
[   12801ms] [LOG] document loaded @ https://phbidlautdemo.prahu-hub.com/lelang/carirute?from=search&id_user=SWd1aUR1aGpzOUlWbVpaWXY2NG5SZz09&lelang=TzBGcVdodFZ4WW1DdDBObFozenBxZz09&nomor_lelang=QA%2F06%2F26-E2E1:5555
[   12865ms] TypeError: $(...).DataTable is not a function
    at https://phbidlautdemo.prahu-hub.com/_resources/themes/prahutheme/js/scripts-init/tables.js:7:23
