[    2969ms] ReferenceError: dete is not defined
    at https://phbidlautdemo.prahu-hub.com/user/login:1465:5
[    4305ms] TypeError: Failed to execute 'observe' on 'IntersectionObserver': parameter 1 is not of type 'Element'.
    at https://phbidlautdemo.prahu-hub.com/user/login:1932:14
[    4412ms] [VERBOSE] [DOM] Input elements should have autocomplete attributes (suggested: "current-password"): (More info: https://goo.gl/9p2vKq) %o @ https://phbidlautdemo.prahu-hub.com/user/login:0
[    4433ms] [LOG] 0 @ https://phbidlautdemo.prahu-hub.com/user/login:1426
[    4433ms] [LOG] undefined scr @ https://phbidlautdemo.prahu-hub.com/user/login:1430
[    9649ms] [LOG] ddd @ https://phbidlautdemo.prahu-hub.com/user/login:1525
[   10183ms] [LOG] {pesan: ADMIN, status: 1, user_aktif: 1, ParentID: 0, redirect: } @ https://phbidlautdemo.prahu-hub.com/user/login:1558
[   10183ms] [LOG] {pesan: ADMIN, status: 1, user_aktif: 1, ParentID: 0, redirect: } a @ https://phbidlautdemo.prahu-hub.com/user/login:1560
[   16294ms] Cannot use import statement outside a module
[   16354ms] ReferenceError: Chart is not defined
    at https://phbidlautdemo.prahu-hub.com/_resources/themes/prahutheme/js/scripts-init/charts/chartjs.js:8:13
[   17093ms] Unexpected token '<'
[   17094ms] Unexpected token '<'
[   17210ms] Uncaught TypeError: expect element to be DOM Element, but got null
    at n.init (https://cdnjs.cloudflare.com/ajax/libs/smooth-scrollbar/8.5.2/smooth-scrollbar.js:24:264)
    at <anonymous> (https://phbidlautdemo.prahu-hub.com/lelang/listlelang?tab=semua-lelang:6190:14)
[   17320ms] [LOG] Pengajuan Lelangnamanya @ https://phbidlautdemo.prahu-hub.com/lelang/listlelang?tab=semua-lelang:2040
[   17339ms] [LOG] undefined @ https://phbidlautdemo.prahu-hub.com/lelang/listlelang?tab=semua-lelang:6543
[   17339ms] [LOG] undefined @ https://phbidlautdemo.prahu-hub.com/lelang/listlelang?tab=semua-lelang:6543
[   17339ms] [LOG] Masukkan Nomor Lelang @ https://phbidlautdemo.prahu-hub.com/lelang/listlelang?tab=semua-lelang:6543
[   17340ms] [LOG] DD/MM/YYYY @ https://phbidlautdemo.prahu-hub.com/lelang/listlelang?tab=semua-lelang:6543
[   17340ms] [LOG] DD/MM/YYYY @ https://phbidlautdemo.prahu-hub.com/lelang/listlelang?tab=semua-lelang:6543
[   17340ms] [LOG] DD/MM/YYYY @ https://phbidlautdemo.prahu-hub.com/lelang/listlelang?tab=semua-lelang:6543
[   17340ms] [LOG] DD/MM/YYYY @ https://phbidlautdemo.prahu-hub.com/lelang/listlelang?tab=semua-lelang:6543
[   17340ms] [LOG] undefined @ https://phbidlautdemo.prahu-hub.com/lelang/listlelang?tab=semua-lelang:6543
[   17341ms] [LOG] undefined @ https://phbidlautdemo.prahu-hub.com/lelang/listlelang?tab=semua-lelang:6543
[   17341ms] [LOG] Masukkan Nama Bank @ https://phbidlautdemo.prahu-hub.com/lelang/listlelang?tab=semua-lelang:6543
[   17341ms] [LOG] undefined @ https://phbidlautdemo.prahu-hub.com/lelang/listlelang?tab=semua-lelang:6543
[   17342ms] [LOG] WebSocket connection @ https://phbidlautdemo.prahu-hub.com/lelang/listlelang?tab=semua-lelang:6586
[   17343ms] [LOG] WebSocket connection attempting... @ https://phbidlautdemo.prahu-hub.com/lelang/listlelang?tab=semua-lelang:6664
[   17744ms] [LOG] WebSocket connected @ https://phbidlautdemo.prahu-hub.com/lelang/listlelang?tab=semua-lelang:6595
[   17750ms] [LOG] update_dashboard_order_laut @ https://phbidlautdemo.prahu-hub.com/lelang/listlelang?tab=semua-lelang:6636
[   17879ms] [LOG] Connected @ https://phbidlautdemo.prahu-hub.com/lelang/listlelang?tab=semua-lelang:6636
[   19339ms] TypeError: $(...).DataTable is not a function
    at https://phbidlautdemo.prahu-hub.com/_resources/themes/prahutheme/js/scripts-init/tables.js:7:23
[   20644ms] [LOG] [Object, Object, Object, Object, Object, Object, Object, Object, Object, Object, Object, Object, Object, Object, Object, Object, Object, Object, Object, Object] @ https://phbidlautdemo.prahu-hub.com/_resources/themes/prahutheme/javascript/custom/listLelang.js?m=1787972929:14
[   20654ms] [LOG] 1092 @ https://phbidlautdemo.prahu-hub.com/_resources/themes/prahutheme/javascript/custom/listLelang.js?m=1787972929:818
[   20654ms] [LOG] 1092 countView1 1 pageNow 20 limitView1 @ https://phbidlautdemo.prahu-hub.com/_resources/themes/prahutheme/javascript/custom/listLelang.js?m=1787972929:820
[   20654ms] [LOG] 20 @ https://phbidlautdemo.prahu-hub.com/_resources/themes/prahutheme/javascript/custom/listLelang.js?m=1787972929:826
[   20656ms] [LOG] 1092 jumlah data @ https://phbidlautdemo.prahu-hub.com/_resources/themes/prahutheme/javascript/custom/listLelang.js?m=1787972929:779
[   20656ms] [LOG] 55 @ https://phbidlautdemo.prahu-hub.com/_resources/themes/prahutheme/javascript/custom/listLelang.js?m=1787972929:781
[   20657ms] [LOG] 55 1 pageCount & pageNow @ https://phbidlautdemo.prahu-hub.com/_resources/themes/prahutheme/javascript/custom/listLelang.js?m=1787972929:704
[   20666ms] [LOG] 200 xhrglobal @ https://phbidlautdemo.prahu-hub.com/lelang/listlelang?tab=semua-lelang:6517
[   20715ms] ReferenceError: renderTooltipHarga is not defined
    at https://phbidlautdemo.prahu-hub.com/_resources/themes/prahutheme/javascript/custom/listLelang.js?m=1787972929:1049:9
[   20737ms] [LOG] 200 xhrglobal @ https://phbidlautdemo.prahu-hub.com/lelang/listlelang?tab=semua-lelang:6517
[   20841ms] [LOG] 200 xhrglobal @ https://phbidlautdemo.prahu-hub.com/lelang/listlelang?tab=semua-lelang:6517
[   23146ms] Cannot use import statement outside a module
[   23228ms] ReferenceError: Chart is not defined
    at https://phbidlautdemo.prahu-hub.com/_resources/themes/prahutheme/js/scripts-init/charts/chartjs.js:8:13
[   24937ms] Unexpected token '<'
[   24938ms] Unexpected token '<'
[   25374ms] Uncaught TypeError: expect element to be DOM Element, but got null
    at n.init (https://cdnjs.cloudflare.com/ajax/libs/smooth-scrollbar/8.5.2/smooth-scrollbar.js:24:264)
    at <anonymous> (https://phbidlautdemo.prahu-hub.com/adminprahu/tambah_hakaksesadmin:8929:14)
[   25398ms] [LOG] Pengaturan Akunnamanya @ https://phbidlautdemo.prahu-hub.com/adminprahu/tambah_hakaksesadmin:2039
[   25414ms] [LOG] undefined @ https://phbidlautdemo.prahu-hub.com/adminprahu/tambah_hakaksesadmin:9282
[   25414ms] [LOG] Masukkan Nama Hak Akses @ https://phbidlautdemo.prahu-hub.com/adminprahu/tambah_hakaksesadmin:9282
[   25414ms] [LOG] undefined @ https://phbidlautdemo.prahu-hub.com/adminprahu/tambah_hakaksesadmin:9282
[   25415ms] [LOG] undefined @ https://phbidlautdemo.prahu-hub.com/adminprahu/tambah_hakaksesadmin:9282
[   25415ms] [LOG] undefined @ https://phbidlautdemo.prahu-hub.com/adminprahu/tambah_hakaksesadmin:9282
[   25415ms] [LOG] undefined @ https://phbidlautdemo.prahu-hub.com/adminprahu/tambah_hakaksesadmin:9282
[   25415ms] [LOG] undefined @ https://phbidlautdemo.prahu-hub.com/adminprahu/tambah_hakaksesadmin:9282
[   25415ms] [LOG] undefined @ https://phbidlautdemo.prahu-hub.com/adminprahu/tambah_hakaksesadmin:9282
[   25415ms] [LOG] undefined @ https://phbidlautdemo.prahu-hub.com/adminprahu/tambah_hakaksesadmin:9282
[   25416ms] [LOG] undefined @ https://phbidlautdemo.prahu-hub.com/adminprahu/tambah_hakaksesadmin:9282
[   25416ms] [LOG] undefined @ https://phbidlautdemo.prahu-hub.com/adminprahu/tambah_hakaksesadmin:9282
[   25416ms] [LOG] undefined @ https://phbidlautdemo.prahu-hub.com/adminprahu/tambah_hakaksesadmin:9282
[   25416ms] [LOG] undefined @ https://phbidlautdemo.prahu-hub.com/adminprahu/tambah_hakaksesadmin:9282
[   25416ms] [LOG] undefined @ https://phbidlautdemo.prahu-hub.com/adminprahu/tambah_hakaksesadmin:9282
[   25416ms] [LOG] undefined @ https://phbidlautdemo.prahu-hub.com/adminprahu/tambah_hakaksesadmin:9282
[   25417ms] [LOG] undefined @ https://phbidlautdemo.prahu-hub.com/adminprahu/tambah_hakaksesadmin:9282
[   25417ms] [LOG] undefined @ https://phbidlautdemo.prahu-hub.com/adminprahu/tambah_hakaksesadmin:9282
[   25417ms] [LOG] undefined @ https://phbidlautdemo.prahu-hub.com/adminprahu/tambah_hakaksesadmin:9282
[   25417ms] [LOG] undefined @ https://phbidlautdemo.prahu-hub.com/adminprahu/tambah_hakaksesadmin:9282
[   25417ms] [LOG] undefined @ https://phbidlautdemo.prahu-hub.com/adminprahu/tambah_hakaksesadmin:9282
[   25417ms] [LOG] undefined @ https://phbidlautdemo.prahu-hub.com/adminprahu/tambah_hakaksesadmin:9282
[   25418ms] [LOG] undefined @ https://phbidlautdemo.prahu-hub.com/adminprahu/tambah_hakaksesadmin:9282
[   25418ms] [LOG] undefined @ https://phbidlautdemo.prahu-hub.com/adminprahu/tambah_hakaksesadmin:9282
[   25418ms] [LOG] undefined @ https://phbidlautdemo.prahu-hub.com/adminprahu/tambah_hakaksesadmin:9282
[   25418ms] [LOG] undefined @ https://phbidlautdemo.prahu-hub.com/adminprahu/tambah_hakaksesadmin:9282
[   25418ms] [LOG] undefined @ https://phbidlautdemo.prahu-hub.com/adminprahu/tambah_hakaksesadmin:9282
[   25418ms] [LOG] undefined @ https://phbidlautdemo.prahu-hub.com/adminprahu/tambah_hakaksesadmin:9282
[   25419ms] [LOG] undefined @ https://phbidlautdemo.prahu-hub.com/adminprahu/tambah_hakaksesadmin:9282
[   25419ms] [LOG] undefined @ https://phbidlautdemo.prahu-hub.com/adminprahu/tambah_hakaksesadmin:9282
[   25419ms] [LOG] undefined @ https://phbidlautdemo.prahu-hub.com/adminprahu/tambah_hakaksesadmin:9282
[   25419ms] [LOG] undefined @ https://phbidlautdemo.prahu-hub.com/adminprahu/tambah_hakaksesadmin:9282
[   25419ms] [LOG] undefined @ https://phbidlautdemo.prahu-hub.com/adminprahu/tambah_hakaksesadmin:9282
[   25419ms] [LOG] undefined @ https://phbidlautdemo.prahu-hub.com/adminprahu/tambah_hakaksesadmin:9282
[   25419ms] [LOG] undefined @ https://phbidlautdemo.prahu-hub.com/adminprahu/tambah_hakaksesadmin:9282
[   25420ms] [LOG] undefined @ https://phbidlautdemo.prahu-hub.com/adminprahu/tambah_hakaksesadmin:9282
[   25420ms] [LOG] undefined @ https://phbidlautdemo.prahu-hub.com/adminprahu/tambah_hakaksesadmin:9282
[   25420ms] [LOG] undefined @ https://phbidlautdemo.prahu-hub.com/adminprahu/tambah_hakaksesadmin:9282
[   25420ms] [LOG] undefined @ https://phbidlautdemo.prahu-hub.com/adminprahu/tambah_hakaksesadmin:9282
[   25420ms] [LOG] undefined @ https://phbidlautdemo.prahu-hub.com/adminprahu/tambah_hakaksesadmin:9282
[   25420ms] [LOG] undefined @ https://phbidlautdemo.prahu-hub.com/adminprahu/tambah_hakaksesadmin:9282
[   25421ms] [LOG] undefined @ https://phbidlautdemo.prahu-hub.com/adminprahu/tambah_hakaksesadmin:9282
[   25421ms] [LOG] undefined @ https://phbidlautdemo.prahu-hub.com/adminprahu/tambah_hakaksesadmin:9282
[   25421ms] [LOG] undefined @ https://phbidlautdemo.prahu-hub.com/adminprahu/tambah_hakaksesadmin:9282
[   25421ms] [LOG] undefined @ https://phbidlautdemo.prahu-hub.com/adminprahu/tambah_hakaksesadmin:9282
[   25421ms] [LOG] undefined @ https://phbidlautdemo.prahu-hub.com/adminprahu/tambah_hakaksesadmin:9282
[   25421ms] [LOG] undefined @ https://phbidlautdemo.prahu-hub.com/adminprahu/tambah_hakaksesadmin:9282
[   25422ms] [LOG] undefined @ https://phbidlautdemo.prahu-hub.com/adminprahu/tambah_hakaksesadmin:9282
[   25422ms] [LOG] undefined @ https://phbidlautdemo.prahu-hub.com/adminprahu/tambah_hakaksesadmin:9282
[   25422ms] [LOG] undefined @ https://phbidlautdemo.prahu-hub.com/adminprahu/tambah_hakaksesadmin:9282
[   25422ms] [LOG] undefined @ https://phbidlautdemo.prahu-hub.com/adminprahu/tambah_hakaksesadmin:9282
[   25422ms] [LOG] undefined @ https://phbidlautdemo.prahu-hub.com/adminprahu/tambah_hakaksesadmin:9282
[   25422ms] [LOG] undefined @ https://phbidlautdemo.prahu-hub.com/adminprahu/tambah_hakaksesadmin:9282
[   25423ms] [LOG] undefined @ https://phbidlautdemo.prahu-hub.com/adminprahu/tambah_hakaksesadmin:9282
[   25423ms] [LOG] undefined @ https://phbidlautdemo.prahu-hub.com/adminprahu/tambah_hakaksesadmin:9282
[   25423ms] [LOG] undefined @ https://phbidlautdemo.prahu-hub.com/adminprahu/tambah_hakaksesadmin:9282
[   25423ms] [LOG] undefined @ https://phbidlautdemo.prahu-hub.com/adminprahu/tambah_hakaksesadmin:9282
[   25423ms] [LOG] undefined @ https://phbidlautdemo.prahu-hub.com/adminprahu/tambah_hakaksesadmin:9282
[   25423ms] [LOG] undefined @ https://phbidlautdemo.prahu-hub.com/adminprahu/tambah_hakaksesadmin:9282
[   25423ms] [LOG] undefined @ https://phbidlautdemo.prahu-hub.com/adminprahu/tambah_hakaksesadmin:9282
[   25424ms] [LOG] undefined @ https://phbidlautdemo.prahu-hub.com/adminprahu/tambah_hakaksesadmin:9282
[   25424ms] [LOG] undefined @ https://phbidlautdemo.prahu-hub.com/adminprahu/tambah_hakaksesadmin:9282
[   25424ms] [LOG] undefined @ https://phbidlautdemo.prahu-hub.com/adminprahu/tambah_hakaksesadmin:9282
[   25424ms] [LOG] undefined @ https://phbidlautdemo.prahu-hub.com/adminprahu/tambah_hakaksesadmin:9282
[   25424ms] [LOG] undefined @ https://phbidlautdemo.prahu-hub.com/adminprahu/tambah_hakaksesadmin:9282
[   25424ms] [LOG] undefined @ https://phbidlautdemo.prahu-hub.com/adminprahu/tambah_hakaksesadmin:9282
[   25425ms] [LOG] undefined @ https://phbidlautdemo.prahu-hub.com/adminprahu/tambah_hakaksesadmin:9282
[   25425ms] [LOG] undefined @ https://phbidlautdemo.prahu-hub.com/adminprahu/tambah_hakaksesadmin:9282
[   25425ms] [LOG] undefined @ https://phbidlautdemo.prahu-hub.com/adminprahu/tambah_hakaksesadmin:9282
[   25425ms] [LOG] undefined @ https://phbidlautdemo.prahu-hub.com/adminprahu/tambah_hakaksesadmin:9282
[   25425ms] [LOG] undefined @ https://phbidlautdemo.prahu-hub.com/adminprahu/tambah_hakaksesadmin:9282
[   25425ms] [LOG] undefined @ https://phbidlautdemo.prahu-hub.com/adminprahu/tambah_hakaksesadmin:9282
[   25426ms] [LOG] undefined @ https://phbidlautdemo.prahu-hub.com/adminprahu/tambah_hakaksesadmin:9282
[   25426ms] [LOG] undefined @ https://phbidlautdemo.prahu-hub.com/adminprahu/tambah_hakaksesadmin:9282
[   25426ms] [LOG] undefined @ https://phbidlautdemo.prahu-hub.com/adminprahu/tambah_hakaksesadmin:9282
[   25426ms] [LOG] undefined @ https://phbidlautdemo.prahu-hub.com/adminprahu/tambah_hakaksesadmin:9282
[   25426ms] [LOG] undefined @ https://phbidlautdemo.prahu-hub.com/adminprahu/tambah_hakaksesadmin:9282
[   25426ms] [LOG] undefined @ https://phbidlautdemo.prahu-hub.com/adminprahu/tambah_hakaksesadmin:9282
[   25427ms] [LOG] undefined @ https://phbidlautdemo.prahu-hub.com/adminprahu/tambah_hakaksesadmin:9282
[   25427ms] [LOG] undefined @ https://phbidlautdemo.prahu-hub.com/adminprahu/tambah_hakaksesadmin:9282
[   25427ms] [LOG] undefined @ https://phbidlautdemo.prahu-hub.com/adminprahu/tambah_hakaksesadmin:9282
[   25427ms] [LOG] undefined @ https://phbidlautdemo.prahu-hub.com/adminprahu/tambah_hakaksesadmin:9282
[   25427ms] [LOG] undefined @ https://phbidlautdemo.prahu-hub.com/adminprahu/tambah_hakaksesadmin:9282
[   25427ms] [LOG] undefined @ https://phbidlautdemo.prahu-hub.com/adminprahu/tambah_hakaksesadmin:9282
[   25428ms] [LOG] undefined @ https://phbidlautdemo.prahu-hub.com/adminprahu/tambah_hakaksesadmin:9282
[   25428ms] [LOG] undefined @ https://phbidlautdemo.prahu-hub.com/adminprahu/tambah_hakaksesadmin:9282
[   25428ms] [LOG] undefined @ https://phbidlautdemo.prahu-hub.com/adminprahu/tambah_hakaksesadmin:9282
[   25428ms] [LOG] undefined @ https://phbidlautdemo.prahu-hub.com/adminprahu/tambah_hakaksesadmin:9282
[   25428ms] [LOG] undefined @ https://phbidlautdemo.prahu-hub.com/adminprahu/tambah_hakaksesadmin:9282
[   25428ms] [LOG] undefined @ https://phbidlautdemo.prahu-hub.com/adminprahu/tambah_hakaksesadmin:9282
[   25429ms] [LOG] undefined @ https://phbidlautdemo.prahu-hub.com/adminprahu/tambah_hakaksesadmin:9282
[   25429ms] [LOG] undefined @ https://phbidlautdemo.prahu-hub.com/adminprahu/tambah_hakaksesadmin:9282
[   25429ms] [LOG] undefined @ https://phbidlautdemo.prahu-hub.com/adminprahu/tambah_hakaksesadmin:9282
[   25429ms] [LOG] undefined @ https://phbidlautdemo.prahu-hub.com/adminprahu/tambah_hakaksesadmin:9282
[   25429ms] [LOG] undefined @ https://phbidlautdemo.prahu-hub.com/adminprahu/tambah_hakaksesadmin:9282
[   25429ms] [LOG] undefined @ https://phbidlautdemo.prahu-hub.com/adminprahu/tambah_hakaksesadmin:9282
[   25430ms] [LOG] undefined @ https://phbidlautdemo.prahu-hub.com/adminprahu/tambah_hakaksesadmin:9282
[   25430ms] [LOG] undefined @ https://phbidlautdemo.prahu-hub.com/adminprahu/tambah_hakaksesadmin:9282
[   25430ms] [LOG] undefined @ https://phbidlautdemo.prahu-hub.com/adminprahu/tambah_hakaksesadmin:9282
[   25430ms] [LOG] undefined @ https://phbidlautdemo.prahu-hub.com/adminprahu/tambah_hakaksesadmin:9282
[   25430ms] [LOG] undefined @ https://phbidlautdemo.prahu-hub.com/adminprahu/tambah_hakaksesadmin:9282
[   25430ms] [LOG] undefined @ https://phbidlautdemo.prahu-hub.com/adminprahu/tambah_hakaksesadmin:9282
[   25431ms] [LOG] undefined @ https://phbidlautdemo.prahu-hub.com/adminprahu/tambah_hakaksesadmin:9282
[   25431ms] [LOG] undefined @ https://phbidlautdemo.prahu-hub.com/adminprahu/tambah_hakaksesadmin:9282
[   25431ms] [LOG] undefined @ https://phbidlautdemo.prahu-hub.com/adminprahu/tambah_hakaksesadmin:9282
[   25431ms] [LOG] undefined @ https://phbidlautdemo.prahu-hub.com/adminprahu/tambah_hakaksesadmin:9282
[   25431ms] [LOG] undefined @ https://phbidlautdemo.prahu-hub.com/adminprahu/tambah_hakaksesadmin:9282
[   25431ms] [LOG] undefined @ https://phbidlautdemo.prahu-hub.com/adminprahu/tambah_hakaksesadmin:9282
[   25431ms] [LOG] undefined @ https://phbidlautdemo.prahu-hub.com/adminprahu/tambah_hakaksesadmin:9282
[   25432ms] [LOG] undefined @ https://phbidlautdemo.prahu-hub.com/adminprahu/tambah_hakaksesadmin:9282
[   25432ms] [LOG] undefined @ https://phbidlautdemo.prahu-hub.com/adminprahu/tambah_hakaksesadmin:9282
[   25432ms] [LOG] undefined @ https://phbidlautdemo.prahu-hub.com/adminprahu/tambah_hakaksesadmin:9282
[   25432ms] [LOG] undefined @ https://phbidlautdemo.prahu-hub.com/adminprahu/tambah_hakaksesadmin:9282
[   25432ms] [LOG] undefined @ https://phbidlautdemo.prahu-hub.com/adminprahu/tambah_hakaksesadmin:9282
[   25432ms] [LOG] undefined @ https://phbidlautdemo.prahu-hub.com/adminprahu/tambah_hakaksesadmin:9282
[   25432ms] [LOG] undefined @ https://phbidlautdemo.prahu-hub.com/adminprahu/tambah_hakaksesadmin:9282
[   25432ms] [LOG] undefined @ https://phbidlautdemo.prahu-hub.com/adminprahu/tambah_hakaksesadmin:9282
[   25433ms] [LOG] undefined @ https://phbidlautdemo.prahu-hub.com/adminprahu/tambah_hakaksesadmin:9282
[   25433ms] [LOG] undefined @ https://phbidlautdemo.prahu-hub.com/adminprahu/tambah_hakaksesadmin:9282
[   25433ms] [LOG] undefined @ https://phbidlautdemo.prahu-hub.com/adminprahu/tambah_hakaksesadmin:9282
[   25433ms] [LOG] undefined @ https://phbidlautdemo.prahu-hub.com/adminprahu/tambah_hakaksesadmin:9282
[   25433ms] [LOG] undefined @ https://phbidlautdemo.prahu-hub.com/adminprahu/tambah_hakaksesadmin:9282
[   25433ms] [LOG] undefined @ https://phbidlautdemo.prahu-hub.com/adminprahu/tambah_hakaksesadmin:9282
[   25434ms] [LOG] undefined @ https://phbidlautdemo.prahu-hub.com/adminprahu/tambah_hakaksesadmin:9282
[   25434ms] [LOG] undefined @ https://phbidlautdemo.prahu-hub.com/adminprahu/tambah_hakaksesadmin:9282
[   25434ms] [LOG] undefined @ https://phbidlautdemo.prahu-hub.com/adminprahu/tambah_hakaksesadmin:9282
[   25434ms] [LOG] undefined @ https://phbidlautdemo.prahu-hub.com/adminprahu/tambah_hakaksesadmin:9282
[   25434ms] [LOG] undefined @ https://phbidlautdemo.prahu-hub.com/adminprahu/tambah_hakaksesadmin:9282
[   25434ms] [LOG] undefined @ https://phbidlautdemo.prahu-hub.com/adminprahu/tambah_hakaksesadmin:9282
[   25434ms] [LOG] undefined @ https://phbidlautdemo.prahu-hub.com/adminprahu/tambah_hakaksesadmin:9282
[   25435ms] [LOG] undefined @ https://phbidlautdemo.prahu-hub.com/adminprahu/tambah_hakaksesadmin:9282
[   25435ms] [LOG] undefined @ https://phbidlautdemo.prahu-hub.com/adminprahu/tambah_hakaksesadmin:9282
[   25435ms] [LOG] undefined @ https://phbidlautdemo.prahu-hub.com/adminprahu/tambah_hakaksesadmin:9282
[   25435ms] [LOG] undefined @ https://phbidlautdemo.prahu-hub.com/adminprahu/tambah_hakaksesadmin:9282
[   25435ms] [LOG] undefined @ https://phbidlautdemo.prahu-hub.com/adminprahu/tambah_hakaksesadmin:9282
[   25435ms] [LOG] undefined @ https://phbidlautdemo.prahu-hub.com/adminprahu/tambah_hakaksesadmin:9282
[   25436ms] [LOG] undefined @ https://phbidlautdemo.prahu-hub.com/adminprahu/tambah_hakaksesadmin:9282
[   25436ms] [LOG] undefined @ https://phbidlautdemo.prahu-hub.com/adminprahu/tambah_hakaksesadmin:9282
[   25436ms] [LOG] undefined @ https://phbidlautdemo.prahu-hub.com/adminprahu/tambah_hakaksesadmin:9282
[   25436ms] [LOG] undefined @ https://phbidlautdemo.prahu-hub.com/adminprahu/tambah_hakaksesadmin:9282
[   25436ms] [LOG] undefined @ https://phbidlautdemo.prahu-hub.com/adminprahu/tambah_hakaksesadmin:9282
[   25436ms] [LOG] undefined @ https://phbidlautdemo.prahu-hub.com/adminprahu/tambah_hakaksesadmin:9282
[   25437ms] [LOG] undefined @ https://phbidlautdemo.prahu-hub.com/adminprahu/tambah_hakaksesadmin:9282
[   25437ms] [LOG] undefined @ https://phbidlautdemo.prahu-hub.com/adminprahu/tambah_hakaksesadmin:9282
[   25437ms] [LOG] undefined @ https://phbidlautdemo.prahu-hub.com/adminprahu/tambah_hakaksesadmin:9282
[   25437ms] [LOG] undefined @ https://phbidlautdemo.prahu-hub.com/adminprahu/tambah_hakaksesadmin:9282
[   25437ms] [LOG] undefined @ https://phbidlautdemo.prahu-hub.com/adminprahu/tambah_hakaksesadmin:9282
[   25437ms] [LOG] undefined @ https://phbidlautdemo.prahu-hub.com/adminprahu/tambah_hakaksesadmin:9282
[   25437ms] [LOG] undefined @ https://phbidlautdemo.prahu-hub.com/adminprahu/tambah_hakaksesadmin:9282
[   25438ms] [LOG] undefined @ https://phbidlautdemo.prahu-hub.com/adminprahu/tambah_hakaksesadmin:9282
[   25438ms] [LOG] undefined @ https://phbidlautdemo.prahu-hub.com/adminprahu/tambah_hakaksesadmin:9282
[   25438ms] [LOG] undefined @ https://phbidlautdemo.prahu-hub.com/adminprahu/tambah_hakaksesadmin:9282
[   25438ms] [LOG] undefined @ https://phbidlautdemo.prahu-hub.com/adminprahu/tambah_hakaksesadmin:9282
[   25438ms] [LOG] undefined @ https://phbidlautdemo.prahu-hub.com/adminprahu/tambah_hakaksesadmin:9282
[   25438ms] [LOG] undefined @ https://phbidlautdemo.prahu-hub.com/adminprahu/tambah_hakaksesadmin:9282
[   25439ms] [LOG] undefined @ https://phbidlautdemo.prahu-hub.com/adminprahu/tambah_hakaksesadmin:9282
[   25439ms] [LOG] undefined @ https://phbidlautdemo.prahu-hub.com/adminprahu/tambah_hakaksesadmin:9282
[   25439ms] [LOG] undefined @ https://phbidlautdemo.prahu-hub.com/adminprahu/tambah_hakaksesadmin:9282
[   25439ms] [LOG] undefined @ https://phbidlautdemo.prahu-hub.com/adminprahu/tambah_hakaksesadmin:9282
[   25439ms] [LOG] undefined @ https://phbidlautdemo.prahu-hub.com/adminprahu/tambah_hakaksesadmin:9282
[   25439ms] [LOG] undefined @ https://phbidlautdemo.prahu-hub.com/adminprahu/tambah_hakaksesadmin:9282
[   25440ms] [LOG] undefined @ https://phbidlautdemo.prahu-hub.com/adminprahu/tambah_hakaksesadmin:9282
[   25440ms] [LOG] undefined @ https://phbidlautdemo.prahu-hub.com/adminprahu/tambah_hakaksesadmin:9282
[   25440ms] [LOG] undefined @ https://phbidlautdemo.prahu-hub.com/adminprahu/tambah_hakaksesadmin:9282
[   25440ms] [LOG] undefined @ https://phbidlautdemo.prahu-hub.com/adminprahu/tambah_hakaksesadmin:9282
[   25440ms] [LOG] undefined @ https://phbidlautdemo.prahu-hub.com/adminprahu/tambah_hakaksesadmin:9282
[   25440ms] [LOG] undefined @ https://phbidlautdemo.prahu-hub.com/adminprahu/tambah_hakaksesadmin:9282
[   25440ms] [LOG] undefined @ https://phbidlautdemo.prahu-hub.com/adminprahu/tambah_hakaksesadmin:9282
[   25441ms] [LOG] undefined @ https://phbidlautdemo.prahu-hub.com/adminprahu/tambah_hakaksesadmin:9282
[   25441ms] [LOG] undefined @ https://phbidlautdemo.prahu-hub.com/adminprahu/tambah_hakaksesadmin:9282
[   25441ms] [LOG] undefined @ https://phbidlautdemo.prahu-hub.com/adminprahu/tambah_hakaksesadmin:9282
[   25441ms] [LOG] undefined @ https://phbidlautdemo.prahu-hub.com/adminprahu/tambah_hakaksesadmin:9282
[   25441ms] [LOG] undefined @ https://phbidlautdemo.prahu-hub.com/adminprahu/tambah_hakaksesadmin:9282
[   25442ms] [LOG] undefined @ https://phbidlautdemo.prahu-hub.com/adminprahu/tambah_hakaksesadmin:9282
[   25442ms] [LOG] undefined @ https://phbidlautdemo.prahu-hub.com/adminprahu/tambah_hakaksesadmin:9282
[   25442ms] [LOG] undefined @ https://phbidlautdemo.prahu-hub.com/adminprahu/tambah_hakaksesadmin:9282
[   25442ms] [LOG] undefined @ https://phbidlautdemo.prahu-hub.com/adminprahu/tambah_hakaksesadmin:9282
[   25442ms] [LOG] undefined @ https://phbidlautdemo.prahu-hub.com/adminprahu/tambah_hakaksesadmin:9282
[   25442ms] [LOG] undefined @ https://phbidlautdemo.prahu-hub.com/adminprahu/tambah_hakaksesadmin:9282
[   25442ms] [LOG] undefined @ https://phbidlautdemo.prahu-hub.com/adminprahu/tambah_hakaksesadmin:9282
[   25443ms] [LOG] undefined @ https://phbidlautdemo.prahu-hub.com/adminprahu/tambah_hakaksesadmin:9282
[   25443ms] [LOG] undefined @ https://phbidlautdemo.prahu-hub.com/adminprahu/tambah_hakaksesadmin:9282
[   25443ms] [LOG] undefined @ https://phbidlautdemo.prahu-hub.com/adminprahu/tambah_hakaksesadmin:9282
[   25443ms] [LOG] undefined @ https://phbidlautdemo.prahu-hub.com/adminprahu/tambah_hakaksesadmin:9282
[   25443ms] [LOG] undefined @ https://phbidlautdemo.prahu-hub.com/adminprahu/tambah_hakaksesadmin:9282
[   25443ms] [LOG] undefined @ https://phbidlautdemo.prahu-hub.com/adminprahu/tambah_hakaksesadmin:9282
[   25444ms] [LOG] undefined @ https://phbidlautdemo.prahu-hub.com/adminprahu/tambah_hakaksesadmin:9282
[   25444ms] [LOG] undefined @ https://phbidlautdemo.prahu-hub.com/adminprahu/tambah_hakaksesadmin:9282
[   25444ms] [LOG] undefined @ https://phbidlautdemo.prahu-hub.com/adminprahu/tambah_hakaksesadmin:9282
[   25444ms] [LOG] undefined @ https://phbidlautdemo.prahu-hub.com/adminprahu/tambah_hakaksesadmin:9282
[   25444ms] [LOG] undefined @ https://phbidlautdemo.prahu-hub.com/adminprahu/tambah_hakaksesadmin:9282
[   25444ms] [LOG] undefined @ https://phbidlautdemo.prahu-hub.com/adminprahu/tambah_hakaksesadmin:9282
[   25445ms] [LOG] undefined @ https://phbidlautdemo.prahu-hub.com/adminprahu/tambah_hakaksesadmin:9282
[   25445ms] [LOG] undefined @ https://phbidlautdemo.prahu-hub.com/adminprahu/tambah_hakaksesadmin:9282
[   25445ms] [LOG] undefined @ https://phbidlautdemo.prahu-hub.com/adminprahu/tambah_hakaksesadmin:9282
[   25445ms] [LOG] undefined @ https://phbidlautdemo.prahu-hub.com/adminprahu/tambah_hakaksesadmin:9282
[   25445ms] [LOG] undefined @ https://phbidlautdemo.prahu-hub.com/adminprahu/tambah_hakaksesadmin:9282
[   25445ms] [LOG] undefined @ https://phbidlautdemo.prahu-hub.com/adminprahu/tambah_hakaksesadmin:9282
[   25445ms] [LOG] undefined @ https://phbidlautdemo.prahu-hub.com/adminprahu/tambah_hakaksesadmin:9282
[   25446ms] [LOG] undefined @ https://phbidlautdemo.prahu-hub.com/adminprahu/tambah_hakaksesadmin:9282
[   25446ms] [LOG] undefined @ https://phbidlautdemo.prahu-hub.com/adminprahu/tambah_hakaksesadmin:9282
[   25446ms] [LOG] undefined @ https://phbidlautdemo.prahu-hub.com/adminprahu/tambah_hakaksesadmin:9282
[   25446ms] [LOG] undefined @ https://phbidlautdemo.prahu-hub.com/adminprahu/tambah_hakaksesadmin:9282
[   25446ms] [LOG] undefined @ https://phbidlautdemo.prahu-hub.com/adminprahu/tambah_hakaksesadmin:9282
[   25446ms] [LOG] undefined @ https://phbidlautdemo.prahu-hub.com/adminprahu/tambah_hakaksesadmin:9282
[   25446ms] [LOG] undefined @ https://phbidlautdemo.prahu-hub.com/adminprahu/tambah_hakaksesadmin:9282
[   25447ms] [LOG] undefined @ https://phbidlautdemo.prahu-hub.com/adminprahu/tambah_hakaksesadmin:9282
[   25447ms] [LOG] undefined @ https://phbidlautdemo.prahu-hub.com/adminprahu/tambah_hakaksesadmin:9282
[   25447ms] [LOG] undefined @ https://phbidlautdemo.prahu-hub.com/adminprahu/tambah_hakaksesadmin:9282
[   25447ms] [LOG] undefined @ https://phbidlautdemo.prahu-hub.com/adminprahu/tambah_hakaksesadmin:9282
[   25447ms] [LOG] undefined @ https://phbidlautdemo.prahu-hub.com/adminprahu/tambah_hakaksesadmin:9282
[   25447ms] [LOG] undefined @ https://phbidlautdemo.prahu-hub.com/adminprahu/tambah_hakaksesadmin:9282
[   25447ms] [LOG] undefined @ https://phbidlautdemo.prahu-hub.com/adminprahu/tambah_hakaksesadmin:9282
[   25448ms] [LOG] undefined @ https://phbidlautdemo.prahu-hub.com/adminprahu/tambah_hakaksesadmin:9282
[   25448ms] [LOG] undefined @ https://phbidlautdemo.prahu-hub.com/adminprahu/tambah_hakaksesadmin:9282
[   25448ms] [LOG] undefined @ https://phbidlautdemo.prahu-hub.com/adminprahu/tambah_hakaksesadmin:9282
[   25448ms] [LOG] undefined @ https://phbidlautdemo.prahu-hub.com/adminprahu/tambah_hakaksesadmin:9282
[   25448ms] [LOG] undefined @ https://phbidlautdemo.prahu-hub.com/adminprahu/tambah_hakaksesadmin:9282
[   25448ms] [LOG] undefined @ https://phbidlautdemo.prahu-hub.com/adminprahu/tambah_hakaksesadmin:9282
[   25449ms] [LOG] undefined @ https://phbidlautdemo.prahu-hub.com/adminprahu/tambah_hakaksesadmin:9282
[   25449ms] [LOG] undefined @ https://phbidlautdemo.prahu-hub.com/adminprahu/tambah_hakaksesadmin:9282
[   25449ms] [LOG] undefined @ https://phbidlautdemo.prahu-hub.com/adminprahu/tambah_hakaksesadmin:9282
[   25449ms] [LOG] undefined @ https://phbidlautdemo.prahu-hub.com/adminprahu/tambah_hakaksesadmin:9282
[   25449ms] [LOG] undefined @ https://phbidlautdemo.prahu-hub.com/adminprahu/tambah_hakaksesadmin:9282
[   25449ms] [LOG] undefined @ https://phbidlautdemo.prahu-hub.com/adminprahu/tambah_hakaksesadmin:9282
[   25450ms] [LOG] undefined @ https://phbidlautdemo.prahu-hub.com/adminprahu/tambah_hakaksesadmin:9282
[   25450ms] [LOG] undefined @ https://phbidlautdemo.prahu-hub.com/adminprahu/tambah_hakaksesadmin:9282
[   25450ms] [LOG] undefined @ https://phbidlautdemo.prahu-hub.com/adminprahu/tambah_hakaksesadmin:9282
[   25450ms] [LOG] undefined @ https://phbidlautdemo.prahu-hub.com/adminprahu/tambah_hakaksesadmin:9282
[   25450ms] [LOG] undefined @ https://phbidlautdemo.prahu-hub.com/adminprahu/tambah_hakaksesadmin:9282
[   25450ms] [LOG] undefined @ https://phbidlautdemo.prahu-hub.com/adminprahu/tambah_hakaksesadmin:9282
[   25451ms] [LOG] undefined @ https://phbidlautdemo.prahu-hub.com/adminprahu/tambah_hakaksesadmin:9282
[   25451ms] [LOG] undefined @ https://phbidlautdemo.prahu-hub.com/adminprahu/tambah_hakaksesadmin:9282
[   25451ms] [LOG] undefined @ https://phbidlautdemo.prahu-hub.com/adminprahu/tambah_hakaksesadmin:9282
[   25451ms] [LOG] undefined @ https://phbidlautdemo.prahu-hub.com/adminprahu/tambah_hakaksesadmin:9282
[   25451ms] [LOG] undefined @ https://phbidlautdemo.prahu-hub.com/adminprahu/tambah_hakaksesadmin:9282
[   25451ms] [LOG] undefined @ https://phbidlautdemo.prahu-hub.com/adminprahu/tambah_hakaksesadmin:9282
[   25451ms] [LOG] undefined @ https://phbidlautdemo.prahu-hub.com/adminprahu/tambah_hakaksesadmin:9282
[   25452ms] [LOG] undefined @ https://phbidlautdemo.prahu-hub.com/adminprahu/tambah_hakaksesadmin:9282
[   25452ms] [LOG] undefined @ https://phbidlautdemo.prahu-hub.com/adminprahu/tambah_hakaksesadmin:9282
[   25452ms] [LOG] undefined @ https://phbidlautdemo.prahu-hub.com/adminprahu/tambah_hakaksesadmin:9282
[   25452ms] [LOG] undefined @ https://phbidlautdemo.prahu-hub.com/adminprahu/tambah_hakaksesadmin:9282
[   25452ms] [LOG] undefined @ https://phbidlautdemo.prahu-hub.com/adminprahu/tambah_hakaksesadmin:9282
[   25452ms] [LOG] undefined @ https://phbidlautdemo.prahu-hub.com/adminprahu/tambah_hakaksesadmin:9282
[   25453ms] [LOG] undefined @ https://phbidlautdemo.prahu-hub.com/adminprahu/tambah_hakaksesadmin:9282
[   25453ms] [LOG] undefined @ https://phbidlautdemo.prahu-hub.com/adminprahu/tambah_hakaksesadmin:9282
[   25453ms] [LOG] undefined @ https://phbidlautdemo.prahu-hub.com/adminprahu/tambah_hakaksesadmin:9282
[   25453ms] [LOG] undefined @ https://phbidlautdemo.prahu-hub.com/adminprahu/tambah_hakaksesadmin:9282
[   25453ms] [LOG] undefined @ https://phbidlautdemo.prahu-hub.com/adminprahu/tambah_hakaksesadmin:9282
[   25453ms] [LOG] undefined @ https://phbidlautdemo.prahu-hub.com/adminprahu/tambah_hakaksesadmin:9282
[   25453ms] [LOG] undefined @ https://phbidlautdemo.prahu-hub.com/adminprahu/tambah_hakaksesadmin:9282
[   25454ms] [LOG] undefined @ https://phbidlautdemo.prahu-hub.com/adminprahu/tambah_hakaksesadmin:9282
[   25454ms] [LOG] undefined @ https://phbidlautdemo.prahu-hub.com/adminprahu/tambah_hakaksesadmin:9282
[   25454ms] [LOG] undefined @ https://phbidlautdemo.prahu-hub.com/adminprahu/tambah_hakaksesadmin:9282
[   25454ms] [LOG] undefined @ https://phbidlautdemo.prahu-hub.com/adminprahu/tambah_hakaksesadmin:9282
[   25454ms] [LOG] undefined @ https://phbidlautdemo.prahu-hub.com/adminprahu/tambah_hakaksesadmin:9282
[   25455ms] [LOG] undefined @ https://phbidlautdemo.prahu-hub.com/adminprahu/tambah_hakaksesadmin:9282
[   25455ms] [LOG] undefined @ https://phbidlautdemo.prahu-hub.com/adminprahu/tambah_hakaksesadmin:9282
[   25455ms] [LOG] undefined @ https://phbidlautdemo.prahu-hub.com/adminprahu/tambah_hakaksesadmin:9282
[   25455ms] [LOG] undefined @ https://phbidlautdemo.prahu-hub.com/adminprahu/tambah_hakaksesadmin:9282
[   25455ms] [LOG] undefined @ https://phbidlautdemo.prahu-hub.com/adminprahu/tambah_hakaksesadmin:9282
[   25455ms] [LOG] undefined @ https://phbidlautdemo.prahu-hub.com/adminprahu/tambah_hakaksesadmin:9282
[   25455ms] [LOG] undefined @ https://phbidlautdemo.prahu-hub.com/adminprahu/tambah_hakaksesadmin:9282
[   25456ms] [LOG] undefined @ https://phbidlautdemo.prahu-hub.com/adminprahu/tambah_hakaksesadmin:9282
[   25456ms] [LOG] undefined @ https://phbidlautdemo.prahu-hub.com/adminprahu/tambah_hakaksesadmin:9282
[   25456ms] [LOG] undefined @ https://phbidlautdemo.prahu-hub.com/adminprahu/tambah_hakaksesadmin:9282
[   25456ms] [LOG] undefined @ https://phbidlautdemo.prahu-hub.com/adminprahu/tambah_hakaksesadmin:9282
[   25456ms] [LOG] undefined @ https://phbidlautdemo.prahu-hub.com/adminprahu/tambah_hakaksesadmin:9282
[   25456ms] [LOG] undefined @ https://phbidlautdemo.prahu-hub.com/adminprahu/tambah_hakaksesadmin:9282
[   25456ms] [LOG] undefined @ https://phbidlautdemo.prahu-hub.com/adminprahu/tambah_hakaksesadmin:9282
[   25457ms] [LOG] undefined @ https://phbidlautdemo.prahu-hub.com/adminprahu/tambah_hakaksesadmin:9282
[   25457ms] [LOG] undefined @ https://phbidlautdemo.prahu-hub.com/adminprahu/tambah_hakaksesadmin:9282
[   25457ms] [LOG] undefined @ https://phbidlautdemo.prahu-hub.com/adminprahu/tambah_hakaksesadmin:9282
[   25457ms] [LOG] undefined @ https://phbidlautdemo.prahu-hub.com/adminprahu/tambah_hakaksesadmin:9282
[   25457ms] [LOG] undefined @ https://phbidlautdemo.prahu-hub.com/adminprahu/tambah_hakaksesadmin:9282
[   25457ms] [LOG] undefined @ https://phbidlautdemo.prahu-hub.com/adminprahu/tambah_hakaksesadmin:9282
[   25457ms] [LOG] undefined @ https://phbidlautdemo.prahu-hub.com/adminprahu/tambah_hakaksesadmin:9282
[   25458ms] [LOG] undefined @ https://phbidlautdemo.prahu-hub.com/adminprahu/tambah_hakaksesadmin:9282
[   25458ms] [LOG] undefined @ https://phbidlautdemo.prahu-hub.com/adminprahu/tambah_hakaksesadmin:9282
[   25458ms] [LOG] undefined @ https://phbidlautdemo.prahu-hub.com/adminprahu/tambah_hakaksesadmin:9282
[   25458ms] [LOG] undefined @ https://phbidlautdemo.prahu-hub.com/adminprahu/tambah_hakaksesadmin:9282
[   25458ms] [LOG] undefined @ https://phbidlautdemo.prahu-hub.com/adminprahu/tambah_hakaksesadmin:9282
[   25458ms] [LOG] undefined @ https://phbidlautdemo.prahu-hub.com/adminprahu/tambah_hakaksesadmin:9282
[   25458ms] [LOG] undefined @ https://phbidlautdemo.prahu-hub.com/adminprahu/tambah_hakaksesadmin:9282
[   25459ms] [LOG] undefined @ https://phbidlautdemo.prahu-hub.com/adminprahu/tambah_hakaksesadmin:9282
[   25459ms] [LOG] undefined @ https://phbidlautdemo.prahu-hub.com/adminprahu/tambah_hakaksesadmin:9282
[   25459ms] [LOG] undefined @ https://phbidlautdemo.prahu-hub.com/adminprahu/tambah_hakaksesadmin:9282
[   25459ms] [LOG] undefined @ https://phbidlautdemo.prahu-hub.com/adminprahu/tambah_hakaksesadmin:9282
[   25459ms] [LOG] undefined @ https://phbidlautdemo.prahu-hub.com/adminprahu/tambah_hakaksesadmin:9282
[   25459ms] [LOG] undefined @ https://phbidlautdemo.prahu-hub.com/adminprahu/tambah_hakaksesadmin:9282
[   25460ms] [LOG] undefined @ https://phbidlautdemo.prahu-hub.com/adminprahu/tambah_hakaksesadmin:9282
[   25460ms] [LOG] undefined @ https://phbidlautdemo.prahu-hub.com/adminprahu/tambah_hakaksesadmin:9282
[   25460ms] [LOG] undefined @ https://phbidlautdemo.prahu-hub.com/adminprahu/tambah_hakaksesadmin:9282
[   25460ms] [LOG] undefined @ https://phbidlautdemo.prahu-hub.com/adminprahu/tambah_hakaksesadmin:9282
[   25460ms] [LOG] undefined @ https://phbidlautdemo.prahu-hub.com/adminprahu/tambah_hakaksesadmin:9282
[   25460ms] [LOG] undefined @ https://phbidlautdemo.prahu-hub.com/adminprahu/tambah_hakaksesadmin:9282
[   25460ms] [LOG] undefined @ https://phbidlautdemo.prahu-hub.com/adminprahu/tambah_hakaksesadmin:9282
[   25461ms] [LOG] undefined @ https://phbidlautdemo.prahu-hub.com/adminprahu/tambah_hakaksesadmin:9282
[   25461ms] [LOG] undefined @ https://phbidlautdemo.prahu-hub.com/adminprahu/tambah_hakaksesadmin:9282
[   25461ms] [LOG] undefined @ https://phbidlautdemo.prahu-hub.com/adminprahu/tambah_hakaksesadmin:9282
[   25461ms] [LOG] undefined @ https://phbidlautdemo.prahu-hub.com/adminprahu/tambah_hakaksesadmin:9282
[   25461ms] [LOG] undefined @ https://phbidlautdemo.prahu-hub.com/adminprahu/tambah_hakaksesadmin:9282
[   25461ms] [LOG] undefined @ https://phbidlautdemo.prahu-hub.com/adminprahu/tambah_hakaksesadmin:9282
[   25462ms] [LOG] undefined @ https://phbidlautdemo.prahu-hub.com/adminprahu/tambah_hakaksesadmin:9282
[   25462ms] [LOG] undefined @ https://phbidlautdemo.prahu-hub.com/adminprahu/tambah_hakaksesadmin:9282
[   25462ms] [LOG] undefined @ https://phbidlautdemo.prahu-hub.com/adminprahu/tambah_hakaksesadmin:9282
[   25462ms] [LOG] undefined @ https://phbidlautdemo.prahu-hub.com/adminprahu/tambah_hakaksesadmin:9282
[   25462ms] [LOG] undefined @ https://phbidlautdemo.prahu-hub.com/adminprahu/tambah_hakaksesadmin:9282
[   25462ms] [LOG] undefined @ https://phbidlautdemo.prahu-hub.com/adminprahu/tambah_hakaksesadmin:9282
[   25462ms] [LOG] undefined @ https://phbidlautdemo.prahu-hub.com/adminprahu/tambah_hakaksesadmin:9282
[   25463ms] [LOG] undefined @ https://phbidlautdemo.prahu-hub.com/adminprahu/tambah_hakaksesadmin:9282
[   25463ms] [LOG] undefined @ https://phbidlautdemo.prahu-hub.com/adminprahu/tambah_hakaksesadmin:9282
[   25463ms] [LOG] undefined @ https://phbidlautdemo.prahu-hub.com/adminprahu/tambah_hakaksesadmin:9282
[   25465ms] [LOG] WebSocket connection @ https://phbidlautdemo.prahu-hub.com/adminprahu/tambah_hakaksesadmin:9325
[   25465ms] [LOG] WebSocket connection attempting... @ https://phbidlautdemo.prahu-hub.com/adminprahu/tambah_hakaksesadmin:9403
[   25663ms] [LOG] WebSocket connected @ https://phbidlautdemo.prahu-hub.com/adminprahu/tambah_hakaksesadmin:9334
[   25668ms] [LOG] update_dashboard_order_laut @ https://phbidlautdemo.prahu-hub.com/adminprahu/tambah_hakaksesadmin:9375
[   25730ms] [LOG] Connected @ https://phbidlautdemo.prahu-hub.com/adminprahu/tambah_hakaksesadmin:9375
[   26154ms] [LOG] 200 xhrglobal @ https://phbidlautdemo.prahu-hub.com/adminprahu/tambah_hakaksesadmin:9256
[   26263ms] [LOG] 200 xhrglobal @ https://phbidlautdemo.prahu-hub.com/adminprahu/tambah_hakaksesadmin:9256
[   27412ms] TypeError: $(...).DataTable is not a function
    at https://phbidlautdemo.prahu-hub.com/_resources/themes/prahutheme/js/scripts-init/tables.js:7:23
[   42420ms] Cannot use import statement outside a module
[   42457ms] ReferenceError: Chart is not defined
    at https://phbidlautdemo.prahu-hub.com/_resources/themes/prahutheme/js/scripts-init/charts/chartjs.js:8:13
[   43514ms] Unexpected token '<'
[   43515ms] Unexpected token '<'
[   43611ms] Uncaught TypeError: expect element to be DOM Element, but got null
    at n.init (https://cdnjs.cloudflare.com/ajax/libs/smooth-scrollbar/8.5.2/smooth-scrollbar.js:24:264)
    at <anonymous> (https://phbidlautdemo.prahu-hub.com/home/hakaksesbidowner:5570:14)
[   43676ms] [LOG] Pengaturan Akunnamanya @ https://phbidlautdemo.prahu-hub.com/home/hakaksesbidowner:2040
[   43696ms] [LOG] Masukkan Nama Hak Akses @ https://phbidlautdemo.prahu-hub.com/home/hakaksesbidowner:5923
[   43696ms] [LOG] undefined @ https://phbidlautdemo.prahu-hub.com/home/hakaksesbidowner:5923
[   43697ms] [LOG] undefined @ https://phbidlautdemo.prahu-hub.com/home/hakaksesbidowner:5923
[   43697ms] [LOG] Masukkan Nama Kemasan @ https://phbidlautdemo.prahu-hub.com/home/hakaksesbidowner:5923
[   43700ms] [LOG] undefined @ https://phbidlautdemo.prahu-hub.com/home/hakaksesbidowner:5923
[   43702ms] [LOG] WebSocket connection @ https://phbidlautdemo.prahu-hub.com/home/hakaksesbidowner:5966
[   43705ms] [LOG] WebSocket connection attempting... @ https://phbidlautdemo.prahu-hub.com/home/hakaksesbidowner:6044
[   43841ms] [LOG] WebSocket connected @ https://phbidlautdemo.prahu-hub.com/home/hakaksesbidowner:5975
[   43845ms] [LOG] update_dashboard_order_laut @ https://phbidlautdemo.prahu-hub.com/home/hakaksesbidowner:6016
[   43874ms] [LOG] Connected @ https://phbidlautdemo.prahu-hub.com/home/hakaksesbidowner:6016
[   44401ms] [LOG] [Object, Object, Object, Object, Object, Object, Object, Object, Object, Object, Object, Object, Object, Object, Object, Object, Object, Object, Object, Object] @ https://phbidlautdemo.prahu-hub.com/_resources/themes/prahutheme/javascript/custom/hakaksesbidowner.js?m=1787972929:124
[   44412ms] [LOG] 23 @ https://phbidlautdemo.prahu-hub.com/_resources/themes/prahutheme/javascript/custom/hakaksesbidowner.js?m=1787972929:775
[   44412ms] [LOG] 23 countView1 1 pageNow 20 limitView1 @ https://phbidlautdemo.prahu-hub.com/_resources/themes/prahutheme/javascript/custom/hakaksesbidowner.js?m=1787972929:777
[   44413ms] [LOG] 20 @ https://phbidlautdemo.prahu-hub.com/_resources/themes/prahutheme/javascript/custom/hakaksesbidowner.js?m=1787972929:783
[   44414ms] [LOG] 23 jumlah data @ https://phbidlautdemo.prahu-hub.com/_resources/themes/prahutheme/javascript/custom/hakaksesbidowner.js?m=1787972929:740
[   44414ms] [LOG] 2 @ https://phbidlautdemo.prahu-hub.com/_resources/themes/prahutheme/javascript/custom/hakaksesbidowner.js?m=1787972929:742
[   44416ms] [LOG] 2 1 pageCount & pageNow @ https://phbidlautdemo.prahu-hub.com/_resources/themes/prahutheme/javascript/custom/hakaksesbidowner.js?m=1787972929:666
[   44418ms] [LOG] 200 xhrglobal @ https://phbidlautdemo.prahu-hub.com/home/hakaksesbidowner:5897
[   44419ms] [LOG] ce.fn.init stepItem @ https://phbidlautdemo.prahu-hub.com/_resources/themes/prahutheme/javascript/custom/hakaksesbidowner.js?m=1787972929:640
[   45054ms] [LOG] 200 xhrglobal @ https://phbidlautdemo.prahu-hub.com/home/hakaksesbidowner:5897
[   45495ms] [LOG] 200 xhrglobal @ https://phbidlautdemo.prahu-hub.com/home/hakaksesbidowner:5897
[   45696ms] TypeError: $(...).DataTable is not a function
    at https://phbidlautdemo.prahu-hub.com/_resources/themes/prahutheme/js/scripts-init/tables.js:7:23
[   49060ms] Cannot use import statement outside a module
[   49081ms] ReferenceError: Chart is not defined
    at https://phbidlautdemo.prahu-hub.com/_resources/themes/prahutheme/js/scripts-init/charts/chartjs.js:8:13
[   50614ms] Unexpected token '<'
[   50617ms] Unexpected token '<'
[   50701ms] Uncaught TypeError: expect element to be DOM Element, but got null
    at n.init (https://cdnjs.cloudflare.com/ajax/libs/smooth-scrollbar/8.5.2/smooth-scrollbar.js:24:264)
    at <anonymous> (https://phbidlautdemo.prahu-hub.com/adminprahu/subUserAdmin:5490:14)
[   50723ms] [LOG] Pengaturan Akunnamanya @ https://phbidlautdemo.prahu-hub.com/adminprahu/subUserAdmin:2040
[   50732ms] [LOG] undefined @ https://phbidlautdemo.prahu-hub.com/adminprahu/subUserAdmin:5843
[   50732ms] [LOG] Masukkan Nama Sub User @ https://phbidlautdemo.prahu-hub.com/adminprahu/subUserAdmin:5843
[   50733ms] [LOG] Masukkan Email @ https://phbidlautdemo.prahu-hub.com/adminprahu/subUserAdmin:5843
[   50733ms] [LOG] Masukkan Bagian Staff @ https://phbidlautdemo.prahu-hub.com/adminprahu/subUserAdmin:5843
[   50733ms] [LOG] undefined @ https://phbidlautdemo.prahu-hub.com/adminprahu/subUserAdmin:5843
[   50735ms] [LOG] WebSocket connection @ https://phbidlautdemo.prahu-hub.com/adminprahu/subUserAdmin:5886
[   50735ms] [LOG] WebSocket connection attempting... @ https://phbidlautdemo.prahu-hub.com/adminprahu/subUserAdmin:5964
[   50866ms] [LOG] WebSocket connected @ https://phbidlautdemo.prahu-hub.com/adminprahu/subUserAdmin:5895
[   50874ms] [LOG] update_dashboard_order_laut @ https://phbidlautdemo.prahu-hub.com/adminprahu/subUserAdmin:5936
[   50899ms] [LOG] Connected @ https://phbidlautdemo.prahu-hub.com/adminprahu/subUserAdmin:5936
[   51264ms] [LOG] {datatbl: Array(12), data: Object, jumlah: 12, limit: 10, get: Object} @ https://phbidlautdemo.prahu-hub.com/_resources/themes/prahutheme/javascript/custom/subuseradmin.js?m=1787972929:386
[   51268ms] [LOG] [Object, Object, Object, Object, Object, Object, Object, Object, Object, Object, Object, Object] @ https://phbidlautdemo.prahu-hub.com/_resources/themes/prahutheme/javascript/custom/subuseradmin.js?m=1787972929:147
[   51275ms] [LOG] [Object, Object, Object, Object, Object, Object, Object, Object, Object, Object, Object, Object] @ https://phbidlautdemo.prahu-hub.com/_resources/themes/prahutheme/javascript/custom/subuseradmin.js?m=1787972929:43
[   51282ms] [LOG] 12 @ https://phbidlautdemo.prahu-hub.com/_resources/themes/prahutheme/javascript/custom/subuseradmin.js?m=1787972929:358
[   51283ms] [LOG] 12 countView1 1 pageNow 20 limitView1 @ https://phbidlautdemo.prahu-hub.com/_resources/themes/prahutheme/javascript/custom/subuseradmin.js?m=1787972929:360
[   51283ms] [LOG] 12 @ https://phbidlautdemo.prahu-hub.com/_resources/themes/prahutheme/javascript/custom/subuseradmin.js?m=1787972929:366
[   51284ms] [LOG] 12 jumlah data @ https://phbidlautdemo.prahu-hub.com/_resources/themes/prahutheme/javascript/custom/subuseradmin.js?m=1787972929:335
[   51285ms] [LOG] 1 @ https://phbidlautdemo.prahu-hub.com/_resources/themes/prahutheme/javascript/custom/subuseradmin.js?m=1787972929:337
[   51286ms] [LOG] 1 1 pageCount & pageNow @ https://phbidlautdemo.prahu-hub.com/_resources/themes/prahutheme/javascript/custom/subuseradmin.js?m=1787972929:261
[   51288ms] [LOG] 200 xhrglobal @ https://phbidlautdemo.prahu-hub.com/adminprahu/subUserAdmin:5817
[   51289ms] [LOG] ce.fn.init stepItem @ https://phbidlautdemo.prahu-hub.com/_resources/themes/prahutheme/javascript/custom/subuseradmin.js?m=1787972929:235
[   51350ms] [LOG] 200 xhrglobal @ https://phbidlautdemo.prahu-hub.com/adminprahu/subUserAdmin:5817
[   51363ms] [LOG] 200 xhrglobal @ https://phbidlautdemo.prahu-hub.com/adminprahu/subUserAdmin:5817
[   52733ms] TypeError: $(...).DataTable is not a function
    at https://phbidlautdemo.prahu-hub.com/_resources/themes/prahutheme/js/scripts-init/tables.js:7:23
[   57846ms] Cannot use import statement outside a module
[   57888ms] ReferenceError: Chart is not defined
    at https://phbidlautdemo.prahu-hub.com/_resources/themes/prahutheme/js/scripts-init/charts/chartjs.js:8:13
[   58626ms] Unexpected token '<'
[   58628ms] Unexpected token '<'
[   58713ms] Uncaught TypeError: expect element to be DOM Element, but got null
    at n.init (https://cdnjs.cloudflare.com/ajax/libs/smooth-scrollbar/8.5.2/smooth-scrollbar.js:24:264)
    at <anonymous> (https://phbidlautdemo.prahu-hub.com/home/subuserbidowner:5514:14)
[   58750ms] [LOG] Pengaturan Akunnamanya @ https://phbidlautdemo.prahu-hub.com/home/subuserbidowner:2040
[   58762ms] [LOG] Masukkan Nama Sub User @ https://phbidlautdemo.prahu-hub.com/home/subuserbidowner:5867
[   58763ms] [LOG] Masukkan Email @ https://phbidlautdemo.prahu-hub.com/home/subuserbidowner:5867
[   58763ms] [LOG] undefined @ https://phbidlautdemo.prahu-hub.com/home/subuserbidowner:5867
[   58763ms] [LOG] undefined @ https://phbidlautdemo.prahu-hub.com/home/subuserbidowner:5867
[   58763ms] [LOG] Masukkan Nama Bank @ https://phbidlautdemo.prahu-hub.com/home/subuserbidowner:5867
[   58764ms] [LOG] undefined @ https://phbidlautdemo.prahu-hub.com/home/subuserbidowner:5867
[   58765ms] [LOG] WebSocket connection @ https://phbidlautdemo.prahu-hub.com/home/subuserbidowner:5910
[   58765ms] [LOG] WebSocket connection attempting... @ https://phbidlautdemo.prahu-hub.com/home/subuserbidowner:5988
[   58979ms] [LOG] WebSocket connected @ https://phbidlautdemo.prahu-hub.com/home/subuserbidowner:5919
[   58983ms] [LOG] update_dashboard_order_laut @ https://phbidlautdemo.prahu-hub.com/home/subuserbidowner:5960
[   59022ms] [LOG] Connected @ https://phbidlautdemo.prahu-hub.com/home/subuserbidowner:5960
[   59188ms] [LOG] [Object, Object, Object, Object, Object, Object, Object, Object, Object, Object, Object, Object, Object] @ https://phbidlautdemo.prahu-hub.com/_resources/themes/prahutheme/javascript/custom/subuserbidowner.js?m=1787972929:15
[   59193ms] [LOG] 13 @ https://phbidlautdemo.prahu-hub.com/_resources/themes/prahutheme/javascript/custom/subuserbidowner.js?m=1787972929:520
[   59193ms] [LOG] 13 countView1 1 pageNow 20 limitView1 @ https://phbidlautdemo.prahu-hub.com/_resources/themes/prahutheme/javascript/custom/subuserbidowner.js?m=1787972929:522
[   59194ms] [LOG] 13 @ https://phbidlautdemo.prahu-hub.com/_resources/themes/prahutheme/javascript/custom/subuserbidowner.js?m=1787972929:528
[   59194ms] [LOG] 13 jumlah data @ https://phbidlautdemo.prahu-hub.com/_resources/themes/prahutheme/javascript/custom/subuserbidowner.js?m=1787972929:483
[   59195ms] [LOG] 1 @ https://phbidlautdemo.prahu-hub.com/_resources/themes/prahutheme/javascript/custom/subuserbidowner.js?m=1787972929:485
[   59196ms] [LOG] 1 1 pageCount & pageNow @ https://phbidlautdemo.prahu-hub.com/_resources/themes/prahutheme/javascript/custom/subuserbidowner.js?m=1787972929:408
[   59199ms] [LOG] 200 xhrglobal @ https://phbidlautdemo.prahu-hub.com/home/subuserbidowner:5841
[   59445ms] [LOG] 200 xhrglobal @ https://phbidlautdemo.prahu-hub.com/home/subuserbidowner:5841
[   59526ms] [LOG] 200 xhrglobal @ https://phbidlautdemo.prahu-hub.com/home/subuserbidowner:5841
[   60762ms] TypeError: $(...).DataTable is not a function
    at https://phbidlautdemo.prahu-hub.com/_resources/themes/prahutheme/js/scripts-init/tables.js:7:23
[   63158ms] Cannot use import statement outside a module
[   63202ms] ReferenceError: Chart is not defined
    at https://phbidlautdemo.prahu-hub.com/_resources/themes/prahutheme/js/scripts-init/charts/chartjs.js:8:13
[   65513ms] Unexpected token '<'
[   65515ms] Unexpected token '<'
[   65597ms] Uncaught TypeError: expect element to be DOM Element, but got null
    at n.init (https://cdnjs.cloudflare.com/ajax/libs/smooth-scrollbar/8.5.2/smooth-scrollbar.js:24:264)
    at <anonymous> (https://phbidlautdemo.prahu-hub.com/adminprahu/preregister:5418:14)
[   65646ms] [LOG] Validasi Akunnamanya @ https://phbidlautdemo.prahu-hub.com/adminprahu/preregister:2040
[   65659ms] [LOG] undefined @ https://phbidlautdemo.prahu-hub.com/adminprahu/preregister:5771
[   65659ms] [LOG] 1xxx @ https://phbidlautdemo.prahu-hub.com/adminprahu/preregister:5771
[   65659ms] [LOG] undefined @ https://phbidlautdemo.prahu-hub.com/adminprahu/preregister:5771
[   65659ms] [LOG] Masukkan Nama @ https://phbidlautdemo.prahu-hub.com/adminprahu/preregister:5771
[   65659ms] [LOG] Masukkan Nama Perusahaan @ https://phbidlautdemo.prahu-hub.com/adminprahu/preregister:5771
[   65659ms] [LOG] Masukkan Email @ https://phbidlautdemo.prahu-hub.com/adminprahu/preregister:5771
[   65660ms] [LOG] 08xxx @ https://phbidlautdemo.prahu-hub.com/adminprahu/preregister:5771
[   65660ms] [LOG] DD/MM/YYYY @ https://phbidlautdemo.prahu-hub.com/adminprahu/preregister:5771
[   65661ms] [LOG] WebSocket connection @ https://phbidlautdemo.prahu-hub.com/adminprahu/preregister:5814
[   65662ms] [LOG] WebSocket connection attempting... @ https://phbidlautdemo.prahu-hub.com/adminprahu/preregister:5892
[   65811ms] [LOG] WebSocket connected @ https://phbidlautdemo.prahu-hub.com/adminprahu/preregister:5823
[   65814ms] [LOG] update_dashboard_order_laut @ https://phbidlautdemo.prahu-hub.com/adminprahu/preregister:5864
[   65844ms] [LOG] Connected @ https://phbidlautdemo.prahu-hub.com/adminprahu/preregister:5864
[   66228ms] [LOG] [Object, Object, Object, Object, Object, Object, Object, Object, Object, Object, Object, Object, Object, Object, Object, Object, Object, Object, Object, Object] @ https://phbidlautdemo.prahu-hub.com/_resources/themes/prahutheme/javascript/custom/preregister.js?m=1787972929:163
[   66235ms] [LOG] 33 @ https://phbidlautdemo.prahu-hub.com/_resources/themes/prahutheme/javascript/custom/preregister.js?m=1787972929:770
[   66235ms] [LOG] 33 countView1 1 pageNow 20 limitView1 @ https://phbidlautdemo.prahu-hub.com/_resources/themes/prahutheme/javascript/custom/preregister.js?m=1787972929:772
[   66236ms] [LOG] 20 @ https://phbidlautdemo.prahu-hub.com/_resources/themes/prahutheme/javascript/custom/preregister.js?m=1787972929:778
[   66237ms] [LOG] 33 jumlah data @ https://phbidlautdemo.prahu-hub.com/_resources/themes/prahutheme/javascript/custom/preregister.js?m=1787972929:734
[   66237ms] [LOG] 2 @ https://phbidlautdemo.prahu-hub.com/_resources/themes/prahutheme/javascript/custom/preregister.js?m=1787972929:736
[   66238ms] [LOG] 2 1 pageCount & pageNow @ https://phbidlautdemo.prahu-hub.com/_resources/themes/prahutheme/javascript/custom/preregister.js?m=1787972929:660
[   66243ms] [LOG] 200 xhrglobal @ https://phbidlautdemo.prahu-hub.com/adminprahu/preregister:5745
[   66243ms] [LOG] ce.fn.init stepItem @ https://phbidlautdemo.prahu-hub.com/_resources/themes/prahutheme/javascript/custom/preregister.js?m=1787972929:634
[   66302ms] [LOG] 200 xhrglobal @ https://phbidlautdemo.prahu-hub.com/adminprahu/preregister:5745
[   66306ms] [LOG] 200 xhrglobal @ https://phbidlautdemo.prahu-hub.com/adminprahu/preregister:5745
[   67658ms] TypeError: $(...).DataTable is not a function
    at https://phbidlautdemo.prahu-hub.com/_resources/themes/prahutheme/js/scripts-init/tables.js:7:23
[   71533ms] Cannot use import statement outside a module
[   71561ms] ReferenceError: Chart is not defined
    at https://phbidlautdemo.prahu-hub.com/_resources/themes/prahutheme/js/scripts-init/charts/chartjs.js:8:13
[   72619ms] Unexpected token '<'
[   72620ms] Unexpected token '<'
[   72713ms] Uncaught TypeError: expect element to be DOM Element, but got null
    at n.init (https://cdnjs.cloudflare.com/ajax/libs/smooth-scrollbar/8.5.2/smooth-scrollbar.js:24:264)
    at <anonymous> (https://phbidlautdemo.prahu-hub.com/home/bidowner:5246:14)
[   72747ms] [LOG] Validasi Akunnamanya @ https://phbidlautdemo.prahu-hub.com/home/bidowner:2040
[   72757ms] [LOG] undefined @ https://phbidlautdemo.prahu-hub.com/home/bidowner:5599
[   72757ms] [LOG] 1xxx @ https://phbidlautdemo.prahu-hub.com/home/bidowner:5599
[   72757ms] [LOG] Masukkan Nama Perusahaan @ https://phbidlautdemo.prahu-hub.com/home/bidowner:5599
[   72757ms] [LOG] Masukkan Email @ https://phbidlautdemo.prahu-hub.com/home/bidowner:5599
[   72757ms] [LOG] 08xxxxxxxxxxx @ https://phbidlautdemo.prahu-hub.com/home/bidowner:5599
[   72759ms] [LOG] WebSocket connection @ https://phbidlautdemo.prahu-hub.com/home/bidowner:5642
[   72759ms] [LOG] WebSocket connection attempting... @ https://phbidlautdemo.prahu-hub.com/home/bidowner:5720
[   72941ms] [LOG] WebSocket connected @ https://phbidlautdemo.prahu-hub.com/home/bidowner:5651
[   72945ms] [LOG] update_dashboard_order_laut @ https://phbidlautdemo.prahu-hub.com/home/bidowner:5692
[   72992ms] [LOG] Connected @ https://phbidlautdemo.prahu-hub.com/home/bidowner:5692
[   73310ms] [LOG] [Object, Object, Object, Object, Object, Object, Object, Object, Object, Object, Object, Object, Object, Object, Object, Object, Object, Object, Object, Object] @ https://phbidlautdemo.prahu-hub.com/_resources/themes/prahutheme/javascript/custom/bidowner.js?m=1787972929:164
[   73318ms] [LOG] 109 @ https://phbidlautdemo.prahu-hub.com/_resources/themes/prahutheme/javascript/custom/bidowner.js?m=1787972929:702
[   73318ms] [LOG] 109 countView1 1 pageNow 20 limitView1 @ https://phbidlautdemo.prahu-hub.com/_resources/themes/prahutheme/javascript/custom/bidowner.js?m=1787972929:704
[   73318ms] [LOG] 20 @ https://phbidlautdemo.prahu-hub.com/_resources/themes/prahutheme/javascript/custom/bidowner.js?m=1787972929:710
[   73320ms] [LOG] 109 jumlah data @ https://phbidlautdemo.prahu-hub.com/_resources/themes/prahutheme/javascript/custom/bidowner.js?m=1787972929:667
[   73320ms] [LOG] 6 @ https://phbidlautdemo.prahu-hub.com/_resources/themes/prahutheme/javascript/custom/bidowner.js?m=1787972929:669
[   73321ms] [LOG] 6 1 pageCount & pageNow @ https://phbidlautdemo.prahu-hub.com/_resources/themes/prahutheme/javascript/custom/bidowner.js?m=1787972929:593
[   73323ms] [LOG] [Object, Object, Object, Object, Object, Object, Object, Object, Object, Object, Object, Object, Object, Object, Object, Object, Object, Object, Object, Object] @ https://phbidlautdemo.prahu-hub.com/_resources/themes/prahutheme/javascript/custom/bidowner.js?m=1787972929:41
[   73334ms] [LOG] 200 xhrglobal @ https://phbidlautdemo.prahu-hub.com/home/bidowner:5573
[   73335ms] [LOG] ce.fn.init stepItem @ https://phbidlautdemo.prahu-hub.com/_resources/themes/prahutheme/javascript/custom/bidowner.js?m=1787972929:567
[   73456ms] [LOG] 200 xhrglobal @ https://phbidlautdemo.prahu-hub.com/home/bidowner:5573
[   73461ms] [LOG] 200 xhrglobal @ https://phbidlautdemo.prahu-hub.com/home/bidowner:5573
[   74757ms] TypeError: $(...).DataTable is not a function
    at https://phbidlautdemo.prahu-hub.com/_resources/themes/prahutheme/js/scripts-init/tables.js:7:23
[   77653ms] Cannot use import statement outside a module
[   77710ms] ReferenceError: Chart is not defined
    at https://phbidlautdemo.prahu-hub.com/_resources/themes/prahutheme/js/scripts-init/charts/chartjs.js:8:13
[   80491ms] Unexpected token '<'
[   80493ms] Unexpected token '<'
[   80578ms] Uncaught TypeError: expect element to be DOM Element, but got null
    at n.init (https://cdnjs.cloudflare.com/ajax/libs/smooth-scrollbar/8.5.2/smooth-scrollbar.js:24:264)
    at <anonymous> (https://phbidlautdemo.prahu-hub.com/home/bidder:5273:14)
[   80617ms] [LOG] Validasi Akunnamanya @ https://phbidlautdemo.prahu-hub.com/home/bidder:2040
[   80627ms] [LOG] undefined @ https://phbidlautdemo.prahu-hub.com/home/bidder:5626
[   80627ms] [LOG] 1xxx @ https://phbidlautdemo.prahu-hub.com/home/bidder:5626
[   80627ms] [LOG] Masukkan Nama Perusahaan @ https://phbidlautdemo.prahu-hub.com/home/bidder:5626
[   80628ms] [LOG] Masukkan Alias @ https://phbidlautdemo.prahu-hub.com/home/bidder:5626
[   80628ms] [LOG] Masukkan Email @ https://phbidlautdemo.prahu-hub.com/home/bidder:5626
[   80628ms] [LOG] 08xxxxxxxxxxx @ https://phbidlautdemo.prahu-hub.com/home/bidder:5626
[   80629ms] [LOG] WebSocket connection @ https://phbidlautdemo.prahu-hub.com/home/bidder:5669
[   80630ms] [LOG] WebSocket connection attempting... @ https://phbidlautdemo.prahu-hub.com/home/bidder:5747
[   80811ms] [LOG] WebSocket connected @ https://phbidlautdemo.prahu-hub.com/home/bidder:5678
[   80819ms] [LOG] update_dashboard_order_laut @ https://phbidlautdemo.prahu-hub.com/home/bidder:5719
[   80847ms] [LOG] Connected @ https://phbidlautdemo.prahu-hub.com/home/bidder:5719
[   81264ms] [LOG] 200 xhrglobal @ https://phbidlautdemo.prahu-hub.com/home/bidder:5600
[   81302ms] [LOG] 200 xhrglobal @ https://phbidlautdemo.prahu-hub.com/home/bidder:5600
[   81998ms] [LOG] [Object, Object, Object, Object, Object, Object, Object, Object, Object, Object, Object, Object, Object, Object, Object, Object, Object, Object, Object, Object] @ https://phbidlautdemo.prahu-hub.com/_resources/themes/prahutheme/javascript/custom/bidder.js?m=1787972929:178
[   82007ms] [LOG] [Object, Object, Object, Object, Object, Object, Object, Object, Object, Object, Object, Object, Object, Object, Object, Object, Object, Object, Object, Object] @ https://phbidlautdemo.prahu-hub.com/_resources/themes/prahutheme/javascript/custom/bidder.js?m=1787972929:48
[   82019ms] [LOG] 79 @ https://phbidlautdemo.prahu-hub.com/_resources/themes/prahutheme/javascript/custom/bidder.js?m=1787972929:717
[   82019ms] [LOG] 79 countView1 1 pageNow 20 limitView1 @ https://phbidlautdemo.prahu-hub.com/_resources/themes/prahutheme/javascript/custom/bidder.js?m=1787972929:719
[   82020ms] [LOG] 20 @ https://phbidlautdemo.prahu-hub.com/_resources/themes/prahutheme/javascript/custom/bidder.js?m=1787972929:725
[   82021ms] [LOG] 79 jumlah data @ https://phbidlautdemo.prahu-hub.com/_resources/themes/prahutheme/javascript/custom/bidder.js?m=1787972929:682
[   82022ms] [LOG] 4 @ https://phbidlautdemo.prahu-hub.com/_resources/themes/prahutheme/javascript/custom/bidder.js?m=1787972929:684
[   82023ms] [LOG] 4 1 pageCount & pageNow @ https://phbidlautdemo.prahu-hub.com/_resources/themes/prahutheme/javascript/custom/bidder.js?m=1787972929:608
[   82025ms] [LOG] 200 xhrglobal @ https://phbidlautdemo.prahu-hub.com/home/bidder:5600
[   82028ms] [LOG] ce.fn.init stepItem @ https://phbidlautdemo.prahu-hub.com/_resources/themes/prahutheme/javascript/custom/bidder.js?m=1787972929:582
[   82627ms] TypeError: $(...).DataTable is not a function
    at https://phbidlautdemo.prahu-hub.com/_resources/themes/prahutheme/js/scripts-init/tables.js:7:23
[   86139ms] Cannot use import statement outside a module
[   86178ms] ReferenceError: Chart is not defined
    at https://phbidlautdemo.prahu-hub.com/_resources/themes/prahutheme/js/scripts-init/charts/chartjs.js:8:13
[   87711ms] Unexpected token '<'
[   87713ms] Unexpected token '<'
[   87817ms] Uncaught TypeError: expect element to be DOM Element, but got null
    at n.init (https://cdnjs.cloudflare.com/ajax/libs/smooth-scrollbar/8.5.2/smooth-scrollbar.js:24:264)
    at <anonymous> (https://phbidlautdemo.prahu-hub.com/adminprahu/listBidderKhusus:5730:14)
[   87850ms] [LOG] Validasi Akunnamanya @ https://phbidlautdemo.prahu-hub.com/adminprahu/listBidderKhusus:2040
[   87859ms] [LOG] 1xx @ https://phbidlautdemo.prahu-hub.com/adminprahu/listBidderKhusus:6083
[   87859ms] [LOG] DD/MM/YYYY @ https://phbidlautdemo.prahu-hub.com/adminprahu/listBidderKhusus:6083
[   87860ms] [LOG] undefined @ https://phbidlautdemo.prahu-hub.com/adminprahu/listBidderKhusus:6083
[   87861ms] [LOG] Masukkan Alias @ https://phbidlautdemo.prahu-hub.com/adminprahu/listBidderKhusus:6083
[   87861ms] [LOG] Masukkan Transporter @ https://phbidlautdemo.prahu-hub.com/adminprahu/listBidderKhusus:6083
[   87861ms] [LOG] undefined @ https://phbidlautdemo.prahu-hub.com/adminprahu/listBidderKhusus:6083
[   87861ms] [LOG] Masukkan Nama kemasan  @ https://phbidlautdemo.prahu-hub.com/adminprahu/listBidderKhusus:6083
[   87861ms] [LOG] undefined @ https://phbidlautdemo.prahu-hub.com/adminprahu/listBidderKhusus:6083
[   87863ms] [LOG] WebSocket connection @ https://phbidlautdemo.prahu-hub.com/adminprahu/listBidderKhusus:6126
[   87863ms] [LOG] WebSocket connection attempting... @ https://phbidlautdemo.prahu-hub.com/adminprahu/listBidderKhusus:6204
[   88235ms] [LOG] WebSocket connected @ https://phbidlautdemo.prahu-hub.com/adminprahu/listBidderKhusus:6135
[   88240ms] [LOG] update_dashboard_order_laut @ https://phbidlautdemo.prahu-hub.com/adminprahu/listBidderKhusus:6176
[   88341ms] [LOG] Connected @ https://phbidlautdemo.prahu-hub.com/adminprahu/listBidderKhusus:6176
[   88574ms] [LOG] [Object, Object, Object, Object, Object, Object, Object, Object, Object, Object, Object, Object, Object, Object, Object, Object, Object, Object, Object, Object] @ https://phbidlautdemo.prahu-hub.com/_resources/themes/prahutheme/javascript/custom/bidderKhusus.js?m=1787972929:159
[   88582ms] [LOG] [Object, Object, Object, Object, Object, Object, Object, Object, Object, Object, Object, Object, Object, Object, Object, Object, Object, Object, Object, Object] @ https://phbidlautdemo.prahu-hub.com/_resources/themes/prahutheme/javascript/custom/bidderKhusus.js?m=1787972929:13
[   88584ms] [LOG] {ID: 41, hitung: 20, tgl_setting: 2026-08-05 08:53:57, alias: WLG, nama: Cahyo Sugianto} @ https://phbidlautdemo.prahu-hub.com/_resources/themes/prahutheme/javascript/custom/bidderKhusus.js?m=1787972929:20
[   88584ms] [LOG] {ID: 39, hitung: 19, tgl_setting: 2026-02-25 09:45:33, alias: LOD, nama: Uinyuniyika} @ https://phbidlautdemo.prahu-hub.com/_resources/themes/prahutheme/javascript/custom/bidderKhusus.js?m=1787972929:20
[   88585ms] [LOG] {ID: 38, hitung: 18, tgl_setting: 2025-09-15 09:50:02, alias: ANGGITA, nama: Nur Anggita Wahyuni} @ https://phbidlautdemo.prahu-hub.com/_resources/themes/prahutheme/javascript/custom/bidderKhusus.js?m=1787972929:20
[   88586ms] [LOG] {ID: 37, hitung: 17, tgl_setting: 2025-09-11 20:39:22, alias: PRS, nama: Demo - Prasetyo Bidder} @ https://phbidlautdemo.prahu-hub.com/_resources/themes/prahutheme/javascript/custom/bidderKhusus.js?m=1787972929:20
[   88586ms] [LOG] {ID: 25, hitung: 16, tgl_setting: 2025-07-21 11:25:29, alias: OOMPA, nama: bidder} @ https://phbidlautdemo.prahu-hub.com/_resources/themes/prahutheme/javascript/custom/bidderKhusus.js?m=1787972929:20
[   88587ms] [LOG] {ID: 24, hitung: 15, tgl_setting: 2025-07-21 11:25:29, alias: 6THRT, nama: Indah} @ https://phbidlautdemo.prahu-hub.com/_resources/themes/prahutheme/javascript/custom/bidderKhusus.js?m=1787972929:20
[   88587ms] [LOG] {ID: 20, hitung: 14, tgl_setting: 2025-01-11 11:16:40, alias: SIDIQ, nama: Sidiq Satria Tama} @ https://phbidlautdemo.prahu-hub.com/_resources/themes/prahutheme/javascript/custom/bidderKhusus.js?m=1787972929:20
[   88588ms] [LOG] {ID: 19, hitung: 13, tgl_setting: 2025-01-10 16:12:48, alias: SYAV, nama: Syavira} @ https://phbidlautdemo.prahu-hub.com/_resources/themes/prahutheme/javascript/custom/bidderKhusus.js?m=1787972929:20
[   88589ms] [LOG] {ID: 18, hitung: 12, tgl_setting: 2024-10-28 09:48:44, alias: ZARA, nama: WINDYA ZAHRAH KAMALI} @ https://phbidlautdemo.prahu-hub.com/_resources/themes/prahutheme/javascript/custom/bidderKhusus.js?m=1787972929:20
[   88590ms] [LOG] {ID: 17, hitung: 11, tgl_setting: 2024-07-30 05:21:50, alias: ALMD, nama: Dhanar Ahmad} @ https://phbidlautdemo.prahu-hub.com/_resources/themes/prahutheme/javascript/custom/bidderKhusus.js?m=1787972929:20
[   88591ms] [LOG] {ID: 11, hitung: 10, tgl_setting: 2024-07-11 13:47:25, alias: SNJ, nama: Putra Sinegar} @ https://phbidlautdemo.prahu-hub.com/_resources/themes/prahutheme/javascript/custom/bidderKhusus.js?m=1787972929:20
[   88591ms] [LOG] {ID: 9, hitung: 9, tgl_setting: 2024-07-11 09:07:04, alias: (IK)VUCD, nama: Vina As Cantika Andika} @ https://phbidlautdemo.prahu-hub.com/_resources/themes/prahutheme/javascript/custom/bidderKhusus.js?m=1787972929:20
[   88592ms] [LOG] {ID: 8, hitung: 8, tgl_setting: 2024-07-11 09:07:03, alias: (IK)MSJS, nama: Yahya Al Lukman Jaya Husein} @ https://phbidlautdemo.prahu-hub.com/_resources/themes/prahutheme/javascript/custom/bidderKhusus.js?m=1787972929:20
[   88592ms] [LOG] {ID: 7, hitung: 7, tgl_setting: 2024-07-11 09:07:03, alias: (IK)MJW, nama: Kusuma Jaya Wijaya Abadi Sentosa Mujur Selalu} @ https://phbidlautdemo.prahu-hub.com/_resources/themes/prahutheme/javascript/custom/bidderKhusus.js?m=1787972929:20
[   88593ms] [LOG] {ID: 6, hitung: 6, tgl_setting: 2024-07-11 09:07:03, alias: (IK)MU, nama: Mercury Us Handika} @ https://phbidlautdemo.prahu-hub.com/_resources/themes/prahutheme/javascript/custom/bidderKhusus.js?m=1787972929:20
[   88593ms] [LOG] {ID: 5, hitung: 5, tgl_setting: 2024-07-11 09:07:03, alias: (IK)JMTT, nama: Derinka} @ https://phbidlautdemo.prahu-hub.com/_resources/themes/prahutheme/javascript/custom/bidderKhusus.js?m=1787972929:20
[   88594ms] [LOG] {ID: 4, hitung: 4, tgl_setting: 2024-07-10 16:32:34, alias: BDR FT, nama: Rahmawati} @ https://phbidlautdemo.prahu-hub.com/_resources/themes/prahutheme/javascript/custom/bidderKhusus.js?m=1787972929:20
[   88594ms] [LOG] {ID: 3, hitung: 3, tgl_setting: 2024-07-10 16:32:34, alias: QC, nama: Ilham Ramadhan} @ https://phbidlautdemo.prahu-hub.com/_resources/themes/prahutheme/javascript/custom/bidderKhusus.js?m=1787972929:20
[   88595ms] [LOG] {ID: 2, hitung: 2, tgl_setting: 2024-07-10 16:32:34, alias: BDN, nama: PT. Bidder Nusantara} @ https://phbidlautdemo.prahu-hub.com/_resources/themes/prahutheme/javascript/custom/bidderKhusus.js?m=1787972929:20
[   88595ms] [LOG] {ID: 1, hitung: 1, tgl_setting: 2024-07-10 16:32:34, alias: (IK)LST, nama: Frinka Frenklin} @ https://phbidlautdemo.prahu-hub.com/_resources/themes/prahutheme/javascript/custom/bidderKhusus.js?m=1787972929:20
[   88604ms] [LOG] 20 @ https://phbidlautdemo.prahu-hub.com/_resources/themes/prahutheme/javascript/custom/bidderKhusus.js?m=1787972929:637
[   88604ms] [LOG] 20 countView1 1 pageNow 20 limitView1 @ https://phbidlautdemo.prahu-hub.com/_resources/themes/prahutheme/javascript/custom/bidderKhusus.js?m=1787972929:639
[   88604ms] [LOG] 20 @ https://phbidlautdemo.prahu-hub.com/_resources/themes/prahutheme/javascript/custom/bidderKhusus.js?m=1787972929:645
[   88606ms] [LOG] 20 jumlah data @ https://phbidlautdemo.prahu-hub.com/_resources/themes/prahutheme/javascript/custom/bidderKhusus.js?m=1787972929:607
[   88606ms] [LOG] 1 @ https://phbidlautdemo.prahu-hub.com/_resources/themes/prahutheme/javascript/custom/bidderKhusus.js?m=1787972929:609
[   88610ms] [LOG] 200 xhrglobal @ https://phbidlautdemo.prahu-hub.com/adminprahu/listBidderKhusus:6057
[   88610ms] [LOG] ce.fn.init stepItem @ https://phbidlautdemo.prahu-hub.com/_resources/themes/prahutheme/javascript/custom/bidderKhusus.js?m=1787972929:514
[   88733ms] [LOG] 200 xhrglobal @ https://phbidlautdemo.prahu-hub.com/adminprahu/listBidderKhusus:6057
[   88853ms] [LOG] 200 xhrglobal @ https://phbidlautdemo.prahu-hub.com/adminprahu/listBidderKhusus:6057
[   89860ms] TypeError: $(...).DataTable is not a function
    at https://phbidlautdemo.prahu-hub.com/_resources/themes/prahutheme/js/scripts-init/tables.js:7:23
[   93324ms] Cannot use import statement outside a module
[   93386ms] ReferenceError: Chart is not defined
    at https://phbidlautdemo.prahu-hub.com/_resources/themes/prahutheme/js/scripts-init/charts/chartjs.js:8:13
[   95538ms] Unexpected token '<'
[   95539ms] Unexpected token '<'
[   95630ms] Uncaught TypeError: expect element to be DOM Element, but got null
    at n.init (https://cdnjs.cloudflare.com/ajax/libs/smooth-scrollbar/8.5.2/smooth-scrollbar.js:24:264)
    at <anonymous> (https://phbidlautdemo.prahu-hub.com/home/profilbidders:5263:14)
[   95664ms] [LOG] Validasi Akunnamanya @ https://phbidlautdemo.prahu-hub.com/home/profilbidders:2040
[   95675ms] [LOG] undefined @ https://phbidlautdemo.prahu-hub.com/home/profilbidders:5616
[   95675ms] [LOG] Masukkan Nama Perusahaan @ https://phbidlautdemo.prahu-hub.com/home/profilbidders:5616
[   95675ms] [LOG] DD/MM/YYYYY @ https://phbidlautdemo.prahu-hub.com/home/profilbidders:5616
[   95675ms] [LOG] Masukkan Jumlah @ https://phbidlautdemo.prahu-hub.com/home/profilbidders:5616
[   95676ms] [LOG] Masukkan Jumlah @ https://phbidlautdemo.prahu-hub.com/home/profilbidders:5616
[   95677ms] [LOG] WebSocket connection @ https://phbidlautdemo.prahu-hub.com/home/profilbidders:5659
[   95677ms] [LOG] WebSocket connection attempting... @ https://phbidlautdemo.prahu-hub.com/home/profilbidders:5737
[   96049ms] [LOG] WebSocket connected @ https://phbidlautdemo.prahu-hub.com/home/profilbidders:5668
[   96054ms] [LOG] update_dashboard_order_laut @ https://phbidlautdemo.prahu-hub.com/home/profilbidders:5709
[   96161ms] [LOG] Connected @ https://phbidlautdemo.prahu-hub.com/home/profilbidders:5709
[   96231ms] [LOG] DEBUG DEBUG DEBUG: undefined @ https://phbidlautdemo.prahu-hub.com/_resources/themes/prahutheme/javascript/custom/profilbidders.js?m=1787972929:667
[   96234ms] [LOG] [Object, Object, Object, Object, Object, Object, Object, Object, Object, Object, Object, Object, Object, Object, Object, Object, Object, Object, Object, Object] @ https://phbidlautdemo.prahu-hub.com/_resources/themes/prahutheme/javascript/custom/profilbidders.js?m=1787972929:119
[   96241ms] [LOG] 60 @ https://phbidlautdemo.prahu-hub.com/_resources/themes/prahutheme/javascript/custom/profilbidders.js?m=1787972929:628
[   96241ms] [LOG] 60 countView1 1 pageNow 20 limitView1 @ https://phbidlautdemo.prahu-hub.com/_resources/themes/prahutheme/javascript/custom/profilbidders.js?m=1787972929:630
[   96241ms] [LOG] 20 @ https://phbidlautdemo.prahu-hub.com/_resources/themes/prahutheme/javascript/custom/profilbidders.js?m=1787972929:641
[   96242ms] [LOG] 60 jumlah data @ https://phbidlautdemo.prahu-hub.com/_resources/themes/prahutheme/javascript/custom/profilbidders.js?m=1787972929:587
[   96242ms] [LOG] 3 @ https://phbidlautdemo.prahu-hub.com/_resources/themes/prahutheme/javascript/custom/profilbidders.js?m=1787972929:589
[   96244ms] [LOG] 3 1 pageCount & pageNow @ https://phbidlautdemo.prahu-hub.com/_resources/themes/prahutheme/javascript/custom/profilbidders.js?m=1787972929:515
[   96248ms] [LOG] 200 xhrglobal @ https://phbidlautdemo.prahu-hub.com/home/profilbidders:5590
[   96249ms] [LOG] ce.fn.init stepItem @ https://phbidlautdemo.prahu-hub.com/_resources/themes/prahutheme/javascript/custom/profilbidders.js?m=1787972929:484
[   96428ms] [LOG] 200 xhrglobal @ https://phbidlautdemo.prahu-hub.com/home/profilbidders:5590
[   96514ms] [LOG] 200 xhrglobal @ https://phbidlautdemo.prahu-hub.com/home/profilbidders:5590
[   97675ms] TypeError: $(...).DataTable is not a function
    at https://phbidlautdemo.prahu-hub.com/_resources/themes/prahutheme/js/scripts-init/tables.js:7:23
[  103377ms] Cannot use import statement outside a module
[  103420ms] ReferenceError: Chart is not defined
    at https://phbidlautdemo.prahu-hub.com/_resources/themes/prahutheme/js/scripts-init/charts/chartjs.js:8:13
[  103422ms] Unexpected token '<'
[  103429ms] Unexpected token '<'
[  103498ms] TypeError: $(...).datetimepicker is not a function
    at https://phbidlautdemo.prahu-hub.com/adminprahu/aanwijzing:5043:15
[  103527ms] Uncaught TypeError: expect element to be DOM Element, but got null
    at n.init (https://cdnjs.cloudflare.com/ajax/libs/smooth-scrollbar/8.5.2/smooth-scrollbar.js:24:264)
    at <anonymous> (https://phbidlautdemo.prahu-hub.com/adminprahu/aanwijzing:5503:14)
[  103580ms] [LOG] Validasi Akunnamanya @ https://phbidlautdemo.prahu-hub.com/adminprahu/aanwijzing:2040
[  103597ms] [LOG] undefined @ https://phbidlautdemo.prahu-hub.com/adminprahu/aanwijzing:5856
[  103597ms] [LOG] 1xxx @ https://phbidlautdemo.prahu-hub.com/adminprahu/aanwijzing:5856
[  103598ms] [LOG] Masukkan Shipper @ https://phbidlautdemo.prahu-hub.com/adminprahu/aanwijzing:5856
[  103598ms] [LOG] Masukkan Nama Dokumen Aanwijzing @ https://phbidlautdemo.prahu-hub.com/adminprahu/aanwijzing:5856
[  103599ms] [LOG] undefined @ https://phbidlautdemo.prahu-hub.com/adminprahu/aanwijzing:5856
[  103599ms] [LOG] Masukkan Nama Provinsi @ https://phbidlautdemo.prahu-hub.com/adminprahu/aanwijzing:5856
[  103599ms] [LOG] undefined @ https://phbidlautdemo.prahu-hub.com/adminprahu/aanwijzing:5856
[  103601ms] [LOG] WebSocket connection @ https://phbidlautdemo.prahu-hub.com/adminprahu/aanwijzing:5899
[  103602ms] [LOG] WebSocket connection attempting... @ https://phbidlautdemo.prahu-hub.com/adminprahu/aanwijzing:5977
[  104243ms] [LOG] [Object, Object, Object, Object, Object, Object, Object, Object, Object, Object, Object, Object, Object, Object, Object, Object, Object, Object, Object, Object] @ https://phbidlautdemo.prahu-hub.com/_resources/themes/prahutheme/javascript/custom/aanwijzing.js?m=1787972929:41
[  104253ms] [LOG] [Object, Object, Object, Object, Object, Object, Object, Object, Object, Object, Object, Object, Object, Object, Object, Object, Object, Object, Object, Object] @ https://phbidlautdemo.prahu-hub.com/_resources/themes/prahutheme/javascript/custom/aanwijzing.js?m=1787972929:164
[  104261ms] [LOG] 72 @ https://phbidlautdemo.prahu-hub.com/_resources/themes/prahutheme/javascript/custom/aanwijzing.js?m=1787972929:762
[  104262ms] [LOG] 72 countView1 1 pageNow 20 limitView1 @ https://phbidlautdemo.prahu-hub.com/_resources/themes/prahutheme/javascript/custom/aanwijzing.js?m=1787972929:764
[  104262ms] [LOG] 20 @ https://phbidlautdemo.prahu-hub.com/_resources/themes/prahutheme/javascript/custom/aanwijzing.js?m=1787972929:770
[  104263ms] [LOG] 72 jumlah data @ https://phbidlautdemo.prahu-hub.com/_resources/themes/prahutheme/javascript/custom/aanwijzing.js?m=1787972929:739
[  104263ms] [LOG] 4 @ https://phbidlautdemo.prahu-hub.com/_resources/themes/prahutheme/javascript/custom/aanwijzing.js?m=1787972929:741
[  104265ms] [LOG] 4 1 pageCount & pageNow @ https://phbidlautdemo.prahu-hub.com/_resources/themes/prahutheme/javascript/custom/aanwijzing.js?m=1787972929:665
[  104270ms] [LOG] 200 xhrglobal @ https://phbidlautdemo.prahu-hub.com/adminprahu/aanwijzing:5830
[  104271ms] [LOG] ce.fn.init stepItem @ https://phbidlautdemo.prahu-hub.com/_resources/themes/prahutheme/javascript/custom/aanwijzing.js?m=1787972929:639
[  104919ms] [LOG] WebSocket connected @ https://phbidlautdemo.prahu-hub.com/adminprahu/aanwijzing:5908
[  104925ms] [LOG] update_dashboard_order_laut @ https://phbidlautdemo.prahu-hub.com/adminprahu/aanwijzing:5949
[  105476ms] [LOG] Connected @ https://phbidlautdemo.prahu-hub.com/adminprahu/aanwijzing:5949
[  105593ms] [LOG] 200 xhrglobal @ https://phbidlautdemo.prahu-hub.com/adminprahu/aanwijzing:5830
[  105601ms] TypeError: $(...).DataTable is not a function
    at https://phbidlautdemo.prahu-hub.com/_resources/themes/prahutheme/js/scripts-init/tables.js:7:23
[  106627ms] [LOG] 200 xhrglobal @ https://phbidlautdemo.prahu-hub.com/adminprahu/aanwijzing:5830
[  109334ms] Cannot use import statement outside a module
[  109369ms] ReferenceError: Chart is not defined
    at https://phbidlautdemo.prahu-hub.com/_resources/themes/prahutheme/js/scripts-init/charts/chartjs.js:8:13
[  119613ms] Unexpected token '<'
[  120624ms] Unexpected token '<'
[  120743ms] Uncaught TypeError: expect element to be DOM Element, but got null
    at n.init (https://cdnjs.cloudflare.com/ajax/libs/smooth-scrollbar/8.5.2/smooth-scrollbar.js:24:264)
    at <anonymous> (https://phbidlautdemo.prahu-hub.com/home/pesertalelang:6258:14)
[  120797ms] [LOG] Validasi Akunnamanya @ https://phbidlautdemo.prahu-hub.com/home/pesertalelang:2040
[  120819ms] [LOG] undefined @ https://phbidlautdemo.prahu-hub.com/home/pesertalelang:6611
[  120819ms] [LOG] Masukkan Shipper @ https://phbidlautdemo.prahu-hub.com/home/pesertalelang:6611
[  120820ms] [LOG] Masukkan Email @ https://phbidlautdemo.prahu-hub.com/home/pesertalelang:6611
[  120823ms] [LOG] WebSocket connection @ https://phbidlautdemo.prahu-hub.com/home/pesertalelang:6654
[  120823ms] [LOG] WebSocket connection attempting... @ https://phbidlautdemo.prahu-hub.com/home/pesertalelang:6732
[  121091ms] [LOG] WebSocket connected @ https://phbidlautdemo.prahu-hub.com/home/pesertalelang:6663
[  121094ms] [LOG] update_dashboard_order_laut @ https://phbidlautdemo.prahu-hub.com/home/pesertalelang:6704
[  121135ms] [LOG] Connected @ https://phbidlautdemo.prahu-hub.com/home/pesertalelang:6704
[  122818ms] TypeError: $(...).DataTable is not a function
    at https://phbidlautdemo.prahu-hub.com/_resources/themes/prahutheme/js/scripts-init/tables.js:7:23
[  122879ms] [LOG] [Object, Object, Object, Object, Object, Object, Object, Object, Object, Object, Object, Object, Object, Object, Object, Object, Object, Object, Object, Object] @ https://phbidlautdemo.prahu-hub.com/_resources/themes/prahutheme/javascript/custom/pesertalelang.js?m=1787972929:150
[  122886ms] [LOG] 67 @ https://phbidlautdemo.prahu-hub.com/_resources/themes/prahutheme/javascript/custom/pesertalelang.js?m=1787972929:684
[  122887ms] [LOG] 67 countView1 1 pageNow 20 limitView1 @ https://phbidlautdemo.prahu-hub.com/_resources/themes/prahutheme/javascript/custom/pesertalelang.js?m=1787972929:686
[  122887ms] [LOG] 20 @ https://phbidlautdemo.prahu-hub.com/_resources/themes/prahutheme/javascript/custom/pesertalelang.js?m=1787972929:692
[  122888ms] [LOG] 67 jumlah data @ https://phbidlautdemo.prahu-hub.com/_resources/themes/prahutheme/javascript/custom/pesertalelang.js?m=1787972929:649
[  122888ms] [LOG] 4 @ https://phbidlautdemo.prahu-hub.com/_resources/themes/prahutheme/javascript/custom/pesertalelang.js?m=1787972929:651
[  122889ms] [LOG] 4 1 pageCount & pageNow @ https://phbidlautdemo.prahu-hub.com/_resources/themes/prahutheme/javascript/custom/pesertalelang.js?m=1787972929:575
[  122894ms] [LOG] 200 xhrglobal @ https://phbidlautdemo.prahu-hub.com/home/pesertalelang:6585
[  122894ms] [LOG] ce.fn.init stepItem @ https://phbidlautdemo.prahu-hub.com/_resources/themes/prahutheme/javascript/custom/pesertalelang.js?m=1787972929:549
[  122941ms] [LOG] 200 xhrglobal @ https://phbidlautdemo.prahu-hub.com/home/pesertalelang:6585
[  123006ms] [LOG] 200 xhrglobal @ https://phbidlautdemo.prahu-hub.com/home/pesertalelang:6585
[  126973ms] Cannot use import statement outside a module
[  127011ms] ReferenceError: Chart is not defined
    at https://phbidlautdemo.prahu-hub.com/_resources/themes/prahutheme/js/scripts-init/charts/chartjs.js:8:13
[  128768ms] Unexpected token '<'
[  128770ms] Unexpected token '<'
[  128866ms] Uncaught TypeError: expect element to be DOM Element, but got null
    at n.init (https://cdnjs.cloudflare.com/ajax/libs/smooth-scrollbar/8.5.2/smooth-scrollbar.js:24:264)
    at <anonymous> (https://phbidlautdemo.prahu-hub.com/home/relasi_satu_pintu:5774:14)
[  128910ms] [LOG] Validasi Akunnamanya @ https://phbidlautdemo.prahu-hub.com/home/relasi_satu_pintu:2040
[  128932ms] [LOG] undefined @ https://phbidlautdemo.prahu-hub.com/home/relasi_satu_pintu:6127
[  128932ms] [LOG] 1xx @ https://phbidlautdemo.prahu-hub.com/home/relasi_satu_pintu:6127
[  128932ms] [LOG] undefined @ https://phbidlautdemo.prahu-hub.com/home/relasi_satu_pintu:6127
[  128933ms] [LOG] DD/MM/YYYY @ https://phbidlautdemo.prahu-hub.com/home/relasi_satu_pintu:6127
[  128933ms] [LOG] Masukkan Email @ https://phbidlautdemo.prahu-hub.com/home/relasi_satu_pintu:6127
[  128933ms] [LOG] undefined @ https://phbidlautdemo.prahu-hub.com/home/relasi_satu_pintu:6127
[  128933ms] [LOG] 1xx @ https://phbidlautdemo.prahu-hub.com/home/relasi_satu_pintu:6127
[  128934ms] [LOG] undefined @ https://phbidlautdemo.prahu-hub.com/home/relasi_satu_pintu:6127
[  128934ms] [LOG] DD/MM/YYYY @ https://phbidlautdemo.prahu-hub.com/home/relasi_satu_pintu:6127
[  128935ms] [LOG] Masukkan Email @ https://phbidlautdemo.prahu-hub.com/home/relasi_satu_pintu:6127
[  128935ms] [LOG] undefined @ https://phbidlautdemo.prahu-hub.com/home/relasi_satu_pintu:6127
[  128935ms] [LOG] Masukkan Nama Bank @ https://phbidlautdemo.prahu-hub.com/home/relasi_satu_pintu:6127
[  128935ms] [LOG] undefined @ https://phbidlautdemo.prahu-hub.com/home/relasi_satu_pintu:6127
[  128937ms] [LOG] WebSocket connection @ https://phbidlautdemo.prahu-hub.com/home/relasi_satu_pintu:6170
[  128938ms] [LOG] WebSocket connection attempting... @ https://phbidlautdemo.prahu-hub.com/home/relasi_satu_pintu:6248
[  129072ms] [LOG] WebSocket connected @ https://phbidlautdemo.prahu-hub.com/home/relasi_satu_pintu:6179
[  129077ms] [LOG] update_dashboard_order_laut @ https://phbidlautdemo.prahu-hub.com/home/relasi_satu_pintu:6220
[  129121ms] [LOG] Connected @ https://phbidlautdemo.prahu-hub.com/home/relasi_satu_pintu:6220
[  129500ms] [LOG] 30 @ https://phbidlautdemo.prahu-hub.com/_resources/themes/prahutheme/javascript/custom/relasisatupintu.js?m=1787972929:487
[  129500ms] [LOG] 30 countView1 1 pageNow 20 limitView1 @ https://phbidlautdemo.prahu-hub.com/_resources/themes/prahutheme/javascript/custom/relasisatupintu.js?m=1787972929:489
[  129501ms] [LOG] 20 @ https://phbidlautdemo.prahu-hub.com/_resources/themes/prahutheme/javascript/custom/relasisatupintu.js?m=1787972929:495
[  129502ms] [LOG] 30 jumlah data @ https://phbidlautdemo.prahu-hub.com/_resources/themes/prahutheme/javascript/custom/relasisatupintu.js?m=1787972929:450
[  129502ms] [LOG] 2 @ https://phbidlautdemo.prahu-hub.com/_resources/themes/prahutheme/javascript/custom/relasisatupintu.js?m=1787972929:452
[  129504ms] [LOG] 2 1 pageCount & pageNow @ https://phbidlautdemo.prahu-hub.com/_resources/themes/prahutheme/javascript/custom/relasisatupintu.js?m=1787972929:375
[  129509ms] [LOG] 200 xhrglobal @ https://phbidlautdemo.prahu-hub.com/home/relasi_satu_pintu:6101
[  129550ms] ReferenceError: renderTooltipHarga is not defined
    at https://phbidlautdemo.prahu-hub.com/_resources/themes/prahutheme/javascript/custom/relasisatupintu.js?m=1787972929:579:9
[  129615ms] [LOG] 200 xhrglobal @ https://phbidlautdemo.prahu-hub.com/home/relasi_satu_pintu:6101
[  129646ms] [LOG] 200 xhrglobal @ https://phbidlautdemo.prahu-hub.com/home/relasi_satu_pintu:6101
[  130922ms] TypeError: $(...).DataTable is not a function
    at https://phbidlautdemo.prahu-hub.com/_resources/themes/prahutheme/js/scripts-init/tables.js:7:23
[  134120ms] Cannot use import statement outside a module
[  134159ms] ReferenceError: Chart is not defined
    at https://phbidlautdemo.prahu-hub.com/_resources/themes/prahutheme/js/scripts-init/charts/chartjs.js:8:13
[  135612ms] Unexpected token '<'
[  135615ms] Unexpected token '<'
[  135700ms] Uncaught TypeError: expect element to be DOM Element, but got null
    at n.init (https://cdnjs.cloudflare.com/ajax/libs/smooth-scrollbar/8.5.2/smooth-scrollbar.js:24:264)
    at <anonymous> (https://phbidlautdemo.prahu-hub.com/home/adminprefnotif:5479:14)
[  135735ms] [LOG] Validasi Akunnamanya @ https://phbidlautdemo.prahu-hub.com/home/adminprefnotif:2040
[  135753ms] [LOG] 1xxx @ https://phbidlautdemo.prahu-hub.com/home/adminprefnotif:5832
[  135753ms] [LOG] Masukkan Nama Perusahaan @ https://phbidlautdemo.prahu-hub.com/home/adminprefnotif:5832
[  135754ms] [LOG] DD/MM/YYYY @ https://phbidlautdemo.prahu-hub.com/home/adminprefnotif:5832
[  135755ms] [LOG] DD/MM/YYYY @ https://phbidlautdemo.prahu-hub.com/home/adminprefnotif:5832
[  135756ms] [LOG] undefined @ https://phbidlautdemo.prahu-hub.com/home/adminprefnotif:5832
[  135756ms] [LOG] undefined @ https://phbidlautdemo.prahu-hub.com/home/adminprefnotif:5832
[  135756ms] [LOG] Masukkan Nama Bank @ https://phbidlautdemo.prahu-hub.com/home/adminprefnotif:5832
[  135756ms] [LOG] undefined @ https://phbidlautdemo.prahu-hub.com/home/adminprefnotif:5832
[  135757ms] [LOG] WebSocket connection @ https://phbidlautdemo.prahu-hub.com/home/adminprefnotif:5875
[  135758ms] [LOG] WebSocket connection attempting... @ https://phbidlautdemo.prahu-hub.com/home/adminprefnotif:5953
[  135889ms] [LOG] WebSocket connected @ https://phbidlautdemo.prahu-hub.com/home/adminprefnotif:5884
[  135898ms] [LOG] update_dashboard_order_laut @ https://phbidlautdemo.prahu-hub.com/home/adminprefnotif:5925
[  135923ms] [LOG] Connected @ https://phbidlautdemo.prahu-hub.com/home/adminprefnotif:5925
[  136324ms] [LOG] [Object, Object, Object, Object, Object, Object, Object, Object, Object, Object, Object, Object, Object, Object, Object, Object, Object, Object, Object, Object] @ https://phbidlautdemo.prahu-hub.com/_resources/themes/prahutheme/javascript/custom/adminprefnotif.js?m=1787972929:25
[  136334ms] [LOG] 125 @ https://phbidlautdemo.prahu-hub.com/_resources/themes/prahutheme/javascript/custom/adminprefnotif.js?m=1787972929:517
[  136334ms] [LOG] 125 countView1 1 pageNow 20 limitView1 @ https://phbidlautdemo.prahu-hub.com/_resources/themes/prahutheme/javascript/custom/adminprefnotif.js?m=1787972929:519
[  136334ms] [LOG] 20 @ https://phbidlautdemo.prahu-hub.com/_resources/themes/prahutheme/javascript/custom/adminprefnotif.js?m=1787972929:525
[  136336ms] [LOG] 125 jumlah data @ https://phbidlautdemo.prahu-hub.com/_resources/themes/prahutheme/javascript/custom/adminprefnotif.js?m=1787972929:480
[  136336ms] [LOG] 7 @ https://phbidlautdemo.prahu-hub.com/_resources/themes/prahutheme/javascript/custom/adminprefnotif.js?m=1787972929:482
[  136339ms] [LOG] 7 1 pageCount & pageNow @ https://phbidlautdemo.prahu-hub.com/_resources/themes/prahutheme/javascript/custom/adminprefnotif.js?m=1787972929:405
[  136343ms] [LOG] 200 xhrglobal @ https://phbidlautdemo.prahu-hub.com/home/adminprefnotif:5806
[  136394ms] [LOG] 200 xhrglobal @ https://phbidlautdemo.prahu-hub.com/home/adminprefnotif:5806
[  137125ms] [LOG] 200 xhrglobal @ https://phbidlautdemo.prahu-hub.com/home/adminprefnotif:5806
[  137745ms] TypeError: $(...).DataTable is not a function
    at https://phbidlautdemo.prahu-hub.com/_resources/themes/prahutheme/js/scripts-init/tables.js:7:23
