[     941ms] Cannot use import statement outside a module
[     972ms] ReferenceError: Chart is not defined
    at https://phbidlautdemo.prahu-hub.com/_resources/themes/prahutheme/js/scripts-init/charts/chartjs.js:8:13
[    1162ms] Unexpected token '<'
[    1163ms] Unexpected token '<'
[    1226ms] Uncaught TypeError: expect element to be DOM Element, but got null
    at n.init (https://cdnjs.cloudflare.com/ajax/libs/smooth-scrollbar/8.5.2/smooth-scrollbar.js:24:264)
    at <anonymous> (https://phbidlautdemo.prahu-hub.com/home/settingpreferencenotifbidder:5083:14)
[    1243ms] [LOG] Preference Notifnamanya @ https://phbidlautdemo.prahu-hub.com/home/settingpreferencenotifbidder:1755
[    1251ms] [LOG] undefined @ https://phbidlautdemo.prahu-hub.com/home/settingpreferencenotifbidder:5436
[    1252ms] [LOG] undefined @ https://phbidlautdemo.prahu-hub.com/home/settingpreferencenotifbidder:5436
[    1252ms] [LOG] undefined @ https://phbidlautdemo.prahu-hub.com/home/settingpreferencenotifbidder:5436
[    1252ms] [LOG] undefined @ https://phbidlautdemo.prahu-hub.com/home/settingpreferencenotifbidder:5436
[    1252ms] [LOG] undefined @ https://phbidlautdemo.prahu-hub.com/home/settingpreferencenotifbidder:5436
[    1252ms] [LOG] undefined @ https://phbidlautdemo.prahu-hub.com/home/settingpreferencenotifbidder:5436
[    1252ms] [LOG] undefined @ https://phbidlautdemo.prahu-hub.com/home/settingpreferencenotifbidder:5436
[    1253ms] [LOG] undefined @ https://phbidlautdemo.prahu-hub.com/home/settingpreferencenotifbidder:5436
[    1253ms] [LOG] undefined @ https://phbidlautdemo.prahu-hub.com/home/settingpreferencenotifbidder:5436
[    1253ms] [LOG] undefined @ https://phbidlautdemo.prahu-hub.com/home/settingpreferencenotifbidder:5436
[    1253ms] [LOG] undefined @ https://phbidlautdemo.prahu-hub.com/home/settingpreferencenotifbidder:5436
[    1253ms] [LOG] undefined @ https://phbidlautdemo.prahu-hub.com/home/settingpreferencenotifbidder:5436
[    1253ms] [LOG] undefined @ https://phbidlautdemo.prahu-hub.com/home/settingpreferencenotifbidder:5436
[    1253ms] [LOG] undefined @ https://phbidlautdemo.prahu-hub.com/home/settingpreferencenotifbidder:5436
[    1254ms] [LOG] undefined @ https://phbidlautdemo.prahu-hub.com/home/settingpreferencenotifbidder:5436
[    1254ms] [LOG] undefined @ https://phbidlautdemo.prahu-hub.com/home/settingpreferencenotifbidder:5436
[    1254ms] [LOG] undefined @ https://phbidlautdemo.prahu-hub.com/home/settingpreferencenotifbidder:5436
[    1255ms] [LOG] WebSocket connection @ https://phbidlautdemo.prahu-hub.com/home/settingpreferencenotifbidder:5479
[    1255ms] [LOG] WebSocket connection attempting... @ https://phbidlautdemo.prahu-hub.com/home/settingpreferencenotifbidder:5557
[    1464ms] [LOG] WebSocket connected @ https://phbidlautdemo.prahu-hub.com/home/settingpreferencenotifbidder:5488
[    1472ms] [LOG] update_dashboard_order_laut @ https://phbidlautdemo.prahu-hub.com/home/settingpreferencenotifbidder:5529
[    1526ms] [LOG] Connected @ https://phbidlautdemo.prahu-hub.com/home/settingpreferencenotifbidder:5529
[    1665ms] [LOG] 200 xhrglobal @ https://phbidlautdemo.prahu-hub.com/home/settingpreferencenotifbidder:5410
[    1722ms] [LOG] 200 xhrglobal @ https://phbidlautdemo.prahu-hub.com/home/settingpreferencenotifbidder:5410
[    3253ms] TypeError: $(...).DataTable is not a function
    at https://phbidlautdemo.prahu-hub.com/_resources/themes/prahutheme/js/scripts-init/tables.js:7:23
[   27302ms] [ERROR] Failed to load resource: the server responded with a status of 500 () @ https://phbidlautdemo.prahu-hub.com/home/editakunsaya:0
