[     102ms] [LOG] Connected @ https://phbidlautdemo.prahu-hub.com/order/buatinvoice/1403:7144
[     974ms] Cannot use import statement outside a module
[     993ms] ReferenceError: Chart is not defined
    at https://phbidlautdemo.prahu-hub.com/_resources/themes/prahutheme/js/scripts-init/charts/chartjs.js:8:13
[    1057ms] Unexpected token '<'
[    1180ms] Unexpected token '<'
[    1221ms] Uncaught TypeError: expect element to be DOM Element, but got null
    at n.init (https://cdnjs.cloudflare.com/ajax/libs/smooth-scrollbar/8.5.2/smooth-scrollbar.js:24:264)
    at <anonymous> (https://phbidlautdemo.prahu-hub.com/order/buatinvoice/1410:6655:14)
[    1240ms] [LOG] Daftar Ordernamanya @ https://phbidlautdemo.prahu-hub.com/order/buatinvoice/1410:2039
[    1262ms] [LOG] nilai_diskon 0 @ https://phbidlautdemo.prahu-hub.com/order/buatinvoice/1410:5803
[    1262ms] [LOG] 17013488 @ https://phbidlautdemo.prahu-hub.com/order/buatinvoice/1410:5804
[    1263ms] [LOG] nilai_diskon 0 @ https://phbidlautdemo.prahu-hub.com/order/buatinvoice/1410:5803
[    1263ms] [LOG] 17013488 @ https://phbidlautdemo.prahu-hub.com/order/buatinvoice/1410:5804
[    1264ms] [LOG] nilai_diskon 0 @ https://phbidlautdemo.prahu-hub.com/order/buatinvoice/1410:5803
[    1264ms] [LOG] 17013488 @ https://phbidlautdemo.prahu-hub.com/order/buatinvoice/1410:5804
[    1264ms] [LOG] nilai_diskon 0 @ https://phbidlautdemo.prahu-hub.com/order/buatinvoice/1410:5803
[    1264ms] [LOG] 17013488 @ https://phbidlautdemo.prahu-hub.com/order/buatinvoice/1410:5804
[    1272ms] [LOG] undefined @ https://phbidlautdemo.prahu-hub.com/order/buatinvoice/1410:7008
[    1273ms] [LOG] undefined @ https://phbidlautdemo.prahu-hub.com/order/buatinvoice/1410:7008
[    1273ms] [LOG] undefined @ https://phbidlautdemo.prahu-hub.com/order/buatinvoice/1410:7008
[    1273ms] [LOG] Masukkan Nama Perusahaan @ https://phbidlautdemo.prahu-hub.com/order/buatinvoice/1410:7008
[    1273ms] [LOG] Masukkan Nomor Telepon @ https://phbidlautdemo.prahu-hub.com/order/buatinvoice/1410:7008
[    1273ms] [LOG] Masukkan Alamat Email @ https://phbidlautdemo.prahu-hub.com/order/buatinvoice/1410:7008
[    1274ms] [LOG] Masukkan Nama Shipper @ https://phbidlautdemo.prahu-hub.com/order/buatinvoice/1410:7008
[    1274ms] [LOG] Masukkan ID Order @ https://phbidlautdemo.prahu-hub.com/order/buatinvoice/1410:7008
[    1274ms] [LOG] Masukkan Nomor Invoice @ https://phbidlautdemo.prahu-hub.com/order/buatinvoice/1410:7008
[    1274ms] [LOG] DD/MM/YYYY @ https://phbidlautdemo.prahu-hub.com/order/buatinvoice/1410:7008
[    1274ms] [LOG] DD/MM/YYYY @ https://phbidlautdemo.prahu-hub.com/order/buatinvoice/1410:7008
[    1275ms] [LOG] Harga @ https://phbidlautdemo.prahu-hub.com/order/buatinvoice/1410:7008
[    1275ms] [LOG] Harga @ https://phbidlautdemo.prahu-hub.com/order/buatinvoice/1410:7008
[    1275ms] [LOG] Harga @ https://phbidlautdemo.prahu-hub.com/order/buatinvoice/1410:7008
[    1276ms] [LOG] Harga @ https://phbidlautdemo.prahu-hub.com/order/buatinvoice/1410:7008
[    1276ms] [LOG] 0 @ https://phbidlautdemo.prahu-hub.com/order/buatinvoice/1410:7008
[    1276ms] [LOG] undefined @ https://phbidlautdemo.prahu-hub.com/order/buatinvoice/1410:7008
[    1276ms] [LOG] 0 @ https://phbidlautdemo.prahu-hub.com/order/buatinvoice/1410:7008
[    1276ms] [LOG] undefined @ https://phbidlautdemo.prahu-hub.com/order/buatinvoice/1410:7008
[    1276ms] [LOG] 0 @ https://phbidlautdemo.prahu-hub.com/order/buatinvoice/1410:7008
[    1277ms] [LOG] undefined @ https://phbidlautdemo.prahu-hub.com/order/buatinvoice/1410:7008
[    1277ms] [LOG] undefined @ https://phbidlautdemo.prahu-hub.com/order/buatinvoice/1410:7008
[    1277ms] [LOG] Masukkan Nomor Rekening @ https://phbidlautdemo.prahu-hub.com/order/buatinvoice/1410:7008
[    1277ms] [LOG] Masukkan Nama Bank @ https://phbidlautdemo.prahu-hub.com/order/buatinvoice/1410:7008
[    1277ms] [LOG] Masukkan Nomor Invoice @ https://phbidlautdemo.prahu-hub.com/order/buatinvoice/1410:7008
[    1277ms] [LOG] Masukkan Nomor Rekening @ https://phbidlautdemo.prahu-hub.com/order/buatinvoice/1410:7008
[    1277ms] [LOG] Masukkan Nama Bank @ https://phbidlautdemo.prahu-hub.com/order/buatinvoice/1410:7008
[    1277ms] [LOG] Masukkan Nomor Invoice @ https://phbidlautdemo.prahu-hub.com/order/buatinvoice/1410:7008
[    1278ms] [LOG] undefined @ https://phbidlautdemo.prahu-hub.com/order/buatinvoice/1410:7008
[    1278ms] [LOG] undefined @ https://phbidlautdemo.prahu-hub.com/order/buatinvoice/1410:7008
[    1278ms] [LOG] undefined @ https://phbidlautdemo.prahu-hub.com/order/buatinvoice/1410:7008
[    1279ms] [LOG] WebSocket connection @ https://phbidlautdemo.prahu-hub.com/order/buatinvoice/1410:7051
[    1279ms] [LOG] WebSocket connection attempting... @ https://phbidlautdemo.prahu-hub.com/order/buatinvoice/1410:7129
[    1399ms] [LOG] WebSocket connected @ https://phbidlautdemo.prahu-hub.com/order/buatinvoice/1410:7060
[    1401ms] [LOG] update_dashboard_order_laut @ https://phbidlautdemo.prahu-hub.com/order/buatinvoice/1410:7101
[    1430ms] [LOG] Connected @ https://phbidlautdemo.prahu-hub.com/order/buatinvoice/1410:7101
[    1510ms] [LOG] 200 xhrglobal @ https://phbidlautdemo.prahu-hub.com/order/buatinvoice/1410:6982
[    1572ms] [LOG] 200 xhrglobal @ https://phbidlautdemo.prahu-hub.com/order/buatinvoice/1410:6982
[    3249ms] TypeError: $(...).DataTable is not a function
    at https://phbidlautdemo.prahu-hub.com/_resources/themes/prahutheme/js/scripts-init/tables.js:7:23
