[    3420ms] Cannot use import statement outside a module
[    3437ms] ReferenceError: Chart is not defined
    at https://phbidlautdemo.prahu-hub.com/_resources/themes/prahutheme/js/scripts-init/charts/chartjs.js:8:13
[    3438ms] Unexpected token '<'
[    3446ms] Unexpected token '<'
[    3491ms] Uncaught TypeError: expect element to be DOM Element, but got null
    at n.init (https://cdnjs.cloudflare.com/ajax/libs/smooth-scrollbar/8.5.2/smooth-scrollbar.js:24:264)
    at <anonymous> (https://phbidlautdemo.prahu-hub.com/home/laporanlogistik:5242:14)
[    3512ms] [LOG] Laporannamanya @ https://phbidlautdemo.prahu-hub.com/home/laporanlogistik:1876
[    3519ms] [LOG] DD/MM/YYYY @ https://phbidlautdemo.prahu-hub.com/home/laporanlogistik:5594
[    3519ms] [LOG] DD/MM/YYYY @ https://phbidlautdemo.prahu-hub.com/home/laporanlogistik:5594
[    3519ms] [LOG] undefined @ https://phbidlautdemo.prahu-hub.com/home/laporanlogistik:5594
[    3520ms] [LOG] WebSocket connection @ https://phbidlautdemo.prahu-hub.com/home/laporanlogistik:5637
[    3520ms] [LOG] WebSocket connection attempting... @ https://phbidlautdemo.prahu-hub.com/home/laporanlogistik:5715
[    3624ms] [LOG] WebSocket connected @ https://phbidlautdemo.prahu-hub.com/home/laporanlogistik:5646
[    3626ms] [LOG] update_dashboard_order_laut @ https://phbidlautdemo.prahu-hub.com/home/laporanlogistik:5687
[    3658ms] [LOG] Connected @ https://phbidlautdemo.prahu-hub.com/home/laporanlogistik:5687
[    3813ms] [LOG] 200 xhrglobal @ https://phbidlautdemo.prahu-hub.com/home/laporanlogistik:5568
[    3953ms] [LOG] 200 xhrglobal @ https://phbidlautdemo.prahu-hub.com/home/laporanlogistik:5568
[    4590ms] [LOG] Connected @ https://phbidlautdemo.prahu-hub.com/home/laporanlogistik:5687
[    5526ms] TypeError: $(...).DataTable is not a function
    at https://phbidlautdemo.prahu-hub.com/_resources/themes/prahutheme/js/scripts-init/tables.js:7:23
[    5615ms] [LOG] Connected @ https://phbidlautdemo.prahu-hub.com/home/laporanlogistik:5687
[   32322ms] [LOG] notif_badge_hide.901-858-787-935-914-906-900-876-856-820-796-795-783-764-704-689-688-685-642-641-640-639-638-635-634-633-632-631-629-628-627-626-625-624-623-622-621-614-459-325-23 @ https://phbidlautdemo.prahu-hub.com/home/laporanlogistik:5687
[   32328ms] [LOG] updateNotif.901-858-787-935-914-906-900-876-856-820-796-795-783-764-704-689-688-685-642-641-640-639-638-635-634-633-632-631-629-628-627-626-625-624-623-622-621-614-459-325-23 @ https://phbidlautdemo.prahu-hub.com/home/laporanlogistik:5687
[   32366ms] [LOG] update_dashboard_order_laut @ https://phbidlautdemo.prahu-hub.com/home/laporanlogistik:5687
[   33443ms] [LOG] 2026-08-01 @ https://phbidlautdemo.prahu-hub.com/home/laporanlogistik:4813
[   33443ms] [LOG] 2026-08-31 @ https://phbidlautdemo.prahu-hub.com/home/laporanlogistik:4814
[   38444ms] [LOG] ce.fn.init a @ https://phbidlautdemo.prahu-hub.com/home/laporanlogistik:4868
[   38445ms] [LOG] ce.fn.init b @ https://phbidlautdemo.prahu-hub.com/home/laporanlogistik:4882
[   38448ms] [LOG] 01/08/2026 @ https://phbidlautdemo.prahu-hub.com/home/laporanlogistik:4757
[   38448ms] [LOG] 31/08/2026 @ https://phbidlautdemo.prahu-hub.com/home/laporanlogistik:4758
[   39310ms] Cannot use import statement outside a module
[   39310ms] ReferenceError: Chart is not defined
    at https://phbidlautdemo.prahu-hub.com/_resources/themes/prahutheme/js/scripts-init/charts/chartjs.js:8:13
[   39485ms] Unexpected token '<'
[   39486ms] Unexpected token '<'
[   39522ms] Uncaught TypeError: expect element to be DOM Element, but got null
    at n.init (https://cdnjs.cloudflare.com/ajax/libs/smooth-scrollbar/8.5.2/smooth-scrollbar.js:24:264)
    at <anonymous> (https://phbidlautdemo.prahu-hub.com/home/laporanlogistik?tgl_awal=01%2F08%2F2026&tgl_akhir=31%2F08%2F2026&status_filter=1:5392:14)
[   39536ms] [LOG] Laporannamanya @ https://phbidlautdemo.prahu-hub.com/home/laporanlogistik?tgl_awal=01%2F08%2F2026&tgl_akhir=31%2F08%2F2026&status_filter=1:1877
[   39546ms] [LOG] DD/MM/YYYY @ https://phbidlautdemo.prahu-hub.com/home/laporanlogistik?tgl_awal=01%2F08%2F2026&tgl_akhir=31%2F08%2F2026&status_filter=1:5744
[   39546ms] [LOG] DD/MM/YYYY @ https://phbidlautdemo.prahu-hub.com/home/laporanlogistik?tgl_awal=01%2F08%2F2026&tgl_akhir=31%2F08%2F2026&status_filter=1:5744
[   39546ms] [LOG] undefined @ https://phbidlautdemo.prahu-hub.com/home/laporanlogistik?tgl_awal=01%2F08%2F2026&tgl_akhir=31%2F08%2F2026&status_filter=1:5744
[   39546ms] [LOG] undefined @ https://phbidlautdemo.prahu-hub.com/home/laporanlogistik?tgl_awal=01%2F08%2F2026&tgl_akhir=31%2F08%2F2026&status_filter=1:5744
[   39547ms] [LOG] WebSocket connection @ https://phbidlautdemo.prahu-hub.com/home/laporanlogistik?tgl_awal=01%2F08%2F2026&tgl_akhir=31%2F08%2F2026&status_filter=1:5787
[   39547ms] [LOG] WebSocket connection attempting... @ https://phbidlautdemo.prahu-hub.com/home/laporanlogistik?tgl_awal=01%2F08%2F2026&tgl_akhir=31%2F08%2F2026&status_filter=1:5865
[   39622ms] [LOG] 200 xhrglobal @ https://phbidlautdemo.prahu-hub.com/home/laporanlogistik?tgl_awal=01%2F08%2F2026&tgl_akhir=31%2F08%2F2026&status_filter=1:5718
[   39663ms] [LOG] WebSocket connected @ https://phbidlautdemo.prahu-hub.com/home/laporanlogistik?tgl_awal=01%2F08%2F2026&tgl_akhir=31%2F08%2F2026&status_filter=1:5796
[   39667ms] [LOG] update_dashboard_order_laut @ https://phbidlautdemo.prahu-hub.com/home/laporanlogistik?tgl_awal=01%2F08%2F2026&tgl_akhir=31%2F08%2F2026&status_filter=1:5837
[   39691ms] [LOG] Connected @ https://phbidlautdemo.prahu-hub.com/home/laporanlogistik?tgl_awal=01%2F08%2F2026&tgl_akhir=31%2F08%2F2026&status_filter=1:5837
[   39797ms] [LOG] [Array(4)] shownya @ https://phbidlautdemo.prahu-hub.com/_resources/themes/prahutheme/javascript/custom/laporanlogistik.js?m=1786589824:677
[   39801ms] [LOG] aam 4 @ https://phbidlautdemo.prahu-hub.com/_resources/themes/prahutheme/javascript/custom/laporanlogistik.js?m=1786589824:690
[   39802ms] [LOG] 4 sdsad ff @ https://phbidlautdemo.prahu-hub.com/_resources/themes/prahutheme/javascript/custom/laporanlogistik.js?m=1786589824:618
[   39802ms] [LOG] {ID: dUkwK0ZZNEI4OVNoaktnQjZxSFA3QT09, nonyaa: 1, nomor_order: 20260811-06501, nomor_lelang: LELANGIK/247/2026/MLTD, JumBiayaTambahan: 0} aamshow @ https://phbidlautdemo.prahu-hub.com/_resources/themes/prahutheme/javascript/custom/laporanlogistik.js?m=1786589824:691
[   39804ms] [LOG] [Object, Object, Object, Object] @ https://phbidlautdemo.prahu-hub.com/_resources/themes/prahutheme/javascript/custom/laporanlogistik.js?m=1786589824:43
[   39807ms] [LOG] [Object, Object, Object, Object] aamdata @ https://phbidlautdemo.prahu-hub.com/_resources/themes/prahutheme/javascript/custom/laporanlogistik.js?m=1786589824:117
[   39815ms] [LOG] 4 sdsad ff @ https://phbidlautdemo.prahu-hub.com/_resources/themes/prahutheme/javascript/custom/laporanlogistik.js?m=1786589824:618
[   39816ms] [LOG] 4 @ https://phbidlautdemo.prahu-hub.com/_resources/themes/prahutheme/javascript/custom/laporanlogistik.js?m=1786589824:634
[   39817ms] [LOG] 4 countView1 1 pageNow 20 limitView1 @ https://phbidlautdemo.prahu-hub.com/_resources/themes/prahutheme/javascript/custom/laporanlogistik.js?m=1786589824:636
[   39817ms] [LOG] 4 @ https://phbidlautdemo.prahu-hub.com/_resources/themes/prahutheme/javascript/custom/laporanlogistik.js?m=1786589824:642
[   39818ms] [LOG] 4 jumlah data @ https://phbidlautdemo.prahu-hub.com/_resources/themes/prahutheme/javascript/custom/laporanlogistik.js?m=1786589824:577
[   39819ms] [LOG] 1 @ https://phbidlautdemo.prahu-hub.com/_resources/themes/prahutheme/javascript/custom/laporanlogistik.js?m=1786589824:579
[   39820ms] [LOG] 1 1 pageCount & pageNow @ https://phbidlautdemo.prahu-hub.com/_resources/themes/prahutheme/javascript/custom/laporanlogistik.js?m=1786589824:503
[   39822ms] [LOG] 200 xhrglobal @ https://phbidlautdemo.prahu-hub.com/home/laporanlogistik?tgl_awal=01%2F08%2F2026&tgl_akhir=31%2F08%2F2026&status_filter=1:5718
[   39823ms] [LOG] ce.fn.init stepItem @ https://phbidlautdemo.prahu-hub.com/_resources/themes/prahutheme/javascript/custom/laporanlogistik.js?m=1786589824:477
[   39865ms] [LOG] 200 xhrglobal @ https://phbidlautdemo.prahu-hub.com/home/laporanlogistik?tgl_awal=01%2F08%2F2026&tgl_akhir=31%2F08%2F2026&status_filter=1:5718
[   39907ms] [LOG] 200 xhrglobal @ https://phbidlautdemo.prahu-hub.com/home/laporanlogistik?tgl_awal=01%2F08%2F2026&tgl_akhir=31%2F08%2F2026&status_filter=1:5718
[   41552ms] TypeError: $(...).DataTable is not a function
    at https://phbidlautdemo.prahu-hub.com/_resources/themes/prahutheme/js/scripts-init/tables.js:7:23
[   52712ms] [LOG] updateNotif.901-858-787-935-914-906-900-876-856-820-796-795-783-764-704-689-688-685-642-641-640-639-638-635-634-633-632-631-629-628-627-626-625-624-623-622-621-614-459-325-23 @ https://phbidlautdemo.prahu-hub.com/home/laporanlogistik?tgl_awal=01%2F08%2F2026&tgl_akhir=31%2F08%2F2026&status_filter=1:5837
[   52731ms] [LOG] notif_badge_hide.901-858-787-935-914-906-900-876-856-820-796-795-783-764-704-689-688-685-642-641-640-639-638-635-634-633-632-631-629-628-627-626-625-624-623-622-621-614-459-325-23 @ https://phbidlautdemo.prahu-hub.com/home/laporanlogistik?tgl_awal=01%2F08%2F2026&tgl_akhir=31%2F08%2F2026&status_filter=1:5837
[   52776ms] [LOG] update_dashboard_order_laut @ https://phbidlautdemo.prahu-hub.com/home/laporanlogistik?tgl_awal=01%2F08%2F2026&tgl_akhir=31%2F08%2F2026&status_filter=1:5837
[   56947ms] [LOG] Connected @ https://phbidlautdemo.prahu-hub.com/home/laporanlogistik?tgl_awal=01%2F08%2F2026&tgl_akhir=31%2F08%2F2026&status_filter=1:5837
[   65924ms] [LOG] Connected @ https://phbidlautdemo.prahu-hub.com/home/laporanlogistik?tgl_awal=01%2F08%2F2026&tgl_akhir=31%2F08%2F2026&status_filter=1:5837
[   72378ms] [LOG] Connected @ https://phbidlautdemo.prahu-hub.com/home/laporanlogistik?tgl_awal=01%2F08%2F2026&tgl_akhir=31%2F08%2F2026&status_filter=1:5837
