[    1076ms] Cannot use import statement outside a module
[    1133ms] ReferenceError: Chart is not defined
    at https://phbidlautdemo.prahu-hub.com/_resources/themes/prahutheme/js/scripts-init/charts/chartjs.js:8:13
[    1135ms] Unexpected token '<'
[    1136ms] Unexpected token '<'
[    1232ms] Uncaught TypeError: expect element to be DOM Element, but got null
    at n.init (https://cdnjs.cloudflare.com/ajax/libs/smooth-scrollbar/8.5.2/smooth-scrollbar.js:24:264)
    at <anonymous> (https://phbidlautdemo.prahu-hub.com/adminprahu/reminder:5679:14)
[    1255ms] [LOG] Settingsnamanya @ https://phbidlautdemo.prahu-hub.com/adminprahu/reminder:2039
[    1267ms] [LOG] WebSocket connection @ https://phbidlautdemo.prahu-hub.com/adminprahu/reminder:6075
[    1267ms] [LOG] WebSocket connection attempting... @ https://phbidlautdemo.prahu-hub.com/adminprahu/reminder:6153
[    1833ms] [LOG] WebSocket connected @ https://phbidlautdemo.prahu-hub.com/adminprahu/reminder:6084
[    1838ms] [LOG] update_dashboard_order_laut @ https://phbidlautdemo.prahu-hub.com/adminprahu/reminder:6125
[    1963ms] [LOG] 200 xhrglobal @ https://phbidlautdemo.prahu-hub.com/adminprahu/reminder:6006
[    2021ms] [LOG] 200 xhrglobal @ https://phbidlautdemo.prahu-hub.com/adminprahu/reminder:6006
[    2036ms] [LOG] Connected @ https://phbidlautdemo.prahu-hub.com/adminprahu/reminder:6125
[    3265ms] TypeError: $(...).DataTable is not a function
    at https://phbidlautdemo.prahu-hub.com/_resources/themes/prahutheme/js/scripts-init/tables.js:7:23
[    9157ms] Cannot use import statement outside a module
[    9199ms] ReferenceError: Chart is not defined
    at https://phbidlautdemo.prahu-hub.com/_resources/themes/prahutheme/js/scripts-init/charts/chartjs.js:8:13
[    9200ms] Unexpected token '<'
[    9202ms] Unexpected token '<'
[    9293ms] Uncaught TypeError: expect element to be DOM Element, but got null
    at n.init (https://cdnjs.cloudflare.com/ajax/libs/smooth-scrollbar/8.5.2/smooth-scrollbar.js:24:264)
    at <anonymous> (https://phbidlautdemo.prahu-hub.com/adminprahu/settingReminder/UUtRU0NqV1IzekpKbStpS0RvMDlYZz09:5281:14)
[    9320ms] [LOG] Settingsnamanya @ https://phbidlautdemo.prahu-hub.com/adminprahu/settingReminder/UUtRU0NqV1IzekpKbStpS0RvMDlYZz09:2039
[    9331ms] [LOG] undefined @ https://phbidlautdemo.prahu-hub.com/adminprahu/settingReminder/UUtRU0NqV1IzekpKbStpS0RvMDlYZz09:5634
[    9331ms] [LOG] undefined @ https://phbidlautdemo.prahu-hub.com/adminprahu/settingReminder/UUtRU0NqV1IzekpKbStpS0RvMDlYZz09:5634
[    9331ms] [LOG]  @ https://phbidlautdemo.prahu-hub.com/adminprahu/settingReminder/UUtRU0NqV1IzekpKbStpS0RvMDlYZz09:5634
[    9331ms] [LOG] 0 @ https://phbidlautdemo.prahu-hub.com/adminprahu/settingReminder/UUtRU0NqV1IzekpKbStpS0RvMDlYZz09:5634
[    9332ms] [LOG] WebSocket connection @ https://phbidlautdemo.prahu-hub.com/adminprahu/settingReminder/UUtRU0NqV1IzekpKbStpS0RvMDlYZz09:5677
[    9333ms] [LOG] WebSocket connection attempting... @ https://phbidlautdemo.prahu-hub.com/adminprahu/settingReminder/UUtRU0NqV1IzekpKbStpS0RvMDlYZz09:5755
[    9857ms] [LOG] WebSocket connected @ https://phbidlautdemo.prahu-hub.com/adminprahu/settingReminder/UUtRU0NqV1IzekpKbStpS0RvMDlYZz09:5686
[    9862ms] [LOG] update_dashboard_order_laut @ https://phbidlautdemo.prahu-hub.com/adminprahu/settingReminder/UUtRU0NqV1IzekpKbStpS0RvMDlYZz09:5727
[   10015ms] [LOG] 200 xhrglobal @ https://phbidlautdemo.prahu-hub.com/adminprahu/settingReminder/UUtRU0NqV1IzekpKbStpS0RvMDlYZz09:5608
[   10088ms] [LOG] 200 xhrglobal @ https://phbidlautdemo.prahu-hub.com/adminprahu/settingReminder/UUtRU0NqV1IzekpKbStpS0RvMDlYZz09:5608
[   10092ms] [LOG] Connected @ https://phbidlautdemo.prahu-hub.com/adminprahu/settingReminder/UUtRU0NqV1IzekpKbStpS0RvMDlYZz09:5727
[   11333ms] TypeError: $(...).DataTable is not a function
    at https://phbidlautdemo.prahu-hub.com/_resources/themes/prahutheme/js/scripts-init/tables.js:7:23
[   16213ms] [LOG] "ok" @ https://phbidlautdemo.prahu-hub.com/adminprahu/settingReminder/UUtRU0NqV1IzekpKbStpS0RvMDlYZz09:4954
[   16221ms] [LOG] 200 xhrglobal @ https://phbidlautdemo.prahu-hub.com/adminprahu/settingReminder/UUtRU0NqV1IzekpKbStpS0RvMDlYZz09:5608
[   17090ms] Cannot use import statement outside a module
[   17124ms] ReferenceError: Chart is not defined
    at https://phbidlautdemo.prahu-hub.com/_resources/themes/prahutheme/js/scripts-init/charts/chartjs.js:8:13
[   17708ms] Unexpected token '<'
[   17708ms] Unexpected token '<'
[   17766ms] Uncaught TypeError: expect element to be DOM Element, but got null
    at n.init (https://cdnjs.cloudflare.com/ajax/libs/smooth-scrollbar/8.5.2/smooth-scrollbar.js:24:264)
    at <anonymous> (https://phbidlautdemo.prahu-hub.com/adminprahu/reminder:5684:14)
[   17784ms] [LOG] Settingsnamanya @ https://phbidlautdemo.prahu-hub.com/adminprahu/reminder:2039
[   17795ms] [LOG] WebSocket connection @ https://phbidlautdemo.prahu-hub.com/adminprahu/reminder:6080
[   17795ms] [LOG] WebSocket connection attempting... @ https://phbidlautdemo.prahu-hub.com/adminprahu/reminder:6158
[   17933ms] [LOG] WebSocket connected @ https://phbidlautdemo.prahu-hub.com/adminprahu/reminder:6089
[   17937ms] [LOG] update_dashboard_order_laut @ https://phbidlautdemo.prahu-hub.com/adminprahu/reminder:6130
[   17990ms] [LOG] Connected @ https://phbidlautdemo.prahu-hub.com/adminprahu/reminder:6130
[   18058ms] [LOG] 200 xhrglobal @ https://phbidlautdemo.prahu-hub.com/adminprahu/reminder:6011
[   18106ms] [LOG] 200 xhrglobal @ https://phbidlautdemo.prahu-hub.com/adminprahu/reminder:6011
[   19794ms] TypeError: $(...).DataTable is not a function
    at https://phbidlautdemo.prahu-hub.com/_resources/themes/prahutheme/js/scripts-init/tables.js:7:23
