[     904ms] Cannot use import statement outside a module
[     936ms] ReferenceError: Chart is not defined
    at https://phbidlautdemo.prahu-hub.com/_resources/themes/prahutheme/js/scripts-init/charts/chartjs.js:8:13
[    1128ms] Unexpected token '<'
[    1129ms] Unexpected token '<'
[    1195ms] Uncaught TypeError: expect element to be DOM Element, but got null
    at <anonymous> (https://cdnjs.cloudflare.com/ajax/libs/smooth-scrollbar/8.5.2/smooth-scrollbar.js:24:264)
    at <anonymous> (https://phbidlautdemo.prahu-hub.com/home/laporanowner:5479:14)
[    1217ms] [LOG] Laporannamanya @ https://phbidlautdemo.prahu-hub.com/home/laporanowner:2039
[    1242ms] [LOG] DD/MM/YYYY @ https://phbidlautdemo.prahu-hub.com/home/laporanowner:5832
[    1243ms] [LOG] DD/MM/YYYY @ https://phbidlautdemo.prahu-hub.com/home/laporanowner:5832
[    1243ms] [LOG] undefined @ https://phbidlautdemo.prahu-hub.com/home/laporanowner:5832
[    1244ms] [LOG] WebSocket connection @ https://phbidlautdemo.prahu-hub.com/home/laporanowner:5875
[    1245ms] [LOG] WebSocket connection attempting... @ https://phbidlautdemo.prahu-hub.com/home/laporanowner:5953
[    1384ms] [LOG] WebSocket connected @ https://phbidlautdemo.prahu-hub.com/home/laporanowner:5884
[    1387ms] [LOG] update_dashboard_order_laut @ https://phbidlautdemo.prahu-hub.com/home/laporanowner:5925
[    1415ms] [LOG] Connected @ https://phbidlautdemo.prahu-hub.com/home/laporanowner:5925
[    1562ms] [LOG] 200 xhrglobal @ https://phbidlautdemo.prahu-hub.com/home/laporanowner:5806
[    1613ms] [LOG] 200 xhrglobal @ https://phbidlautdemo.prahu-hub.com/home/laporanowner:5806
[    3233ms] TypeError: $(...).DataTable is not a function
    at https://phbidlautdemo.prahu-hub.com/_resources/themes/prahutheme/js/scripts-init/tables.js:7:23
[   22446ms] [LOG] 01/08/2026 @ https://phbidlautdemo.prahu-hub.com/home/laporanowner:5053
[   22447ms] [LOG] 30/08/2026 @ https://phbidlautdemo.prahu-hub.com/home/laporanowner:5054
[   23837ms] Cannot use import statement outside a module
[   23849ms] ReferenceError: Chart is not defined
    at https://phbidlautdemo.prahu-hub.com/_resources/themes/prahutheme/js/scripts-init/charts/chartjs.js:8:13
[   24032ms] Unexpected token '<'
[   24273ms] Unexpected token '<'
[   24368ms] Uncaught TypeError: expect element to be DOM Element, but got null
    at <anonymous> (https://cdnjs.cloudflare.com/ajax/libs/smooth-scrollbar/8.5.2/smooth-scrollbar.js:24:264)
    at <anonymous> (https://phbidlautdemo.prahu-hub.com/home/laporanowner?tgl_awal=01%2F08%2F2026&tgl_akhir=30%2F08%2F2026&status_filter=1&BidOwnerID=65:5610:14)
[   24403ms] [LOG] Laporannamanya @ https://phbidlautdemo.prahu-hub.com/home/laporanowner?tgl_awal=01%2F08%2F2026&tgl_akhir=30%2F08%2F2026&status_filter=1&BidOwnerID=65:2040
[   24434ms] [LOG] DD/MM/YYYY @ https://phbidlautdemo.prahu-hub.com/home/laporanowner?tgl_awal=01%2F08%2F2026&tgl_akhir=30%2F08%2F2026&status_filter=1&BidOwnerID=65:5963
[   24435ms] [LOG] DD/MM/YYYY @ https://phbidlautdemo.prahu-hub.com/home/laporanowner?tgl_awal=01%2F08%2F2026&tgl_akhir=30%2F08%2F2026&status_filter=1&BidOwnerID=65:5963
[   24435ms] [LOG] undefined @ https://phbidlautdemo.prahu-hub.com/home/laporanowner?tgl_awal=01%2F08%2F2026&tgl_akhir=30%2F08%2F2026&status_filter=1&BidOwnerID=65:5963
[   24435ms] [LOG] undefined @ https://phbidlautdemo.prahu-hub.com/home/laporanowner?tgl_awal=01%2F08%2F2026&tgl_akhir=30%2F08%2F2026&status_filter=1&BidOwnerID=65:5963
[   24436ms] [LOG] WebSocket connection @ https://phbidlautdemo.prahu-hub.com/home/laporanowner?tgl_awal=01%2F08%2F2026&tgl_akhir=30%2F08%2F2026&status_filter=1&BidOwnerID=65:6006
[   24437ms] [LOG] WebSocket connection attempting... @ https://phbidlautdemo.prahu-hub.com/home/laporanowner?tgl_awal=01%2F08%2F2026&tgl_akhir=30%2F08%2F2026&status_filter=1&BidOwnerID=65:6084
[   24614ms] [LOG] 200 xhrglobal @ https://phbidlautdemo.prahu-hub.com/home/laporanowner?tgl_awal=01%2F08%2F2026&tgl_akhir=30%2F08%2F2026&status_filter=1&BidOwnerID=65:5937
[   24621ms] [LOG] WebSocket connected @ https://phbidlautdemo.prahu-hub.com/home/laporanowner?tgl_awal=01%2F08%2F2026&tgl_akhir=30%2F08%2F2026&status_filter=1&BidOwnerID=65:6015
[   24627ms] [LOG] update_dashboard_order_laut @ https://phbidlautdemo.prahu-hub.com/home/laporanowner?tgl_awal=01%2F08%2F2026&tgl_akhir=30%2F08%2F2026&status_filter=1&BidOwnerID=65:6056
[   24655ms] [LOG] Connected @ https://phbidlautdemo.prahu-hub.com/home/laporanowner?tgl_awal=01%2F08%2F2026&tgl_akhir=30%2F08%2F2026&status_filter=1&BidOwnerID=65:6056
[   24753ms] [LOG] [Array(18)] shownya @ https://phbidlautdemo.prahu-hub.com/_resources/themes/prahutheme/javascript/custom/laporanowner.js?m=1787972929:651
[   24757ms] [LOG] 18 sdsad ff @ https://phbidlautdemo.prahu-hub.com/_resources/themes/prahutheme/javascript/custom/laporanowner.js?m=1787972929:588
[   24758ms] [LOG] 18 sdsad ff @ https://phbidlautdemo.prahu-hub.com/_resources/themes/prahutheme/javascript/custom/laporanowner.js?m=1787972929:588
[   24758ms] [LOG] aam 18 @ https://phbidlautdemo.prahu-hub.com/_resources/themes/prahutheme/javascript/custom/laporanowner.js?m=1787972929:664
[   24758ms] [LOG] 18 sdsad ff @ https://phbidlautdemo.prahu-hub.com/_resources/themes/prahutheme/javascript/custom/laporanowner.js?m=1787972929:588
[   24758ms] [LOG] {nonyaa: 1, ID: , ID_lelang: 1092, nomor_order: -, nomor_lelang: AUTOTEST/1787976607809} aamshow @ https://phbidlautdemo.prahu-hub.com/_resources/themes/prahutheme/javascript/custom/laporanowner.js?m=1787972929:665
[   24759ms] [LOG] 18 sdsad ff @ https://phbidlautdemo.prahu-hub.com/_resources/themes/prahutheme/javascript/custom/laporanowner.js?m=1787972929:588
[   24759ms] [LOG] [Object, Object, Object, Object, Object, Object, Object, Object, Object, Object, Object, Object, Object, Object, Object, Object, Object, Object] @ https://phbidlautdemo.prahu-hub.com/_resources/themes/prahutheme/javascript/custom/laporanowner.js?m=1787972929:43
[   24766ms] [LOG] 18 sdsad ff @ https://phbidlautdemo.prahu-hub.com/_resources/themes/prahutheme/javascript/custom/laporanowner.js?m=1787972929:588
[   24766ms] [LOG] 18 sdsad ff @ https://phbidlautdemo.prahu-hub.com/_resources/themes/prahutheme/javascript/custom/laporanowner.js?m=1787972929:588
[   24767ms] [LOG] 18 sdsad ff @ https://phbidlautdemo.prahu-hub.com/_resources/themes/prahutheme/javascript/custom/laporanowner.js?m=1787972929:588
[   24767ms] [LOG] 18 loadPaginationInfo @ https://phbidlautdemo.prahu-hub.com/_resources/themes/prahutheme/javascript/custom/laporanowner.js?m=1787972929:606
[   24767ms] [LOG] 18 @ https://phbidlautdemo.prahu-hub.com/_resources/themes/prahutheme/javascript/custom/laporanowner.js?m=1787972929:608
[   24767ms] [LOG] 18 sdsad ff @ https://phbidlautdemo.prahu-hub.com/_resources/themes/prahutheme/javascript/custom/laporanowner.js?m=1787972929:588
[   24767ms] [LOG] 18 countView1 1 pageNow 20 limitView1 @ https://phbidlautdemo.prahu-hub.com/_resources/themes/prahutheme/javascript/custom/laporanowner.js?m=1787972929:611
[   24767ms] [LOG] 18 @ https://phbidlautdemo.prahu-hub.com/_resources/themes/prahutheme/javascript/custom/laporanowner.js?m=1787972929:617
[   24768ms] [LOG] 18 sdsad ff @ https://phbidlautdemo.prahu-hub.com/_resources/themes/prahutheme/javascript/custom/laporanowner.js?m=1787972929:588
[   24769ms] [LOG] 18 sdsad ff @ https://phbidlautdemo.prahu-hub.com/_resources/themes/prahutheme/javascript/custom/laporanowner.js?m=1787972929:588
[   24769ms] [LOG] 18 jumlah data @ https://phbidlautdemo.prahu-hub.com/_resources/themes/prahutheme/javascript/custom/laporanowner.js?m=1787972929:547
[   24770ms] [LOG] 1 @ https://phbidlautdemo.prahu-hub.com/_resources/themes/prahutheme/javascript/custom/laporanowner.js?m=1787972929:549
[   24770ms] [LOG] 1 1 pageCount & pageNow @ https://phbidlautdemo.prahu-hub.com/_resources/themes/prahutheme/javascript/custom/laporanowner.js?m=1787972929:470
[   24772ms] [LOG] 200 xhrglobal @ https://phbidlautdemo.prahu-hub.com/home/laporanowner?tgl_awal=01%2F08%2F2026&tgl_akhir=30%2F08%2F2026&status_filter=1&BidOwnerID=65:5937
[   24773ms] [LOG] ce.fn.init stepItem @ https://phbidlautdemo.prahu-hub.com/_resources/themes/prahutheme/javascript/custom/laporanowner.js?m=1787972929:444
[   24827ms] [LOG] 200 xhrglobal @ https://phbidlautdemo.prahu-hub.com/home/laporanowner?tgl_awal=01%2F08%2F2026&tgl_akhir=30%2F08%2F2026&status_filter=1&BidOwnerID=65:5937
[   24884ms] [LOG] 200 xhrglobal @ https://phbidlautdemo.prahu-hub.com/home/laporanowner?tgl_awal=01%2F08%2F2026&tgl_akhir=30%2F08%2F2026&status_filter=1&BidOwnerID=65:5937
[   26416ms] TypeError: $(...).DataTable is not a function
    at https://phbidlautdemo.prahu-hub.com/_resources/themes/prahutheme/js/scripts-init/tables.js:7:23
[   35746ms] Cannot use import statement outside a module
[   35757ms] ReferenceError: Chart is not defined
    at https://phbidlautdemo.prahu-hub.com/_resources/themes/prahutheme/js/scripts-init/charts/chartjs.js:8:13
[   35758ms] Unexpected token '<'
[   35843ms] Unexpected token '<'
[   35893ms] Uncaught TypeError: expect element to be DOM Element, but got null
    at <anonymous> (https://cdnjs.cloudflare.com/ajax/libs/smooth-scrollbar/8.5.2/smooth-scrollbar.js:24:264)
    at <anonymous> (https://phbidlautdemo.prahu-hub.com/home/detaillaporanowner/?OrderID=&LelangID=1092&tgl_awal=01%2F08%2F2026&tgl_akhir=30%2F08%2F2026&status_filter=1&BidOwnerID=65:5624:14)
[   35923ms] [LOG] Laporannamanya @ https://phbidlautdemo.prahu-hub.com/home/detaillaporanowner/?OrderID=&LelangID=1092&tgl_awal=01%2F08%2F2026&tgl_akhir=30%2F08%2F2026&status_filter=1&BidOwnerID=65:2039
[   35935ms] [LOG] WebSocket connection @ https://phbidlautdemo.prahu-hub.com/home/detaillaporanowner/?OrderID=&LelangID=1092&tgl_awal=01%2F08%2F2026&tgl_akhir=30%2F08%2F2026&status_filter=1&BidOwnerID=65:6020
[   35935ms] [LOG] WebSocket connection attempting... @ https://phbidlautdemo.prahu-hub.com/home/detaillaporanowner/?OrderID=&LelangID=1092&tgl_awal=01%2F08%2F2026&tgl_akhir=30%2F08%2F2026&status_filter=1&BidOwnerID=65:6098
[   36346ms] [LOG] WebSocket connected @ https://phbidlautdemo.prahu-hub.com/home/detaillaporanowner/?OrderID=&LelangID=1092&tgl_awal=01%2F08%2F2026&tgl_akhir=30%2F08%2F2026&status_filter=1&BidOwnerID=65:6029
[   36351ms] [LOG] update_dashboard_order_laut @ https://phbidlautdemo.prahu-hub.com/home/detaillaporanowner/?OrderID=&LelangID=1092&tgl_awal=01%2F08%2F2026&tgl_akhir=30%2F08%2F2026&status_filter=1&BidOwnerID=65:6070
[   36385ms] [LOG] Connected @ https://phbidlautdemo.prahu-hub.com/home/detaillaporanowner/?OrderID=&LelangID=1092&tgl_awal=01%2F08%2F2026&tgl_akhir=30%2F08%2F2026&status_filter=1&BidOwnerID=65:6070
[   36543ms] [LOG] 200 xhrglobal @ https://phbidlautdemo.prahu-hub.com/home/detaillaporanowner/?OrderID=&LelangID=1092&tgl_awal=01%2F08%2F2026&tgl_akhir=30%2F08%2F2026&status_filter=1&BidOwnerID=65:5951
[   36602ms] [LOG] 200 xhrglobal @ https://phbidlautdemo.prahu-hub.com/home/detaillaporanowner/?OrderID=&LelangID=1092&tgl_awal=01%2F08%2F2026&tgl_akhir=30%2F08%2F2026&status_filter=1&BidOwnerID=65:5951
[   37935ms] TypeError: $(...).DataTable is not a function
    at https://phbidlautdemo.prahu-hub.com/_resources/themes/prahutheme/js/scripts-init/tables.js:7:23
