[     909ms] Cannot use import statement outside a module
[     927ms] ReferenceError: Chart is not defined
    at https://phbidlautdemo.prahu-hub.com/_resources/themes/prahutheme/js/scripts-init/charts/chartjs.js:8:13
[     995ms] Unexpected token '<'
[    1118ms] Unexpected token '<'
[    1146ms] Uncaught TypeError: expect element to be DOM Element, but got null
    at n.init (https://cdnjs.cloudflare.com/ajax/libs/smooth-scrollbar/8.5.2/smooth-scrollbar.js:24:264)
    at <anonymous> (https://phbidlautdemo.prahu-hub.com/order/buatinvoice/1288:6614:14)
[    1161ms] [LOG] Daftar Ordernamanya @ https://phbidlautdemo.prahu-hub.com/order/buatinvoice/1288:2039
[    1178ms] [LOG] nilai_diskon 0 @ https://phbidlautdemo.prahu-hub.com/order/buatinvoice/1288:5762
[    1178ms] [LOG] 5549600 @ https://phbidlautdemo.prahu-hub.com/order/buatinvoice/1288:5763
[    1179ms] [LOG] nilai_diskon 0 @ https://phbidlautdemo.prahu-hub.com/order/buatinvoice/1288:5762
[    1179ms] [LOG] 5549600 @ https://phbidlautdemo.prahu-hub.com/order/buatinvoice/1288:5763
[    1180ms] [LOG] nilai_diskon 0 @ https://phbidlautdemo.prahu-hub.com/order/buatinvoice/1288:5762
[    1180ms] [LOG] 5549600 @ https://phbidlautdemo.prahu-hub.com/order/buatinvoice/1288:5763
[    1181ms] [LOG] nilai_diskon 0 @ https://phbidlautdemo.prahu-hub.com/order/buatinvoice/1288:5762
[    1181ms] [LOG] 5549600 @ https://phbidlautdemo.prahu-hub.com/order/buatinvoice/1288:5763
[    1188ms] [LOG] undefined @ https://phbidlautdemo.prahu-hub.com/order/buatinvoice/1288:6967
[    1188ms] [LOG] undefined @ https://phbidlautdemo.prahu-hub.com/order/buatinvoice/1288:6967
[    1188ms] [LOG] undefined @ https://phbidlautdemo.prahu-hub.com/order/buatinvoice/1288:6967
[    1188ms] [LOG] Masukkan Nama Perusahaan @ https://phbidlautdemo.prahu-hub.com/order/buatinvoice/1288:6967
[    1188ms] [LOG] Masukkan Nomor Telepon @ https://phbidlautdemo.prahu-hub.com/order/buatinvoice/1288:6967
[    1188ms] [LOG] Masukkan Alamat Email @ https://phbidlautdemo.prahu-hub.com/order/buatinvoice/1288:6967
[    1189ms] [LOG] Masukkan Nama Shipper @ https://phbidlautdemo.prahu-hub.com/order/buatinvoice/1288:6967
[    1189ms] [LOG] Masukkan ID Order @ https://phbidlautdemo.prahu-hub.com/order/buatinvoice/1288:6967
[    1189ms] [LOG] Masukkan Nomor Invoice @ https://phbidlautdemo.prahu-hub.com/order/buatinvoice/1288:6967
[    1189ms] [LOG] DD/MM/YYYY @ https://phbidlautdemo.prahu-hub.com/order/buatinvoice/1288:6967
[    1190ms] [LOG] DD/MM/YYYY @ https://phbidlautdemo.prahu-hub.com/order/buatinvoice/1288:6967
[    1191ms] [LOG] Harga @ https://phbidlautdemo.prahu-hub.com/order/buatinvoice/1288:6967
[    1191ms] [LOG] Harga @ https://phbidlautdemo.prahu-hub.com/order/buatinvoice/1288:6967
[    1191ms] [LOG] 0 @ https://phbidlautdemo.prahu-hub.com/order/buatinvoice/1288:6967
[    1191ms] [LOG] undefined @ https://phbidlautdemo.prahu-hub.com/order/buatinvoice/1288:6967
[    1191ms] [LOG] 0 @ https://phbidlautdemo.prahu-hub.com/order/buatinvoice/1288:6967
[    1191ms] [LOG] undefined @ https://phbidlautdemo.prahu-hub.com/order/buatinvoice/1288:6967
[    1191ms] [LOG] 0 @ https://phbidlautdemo.prahu-hub.com/order/buatinvoice/1288:6967
[    1191ms] [LOG] undefined @ https://phbidlautdemo.prahu-hub.com/order/buatinvoice/1288:6967
[    1192ms] [LOG] undefined @ https://phbidlautdemo.prahu-hub.com/order/buatinvoice/1288:6967
[    1192ms] [LOG] Masukkan Nomor Rekening @ https://phbidlautdemo.prahu-hub.com/order/buatinvoice/1288:6967
[    1192ms] [LOG] Masukkan Nama Bank @ https://phbidlautdemo.prahu-hub.com/order/buatinvoice/1288:6967
[    1192ms] [LOG] Masukkan Nomor Invoice @ https://phbidlautdemo.prahu-hub.com/order/buatinvoice/1288:6967
[    1192ms] [LOG] Masukkan Nomor Rekening @ https://phbidlautdemo.prahu-hub.com/order/buatinvoice/1288:6967
[    1192ms] [LOG] Masukkan Nama Bank @ https://phbidlautdemo.prahu-hub.com/order/buatinvoice/1288:6967
[    1192ms] [LOG] Masukkan Nomor Invoice @ https://phbidlautdemo.prahu-hub.com/order/buatinvoice/1288:6967
[    1192ms] [LOG] undefined @ https://phbidlautdemo.prahu-hub.com/order/buatinvoice/1288:6967
[    1192ms] [LOG] undefined @ https://phbidlautdemo.prahu-hub.com/order/buatinvoice/1288:6967
[    1192ms] [LOG] undefined @ https://phbidlautdemo.prahu-hub.com/order/buatinvoice/1288:6967
[    1193ms] [LOG] WebSocket connection @ https://phbidlautdemo.prahu-hub.com/order/buatinvoice/1288:7010
[    1194ms] [LOG] WebSocket connection attempting... @ https://phbidlautdemo.prahu-hub.com/order/buatinvoice/1288:7088
[    1303ms] [LOG] WebSocket connected @ https://phbidlautdemo.prahu-hub.com/order/buatinvoice/1288:7019
[    1308ms] [LOG] update_dashboard_order_laut @ https://phbidlautdemo.prahu-hub.com/order/buatinvoice/1288:7060
[    1330ms] [LOG] Connected @ https://phbidlautdemo.prahu-hub.com/order/buatinvoice/1288:7060
[    1420ms] [LOG] 200 xhrglobal @ https://phbidlautdemo.prahu-hub.com/order/buatinvoice/1288:6941
[    1483ms] [LOG] 200 xhrglobal @ https://phbidlautdemo.prahu-hub.com/order/buatinvoice/1288:6941
[    3170ms] TypeError: $(...).DataTable is not a function
    at https://phbidlautdemo.prahu-hub.com/_resources/themes/prahutheme/js/scripts-init/tables.js:7:23
[    3927ms] [LOG] Connected @ https://phbidlautdemo.prahu-hub.com/order/buatinvoice/1288:7060
