[    1170ms] Cannot use import statement outside a module
[    1197ms] ReferenceError: Chart is not defined
    at https://phbidlautdemo.prahu-hub.com/_resources/themes/prahutheme/js/scripts-init/charts/chartjs.js:8:13
[    1264ms] Unexpected token '<'
[    1390ms] Unexpected token '<'
[    1466ms] Uncaught TypeError: expect element to be DOM Element, but got null
    at <anonymous> (https://cdnjs.cloudflare.com/ajax/libs/smooth-scrollbar/8.5.2/smooth-scrollbar.js:24:264)
    at <anonymous> (https://phbidlautdemo.prahu-hub.com/lelang/requestJadwal/1089:6328:14)
[    1518ms] [LOG] undefinednamanya @ https://phbidlautdemo.prahu-hub.com/lelang/requestJadwal/1089:2042
[    1532ms] [LOG] undefined @ https://phbidlautdemo.prahu-hub.com/lelang/requestJadwal/1089:6681
[    1532ms] [LOG] undefined @ https://phbidlautdemo.prahu-hub.com/lelang/requestJadwal/1089:6681
[    1533ms] [LOG] undefined @ https://phbidlautdemo.prahu-hub.com/lelang/requestJadwal/1089:6681
[    1533ms] [LOG] undefined @ https://phbidlautdemo.prahu-hub.com/lelang/requestJadwal/1089:6681
[    1534ms] [LOG] undefined @ https://phbidlautdemo.prahu-hub.com/lelang/requestJadwal/1089:6681
[    1534ms] [LOG] DD/MM/YYYY @ https://phbidlautdemo.prahu-hub.com/lelang/requestJadwal/1089:6681
[    1535ms] [LOG] DD/MM/YYYY @ https://phbidlautdemo.prahu-hub.com/lelang/requestJadwal/1089:6681
[    1535ms] [LOG] Masukkan Harga @ https://phbidlautdemo.prahu-hub.com/lelang/requestJadwal/1089:6681
[    1537ms] [LOG] WebSocket connection @ https://phbidlautdemo.prahu-hub.com/lelang/requestJadwal/1089:6724
[    1537ms] [LOG] WebSocket connection attempting... @ https://phbidlautdemo.prahu-hub.com/lelang/requestJadwal/1089:6802
[    1711ms] [LOG] WebSocket connected @ https://phbidlautdemo.prahu-hub.com/lelang/requestJadwal/1089:6733
[    1714ms] [LOG] update_dashboard_order_laut @ https://phbidlautdemo.prahu-hub.com/lelang/requestJadwal/1089:6774
[    1729ms] [LOG] [Object, Object, Object] @ https://phbidlautdemo.prahu-hub.com/_resources/themes/prahutheme/javascript/custom/requestJadwal.js?m=1787972929:14
[    1753ms] [LOG] 3 @ https://phbidlautdemo.prahu-hub.com/_resources/themes/prahutheme/javascript/custom/requestJadwal.js?m=1787972929:752
[    1753ms] [LOG] 3 countView1 1 pageNow 20 limitView1 @ https://phbidlautdemo.prahu-hub.com/_resources/themes/prahutheme/javascript/custom/requestJadwal.js?m=1787972929:754
[    1753ms] [LOG] 3 @ https://phbidlautdemo.prahu-hub.com/_resources/themes/prahutheme/javascript/custom/requestJadwal.js?m=1787972929:760
[    1754ms] [LOG] 3 jumlah data @ https://phbidlautdemo.prahu-hub.com/_resources/themes/prahutheme/javascript/custom/requestJadwal.js?m=1787972929:729
[    1754ms] [LOG] 1 @ https://phbidlautdemo.prahu-hub.com/_resources/themes/prahutheme/javascript/custom/requestJadwal.js?m=1787972929:731
[    1755ms] [LOG] 1 1 pageCount & pageNow @ https://phbidlautdemo.prahu-hub.com/_resources/themes/prahutheme/javascript/custom/requestJadwal.js?m=1787972929:655
[    1756ms] [LOG] 200 xhrglobal @ https://phbidlautdemo.prahu-hub.com/lelang/requestJadwal/1089:6655
[    1764ms] [LOG] Connected @ https://phbidlautdemo.prahu-hub.com/lelang/requestJadwal/1089:6774
[    1875ms] [LOG] 200 xhrglobal @ https://phbidlautdemo.prahu-hub.com/lelang/requestJadwal/1089:6655
[    1957ms] [LOG] 200 xhrglobal @ https://phbidlautdemo.prahu-hub.com/lelang/requestJadwal/1089:6655
[    3532ms] TypeError: $(...).DataTable is not a function
    at https://phbidlautdemo.prahu-hub.com/_resources/themes/prahutheme/js/scripts-init/tables.js:7:23
