[    2303ms] Cannot use import statement outside a module
[    2313ms] ReferenceError: Chart is not defined
    at https://phbidlautdemo.prahu-hub.com/_resources/themes/prahutheme/js/scripts-init/charts/chartjs.js:8:13
[    2801ms] Unexpected token '<'
[    3329ms] Unexpected token '<'
[    3401ms] Uncaught TypeError: expect element to be DOM Element, but got null
    at n.init (https://cdnjs.cloudflare.com/ajax/libs/smooth-scrollbar/8.5.2/smooth-scrollbar.js:24:264)
    at <anonymous> (https://phbidlautdemo.prahu-hub.com/order/buatinvoice/1390:6612:14)
[    3427ms] [LOG] Daftar Ordernamanya @ https://phbidlautdemo.prahu-hub.com/order/buatinvoice/1390:2039
[    3448ms] [LOG] nilai_diskon 0 @ https://phbidlautdemo.prahu-hub.com/order/buatinvoice/1390:5760
[    3448ms] [LOG] 38649000 @ https://phbidlautdemo.prahu-hub.com/order/buatinvoice/1390:5761
[    3449ms] [LOG] nilai_diskon 0 @ https://phbidlautdemo.prahu-hub.com/order/buatinvoice/1390:5760
[    3449ms] [LOG] 38649000 @ https://phbidlautdemo.prahu-hub.com/order/buatinvoice/1390:5761
[    3450ms] [LOG] nilai_diskon 0 @ https://phbidlautdemo.prahu-hub.com/order/buatinvoice/1390:5760
[    3450ms] [LOG] 38649000 @ https://phbidlautdemo.prahu-hub.com/order/buatinvoice/1390:5761
[    3450ms] [LOG] nilai_diskon 0 @ https://phbidlautdemo.prahu-hub.com/order/buatinvoice/1390:5760
[    3450ms] [LOG] 38649000 @ https://phbidlautdemo.prahu-hub.com/order/buatinvoice/1390:5761
[    3457ms] [LOG] undefined @ https://phbidlautdemo.prahu-hub.com/order/buatinvoice/1390:6965
[    3457ms] [LOG] undefined @ https://phbidlautdemo.prahu-hub.com/order/buatinvoice/1390:6965
[    3457ms] [LOG] undefined @ https://phbidlautdemo.prahu-hub.com/order/buatinvoice/1390:6965
[    3457ms] [LOG] Masukkan Nama Perusahaan @ https://phbidlautdemo.prahu-hub.com/order/buatinvoice/1390:6965
[    3458ms] [LOG] Masukkan Nomor Telepon @ https://phbidlautdemo.prahu-hub.com/order/buatinvoice/1390:6965
[    3458ms] [LOG] Masukkan Alamat Email @ https://phbidlautdemo.prahu-hub.com/order/buatinvoice/1390:6965
[    3458ms] [LOG] Masukkan Nama Shipper @ https://phbidlautdemo.prahu-hub.com/order/buatinvoice/1390:6965
[    3458ms] [LOG] Masukkan ID Order @ https://phbidlautdemo.prahu-hub.com/order/buatinvoice/1390:6965
[    3458ms] [LOG] Masukkan Nomor Invoice @ https://phbidlautdemo.prahu-hub.com/order/buatinvoice/1390:6965
[    3458ms] [LOG] DD/MM/YYYY @ https://phbidlautdemo.prahu-hub.com/order/buatinvoice/1390:6965
[    3458ms] [LOG] DD/MM/YYYY @ https://phbidlautdemo.prahu-hub.com/order/buatinvoice/1390:6965
[    3458ms] [LOG] Harga @ https://phbidlautdemo.prahu-hub.com/order/buatinvoice/1390:6965
[    3458ms] [LOG] Harga @ https://phbidlautdemo.prahu-hub.com/order/buatinvoice/1390:6965
[    3458ms] [LOG] 0 @ https://phbidlautdemo.prahu-hub.com/order/buatinvoice/1390:6965
[    3459ms] [LOG] undefined @ https://phbidlautdemo.prahu-hub.com/order/buatinvoice/1390:6965
[    3459ms] [LOG] 0 @ https://phbidlautdemo.prahu-hub.com/order/buatinvoice/1390:6965
[    3459ms] [LOG] undefined @ https://phbidlautdemo.prahu-hub.com/order/buatinvoice/1390:6965
[    3459ms] [LOG] 0 @ https://phbidlautdemo.prahu-hub.com/order/buatinvoice/1390:6965
[    3459ms] [LOG] undefined @ https://phbidlautdemo.prahu-hub.com/order/buatinvoice/1390:6965
[    3459ms] [LOG] undefined @ https://phbidlautdemo.prahu-hub.com/order/buatinvoice/1390:6965
[    3459ms] [LOG] Masukkan Nomor Rekening @ https://phbidlautdemo.prahu-hub.com/order/buatinvoice/1390:6965
[    3459ms] [LOG] Masukkan Nama Bank @ https://phbidlautdemo.prahu-hub.com/order/buatinvoice/1390:6965
[    3459ms] [LOG] Masukkan Nomor Invoice @ https://phbidlautdemo.prahu-hub.com/order/buatinvoice/1390:6965
[    3459ms] [LOG] Masukkan Nomor Rekening @ https://phbidlautdemo.prahu-hub.com/order/buatinvoice/1390:6965
[    3460ms] [LOG] Masukkan Nama Bank @ https://phbidlautdemo.prahu-hub.com/order/buatinvoice/1390:6965
[    3460ms] [LOG] Masukkan Nomor Invoice @ https://phbidlautdemo.prahu-hub.com/order/buatinvoice/1390:6965
[    3460ms] [LOG] undefined @ https://phbidlautdemo.prahu-hub.com/order/buatinvoice/1390:6965
[    3460ms] [LOG] undefined @ https://phbidlautdemo.prahu-hub.com/order/buatinvoice/1390:6965
[    3460ms] [LOG] undefined @ https://phbidlautdemo.prahu-hub.com/order/buatinvoice/1390:6965
[    3461ms] [LOG] WebSocket connection @ https://phbidlautdemo.prahu-hub.com/order/buatinvoice/1390:7008
[    3461ms] [LOG] WebSocket connection attempting... @ https://phbidlautdemo.prahu-hub.com/order/buatinvoice/1390:7086
[    3570ms] [LOG] WebSocket connected @ https://phbidlautdemo.prahu-hub.com/order/buatinvoice/1390:7017
[    3572ms] [LOG] update_dashboard_order_laut @ https://phbidlautdemo.prahu-hub.com/order/buatinvoice/1390:7058
[    3601ms] [LOG] Connected @ https://phbidlautdemo.prahu-hub.com/order/buatinvoice/1390:7058
[    3961ms] [LOG] 200 xhrglobal @ https://phbidlautdemo.prahu-hub.com/order/buatinvoice/1390:6939
[    4020ms] [LOG] 200 xhrglobal @ https://phbidlautdemo.prahu-hub.com/order/buatinvoice/1390:6939
[    5434ms] TypeError: $(...).DataTable is not a function
    at https://phbidlautdemo.prahu-hub.com/_resources/themes/prahutheme/js/scripts-init/tables.js:7:23
[   30593ms] [LOG] Connected @ https://phbidlautdemo.prahu-hub.com/order/buatinvoice/1390:7058
[   39133ms] [LOG] Connected @ https://phbidlautdemo.prahu-hub.com/order/buatinvoice/1390:7058
[   40058ms] [LOG] Connected @ https://phbidlautdemo.prahu-hub.com/order/buatinvoice/1390:7058
