[     917ms] Cannot use import statement outside a module
[     972ms] ReferenceError: Chart is not defined
    at https://phbidlautdemo.prahu-hub.com/_resources/themes/prahutheme/js/scripts-init/charts/chartjs.js:8:13
[    1126ms] Unexpected token '<'
[    1128ms] Unexpected token '<'
[    1216ms] Uncaught TypeError: expect element to be DOM Element, but got null
    at <anonymous> (https://cdnjs.cloudflare.com/ajax/libs/smooth-scrollbar/8.5.2/smooth-scrollbar.js:24:264)
    at <anonymous> (https://phbidlautdemo.prahu-hub.com/lelang/riwayatnego/bk5SZzcyNjJOeTdjQUVuWWtmaTBBQT09:6037:14)
[    1255ms] [LOG] NEGOnamanya @ https://phbidlautdemo.prahu-hub.com/lelang/riwayatnego/bk5SZzcyNjJOeTdjQUVuWWtmaTBBQT09:2040
[    1272ms] [LOG] undefined @ https://phbidlautdemo.prahu-hub.com/lelang/riwayatnego/bk5SZzcyNjJOeTdjQUVuWWtmaTBBQT09:6390
[    1272ms] [LOG] undefined @ https://phbidlautdemo.prahu-hub.com/lelang/riwayatnego/bk5SZzcyNjJOeTdjQUVuWWtmaTBBQT09:6390
[    1273ms] [LOG] undefined @ https://phbidlautdemo.prahu-hub.com/lelang/riwayatnego/bk5SZzcyNjJOeTdjQUVuWWtmaTBBQT09:6390
[    1273ms] [LOG] undefined @ https://phbidlautdemo.prahu-hub.com/lelang/riwayatnego/bk5SZzcyNjJOeTdjQUVuWWtmaTBBQT09:6390
[    1273ms] [LOG] DD/MM/YYYY @ https://phbidlautdemo.prahu-hub.com/lelang/riwayatnego/bk5SZzcyNjJOeTdjQUVuWWtmaTBBQT09:6390
[    1273ms] [LOG] Masukkan Nego Harga @ https://phbidlautdemo.prahu-hub.com/lelang/riwayatnego/bk5SZzcyNjJOeTdjQUVuWWtmaTBBQT09:6390
[    1273ms] [LOG] Jumlah Nego @ https://phbidlautdemo.prahu-hub.com/lelang/riwayatnego/bk5SZzcyNjJOeTdjQUVuWWtmaTBBQT09:6390
[    1273ms] [LOG] DD/MM/YYYY @ https://phbidlautdemo.prahu-hub.com/lelang/riwayatnego/bk5SZzcyNjJOeTdjQUVuWWtmaTBBQT09:6390
[    1274ms] [LOG] Masukkan Harga Baru @ https://phbidlautdemo.prahu-hub.com/lelang/riwayatnego/bk5SZzcyNjJOeTdjQUVuWWtmaTBBQT09:6390
[    1275ms] [LOG] WebSocket connection @ https://phbidlautdemo.prahu-hub.com/lelang/riwayatnego/bk5SZzcyNjJOeTdjQUVuWWtmaTBBQT09:6433
[    1276ms] [LOG] WebSocket connection attempting... @ https://phbidlautdemo.prahu-hub.com/lelang/riwayatnego/bk5SZzcyNjJOeTdjQUVuWWtmaTBBQT09:6511
[    1459ms] [LOG] [Object, Object] @ https://phbidlautdemo.prahu-hub.com/_resources/themes/prahutheme/javascript/custom/riwayatnego.js?m=1787972929:93
[    1461ms] [LOG] [Object, Object] @ https://phbidlautdemo.prahu-hub.com/_resources/themes/prahutheme/javascript/custom/riwayatnego.js?m=1787972929:13
[    1462ms] [LOG] {ID: 628, tgl_nego: 27/08/2026 11:41, nego_harga: Rp. 17.500.000, jumlah_nego: 2, konfirmasi_bidder: -} @ https://phbidlautdemo.prahu-hub.com/_resources/themes/prahutheme/javascript/custom/riwayatnego.js?m=1787972929:19
[    1462ms] [LOG] {ID: 625, tgl_nego: 26/08/2026 09:24, nego_harga: Rp. 19.500.000, jumlah_nego: 1, konfirmasi_bidder: 27/08/2026 08:23} @ https://phbidlautdemo.prahu-hub.com/_resources/themes/prahutheme/javascript/custom/riwayatnego.js?m=1787972929:19
[    1464ms] [LOG] 200 xhrglobal @ https://phbidlautdemo.prahu-hub.com/lelang/riwayatnego/bk5SZzcyNjJOeTdjQUVuWWtmaTBBQT09:6364
[    1476ms] ReferenceError: renderTooltipHarga is not defined
    at https://phbidlautdemo.prahu-hub.com/_resources/themes/prahutheme/javascript/custom/riwayatnego.js?m=1787972929:358:9
[    1473ms] [LOG] WebSocket connected @ https://phbidlautdemo.prahu-hub.com/lelang/riwayatnego/bk5SZzcyNjJOeTdjQUVuWWtmaTBBQT09:6442
[    1485ms] [LOG] update_dashboard_order_laut @ https://phbidlautdemo.prahu-hub.com/lelang/riwayatnego/bk5SZzcyNjJOeTdjQUVuWWtmaTBBQT09:6483
[    1523ms] [LOG] Connected @ https://phbidlautdemo.prahu-hub.com/lelang/riwayatnego/bk5SZzcyNjJOeTdjQUVuWWtmaTBBQT09:6483
[    1603ms] [LOG] 200 xhrglobal @ https://phbidlautdemo.prahu-hub.com/lelang/riwayatnego/bk5SZzcyNjJOeTdjQUVuWWtmaTBBQT09:6364
[    1737ms] [LOG] 200 xhrglobal @ https://phbidlautdemo.prahu-hub.com/lelang/riwayatnego/bk5SZzcyNjJOeTdjQUVuWWtmaTBBQT09:6364
[    3267ms] TypeError: $(...).DataTable is not a function
    at https://phbidlautdemo.prahu-hub.com/_resources/themes/prahutheme/js/scripts-init/tables.js:7:23
