[    1320ms] Cannot use import statement outside a module
[    1336ms] ReferenceError: Chart is not defined
    at https://phbidlautdemo.prahu-hub.com/_resources/themes/prahutheme/js/scripts-init/charts/chartjs.js:8:13
[    1420ms] Unexpected token '<'
[    1537ms] Unexpected token '<'
[    1571ms] Uncaught TypeError: expect element to be DOM Element, but got null
    at n.init (https://cdnjs.cloudflare.com/ajax/libs/smooth-scrollbar/8.5.2/smooth-scrollbar.js:24:264)
    at <anonymous> (https://phbidlautdemo.prahu-hub.com/home/analitikscsr:6425:14)
[    1578ms] ReferenceError: selectEl is not defined
    at HTMLDocument.<anonymous> (https://phbidlautdemo.prahu-hub.com/home/analitikscsr:4725:3)
[    1583ms] ReferenceError: selectEl is not defined
    at HTMLDocument.<anonymous> (https://phbidlautdemo.prahu-hub.com/home/analitikscsr:5444:3)
[    1605ms] [LOG] Laporannamanya @ https://phbidlautdemo.prahu-hub.com/home/analitikscsr:2039
[    1615ms] [LOG] DD/MM/YYYY @ https://phbidlautdemo.prahu-hub.com/home/analitikscsr:6778
[    1616ms] [LOG] DD/MM/YYYY @ https://phbidlautdemo.prahu-hub.com/home/analitikscsr:6778
[    1616ms] [LOG] Search... @ https://phbidlautdemo.prahu-hub.com/home/analitikscsr:6778
[    1616ms] [LOG] Search... @ https://phbidlautdemo.prahu-hub.com/home/analitikscsr:6778
[    1616ms] [LOG] undefined @ https://phbidlautdemo.prahu-hub.com/home/analitikscsr:6778
[    1616ms] [LOG] Search... @ https://phbidlautdemo.prahu-hub.com/home/analitikscsr:6778
[    1617ms] [LOG] WebSocket connection @ https://phbidlautdemo.prahu-hub.com/home/analitikscsr:6821
[    1618ms] [LOG] WebSocket connection attempting... @ https://phbidlautdemo.prahu-hub.com/home/analitikscsr:6899
[    2846ms] [LOG] WebSocket connected @ https://phbidlautdemo.prahu-hub.com/home/analitikscsr:6830
[    2849ms] [LOG] update_dashboard_order_laut @ https://phbidlautdemo.prahu-hub.com/home/analitikscsr:6871
[    3016ms] [LOG] Connected @ https://phbidlautdemo.prahu-hub.com/home/analitikscsr:6871
[    3175ms] [LOG] Connected @ https://phbidlautdemo.prahu-hub.com/home/analitikscsr:6871
[    3306ms] [LOG] 200 xhrglobal @ https://phbidlautdemo.prahu-hub.com/home/analitikscsr:6752
[    3434ms] [LOG] 200 xhrglobal @ https://phbidlautdemo.prahu-hub.com/home/analitikscsr:6752
[    3621ms] TypeError: $(...).DataTable is not a function
    at https://phbidlautdemo.prahu-hub.com/_resources/themes/prahutheme/js/scripts-init/tables.js:7:23
[   11751ms] [LOG] Connected @ https://phbidlautdemo.prahu-hub.com/home/analitikscsr:6871
[   15020ms] [LOG] Connected @ https://phbidlautdemo.prahu-hub.com/home/analitikscsr:6871
[   31599ms] [LOG] Connected @ https://phbidlautdemo.prahu-hub.com/home/analitikscsr:6871
[   37048ms] [LOG] Connected @ https://phbidlautdemo.prahu-hub.com/home/analitikscsr:6871
[   52436ms] [LOG] Connected @ https://phbidlautdemo.prahu-hub.com/home/analitikscsr:6871
[   52941ms] [LOG] Connected @ https://phbidlautdemo.prahu-hub.com/home/analitikscsr:6871
[   90215ms] [LOG] Connected @ https://phbidlautdemo.prahu-hub.com/home/analitikscsr:6871
[   90337ms] [LOG] Connected @ https://phbidlautdemo.prahu-hub.com/home/analitikscsr:6871
[   95758ms] [LOG] Connected @ https://phbidlautdemo.prahu-hub.com/home/analitikscsr:6871
[  100878ms] [LOG] Connected @ https://phbidlautdemo.prahu-hub.com/home/analitikscsr:6871
[  112519ms] [LOG] Connected @ https://phbidlautdemo.prahu-hub.com/home/analitikscsr:6871
[  146151ms] [LOG] notif_badge_show.20-1 @ https://phbidlautdemo.prahu-hub.com/home/analitikscsr:6871
[  146152ms] [LOG] updateNotifDarat.1 @ https://phbidlautdemo.prahu-hub.com/home/analitikscsr:6871
[  146153ms] [LOG] notif_badge_show.1 @ https://phbidlautdemo.prahu-hub.com/home/analitikscsr:6871
[  154091ms] [LOG] Connected @ https://phbidlautdemo.prahu-hub.com/home/analitikscsr:6871
[  166300ms] [LOG] Connected @ https://phbidlautdemo.prahu-hub.com/home/analitikscsr:6871
[  174706ms] [LOG] Connected @ https://phbidlautdemo.prahu-hub.com/home/analitikscsr:6871
[  176968ms] [LOG] Connected @ https://phbidlautdemo.prahu-hub.com/home/analitikscsr:6871
[  189558ms] [LOG] Connected @ https://phbidlautdemo.prahu-hub.com/home/analitikscsr:6871
[  205307ms] [LOG] updateNotifDarat.373-1 @ https://phbidlautdemo.prahu-hub.com/home/analitikscsr:6871
[  205313ms] [LOG] updateNotifDarat.1 @ https://phbidlautdemo.prahu-hub.com/home/analitikscsr:6871
[  205329ms] [LOG] notif_badge_show.373-1 @ https://phbidlautdemo.prahu-hub.com/home/analitikscsr:6871
[  205332ms] [LOG] notif_badge_show.1 @ https://phbidlautdemo.prahu-hub.com/home/analitikscsr:6871
[  208245ms] [LOG] Connected @ https://phbidlautdemo.prahu-hub.com/home/analitikscsr:6871
[  218907ms] [LOG] updateNotifDarat.485-471-460-459-454-451-447-417-385-262-194-192-49-42-18-8-373-1 @ https://phbidlautdemo.prahu-hub.com/home/analitikscsr:6871
[  218913ms] [LOG] notif_badge_hide.485-471-460-459-454-451-447-417-385-262-194-192-49-42-18-8-373-1 @ https://phbidlautdemo.prahu-hub.com/home/analitikscsr:6871
[  222965ms] [LOG] Connected @ https://phbidlautdemo.prahu-hub.com/home/analitikscsr:6871
[  223226ms] [LOG] Connected @ https://phbidlautdemo.prahu-hub.com/home/analitikscsr:6871
[  225672ms] [LOG] Connected @ https://phbidlautdemo.prahu-hub.com/home/analitikscsr:6871
[  226963ms] [LOG] Connected @ https://phbidlautdemo.prahu-hub.com/home/analitikscsr:6871
[  228400ms] [LOG] Connected @ https://phbidlautdemo.prahu-hub.com/home/analitikscsr:6871
[  230288ms] [LOG] Connected @ https://phbidlautdemo.prahu-hub.com/home/analitikscsr:6871
[  234160ms] [LOG] Connected @ https://phbidlautdemo.prahu-hub.com/home/analitikscsr:6871
[  253079ms] [LOG] Connected @ https://phbidlautdemo.prahu-hub.com/home/analitikscsr:6871
[  266876ms] [LOG] Connected @ https://phbidlautdemo.prahu-hub.com/home/analitikscsr:6871
[  271918ms] [LOG] Connected @ https://phbidlautdemo.prahu-hub.com/home/analitikscsr:6871
[  275434ms] [LOG] Connected @ https://phbidlautdemo.prahu-hub.com/home/analitikscsr:6871
[  287028ms] [LOG] Connected @ https://phbidlautdemo.prahu-hub.com/home/analitikscsr:6871
[  295812ms] [LOG] Connected @ https://phbidlautdemo.prahu-hub.com/home/analitikscsr:6871
[  298648ms] [LOG] Connected @ https://phbidlautdemo.prahu-hub.com/home/analitikscsr:6871
[  304823ms] [LOG] Connected @ https://phbidlautdemo.prahu-hub.com/home/analitikscsr:6871
[  311929ms] [LOG] Connected @ https://phbidlautdemo.prahu-hub.com/home/analitikscsr:6871
[  324624ms] [LOG] Connected @ https://phbidlautdemo.prahu-hub.com/home/analitikscsr:6871
[  328029ms] [LOG] Connected @ https://phbidlautdemo.prahu-hub.com/home/analitikscsr:6871
[  330277ms] [LOG] Connected @ https://phbidlautdemo.prahu-hub.com/home/analitikscsr:6871
[  337606ms] [LOG] Connected @ https://phbidlautdemo.prahu-hub.com/home/analitikscsr:6871
[  337855ms] [LOG] Connected @ https://phbidlautdemo.prahu-hub.com/home/analitikscsr:6871
[  338455ms] [LOG] Connected @ https://phbidlautdemo.prahu-hub.com/home/analitikscsr:6871
[  338976ms] [LOG] Connected @ https://phbidlautdemo.prahu-hub.com/home/analitikscsr:6871
[  341963ms] [LOG] Connected @ https://phbidlautdemo.prahu-hub.com/home/analitikscsr:6871
[  345436ms] [LOG] Connected @ https://phbidlautdemo.prahu-hub.com/home/analitikscsr:6871
[  345573ms] [LOG] Connected @ https://phbidlautdemo.prahu-hub.com/home/analitikscsr:6871
[  347545ms] [LOG] Connected @ https://phbidlautdemo.prahu-hub.com/home/analitikscsr:6871
[  354432ms] [LOG] Connected @ https://phbidlautdemo.prahu-hub.com/home/analitikscsr:6871
[  358874ms] [LOG] Connected @ https://phbidlautdemo.prahu-hub.com/home/analitikscsr:6871
[  358926ms] [LOG] Connected @ https://phbidlautdemo.prahu-hub.com/home/analitikscsr:6871
[  360621ms] [LOG] Connected @ https://phbidlautdemo.prahu-hub.com/home/analitikscsr:6871
[  364094ms] [LOG] Connected @ https://phbidlautdemo.prahu-hub.com/home/analitikscsr:6871
[  366780ms] [LOG] Connected @ https://phbidlautdemo.prahu-hub.com/home/analitikscsr:6871
[  367341ms] [LOG] Connected @ https://phbidlautdemo.prahu-hub.com/home/analitikscsr:6871
[  367548ms] [LOG] Connected @ https://phbidlautdemo.prahu-hub.com/home/analitikscsr:6871
[  373830ms] [LOG] updateNotif.937-935-914-906-900-876-856-820-796-795-783-764-704-689-688-685-642-641-640-639-638-635-634-633-632-631-629-628-627-626-625-624-623-622-621-614-459-419-23 @ https://phbidlautdemo.prahu-hub.com/home/analitikscsr:6871
[  373830ms] [LOG] Notif baru, fetching data... 39 true 23 @ https://phbidlautdemo.prahu-hub.com/home/analitikscsr:6884
[  373836ms] ReferenceError: loadDataNotif is not defined
    at ConnectWebsocket.conn.onmessage (https://phbidlautdemo.prahu-hub.com/home/analitikscsr:6886:29)
[  373865ms] [LOG] notif_badge_hide.937-935-914-906-900-876-856-820-796-795-783-764-704-689-688-685-642-641-640-639-638-635-634-633-632-631-629-628-627-626-625-624-623-622-621-614-459-419-23 @ https://phbidlautdemo.prahu-hub.com/home/analitikscsr:6871
[  373877ms] [LOG] Connected @ https://phbidlautdemo.prahu-hub.com/home/analitikscsr:6871
[  373894ms] [LOG] update_dashboard_order_laut @ https://phbidlautdemo.prahu-hub.com/home/analitikscsr:6871
[  375938ms] [LOG] Connected @ https://phbidlautdemo.prahu-hub.com/home/analitikscsr:6871
[  377142ms] [LOG] Connected @ https://phbidlautdemo.prahu-hub.com/home/analitikscsr:6871
[  377565ms] [LOG] Connected @ https://phbidlautdemo.prahu-hub.com/home/analitikscsr:6871
[  379574ms] [LOG] Connected @ https://phbidlautdemo.prahu-hub.com/home/analitikscsr:6871
[  383327ms] [LOG] Connected @ https://phbidlautdemo.prahu-hub.com/home/analitikscsr:6871
[  385480ms] [LOG] Connected @ https://phbidlautdemo.prahu-hub.com/home/analitikscsr:6871
[  385933ms] [LOG] Connected @ https://phbidlautdemo.prahu-hub.com/home/analitikscsr:6871
[  400966ms] [LOG] Connected @ https://phbidlautdemo.prahu-hub.com/home/analitikscsr:6871
[  406111ms] [LOG] Connected @ https://phbidlautdemo.prahu-hub.com/home/analitikscsr:6871
[  418110ms] [LOG] Connected @ https://phbidlautdemo.prahu-hub.com/home/analitikscsr:6871
[  424248ms] [LOG] Connected @ https://phbidlautdemo.prahu-hub.com/home/analitikscsr:6871
[  434652ms] [LOG] Connected @ https://phbidlautdemo.prahu-hub.com/home/analitikscsr:6871
[  446307ms] [LOG] Connected @ https://phbidlautdemo.prahu-hub.com/home/analitikscsr:6871
[  469387ms] [LOG] Connected @ https://phbidlautdemo.prahu-hub.com/home/analitikscsr:6871
[  485055ms] [LOG] Connected @ https://phbidlautdemo.prahu-hub.com/home/analitikscsr:6871
[  486248ms] [LOG] Connected @ https://phbidlautdemo.prahu-hub.com/home/analitikscsr:6871
[  528055ms] [LOG] Connected @ https://phbidlautdemo.prahu-hub.com/home/analitikscsr:6871
[  531677ms] [LOG] Connected @ https://phbidlautdemo.prahu-hub.com/home/analitikscsr:6871
[  540298ms] [LOG] Connected @ https://phbidlautdemo.prahu-hub.com/home/analitikscsr:6871
[  563399ms] [LOG] Connected @ https://phbidlautdemo.prahu-hub.com/home/analitikscsr:6871
[  580517ms] [LOG] Connected @ https://phbidlautdemo.prahu-hub.com/home/analitikscsr:6871
[  583714ms] [LOG] Connected @ https://phbidlautdemo.prahu-hub.com/home/analitikscsr:6871
[  611049ms] [LOG] Connected @ https://phbidlautdemo.prahu-hub.com/home/analitikscsr:6871
[  614260ms] [LOG] Connected @ https://phbidlautdemo.prahu-hub.com/home/analitikscsr:6871
[  619513ms] [LOG] Connected @ https://phbidlautdemo.prahu-hub.com/home/analitikscsr:6871
[  619861ms] [LOG] Connected @ https://phbidlautdemo.prahu-hub.com/home/analitikscsr:6871
[  622318ms] [LOG] Connected @ https://phbidlautdemo.prahu-hub.com/home/analitikscsr:6871
[  624357ms] [LOG] Connected @ https://phbidlautdemo.prahu-hub.com/home/analitikscsr:6871
[  628040ms] [LOG] Connected @ https://phbidlautdemo.prahu-hub.com/home/analitikscsr:6871
[  628114ms] [LOG] Connected @ https://phbidlautdemo.prahu-hub.com/home/analitikscsr:6871
[  634277ms] [LOG] Connected @ https://phbidlautdemo.prahu-hub.com/home/analitikscsr:6871
[  642112ms] [LOG] Connected @ https://phbidlautdemo.prahu-hub.com/home/analitikscsr:6871
[  658872ms] [LOG] Connected @ https://phbidlautdemo.prahu-hub.com/home/analitikscsr:6871
[  673821ms] [LOG] Connected @ https://phbidlautdemo.prahu-hub.com/home/analitikscsr:6871
[  675268ms] [LOG] Connected @ https://phbidlautdemo.prahu-hub.com/home/analitikscsr:6871
[  675288ms] [LOG] Connected @ https://phbidlautdemo.prahu-hub.com/home/analitikscsr:6871
[  675371ms] [LOG] Connected @ https://phbidlautdemo.prahu-hub.com/home/analitikscsr:6871
[  675403ms] [LOG] Connected @ https://phbidlautdemo.prahu-hub.com/home/analitikscsr:6871
[  675417ms] [LOG] Connected @ https://phbidlautdemo.prahu-hub.com/home/analitikscsr:6871
[  675434ms] [LOG] Connected @ https://phbidlautdemo.prahu-hub.com/home/analitikscsr:6871
[  675434ms] [LOG] Connected @ https://phbidlautdemo.prahu-hub.com/home/analitikscsr:6871
[  675757ms] [LOG] Connected @ https://phbidlautdemo.prahu-hub.com/home/analitikscsr:6871
[  675900ms] [LOG] Connected @ https://phbidlautdemo.prahu-hub.com/home/analitikscsr:6871
[  675916ms] [LOG] Connected @ https://phbidlautdemo.prahu-hub.com/home/analitikscsr:6871
[  675946ms] [LOG] Connected @ https://phbidlautdemo.prahu-hub.com/home/analitikscsr:6871
[  675971ms] [LOG] Connected @ https://phbidlautdemo.prahu-hub.com/home/analitikscsr:6871
[  676082ms] [LOG] Connected @ https://phbidlautdemo.prahu-hub.com/home/analitikscsr:6871
[  676094ms] [LOG] Connected @ https://phbidlautdemo.prahu-hub.com/home/analitikscsr:6871
[  676199ms] [LOG] Connected @ https://phbidlautdemo.prahu-hub.com/home/analitikscsr:6871
[  676480ms] [LOG] Connected @ https://phbidlautdemo.prahu-hub.com/home/analitikscsr:6871
[  676497ms] [LOG] Connected @ https://phbidlautdemo.prahu-hub.com/home/analitikscsr:6871
[  676663ms] [LOG] Connected @ https://phbidlautdemo.prahu-hub.com/home/analitikscsr:6871
[  676725ms] [LOG] Connected @ https://phbidlautdemo.prahu-hub.com/home/analitikscsr:6871
[  678022ms] [LOG] Connected @ https://phbidlautdemo.prahu-hub.com/home/analitikscsr:6871
[  678364ms] [LOG] Connected @ https://phbidlautdemo.prahu-hub.com/home/analitikscsr:6871
[  680709ms] [LOG] Connected @ https://phbidlautdemo.prahu-hub.com/home/analitikscsr:6871
[  684409ms] [LOG] Connected @ https://phbidlautdemo.prahu-hub.com/home/analitikscsr:6871
[  684655ms] [LOG] Connected @ https://phbidlautdemo.prahu-hub.com/home/analitikscsr:6871
[  685521ms] [LOG] Connected @ https://phbidlautdemo.prahu-hub.com/home/analitikscsr:6871
[  690328ms] [LOG] Connected @ https://phbidlautdemo.prahu-hub.com/home/analitikscsr:6871
[  700410ms] [LOG] Connected @ https://phbidlautdemo.prahu-hub.com/home/analitikscsr:6871
[  701433ms] [LOG] Connected @ https://phbidlautdemo.prahu-hub.com/home/analitikscsr:6871
[  705258ms] [LOG] Connected @ https://phbidlautdemo.prahu-hub.com/home/analitikscsr:6871
[  705783ms] [LOG] Connected @ https://phbidlautdemo.prahu-hub.com/home/analitikscsr:6871
[  709329ms] [LOG] Connected @ https://phbidlautdemo.prahu-hub.com/home/analitikscsr:6871
[  710141ms] [LOG] Connected @ https://phbidlautdemo.prahu-hub.com/home/analitikscsr:6871
[  720489ms] [LOG] Connected @ https://phbidlautdemo.prahu-hub.com/home/analitikscsr:6871
[  727274ms] [LOG] Connected @ https://phbidlautdemo.prahu-hub.com/home/analitikscsr:6871
[  727544ms] [LOG] Connected @ https://phbidlautdemo.prahu-hub.com/home/analitikscsr:6871
[  731903ms] [LOG] Connected @ https://phbidlautdemo.prahu-hub.com/home/analitikscsr:6871
[  736658ms] [LOG] Connected @ https://phbidlautdemo.prahu-hub.com/home/analitikscsr:6871
[  741329ms] [LOG] Connected @ https://phbidlautdemo.prahu-hub.com/home/analitikscsr:6871
[  742232ms] [LOG] Connected @ https://phbidlautdemo.prahu-hub.com/home/analitikscsr:6871
[  744317ms] [LOG] Connected @ https://phbidlautdemo.prahu-hub.com/home/analitikscsr:6871
[  752212ms] [LOG] Connected @ https://phbidlautdemo.prahu-hub.com/home/analitikscsr:6871
[  755522ms] [LOG] Connected @ https://phbidlautdemo.prahu-hub.com/home/analitikscsr:6871
[  759323ms] [LOG] Connected @ https://phbidlautdemo.prahu-hub.com/home/analitikscsr:6871
[  763870ms] [LOG] updateNotifDarat.485-471-460-459-454-451-447-417-385-262-194-192-49-42-18-8-20-1 @ https://phbidlautdemo.prahu-hub.com/home/analitikscsr:6871
[  763880ms] [LOG] notif_badge_show.485-471-460-459-454-451-447-417-385-262-194-192-49-42-18-8-20-1 @ https://phbidlautdemo.prahu-hub.com/home/analitikscsr:6871
[  766366ms] [LOG] Connected @ https://phbidlautdemo.prahu-hub.com/home/analitikscsr:6871
[  767076ms] [LOG] Connected @ https://phbidlautdemo.prahu-hub.com/home/analitikscsr:6871
[  775986ms] [LOG] Connected @ https://phbidlautdemo.prahu-hub.com/home/analitikscsr:6871
[  778470ms] [LOG] Connected @ https://phbidlautdemo.prahu-hub.com/home/analitikscsr:6871
[  779970ms] [LOG] Connected @ https://phbidlautdemo.prahu-hub.com/home/analitikscsr:6871
[  780418ms] [LOG] Connected @ https://phbidlautdemo.prahu-hub.com/home/analitikscsr:6871
[  780523ms] [LOG] Connected @ https://phbidlautdemo.prahu-hub.com/home/analitikscsr:6871
[  783114ms] [LOG] Connected @ https://phbidlautdemo.prahu-hub.com/home/analitikscsr:6871
[  783250ms] [LOG] Connected @ https://phbidlautdemo.prahu-hub.com/home/analitikscsr:6871
[  783644ms] [LOG] Connected @ https://phbidlautdemo.prahu-hub.com/home/analitikscsr:6871
[  785378ms] [LOG] Connected @ https://phbidlautdemo.prahu-hub.com/home/analitikscsr:6871
[  785732ms] [LOG] Connected @ https://phbidlautdemo.prahu-hub.com/home/analitikscsr:6871
[  785778ms] [LOG] Connected @ https://phbidlautdemo.prahu-hub.com/home/analitikscsr:6871
[  790496ms] [LOG] Connected @ https://phbidlautdemo.prahu-hub.com/home/analitikscsr:6871
[  790784ms] [LOG] Connected @ https://phbidlautdemo.prahu-hub.com/home/analitikscsr:6871
[  793032ms] [LOG] Connected @ https://phbidlautdemo.prahu-hub.com/home/analitikscsr:6871
[  794530ms] [LOG] Connected @ https://phbidlautdemo.prahu-hub.com/home/analitikscsr:6871
[  794875ms] [LOG] Connected @ https://phbidlautdemo.prahu-hub.com/home/analitikscsr:6871
[  796351ms] [LOG] Connected @ https://phbidlautdemo.prahu-hub.com/home/analitikscsr:6871
[  796519ms] [LOG] updateNotifDarat.485-471-460-459-454-451-447-417-385-262-194-192-49-42-18-8-20-1 @ https://phbidlautdemo.prahu-hub.com/home/analitikscsr:6871
[  796522ms] [LOG] notif_badge_show.485-471-460-459-454-451-447-417-385-262-194-192-49-42-18-8-20-1 @ https://phbidlautdemo.prahu-hub.com/home/analitikscsr:6871
[  796868ms] [LOG] Connected @ https://phbidlautdemo.prahu-hub.com/home/analitikscsr:6871
[  797007ms] [LOG] Connected @ https://phbidlautdemo.prahu-hub.com/home/analitikscsr:6871
[  797619ms] [LOG] Connected @ https://phbidlautdemo.prahu-hub.com/home/analitikscsr:6871
[  797638ms] [LOG] Connected @ https://phbidlautdemo.prahu-hub.com/home/analitikscsr:6871
[  797645ms] [LOG] Connected @ https://phbidlautdemo.prahu-hub.com/home/analitikscsr:6871
[  797753ms] [LOG] Connected @ https://phbidlautdemo.prahu-hub.com/home/analitikscsr:6871
[  798286ms] [LOG] Connected @ https://phbidlautdemo.prahu-hub.com/home/analitikscsr:6871
[  798287ms] [LOG] Connected @ https://phbidlautdemo.prahu-hub.com/home/analitikscsr:6871
[  798288ms] [LOG] Connected @ https://phbidlautdemo.prahu-hub.com/home/analitikscsr:6871
[  798288ms] [LOG] Connected @ https://phbidlautdemo.prahu-hub.com/home/analitikscsr:6871
[  799000ms] [LOG] Connected @ https://phbidlautdemo.prahu-hub.com/home/analitikscsr:6871
[  801787ms] [LOG] Connected @ https://phbidlautdemo.prahu-hub.com/home/analitikscsr:6871
[  808088ms] [LOG] Connected @ https://phbidlautdemo.prahu-hub.com/home/analitikscsr:6871
[  808139ms] [LOG] Connected @ https://phbidlautdemo.prahu-hub.com/home/analitikscsr:6871
[  816867ms] [LOG] Connected @ https://phbidlautdemo.prahu-hub.com/home/analitikscsr:6871
[  822006ms] [LOG] Connected @ https://phbidlautdemo.prahu-hub.com/home/analitikscsr:6871
[  841287ms] [LOG] Connected @ https://phbidlautdemo.prahu-hub.com/home/analitikscsr:6871
[  843694ms] [LOG] notif_badge_show.485-471-460-459-454-451-447-417-385-262-194-192-49-42-18-8-20-1 @ https://phbidlautdemo.prahu-hub.com/home/analitikscsr:6871
[  843704ms] [LOG] updateNotifDarat.485-471-460-459-454-451-447-417-385-262-194-192-49-42-18-8-20-1 @ https://phbidlautdemo.prahu-hub.com/home/analitikscsr:6871
[  844845ms] [LOG] Connected @ https://phbidlautdemo.prahu-hub.com/home/analitikscsr:6871
[  848632ms] [LOG] notif_badge_show.485-471-460-459-454-451-447-417-385-262-194-192-49-42-18-8-20-1 @ https://phbidlautdemo.prahu-hub.com/home/analitikscsr:6871
[  848635ms] [LOG] updateNotifDarat.485-471-460-459-454-451-447-417-385-262-194-192-49-42-18-8-20-1 @ https://phbidlautdemo.prahu-hub.com/home/analitikscsr:6871
[  849094ms] [LOG] Connected @ https://phbidlautdemo.prahu-hub.com/home/analitikscsr:6871
[  850074ms] [LOG] Connected @ https://phbidlautdemo.prahu-hub.com/home/analitikscsr:6871
[  852056ms] [LOG] Connected @ https://phbidlautdemo.prahu-hub.com/home/analitikscsr:6871
[  854957ms] [LOG] Connected @ https://phbidlautdemo.prahu-hub.com/home/analitikscsr:6871
[  857713ms] [LOG] Connected @ https://phbidlautdemo.prahu-hub.com/home/analitikscsr:6871
[  859269ms] [LOG] Connected @ https://phbidlautdemo.prahu-hub.com/home/analitikscsr:6871
[  862269ms] [LOG] Connected @ https://phbidlautdemo.prahu-hub.com/home/analitikscsr:6871
[  867970ms] [LOG] Connected @ https://phbidlautdemo.prahu-hub.com/home/analitikscsr:6871
[  867970ms] [LOG] Connected @ https://phbidlautdemo.prahu-hub.com/home/analitikscsr:6871
[  871643ms] [LOG] Connected @ https://phbidlautdemo.prahu-hub.com/home/analitikscsr:6871
[  874041ms] [LOG] Connected @ https://phbidlautdemo.prahu-hub.com/home/analitikscsr:6871
[  879802ms] [LOG] notif_badge_show.485-471-460-459-454-451-447-417-385-262-194-192-49-42-18-8-20-1 @ https://phbidlautdemo.prahu-hub.com/home/analitikscsr:6871
[  879804ms] [LOG] updateNotifDarat.485-471-460-459-454-451-447-417-385-262-194-192-49-42-18-8-20-1 @ https://phbidlautdemo.prahu-hub.com/home/analitikscsr:6871
[  881781ms] [LOG] Connected @ https://phbidlautdemo.prahu-hub.com/home/analitikscsr:6871
[  882483ms] [LOG] updateNotifDarat.1 @ https://phbidlautdemo.prahu-hub.com/home/analitikscsr:6871
[  882486ms] [LOG] updateNotifDarat.20-1 @ https://phbidlautdemo.prahu-hub.com/home/analitikscsr:6871
[  882489ms] [LOG] notif_badge_show.20-1 @ https://phbidlautdemo.prahu-hub.com/home/analitikscsr:6871
[  882506ms] [LOG] notif_badge_show.1 @ https://phbidlautdemo.prahu-hub.com/home/analitikscsr:6871
[  882679ms] [LOG] Connected @ https://phbidlautdemo.prahu-hub.com/home/analitikscsr:6871
[  884270ms] [LOG] Connected @ https://phbidlautdemo.prahu-hub.com/home/analitikscsr:6871
[  886000ms] [LOG] Connected @ https://phbidlautdemo.prahu-hub.com/home/analitikscsr:6871
[  886077ms] [LOG] Connected @ https://phbidlautdemo.prahu-hub.com/home/analitikscsr:6871
[  886926ms] [LOG] Connected @ https://phbidlautdemo.prahu-hub.com/home/analitikscsr:6871
[  894797ms] [LOG] Connected @ https://phbidlautdemo.prahu-hub.com/home/analitikscsr:6871
[  896094ms] [LOG] Connected @ https://phbidlautdemo.prahu-hub.com/home/analitikscsr:6871
[  903123ms] [LOG] Connected @ https://phbidlautdemo.prahu-hub.com/home/analitikscsr:6871
[  903778ms] [LOG] notif_badge_show.485-471-460-459-454-451-447-417-385-262-194-192-49-42-18-8-20-1 @ https://phbidlautdemo.prahu-hub.com/home/analitikscsr:6871
[  903779ms] [LOG] updateNotifDarat.485-471-460-459-454-451-447-417-385-262-194-192-49-42-18-8-20-1 @ https://phbidlautdemo.prahu-hub.com/home/analitikscsr:6871
[  907373ms] [LOG] Connected @ https://phbidlautdemo.prahu-hub.com/home/analitikscsr:6871
[  908462ms] [LOG] updateNotifDarat.485-471-460-459-454-451-447-417-385-262-194-192-49-42-18-8-20-1 @ https://phbidlautdemo.prahu-hub.com/home/analitikscsr:6871
[  908462ms] [LOG] notif_badge_show.485-471-460-459-454-451-447-417-385-262-194-192-49-42-18-8-20-1 @ https://phbidlautdemo.prahu-hub.com/home/analitikscsr:6871
[  910341ms] [LOG] Connected @ https://phbidlautdemo.prahu-hub.com/home/analitikscsr:6871
[  912580ms] [LOG] notif_badge_show.485-471-460-459-454-451-447-417-385-262-194-192-49-42-18-8-20-1 @ https://phbidlautdemo.prahu-hub.com/home/analitikscsr:6871
[  912584ms] [LOG] updateNotifDarat.485-471-460-459-454-451-447-417-385-262-194-192-49-42-18-8-20-1 @ https://phbidlautdemo.prahu-hub.com/home/analitikscsr:6871
[  916789ms] [LOG] updateNotifDarat.485-471-460-459-454-451-447-417-385-262-194-192-49-42-18-8-20-1 @ https://phbidlautdemo.prahu-hub.com/home/analitikscsr:6871
[  916789ms] [LOG] notif_badge_show.485-471-460-459-454-451-447-417-385-262-194-192-49-42-18-8-20-1 @ https://phbidlautdemo.prahu-hub.com/home/analitikscsr:6871
[  917510ms] [LOG] Connected @ https://phbidlautdemo.prahu-hub.com/home/analitikscsr:6871
[  918793ms] [LOG] Connected @ https://phbidlautdemo.prahu-hub.com/home/analitikscsr:6871
[  919081ms] [LOG] Connected @ https://phbidlautdemo.prahu-hub.com/home/analitikscsr:6871
[  920794ms] [LOG] Connected @ https://phbidlautdemo.prahu-hub.com/home/analitikscsr:6871
[  921182ms] [LOG] updateNotifDarat.485-471-460-459-454-451-447-417-385-262-194-192-49-42-18-8-20-1 @ https://phbidlautdemo.prahu-hub.com/home/analitikscsr:6871
[  921185ms] [LOG] notif_badge_show.485-471-460-459-454-451-447-417-385-262-194-192-49-42-18-8-20-1 @ https://phbidlautdemo.prahu-hub.com/home/analitikscsr:6871
[  923261ms] [LOG] Connected @ https://phbidlautdemo.prahu-hub.com/home/analitikscsr:6871
[  923290ms] [LOG] Connected @ https://phbidlautdemo.prahu-hub.com/home/analitikscsr:6871
[  924633ms] [LOG] Connected @ https://phbidlautdemo.prahu-hub.com/home/analitikscsr:6871
[  924735ms] [LOG] Connected @ https://phbidlautdemo.prahu-hub.com/home/analitikscsr:6871
[  926548ms] [LOG] notif_badge_show.485-471-460-459-454-451-447-417-385-262-194-192-49-42-18-8-20-1 @ https://phbidlautdemo.prahu-hub.com/home/analitikscsr:6871
[  926550ms] [LOG] updateNotifDarat.485-471-460-459-454-451-447-417-385-262-194-192-49-42-18-8-20-1 @ https://phbidlautdemo.prahu-hub.com/home/analitikscsr:6871
[  931393ms] [LOG] Connected @ https://phbidlautdemo.prahu-hub.com/home/analitikscsr:6871
[  932868ms] [LOG] updateNotifDarat.485-471-460-459-454-451-447-417-385-262-194-192-49-42-18-8-20-1 @ https://phbidlautdemo.prahu-hub.com/home/analitikscsr:6871
[  932891ms] [LOG] notif_badge_show.485-471-460-459-454-451-447-417-385-262-194-192-49-42-18-8-20-1 @ https://phbidlautdemo.prahu-hub.com/home/analitikscsr:6871
[  934486ms] [LOG] Connected @ https://phbidlautdemo.prahu-hub.com/home/analitikscsr:6871
[  938099ms] [LOG] Connected @ https://phbidlautdemo.prahu-hub.com/home/analitikscsr:6871
[  938289ms] [LOG] notif_badge_show.485-471-460-459-454-451-447-417-385-262-194-192-49-42-18-8-20-1 @ https://phbidlautdemo.prahu-hub.com/home/analitikscsr:6871
[  938292ms] [LOG] updateNotifDarat.485-471-460-459-454-451-447-417-385-262-194-192-49-42-18-8-20-1 @ https://phbidlautdemo.prahu-hub.com/home/analitikscsr:6871
[  939606ms] [LOG] Connected @ https://phbidlautdemo.prahu-hub.com/home/analitikscsr:6871
