[    1761ms] Cannot use import statement outside a module
[    1767ms] ReferenceError: Chart is not defined
    at https://phbidlautdemo.prahu-hub.com/_resources/themes/prahutheme/js/scripts-init/charts/chartjs.js:8:13
[    1768ms] Unexpected token '<'
[    1769ms] Unexpected token '<'
[    1874ms] [LOG] Daftar Ordernamanya @ https://phbidlautdemo.prahu-hub.com/order/orderdetail/ZWFjMCs1amZHTURpT2s5V3ltQWxMZz09:2039
[    1896ms] [LOG] undefined @ https://phbidlautdemo.prahu-hub.com/order/orderdetail/ZWFjMCs1amZHTURpT2s5V3ltQWxMZz09:8661
[    1896ms] [LOG] undefined @ https://phbidlautdemo.prahu-hub.com/order/orderdetail/ZWFjMCs1amZHTURpT2s5V3ltQWxMZz09:8661
[    1896ms] [LOG] undefined @ https://phbidlautdemo.prahu-hub.com/order/orderdetail/ZWFjMCs1amZHTURpT2s5V3ltQWxMZz09:8661
[    1896ms] [LOG] undefined @ https://phbidlautdemo.prahu-hub.com/order/orderdetail/ZWFjMCs1amZHTURpT2s5V3ltQWxMZz09:8661
[    1897ms] [LOG] WebSocket connection @ https://phbidlautdemo.prahu-hub.com/order/orderdetail/ZWFjMCs1amZHTURpT2s5V3ltQWxMZz09:8704
[    1897ms] [LOG] WebSocket connection attempting... @ https://phbidlautdemo.prahu-hub.com/order/orderdetail/ZWFjMCs1amZHTURpT2s5V3ltQWxMZz09:8782
[    3740ms] [LOG] WebSocket connected @ https://phbidlautdemo.prahu-hub.com/order/orderdetail/ZWFjMCs1amZHTURpT2s5V3ltQWxMZz09:8713
[    3745ms] [LOG] update_dashboard_order_laut @ https://phbidlautdemo.prahu-hub.com/order/orderdetail/ZWFjMCs1amZHTURpT2s5V3ltQWxMZz09:8754
[    3869ms] [LOG] 200 xhrglobal @ https://phbidlautdemo.prahu-hub.com/order/orderdetail/ZWFjMCs1amZHTURpT2s5V3ltQWxMZz09:8635
[    3883ms] TypeError: $(...).DataTable is not a function
    at https://phbidlautdemo.prahu-hub.com/_resources/themes/prahutheme/js/scripts-init/tables.js:7:23
[    3920ms] [LOG] 200 xhrglobal @ https://phbidlautdemo.prahu-hub.com/order/orderdetail/ZWFjMCs1amZHTURpT2s5V3ltQWxMZz09:8635
[    4092ms] [LOG] Connected @ https://phbidlautdemo.prahu-hub.com/order/orderdetail/ZWFjMCs1amZHTURpT2s5V3ltQWxMZz09:8754
[    8033ms] [LOG] Connected @ https://phbidlautdemo.prahu-hub.com/order/orderdetail/ZWFjMCs1amZHTURpT2s5V3ltQWxMZz09:8754
