[    1627ms] Unexpected token '<'
[    1682ms] Cannot use import statement outside a module
[    1717ms] ReferenceError: Chart is not defined
    at https://phbidlautdemo.prahu-hub.com/_resources/themes/prahutheme/js/scripts-init/charts/chartjs.js:8:13
[    1718ms] Unexpected token '<'
[    1719ms] Unexpected token '<'
[    1908ms] [LOG] Daftar Ordernamanya @ https://phbidlautdemo.prahu-hub.com/order/ganti_jadwal/cE81VTMwcCswa2gzY09EQWtNclJHZz09:2039
[    1921ms] [LOG] Sat Aug 29 2026 17:56:18 GMT+0700 (Western Indonesia Time) @ https://phbidlautdemo.prahu-hub.com/order/ganti_jadwal/cE81VTMwcCswa2gzY09EQWtNclJHZz09:6452
[    1922ms] [LOG] ini max1Mon Aug 31 2026 00:00:00 GMT+0700 (Western Indonesia Time) @ https://phbidlautdemo.prahu-hub.com/order/ganti_jadwal/cE81VTMwcCswa2gzY09EQWtNclJHZz09:6488
[    1922ms] [LOG] ini max2Mon Sep 14 2026 00:00:00 GMT+0700 (Western Indonesia Time) @ https://phbidlautdemo.prahu-hub.com/order/ganti_jadwal/cE81VTMwcCswa2gzY09EQWtNclJHZz09:6490
[    1944ms] [LOG] undefined @ https://phbidlautdemo.prahu-hub.com/order/ganti_jadwal/cE81VTMwcCswa2gzY09EQWtNclJHZz09:8342
[    1944ms] [LOG] undefined @ https://phbidlautdemo.prahu-hub.com/order/ganti_jadwal/cE81VTMwcCswa2gzY09EQWtNclJHZz09:8342
[    1945ms] [LOG] undefined @ https://phbidlautdemo.prahu-hub.com/order/ganti_jadwal/cE81VTMwcCswa2gzY09EQWtNclJHZz09:8342
[    1945ms] [LOG] undefined @ https://phbidlautdemo.prahu-hub.com/order/ganti_jadwal/cE81VTMwcCswa2gzY09EQWtNclJHZz09:8342
[    1945ms] [LOG] Masukkan Nama Kapal @ https://phbidlautdemo.prahu-hub.com/order/ganti_jadwal/cE81VTMwcCswa2gzY09EQWtNclJHZz09:8342
[    1945ms] [LOG] Masukkan Voyage @ https://phbidlautdemo.prahu-hub.com/order/ganti_jadwal/cE81VTMwcCswa2gzY09EQWtNclJHZz09:8342
[    1945ms] [LOG] DD/MM/YYYY @ https://phbidlautdemo.prahu-hub.com/order/ganti_jadwal/cE81VTMwcCswa2gzY09EQWtNclJHZz09:8342
[    1946ms] [LOG] undefined @ https://phbidlautdemo.prahu-hub.com/order/ganti_jadwal/cE81VTMwcCswa2gzY09EQWtNclJHZz09:8342
[    1947ms] [LOG] undefined @ https://phbidlautdemo.prahu-hub.com/order/ganti_jadwal/cE81VTMwcCswa2gzY09EQWtNclJHZz09:8342
[    1947ms] [LOG] DD/MM/YYYY hh:mm @ https://phbidlautdemo.prahu-hub.com/order/ganti_jadwal/cE81VTMwcCswa2gzY09EQWtNclJHZz09:8342
[    1947ms] [LOG] DD/MM/YYYY @ https://phbidlautdemo.prahu-hub.com/order/ganti_jadwal/cE81VTMwcCswa2gzY09EQWtNclJHZz09:8342
[    1948ms] [LOG] DD/MM/YYYY @ https://phbidlautdemo.prahu-hub.com/order/ganti_jadwal/cE81VTMwcCswa2gzY09EQWtNclJHZz09:8342
[    1950ms] [LOG] WebSocket connection @ https://phbidlautdemo.prahu-hub.com/order/ganti_jadwal/cE81VTMwcCswa2gzY09EQWtNclJHZz09:8385
[    1950ms] [LOG] WebSocket connection attempting... @ https://phbidlautdemo.prahu-hub.com/order/ganti_jadwal/cE81VTMwcCswa2gzY09EQWtNclJHZz09:8463
[    2190ms] [LOG] WebSocket connected @ https://phbidlautdemo.prahu-hub.com/order/ganti_jadwal/cE81VTMwcCswa2gzY09EQWtNclJHZz09:8394
[    2193ms] [LOG] update_dashboard_order_laut @ https://phbidlautdemo.prahu-hub.com/order/ganti_jadwal/cE81VTMwcCswa2gzY09EQWtNclJHZz09:8435
[    2270ms] [LOG] Connected @ https://phbidlautdemo.prahu-hub.com/order/ganti_jadwal/cE81VTMwcCswa2gzY09EQWtNclJHZz09:8435
[    2333ms] [LOG] 200 xhrglobal @ https://phbidlautdemo.prahu-hub.com/order/ganti_jadwal/cE81VTMwcCswa2gzY09EQWtNclJHZz09:8316
[    2394ms] [LOG] 200 xhrglobal @ https://phbidlautdemo.prahu-hub.com/order/ganti_jadwal/cE81VTMwcCswa2gzY09EQWtNclJHZz09:8316
[    3921ms] TypeError: $(...).DataTable is not a function
    at https://phbidlautdemo.prahu-hub.com/_resources/themes/prahutheme/js/scripts-init/tables.js:7:23
