[    1739ms] Cannot use import statement outside a module
[    1759ms] ReferenceError: Chart is not defined
    at https://phbidlautdemo.prahu-hub.com/_resources/themes/prahutheme/js/scripts-init/charts/chartjs.js:8:13
[    1991ms] Unexpected token '<'
[    2260ms] Unexpected token '<'
[    2389ms] [LOG]  hari ini @ https://phbidlautdemo.prahu-hub.com/home/tambahjadwal/cWpYWHBKb3RXWGFZb0RsUURoVlp4Zz09?f=1:7308
[    2396ms] Uncaught TypeError: minDate() Could not parse date parameter: 
    at picker.minDate (https://cdn.rawgit.com/Eonasdan/bootstrap-datetimepicker/e8bddc60e73c1ec2475f827be36e1957af72e2ea/src/js/bootstrap-datetimepicker.js:1667:22)
    at <anonymous> (https://cdn.rawgit.com/Eonasdan/bootstrap-datetimepicker/e8bddc60e73c1ec2475f827be36e1957af72e2ea/src/js/bootstrap-datetimepicker.js:1437:31)
    at each (https://code.jquery.com/jquery-3.7.1.min.js:1:3178)
    at picker.options (https://cdn.rawgit.com/Eonasdan/bootstrap-datetimepicker/e8bddc60e73c1ec2475f827be36e1957af72e2ea/src/js/bootstrap-datetimepicker.js:1435:14)
    at dateTimePicker (https://cdn.rawgit.com/Eonasdan/bootstrap-datetimepicker/e8bddc60e73c1ec2475f827be36e1957af72e2ea/src/js/bootstrap-datetimepicker.js:2275:15)
    at <anonymous> (https://cdn.rawgit.com/Eonasdan/bootstrap-datetimepicker/e8bddc60e73c1ec2475f827be36e1957af72e2ea/src/js/bootstrap-datetimepicker.js:2308:45)
    at each (https://code.jquery.com/jquery-3.7.1.min.js:1:3128)
    at each (https://code.jquery.com/jquery-3.7.1.min.js:1:1593)
    at $.fn.datetimepicker (https://cdn.rawgit.com/Eonasdan/bootstrap-datetimepicker/e8bddc60e73c1ec2475f827be36e1957af72e2ea/src/js/bootstrap-datetimepicker.js:2303:20)
    at <anonymous> (https://phbidlautdemo.prahu-hub.com/home/tambahjadwal/cWpYWHBKb3RXWGFZb0RsUURoVlp4Zz09?f=1:7309:14)
[    2428ms] Uncaught TypeError: expect element to be DOM Element, but got null
    at n.init (https://cdnjs.cloudflare.com/ajax/libs/smooth-scrollbar/8.5.2/smooth-scrollbar.js:24:264)
    at <anonymous> (https://phbidlautdemo.prahu-hub.com/home/tambahjadwal/cWpYWHBKb3RXWGFZb0RsUURoVlp4Zz09?f=1:8157:14)
[    2485ms] [LOG] Harganamanya @ https://phbidlautdemo.prahu-hub.com/home/tambahjadwal/cWpYWHBKb3RXWGFZb0RsUURoVlp4Zz09?f=1:2023
[    2537ms] [LOG]  @ https://phbidlautdemo.prahu-hub.com/home/tambahjadwal/cWpYWHBKb3RXWGFZb0RsUURoVlp4Zz09?f=1:5893
[    2539ms] [LOG] undefined @ https://phbidlautdemo.prahu-hub.com/home/tambahjadwal/cWpYWHBKb3RXWGFZb0RsUURoVlp4Zz09?f=1:8510
[    2540ms] [LOG] undefined @ https://phbidlautdemo.prahu-hub.com/home/tambahjadwal/cWpYWHBKb3RXWGFZb0RsUURoVlp4Zz09?f=1:8510
[    2540ms] [LOG] undefined @ https://phbidlautdemo.prahu-hub.com/home/tambahjadwal/cWpYWHBKb3RXWGFZb0RsUURoVlp4Zz09?f=1:8510
[    2541ms] [LOG] Masukkan Nama Kapal @ https://phbidlautdemo.prahu-hub.com/home/tambahjadwal/cWpYWHBKb3RXWGFZb0RsUURoVlp4Zz09?f=1:8510
[    2541ms] [LOG] Masukkan Voyage @ https://phbidlautdemo.prahu-hub.com/home/tambahjadwal/cWpYWHBKb3RXWGFZb0RsUURoVlp4Zz09?f=1:8510
[    2541ms] [LOG] DD/MM/YYYY @ https://phbidlautdemo.prahu-hub.com/home/tambahjadwal/cWpYWHBKb3RXWGFZb0RsUURoVlp4Zz09?f=1:8510
[    2543ms] [LOG] DD/MM/YYYY hh:mm @ https://phbidlautdemo.prahu-hub.com/home/tambahjadwal/cWpYWHBKb3RXWGFZb0RsUURoVlp4Zz09?f=1:8510
[    2543ms] [LOG] DD/MM/YYYY @ https://phbidlautdemo.prahu-hub.com/home/tambahjadwal/cWpYWHBKb3RXWGFZb0RsUURoVlp4Zz09?f=1:8510
[    2544ms] [LOG] DD/MM/YYYY @ https://phbidlautdemo.prahu-hub.com/home/tambahjadwal/cWpYWHBKb3RXWGFZb0RsUURoVlp4Zz09?f=1:8510
[    2545ms] [LOG] Masukkan Nama Kapal @ https://phbidlautdemo.prahu-hub.com/home/tambahjadwal/cWpYWHBKb3RXWGFZb0RsUURoVlp4Zz09?f=1:8510
[    2545ms] [LOG] Masukkan Voyage @ https://phbidlautdemo.prahu-hub.com/home/tambahjadwal/cWpYWHBKb3RXWGFZb0RsUURoVlp4Zz09?f=1:8510
[    2545ms] [LOG] DD/MM/YYYY @ https://phbidlautdemo.prahu-hub.com/home/tambahjadwal/cWpYWHBKb3RXWGFZb0RsUURoVlp4Zz09?f=1:8510
[    2546ms] [LOG] DD/MM/YYYY hh:mm @ https://phbidlautdemo.prahu-hub.com/home/tambahjadwal/cWpYWHBKb3RXWGFZb0RsUURoVlp4Zz09?f=1:8510
[    2546ms] [LOG] DD/MM/YYYY @ https://phbidlautdemo.prahu-hub.com/home/tambahjadwal/cWpYWHBKb3RXWGFZb0RsUURoVlp4Zz09?f=1:8510
[    2547ms] [LOG] DD/MM/YYYY @ https://phbidlautdemo.prahu-hub.com/home/tambahjadwal/cWpYWHBKb3RXWGFZb0RsUURoVlp4Zz09?f=1:8510
[    2548ms] [LOG] Masukkan Nama Kapal @ https://phbidlautdemo.prahu-hub.com/home/tambahjadwal/cWpYWHBKb3RXWGFZb0RsUURoVlp4Zz09?f=1:8510
[    2548ms] [LOG] Masukkan Voyage @ https://phbidlautdemo.prahu-hub.com/home/tambahjadwal/cWpYWHBKb3RXWGFZb0RsUURoVlp4Zz09?f=1:8510
[    2549ms] [LOG] DD/MM/YYYY @ https://phbidlautdemo.prahu-hub.com/home/tambahjadwal/cWpYWHBKb3RXWGFZb0RsUURoVlp4Zz09?f=1:8510
[    2550ms] [LOG] undefined @ https://phbidlautdemo.prahu-hub.com/home/tambahjadwal/cWpYWHBKb3RXWGFZb0RsUURoVlp4Zz09?f=1:8510
[    2550ms] [LOG] undefined @ https://phbidlautdemo.prahu-hub.com/home/tambahjadwal/cWpYWHBKb3RXWGFZb0RsUURoVlp4Zz09?f=1:8510
[    2550ms] [LOG] undefined @ https://phbidlautdemo.prahu-hub.com/home/tambahjadwal/cWpYWHBKb3RXWGFZb0RsUURoVlp4Zz09?f=1:8510
[    2550ms] [LOG] undefined @ https://phbidlautdemo.prahu-hub.com/home/tambahjadwal/cWpYWHBKb3RXWGFZb0RsUURoVlp4Zz09?f=1:8510
[    2551ms] [LOG] undefined @ https://phbidlautdemo.prahu-hub.com/home/tambahjadwal/cWpYWHBKb3RXWGFZb0RsUURoVlp4Zz09?f=1:8510
[    2551ms] [LOG] No file chosen @ https://phbidlautdemo.prahu-hub.com/home/tambahjadwal/cWpYWHBKb3RXWGFZb0RsUURoVlp4Zz09?f=1:8510
[    2551ms] [LOG] Masukkan Gambar  @ https://phbidlautdemo.prahu-hub.com/home/tambahjadwal/cWpYWHBKb3RXWGFZb0RsUURoVlp4Zz09?f=1:8510
[    2555ms] [LOG] WebSocket connection @ https://phbidlautdemo.prahu-hub.com/home/tambahjadwal/cWpYWHBKb3RXWGFZb0RsUURoVlp4Zz09?f=1:8553
[    2556ms] [LOG] WebSocket connection attempting... @ https://phbidlautdemo.prahu-hub.com/home/tambahjadwal/cWpYWHBKb3RXWGFZb0RsUURoVlp4Zz09?f=1:8631
[    3236ms] [LOG] WebSocket connected @ https://phbidlautdemo.prahu-hub.com/home/tambahjadwal/cWpYWHBKb3RXWGFZb0RsUURoVlp4Zz09?f=1:8562
[    3242ms] [LOG] update_dashboard_order_laut @ https://phbidlautdemo.prahu-hub.com/home/tambahjadwal/cWpYWHBKb3RXWGFZb0RsUURoVlp4Zz09?f=1:8603
[    3273ms] [LOG] Connected @ https://phbidlautdemo.prahu-hub.com/home/tambahjadwal/cWpYWHBKb3RXWGFZb0RsUURoVlp4Zz09?f=1:8603
[    3384ms] [LOG] 200 xhrglobal @ https://phbidlautdemo.prahu-hub.com/home/tambahjadwal/cWpYWHBKb3RXWGFZb0RsUURoVlp4Zz09?f=1:8484
[    3413ms] [LOG] 200 xhrglobal @ https://phbidlautdemo.prahu-hub.com/home/tambahjadwal/cWpYWHBKb3RXWGFZb0RsUURoVlp4Zz09?f=1:8484
[    4498ms] TypeError: $(...).DataTable is not a function
    at https://phbidlautdemo.prahu-hub.com/_resources/themes/prahutheme/js/scripts-init/tables.js:7:23
[    7485ms] [LOG]  @ https://phbidlautdemo.prahu-hub.com/home/tambahjadwal/cWpYWHBKb3RXWGFZb0RsUURoVlp4Zz09?f=1:6141
[   40883ms] [LOG]  triggeretd @ https://phbidlautdemo.prahu-hub.com/home/tambahjadwal/cWpYWHBKb3RXWGFZb0RsUURoVlp4Zz09?f=1:6011
[   40885ms] [LOG] Sat Aug 29 2026 07:00:00 GMT+0700 (Western Indonesia Time) triggeretdtemp @ https://phbidlautdemo.prahu-hub.com/home/tambahjadwal/cWpYWHBKb3RXWGFZb0RsUURoVlp4Zz09?f=1:6027
[   40897ms] [LOG] etd ubah @ https://phbidlautdemo.prahu-hub.com/home/tambahjadwal/cWpYWHBKb3RXWGFZb0RsUURoVlp4Zz09?f=1:6083
[   40945ms] [LOG] etd ubah @ https://phbidlautdemo.prahu-hub.com/home/tambahjadwal/cWpYWHBKb3RXWGFZb0RsUURoVlp4Zz09?f=1:6083
[   40975ms] [LOG]  @ https://phbidlautdemo.prahu-hub.com/home/tambahjadwal/cWpYWHBKb3RXWGFZb0RsUURoVlp4Zz09?f=1:6141
[   66950ms] [LOG]  triggeretd @ https://phbidlautdemo.prahu-hub.com/home/tambahjadwal/cWpYWHBKb3RXWGFZb0RsUURoVlp4Zz09?f=1:6011
[   66951ms] [LOG] Fri Sep 25 2026 07:00:00 GMT+0700 (Western Indonesia Time) triggeretdtemp @ https://phbidlautdemo.prahu-hub.com/home/tambahjadwal/cWpYWHBKb3RXWGFZb0RsUURoVlp4Zz09?f=1:6027
[   66960ms] [LOG] etd ubah @ https://phbidlautdemo.prahu-hub.com/home/tambahjadwal/cWpYWHBKb3RXWGFZb0RsUURoVlp4Zz09?f=1:6083
[   66974ms] [LOG] etd ubah @ https://phbidlautdemo.prahu-hub.com/home/tambahjadwal/cWpYWHBKb3RXWGFZb0RsUURoVlp4Zz09?f=1:6083
[   66993ms] [LOG]  triggeretd @ https://phbidlautdemo.prahu-hub.com/home/tambahjadwal/cWpYWHBKb3RXWGFZb0RsUURoVlp4Zz09?f=1:6011
[   66993ms] [LOG] Fri Sep 25 2026 07:00:00 GMT+0700 (Western Indonesia Time) triggeretdtemp @ https://phbidlautdemo.prahu-hub.com/home/tambahjadwal/cWpYWHBKb3RXWGFZb0RsUURoVlp4Zz09?f=1:6027
[   67001ms] [LOG] etd ubah @ https://phbidlautdemo.prahu-hub.com/home/tambahjadwal/cWpYWHBKb3RXWGFZb0RsUURoVlp4Zz09?f=1:6083
[   67017ms] [LOG] etd ubah @ https://phbidlautdemo.prahu-hub.com/home/tambahjadwal/cWpYWHBKb3RXWGFZb0RsUURoVlp4Zz09?f=1:6083
[   67919ms] [LOG] etd ubah @ https://phbidlautdemo.prahu-hub.com/home/tambahjadwal/cWpYWHBKb3RXWGFZb0RsUURoVlp4Zz09?f=1:6083
[   67935ms] [LOG] etd ubah @ https://phbidlautdemo.prahu-hub.com/home/tambahjadwal/cWpYWHBKb3RXWGFZb0RsUURoVlp4Zz09?f=1:6083
[  127846ms] [LOG] 9 @ https://phbidlautdemo.prahu-hub.com/home/tambahjadwal/cWpYWHBKb3RXWGFZb0RsUURoVlp4Zz09?f=1:6917
[  127857ms] [LOG] hitungbaris= 1 @ https://phbidlautdemo.prahu-hub.com/home/tambahjadwal/cWpYWHBKb3RXWGFZb0RsUURoVlp4Zz09?f=1:6992
[  128114ms] [LOG] 200 xhrglobal @ https://phbidlautdemo.prahu-hub.com/home/tambahjadwal/cWpYWHBKb3RXWGFZb0RsUURoVlp4Zz09?f=1:8484
[  128280ms] [LOG] WebSocket closed @ https://phbidlautdemo.prahu-hub.com/home/tambahjadwal/cWpYWHBKb3RXWGFZb0RsUURoVlp4Zz09?f=1:8556
[  128281ms] [LOG] Reconnecting in 2 seconds... @ https://phbidlautdemo.prahu-hub.com/home/tambahjadwal/cWpYWHBKb3RXWGFZb0RsUURoVlp4Zz09?f=1:8640
[  129149ms] Cannot use import statement outside a module
[  129191ms] ReferenceError: Chart is not defined
    at https://phbidlautdemo.prahu-hub.com/_resources/themes/prahutheme/js/scripts-init/charts/chartjs.js:8:13
[  129490ms] Unexpected token '<'
[  129491ms] Unexpected token '<'
[  129598ms] Uncaught TypeError: expect element to be DOM Element, but got null
    at n.init (https://cdnjs.cloudflare.com/ajax/libs/smooth-scrollbar/8.5.2/smooth-scrollbar.js:24:264)
    at <anonymous> (https://phbidlautdemo.prahu-hub.com/home/masterjadwal1/cWpYWHBKb3RXWGFZb0RsUURoVlp4Zz09:5758:14)
[  129626ms] [LOG] Harganamanya @ https://phbidlautdemo.prahu-hub.com/home/masterjadwal1/cWpYWHBKb3RXWGFZb0RsUURoVlp4Zz09:1756
[  129641ms] [LOG] undefined @ https://phbidlautdemo.prahu-hub.com/home/masterjadwal1/cWpYWHBKb3RXWGFZb0RsUURoVlp4Zz09:6111
[  129642ms] [LOG] DD/MM/YYYY @ https://phbidlautdemo.prahu-hub.com/home/masterjadwal1/cWpYWHBKb3RXWGFZb0RsUURoVlp4Zz09:6111
[  129644ms] [LOG] undefined @ https://phbidlautdemo.prahu-hub.com/home/masterjadwal1/cWpYWHBKb3RXWGFZb0RsUURoVlp4Zz09:6111
[  129645ms] [LOG] Masukkan Nama Kapal @ https://phbidlautdemo.prahu-hub.com/home/masterjadwal1/cWpYWHBKb3RXWGFZb0RsUURoVlp4Zz09:6111
[  129645ms] [LOG] Masukkan Voyage @ https://phbidlautdemo.prahu-hub.com/home/masterjadwal1/cWpYWHBKb3RXWGFZb0RsUURoVlp4Zz09:6111
[  129646ms] [LOG] DD/MM/YYYY hh:mm @ https://phbidlautdemo.prahu-hub.com/home/masterjadwal1/cWpYWHBKb3RXWGFZb0RsUURoVlp4Zz09:6111
[  129646ms] [LOG] undefined @ https://phbidlautdemo.prahu-hub.com/home/masterjadwal1/cWpYWHBKb3RXWGFZb0RsUURoVlp4Zz09:6111
[  129647ms] [LOG] DD/MM/YYYY @ https://phbidlautdemo.prahu-hub.com/home/masterjadwal1/cWpYWHBKb3RXWGFZb0RsUURoVlp4Zz09:6111
[  129649ms] [LOG] undefined @ https://phbidlautdemo.prahu-hub.com/home/masterjadwal1/cWpYWHBKb3RXWGFZb0RsUURoVlp4Zz09:6111
[  129650ms] [LOG] DD/MM/YYYY @ https://phbidlautdemo.prahu-hub.com/home/masterjadwal1/cWpYWHBKb3RXWGFZb0RsUURoVlp4Zz09:6111
[  129651ms] [LOG] undefined @ https://phbidlautdemo.prahu-hub.com/home/masterjadwal1/cWpYWHBKb3RXWGFZb0RsUURoVlp4Zz09:6111
[  129652ms] [LOG] undefined @ https://phbidlautdemo.prahu-hub.com/home/masterjadwal1/cWpYWHBKb3RXWGFZb0RsUURoVlp4Zz09:6111
[  129652ms] [LOG] undefined @ https://phbidlautdemo.prahu-hub.com/home/masterjadwal1/cWpYWHBKb3RXWGFZb0RsUURoVlp4Zz09:6111
[  129653ms] [LOG] undefined @ https://phbidlautdemo.prahu-hub.com/home/masterjadwal1/cWpYWHBKb3RXWGFZb0RsUURoVlp4Zz09:6111
[  129654ms] [LOG] undefined @ https://phbidlautdemo.prahu-hub.com/home/masterjadwal1/cWpYWHBKb3RXWGFZb0RsUURoVlp4Zz09:6111
[  129656ms] [LOG] WebSocket connection @ https://phbidlautdemo.prahu-hub.com/home/masterjadwal1/cWpYWHBKb3RXWGFZb0RsUURoVlp4Zz09:6154
[  129657ms] [LOG] WebSocket connection attempting... @ https://phbidlautdemo.prahu-hub.com/home/masterjadwal1/cWpYWHBKb3RXWGFZb0RsUURoVlp4Zz09:6232
[  129756ms] [LOG] [Object, Object, Object, Object] @ https://phbidlautdemo.prahu-hub.com/_resources/themes/prahutheme/javascript/custom/lihatjadwal.js?m=1787972929:14
[  129758ms] [LOG] 4 @ https://phbidlautdemo.prahu-hub.com/_resources/themes/prahutheme/javascript/custom/lihatjadwal.js?m=1787972929:506
[  129758ms] [LOG] 4 countView1 1 pageNow 20 limitView1 @ https://phbidlautdemo.prahu-hub.com/_resources/themes/prahutheme/javascript/custom/lihatjadwal.js?m=1787972929:508
[  129759ms] [LOG] 4 @ https://phbidlautdemo.prahu-hub.com/_resources/themes/prahutheme/javascript/custom/lihatjadwal.js?m=1787972929:514
[  129759ms] [LOG] 4 jumlah data @ https://phbidlautdemo.prahu-hub.com/_resources/themes/prahutheme/javascript/custom/lihatjadwal.js?m=1787972929:481
[  129759ms] [LOG] 1 @ https://phbidlautdemo.prahu-hub.com/_resources/themes/prahutheme/javascript/custom/lihatjadwal.js?m=1787972929:483
[  129759ms] [LOG] 1 1 pageCount & pageNow @ https://phbidlautdemo.prahu-hub.com/_resources/themes/prahutheme/javascript/custom/lihatjadwal.js?m=1787972929:406
[  129762ms] [LOG] 200 xhrglobal @ https://phbidlautdemo.prahu-hub.com/home/masterjadwal1/cWpYWHBKb3RXWGFZb0RsUURoVlp4Zz09:6085
[  129804ms] [LOG] WebSocket connected @ https://phbidlautdemo.prahu-hub.com/home/masterjadwal1/cWpYWHBKb3RXWGFZb0RsUURoVlp4Zz09:6163
[  129807ms] [LOG] update_dashboard_order_laut @ https://phbidlautdemo.prahu-hub.com/home/masterjadwal1/cWpYWHBKb3RXWGFZb0RsUURoVlp4Zz09:6204
[  129835ms] [LOG] Connected @ https://phbidlautdemo.prahu-hub.com/home/masterjadwal1/cWpYWHBKb3RXWGFZb0RsUURoVlp4Zz09:6204
[  129911ms] [LOG] 200 xhrglobal @ https://phbidlautdemo.prahu-hub.com/home/masterjadwal1/cWpYWHBKb3RXWGFZb0RsUURoVlp4Zz09:6085
[  129966ms] [LOG] 200 xhrglobal @ https://phbidlautdemo.prahu-hub.com/home/masterjadwal1/cWpYWHBKb3RXWGFZb0RsUURoVlp4Zz09:6085
[  130469ms] [LOG] Connected @ https://phbidlautdemo.prahu-hub.com/home/masterjadwal1/cWpYWHBKb3RXWGFZb0RsUURoVlp4Zz09:6204
[  131641ms] TypeError: $(...).DataTable is not a function
    at https://phbidlautdemo.prahu-hub.com/_resources/themes/prahutheme/js/scripts-init/tables.js:7:23
[  168689ms] [LOG] 200 xhrglobal @ https://phbidlautdemo.prahu-hub.com/home/masterjadwal1/cWpYWHBKb3RXWGFZb0RsUURoVlp4Zz09:6085
[  192905ms] [LOG] Connected @ https://phbidlautdemo.prahu-hub.com/home/masterjadwal1/cWpYWHBKb3RXWGFZb0RsUURoVlp4Zz09:6204
[  201595ms] [LOG] Connected @ https://phbidlautdemo.prahu-hub.com/home/masterjadwal1/cWpYWHBKb3RXWGFZb0RsUURoVlp4Zz09:6204
[  227999ms] [LOG] Connected @ https://phbidlautdemo.prahu-hub.com/home/masterjadwal1/cWpYWHBKb3RXWGFZb0RsUURoVlp4Zz09:6204
[  353012ms] [LOG] WebSocket closed @ https://phbidlautdemo.prahu-hub.com/home/masterjadwal1/cWpYWHBKb3RXWGFZb0RsUURoVlp4Zz09:6157
[  353013ms] [LOG] Reconnecting in 2 seconds... @ https://phbidlautdemo.prahu-hub.com/home/masterjadwal1/cWpYWHBKb3RXWGFZb0RsUURoVlp4Zz09:6241
[  355017ms] [LOG] WebSocket connection @ https://phbidlautdemo.prahu-hub.com/home/masterjadwal1/cWpYWHBKb3RXWGFZb0RsUURoVlp4Zz09:6154
[  355017ms] [LOG] WebSocket connection attempting... @ https://phbidlautdemo.prahu-hub.com/home/masterjadwal1/cWpYWHBKb3RXWGFZb0RsUURoVlp4Zz09:6232
[  355169ms] [LOG] WebSocket connected @ https://phbidlautdemo.prahu-hub.com/home/masterjadwal1/cWpYWHBKb3RXWGFZb0RsUURoVlp4Zz09:6163
[  355172ms] [LOG] update_dashboard_order_laut @ https://phbidlautdemo.prahu-hub.com/home/masterjadwal1/cWpYWHBKb3RXWGFZb0RsUURoVlp4Zz09:6204
[  355174ms] [LOG] Connected @ https://phbidlautdemo.prahu-hub.com/home/masterjadwal1/cWpYWHBKb3RXWGFZb0RsUURoVlp4Zz09:6204
[  355202ms] [LOG] Connected @ https://phbidlautdemo.prahu-hub.com/home/masterjadwal1/cWpYWHBKb3RXWGFZb0RsUURoVlp4Zz09:6204
[  355364ms] [LOG] 200 xhrglobal @ https://phbidlautdemo.prahu-hub.com/home/masterjadwal1/cWpYWHBKb3RXWGFZb0RsUURoVlp4Zz09:6085
[  355433ms] [LOG] 200 xhrglobal @ https://phbidlautdemo.prahu-hub.com/home/masterjadwal1/cWpYWHBKb3RXWGFZb0RsUURoVlp4Zz09:6085
[  433099ms] [LOG] Connected @ https://phbidlautdemo.prahu-hub.com/home/masterjadwal1/cWpYWHBKb3RXWGFZb0RsUURoVlp4Zz09:6204
[  473280ms] [LOG] Connected @ https://phbidlautdemo.prahu-hub.com/home/masterjadwal1/cWpYWHBKb3RXWGFZb0RsUURoVlp4Zz09:6204
[  483665ms] [LOG] Connected @ https://phbidlautdemo.prahu-hub.com/home/masterjadwal1/cWpYWHBKb3RXWGFZb0RsUURoVlp4Zz09:6204
