[     624ms] [LOG] [Object, Object, Object, Object, Object, Object, Object, Object, Object, Object, Object, Object, Object, Object, Object, Object, Object, Object, Object, Object] @ https://phbidlautdemo.prahu-hub.com/_resources/themes/prahutheme/javascript/custom/listLelang.js?m=1787206890:14
[     631ms] [LOG] 387 @ https://phbidlautdemo.prahu-hub.com/_resources/themes/prahutheme/javascript/custom/listLelang.js?m=1787206890:818
[     632ms] [LOG] 387 countView1 1 pageNow 20 limitView1 @ https://phbidlautdemo.prahu-hub.com/_resources/themes/prahutheme/javascript/custom/listLelang.js?m=1787206890:820
[     632ms] [LOG] 20 @ https://phbidlautdemo.prahu-hub.com/_resources/themes/prahutheme/javascript/custom/listLelang.js?m=1787206890:826
[     632ms] [LOG] 387 jumlah data @ https://phbidlautdemo.prahu-hub.com/_resources/themes/prahutheme/javascript/custom/listLelang.js?m=1787206890:779
[     632ms] [LOG] 20 @ https://phbidlautdemo.prahu-hub.com/_resources/themes/prahutheme/javascript/custom/listLelang.js?m=1787206890:781
[     633ms] [LOG] 20 1 pageCount & pageNow @ https://phbidlautdemo.prahu-hub.com/_resources/themes/prahutheme/javascript/custom/listLelang.js?m=1787206890:704
[     636ms] [LOG] 200 xhrglobal @ https://phbidlautdemo.prahu-hub.com/lelang/listlelang?tab=semua-lelang:5956
[     653ms] ReferenceError: renderTooltipHarga is not defined
    at https://phbidlautdemo.prahu-hub.com/_resources/themes/prahutheme/javascript/custom/listLelang.js?m=1787206890:1049:9
[     920ms] TypeError: $(...).DataTable is not a function
    at https://phbidlautdemo.prahu-hub.com/_resources/themes/prahutheme/js/scripts-init/tables.js:7:23
[    1099ms] [LOG] WebSocket connected @ https://phbidlautdemo.prahu-hub.com/lelang/listlelang?tab=semua-lelang:6034
[    1105ms] [LOG] update_dashboard_order_laut @ https://phbidlautdemo.prahu-hub.com/lelang/listlelang?tab=semua-lelang:6075
[    1128ms] [LOG] Connected @ https://phbidlautdemo.prahu-hub.com/lelang/listlelang?tab=semua-lelang:6075
[    2121ms] Cannot use import statement outside a module
[    2136ms] ReferenceError: Chart is not defined
    at https://phbidlautdemo.prahu-hub.com/_resources/themes/prahutheme/js/scripts-init/charts/chartjs.js:8:13
[    2137ms] Unexpected token '<'
[    2198ms] Unexpected token '<'
[    2227ms] TypeError: $(...).datetimepicker is not a function
    at https://phbidlautdemo.prahu-hub.com/home/hargajadwal?tab=1:5815:16
[    2243ms] Uncaught TypeError: expect element to be DOM Element, but got null
    at n.init (https://cdnjs.cloudflare.com/ajax/libs/smooth-scrollbar/8.5.2/smooth-scrollbar.js:24:264)
    at <anonymous> (https://phbidlautdemo.prahu-hub.com/home/hargajadwal?tab=1:7564:14)
[    2275ms] [LOG] Harganamanya @ https://phbidlautdemo.prahu-hub.com/home/hargajadwal?tab=1:1756
[    2281ms] [LOG] undefined @ https://phbidlautdemo.prahu-hub.com/home/hargajadwal?tab=1:7916
[    2281ms] [LOG] undefined @ https://phbidlautdemo.prahu-hub.com/home/hargajadwal?tab=1:7916
[    2281ms] [LOG] undefined @ https://phbidlautdemo.prahu-hub.com/home/hargajadwal?tab=1:7916
[    2281ms] [LOG] DD/MM/YYYY @ https://phbidlautdemo.prahu-hub.com/home/hargajadwal?tab=1:7916
[    2282ms] [LOG] Masukkan Nomor Lelang @ https://phbidlautdemo.prahu-hub.com/home/hargajadwal?tab=1:7916
[    2282ms] [LOG] Search... @ https://phbidlautdemo.prahu-hub.com/home/hargajadwal?tab=1:7916
[    2282ms] [LOG] Search... @ https://phbidlautdemo.prahu-hub.com/home/hargajadwal?tab=1:7916
[    2282ms] [LOG] Masukkan Jenis @ https://phbidlautdemo.prahu-hub.com/home/hargajadwal?tab=1:7916
[    2283ms] [LOG] Masukkan Harga @ https://phbidlautdemo.prahu-hub.com/home/hargajadwal?tab=1:7916
[    2283ms] [LOG] DD/MM/YYYY @ https://phbidlautdemo.prahu-hub.com/home/hargajadwal?tab=1:7916
[    2283ms] [LOG] undefined @ https://phbidlautdemo.prahu-hub.com/home/hargajadwal?tab=1:7916
[    2283ms] [LOG] undefined @ https://phbidlautdemo.prahu-hub.com/home/hargajadwal?tab=1:7916
[    2283ms] [LOG] Masukkan UN Code @ https://phbidlautdemo.prahu-hub.com/home/hargajadwal?tab=1:7916
[    2283ms] [LOG] undefined @ https://phbidlautdemo.prahu-hub.com/home/hargajadwal?tab=1:7916
[    2283ms] [LOG] undefined @ https://phbidlautdemo.prahu-hub.com/home/hargajadwal?tab=1:7916
[    2283ms] [LOG] Masukkan Nama Pelabuhan @ https://phbidlautdemo.prahu-hub.com/home/hargajadwal?tab=1:7916
[    2284ms] [LOG] WebSocket connection @ https://phbidlautdemo.prahu-hub.com/home/hargajadwal?tab=1:7959
[    2284ms] [LOG] WebSocket connection attempting... @ https://phbidlautdemo.prahu-hub.com/home/hargajadwal?tab=1:8037
[    2391ms] [LOG] WebSocket connected @ https://phbidlautdemo.prahu-hub.com/home/hargajadwal?tab=1:7968
[    2393ms] [LOG] update_dashboard_order_laut @ https://phbidlautdemo.prahu-hub.com/home/hargajadwal?tab=1:8009
[    2449ms] [LOG] Connected @ https://phbidlautdemo.prahu-hub.com/home/hargajadwal?tab=1:8009
[    4268ms] [LOG] [Object, Object, Object, Object, Object, Object, Object, Object, Object, Object, Object, Object, Object, Object, Object, Object, Object, Object, Object, Object] @ https://phbidlautdemo.prahu-hub.com/_resources/themes/prahutheme/javascript/custom/hargajadwal.js?m=1787206890:306
[    4278ms] [LOG] [Object, Object, Object, Object, Object, Object, Object, Object, Object, Object, Object, Object, Object, Object, Object, Object, Object, Object, Object, Object] @ https://phbidlautdemo.prahu-hub.com/_resources/themes/prahutheme/javascript/custom/hargajadwal.js?m=1787206890:69
[    4289ms] [LOG] 275 @ https://phbidlautdemo.prahu-hub.com/_resources/themes/prahutheme/javascript/custom/hargajadwal.js?m=1787206890:1167
[    4290ms] [LOG] 275 jumlah data @ https://phbidlautdemo.prahu-hub.com/_resources/themes/prahutheme/javascript/custom/hargajadwal.js?m=1787206890:1124
[    4290ms] [LOG] 14 1 pageCount & pageNow @ https://phbidlautdemo.prahu-hub.com/_resources/themes/prahutheme/javascript/custom/hargajadwal.js?m=1787206890:1053
[    4293ms] [LOG] 200 xhrglobal @ https://phbidlautdemo.prahu-hub.com/home/hargajadwal?tab=1:7890
[    4293ms] [LOG] ce.fn.init stepItem @ https://phbidlautdemo.prahu-hub.com/_resources/themes/prahutheme/javascript/custom/hargajadwal.js?m=1787206890:1027
[    4333ms] TypeError: $(...).DataTable is not a function
    at https://phbidlautdemo.prahu-hub.com/_resources/themes/prahutheme/js/scripts-init/tables.js:7:23
[    4380ms] [LOG] 200 xhrglobal @ https://phbidlautdemo.prahu-hub.com/home/hargajadwal?tab=1:7890
[    4439ms] [LOG] 200 xhrglobal @ https://phbidlautdemo.prahu-hub.com/home/hargajadwal?tab=1:7890
[    9842ms] [LOG] Connected @ https://phbidlautdemo.prahu-hub.com/home/hargajadwal?tab=1:8009
[   14010ms] [LOG] notif_badge_hide.937-935-914-906-900-876-856-820-806-805-796-795-783-764-704-689-688-685-642-641-640-639-638-635-634-633-632-631-630-629-628-627-626-625-624-623-622-621-614-459-23 @ https://phbidlautdemo.prahu-hub.com/home/hargajadwal?tab=1:8009
[   14013ms] [LOG] updateNotif.937-935-914-906-900-876-856-820-806-805-796-795-783-764-704-689-688-685-642-641-640-639-638-635-634-633-632-631-630-629-628-627-626-625-624-623-622-621-614-459-23 @ https://phbidlautdemo.prahu-hub.com/home/hargajadwal?tab=1:8009
[   18392ms] [LOG] Connected @ https://phbidlautdemo.prahu-hub.com/home/hargajadwal?tab=1:8009
[   19585ms] [LOG] Connected @ https://phbidlautdemo.prahu-hub.com/home/hargajadwal?tab=1:8009
