[    2961ms] Unexpected token '<'
[    3031ms] Cannot use import statement outside a module
[    3080ms] ReferenceError: Chart is not defined
    at https://phbidlautdemo.prahu-hub.com/_resources/themes/prahutheme/js/scripts-init/charts/chartjs.js:8:13
[    3081ms] Unexpected token '<'
[    3094ms] Unexpected token '<'
[    3221ms] Uncaught TypeError: expect element to be DOM Element, but got null
    at n.init (https://cdnjs.cloudflare.com/ajax/libs/smooth-scrollbar/8.5.2/smooth-scrollbar.js:24:264)
    at <anonymous> (https://phbidlautdemo.prahu-hub.com/home/profilbidder/86:5956:14)
[    3279ms] [LOG] undefinednamanya @ https://phbidlautdemo.prahu-hub.com/home/profilbidder/86:2040
[    3307ms] [WARNING] jQuery.Deferred exception: Cannot read properties of undefined (reading 'replaceAll') TypeError: Cannot read properties of undefined (reading 'replaceAll')
    at HTMLDocument.<anonymous> (https://phbidlautdemo.prahu-hub.com/home/profilbidder/86:5443:34)
    at e (https://code.jquery.com/jquery-3.7.1.min.js:2:27028)
    at t (https://code.jquery.com/jquery-3.7.1.min.js:2:27330) undefined @ https://code.jquery.com/jquery-3.7.1.min.js:1
[    3312ms] [LOG] undefined @ https://phbidlautdemo.prahu-hub.com/home/profilbidder/86:6309
[    3313ms] [LOG] undefined @ https://phbidlautdemo.prahu-hub.com/home/profilbidder/86:6309
[    3320ms] [LOG] WebSocket connection @ https://phbidlautdemo.prahu-hub.com/home/profilbidder/86:6352
[    3322ms] [LOG] WebSocket connection attempting... @ https://phbidlautdemo.prahu-hub.com/home/profilbidder/86:6430
[    3365ms] TypeError: Cannot read properties of undefined (reading 'replaceAll')
    at HTMLDocument.<anonymous> (https://phbidlautdemo.prahu-hub.com/home/profilbidder/86:5443:34)
    at e (https://code.jquery.com/jquery-3.7.1.min.js:2:27028)
    at t (https://code.jquery.com/jquery-3.7.1.min.js:2:27330)
[    3446ms] [LOG] WebSocket connected @ https://phbidlautdemo.prahu-hub.com/home/profilbidder/86:6361
[    3450ms] [LOG] update_dashboard_order_laut @ https://phbidlautdemo.prahu-hub.com/home/profilbidder/86:6402
[    3479ms] [LOG] Connected @ https://phbidlautdemo.prahu-hub.com/home/profilbidder/86:6402
[    3709ms] [LOG] Connected @ https://phbidlautdemo.prahu-hub.com/home/profilbidder/86:6402
[    5304ms] TypeError: $(...).DataTable is not a function
    at https://phbidlautdemo.prahu-hub.com/_resources/themes/prahutheme/js/scripts-init/tables.js:7:23
[    5678ms] [LOG] tes @ https://phbidlautdemo.prahu-hub.com/_resources/themes/prahutheme/javascript/custom/ulasan.js?m=1787972929:42
[    5681ms] [LOG] 14 @ https://phbidlautdemo.prahu-hub.com/_resources/themes/prahutheme/javascript/custom/ulasan.js?m=1787972929:652
[    5681ms] [LOG] 14 countView1 1 pageNow 10 limitView1 @ https://phbidlautdemo.prahu-hub.com/_resources/themes/prahutheme/javascript/custom/ulasan.js?m=1787972929:654
[    5681ms] [LOG] 10 @ https://phbidlautdemo.prahu-hub.com/_resources/themes/prahutheme/javascript/custom/ulasan.js?m=1787972929:660
[    5682ms] [LOG] 14 jumlah data @ https://phbidlautdemo.prahu-hub.com/_resources/themes/prahutheme/javascript/custom/ulasan.js?m=1787972929:629
[    5682ms] [LOG] 2 @ https://phbidlautdemo.prahu-hub.com/_resources/themes/prahutheme/javascript/custom/ulasan.js?m=1787972929:631
[    5683ms] [LOG] 2 1 pageCount & pageNow @ https://phbidlautdemo.prahu-hub.com/_resources/themes/prahutheme/javascript/custom/ulasan.js?m=1787972929:555
[    5688ms] [LOG] 200 xhrglobal @ https://phbidlautdemo.prahu-hub.com/home/profilbidder/86:6283
[    5688ms] [LOG] ce.fn.init stepItem @ https://phbidlautdemo.prahu-hub.com/_resources/themes/prahutheme/javascript/custom/ulasan.js?m=1787972929:529
[    5951ms] [LOG] 200 xhrglobal @ https://phbidlautdemo.prahu-hub.com/home/profilbidder/86:6283
[    6017ms] [LOG] 200 xhrglobal @ https://phbidlautdemo.prahu-hub.com/home/profilbidder/86:6283
[    8620ms] [LOG] Connected @ https://phbidlautdemo.prahu-hub.com/home/profilbidder/86:6402
[   15933ms] [LOG] Connected @ https://phbidlautdemo.prahu-hub.com/home/profilbidder/86:6402
[   20087ms] [LOG] Connected @ https://phbidlautdemo.prahu-hub.com/home/profilbidder/86:6402
[   20234ms] [LOG] Connected @ https://phbidlautdemo.prahu-hub.com/home/profilbidder/86:6402
[   32858ms] [LOG] Connected @ https://phbidlautdemo.prahu-hub.com/home/profilbidder/86:6402
[   37099ms] [LOG] Connected @ https://phbidlautdemo.prahu-hub.com/home/profilbidder/86:6402
[   43300ms] [LOG] Connected @ https://phbidlautdemo.prahu-hub.com/home/profilbidder/86:6402
[   47480ms] [LOG] Connected @ https://phbidlautdemo.prahu-hub.com/home/profilbidder/86:6402
[   76421ms] [LOG] Connected @ https://phbidlautdemo.prahu-hub.com/home/profilbidder/86:6402
[  106266ms] [LOG] Connected @ https://phbidlautdemo.prahu-hub.com/home/profilbidder/86:6402
[  130029ms] [LOG] Connected @ https://phbidlautdemo.prahu-hub.com/home/profilbidder/86:6402
[  133475ms] [LOG] Connected @ https://phbidlautdemo.prahu-hub.com/home/profilbidder/86:6402
[  154362ms] [LOG] Connected @ https://phbidlautdemo.prahu-hub.com/home/profilbidder/86:6402
[  157512ms] [LOG] Connected @ https://phbidlautdemo.prahu-hub.com/home/profilbidder/86:6402
[  181103ms] [LOG] Connected @ https://phbidlautdemo.prahu-hub.com/home/profilbidder/86:6402
[  190751ms] [LOG] Connected @ https://phbidlautdemo.prahu-hub.com/home/profilbidder/86:6402
[  223150ms] [LOG] Connected @ https://phbidlautdemo.prahu-hub.com/home/profilbidder/86:6402
[  249142ms] [LOG] Connected @ https://phbidlautdemo.prahu-hub.com/home/profilbidder/86:6402
[  274982ms] [LOG] Connected @ https://phbidlautdemo.prahu-hub.com/home/profilbidder/86:6402
[  301255ms] [LOG] Connected @ https://phbidlautdemo.prahu-hub.com/home/profilbidder/86:6402
[  333004ms] [LOG] Connected @ https://phbidlautdemo.prahu-hub.com/home/profilbidder/86:6402
[  354570ms] [LOG] Connected @ https://phbidlautdemo.prahu-hub.com/home/profilbidder/86:6402
[  365935ms] [LOG] Connected @ https://phbidlautdemo.prahu-hub.com/home/profilbidder/86:6402
[  381889ms] [LOG] Connected @ https://phbidlautdemo.prahu-hub.com/home/profilbidder/86:6402
[  392769ms] [LOG] Connected @ https://phbidlautdemo.prahu-hub.com/home/profilbidder/86:6402
[  404885ms] [LOG] Connected @ https://phbidlautdemo.prahu-hub.com/home/profilbidder/86:6402
[  421181ms] [LOG] Connected @ https://phbidlautdemo.prahu-hub.com/home/profilbidder/86:6402
[  433409ms] [LOG] Connected @ https://phbidlautdemo.prahu-hub.com/home/profilbidder/86:6402
[  517740ms] [LOG] Connected @ https://phbidlautdemo.prahu-hub.com/home/profilbidder/86:6402
[  534866ms] [LOG] Connected @ https://phbidlautdemo.prahu-hub.com/home/profilbidder/86:6402
[  535009ms] [LOG] Connected @ https://phbidlautdemo.prahu-hub.com/home/profilbidder/86:6402
[  556639ms] [LOG] Connected @ https://phbidlautdemo.prahu-hub.com/home/profilbidder/86:6402
[  565835ms] [LOG] Connected @ https://phbidlautdemo.prahu-hub.com/home/profilbidder/86:6402
[  578181ms] [LOG] Connected @ https://phbidlautdemo.prahu-hub.com/home/profilbidder/86:6402
[  582964ms] [LOG] Connected @ https://phbidlautdemo.prahu-hub.com/home/profilbidder/86:6402
[  593234ms] [LOG] Connected @ https://phbidlautdemo.prahu-hub.com/home/profilbidder/86:6402
[  621795ms] [LOG] Connected @ https://phbidlautdemo.prahu-hub.com/home/profilbidder/86:6402
[  746808ms] [LOG] WebSocket closed @ https://phbidlautdemo.prahu-hub.com/home/profilbidder/86:6355
[  746808ms] [LOG] Reconnecting in 2 seconds... @ https://phbidlautdemo.prahu-hub.com/home/profilbidder/86:6439
[  748810ms] [LOG] WebSocket connection @ https://phbidlautdemo.prahu-hub.com/home/profilbidder/86:6352
[  748811ms] [LOG] WebSocket connection attempting... @ https://phbidlautdemo.prahu-hub.com/home/profilbidder/86:6430
[  749058ms] [LOG] WebSocket connected @ https://phbidlautdemo.prahu-hub.com/home/profilbidder/86:6361
[  749071ms] [LOG] update_dashboard_order_laut @ https://phbidlautdemo.prahu-hub.com/home/profilbidder/86:6402
[  749088ms] [LOG] Connected @ https://phbidlautdemo.prahu-hub.com/home/profilbidder/86:6402
[  749241ms] [LOG] 200 xhrglobal @ https://phbidlautdemo.prahu-hub.com/home/profilbidder/86:6283
[  749293ms] [LOG] 200 xhrglobal @ https://phbidlautdemo.prahu-hub.com/home/profilbidder/86:6283
[  749863ms] [LOG] Connected @ https://phbidlautdemo.prahu-hub.com/home/profilbidder/86:6402
[  874877ms] [LOG] WebSocket closed @ https://phbidlautdemo.prahu-hub.com/home/profilbidder/86:6355
[  874877ms] [LOG] Reconnecting in 4 seconds... @ https://phbidlautdemo.prahu-hub.com/home/profilbidder/86:6439
[  878878ms] [LOG] WebSocket connection @ https://phbidlautdemo.prahu-hub.com/home/profilbidder/86:6352
[  878879ms] [LOG] WebSocket connection attempting... @ https://phbidlautdemo.prahu-hub.com/home/profilbidder/86:6430
[  879034ms] [LOG] WebSocket connected @ https://phbidlautdemo.prahu-hub.com/home/profilbidder/86:6361
[  879040ms] [LOG] update_dashboard_order_laut @ https://phbidlautdemo.prahu-hub.com/home/profilbidder/86:6402
[  879066ms] [LOG] Connected @ https://phbidlautdemo.prahu-hub.com/home/profilbidder/86:6402
[  879200ms] [LOG] Connected @ https://phbidlautdemo.prahu-hub.com/home/profilbidder/86:6402
[  879259ms] [LOG] 200 xhrglobal @ https://phbidlautdemo.prahu-hub.com/home/profilbidder/86:6283
[  879307ms] [LOG] 200 xhrglobal @ https://phbidlautdemo.prahu-hub.com/home/profilbidder/86:6283
[  879769ms] [LOG] Connected @ https://phbidlautdemo.prahu-hub.com/home/profilbidder/86:6402
[  936270ms] [LOG] Connected @ https://phbidlautdemo.prahu-hub.com/home/profilbidder/86:6402
[ 1014480ms] [LOG] Connected @ https://phbidlautdemo.prahu-hub.com/home/profilbidder/86:6402
[ 1021978ms] [LOG] Connected @ https://phbidlautdemo.prahu-hub.com/home/profilbidder/86:6402
[ 1045209ms] [LOG] Connected @ https://phbidlautdemo.prahu-hub.com/home/profilbidder/86:6402
[ 1170222ms] [LOG] WebSocket closed @ https://phbidlautdemo.prahu-hub.com/home/profilbidder/86:6355
[ 1170223ms] [LOG] Reconnecting in 8 seconds... @ https://phbidlautdemo.prahu-hub.com/home/profilbidder/86:6439
[ 1178225ms] [LOG] WebSocket connection @ https://phbidlautdemo.prahu-hub.com/home/profilbidder/86:6352
[ 1178226ms] [LOG] WebSocket connection attempting... @ https://phbidlautdemo.prahu-hub.com/home/profilbidder/86:6430
[ 1178349ms] [LOG] WebSocket connected @ https://phbidlautdemo.prahu-hub.com/home/profilbidder/86:6361
[ 1178363ms] [LOG] update_dashboard_order_laut @ https://phbidlautdemo.prahu-hub.com/home/profilbidder/86:6402
[ 1178383ms] [LOG] Connected @ https://phbidlautdemo.prahu-hub.com/home/profilbidder/86:6402
[ 1178519ms] [LOG] Connected @ https://phbidlautdemo.prahu-hub.com/home/profilbidder/86:6402
[ 1178545ms] [LOG] 200 xhrglobal @ https://phbidlautdemo.prahu-hub.com/home/profilbidder/86:6283
[ 1178596ms] [LOG] 200 xhrglobal @ https://phbidlautdemo.prahu-hub.com/home/profilbidder/86:6283
[ 1296757ms] [LOG] Connected @ https://phbidlautdemo.prahu-hub.com/home/profilbidder/86:6402
[ 1301077ms] [LOG] Connected @ https://phbidlautdemo.prahu-hub.com/home/profilbidder/86:6402
[ 1314256ms] [LOG] Connected @ https://phbidlautdemo.prahu-hub.com/home/profilbidder/86:6402
[ 1321153ms] [LOG] Connected @ https://phbidlautdemo.prahu-hub.com/home/profilbidder/86:6402
[ 1324206ms] [LOG] Connected @ https://phbidlautdemo.prahu-hub.com/home/profilbidder/86:6402
