[    1307ms] ReferenceError: dete is not defined
    at https://phbidlautdemo.prahu-hub.com/user/login:1469:5
[    2835ms] TypeError: Failed to execute 'observe' on 'IntersectionObserver': parameter 1 is not of type 'Element'.
    at https://phbidlautdemo.prahu-hub.com/user/login:1936:14
[    2876ms] [VERBOSE] [DOM] Input elements should have autocomplete attributes (suggested: "current-password"): (More info: https://goo.gl/9p2vKq) %o @ https://phbidlautdemo.prahu-hub.com/user/login:0
[    2885ms] [LOG] 0 @ https://phbidlautdemo.prahu-hub.com/user/login:1430
[    2885ms] [LOG] undefined scr @ https://phbidlautdemo.prahu-hub.com/user/login:1434
[   39467ms] [LOG] ddd @ https://phbidlautdemo.prahu-hub.com/user/login:1529
[   39661ms] [LOG] {pesan: SHIPPER, status: 1, user_aktif: 1, ParentID: 0, redirect: https://phbidlautdemo.prahu-hub.com/lelang/carirute} @ https://phbidlautdemo.prahu-hub.com/user/login:1562
[   39661ms] [LOG] {pesan: SHIPPER, status: 1, user_aktif: 1, ParentID: 0, redirect: https://phbidlautdemo.prahu-hub.com/lelang/carirute} a @ https://phbidlautdemo.prahu-hub.com/user/login:1564
[   40841ms] Cannot use import statement outside a module
[   40858ms] ReferenceError: Chart is not defined
    at https://phbidlautdemo.prahu-hub.com/_resources/themes/prahutheme/js/scripts-init/charts/chartjs.js:8:13
[   40911ms] Unexpected token '<'
[   41038ms] Unexpected token '<'
[   41147ms] Uncaught TypeError: expect element to be DOM Element, but got null
    at n.init (https://cdnjs.cloudflare.com/ajax/libs/smooth-scrollbar/8.5.2/smooth-scrollbar.js:24:264)
    at <anonymous> (https://phbidlautdemo.prahu-hub.com/lelang/carirute:6530:14)
[   41170ms] [LOG] undefinednamanya @ https://phbidlautdemo.prahu-hub.com/lelang/carirute:2148
[   41220ms] [LOG] undefined @ https://phbidlautdemo.prahu-hub.com/lelang/carirute:6882
[   41220ms] [LOG] undefined @ https://phbidlautdemo.prahu-hub.com/lelang/carirute:6882
[   41220ms] [LOG] undefined @ https://phbidlautdemo.prahu-hub.com/lelang/carirute:6882
[   41220ms] [LOG] Masukkan Nomor Lelang @ https://phbidlautdemo.prahu-hub.com/lelang/carirute:6882
[   41220ms] [LOG] undefined @ https://phbidlautdemo.prahu-hub.com/lelang/carirute:6882
[   41221ms] [LOG] WebSocket connection @ https://phbidlautdemo.prahu-hub.com/lelang/carirute:6925
[   41221ms] [LOG] WebSocket connection attempting... @ https://phbidlautdemo.prahu-hub.com/lelang/carirute:7003
[   41693ms] [LOG] WebSocket connected @ https://phbidlautdemo.prahu-hub.com/lelang/carirute:6934
[   41946ms] [TABLE] {UI version: 8.4.1, Core version: 8.4.0, Build: NC8xMi8yMDIyfDRkZTU3MmExYg==, WebViewer Server: false, Full API: false} @ https://phbidlautdemo.prahu-hub.com/_resources/themes/prahutheme/javascript/PDFView/lib/ui/webviewer-ui.min.js:270
[   41981ms] [LOG] update_dashboard_order_laut @ https://phbidlautdemo.prahu-hub.com/lelang/carirute:6975
[   41984ms] [LOG] Connected @ https://phbidlautdemo.prahu-hub.com/lelang/carirute:6975
[   41989ms] [LOG] Connected @ https://phbidlautdemo.prahu-hub.com/lelang/carirute:6975
[   42143ms] [VERBOSE] [DOM] Password forms should have (optionally hidden) username fields for accessibility: (More info: https://goo.gl/9p2vKq) %o @ https://phbidlautdemo.prahu-hub.com/_resources/themes/prahutheme/javascript/PDFView/lib/ui/index.html#a=1&disabledElements=downloadButton%2CprintButton%2ClanguageButton&filepicker=0&pdfnet=0&enableRedaction=0&enableMeasurement=0&pageHistory=1&notesInLeftPanel=0&singleServerMode=false&selectAnnotationOnCreation=0&autoFocusNoteOnAnnotationSelection=1&id=1&basePath=%2Flelang%2Fcarirute:0
[   42272ms] [LOG] 200 xhrglobal @ https://phbidlautdemo.prahu-hub.com/lelang/carirute:6856
[   42649ms] [LOG] 200 xhrglobal @ https://phbidlautdemo.prahu-hub.com/lelang/carirute:6856
[   43185ms] TypeError: $(...).DataTable is not a function
    at https://phbidlautdemo.prahu-hub.com/_resources/themes/prahutheme/js/scripts-init/tables.js:7:23
[   54152ms] [LOG] Connected @ https://phbidlautdemo.prahu-hub.com/lelang/carirute:6975
[   58573ms] [LOG] Connected @ https://phbidlautdemo.prahu-hub.com/lelang/carirute:6975
[   59181ms] [LOG] Connected @ https://phbidlautdemo.prahu-hub.com/lelang/carirute:6975
[   62600ms] [LOG] Connected @ https://phbidlautdemo.prahu-hub.com/lelang/carirute:6975
[   62812ms] [LOG] Connected @ https://phbidlautdemo.prahu-hub.com/lelang/carirute:6975
[   67273ms] [LOG] Connected @ https://phbidlautdemo.prahu-hub.com/lelang/carirute:6975
[   68879ms] [LOG] Connected @ https://phbidlautdemo.prahu-hub.com/lelang/carirute:6975
[   69454ms] [LOG] Connected @ https://phbidlautdemo.prahu-hub.com/lelang/carirute:6975
[   72054ms] [LOG] Connected @ https://phbidlautdemo.prahu-hub.com/lelang/carirute:6975
[   75206ms] [LOG] Connected @ https://phbidlautdemo.prahu-hub.com/lelang/carirute:6975
[  126733ms] [LOG] Connected @ https://phbidlautdemo.prahu-hub.com/lelang/carirute:6975
[  138272ms] [LOG] Connected @ https://phbidlautdemo.prahu-hub.com/lelang/carirute:6975
[  146691ms] [LOG] updateNotifDarat.19-1 @ https://phbidlautdemo.prahu-hub.com/lelang/carirute:6975
[  146699ms] [LOG] notif_badge_show.19-1 @ https://phbidlautdemo.prahu-hub.com/lelang/carirute:6975
[  146709ms] [LOG] notif_badge_show.1 @ https://phbidlautdemo.prahu-hub.com/lelang/carirute:6975
[  146715ms] [LOG] updateNotifDarat.1 @ https://phbidlautdemo.prahu-hub.com/lelang/carirute:6975
[  150728ms] [LOG] Connected @ https://phbidlautdemo.prahu-hub.com/lelang/carirute:6975
[  156922ms] [LOG] notif_badge_hide.485-471-460-459-454-451-447-417-385-262-194-192-49-42-18-8-20-1 @ https://phbidlautdemo.prahu-hub.com/lelang/carirute:6975
[  156926ms] [LOG] updateNotifDarat.485-471-460-459-454-451-447-417-385-262-194-192-49-42-18-8-20-1 @ https://phbidlautdemo.prahu-hub.com/lelang/carirute:6975
[  157996ms] [LOG] Connected @ https://phbidlautdemo.prahu-hub.com/lelang/carirute:6975
[  160282ms] [LOG] Connected @ https://phbidlautdemo.prahu-hub.com/lelang/carirute:6975
[  164273ms] [LOG] notif_badge_hide.901-858-787-935-914-906-900-876-856-820-796-795-783-764-704-689-688-685-642-641-640-639-638-635-634-633-632-631-629-628-627-626-625-624-623-622-621-614-459-325-23 @ https://phbidlautdemo.prahu-hub.com/lelang/carirute:6975
[  164280ms] [LOG] updateNotif.901-858-787-935-914-906-900-876-856-820-796-795-783-764-704-689-688-685-642-641-640-639-638-635-634-633-632-631-629-628-627-626-625-624-623-622-621-614-459-325-23 @ https://phbidlautdemo.prahu-hub.com/lelang/carirute:6975
[  164309ms] [LOG] update_dashboard_order_laut @ https://phbidlautdemo.prahu-hub.com/lelang/carirute:6975
[  173694ms] [LOG] Connected @ https://phbidlautdemo.prahu-hub.com/lelang/carirute:6975
[  188735ms] [LOG] Connected @ https://phbidlautdemo.prahu-hub.com/lelang/carirute:6975
[  202583ms] [LOG] Connected @ https://phbidlautdemo.prahu-hub.com/lelang/carirute:6975
[  210783ms] [LOG] updateNotifDarat.19-1 @ https://phbidlautdemo.prahu-hub.com/lelang/carirute:6975
[  210793ms] [LOG] notif_badge_show.19-1 @ https://phbidlautdemo.prahu-hub.com/lelang/carirute:6975
[  210797ms] [LOG] updateNotifDarat.296-1 @ https://phbidlautdemo.prahu-hub.com/lelang/carirute:6975
[  210807ms] [LOG] notif_badge_show.296-1 @ https://phbidlautdemo.prahu-hub.com/lelang/carirute:6975
[  216013ms] [LOG] Connected @ https://phbidlautdemo.prahu-hub.com/lelang/carirute:6975
[  216431ms] [LOG] Connected @ https://phbidlautdemo.prahu-hub.com/lelang/carirute:6975
[  218271ms] [LOG] Connected @ https://phbidlautdemo.prahu-hub.com/lelang/carirute:6975
[  226272ms] [LOG] Connected @ https://phbidlautdemo.prahu-hub.com/lelang/carirute:6975
[  228435ms] [LOG] Connected @ https://phbidlautdemo.prahu-hub.com/lelang/carirute:6975
[  229313ms] [LOG] Connected @ https://phbidlautdemo.prahu-hub.com/lelang/carirute:6975
[  231068ms] [LOG] updateNotif.901-858-787-935-914-906-900-876-856-820-796-795-783-764-704-689-688-685-642-641-640-639-638-635-634-633-632-631-629-628-627-626-625-624-623-622-621-614-459-325-23 @ https://phbidlautdemo.prahu-hub.com/lelang/carirute:6975
[  231103ms] [LOG] notif_badge_hide.901-858-787-935-914-906-900-876-856-820-796-795-783-764-704-689-688-685-642-641-640-639-638-635-634-633-632-631-629-628-627-626-625-624-623-622-621-614-459-325-23 @ https://phbidlautdemo.prahu-hub.com/lelang/carirute:6975
[  231106ms] [LOG] update_dashboard_order_laut @ https://phbidlautdemo.prahu-hub.com/lelang/carirute:6975
[  246950ms] [LOG] Connected @ https://phbidlautdemo.prahu-hub.com/lelang/carirute:6975
[  253666ms] [LOG] Connected @ https://phbidlautdemo.prahu-hub.com/lelang/carirute:6975
[  275073ms] [LOG] Connected @ https://phbidlautdemo.prahu-hub.com/lelang/carirute:6975
[  280622ms] [LOG] updateNotifDarat.19-1 @ https://phbidlautdemo.prahu-hub.com/lelang/carirute:6975
[  280625ms] [LOG] updateNotifDarat.1 @ https://phbidlautdemo.prahu-hub.com/lelang/carirute:6975
[  280627ms] [LOG] notif_badge_show.19-1 @ https://phbidlautdemo.prahu-hub.com/lelang/carirute:6975
[  283161ms] [LOG] Connected @ https://phbidlautdemo.prahu-hub.com/lelang/carirute:6975
[  286869ms] Cannot use import statement outside a module
[  286902ms] ReferenceError: Chart is not defined
    at https://phbidlautdemo.prahu-hub.com/_resources/themes/prahutheme/js/scripts-init/charts/chartjs.js:8:13
[  287028ms] Unexpected token '<'
[  287236ms] Unexpected token '<'
[  287356ms] Uncaught TypeError: expect element to be DOM Element, but got null
    at n.init (https://cdnjs.cloudflare.com/ajax/libs/smooth-scrollbar/8.5.2/smooth-scrollbar.js:24:264)
    at <anonymous> (https://phbidlautdemo.prahu-hub.com/lelang/carirute:6535:14)
[  287683ms] [LOG] undefinednamanya @ https://phbidlautdemo.prahu-hub.com/lelang/carirute:2148
[  287697ms] [LOG] undefined @ https://phbidlautdemo.prahu-hub.com/lelang/carirute:6887
[  287697ms] [LOG] undefined @ https://phbidlautdemo.prahu-hub.com/lelang/carirute:6887
[  287697ms] [LOG] undefined @ https://phbidlautdemo.prahu-hub.com/lelang/carirute:6887
[  287697ms] [LOG] Masukkan Nomor Lelang @ https://phbidlautdemo.prahu-hub.com/lelang/carirute:6887
[  287697ms] [LOG] undefined @ https://phbidlautdemo.prahu-hub.com/lelang/carirute:6887
[  287698ms] [LOG] WebSocket connection @ https://phbidlautdemo.prahu-hub.com/lelang/carirute:6930
[  287698ms] [LOG] WebSocket connection attempting... @ https://phbidlautdemo.prahu-hub.com/lelang/carirute:7008
[  287955ms] [TABLE] {UI version: 8.4.1, Core version: 8.4.0, Build: NC8xMi8yMDIyfDRkZTU3MmExYg==, WebViewer Server: false, Full API: false} @ https://phbidlautdemo.prahu-hub.com/_resources/themes/prahutheme/javascript/PDFView/lib/ui/webviewer-ui.min.js:270
[  288019ms] [LOG] WebSocket connected @ https://phbidlautdemo.prahu-hub.com/lelang/carirute:6939
[  288166ms] [VERBOSE] [DOM] Password forms should have (optionally hidden) username fields for accessibility: (More info: https://goo.gl/9p2vKq) %o @ https://phbidlautdemo.prahu-hub.com/_resources/themes/prahutheme/javascript/PDFView/lib/ui/index.html#a=1&disabledElements=downloadButton%2CprintButton%2ClanguageButton&filepicker=0&pdfnet=0&enableRedaction=0&enableMeasurement=0&pageHistory=1&notesInLeftPanel=0&singleServerMode=false&selectAnnotationOnCreation=0&autoFocusNoteOnAnnotationSelection=1&id=1&basePath=%2Flelang%2Fcarirute:0
[  288168ms] [LOG] update_dashboard_order_laut @ https://phbidlautdemo.prahu-hub.com/lelang/carirute:6980
[  288252ms] [LOG] Connected @ https://phbidlautdemo.prahu-hub.com/lelang/carirute:6980
[  288571ms] [LOG] 200 xhrglobal @ https://phbidlautdemo.prahu-hub.com/lelang/carirute:6861
[  288673ms] [LOG] 200 xhrglobal @ https://phbidlautdemo.prahu-hub.com/lelang/carirute:6861
[  289695ms] TypeError: $(...).DataTable is not a function
    at https://phbidlautdemo.prahu-hub.com/_resources/themes/prahutheme/js/scripts-init/tables.js:7:23
[  290507ms] [LOG] Connected @ https://phbidlautdemo.prahu-hub.com/lelang/carirute:6980
[  352766ms] [LOG] Connected @ https://phbidlautdemo.prahu-hub.com/lelang/carirute:6980
[  360261ms] [LOG] Connected @ https://phbidlautdemo.prahu-hub.com/lelang/carirute:6980
[  374531ms] [LOG] Connected @ https://phbidlautdemo.prahu-hub.com/lelang/carirute:6980
[  388111ms] [LOG] Connected @ https://phbidlautdemo.prahu-hub.com/lelang/carirute:6980
[  392745ms] [LOG] Connected @ https://phbidlautdemo.prahu-hub.com/lelang/carirute:6980
[  393820ms] [LOG] Connected @ https://phbidlautdemo.prahu-hub.com/lelang/carirute:6980
[  393934ms] [LOG] Connected @ https://phbidlautdemo.prahu-hub.com/lelang/carirute:6980
[  394050ms] [LOG] Connected @ https://phbidlautdemo.prahu-hub.com/lelang/carirute:6980
[  400566ms] [LOG] Connected @ https://phbidlautdemo.prahu-hub.com/lelang/carirute:6980
[  407568ms] [LOG] notif_badge_hide.485-471-460-459-454-451-447-417-385-262-194-192-49-42-18-8-373-1 @ https://phbidlautdemo.prahu-hub.com/lelang/carirute:6980
[  407572ms] [LOG] updateNotifDarat.485-471-460-459-454-451-447-417-385-262-194-192-49-42-18-8-373-1 @ https://phbidlautdemo.prahu-hub.com/lelang/carirute:6980
[  438142ms] [LOG] Connected @ https://phbidlautdemo.prahu-hub.com/lelang/carirute:6980
[  440897ms] [LOG] 0 1 pageCountnya & pageNownya @ https://phbidlautdemo.prahu-hub.com/_resources/themes/prahutheme/javascript/custom/cariLelang.js?m=1&amp;m=1786348944:97
[  440898ms] [LOG] 1 0 0 @ https://phbidlautdemo.prahu-hub.com/_resources/themes/prahutheme/javascript/custom/cariLelang.js?m=1&amp;m=1786348944:215
[  441472ms] [LOG] [Object, Object, Object, Object, Object, Object, Object, Object, Object, Object, Object, Object, Object, Object, Object, Object, Object, Object, Object, Object] @ https://phbidlautdemo.prahu-hub.com/_resources/themes/prahutheme/javascript/custom/cariLelang.js?m=1&amp;m=1786348944:15
[  441480ms] [LOG] 1 20 305 @ https://phbidlautdemo.prahu-hub.com/_resources/themes/prahutheme/javascript/custom/cariLelang.js?m=1&amp;m=1786348944:215
[  441481ms] [LOG] 16 1 pageCountnya & pageNownya @ https://phbidlautdemo.prahu-hub.com/_resources/themes/prahutheme/javascript/custom/cariLelang.js?m=1&amp;m=1786348944:97
[  441481ms] [LOG] ulang 1 @ https://phbidlautdemo.prahu-hub.com/_resources/themes/prahutheme/javascript/custom/cariLelang.js?m=1&amp;m=1786348944:265
[  441481ms] [LOG] 200 xhrglobal @ https://phbidlautdemo.prahu-hub.com/lelang/carirute:6861
[  445106ms] [LOG] updateNotifDarat.485-471-460-459-454-451-447-417-385-262-194-192-49-42-18-8-373-1 @ https://phbidlautdemo.prahu-hub.com/lelang/carirute:6980
[  445110ms] [LOG] notif_badge_show.485-471-460-459-454-451-447-417-385-262-194-192-49-42-18-8-373-1 @ https://phbidlautdemo.prahu-hub.com/lelang/carirute:6980
[  446498ms] [LOG] Connected @ https://phbidlautdemo.prahu-hub.com/lelang/carirute:6980
[  451847ms] [LOG] updateNotifDarat.485-471-460-459-454-451-447-417-385-262-194-192-49-42-18-8-373-1 @ https://phbidlautdemo.prahu-hub.com/lelang/carirute:6980
[  451850ms] [LOG] notif_badge_show.485-471-460-459-454-451-447-417-385-262-194-192-49-42-18-8-373-1 @ https://phbidlautdemo.prahu-hub.com/lelang/carirute:6980
[  453484ms] [LOG] Connected @ https://phbidlautdemo.prahu-hub.com/lelang/carirute:6980
[  456211ms] [LOG] Connected @ https://phbidlautdemo.prahu-hub.com/lelang/carirute:6980
[  484710ms] [LOG] Connected @ https://phbidlautdemo.prahu-hub.com/lelang/carirute:6980
[  490616ms] [LOG] Connected @ https://phbidlautdemo.prahu-hub.com/lelang/carirute:6980
[  501886ms] [LOG] Connected @ https://phbidlautdemo.prahu-hub.com/lelang/carirute:6980
[  504508ms] [LOG] Connected @ https://phbidlautdemo.prahu-hub.com/lelang/carirute:6980
[  504827ms] [LOG] Connected @ https://phbidlautdemo.prahu-hub.com/lelang/carirute:6980
[  527519ms] [LOG] Connected @ https://phbidlautdemo.prahu-hub.com/lelang/carirute:6980
[  532831ms] [LOG] Connected @ https://phbidlautdemo.prahu-hub.com/lelang/carirute:6980
[  576318ms] [LOG] updateNotifDarat.20-1 @ https://phbidlautdemo.prahu-hub.com/lelang/carirute:6980
[  576325ms] [LOG] notif_badge_show.20-1 @ https://phbidlautdemo.prahu-hub.com/lelang/carirute:6980
[  576336ms] [LOG] updateNotifDarat.1 @ https://phbidlautdemo.prahu-hub.com/lelang/carirute:6980
[  579284ms] [LOG] Connected @ https://phbidlautdemo.prahu-hub.com/lelang/carirute:6980
[  583613ms] [LOG] Connected @ https://phbidlautdemo.prahu-hub.com/lelang/carirute:6980
[  592050ms] [LOG] Connected @ https://phbidlautdemo.prahu-hub.com/lelang/carirute:6980
[  640530ms] [LOG] Connected @ https://phbidlautdemo.prahu-hub.com/lelang/carirute:6980
[  654315ms] [LOG] Connected @ https://phbidlautdemo.prahu-hub.com/lelang/carirute:6980
[  656696ms] [LOG] Connected @ https://phbidlautdemo.prahu-hub.com/lelang/carirute:6980
[  680597ms] [LOG] Connected @ https://phbidlautdemo.prahu-hub.com/lelang/carirute:6980
[  697949ms] [LOG] Connected @ https://phbidlautdemo.prahu-hub.com/lelang/carirute:6980
[  706507ms] [LOG] Connected @ https://phbidlautdemo.prahu-hub.com/lelang/carirute:6980
[  711831ms] [LOG] Connected @ https://phbidlautdemo.prahu-hub.com/lelang/carirute:6980
[  728597ms] [LOG] Connected @ https://phbidlautdemo.prahu-hub.com/lelang/carirute:6980
[  754420ms] [LOG] Connected @ https://phbidlautdemo.prahu-hub.com/lelang/carirute:6980
[  766175ms] [LOG] updateNotifDarat.485-471-460-459-454-451-447-417-385-262-194-192-49-42-18-8-20-1 @ https://phbidlautdemo.prahu-hub.com/lelang/carirute:6980
[  766190ms] [LOG] notif_badge_hide.485-471-460-459-454-451-447-417-385-262-194-192-49-42-18-8-20-1 @ https://phbidlautdemo.prahu-hub.com/lelang/carirute:6980
[  766723ms] [LOG] Connected @ https://phbidlautdemo.prahu-hub.com/lelang/carirute:6980
[  794182ms] [LOG] debug @ https://phbidlautdemo.prahu-hub.com/lelang/carirute:6108
[  794182ms] [LOG] MWlwYTB0dGlCQVV5WWFHbnJoNmordz09 @ https://phbidlautdemo.prahu-hub.com/lelang/carirute:6112
[  817933ms] Cannot use import statement outside a module
[  817978ms] ReferenceError: Chart is not defined
    at https://phbidlautdemo.prahu-hub.com/_resources/themes/prahutheme/js/scripts-init/charts/chartjs.js:8:13
[  817978ms] Unexpected token '<'
[  817982ms] Unexpected token '<'
[  818070ms] Uncaught TypeError: expect element to be DOM Element, but got null
    at n.init (https://cdnjs.cloudflare.com/ajax/libs/smooth-scrollbar/8.5.2/smooth-scrollbar.js:24:264)
    at <anonymous> (https://phbidlautdemo.prahu-hub.com/lelang/carirute?from=search&id_user=SWd1aUR1aGpzOUlWbVpaWXY2NG5SZz09&lelang=MWlwYTB0dGlCQVV5WWFHbnJoNmordz09&nomor_lelang=QA%2F06%2F26-ORD1:7626:14)
[  818230ms] [TABLE] {UI version: 8.4.1, Core version: 8.4.0, Build: NC8xMi8yMDIyfDRkZTU3MmExYg==, WebViewer Server: false, Full API: false} @ https://phbidlautdemo.prahu-hub.com/_resources/themes/prahutheme/javascript/PDFView/lib/ui/webviewer-ui.min.js:270
[  818245ms] [LOG] undefinednamanya @ https://phbidlautdemo.prahu-hub.com/lelang/carirute?from=search&id_user=SWd1aUR1aGpzOUlWbVpaWXY2NG5SZz09&lelang=MWlwYTB0dGlCQVV5WWFHbnJoNmordz09&nomor_lelang=QA%2F06%2F26-ORD1:2148
[  818255ms] [LOG] undefined @ https://phbidlautdemo.prahu-hub.com/lelang/carirute?from=search&id_user=SWd1aUR1aGpzOUlWbVpaWXY2NG5SZz09&lelang=MWlwYTB0dGlCQVV5WWFHbnJoNmordz09&nomor_lelang=QA%2F06%2F26-ORD1:7978
[  818255ms] [LOG] undefined @ https://phbidlautdemo.prahu-hub.com/lelang/carirute?from=search&id_user=SWd1aUR1aGpzOUlWbVpaWXY2NG5SZz09&lelang=MWlwYTB0dGlCQVV5WWFHbnJoNmordz09&nomor_lelang=QA%2F06%2F26-ORD1:7978
[  818255ms] [LOG] undefined @ https://phbidlautdemo.prahu-hub.com/lelang/carirute?from=search&id_user=SWd1aUR1aGpzOUlWbVpaWXY2NG5SZz09&lelang=MWlwYTB0dGlCQVV5WWFHbnJoNmordz09&nomor_lelang=QA%2F06%2F26-ORD1:7978
[  818255ms] [LOG] Masukkan Nomor Lelang @ https://phbidlautdemo.prahu-hub.com/lelang/carirute?from=search&id_user=SWd1aUR1aGpzOUlWbVpaWXY2NG5SZz09&lelang=MWlwYTB0dGlCQVV5WWFHbnJoNmordz09&nomor_lelang=QA%2F06%2F26-ORD1:7978
[  818255ms] [LOG] undefined @ https://phbidlautdemo.prahu-hub.com/lelang/carirute?from=search&id_user=SWd1aUR1aGpzOUlWbVpaWXY2NG5SZz09&lelang=MWlwYTB0dGlCQVV5WWFHbnJoNmordz09&nomor_lelang=QA%2F06%2F26-ORD1:7978
[  818255ms] [LOG] undefined @ https://phbidlautdemo.prahu-hub.com/lelang/carirute?from=search&id_user=SWd1aUR1aGpzOUlWbVpaWXY2NG5SZz09&lelang=MWlwYTB0dGlCQVV5WWFHbnJoNmordz09&nomor_lelang=QA%2F06%2F26-ORD1:7978
[  818256ms] [LOG] undefined @ https://phbidlautdemo.prahu-hub.com/lelang/carirute?from=search&id_user=SWd1aUR1aGpzOUlWbVpaWXY2NG5SZz09&lelang=MWlwYTB0dGlCQVV5WWFHbnJoNmordz09&nomor_lelang=QA%2F06%2F26-ORD1:7978
[  818256ms] [LOG] undefined @ https://phbidlautdemo.prahu-hub.com/lelang/carirute?from=search&id_user=SWd1aUR1aGpzOUlWbVpaWXY2NG5SZz09&lelang=MWlwYTB0dGlCQVV5WWFHbnJoNmordz09&nomor_lelang=QA%2F06%2F26-ORD1:7978
[  818256ms] [LOG] DD/MM/YYYY @ https://phbidlautdemo.prahu-hub.com/lelang/carirute?from=search&id_user=SWd1aUR1aGpzOUlWbVpaWXY2NG5SZz09&lelang=MWlwYTB0dGlCQVV5WWFHbnJoNmordz09&nomor_lelang=QA%2F06%2F26-ORD1:7978
[  818257ms] [LOG] DD/MM/YYYY @ https://phbidlautdemo.prahu-hub.com/lelang/carirute?from=search&id_user=SWd1aUR1aGpzOUlWbVpaWXY2NG5SZz09&lelang=MWlwYTB0dGlCQVV5WWFHbnJoNmordz09&nomor_lelang=QA%2F06%2F26-ORD1:7978
[  818258ms] [LOG] undefined @ https://phbidlautdemo.prahu-hub.com/lelang/carirute?from=search&id_user=SWd1aUR1aGpzOUlWbVpaWXY2NG5SZz09&lelang=MWlwYTB0dGlCQVV5WWFHbnJoNmordz09&nomor_lelang=QA%2F06%2F26-ORD1:7978
[  818259ms] [LOG] WebSocket connection @ https://phbidlautdemo.prahu-hub.com/lelang/carirute?from=search&id_user=SWd1aUR1aGpzOUlWbVpaWXY2NG5SZz09&lelang=MWlwYTB0dGlCQVV5WWFHbnJoNmordz09&nomor_lelang=QA%2F06%2F26-ORD1:8021
[  818259ms] [LOG] WebSocket connection attempting... @ https://phbidlautdemo.prahu-hub.com/lelang/carirute?from=search&id_user=SWd1aUR1aGpzOUlWbVpaWXY2NG5SZz09&lelang=MWlwYTB0dGlCQVV5WWFHbnJoNmordz09&nomor_lelang=QA%2F06%2F26-ORD1:8099
[  818405ms] [VERBOSE] [DOM] Password forms should have (optionally hidden) username fields for accessibility: (More info: https://goo.gl/9p2vKq) %o @ https://phbidlautdemo.prahu-hub.com/_resources/themes/prahutheme/javascript/PDFView/lib/ui/index.html#d=%2Fassets%2Fdokumenaanwijzing%2F65%2FAanwijzing-PT.-Primax-Geo-Sejahtera.pdf&a=1&disabledElements=downloadButton%2CprintButton%2ClanguageButton&filepicker=0&pdfnet=0&enableRedaction=0&enableMeasurement=0&pageHistory=1&notesInLeftPanel=0&singleServerMode=false&selectAnnotationOnCreation=0&autoFocusNoteOnAnnotationSelection=1&id=1&basePath=%2Flelang%2Fcarirute:0
[  818470ms] [LOG] [Object] @ https://phbidlautdemo.prahu-hub.com/_resources/themes/prahutheme/javascript/custom/hasilPenawaran.js?m=1&amp;m=1786589824:14
[  818481ms] [LOG] 1 @ https://phbidlautdemo.prahu-hub.com/_resources/themes/prahutheme/javascript/custom/hasilPenawaran.js?m=1&amp;m=1786589824:883
[  818482ms] [LOG] 1 countView1 1 pageNow 20 limitView1 @ https://phbidlautdemo.prahu-hub.com/_resources/themes/prahutheme/javascript/custom/hasilPenawaran.js?m=1&amp;m=1786589824:885
[  818482ms] [LOG] 1 @ https://phbidlautdemo.prahu-hub.com/_resources/themes/prahutheme/javascript/custom/hasilPenawaran.js?m=1&amp;m=1786589824:896
[  818482ms] [LOG] 1 jumlah data @ https://phbidlautdemo.prahu-hub.com/_resources/themes/prahutheme/javascript/custom/hasilPenawaran.js?m=1&amp;m=1786589824:861
[  818482ms] [LOG] 1 @ https://phbidlautdemo.prahu-hub.com/_resources/themes/prahutheme/javascript/custom/hasilPenawaran.js?m=1&amp;m=1786589824:863
[  818482ms] [LOG] 1 1 pageCount & pageNow @ https://phbidlautdemo.prahu-hub.com/_resources/themes/prahutheme/javascript/custom/hasilPenawaran.js?m=1&amp;m=1786589824:789
[  818483ms] [LOG] 200 xhrglobal @ https://phbidlautdemo.prahu-hub.com/lelang/carirute?from=search&id_user=SWd1aUR1aGpzOUlWbVpaWXY2NG5SZz09&lelang=MWlwYTB0dGlCQVV5WWFHbnJoNmordz09&nomor_lelang=QA%2F06%2F26-ORD1:7952
[  819375ms] [LOG] WebSocket connected @ https://phbidlautdemo.prahu-hub.com/lelang/carirute?from=search&id_user=SWd1aUR1aGpzOUlWbVpaWXY2NG5SZz09&lelang=MWlwYTB0dGlCQVV5WWFHbnJoNmordz09&nomor_lelang=QA%2F06%2F26-ORD1:8030
[  819378ms] [LOG] update_dashboard_order_laut @ https://phbidlautdemo.prahu-hub.com/lelang/carirute?from=search&id_user=SWd1aUR1aGpzOUlWbVpaWXY2NG5SZz09&lelang=MWlwYTB0dGlCQVV5WWFHbnJoNmordz09&nomor_lelang=QA%2F06%2F26-ORD1:8071
[  819403ms] [LOG] Connected @ https://phbidlautdemo.prahu-hub.com/lelang/carirute?from=search&id_user=SWd1aUR1aGpzOUlWbVpaWXY2NG5SZz09&lelang=MWlwYTB0dGlCQVV5WWFHbnJoNmordz09&nomor_lelang=QA%2F06%2F26-ORD1:8071
[  820311ms] [LOG] document loaded @ https://phbidlautdemo.prahu-hub.com/lelang/carirute?from=search&id_user=SWd1aUR1aGpzOUlWbVpaWXY2NG5SZz09&lelang=MWlwYTB0dGlCQVV5WWFHbnJoNmordz09&nomor_lelang=QA%2F06%2F26-ORD1:6110
[  820333ms] [LOG] 200 xhrglobal @ https://phbidlautdemo.prahu-hub.com/lelang/carirute?from=search&id_user=SWd1aUR1aGpzOUlWbVpaWXY2NG5SZz09&lelang=MWlwYTB0dGlCQVV5WWFHbnJoNmordz09&nomor_lelang=QA%2F06%2F26-ORD1:7952
[  820334ms] [LOG] 200 xhrglobal @ https://phbidlautdemo.prahu-hub.com/lelang/carirute?from=search&id_user=SWd1aUR1aGpzOUlWbVpaWXY2NG5SZz09&lelang=MWlwYTB0dGlCQVV5WWFHbnJoNmordz09&nomor_lelang=QA%2F06%2F26-ORD1:7952
[  820472ms] TypeError: $(...).DataTable is not a function
    at https://phbidlautdemo.prahu-hub.com/_resources/themes/prahutheme/js/scripts-init/tables.js:7:23
[  834376ms] [LOG] Connected @ https://phbidlautdemo.prahu-hub.com/lelang/carirute?from=search&id_user=SWd1aUR1aGpzOUlWbVpaWXY2NG5SZz09&lelang=MWlwYTB0dGlCQVV5WWFHbnJoNmordz09&nomor_lelang=QA%2F06%2F26-ORD1:8071
[  842924ms] [LOG] Connected @ https://phbidlautdemo.prahu-hub.com/lelang/carirute?from=search&id_user=SWd1aUR1aGpzOUlWbVpaWXY2NG5SZz09&lelang=MWlwYTB0dGlCQVV5WWFHbnJoNmordz09&nomor_lelang=QA%2F06%2F26-ORD1:8071
[  843840ms] [LOG] Connected @ https://phbidlautdemo.prahu-hub.com/lelang/carirute?from=search&id_user=SWd1aUR1aGpzOUlWbVpaWXY2NG5SZz09&lelang=MWlwYTB0dGlCQVV5WWFHbnJoNmordz09&nomor_lelang=QA%2F06%2F26-ORD1:8071
[  850527ms] [LOG] updateNotif.913-935-914-906-900-876-856-820-796-795-783-764-704-689-688-685-642-641-640-639-638-635-634-633-632-631-629-628-627-626-625-624-623-622-621-614-459-123-23 @ https://phbidlautdemo.prahu-hub.com/lelang/carirute?from=search&id_user=SWd1aUR1aGpzOUlWbVpaWXY2NG5SZz09&lelang=MWlwYTB0dGlCQVV5WWFHbnJoNmordz09&nomor_lelang=QA%2F06%2F26-ORD1:8071
[  850548ms] [LOG] notif_badge_show.913-935-914-906-900-876-856-820-796-795-783-764-704-689-688-685-642-641-640-639-638-635-634-633-632-631-629-628-627-626-625-624-623-622-621-614-459-123-23 @ https://phbidlautdemo.prahu-hub.com/lelang/carirute?from=search&id_user=SWd1aUR1aGpzOUlWbVpaWXY2NG5SZz09&lelang=MWlwYTB0dGlCQVV5WWFHbnJoNmordz09&nomor_lelang=QA%2F06%2F26-ORD1:8071
[  850556ms] [LOG] update_dashboard_order_laut @ https://phbidlautdemo.prahu-hub.com/lelang/carirute?from=search&id_user=SWd1aUR1aGpzOUlWbVpaWXY2NG5SZz09&lelang=MWlwYTB0dGlCQVV5WWFHbnJoNmordz09&nomor_lelang=QA%2F06%2F26-ORD1:8071
[  852754ms] [LOG] Connected @ https://phbidlautdemo.prahu-hub.com/lelang/carirute?from=search&id_user=SWd1aUR1aGpzOUlWbVpaWXY2NG5SZz09&lelang=MWlwYTB0dGlCQVV5WWFHbnJoNmordz09&nomor_lelang=QA%2F06%2F26-ORD1:8071
[  856058ms] [LOG] Connected @ https://phbidlautdemo.prahu-hub.com/lelang/carirute?from=search&id_user=SWd1aUR1aGpzOUlWbVpaWXY2NG5SZz09&lelang=MWlwYTB0dGlCQVV5WWFHbnJoNmordz09&nomor_lelang=QA%2F06%2F26-ORD1:8071
[  856956ms] [LOG] notif_badge_show.913-935-914-906-900-876-856-820-796-795-783-764-704-689-688-685-642-641-640-639-638-635-634-633-632-631-629-628-627-626-625-624-623-622-621-614-459-123-23 @ https://phbidlautdemo.prahu-hub.com/lelang/carirute?from=search&id_user=SWd1aUR1aGpzOUlWbVpaWXY2NG5SZz09&lelang=MWlwYTB0dGlCQVV5WWFHbnJoNmordz09&nomor_lelang=QA%2F06%2F26-ORD1:8071
[  857004ms] [LOG] updateNotif.913-935-914-906-900-876-856-820-796-795-783-764-704-689-688-685-642-641-640-639-638-635-634-633-632-631-629-628-627-626-625-624-623-622-621-614-459-123-23 @ https://phbidlautdemo.prahu-hub.com/lelang/carirute?from=search&id_user=SWd1aUR1aGpzOUlWbVpaWXY2NG5SZz09&lelang=MWlwYTB0dGlCQVV5WWFHbnJoNmordz09&nomor_lelang=QA%2F06%2F26-ORD1:8071
[  857028ms] [LOG] update_dashboard_order_laut @ https://phbidlautdemo.prahu-hub.com/lelang/carirute?from=search&id_user=SWd1aUR1aGpzOUlWbVpaWXY2NG5SZz09&lelang=MWlwYTB0dGlCQVV5WWFHbnJoNmordz09&nomor_lelang=QA%2F06%2F26-ORD1:8071
[  860339ms] [LOG] Connected @ https://phbidlautdemo.prahu-hub.com/lelang/carirute?from=search&id_user=SWd1aUR1aGpzOUlWbVpaWXY2NG5SZz09&lelang=MWlwYTB0dGlCQVV5WWFHbnJoNmordz09&nomor_lelang=QA%2F06%2F26-ORD1:8071
[  882414ms] [LOG] Connected @ https://phbidlautdemo.prahu-hub.com/lelang/carirute?from=search&id_user=SWd1aUR1aGpzOUlWbVpaWXY2NG5SZz09&lelang=MWlwYTB0dGlCQVV5WWFHbnJoNmordz09&nomor_lelang=QA%2F06%2F26-ORD1:8071
[  889146ms] [LOG] Connected @ https://phbidlautdemo.prahu-hub.com/lelang/carirute?from=search&id_user=SWd1aUR1aGpzOUlWbVpaWXY2NG5SZz09&lelang=MWlwYTB0dGlCQVV5WWFHbnJoNmordz09&nomor_lelang=QA%2F06%2F26-ORD1:8071
