[    1878ms] Cannot use import statement outside a module
[    1918ms] ReferenceError: Chart is not defined
    at https://phbidlautdemo.prahu-hub.com/_resources/themes/prahutheme/js/scripts-init/charts/chartjs.js:8:13
[    2081ms] Unexpected token '<'
[    2081ms] Unexpected token '<'
[    2172ms] Uncaught TypeError: expect element to be DOM Element, but got null
    at n.init (https://cdnjs.cloudflare.com/ajax/libs/smooth-scrollbar/8.5.2/smooth-scrollbar.js:24:264)
    at <anonymous> (https://phbidlautdemo.prahu-hub.com/adminprahu/subUserAdmin:5490:14)
[    2203ms] [LOG] Pengaturan Akunnamanya @ https://phbidlautdemo.prahu-hub.com/adminprahu/subUserAdmin:2040
[    2213ms] [LOG] undefined @ https://phbidlautdemo.prahu-hub.com/adminprahu/subUserAdmin:5843
[    2213ms] [LOG] Masukkan Nama Sub User @ https://phbidlautdemo.prahu-hub.com/adminprahu/subUserAdmin:5843
[    2213ms] [LOG] Masukkan Email @ https://phbidlautdemo.prahu-hub.com/adminprahu/subUserAdmin:5843
[    2213ms] [LOG] Masukkan Bagian Staff @ https://phbidlautdemo.prahu-hub.com/adminprahu/subUserAdmin:5843
[    2214ms] [LOG] undefined @ https://phbidlautdemo.prahu-hub.com/adminprahu/subUserAdmin:5843
[    2215ms] [LOG] WebSocket connection @ https://phbidlautdemo.prahu-hub.com/adminprahu/subUserAdmin:5886
[    2215ms] [LOG] WebSocket connection attempting... @ https://phbidlautdemo.prahu-hub.com/adminprahu/subUserAdmin:5964
[    2600ms] [LOG] {datatbl: Array(12), data: Object, jumlah: 12, limit: 10, get: Object} @ https://phbidlautdemo.prahu-hub.com/_resources/themes/prahutheme/javascript/custom/subuseradmin.js?m=1787972929:386
[    2603ms] [LOG] [Object, Object, Object, Object, Object, Object, Object, Object, Object, Object, Object, Object] @ https://phbidlautdemo.prahu-hub.com/_resources/themes/prahutheme/javascript/custom/subuseradmin.js?m=1787972929:147
[    2608ms] [LOG] [Object, Object, Object, Object, Object, Object, Object, Object, Object, Object, Object, Object] @ https://phbidlautdemo.prahu-hub.com/_resources/themes/prahutheme/javascript/custom/subuseradmin.js?m=1787972929:43
[    2616ms] [LOG] 12 @ https://phbidlautdemo.prahu-hub.com/_resources/themes/prahutheme/javascript/custom/subuseradmin.js?m=1787972929:358
[    2616ms] [LOG] 12 countView1 1 pageNow 20 limitView1 @ https://phbidlautdemo.prahu-hub.com/_resources/themes/prahutheme/javascript/custom/subuseradmin.js?m=1787972929:360
[    2616ms] [LOG] 12 @ https://phbidlautdemo.prahu-hub.com/_resources/themes/prahutheme/javascript/custom/subuseradmin.js?m=1787972929:366
[    2617ms] [LOG] 12 jumlah data @ https://phbidlautdemo.prahu-hub.com/_resources/themes/prahutheme/javascript/custom/subuseradmin.js?m=1787972929:335
[    2617ms] [LOG] 1 @ https://phbidlautdemo.prahu-hub.com/_resources/themes/prahutheme/javascript/custom/subuseradmin.js?m=1787972929:337
[    2618ms] [LOG] 1 1 pageCount & pageNow @ https://phbidlautdemo.prahu-hub.com/_resources/themes/prahutheme/javascript/custom/subuseradmin.js?m=1787972929:261
[    2619ms] [LOG] 200 xhrglobal @ https://phbidlautdemo.prahu-hub.com/adminprahu/subUserAdmin:5817
[    2620ms] [LOG] ce.fn.init stepItem @ https://phbidlautdemo.prahu-hub.com/_resources/themes/prahutheme/javascript/custom/subuseradmin.js?m=1787972929:235
[    2725ms] [LOG] WebSocket connected @ https://phbidlautdemo.prahu-hub.com/adminprahu/subUserAdmin:5895
[    2728ms] [LOG] update_dashboard_order_laut @ https://phbidlautdemo.prahu-hub.com/adminprahu/subUserAdmin:5936
[    2871ms] [LOG] Connected @ https://phbidlautdemo.prahu-hub.com/adminprahu/subUserAdmin:5936
[    3063ms] [LOG] 200 xhrglobal @ https://phbidlautdemo.prahu-hub.com/adminprahu/subUserAdmin:5817
[    3121ms] [LOG] 200 xhrglobal @ https://phbidlautdemo.prahu-hub.com/adminprahu/subUserAdmin:5817
[    4219ms] TypeError: $(...).DataTable is not a function
    at https://phbidlautdemo.prahu-hub.com/_resources/themes/prahutheme/js/scripts-init/tables.js:7:23
[    7840ms] Cannot use import statement outside a module
[    7889ms] ReferenceError: Chart is not defined
    at https://phbidlautdemo.prahu-hub.com/_resources/themes/prahutheme/js/scripts-init/charts/chartjs.js:8:13
[    8333ms] Unexpected token '<'
[    8333ms] Unexpected token '<'
[    8421ms] Uncaught TypeError: expect element to be DOM Element, but got null
    at n.init (https://cdnjs.cloudflare.com/ajax/libs/smooth-scrollbar/8.5.2/smooth-scrollbar.js:24:264)
    at <anonymous> (https://phbidlautdemo.prahu-hub.com/adminprahu/tambahsubuseradmin:5765:14)
[    8434ms] [VERBOSE] [DOM] Input elements should have autocomplete attributes (suggested: "new-password"): (More info: https://goo.gl/9p2vKq) %o @ https://phbidlautdemo.prahu-hub.com/adminprahu/tambahsubuseradmin:0
[    8434ms] [VERBOSE] [DOM] Input elements should have autocomplete attributes (suggested: "new-password"): (More info: https://goo.gl/9p2vKq) %o @ https://phbidlautdemo.prahu-hub.com/adminprahu/tambahsubuseradmin:0
[    8453ms] [LOG] Pengaturan Akunnamanya @ https://phbidlautdemo.prahu-hub.com/adminprahu/tambahsubuseradmin:2039
[    8485ms] [LOG] Masukkan Email @ https://phbidlautdemo.prahu-hub.com/adminprahu/tambahsubuseradmin:6118
[    8486ms] [LOG] undefined @ https://phbidlautdemo.prahu-hub.com/adminprahu/tambahsubuseradmin:6118
[    8486ms] [LOG] undefined @ https://phbidlautdemo.prahu-hub.com/adminprahu/tambahsubuseradmin:6118
[    8486ms] [LOG] Masukkan Kata Sandi @ https://phbidlautdemo.prahu-hub.com/adminprahu/tambahsubuseradmin:6118
[    8486ms] [LOG] Masukkan Konfirmasi Kata Sandi @ https://phbidlautdemo.prahu-hub.com/adminprahu/tambahsubuseradmin:6118
[    8486ms] [LOG] Masukkan Nama Sub User @ https://phbidlautdemo.prahu-hub.com/adminprahu/tambahsubuseradmin:6118
[    8487ms] [LOG] Masukkan Bagian Staff @ https://phbidlautdemo.prahu-hub.com/adminprahu/tambahsubuseradmin:6118
[    8487ms] [LOG] 08xxxxxxxxxx @ https://phbidlautdemo.prahu-hub.com/adminprahu/tambahsubuseradmin:6118
[    8487ms] [LOG] Pilih Hak Akses User @ https://phbidlautdemo.prahu-hub.com/adminprahu/tambahsubuseradmin:6118
[    8489ms] [LOG] WebSocket connection @ https://phbidlautdemo.prahu-hub.com/adminprahu/tambahsubuseradmin:6161
[    8489ms] [LOG] WebSocket connection attempting... @ https://phbidlautdemo.prahu-hub.com/adminprahu/tambahsubuseradmin:6239
[    8652ms] [LOG] WebSocket connected @ https://phbidlautdemo.prahu-hub.com/adminprahu/tambahsubuseradmin:6170
[    8660ms] [LOG] update_dashboard_order_laut @ https://phbidlautdemo.prahu-hub.com/adminprahu/tambahsubuseradmin:6211
[    8687ms] [LOG] Connected @ https://phbidlautdemo.prahu-hub.com/adminprahu/tambahsubuseradmin:6211
[    8878ms] [LOG] 200 xhrglobal @ https://phbidlautdemo.prahu-hub.com/adminprahu/tambahsubuseradmin:6092
[    8944ms] [LOG] 200 xhrglobal @ https://phbidlautdemo.prahu-hub.com/adminprahu/tambahsubuseradmin:6092
[   10464ms] TypeError: $(...).DataTable is not a function
    at https://phbidlautdemo.prahu-hub.com/_resources/themes/prahutheme/js/scripts-init/tables.js:7:23
