[    1188ms] Cannot use import statement outside a module
[    1233ms] ReferenceError: Chart is not defined
    at https://phbidlautdemo.prahu-hub.com/_resources/themes/prahutheme/js/scripts-init/charts/chartjs.js:8:13
[    1777ms] Unexpected token '<'
[    1780ms] Unexpected token '<'
[    1884ms] Uncaught TypeError: expect element to be DOM Element, but got null
    at n.init (https://cdnjs.cloudflare.com/ajax/libs/smooth-scrollbar/8.5.2/smooth-scrollbar.js:24:264)
    at <anonymous> (https://phbidlautdemo.prahu-hub.com/adminprahu/hakaksesadmin:5419:14)
[    1917ms] [LOG] Pengaturan Akunnamanya @ https://phbidlautdemo.prahu-hub.com/adminprahu/hakaksesadmin:2040
[    1927ms] [LOG] undefined @ https://phbidlautdemo.prahu-hub.com/adminprahu/hakaksesadmin:5772
[    1927ms] [LOG] Masukkan Nama Hak Akses @ https://phbidlautdemo.prahu-hub.com/adminprahu/hakaksesadmin:5772
[    1927ms] [LOG] undefined @ https://phbidlautdemo.prahu-hub.com/adminprahu/hakaksesadmin:5772
[    1927ms] [LOG] Masukkan Nama Kemasan @ https://phbidlautdemo.prahu-hub.com/adminprahu/hakaksesadmin:5772
[    1927ms] [LOG] undefined @ https://phbidlautdemo.prahu-hub.com/adminprahu/hakaksesadmin:5772
[    1928ms] [LOG] WebSocket connection @ https://phbidlautdemo.prahu-hub.com/adminprahu/hakaksesadmin:5815
[    1929ms] [LOG] WebSocket connection attempting... @ https://phbidlautdemo.prahu-hub.com/adminprahu/hakaksesadmin:5893
[    2088ms] [LOG] WebSocket connected @ https://phbidlautdemo.prahu-hub.com/adminprahu/hakaksesadmin:5824
[    2091ms] [LOG] update_dashboard_order_laut @ https://phbidlautdemo.prahu-hub.com/adminprahu/hakaksesadmin:5865
[    2125ms] [LOG] Connected @ https://phbidlautdemo.prahu-hub.com/adminprahu/hakaksesadmin:5865
[    2217ms] [LOG] [Object, Object, Object, Object, Object, Object, Object, Object, Object, Object, Object, Object, Object, Object, Object, Object, Object, Object, Object, Object] @ https://phbidlautdemo.prahu-hub.com/_resources/themes/prahutheme/javascript/custom/hakaksesadmin.js?m=1787972929:125
[    2223ms] [LOG] 48 @ https://phbidlautdemo.prahu-hub.com/_resources/themes/prahutheme/javascript/custom/hakaksesadmin.js?m=1787972929:770
[    2224ms] [LOG] 48 countView1 1 pageNow 20 limitView1 @ https://phbidlautdemo.prahu-hub.com/_resources/themes/prahutheme/javascript/custom/hakaksesadmin.js?m=1787972929:772
[    2224ms] [LOG] 20 @ https://phbidlautdemo.prahu-hub.com/_resources/themes/prahutheme/javascript/custom/hakaksesadmin.js?m=1787972929:778
[    2224ms] [LOG] 48 jumlah data @ https://phbidlautdemo.prahu-hub.com/_resources/themes/prahutheme/javascript/custom/hakaksesadmin.js?m=1787972929:735
[    2224ms] [LOG] 3 @ https://phbidlautdemo.prahu-hub.com/_resources/themes/prahutheme/javascript/custom/hakaksesadmin.js?m=1787972929:737
[    2224ms] [LOG] 3 1 pageCount & pageNow @ https://phbidlautdemo.prahu-hub.com/_resources/themes/prahutheme/javascript/custom/hakaksesadmin.js?m=1787972929:661
[    2226ms] [LOG] 200 xhrglobal @ https://phbidlautdemo.prahu-hub.com/adminprahu/hakaksesadmin:5746
[    2226ms] [LOG] ce.fn.init stepItem @ https://phbidlautdemo.prahu-hub.com/_resources/themes/prahutheme/javascript/custom/hakaksesadmin.js?m=1787972929:635
[    2352ms] [LOG] 200 xhrglobal @ https://phbidlautdemo.prahu-hub.com/adminprahu/hakaksesadmin:5746
[    2439ms] [LOG] 200 xhrglobal @ https://phbidlautdemo.prahu-hub.com/adminprahu/hakaksesadmin:5746
[    3928ms] TypeError: $(...).DataTable is not a function
    at https://phbidlautdemo.prahu-hub.com/_resources/themes/prahutheme/js/scripts-init/tables.js:7:23
[    9026ms] [LOG] 200 xhrglobal @ https://phbidlautdemo.prahu-hub.com/adminprahu/hakaksesadmin:5746
[   15039ms] [LOG] 200 xhrglobal @ https://phbidlautdemo.prahu-hub.com/adminprahu/hakaksesadmin:5746
[   16197ms] Cannot use import statement outside a module
[   16237ms] ReferenceError: Chart is not defined
    at https://phbidlautdemo.prahu-hub.com/_resources/themes/prahutheme/js/scripts-init/charts/chartjs.js:8:13
[   16261ms] Unexpected token '<'
[   16262ms] Unexpected token '<'
[   16342ms] Uncaught TypeError: expect element to be DOM Element, but got null
    at n.init (https://cdnjs.cloudflare.com/ajax/libs/smooth-scrollbar/8.5.2/smooth-scrollbar.js:24:264)
    at <anonymous> (https://phbidlautdemo.prahu-hub.com/adminprahu/hakaksesadmin:5424:14)
[   16370ms] [LOG] Pengaturan Akunnamanya @ https://phbidlautdemo.prahu-hub.com/adminprahu/hakaksesadmin:2040
[   16378ms] [LOG] undefined @ https://phbidlautdemo.prahu-hub.com/adminprahu/hakaksesadmin:5777
[   16378ms] [LOG] Masukkan Nama Hak Akses @ https://phbidlautdemo.prahu-hub.com/adminprahu/hakaksesadmin:5777
[   16379ms] [LOG] undefined @ https://phbidlautdemo.prahu-hub.com/adminprahu/hakaksesadmin:5777
[   16379ms] [LOG] Masukkan Nama Kemasan @ https://phbidlautdemo.prahu-hub.com/adminprahu/hakaksesadmin:5777
[   16379ms] [LOG] undefined @ https://phbidlautdemo.prahu-hub.com/adminprahu/hakaksesadmin:5777
[   16379ms] [LOG] WebSocket connection @ https://phbidlautdemo.prahu-hub.com/adminprahu/hakaksesadmin:5820
[   16380ms] [LOG] WebSocket connection attempting... @ https://phbidlautdemo.prahu-hub.com/adminprahu/hakaksesadmin:5898
[   16559ms] [LOG] WebSocket connected @ https://phbidlautdemo.prahu-hub.com/adminprahu/hakaksesadmin:5829
[   16563ms] [LOG] update_dashboard_order_laut @ https://phbidlautdemo.prahu-hub.com/adminprahu/hakaksesadmin:5870
[   16604ms] [LOG] Connected @ https://phbidlautdemo.prahu-hub.com/adminprahu/hakaksesadmin:5870
[   16719ms] [LOG] [Object, Object, Object, Object, Object, Object, Object, Object, Object, Object, Object, Object, Object, Object, Object, Object, Object, Object, Object, Object] @ https://phbidlautdemo.prahu-hub.com/_resources/themes/prahutheme/javascript/custom/hakaksesadmin.js?m=1787972929:125
[   16726ms] [LOG] 47 @ https://phbidlautdemo.prahu-hub.com/_resources/themes/prahutheme/javascript/custom/hakaksesadmin.js?m=1787972929:770
[   16727ms] [LOG] 47 countView1 1 pageNow 20 limitView1 @ https://phbidlautdemo.prahu-hub.com/_resources/themes/prahutheme/javascript/custom/hakaksesadmin.js?m=1787972929:772
[   16727ms] [LOG] 20 @ https://phbidlautdemo.prahu-hub.com/_resources/themes/prahutheme/javascript/custom/hakaksesadmin.js?m=1787972929:778
[   16727ms] [LOG] 47 jumlah data @ https://phbidlautdemo.prahu-hub.com/_resources/themes/prahutheme/javascript/custom/hakaksesadmin.js?m=1787972929:735
[   16727ms] [LOG] 3 @ https://phbidlautdemo.prahu-hub.com/_resources/themes/prahutheme/javascript/custom/hakaksesadmin.js?m=1787972929:737
[   16727ms] [LOG] 3 1 pageCount & pageNow @ https://phbidlautdemo.prahu-hub.com/_resources/themes/prahutheme/javascript/custom/hakaksesadmin.js?m=1787972929:661
[   16728ms] [LOG] 200 xhrglobal @ https://phbidlautdemo.prahu-hub.com/adminprahu/hakaksesadmin:5751
[   16729ms] [LOG] ce.fn.init stepItem @ https://phbidlautdemo.prahu-hub.com/_resources/themes/prahutheme/javascript/custom/hakaksesadmin.js?m=1787972929:635
[   16837ms] [LOG] 200 xhrglobal @ https://phbidlautdemo.prahu-hub.com/adminprahu/hakaksesadmin:5751
[   16900ms] [LOG] 200 xhrglobal @ https://phbidlautdemo.prahu-hub.com/adminprahu/hakaksesadmin:5751
[   18382ms] TypeError: $(...).DataTable is not a function
    at https://phbidlautdemo.prahu-hub.com/_resources/themes/prahutheme/js/scripts-init/tables.js:7:23
