[    2445ms] Cannot use import statement outside a module
[    2464ms] ReferenceError: Chart is not defined
    at https://phbidlautdemo.prahu-hub.com/_resources/themes/prahutheme/js/scripts-init/charts/chartjs.js:8:13
[    2637ms] Unexpected token '<'
[    2917ms] Unexpected token '<'
[    3092ms] [LOG] BATAS NORMAL POSISI TRACKING CODING EERO DI ATAS DIANGAGGAP GAK ADA  @ https://phbidlautdemo.prahu-hub.com/order/posisitracking/eEw1RzF5cXQ3dSs0ZGg5Vk1kdThsUT09:7278
[    3145ms] Uncaught TypeError: expect element to be DOM Element, but got null
    at <anonymous> (https://cdnjs.cloudflare.com/ajax/libs/smooth-scrollbar/8.5.2/smooth-scrollbar.js:24:264)
    at <anonymous> (https://phbidlautdemo.prahu-hub.com/order/posisitracking/eEw1RzF5cXQ3dSs0ZGg5Vk1kdThsUT09:10046:14)
[    3172ms] [LOG] Penugasan Trackingnamanya @ https://phbidlautdemo.prahu-hub.com/order/posisitracking/eEw1RzF5cXQ3dSs0ZGg5Vk1kdThsUT09:2039
[    3194ms] [LOG] undefined @ https://phbidlautdemo.prahu-hub.com/order/posisitracking/eEw1RzF5cXQ3dSs0ZGg5Vk1kdThsUT09:10399
[    3194ms] [LOG] undefined @ https://phbidlautdemo.prahu-hub.com/order/posisitracking/eEw1RzF5cXQ3dSs0ZGg5Vk1kdThsUT09:10399
[    3194ms] [LOG] undefined @ https://phbidlautdemo.prahu-hub.com/order/posisitracking/eEw1RzF5cXQ3dSs0ZGg5Vk1kdThsUT09:10399
[    3195ms] [LOG] undefined @ https://phbidlautdemo.prahu-hub.com/order/posisitracking/eEw1RzF5cXQ3dSs0ZGg5Vk1kdThsUT09:10399
[    3195ms] [LOG] 08xxxxxx @ https://phbidlautdemo.prahu-hub.com/order/posisitracking/eEw1RzF5cXQ3dSs0ZGg5Vk1kdThsUT09:10399
[    3195ms] [LOG] undefined @ https://phbidlautdemo.prahu-hub.com/order/posisitracking/eEw1RzF5cXQ3dSs0ZGg5Vk1kdThsUT09:10399
[    3195ms] [LOG] 08xxxxxx @ https://phbidlautdemo.prahu-hub.com/order/posisitracking/eEw1RzF5cXQ3dSs0ZGg5Vk1kdThsUT09:10399
[    3195ms] [LOG] undefined @ https://phbidlautdemo.prahu-hub.com/order/posisitracking/eEw1RzF5cXQ3dSs0ZGg5Vk1kdThsUT09:10399
[    3195ms] [LOG] 08xxxxxx @ https://phbidlautdemo.prahu-hub.com/order/posisitracking/eEw1RzF5cXQ3dSs0ZGg5Vk1kdThsUT09:10399
[    3195ms] [LOG] undefined @ https://phbidlautdemo.prahu-hub.com/order/posisitracking/eEw1RzF5cXQ3dSs0ZGg5Vk1kdThsUT09:10399
[    3196ms] [LOG] 08xxxxxx @ https://phbidlautdemo.prahu-hub.com/order/posisitracking/eEw1RzF5cXQ3dSs0ZGg5Vk1kdThsUT09:10399
[    3196ms] [LOG] undefined @ https://phbidlautdemo.prahu-hub.com/order/posisitracking/eEw1RzF5cXQ3dSs0ZGg5Vk1kdThsUT09:10399
[    3196ms] [LOG] 08xxxxxx @ https://phbidlautdemo.prahu-hub.com/order/posisitracking/eEw1RzF5cXQ3dSs0ZGg5Vk1kdThsUT09:10399
[    3196ms] [LOG] undefined @ https://phbidlautdemo.prahu-hub.com/order/posisitracking/eEw1RzF5cXQ3dSs0ZGg5Vk1kdThsUT09:10399
[    3196ms] [LOG] 08xxxxxx @ https://phbidlautdemo.prahu-hub.com/order/posisitracking/eEw1RzF5cXQ3dSs0ZGg5Vk1kdThsUT09:10399
[    3196ms] [LOG] undefined @ https://phbidlautdemo.prahu-hub.com/order/posisitracking/eEw1RzF5cXQ3dSs0ZGg5Vk1kdThsUT09:10399
[    3196ms] [LOG] undefined @ https://phbidlautdemo.prahu-hub.com/order/posisitracking/eEw1RzF5cXQ3dSs0ZGg5Vk1kdThsUT09:10399
[    3197ms] [LOG] undefined @ https://phbidlautdemo.prahu-hub.com/order/posisitracking/eEw1RzF5cXQ3dSs0ZGg5Vk1kdThsUT09:10399
[    3197ms] [LOG] undefined @ https://phbidlautdemo.prahu-hub.com/order/posisitracking/eEw1RzF5cXQ3dSs0ZGg5Vk1kdThsUT09:10399
[    3197ms] [LOG] undefined @ https://phbidlautdemo.prahu-hub.com/order/posisitracking/eEw1RzF5cXQ3dSs0ZGg5Vk1kdThsUT09:10399
[    3197ms] [LOG] undefined @ https://phbidlautdemo.prahu-hub.com/order/posisitracking/eEw1RzF5cXQ3dSs0ZGg5Vk1kdThsUT09:10399
[    3197ms] [LOG] 08xxxxxxx @ https://phbidlautdemo.prahu-hub.com/order/posisitracking/eEw1RzF5cXQ3dSs0ZGg5Vk1kdThsUT09:10399
[    3199ms] [LOG] WebSocket connection @ https://phbidlautdemo.prahu-hub.com/order/posisitracking/eEw1RzF5cXQ3dSs0ZGg5Vk1kdThsUT09:10442
[    3199ms] [LOG] WebSocket connection attempting... @ https://phbidlautdemo.prahu-hub.com/order/posisitracking/eEw1RzF5cXQ3dSs0ZGg5Vk1kdThsUT09:10520
[    3483ms] [LOG] WebSocket connected @ https://phbidlautdemo.prahu-hub.com/order/posisitracking/eEw1RzF5cXQ3dSs0ZGg5Vk1kdThsUT09:10451
[    3489ms] [LOG] update_dashboard_order_laut @ https://phbidlautdemo.prahu-hub.com/order/posisitracking/eEw1RzF5cXQ3dSs0ZGg5Vk1kdThsUT09:10492
[    3517ms] [LOG] Connected @ https://phbidlautdemo.prahu-hub.com/order/posisitracking/eEw1RzF5cXQ3dSs0ZGg5Vk1kdThsUT09:10492
[    3673ms] [LOG] 200 xhrglobal @ https://phbidlautdemo.prahu-hub.com/order/posisitracking/eEw1RzF5cXQ3dSs0ZGg5Vk1kdThsUT09:10373
[    3743ms] [LOG] 200 xhrglobal @ https://phbidlautdemo.prahu-hub.com/order/posisitracking/eEw1RzF5cXQ3dSs0ZGg5Vk1kdThsUT09:10373
[    5188ms] TypeError: $(...).DataTable is not a function
    at https://phbidlautdemo.prahu-hub.com/_resources/themes/prahutheme/js/scripts-init/tables.js:7:23
