[    2839ms] Cannot use import statement outside a module
[    2865ms] ReferenceError: Chart is not defined
    at https://phbidlautdemo.prahu-hub.com/_resources/themes/prahutheme/js/scripts-init/charts/chartjs.js:8:13
[    2866ms] Unexpected token '<'
[    2870ms] Unexpected token '<'
[    2951ms] Uncaught TypeError: expect element to be DOM Element, but got null
    at n.init (https://cdnjs.cloudflare.com/ajax/libs/smooth-scrollbar/8.5.2/smooth-scrollbar.js:24:264)
    at <anonymous> (https://phbidlautdemo.prahu-hub.com/adminprahu/masterbank:5221:14)
[    2992ms] [LOG] Masternamanya @ https://phbidlautdemo.prahu-hub.com/adminprahu/masterbank:2040
[    3001ms] [LOG] undefined @ https://phbidlautdemo.prahu-hub.com/adminprahu/masterbank:5574
[    3002ms] [LOG] Masukkan Nama Bank @ https://phbidlautdemo.prahu-hub.com/adminprahu/masterbank:5574
[    3002ms] [LOG] undefined @ https://phbidlautdemo.prahu-hub.com/adminprahu/masterbank:5574
[    3002ms] [LOG] Masukkan Nama Bank @ https://phbidlautdemo.prahu-hub.com/adminprahu/masterbank:5574
[    3002ms] [LOG] undefined @ https://phbidlautdemo.prahu-hub.com/adminprahu/masterbank:5574
[    3004ms] [LOG] WebSocket connection @ https://phbidlautdemo.prahu-hub.com/adminprahu/masterbank:5617
[    3004ms] [LOG] WebSocket connection attempting... @ https://phbidlautdemo.prahu-hub.com/adminprahu/masterbank:5695
[    3220ms] [LOG] 9 @ https://phbidlautdemo.prahu-hub.com/_resources/themes/prahutheme/javascript/custom/masterbank.js?m=1787972929:443
[    3220ms] [LOG] 9 countView1 1 pageNow 20 limitView1 @ https://phbidlautdemo.prahu-hub.com/_resources/themes/prahutheme/javascript/custom/masterbank.js?m=1787972929:446
[    3220ms] [LOG] 9 jumlah data @ https://phbidlautdemo.prahu-hub.com/_resources/themes/prahutheme/javascript/custom/masterbank.js?m=1787972929:400
[    3220ms] [LOG] 1 @ https://phbidlautdemo.prahu-hub.com/_resources/themes/prahutheme/javascript/custom/masterbank.js?m=1787972929:402
[    3221ms] [LOG] 1 1 pageCount & pageNow @ https://phbidlautdemo.prahu-hub.com/_resources/themes/prahutheme/javascript/custom/masterbank.js?m=1787972929:327
[    3224ms] [LOG] 200 xhrglobal @ https://phbidlautdemo.prahu-hub.com/adminprahu/masterbank:5548
[    3270ms] [LOG] WebSocket connected @ https://phbidlautdemo.prahu-hub.com/adminprahu/masterbank:5626
[    3274ms] [LOG] update_dashboard_order_laut @ https://phbidlautdemo.prahu-hub.com/adminprahu/masterbank:5667
[    3341ms] [LOG] Connected @ https://phbidlautdemo.prahu-hub.com/adminprahu/masterbank:5667
[    3458ms] [LOG] 200 xhrglobal @ https://phbidlautdemo.prahu-hub.com/adminprahu/masterbank:5548
[    3510ms] [LOG] 200 xhrglobal @ https://phbidlautdemo.prahu-hub.com/adminprahu/masterbank:5548
[    5001ms] TypeError: $(...).DataTable is not a function
    at https://phbidlautdemo.prahu-hub.com/_resources/themes/prahutheme/js/scripts-init/tables.js:7:23
[    6839ms] [LOG] 6 @ https://phbidlautdemo.prahu-hub.com/_resources/themes/prahutheme/javascript/custom/masterbank.js?m=1787972929:271
[    7023ms] [WARNING] SweetAlert2: Unknown parameter "confirmButtonClass" @ https://phbidlautdemo.prahu-hub.com/_resources/themes/prahutheme/js/sweetalert2.all.min.js:0
[    7039ms] [LOG] 200 xhrglobal @ https://phbidlautdemo.prahu-hub.com/adminprahu/masterbank:5548
[  128404ms] [LOG] WebSocket closed @ https://phbidlautdemo.prahu-hub.com/adminprahu/masterbank:5620
[  128405ms] [LOG] Reconnecting in 2 seconds... @ https://phbidlautdemo.prahu-hub.com/adminprahu/masterbank:5704
[  130408ms] [LOG] WebSocket connection @ https://phbidlautdemo.prahu-hub.com/adminprahu/masterbank:5617
[  130408ms] [LOG] WebSocket connection attempting... @ https://phbidlautdemo.prahu-hub.com/adminprahu/masterbank:5695
[  131215ms] [LOG] WebSocket connected @ https://phbidlautdemo.prahu-hub.com/adminprahu/masterbank:5626
[  131220ms] [LOG] update_dashboard_order_laut @ https://phbidlautdemo.prahu-hub.com/adminprahu/masterbank:5667
[  131465ms] [LOG] Connected @ https://phbidlautdemo.prahu-hub.com/adminprahu/masterbank:5667
[  131548ms] [LOG] 200 xhrglobal @ https://phbidlautdemo.prahu-hub.com/adminprahu/masterbank:5548
[  131612ms] [LOG] 200 xhrglobal @ https://phbidlautdemo.prahu-hub.com/adminprahu/masterbank:5548
