[     957ms] Cannot use import statement outside a module
[     999ms] ReferenceError: Chart is not defined
    at https://phbidlautdemo.prahu-hub.com/_resources/themes/prahutheme/js/scripts-init/charts/chartjs.js:8:13
[    1153ms] Unexpected token '<'
[    1155ms] Unexpected token '<'
[    1357ms] Unexpected token '<'
[    1363ms] [LOG] WebSocket mbconn @ https://phbidlautdemo.prahu-hub.com/home/dashboardorder/?tgl_awal=01%2F08%2F2026&tgl_akhir=30%2F08%2F2026&BidOwnerID=123:5661
[    1364ms] [LOG] on going... @ https://phbidlautdemo.prahu-hub.com/home/dashboardorder/?tgl_awal=01%2F08%2F2026&tgl_akhir=30%2F08%2F2026&BidOwnerID=123:5683
[    1429ms] Uncaught TypeError: expect element to be DOM Element, but got null
    at <anonymous> (https://cdnjs.cloudflare.com/ajax/libs/smooth-scrollbar/8.5.2/smooth-scrollbar.js:24:264)
    at <anonymous> (https://phbidlautdemo.prahu-hub.com/home/dashboardorder/?tgl_awal=01%2F08%2F2026&tgl_akhir=30%2F08%2F2026&BidOwnerID=123:6360:14)
[    1470ms] [LOG] DASHBOARDnamanya @ https://phbidlautdemo.prahu-hub.com/home/dashboardorder/?tgl_awal=01%2F08%2F2026&tgl_akhir=30%2F08%2F2026&BidOwnerID=123:2040
[    1525ms] [LOG] 01/08/2026 @ https://phbidlautdemo.prahu-hub.com/home/dashboardorder/?tgl_awal=01%2F08%2F2026&tgl_akhir=30%2F08%2F2026&BidOwnerID=123:5623
[    1525ms] [LOG] 30/08/2026 @ https://phbidlautdemo.prahu-hub.com/home/dashboardorder/?tgl_awal=01%2F08%2F2026&tgl_akhir=30%2F08%2F2026&BidOwnerID=123:5624
[    1571ms] [LOG] DD/MM/YYYY @ https://phbidlautdemo.prahu-hub.com/home/dashboardorder/?tgl_awal=01%2F08%2F2026&tgl_akhir=30%2F08%2F2026&BidOwnerID=123:6713
[    1572ms] [LOG] DD/MM/YYYY @ https://phbidlautdemo.prahu-hub.com/home/dashboardorder/?tgl_awal=01%2F08%2F2026&tgl_akhir=30%2F08%2F2026&BidOwnerID=123:6713
[    1573ms] [LOG] undefined @ https://phbidlautdemo.prahu-hub.com/home/dashboardorder/?tgl_awal=01%2F08%2F2026&tgl_akhir=30%2F08%2F2026&BidOwnerID=123:6713
[    1575ms] [LOG] WebSocket connection @ https://phbidlautdemo.prahu-hub.com/home/dashboardorder/?tgl_awal=01%2F08%2F2026&tgl_akhir=30%2F08%2F2026&BidOwnerID=123:6756
[    1575ms] [LOG] WebSocket connection attempting... @ https://phbidlautdemo.prahu-hub.com/home/dashboardorder/?tgl_awal=01%2F08%2F2026&tgl_akhir=30%2F08%2F2026&BidOwnerID=123:6834
[    1612ms] [LOG] konak @ https://phbidlautdemo.prahu-hub.com/home/dashboardorder/?tgl_awal=01%2F08%2F2026&tgl_akhir=30%2F08%2F2026&BidOwnerID=123:5672
[    1617ms] [LOG] 200 xhrglobal @ https://phbidlautdemo.prahu-hub.com/home/dashboardorder/?tgl_awal=01%2F08%2F2026&tgl_akhir=30%2F08%2F2026&BidOwnerID=123:6687
[    1629ms] [LOG] update_dashboard_order_laut mbdebug @ https://phbidlautdemo.prahu-hub.com/home/dashboardorder/?tgl_awal=01%2F08%2F2026&tgl_akhir=30%2F08%2F2026&BidOwnerID=123:5678
[    1634ms] [LOG] 200 xhrglobal @ https://phbidlautdemo.prahu-hub.com/home/dashboardorder/?tgl_awal=01%2F08%2F2026&tgl_akhir=30%2F08%2F2026&BidOwnerID=123:6687
[    1759ms] [LOG] Connected mbdebug @ https://phbidlautdemo.prahu-hub.com/home/dashboardorder/?tgl_awal=01%2F08%2F2026&tgl_akhir=30%2F08%2F2026&BidOwnerID=123:5678
[    1763ms] [LOG] 0 sukses setelah pagination attr jumlah data @ https://phbidlautdemo.prahu-hub.com/_resources/themes/prahutheme/javascript/custom/dashboardorder.js?m=1787972929:301
[    1764ms] [LOG] [] @ https://phbidlautdemo.prahu-hub.com/_resources/themes/prahutheme/javascript/custom/dashboardorder.js?m=1787972929:14
[    1765ms] [LOG] 200 xhrglobal @ https://phbidlautdemo.prahu-hub.com/home/dashboardorder/?tgl_awal=01%2F08%2F2026&tgl_akhir=30%2F08%2F2026&BidOwnerID=123:6687
[    1771ms] [LOG] WebSocket connected @ https://phbidlautdemo.prahu-hub.com/home/dashboardorder/?tgl_awal=01%2F08%2F2026&tgl_akhir=30%2F08%2F2026&BidOwnerID=123:6765
[    1775ms] [LOG] update_dashboard_order_laut @ https://phbidlautdemo.prahu-hub.com/home/dashboardorder/?tgl_awal=01%2F08%2F2026&tgl_akhir=30%2F08%2F2026&BidOwnerID=123:6806
[    1803ms] [LOG] Connected mbdebug @ https://phbidlautdemo.prahu-hub.com/home/dashboardorder/?tgl_awal=01%2F08%2F2026&tgl_akhir=30%2F08%2F2026&BidOwnerID=123:5678
[    1803ms] [LOG] Connected @ https://phbidlautdemo.prahu-hub.com/home/dashboardorder/?tgl_awal=01%2F08%2F2026&tgl_akhir=30%2F08%2F2026&BidOwnerID=123:6806
[    1837ms] [LOG] 200 xhrglobal @ https://phbidlautdemo.prahu-hub.com/home/dashboardorder/?tgl_awal=01%2F08%2F2026&tgl_akhir=30%2F08%2F2026&BidOwnerID=123:6687
[    1912ms] [LOG] 0 sukses setelah pagination attr jumlah data @ https://phbidlautdemo.prahu-hub.com/_resources/themes/prahutheme/javascript/custom/dashboardorder.js?m=1787972929:301
[    1912ms] [LOG] [] @ https://phbidlautdemo.prahu-hub.com/_resources/themes/prahutheme/javascript/custom/dashboardorder.js?m=1787972929:14
[    1914ms] [LOG] 200 xhrglobal @ https://phbidlautdemo.prahu-hub.com/home/dashboardorder/?tgl_awal=01%2F08%2F2026&tgl_akhir=30%2F08%2F2026&BidOwnerID=123:6687
[    1980ms] [LOG] 200 xhrglobal @ https://phbidlautdemo.prahu-hub.com/home/dashboardorder/?tgl_awal=01%2F08%2F2026&tgl_akhir=30%2F08%2F2026&BidOwnerID=123:6687
[    2035ms] [LOG] 200 xhrglobal @ https://phbidlautdemo.prahu-hub.com/home/dashboardorder/?tgl_awal=01%2F08%2F2026&tgl_akhir=30%2F08%2F2026&BidOwnerID=123:6687
[    2167ms] [LOG] 0 sukses setelah pagination attr jumlah data @ https://phbidlautdemo.prahu-hub.com/_resources/themes/prahutheme/javascript/custom/dashboardorder.js?m=1787972929:301
[    2168ms] [LOG] [] @ https://phbidlautdemo.prahu-hub.com/_resources/themes/prahutheme/javascript/custom/dashboardorder.js?m=1787972929:14
[    2171ms] [LOG] 200 xhrglobal @ https://phbidlautdemo.prahu-hub.com/home/dashboardorder/?tgl_awal=01%2F08%2F2026&tgl_akhir=30%2F08%2F2026&BidOwnerID=123:6687
[    2172ms] [LOG] 0 jumlah data @ https://phbidlautdemo.prahu-hub.com/_resources/themes/prahutheme/javascript/custom/dashboardorder.js?m=1787972929:200
[    2172ms] [LOG] 0 page jumlah @ https://phbidlautdemo.prahu-hub.com/_resources/themes/prahutheme/javascript/custom/dashboardorder.js?m=1787972929:202
[    2174ms] [LOG] 0 1 pageCount & pageNow @ https://phbidlautdemo.prahu-hub.com/_resources/themes/prahutheme/javascript/custom/dashboardorder.js?m=1787972929:130
[    2175ms] [LOG] 0 @ https://phbidlautdemo.prahu-hub.com/_resources/themes/prahutheme/javascript/custom/dashboardorder.js?m=1787972929:238
[    2176ms] [LOG] 0 jumlah data di info @ https://phbidlautdemo.prahu-hub.com/_resources/themes/prahutheme/javascript/custom/dashboardorder.js?m=1787972929:239
[    2177ms] [LOG] 0 jumlah data @ https://phbidlautdemo.prahu-hub.com/_resources/themes/prahutheme/javascript/custom/dashboardorder.js?m=1787972929:200
[    2177ms] [LOG] 0 page jumlah @ https://phbidlautdemo.prahu-hub.com/_resources/themes/prahutheme/javascript/custom/dashboardorder.js?m=1787972929:202
[    2178ms] [LOG] 0 1 pageCount & pageNow @ https://phbidlautdemo.prahu-hub.com/_resources/themes/prahutheme/javascript/custom/dashboardorder.js?m=1787972929:130
[    2179ms] [LOG] 0 @ https://phbidlautdemo.prahu-hub.com/_resources/themes/prahutheme/javascript/custom/dashboardorder.js?m=1787972929:238
[    2180ms] [LOG] 0 jumlah data di info @ https://phbidlautdemo.prahu-hub.com/_resources/themes/prahutheme/javascript/custom/dashboardorder.js?m=1787972929:239
[    3484ms] TypeError: $(...).DataTable is not a function
    at https://phbidlautdemo.prahu-hub.com/_resources/themes/prahutheme/js/scripts-init/tables.js:7:23
[   16928ms] [LOG] Connected mbdebug @ https://phbidlautdemo.prahu-hub.com/home/dashboardorder/?tgl_awal=01%2F08%2F2026&tgl_akhir=30%2F08%2F2026&BidOwnerID=123:5678
[   16931ms] [LOG] Connected @ https://phbidlautdemo.prahu-hub.com/home/dashboardorder/?tgl_awal=01%2F08%2F2026&tgl_akhir=30%2F08%2F2026&BidOwnerID=123:6806
[   23241ms] [LOG] Connected mbdebug @ https://phbidlautdemo.prahu-hub.com/home/dashboardorder/?tgl_awal=01%2F08%2F2026&tgl_akhir=30%2F08%2F2026&BidOwnerID=123:5678
[   23242ms] [LOG] Connected @ https://phbidlautdemo.prahu-hub.com/home/dashboardorder/?tgl_awal=01%2F08%2F2026&tgl_akhir=30%2F08%2F2026&BidOwnerID=123:6806
