[     998ms] Cannot use import statement outside a module
[    1026ms] ReferenceError: Chart is not defined
    at https://phbidlautdemo.prahu-hub.com/_resources/themes/prahutheme/js/scripts-init/charts/chartjs.js:8:13
[    1182ms] Unexpected token '<'
[    1186ms] Unexpected token '<'
[    1212ms] Uncaught TypeError: expect element to be DOM Element, but got null
    at n.init (https://cdnjs.cloudflare.com/ajax/libs/smooth-scrollbar/8.5.2/smooth-scrollbar.js:24:264)
    at <anonymous> (https://phbidlautdemo.prahu-hub.com/order/buatinvoice/1403:6698:14)
[    1228ms] [LOG] Daftar Ordernamanya @ https://phbidlautdemo.prahu-hub.com/order/buatinvoice/1403:2039
[    1253ms] [LOG] nilai_diskon 0 @ https://phbidlautdemo.prahu-hub.com/order/buatinvoice/1403:5846
[    1254ms] [LOG] 12855252 @ https://phbidlautdemo.prahu-hub.com/order/buatinvoice/1403:5847
[    1255ms] [LOG] nilai_diskon 0 @ https://phbidlautdemo.prahu-hub.com/order/buatinvoice/1403:5846
[    1255ms] [LOG] 12855252 @ https://phbidlautdemo.prahu-hub.com/order/buatinvoice/1403:5847
[    1256ms] [LOG] nilai_diskon 0 @ https://phbidlautdemo.prahu-hub.com/order/buatinvoice/1403:5846
[    1256ms] [LOG] 12855252 @ https://phbidlautdemo.prahu-hub.com/order/buatinvoice/1403:5847
[    1256ms] [LOG] nilai_diskon 0 @ https://phbidlautdemo.prahu-hub.com/order/buatinvoice/1403:5846
[    1256ms] [LOG] 12855252 @ https://phbidlautdemo.prahu-hub.com/order/buatinvoice/1403:5847
[    1263ms] [LOG] undefined @ https://phbidlautdemo.prahu-hub.com/order/buatinvoice/1403:7051
[    1263ms] [LOG] undefined @ https://phbidlautdemo.prahu-hub.com/order/buatinvoice/1403:7051
[    1263ms] [LOG] undefined @ https://phbidlautdemo.prahu-hub.com/order/buatinvoice/1403:7051
[    1263ms] [LOG] Masukkan Nama Perusahaan @ https://phbidlautdemo.prahu-hub.com/order/buatinvoice/1403:7051
[    1263ms] [LOG] Masukkan Nomor Telepon @ https://phbidlautdemo.prahu-hub.com/order/buatinvoice/1403:7051
[    1264ms] [LOG] Masukkan Alamat Email @ https://phbidlautdemo.prahu-hub.com/order/buatinvoice/1403:7051
[    1264ms] [LOG] Masukkan Nama Shipper @ https://phbidlautdemo.prahu-hub.com/order/buatinvoice/1403:7051
[    1264ms] [LOG] Masukkan ID Order @ https://phbidlautdemo.prahu-hub.com/order/buatinvoice/1403:7051
[    1264ms] [LOG] Masukkan Nomor Invoice @ https://phbidlautdemo.prahu-hub.com/order/buatinvoice/1403:7051
[    1264ms] [LOG] DD/MM/YYYY @ https://phbidlautdemo.prahu-hub.com/order/buatinvoice/1403:7051
[    1264ms] [LOG] DD/MM/YYYY @ https://phbidlautdemo.prahu-hub.com/order/buatinvoice/1403:7051
[    1264ms] [LOG] Harga @ https://phbidlautdemo.prahu-hub.com/order/buatinvoice/1403:7051
[    1265ms] [LOG] Harga @ https://phbidlautdemo.prahu-hub.com/order/buatinvoice/1403:7051
[    1265ms] [LOG] Harga @ https://phbidlautdemo.prahu-hub.com/order/buatinvoice/1403:7051
[    1265ms] [LOG] Harga @ https://phbidlautdemo.prahu-hub.com/order/buatinvoice/1403:7051
[    1265ms] [LOG] Harga @ https://phbidlautdemo.prahu-hub.com/order/buatinvoice/1403:7051
[    1265ms] [LOG] Harga @ https://phbidlautdemo.prahu-hub.com/order/buatinvoice/1403:7051
[    1265ms] [LOG] 0 @ https://phbidlautdemo.prahu-hub.com/order/buatinvoice/1403:7051
[    1265ms] [LOG] undefined @ https://phbidlautdemo.prahu-hub.com/order/buatinvoice/1403:7051
[    1265ms] [LOG] 0 @ https://phbidlautdemo.prahu-hub.com/order/buatinvoice/1403:7051
[    1265ms] [LOG] undefined @ https://phbidlautdemo.prahu-hub.com/order/buatinvoice/1403:7051
[    1265ms] [LOG] 0 @ https://phbidlautdemo.prahu-hub.com/order/buatinvoice/1403:7051
[    1266ms] [LOG] undefined @ https://phbidlautdemo.prahu-hub.com/order/buatinvoice/1403:7051
[    1266ms] [LOG] undefined @ https://phbidlautdemo.prahu-hub.com/order/buatinvoice/1403:7051
[    1266ms] [LOG] Masukkan Nomor Rekening @ https://phbidlautdemo.prahu-hub.com/order/buatinvoice/1403:7051
[    1266ms] [LOG] Masukkan Nama Bank @ https://phbidlautdemo.prahu-hub.com/order/buatinvoice/1403:7051
[    1266ms] [LOG] Masukkan Nomor Invoice @ https://phbidlautdemo.prahu-hub.com/order/buatinvoice/1403:7051
[    1266ms] [LOG] Masukkan Nomor Rekening @ https://phbidlautdemo.prahu-hub.com/order/buatinvoice/1403:7051
[    1266ms] [LOG] Masukkan Nama Bank @ https://phbidlautdemo.prahu-hub.com/order/buatinvoice/1403:7051
[    1266ms] [LOG] Masukkan Nomor Invoice @ https://phbidlautdemo.prahu-hub.com/order/buatinvoice/1403:7051
[    1267ms] [LOG] undefined @ https://phbidlautdemo.prahu-hub.com/order/buatinvoice/1403:7051
[    1267ms] [LOG] undefined @ https://phbidlautdemo.prahu-hub.com/order/buatinvoice/1403:7051
[    1267ms] [LOG] undefined @ https://phbidlautdemo.prahu-hub.com/order/buatinvoice/1403:7051
[    1268ms] [LOG] WebSocket connection @ https://phbidlautdemo.prahu-hub.com/order/buatinvoice/1403:7094
[    1268ms] [LOG] WebSocket connection attempting... @ https://phbidlautdemo.prahu-hub.com/order/buatinvoice/1403:7172
[    1372ms] [LOG] WebSocket connected @ https://phbidlautdemo.prahu-hub.com/order/buatinvoice/1403:7103
[    1374ms] [LOG] update_dashboard_order_laut @ https://phbidlautdemo.prahu-hub.com/order/buatinvoice/1403:7144
[    1400ms] [LOG] Connected @ https://phbidlautdemo.prahu-hub.com/order/buatinvoice/1403:7144
[    1484ms] [LOG] 200 xhrglobal @ https://phbidlautdemo.prahu-hub.com/order/buatinvoice/1403:7025
[    1550ms] [LOG] 200 xhrglobal @ https://phbidlautdemo.prahu-hub.com/order/buatinvoice/1403:7025
[    3243ms] TypeError: $(...).DataTable is not a function
    at https://phbidlautdemo.prahu-hub.com/_resources/themes/prahutheme/js/scripts-init/tables.js:7:23
