[     851ms] Cannot use import statement outside a module
[     855ms] ReferenceError: Chart is not defined
    at https://phbidlautdemo.prahu-hub.com/_resources/themes/prahutheme/js/scripts-init/charts/chartjs.js:8:13
[     926ms] Unexpected token '<'
[    1092ms] Unexpected token '<'
[    1154ms] [LOG] Invalid Date min @ https://phbidlautdemo.prahu-hub.com/home/dashboardpengiriman:5578
[    1155ms] [LOG] Invalid Date min @ https://phbidlautdemo.prahu-hub.com/home/dashboardpengiriman:5618
[    1155ms] [LOG] WebSocket mbconn @ https://phbidlautdemo.prahu-hub.com/home/dashboardpengiriman:5834
[    1155ms] [LOG] on going... @ https://phbidlautdemo.prahu-hub.com/home/dashboardpengiriman:5858
[    1201ms] Uncaught TypeError: expect element to be DOM Element, but got null
    at n.init (https://cdnjs.cloudflare.com/ajax/libs/smooth-scrollbar/8.5.2/smooth-scrollbar.js:24:264)
    at <anonymous> (https://phbidlautdemo.prahu-hub.com/home/dashboardpengiriman:6356:14)
[    1217ms] [LOG] DASHBOARDnamanya @ https://phbidlautdemo.prahu-hub.com/home/dashboardpengiriman:1876
[    1237ms] [LOG] DD/MM/YYYY @ https://phbidlautdemo.prahu-hub.com/home/dashboardpengiriman:6708
[    1238ms] [LOG] DD/MM/YYYY @ https://phbidlautdemo.prahu-hub.com/home/dashboardpengiriman:6708
[    1238ms] [LOG] DD/MM/YYYY @ https://phbidlautdemo.prahu-hub.com/home/dashboardpengiriman:6708
[    1239ms] [LOG] DD/MM/YYYY @ https://phbidlautdemo.prahu-hub.com/home/dashboardpengiriman:6708
[    1240ms] [LOG] WebSocket connection @ https://phbidlautdemo.prahu-hub.com/home/dashboardpengiriman:6751
[    1240ms] [LOG] WebSocket connection attempting... @ https://phbidlautdemo.prahu-hub.com/home/dashboardpengiriman:6829
[    1342ms] [LOG] konak @ https://phbidlautdemo.prahu-hub.com/home/dashboardpengiriman:5845
[    1342ms] [LOG] update_dashboard_order_laut mbdebug @ https://phbidlautdemo.prahu-hub.com/home/dashboardpengiriman:5851
[    1343ms] [LOG] update_dashboard_order_laut @ https://phbidlautdemo.prahu-hub.com/home/dashboardpengiriman:5853
[    1442ms] [LOG] 200 xhrglobal @ https://phbidlautdemo.prahu-hub.com/home/dashboardpengiriman:6682
[    1522ms] [LOG] Connected mbdebug @ https://phbidlautdemo.prahu-hub.com/home/dashboardpengiriman:5851
[    1527ms] [LOG] 200 xhrglobal @ https://phbidlautdemo.prahu-hub.com/home/dashboardpengiriman:6682
[    1533ms] [LOG] 200 xhrglobal @ https://phbidlautdemo.prahu-hub.com/home/dashboardpengiriman:6682
[    1536ms] [LOG] WebSocket connected @ https://phbidlautdemo.prahu-hub.com/home/dashboardpengiriman:6760
[    1541ms] [LOG] update_dashboard_order_laut @ https://phbidlautdemo.prahu-hub.com/home/dashboardpengiriman:6801
[    1601ms] [LOG] Connected @ https://phbidlautdemo.prahu-hub.com/home/dashboardpengiriman:6801
[    1631ms] [LOG] 200 xhrglobal @ https://phbidlautdemo.prahu-hub.com/home/dashboardpengiriman:6682
[    1674ms] [LOG] Connected mbdebug @ https://phbidlautdemo.prahu-hub.com/home/dashboardpengiriman:5851
[    1676ms] [LOG] County data successfully loaded. @ https://phbidlautdemo.prahu-hub.com/home/dashboardpengiriman:5140
[    1676ms] [LOG] [Object, Object] @ https://phbidlautdemo.prahu-hub.com/home/dashboardpengiriman:5141
[    1678ms] [LOG] 200 xhrglobal @ https://phbidlautdemo.prahu-hub.com/home/dashboardpengiriman:6682
[    1682ms] [LOG] County data successfully loaded. @ https://phbidlautdemo.prahu-hub.com/home/dashboardpengiriman:5140
[    1682ms] [LOG] [Object, Object] @ https://phbidlautdemo.prahu-hub.com/home/dashboardpengiriman:5141
[    1683ms] [LOG] 200 xhrglobal @ https://phbidlautdemo.prahu-hub.com/home/dashboardpengiriman:6682
[    1830ms] [LOG] County data successfully loaded. @ https://phbidlautdemo.prahu-hub.com/home/dashboardpengiriman:5884
[    1830ms] [LOG] aam [Object, Object] @ https://phbidlautdemo.prahu-hub.com/home/dashboardpengiriman:5886
[    1830ms] [LOG] jumnya [1, 1] @ https://phbidlautdemo.prahu-hub.com/home/dashboardpengiriman:5900
[    1837ms] [LOG] dn @ https://phbidlautdemo.prahu-hub.com/home/dashboardpengiriman:5902
[    1838ms] [LOG] 200 xhrglobal @ https://phbidlautdemo.prahu-hub.com/home/dashboardpengiriman:6682
[    2039ms] [LOG] 200 xhrglobal @ https://phbidlautdemo.prahu-hub.com/home/dashboardpengiriman:6682
[    2054ms] [LOG] County data successfully loaded. @ https://phbidlautdemo.prahu-hub.com/home/dashboardpengiriman:5884
[    2054ms] [LOG] aam [Object, Object] @ https://phbidlautdemo.prahu-hub.com/home/dashboardpengiriman:5886
[    2054ms] [LOG] jumnya [1, 1] @ https://phbidlautdemo.prahu-hub.com/home/dashboardpengiriman:5900
[    2059ms] [LOG] dn @ https://phbidlautdemo.prahu-hub.com/home/dashboardpengiriman:5902
[    2059ms] [LOG] 200 xhrglobal @ https://phbidlautdemo.prahu-hub.com/home/dashboardpengiriman:6682
[    2235ms] [LOG] 200 xhrglobal @ https://phbidlautdemo.prahu-hub.com/home/dashboardpengiriman:6682
[    3227ms] TypeError: $(...).DataTable is not a function
    at https://phbidlautdemo.prahu-hub.com/_resources/themes/prahutheme/js/scripts-init/tables.js:7:23
[   16326ms] [LOG] Connected mbdebug @ https://phbidlautdemo.prahu-hub.com/home/dashboardpengiriman:5851
[   16327ms] [LOG] Connected @ https://phbidlautdemo.prahu-hub.com/home/dashboardpengiriman:6801
