[    1070ms] Cannot use import statement outside a module
[    1101ms] ReferenceError: Chart is not defined
    at https://phbidlautdemo.prahu-hub.com/_resources/themes/prahutheme/js/scripts-init/charts/chartjs.js:8:13
[    2628ms] Unexpected token '<'
[    2632ms] Unexpected token '<'
[    2730ms] Uncaught TypeError: expect element to be DOM Element, but got null
    at n.init (https://cdnjs.cloudflare.com/ajax/libs/smooth-scrollbar/8.5.2/smooth-scrollbar.js:24:264)
    at <anonymous> (https://phbidlautdemo.prahu-hub.com/adminprahu/masterpelabuhan:7484:14)
[    2779ms] [LOG] Masternamanya @ https://phbidlautdemo.prahu-hub.com/adminprahu/masterpelabuhan:2040
[    2798ms] [LOG] undefined @ https://phbidlautdemo.prahu-hub.com/adminprahu/masterpelabuhan:7837
[    2798ms] [LOG] Masukkan UN Code @ https://phbidlautdemo.prahu-hub.com/adminprahu/masterpelabuhan:7837
[    2798ms] [LOG] Masukkan Nama Pelabuhan @ https://phbidlautdemo.prahu-hub.com/adminprahu/masterpelabuhan:7837
[    2798ms] [LOG] undefined @ https://phbidlautdemo.prahu-hub.com/adminprahu/masterpelabuhan:7837
[    2799ms] [LOG] Masukkan UN Code @ https://phbidlautdemo.prahu-hub.com/adminprahu/masterpelabuhan:7837
[    2799ms] [LOG] undefined @ https://phbidlautdemo.prahu-hub.com/adminprahu/masterpelabuhan:7837
[    2799ms] [LOG] undefined @ https://phbidlautdemo.prahu-hub.com/adminprahu/masterpelabuhan:7837
[    2799ms] [LOG] Masukkan Nama Pelabuhan @ https://phbidlautdemo.prahu-hub.com/adminprahu/masterpelabuhan:7837
[    2801ms] [LOG] WebSocket connection @ https://phbidlautdemo.prahu-hub.com/adminprahu/masterpelabuhan:7880
[    2802ms] [LOG] WebSocket connection attempting... @ https://phbidlautdemo.prahu-hub.com/adminprahu/masterpelabuhan:7958
[    3050ms] [LOG] [Object, Object, Object, Object, Object, Object, Object, Object, Object, Object, Object, Object, Object, Object, Object, Object, Object, Object, Object, Object] @ https://phbidlautdemo.prahu-hub.com/_resources/themes/prahutheme/javascript/custom/masterpelabuhan.js?m=1787972929:127
[    3058ms] [LOG] 64 @ https://phbidlautdemo.prahu-hub.com/_resources/themes/prahutheme/javascript/custom/masterpelabuhan.js?m=1787972929:844
[    3059ms] [LOG] 64 countView1 1 pageNow 20 limitView1 @ https://phbidlautdemo.prahu-hub.com/_resources/themes/prahutheme/javascript/custom/masterpelabuhan.js?m=1787972929:846
[    3059ms] [LOG] 20 @ https://phbidlautdemo.prahu-hub.com/_resources/themes/prahutheme/javascript/custom/masterpelabuhan.js?m=1787972929:857
[    3059ms] [LOG] 64 jumlah data @ https://phbidlautdemo.prahu-hub.com/_resources/themes/prahutheme/javascript/custom/masterpelabuhan.js?m=1787972929:803
[    3059ms] [LOG] 4 @ https://phbidlautdemo.prahu-hub.com/_resources/themes/prahutheme/javascript/custom/masterpelabuhan.js?m=1787972929:805
[    3060ms] [LOG] 4 1 pageCount & pageNow @ https://phbidlautdemo.prahu-hub.com/_resources/themes/prahutheme/javascript/custom/masterpelabuhan.js?m=1787972929:731
[    3062ms] [LOG] 200 xhrglobal @ https://phbidlautdemo.prahu-hub.com/adminprahu/masterpelabuhan:7811
[    3062ms] [LOG] ce.fn.init stepItem @ https://phbidlautdemo.prahu-hub.com/_resources/themes/prahutheme/javascript/custom/masterpelabuhan.js?m=1787972929:700
[    3070ms] [LOG] WebSocket connected @ https://phbidlautdemo.prahu-hub.com/adminprahu/masterpelabuhan:7889
[    3110ms] [LOG] update_dashboard_order_laut @ https://phbidlautdemo.prahu-hub.com/adminprahu/masterpelabuhan:7930
[    3111ms] [LOG] Connected @ https://phbidlautdemo.prahu-hub.com/adminprahu/masterpelabuhan:7930
[    3195ms] [LOG] 200 xhrglobal @ https://phbidlautdemo.prahu-hub.com/adminprahu/masterpelabuhan:7811
[    3258ms] [LOG] 200 xhrglobal @ https://phbidlautdemo.prahu-hub.com/adminprahu/masterpelabuhan:7811
[    4798ms] TypeError: $(...).DataTable is not a function
    at https://phbidlautdemo.prahu-hub.com/_resources/themes/prahutheme/js/scripts-init/tables.js:7:23
[    7064ms] [LOG] 200 xhrglobal @ https://phbidlautdemo.prahu-hub.com/adminprahu/masterpelabuhan:7811
