[    2349ms] Cannot use import statement outside a module
[    2390ms] ReferenceError: Chart is not defined
    at https://phbidlautdemo.prahu-hub.com/_resources/themes/prahutheme/js/scripts-init/charts/chartjs.js:8:13
[    2391ms] Unexpected token '<'
[    2392ms] Unexpected token '<'
[    2467ms] Uncaught TypeError: expect element to be DOM Element, but got null
    at n.init (https://cdnjs.cloudflare.com/ajax/libs/smooth-scrollbar/8.5.2/smooth-scrollbar.js:24:264)
    at <anonymous> (https://phbidlautdemo.prahu-hub.com/adminprahu/settingPreferenceAdmin:5679:14)
[    2493ms] [LOG] Settingsnamanya @ https://phbidlautdemo.prahu-hub.com/adminprahu/settingPreferenceAdmin:2039
[    2505ms] [LOG] undefined @ https://phbidlautdemo.prahu-hub.com/adminprahu/settingPreferenceAdmin:6032
[    2505ms] [LOG] undefined @ https://phbidlautdemo.prahu-hub.com/adminprahu/settingPreferenceAdmin:6032
[    2505ms] [LOG] undefined @ https://phbidlautdemo.prahu-hub.com/adminprahu/settingPreferenceAdmin:6032
[    2506ms] [LOG] undefined @ https://phbidlautdemo.prahu-hub.com/adminprahu/settingPreferenceAdmin:6032
[    2506ms] [LOG] undefined @ https://phbidlautdemo.prahu-hub.com/adminprahu/settingPreferenceAdmin:6032
[    2506ms] [LOG] undefined @ https://phbidlautdemo.prahu-hub.com/adminprahu/settingPreferenceAdmin:6032
[    2506ms] [LOG] undefined @ https://phbidlautdemo.prahu-hub.com/adminprahu/settingPreferenceAdmin:6032
[    2506ms] [LOG] undefined @ https://phbidlautdemo.prahu-hub.com/adminprahu/settingPreferenceAdmin:6032
[    2506ms] [LOG] undefined @ https://phbidlautdemo.prahu-hub.com/adminprahu/settingPreferenceAdmin:6032
[    2507ms] [LOG] undefined @ https://phbidlautdemo.prahu-hub.com/adminprahu/settingPreferenceAdmin:6032
[    2507ms] [LOG] undefined @ https://phbidlautdemo.prahu-hub.com/adminprahu/settingPreferenceAdmin:6032
[    2507ms] [LOG] undefined @ https://phbidlautdemo.prahu-hub.com/adminprahu/settingPreferenceAdmin:6032
[    2507ms] [LOG] undefined @ https://phbidlautdemo.prahu-hub.com/adminprahu/settingPreferenceAdmin:6032
[    2507ms] [LOG] undefined @ https://phbidlautdemo.prahu-hub.com/adminprahu/settingPreferenceAdmin:6032
[    2507ms] [LOG] undefined @ https://phbidlautdemo.prahu-hub.com/adminprahu/settingPreferenceAdmin:6032
[    2508ms] [LOG] undefined @ https://phbidlautdemo.prahu-hub.com/adminprahu/settingPreferenceAdmin:6032
[    2508ms] [LOG] undefined @ https://phbidlautdemo.prahu-hub.com/adminprahu/settingPreferenceAdmin:6032
[    2508ms] [LOG] undefined @ https://phbidlautdemo.prahu-hub.com/adminprahu/settingPreferenceAdmin:6032
[    2508ms] [LOG] undefined @ https://phbidlautdemo.prahu-hub.com/adminprahu/settingPreferenceAdmin:6032
[    2508ms] [LOG] undefined @ https://phbidlautdemo.prahu-hub.com/adminprahu/settingPreferenceAdmin:6032
[    2508ms] [LOG] undefined @ https://phbidlautdemo.prahu-hub.com/adminprahu/settingPreferenceAdmin:6032
[    2509ms] [LOG] undefined @ https://phbidlautdemo.prahu-hub.com/adminprahu/settingPreferenceAdmin:6032
[    2509ms] [LOG] undefined @ https://phbidlautdemo.prahu-hub.com/adminprahu/settingPreferenceAdmin:6032
[    2509ms] [LOG] undefined @ https://phbidlautdemo.prahu-hub.com/adminprahu/settingPreferenceAdmin:6032
[    2509ms] [LOG] undefined @ https://phbidlautdemo.prahu-hub.com/adminprahu/settingPreferenceAdmin:6032
[    2509ms] [LOG] undefined @ https://phbidlautdemo.prahu-hub.com/adminprahu/settingPreferenceAdmin:6032
[    2509ms] [LOG] undefined @ https://phbidlautdemo.prahu-hub.com/adminprahu/settingPreferenceAdmin:6032
[    2509ms] [LOG] undefined @ https://phbidlautdemo.prahu-hub.com/adminprahu/settingPreferenceAdmin:6032
[    2510ms] [LOG] undefined @ https://phbidlautdemo.prahu-hub.com/adminprahu/settingPreferenceAdmin:6032
[    2510ms] [LOG] undefined @ https://phbidlautdemo.prahu-hub.com/adminprahu/settingPreferenceAdmin:6032
[    2510ms] [LOG] undefined @ https://phbidlautdemo.prahu-hub.com/adminprahu/settingPreferenceAdmin:6032
[    2510ms] [LOG] undefined @ https://phbidlautdemo.prahu-hub.com/adminprahu/settingPreferenceAdmin:6032
[    2510ms] [LOG] undefined @ https://phbidlautdemo.prahu-hub.com/adminprahu/settingPreferenceAdmin:6032
[    2510ms] [LOG] undefined @ https://phbidlautdemo.prahu-hub.com/adminprahu/settingPreferenceAdmin:6032
[    2510ms] [LOG] undefined @ https://phbidlautdemo.prahu-hub.com/adminprahu/settingPreferenceAdmin:6032
[    2511ms] [LOG] undefined @ https://phbidlautdemo.prahu-hub.com/adminprahu/settingPreferenceAdmin:6032
[    2511ms] [LOG] undefined @ https://phbidlautdemo.prahu-hub.com/adminprahu/settingPreferenceAdmin:6032
[    2511ms] [LOG] undefined @ https://phbidlautdemo.prahu-hub.com/adminprahu/settingPreferenceAdmin:6032
[    2511ms] [LOG] undefined @ https://phbidlautdemo.prahu-hub.com/adminprahu/settingPreferenceAdmin:6032
[    2511ms] [LOG] undefined @ https://phbidlautdemo.prahu-hub.com/adminprahu/settingPreferenceAdmin:6032
[    2511ms] [LOG] undefined @ https://phbidlautdemo.prahu-hub.com/adminprahu/settingPreferenceAdmin:6032
[    2512ms] [LOG] undefined @ https://phbidlautdemo.prahu-hub.com/adminprahu/settingPreferenceAdmin:6032
[    2512ms] [LOG] undefined @ https://phbidlautdemo.prahu-hub.com/adminprahu/settingPreferenceAdmin:6032
[    2512ms] [LOG] undefined @ https://phbidlautdemo.prahu-hub.com/adminprahu/settingPreferenceAdmin:6032
[    2512ms] [LOG] undefined @ https://phbidlautdemo.prahu-hub.com/adminprahu/settingPreferenceAdmin:6032
[    2512ms] [LOG] undefined @ https://phbidlautdemo.prahu-hub.com/adminprahu/settingPreferenceAdmin:6032
[    2512ms] [LOG] undefined @ https://phbidlautdemo.prahu-hub.com/adminprahu/settingPreferenceAdmin:6032
[    2512ms] [LOG] undefined @ https://phbidlautdemo.prahu-hub.com/adminprahu/settingPreferenceAdmin:6032
[    2513ms] [LOG] undefined @ https://phbidlautdemo.prahu-hub.com/adminprahu/settingPreferenceAdmin:6032
[    2513ms] [LOG] undefined @ https://phbidlautdemo.prahu-hub.com/adminprahu/settingPreferenceAdmin:6032
[    2513ms] [LOG] undefined @ https://phbidlautdemo.prahu-hub.com/adminprahu/settingPreferenceAdmin:6032
[    2513ms] [LOG] undefined @ https://phbidlautdemo.prahu-hub.com/adminprahu/settingPreferenceAdmin:6032
[    2513ms] [LOG] undefined @ https://phbidlautdemo.prahu-hub.com/adminprahu/settingPreferenceAdmin:6032
[    2513ms] [LOG] undefined @ https://phbidlautdemo.prahu-hub.com/adminprahu/settingPreferenceAdmin:6032
[    2514ms] [LOG] undefined @ https://phbidlautdemo.prahu-hub.com/adminprahu/settingPreferenceAdmin:6032
[    2515ms] [LOG] WebSocket connection @ https://phbidlautdemo.prahu-hub.com/adminprahu/settingPreferenceAdmin:6075
[    2516ms] [LOG] WebSocket connection attempting... @ https://phbidlautdemo.prahu-hub.com/adminprahu/settingPreferenceAdmin:6153
[    2800ms] [LOG] 200 xhrglobal @ https://phbidlautdemo.prahu-hub.com/adminprahu/settingPreferenceAdmin:6006
[    2866ms] [LOG] WebSocket connected @ https://phbidlautdemo.prahu-hub.com/adminprahu/settingPreferenceAdmin:6084
[    2870ms] [LOG] update_dashboard_order_laut @ https://phbidlautdemo.prahu-hub.com/adminprahu/settingPreferenceAdmin:6125
[    2969ms] [LOG] Connected @ https://phbidlautdemo.prahu-hub.com/adminprahu/settingPreferenceAdmin:6125
[    3265ms] [LOG] 200 xhrglobal @ https://phbidlautdemo.prahu-hub.com/adminprahu/settingPreferenceAdmin:6006
[    3377ms] [LOG] 200 xhrglobal @ https://phbidlautdemo.prahu-hub.com/adminprahu/settingPreferenceAdmin:6006
[    4504ms] TypeError: $(...).DataTable is not a function
    at https://phbidlautdemo.prahu-hub.com/_resources/themes/prahutheme/js/scripts-init/tables.js:7:23
