[    1039ms] Cannot use import statement outside a module
[    1058ms] ReferenceError: Chart is not defined
    at https://phbidlautdemo.prahu-hub.com/_resources/themes/prahutheme/js/scripts-init/charts/chartjs.js:8:13
[    1090ms] Unexpected token '<'
[    1203ms] Unexpected token '<'
[    1248ms] Uncaught TypeError: expect element to be DOM Element, but got null
    at n.init (https://cdnjs.cloudflare.com/ajax/libs/smooth-scrollbar/8.5.2/smooth-scrollbar.js:24:264)
    at <anonymous> (https://phbidlautdemo.prahu-hub.com/lelang/carijadwal:5529:14)
[    1277ms] [LOG] jadwalnamanya @ https://phbidlautdemo.prahu-hub.com/lelang/carijadwal:1876
[    1287ms] [LOG] DD/MM/YYYY @ https://phbidlautdemo.prahu-hub.com/lelang/carijadwal:5881
[    1288ms] [LOG] WebSocket connection @ https://phbidlautdemo.prahu-hub.com/lelang/carijadwal:5924
[    1288ms] [LOG] WebSocket connection attempting... @ https://phbidlautdemo.prahu-hub.com/lelang/carijadwal:6002
[    1398ms] [LOG] WebSocket connected @ https://phbidlautdemo.prahu-hub.com/lelang/carijadwal:5933
[    1400ms] [LOG] update_dashboard_order_laut @ https://phbidlautdemo.prahu-hub.com/lelang/carijadwal:5974
[    1426ms] [LOG] Connected @ https://phbidlautdemo.prahu-hub.com/lelang/carijadwal:5974
[    1504ms] [LOG] 200 xhrglobal @ https://phbidlautdemo.prahu-hub.com/lelang/carijadwal:5855
[    1560ms] [LOG] 200 xhrglobal @ https://phbidlautdemo.prahu-hub.com/lelang/carijadwal:5855
[    3297ms] TypeError: $(...).DataTable is not a function
    at https://phbidlautdemo.prahu-hub.com/_resources/themes/prahutheme/js/scripts-init/tables.js:7:23
[  126433ms] [LOG] WebSocket closed @ https://phbidlautdemo.prahu-hub.com/lelang/carijadwal:5927
[  126433ms] [LOG] Reconnecting in 2 seconds... @ https://phbidlautdemo.prahu-hub.com/lelang/carijadwal:6011
[  128441ms] [LOG] WebSocket connection @ https://phbidlautdemo.prahu-hub.com/lelang/carijadwal:5924
[  128443ms] [LOG] WebSocket connection attempting... @ https://phbidlautdemo.prahu-hub.com/lelang/carijadwal:6002
[  128554ms] [LOG] WebSocket connected @ https://phbidlautdemo.prahu-hub.com/lelang/carijadwal:5933
[  128559ms] [LOG] update_dashboard_order_laut @ https://phbidlautdemo.prahu-hub.com/lelang/carijadwal:5974
[  128583ms] [LOG] Connected @ https://phbidlautdemo.prahu-hub.com/lelang/carijadwal:5974
[  128615ms] [LOG] Connected @ https://phbidlautdemo.prahu-hub.com/lelang/carijadwal:5974
[  128694ms] [LOG] 200 xhrglobal @ https://phbidlautdemo.prahu-hub.com/lelang/carijadwal:5855
[  128747ms] [LOG] 200 xhrglobal @ https://phbidlautdemo.prahu-hub.com/lelang/carijadwal:5855
[  134674ms] [LOG] Connected @ https://phbidlautdemo.prahu-hub.com/lelang/carijadwal:5974
[  134738ms] [LOG] Connected @ https://phbidlautdemo.prahu-hub.com/lelang/carijadwal:5974
[  135099ms] [LOG] Connected @ https://phbidlautdemo.prahu-hub.com/lelang/carijadwal:5974
[  143841ms] [LOG] Connected @ https://phbidlautdemo.prahu-hub.com/lelang/carijadwal:5974
[  158670ms] [LOG] Connected @ https://phbidlautdemo.prahu-hub.com/lelang/carijadwal:5974
[  158726ms] [LOG] Connected @ https://phbidlautdemo.prahu-hub.com/lelang/carijadwal:5974
[  158787ms] [LOG] Connected @ https://phbidlautdemo.prahu-hub.com/lelang/carijadwal:5974
[  158830ms] [LOG] Connected @ https://phbidlautdemo.prahu-hub.com/lelang/carijadwal:5974
[  158879ms] [LOG] Connected @ https://phbidlautdemo.prahu-hub.com/lelang/carijadwal:5974
[  158918ms] [LOG] Connected @ https://phbidlautdemo.prahu-hub.com/lelang/carijadwal:5974
[  158966ms] [LOG] Connected @ https://phbidlautdemo.prahu-hub.com/lelang/carijadwal:5974
[  159056ms] [LOG] Connected @ https://phbidlautdemo.prahu-hub.com/lelang/carijadwal:5974
[  159064ms] [LOG] Connected @ https://phbidlautdemo.prahu-hub.com/lelang/carijadwal:5974
[  159076ms] [LOG] Connected @ https://phbidlautdemo.prahu-hub.com/lelang/carijadwal:5974
[  159329ms] [LOG] Connected @ https://phbidlautdemo.prahu-hub.com/lelang/carijadwal:5974
[  159627ms] [LOG] Connected @ https://phbidlautdemo.prahu-hub.com/lelang/carijadwal:5974
[  159904ms] [LOG] Connected @ https://phbidlautdemo.prahu-hub.com/lelang/carijadwal:5974
[  160400ms] [LOG] Connected @ https://phbidlautdemo.prahu-hub.com/lelang/carijadwal:5974
[  162176ms] [LOG] Connected @ https://phbidlautdemo.prahu-hub.com/lelang/carijadwal:5974
[  185134ms] Cannot use import statement outside a module
[  185139ms] ReferenceError: Chart is not defined
    at https://phbidlautdemo.prahu-hub.com/_resources/themes/prahutheme/js/scripts-init/charts/chartjs.js:8:13
[  185353ms] Unexpected token '<'
[  185353ms] Unexpected token '<'
[  185384ms] Uncaught TypeError: expect element to be DOM Element, but got null
    at n.init (https://cdnjs.cloudflare.com/ajax/libs/smooth-scrollbar/8.5.2/smooth-scrollbar.js:24:264)
    at <anonymous> (https://phbidlautdemo.prahu-hub.com/lelang/carijadwal?polid=52&podid=28&sortir=etd&etd=14%2F08%2F2026:5658:14)
[  185433ms] [LOG] jadwalnamanya @ https://phbidlautdemo.prahu-hub.com/lelang/carijadwal?polid=52&podid=28&sortir=etd&etd=14%2F08%2F2026:1877
[  185438ms] [LOG] DD/MM/YYYY @ https://phbidlautdemo.prahu-hub.com/lelang/carijadwal?polid=52&podid=28&sortir=etd&etd=14%2F08%2F2026:6010
[  185439ms] [LOG] WebSocket connection @ https://phbidlautdemo.prahu-hub.com/lelang/carijadwal?polid=52&podid=28&sortir=etd&etd=14%2F08%2F2026:6053
[  185440ms] [LOG] WebSocket connection attempting... @ https://phbidlautdemo.prahu-hub.com/lelang/carijadwal?polid=52&podid=28&sortir=etd&etd=14%2F08%2F2026:6131
[  185574ms] [LOG] WebSocket connected @ https://phbidlautdemo.prahu-hub.com/lelang/carijadwal?polid=52&podid=28&sortir=etd&etd=14%2F08%2F2026:6062
[  185578ms] [LOG] update_dashboard_order_laut @ https://phbidlautdemo.prahu-hub.com/lelang/carijadwal?polid=52&podid=28&sortir=etd&etd=14%2F08%2F2026:6103
[  185604ms] [LOG] Connected @ https://phbidlautdemo.prahu-hub.com/lelang/carijadwal?polid=52&podid=28&sortir=etd&etd=14%2F08%2F2026:6103
[  187455ms] TypeError: $(...).DataTable is not a function
    at https://phbidlautdemo.prahu-hub.com/_resources/themes/prahutheme/js/scripts-init/tables.js:7:23
[  189064ms] [LOG] [] @ https://phbidlautdemo.prahu-hub.com/_resources/themes/prahutheme/javascript/custom/carijadwal.js?m=1786589824:15
[  189066ms] [LOG] 200 xhrglobal @ https://phbidlautdemo.prahu-hub.com/lelang/carijadwal?polid=52&podid=28&sortir=etd&etd=14%2F08%2F2026:5984
[  189181ms] [LOG] 200 xhrglobal @ https://phbidlautdemo.prahu-hub.com/lelang/carijadwal?polid=52&podid=28&sortir=etd&etd=14%2F08%2F2026:5984
[  189255ms] [LOG] 200 xhrglobal @ https://phbidlautdemo.prahu-hub.com/lelang/carijadwal?polid=52&podid=28&sortir=etd&etd=14%2F08%2F2026:5984
[  190617ms] [LOG] Connected @ https://phbidlautdemo.prahu-hub.com/lelang/carijadwal?polid=52&podid=28&sortir=etd&etd=14%2F08%2F2026:6103
[  190702ms] [LOG] Connected @ https://phbidlautdemo.prahu-hub.com/lelang/carijadwal?polid=52&podid=28&sortir=etd&etd=14%2F08%2F2026:6103
[  190912ms] [LOG] Connected @ https://phbidlautdemo.prahu-hub.com/lelang/carijadwal?polid=52&podid=28&sortir=etd&etd=14%2F08%2F2026:6103
[  190935ms] [LOG] Connected @ https://phbidlautdemo.prahu-hub.com/lelang/carijadwal?polid=52&podid=28&sortir=etd&etd=14%2F08%2F2026:6103
[  190991ms] [LOG] Connected @ https://phbidlautdemo.prahu-hub.com/lelang/carijadwal?polid=52&podid=28&sortir=etd&etd=14%2F08%2F2026:6103
[  191299ms] [LOG] Connected @ https://phbidlautdemo.prahu-hub.com/lelang/carijadwal?polid=52&podid=28&sortir=etd&etd=14%2F08%2F2026:6103
[  192586ms] [LOG] Connected @ https://phbidlautdemo.prahu-hub.com/lelang/carijadwal?polid=52&podid=28&sortir=etd&etd=14%2F08%2F2026:6103
