[     273ms] ReferenceError: dete is not defined
    at https://phbidlautdemo.prahu-hub.com/user/forgotpassword:3049:5
[     309ms] [LOG] 0 @ https://phbidlautdemo.prahu-hub.com/user/forgotpassword:3010
[     310ms] [LOG] undefined scr @ https://phbidlautdemo.prahu-hub.com/user/forgotpassword:3014
[   45042ms] [LOG] minutes:4 @ https://phbidlautdemo.prahu-hub.com/user/forgotpassword:4015
[   46044ms] [LOG] minutes:4 @ https://phbidlautdemo.prahu-hub.com/user/forgotpassword:4015
[   47044ms] [LOG] minutes:4 @ https://phbidlautdemo.prahu-hub.com/user/forgotpassword:4015
[   48052ms] [LOG] minutes:4 @ https://phbidlautdemo.prahu-hub.com/user/forgotpassword:4015
[   49039ms] [LOG] minutes:4 @ https://phbidlautdemo.prahu-hub.com/user/forgotpassword:4015
[   50048ms] [LOG] minutes:4 @ https://phbidlautdemo.prahu-hub.com/user/forgotpassword:4015
[   51046ms] [LOG] minutes:4 @ https://phbidlautdemo.prahu-hub.com/user/forgotpassword:4015
[   52051ms] [LOG] minutes:4 @ https://phbidlautdemo.prahu-hub.com/user/forgotpassword:4015
[   53054ms] [LOG] minutes:4 @ https://phbidlautdemo.prahu-hub.com/user/forgotpassword:4015
[   54041ms] [LOG] minutes:4 @ https://phbidlautdemo.prahu-hub.com/user/forgotpassword:4015
[   55044ms] [LOG] minutes:4 @ https://phbidlautdemo.prahu-hub.com/user/forgotpassword:4015
[   56046ms] [LOG] minutes:4 @ https://phbidlautdemo.prahu-hub.com/user/forgotpassword:4015
[   57049ms] [LOG] minutes:4 @ https://phbidlautdemo.prahu-hub.com/user/forgotpassword:4015
[   58040ms] [LOG] minutes:4 @ https://phbidlautdemo.prahu-hub.com/user/forgotpassword:4015
[   59040ms] [LOG] minutes:4 @ https://phbidlautdemo.prahu-hub.com/user/forgotpassword:4015
[   60043ms] [LOG] minutes:4 @ https://phbidlautdemo.prahu-hub.com/user/forgotpassword:4015
[   61048ms] [LOG] minutes:4 @ https://phbidlautdemo.prahu-hub.com/user/forgotpassword:4015
[   62052ms] [LOG] minutes:4 @ https://phbidlautdemo.prahu-hub.com/user/forgotpassword:4015
[   63039ms] [LOG] minutes:4 @ https://phbidlautdemo.prahu-hub.com/user/forgotpassword:4015
[   64042ms] [LOG] minutes:4 @ https://phbidlautdemo.prahu-hub.com/user/forgotpassword:4015
[   65048ms] [LOG] minutes:4 @ https://phbidlautdemo.prahu-hub.com/user/forgotpassword:4015
[   66049ms] [LOG] minutes:4 @ https://phbidlautdemo.prahu-hub.com/user/forgotpassword:4015
[   67054ms] [LOG] minutes:4 @ https://phbidlautdemo.prahu-hub.com/user/forgotpassword:4015
[   68040ms] [LOG] minutes:4 @ https://phbidlautdemo.prahu-hub.com/user/forgotpassword:4015
[   69044ms] [LOG] minutes:4 @ https://phbidlautdemo.prahu-hub.com/user/forgotpassword:4015
[   70047ms] [LOG] minutes:4 @ https://phbidlautdemo.prahu-hub.com/user/forgotpassword:4015
[   71050ms] [LOG] minutes:4 @ https://phbidlautdemo.prahu-hub.com/user/forgotpassword:4015
[   72053ms] [LOG] minutes:4 @ https://phbidlautdemo.prahu-hub.com/user/forgotpassword:4015
[   73041ms] [LOG] minutes:4 @ https://phbidlautdemo.prahu-hub.com/user/forgotpassword:4015
[   74045ms] [LOG] minutes:4 @ https://phbidlautdemo.prahu-hub.com/user/forgotpassword:4015
[   75048ms] [LOG] minutes:4 @ https://phbidlautdemo.prahu-hub.com/user/forgotpassword:4015
[   76052ms] [LOG] minutes:4 @ https://phbidlautdemo.prahu-hub.com/user/forgotpassword:4015
[   77055ms] [LOG] minutes:4 @ https://phbidlautdemo.prahu-hub.com/user/forgotpassword:4015
[   78043ms] [LOG] minutes:4 @ https://phbidlautdemo.prahu-hub.com/user/forgotpassword:4015
[   79045ms] [LOG] minutes:4 @ https://phbidlautdemo.prahu-hub.com/user/forgotpassword:4015
[   80049ms] [LOG] minutes:4 @ https://phbidlautdemo.prahu-hub.com/user/forgotpassword:4015
[   81051ms] [LOG] minutes:4 @ https://phbidlautdemo.prahu-hub.com/user/forgotpassword:4015
[   82041ms] [LOG] minutes:4 @ https://phbidlautdemo.prahu-hub.com/user/forgotpassword:4015
[   83043ms] [LOG] minutes:4 @ https://phbidlautdemo.prahu-hub.com/user/forgotpassword:4015
[   84047ms] [LOG] minutes:4 @ https://phbidlautdemo.prahu-hub.com/user/forgotpassword:4015
[   85050ms] [LOG] minutes:4 @ https://phbidlautdemo.prahu-hub.com/user/forgotpassword:4015
[   86052ms] [LOG] minutes:4 @ https://phbidlautdemo.prahu-hub.com/user/forgotpassword:4015
[   87039ms] [LOG] minutes:4 @ https://phbidlautdemo.prahu-hub.com/user/forgotpassword:4015
[   88045ms] [LOG] minutes:4 @ https://phbidlautdemo.prahu-hub.com/user/forgotpassword:4015
[   89049ms] [LOG] minutes:4 @ https://phbidlautdemo.prahu-hub.com/user/forgotpassword:4015
[   90044ms] [LOG] minutes:4 @ https://phbidlautdemo.prahu-hub.com/user/forgotpassword:4015
[   91055ms] [LOG] minutes:4 @ https://phbidlautdemo.prahu-hub.com/user/forgotpassword:4015
[   92046ms] [LOG] minutes:4 @ https://phbidlautdemo.prahu-hub.com/user/forgotpassword:4015
[   93042ms] [LOG] minutes:4 @ https://phbidlautdemo.prahu-hub.com/user/forgotpassword:4015
[   94039ms] [LOG] minutes:4 @ https://phbidlautdemo.prahu-hub.com/user/forgotpassword:4015
[   95039ms] [LOG] minutes:4 @ https://phbidlautdemo.prahu-hub.com/user/forgotpassword:4015
[   96050ms] [LOG] minutes:4 @ https://phbidlautdemo.prahu-hub.com/user/forgotpassword:4015
[   97058ms] [LOG] minutes:4 @ https://phbidlautdemo.prahu-hub.com/user/forgotpassword:4015
[   98043ms] [LOG] minutes:4 @ https://phbidlautdemo.prahu-hub.com/user/forgotpassword:4015
[   99061ms] [LOG] minutes:4 @ https://phbidlautdemo.prahu-hub.com/user/forgotpassword:4015
[  100051ms] [LOG] minutes:4 @ https://phbidlautdemo.prahu-hub.com/user/forgotpassword:4015
[  101041ms] [LOG] minutes:4 @ https://phbidlautdemo.prahu-hub.com/user/forgotpassword:4015
[  102043ms] [LOG] minutes:4 @ https://phbidlautdemo.prahu-hub.com/user/forgotpassword:4015
[  103045ms] [LOG] minutes:4 @ https://phbidlautdemo.prahu-hub.com/user/forgotpassword:4015
[  104050ms] [LOG] minutes:4 @ https://phbidlautdemo.prahu-hub.com/user/forgotpassword:4015
[  105053ms] [LOG] minutes:3 @ https://phbidlautdemo.prahu-hub.com/user/forgotpassword:4015
[  106039ms] [LOG] minutes:3 @ https://phbidlautdemo.prahu-hub.com/user/forgotpassword:4015
[  107050ms] [LOG] minutes:3 @ https://phbidlautdemo.prahu-hub.com/user/forgotpassword:4015
[  108046ms] [LOG] minutes:3 @ https://phbidlautdemo.prahu-hub.com/user/forgotpassword:4015
[  109040ms] [LOG] minutes:3 @ https://phbidlautdemo.prahu-hub.com/user/forgotpassword:4015
[  110041ms] [LOG] minutes:3 @ https://phbidlautdemo.prahu-hub.com/user/forgotpassword:4015
[  111039ms] [LOG] minutes:3 @ https://phbidlautdemo.prahu-hub.com/user/forgotpassword:4015
[  112046ms] [LOG] minutes:3 @ https://phbidlautdemo.prahu-hub.com/user/forgotpassword:4015
[  113047ms] [LOG] minutes:3 @ https://phbidlautdemo.prahu-hub.com/user/forgotpassword:4015
[  114051ms] [LOG] minutes:3 @ https://phbidlautdemo.prahu-hub.com/user/forgotpassword:4015
[  115039ms] [LOG] minutes:3 @ https://phbidlautdemo.prahu-hub.com/user/forgotpassword:4015
[  116042ms] [LOG] minutes:3 @ https://phbidlautdemo.prahu-hub.com/user/forgotpassword:4015
[  117046ms] [LOG] minutes:3 @ https://phbidlautdemo.prahu-hub.com/user/forgotpassword:4015
[  118049ms] [LOG] minutes:3 @ https://phbidlautdemo.prahu-hub.com/user/forgotpassword:4015
[  119044ms] [LOG] minutes:3 @ https://phbidlautdemo.prahu-hub.com/user/forgotpassword:4015
[  120062ms] [LOG] minutes:3 @ https://phbidlautdemo.prahu-hub.com/user/forgotpassword:4015
[  121040ms] [LOG] minutes:3 @ https://phbidlautdemo.prahu-hub.com/user/forgotpassword:4015
[  122042ms] [LOG] minutes:3 @ https://phbidlautdemo.prahu-hub.com/user/forgotpassword:4015
[  123046ms] [LOG] minutes:3 @ https://phbidlautdemo.prahu-hub.com/user/forgotpassword:4015
[  124040ms] [LOG] minutes:3 @ https://phbidlautdemo.prahu-hub.com/user/forgotpassword:4015
[  125039ms] [LOG] minutes:3 @ https://phbidlautdemo.prahu-hub.com/user/forgotpassword:4015
[  126042ms] [LOG] minutes:3 @ https://phbidlautdemo.prahu-hub.com/user/forgotpassword:4015
[  127046ms] [LOG] minutes:3 @ https://phbidlautdemo.prahu-hub.com/user/forgotpassword:4015
[  128051ms] [LOG] minutes:3 @ https://phbidlautdemo.prahu-hub.com/user/forgotpassword:4015
[  129051ms] [LOG] minutes:3 @ https://phbidlautdemo.prahu-hub.com/user/forgotpassword:4015
[  130064ms] [LOG] minutes:3 @ https://phbidlautdemo.prahu-hub.com/user/forgotpassword:4015
[  131045ms] [LOG] minutes:3 @ https://phbidlautdemo.prahu-hub.com/user/forgotpassword:4015
[  132049ms] [LOG] minutes:3 @ https://phbidlautdemo.prahu-hub.com/user/forgotpassword:4015
[  133050ms] [LOG] minutes:3 @ https://phbidlautdemo.prahu-hub.com/user/forgotpassword:4015
[  134042ms] [LOG] minutes:3 @ https://phbidlautdemo.prahu-hub.com/user/forgotpassword:4015
[  135052ms] [LOG] minutes:3 @ https://phbidlautdemo.prahu-hub.com/user/forgotpassword:4015
[  136043ms] [LOG] minutes:3 @ https://phbidlautdemo.prahu-hub.com/user/forgotpassword:4015
[  137047ms] [LOG] minutes:3 @ https://phbidlautdemo.prahu-hub.com/user/forgotpassword:4015
[  138039ms] [LOG] minutes:3 @ https://phbidlautdemo.prahu-hub.com/user/forgotpassword:4015
[  139051ms] [LOG] minutes:3 @ https://phbidlautdemo.prahu-hub.com/user/forgotpassword:4015
[  140040ms] [LOG] minutes:3 @ https://phbidlautdemo.prahu-hub.com/user/forgotpassword:4015
[  141044ms] [LOG] minutes:3 @ https://phbidlautdemo.prahu-hub.com/user/forgotpassword:4015
[  142041ms] [LOG] minutes:3 @ https://phbidlautdemo.prahu-hub.com/user/forgotpassword:4015
[  143040ms] [LOG] minutes:3 @ https://phbidlautdemo.prahu-hub.com/user/forgotpassword:4015
[  144052ms] [LOG] minutes:3 @ https://phbidlautdemo.prahu-hub.com/user/forgotpassword:4015
[  145048ms] [LOG] minutes:3 @ https://phbidlautdemo.prahu-hub.com/user/forgotpassword:4015
[  146049ms] [LOG] minutes:3 @ https://phbidlautdemo.prahu-hub.com/user/forgotpassword:4015
[  147045ms] [LOG] minutes:3 @ https://phbidlautdemo.prahu-hub.com/user/forgotpassword:4015
[  148040ms] [LOG] minutes:3 @ https://phbidlautdemo.prahu-hub.com/user/forgotpassword:4015
[  149047ms] [LOG] minutes:3 @ https://phbidlautdemo.prahu-hub.com/user/forgotpassword:4015
[  150043ms] [LOG] minutes:3 @ https://phbidlautdemo.prahu-hub.com/user/forgotpassword:4015
[  151052ms] [LOG] minutes:3 @ https://phbidlautdemo.prahu-hub.com/user/forgotpassword:4015
[  152048ms] [LOG] minutes:3 @ https://phbidlautdemo.prahu-hub.com/user/forgotpassword:4015
[  153042ms] [LOG] minutes:3 @ https://phbidlautdemo.prahu-hub.com/user/forgotpassword:4015
[  154144ms] [LOG] minutes:3 @ https://phbidlautdemo.prahu-hub.com/user/forgotpassword:4015
[  155040ms] [LOG] minutes:3 @ https://phbidlautdemo.prahu-hub.com/user/forgotpassword:4015
[  156051ms] [LOG] minutes:3 @ https://phbidlautdemo.prahu-hub.com/user/forgotpassword:4015
[  157054ms] [LOG] minutes:3 @ https://phbidlautdemo.prahu-hub.com/user/forgotpassword:4015
[  158041ms] [LOG] minutes:3 @ https://phbidlautdemo.prahu-hub.com/user/forgotpassword:4015
[  159042ms] [LOG] minutes:3 @ https://phbidlautdemo.prahu-hub.com/user/forgotpassword:4015
[  160047ms] [LOG] minutes:3 @ https://phbidlautdemo.prahu-hub.com/user/forgotpassword:4015
[  161049ms] [LOG] minutes:3 @ https://phbidlautdemo.prahu-hub.com/user/forgotpassword:4015
[  162042ms] [LOG] minutes:3 @ https://phbidlautdemo.prahu-hub.com/user/forgotpassword:4015
[  163054ms] [LOG] minutes:3 @ https://phbidlautdemo.prahu-hub.com/user/forgotpassword:4015
[  164044ms] [LOG] minutes:3 @ https://phbidlautdemo.prahu-hub.com/user/forgotpassword:4015
[  165049ms] [LOG] minutes:2 @ https://phbidlautdemo.prahu-hub.com/user/forgotpassword:4015
[  166053ms] [LOG] minutes:2 @ https://phbidlautdemo.prahu-hub.com/user/forgotpassword:4015
[  167043ms] [LOG] minutes:2 @ https://phbidlautdemo.prahu-hub.com/user/forgotpassword:4015
[  168039ms] [LOG] minutes:2 @ https://phbidlautdemo.prahu-hub.com/user/forgotpassword:4015
[  169041ms] [LOG] minutes:2 @ https://phbidlautdemo.prahu-hub.com/user/forgotpassword:4015
[  170052ms] [LOG] minutes:2 @ https://phbidlautdemo.prahu-hub.com/user/forgotpassword:4015
[  171044ms] [LOG] minutes:2 @ https://phbidlautdemo.prahu-hub.com/user/forgotpassword:4015
[  172048ms] [LOG] minutes:2 @ https://phbidlautdemo.prahu-hub.com/user/forgotpassword:4015
[  173041ms] [LOG] minutes:2 @ https://phbidlautdemo.prahu-hub.com/user/forgotpassword:4015
[  174043ms] [LOG] minutes:2 @ https://phbidlautdemo.prahu-hub.com/user/forgotpassword:4015
[  175047ms] [LOG] minutes:2 @ https://phbidlautdemo.prahu-hub.com/user/forgotpassword:4015
[  176053ms] [LOG] minutes:2 @ https://phbidlautdemo.prahu-hub.com/user/forgotpassword:4015
[  177040ms] [LOG] minutes:2 @ https://phbidlautdemo.prahu-hub.com/user/forgotpassword:4015
[  178043ms] [LOG] minutes:2 @ https://phbidlautdemo.prahu-hub.com/user/forgotpassword:4015
[  179049ms] [LOG] minutes:2 @ https://phbidlautdemo.prahu-hub.com/user/forgotpassword:4015
[  180049ms] [LOG] minutes:2 @ https://phbidlautdemo.prahu-hub.com/user/forgotpassword:4015
[  181054ms] [LOG] minutes:2 @ https://phbidlautdemo.prahu-hub.com/user/forgotpassword:4015
[  182059ms] [LOG] minutes:2 @ https://phbidlautdemo.prahu-hub.com/user/forgotpassword:4015
[  183049ms] [LOG] minutes:2 @ https://phbidlautdemo.prahu-hub.com/user/forgotpassword:4015
[  184049ms] [LOG] minutes:2 @ https://phbidlautdemo.prahu-hub.com/user/forgotpassword:4015
[  185053ms] [LOG] minutes:2 @ https://phbidlautdemo.prahu-hub.com/user/forgotpassword:4015
[  186040ms] [LOG] minutes:2 @ https://phbidlautdemo.prahu-hub.com/user/forgotpassword:4015
[  187039ms] [LOG] minutes:2 @ https://phbidlautdemo.prahu-hub.com/user/forgotpassword:4015
[  188046ms] [LOG] minutes:2 @ https://phbidlautdemo.prahu-hub.com/user/forgotpassword:4015
[  189047ms] [LOG] minutes:2 @ https://phbidlautdemo.prahu-hub.com/user/forgotpassword:4015
[  190048ms] [LOG] minutes:2 @ https://phbidlautdemo.prahu-hub.com/user/forgotpassword:4015
[  191039ms] [LOG] minutes:2 @ https://phbidlautdemo.prahu-hub.com/user/forgotpassword:4015
[  192044ms] [LOG] minutes:2 @ https://phbidlautdemo.prahu-hub.com/user/forgotpassword:4015
[  193045ms] [LOG] minutes:2 @ https://phbidlautdemo.prahu-hub.com/user/forgotpassword:4015
[  194052ms] [LOG] minutes:2 @ https://phbidlautdemo.prahu-hub.com/user/forgotpassword:4015
[  195047ms] [LOG] minutes:2 @ https://phbidlautdemo.prahu-hub.com/user/forgotpassword:4015
[  196039ms] [LOG] minutes:2 @ https://phbidlautdemo.prahu-hub.com/user/forgotpassword:4015
[  197041ms] [LOG] minutes:2 @ https://phbidlautdemo.prahu-hub.com/user/forgotpassword:4015
[  198047ms] [LOG] minutes:2 @ https://phbidlautdemo.prahu-hub.com/user/forgotpassword:4015
[  199042ms] [LOG] minutes:2 @ https://phbidlautdemo.prahu-hub.com/user/forgotpassword:4015
[  200052ms] [LOG] minutes:2 @ https://phbidlautdemo.prahu-hub.com/user/forgotpassword:4015
[  201052ms] [LOG] minutes:2 @ https://phbidlautdemo.prahu-hub.com/user/forgotpassword:4015
[  202045ms] [LOG] minutes:2 @ https://phbidlautdemo.prahu-hub.com/user/forgotpassword:4015
[  203044ms] [LOG] minutes:2 @ https://phbidlautdemo.prahu-hub.com/user/forgotpassword:4015
[  204048ms] [LOG] minutes:2 @ https://phbidlautdemo.prahu-hub.com/user/forgotpassword:4015
[  205043ms] [LOG] minutes:2 @ https://phbidlautdemo.prahu-hub.com/user/forgotpassword:4015
[  206044ms] [LOG] minutes:2 @ https://phbidlautdemo.prahu-hub.com/user/forgotpassword:4015
[  207043ms] [LOG] minutes:2 @ https://phbidlautdemo.prahu-hub.com/user/forgotpassword:4015
[  208046ms] [LOG] minutes:2 @ https://phbidlautdemo.prahu-hub.com/user/forgotpassword:4015
[  209048ms] [LOG] minutes:2 @ https://phbidlautdemo.prahu-hub.com/user/forgotpassword:4015
[  210044ms] [LOG] minutes:2 @ https://phbidlautdemo.prahu-hub.com/user/forgotpassword:4015
[  211048ms] [LOG] minutes:2 @ https://phbidlautdemo.prahu-hub.com/user/forgotpassword:4015
[  212045ms] [LOG] minutes:2 @ https://phbidlautdemo.prahu-hub.com/user/forgotpassword:4015
[  213046ms] [LOG] minutes:2 @ https://phbidlautdemo.prahu-hub.com/user/forgotpassword:4015
[  214053ms] [LOG] minutes:2 @ https://phbidlautdemo.prahu-hub.com/user/forgotpassword:4015
[  215093ms] [LOG] minutes:2 @ https://phbidlautdemo.prahu-hub.com/user/forgotpassword:4015
[  216044ms] [LOG] minutes:2 @ https://phbidlautdemo.prahu-hub.com/user/forgotpassword:4015
[  217039ms] [LOG] minutes:2 @ https://phbidlautdemo.prahu-hub.com/user/forgotpassword:4015
[  218039ms] [LOG] minutes:2 @ https://phbidlautdemo.prahu-hub.com/user/forgotpassword:4015
[  219054ms] [LOG] minutes:2 @ https://phbidlautdemo.prahu-hub.com/user/forgotpassword:4015
[  220041ms] [LOG] minutes:2 @ https://phbidlautdemo.prahu-hub.com/user/forgotpassword:4015
[  221046ms] [LOG] minutes:2 @ https://phbidlautdemo.prahu-hub.com/user/forgotpassword:4015
[  222045ms] [LOG] minutes:2 @ https://phbidlautdemo.prahu-hub.com/user/forgotpassword:4015
[  223049ms] [LOG] minutes:2 @ https://phbidlautdemo.prahu-hub.com/user/forgotpassword:4015
[  224040ms] [LOG] minutes:2 @ https://phbidlautdemo.prahu-hub.com/user/forgotpassword:4015
[  225044ms] [LOG] minutes:1 @ https://phbidlautdemo.prahu-hub.com/user/forgotpassword:4015
[  226048ms] [LOG] minutes:1 @ https://phbidlautdemo.prahu-hub.com/user/forgotpassword:4015
[  227050ms] [LOG] minutes:1 @ https://phbidlautdemo.prahu-hub.com/user/forgotpassword:4015
[  228048ms] [LOG] minutes:1 @ https://phbidlautdemo.prahu-hub.com/user/forgotpassword:4015
[  229051ms] [LOG] minutes:1 @ https://phbidlautdemo.prahu-hub.com/user/forgotpassword:4015
[  230049ms] [LOG] minutes:1 @ https://phbidlautdemo.prahu-hub.com/user/forgotpassword:4015
[  231044ms] [LOG] minutes:1 @ https://phbidlautdemo.prahu-hub.com/user/forgotpassword:4015
[  232045ms] [LOG] minutes:1 @ https://phbidlautdemo.prahu-hub.com/user/forgotpassword:4015
[  233051ms] [LOG] minutes:1 @ https://phbidlautdemo.prahu-hub.com/user/forgotpassword:4015
[  234054ms] [LOG] minutes:1 @ https://phbidlautdemo.prahu-hub.com/user/forgotpassword:4015
[  235050ms] [LOG] minutes:1 @ https://phbidlautdemo.prahu-hub.com/user/forgotpassword:4015
[  236046ms] [LOG] minutes:1 @ https://phbidlautdemo.prahu-hub.com/user/forgotpassword:4015
[  237039ms] [LOG] minutes:1 @ https://phbidlautdemo.prahu-hub.com/user/forgotpassword:4015
[  238043ms] [LOG] minutes:1 @ https://phbidlautdemo.prahu-hub.com/user/forgotpassword:4015
[  239044ms] [LOG] minutes:1 @ https://phbidlautdemo.prahu-hub.com/user/forgotpassword:4015
[  240050ms] [LOG] minutes:1 @ https://phbidlautdemo.prahu-hub.com/user/forgotpassword:4015
[  241049ms] [LOG] minutes:1 @ https://phbidlautdemo.prahu-hub.com/user/forgotpassword:4015
[  242046ms] [LOG] minutes:1 @ https://phbidlautdemo.prahu-hub.com/user/forgotpassword:4015
[  243042ms] [LOG] minutes:1 @ https://phbidlautdemo.prahu-hub.com/user/forgotpassword:4015
[  244043ms] [LOG] minutes:1 @ https://phbidlautdemo.prahu-hub.com/user/forgotpassword:4015
[  245048ms] [LOG] minutes:1 @ https://phbidlautdemo.prahu-hub.com/user/forgotpassword:4015
[  246043ms] [LOG] minutes:1 @ https://phbidlautdemo.prahu-hub.com/user/forgotpassword:4015
[  247039ms] [LOG] minutes:1 @ https://phbidlautdemo.prahu-hub.com/user/forgotpassword:4015
[  248053ms] [LOG] minutes:1 @ https://phbidlautdemo.prahu-hub.com/user/forgotpassword:4015
[  249040ms] [LOG] minutes:1 @ https://phbidlautdemo.prahu-hub.com/user/forgotpassword:4015
[  250087ms] [LOG] minutes:1 @ https://phbidlautdemo.prahu-hub.com/user/forgotpassword:4015
[  251043ms] [LOG] minutes:1 @ https://phbidlautdemo.prahu-hub.com/user/forgotpassword:4015
[  252039ms] [LOG] minutes:1 @ https://phbidlautdemo.prahu-hub.com/user/forgotpassword:4015
[  253041ms] [LOG] minutes:1 @ https://phbidlautdemo.prahu-hub.com/user/forgotpassword:4015
[  254044ms] [LOG] minutes:1 @ https://phbidlautdemo.prahu-hub.com/user/forgotpassword:4015
[  255041ms] [LOG] minutes:1 @ https://phbidlautdemo.prahu-hub.com/user/forgotpassword:4015
[  256041ms] [LOG] minutes:1 @ https://phbidlautdemo.prahu-hub.com/user/forgotpassword:4015
[  257040ms] [LOG] minutes:1 @ https://phbidlautdemo.prahu-hub.com/user/forgotpassword:4015
[  258042ms] [LOG] minutes:1 @ https://phbidlautdemo.prahu-hub.com/user/forgotpassword:4015
[  259051ms] [LOG] minutes:1 @ https://phbidlautdemo.prahu-hub.com/user/forgotpassword:4015
[  260050ms] [LOG] minutes:1 @ https://phbidlautdemo.prahu-hub.com/user/forgotpassword:4015
[  261041ms] [LOG] minutes:1 @ https://phbidlautdemo.prahu-hub.com/user/forgotpassword:4015
[  262052ms] [LOG] minutes:1 @ https://phbidlautdemo.prahu-hub.com/user/forgotpassword:4015
[  263039ms] [LOG] minutes:1 @ https://phbidlautdemo.prahu-hub.com/user/forgotpassword:4015
[  264041ms] [LOG] minutes:1 @ https://phbidlautdemo.prahu-hub.com/user/forgotpassword:4015
[  265050ms] [LOG] minutes:1 @ https://phbidlautdemo.prahu-hub.com/user/forgotpassword:4015
[  266049ms] [LOG] minutes:1 @ https://phbidlautdemo.prahu-hub.com/user/forgotpassword:4015
[  267043ms] [LOG] minutes:1 @ https://phbidlautdemo.prahu-hub.com/user/forgotpassword:4015
[  268045ms] [LOG] minutes:1 @ https://phbidlautdemo.prahu-hub.com/user/forgotpassword:4015
[  269039ms] [LOG] minutes:1 @ https://phbidlautdemo.prahu-hub.com/user/forgotpassword:4015
[  270047ms] [LOG] minutes:1 @ https://phbidlautdemo.prahu-hub.com/user/forgotpassword:4015
[  271039ms] [LOG] minutes:1 @ https://phbidlautdemo.prahu-hub.com/user/forgotpassword:4015
[  272056ms] [LOG] minutes:1 @ https://phbidlautdemo.prahu-hub.com/user/forgotpassword:4015
[  273047ms] [LOG] minutes:1 @ https://phbidlautdemo.prahu-hub.com/user/forgotpassword:4015
[  274051ms] [LOG] minutes:1 @ https://phbidlautdemo.prahu-hub.com/user/forgotpassword:4015
[  275052ms] [LOG] minutes:1 @ https://phbidlautdemo.prahu-hub.com/user/forgotpassword:4015
[  276054ms] [LOG] minutes:1 @ https://phbidlautdemo.prahu-hub.com/user/forgotpassword:4015
[  277040ms] [LOG] minutes:1 @ https://phbidlautdemo.prahu-hub.com/user/forgotpassword:4015
[  278045ms] [LOG] minutes:1 @ https://phbidlautdemo.prahu-hub.com/user/forgotpassword:4015
[  279048ms] [LOG] minutes:1 @ https://phbidlautdemo.prahu-hub.com/user/forgotpassword:4015
[  280043ms] [LOG] minutes:1 @ https://phbidlautdemo.prahu-hub.com/user/forgotpassword:4015
[  281045ms] [LOG] minutes:1 @ https://phbidlautdemo.prahu-hub.com/user/forgotpassword:4015
[  282041ms] [LOG] minutes:1 @ https://phbidlautdemo.prahu-hub.com/user/forgotpassword:4015
[  283040ms] [LOG] minutes:1 @ https://phbidlautdemo.prahu-hub.com/user/forgotpassword:4015
[  284044ms] [LOG] minutes:1 @ https://phbidlautdemo.prahu-hub.com/user/forgotpassword:4015
[  285053ms] [LOG] minutes:0 @ https://phbidlautdemo.prahu-hub.com/user/forgotpassword:4015
[  286039ms] [LOG] minutes:0 @ https://phbidlautdemo.prahu-hub.com/user/forgotpassword:4015
[  287049ms] [LOG] minutes:0 @ https://phbidlautdemo.prahu-hub.com/user/forgotpassword:4015
[  288049ms] [LOG] minutes:0 @ https://phbidlautdemo.prahu-hub.com/user/forgotpassword:4015
[  289051ms] [LOG] minutes:0 @ https://phbidlautdemo.prahu-hub.com/user/forgotpassword:4015
[  290051ms] [LOG] minutes:0 @ https://phbidlautdemo.prahu-hub.com/user/forgotpassword:4015
[  291044ms] [LOG] minutes:0 @ https://phbidlautdemo.prahu-hub.com/user/forgotpassword:4015
[  292043ms] [LOG] minutes:0 @ https://phbidlautdemo.prahu-hub.com/user/forgotpassword:4015
[  293042ms] [LOG] minutes:0 @ https://phbidlautdemo.prahu-hub.com/user/forgotpassword:4015
[  294050ms] [LOG] minutes:0 @ https://phbidlautdemo.prahu-hub.com/user/forgotpassword:4015
[  295052ms] [LOG] minutes:0 @ https://phbidlautdemo.prahu-hub.com/user/forgotpassword:4015
[  296041ms] [LOG] minutes:0 @ https://phbidlautdemo.prahu-hub.com/user/forgotpassword:4015
[  297039ms] [LOG] minutes:0 @ https://phbidlautdemo.prahu-hub.com/user/forgotpassword:4015
[  298054ms] [LOG] minutes:0 @ https://phbidlautdemo.prahu-hub.com/user/forgotpassword:4015
[  299047ms] [LOG] minutes:0 @ https://phbidlautdemo.prahu-hub.com/user/forgotpassword:4015
[  300050ms] [LOG] minutes:0 @ https://phbidlautdemo.prahu-hub.com/user/forgotpassword:4015
[  301044ms] [LOG] minutes:0 @ https://phbidlautdemo.prahu-hub.com/user/forgotpassword:4015
[  302048ms] [LOG] minutes:0 @ https://phbidlautdemo.prahu-hub.com/user/forgotpassword:4015
[  303040ms] [LOG] minutes:0 @ https://phbidlautdemo.prahu-hub.com/user/forgotpassword:4015
[  304039ms] [LOG] minutes:0 @ https://phbidlautdemo.prahu-hub.com/user/forgotpassword:4015
[  305044ms] [LOG] minutes:0 @ https://phbidlautdemo.prahu-hub.com/user/forgotpassword:4015
[  306039ms] [LOG] minutes:0 @ https://phbidlautdemo.prahu-hub.com/user/forgotpassword:4015
[  307047ms] [LOG] minutes:0 @ https://phbidlautdemo.prahu-hub.com/user/forgotpassword:4015
[  308051ms] [LOG] minutes:0 @ https://phbidlautdemo.prahu-hub.com/user/forgotpassword:4015
[  309041ms] [LOG] minutes:0 @ https://phbidlautdemo.prahu-hub.com/user/forgotpassword:4015
[  310041ms] [LOG] minutes:0 @ https://phbidlautdemo.prahu-hub.com/user/forgotpassword:4015
[  311041ms] [LOG] minutes:0 @ https://phbidlautdemo.prahu-hub.com/user/forgotpassword:4015
[  312063ms] [LOG] minutes:0 @ https://phbidlautdemo.prahu-hub.com/user/forgotpassword:4015
[  313047ms] [LOG] minutes:0 @ https://phbidlautdemo.prahu-hub.com/user/forgotpassword:4015
[  314043ms] [LOG] minutes:0 @ https://phbidlautdemo.prahu-hub.com/user/forgotpassword:4015
[  315048ms] [LOG] minutes:0 @ https://phbidlautdemo.prahu-hub.com/user/forgotpassword:4015
[  316046ms] [LOG] minutes:0 @ https://phbidlautdemo.prahu-hub.com/user/forgotpassword:4015
[  317040ms] [LOG] minutes:0 @ https://phbidlautdemo.prahu-hub.com/user/forgotpassword:4015
[  318069ms] [LOG] minutes:0 @ https://phbidlautdemo.prahu-hub.com/user/forgotpassword:4015
[  319040ms] [LOG] minutes:0 @ https://phbidlautdemo.prahu-hub.com/user/forgotpassword:4015
[  320045ms] [LOG] minutes:0 @ https://phbidlautdemo.prahu-hub.com/user/forgotpassword:4015
[  321045ms] [LOG] minutes:0 @ https://phbidlautdemo.prahu-hub.com/user/forgotpassword:4015
[  322048ms] [LOG] minutes:0 @ https://phbidlautdemo.prahu-hub.com/user/forgotpassword:4015
[  323041ms] [LOG] minutes:0 @ https://phbidlautdemo.prahu-hub.com/user/forgotpassword:4015
[  324042ms] [LOG] minutes:0 @ https://phbidlautdemo.prahu-hub.com/user/forgotpassword:4015
[  325043ms] [LOG] minutes:0 @ https://phbidlautdemo.prahu-hub.com/user/forgotpassword:4015
[  326046ms] [LOG] minutes:0 @ https://phbidlautdemo.prahu-hub.com/user/forgotpassword:4015
[  327048ms] [LOG] minutes:0 @ https://phbidlautdemo.prahu-hub.com/user/forgotpassword:4015
[  328049ms] [LOG] minutes:0 @ https://phbidlautdemo.prahu-hub.com/user/forgotpassword:4015
[  329054ms] [LOG] minutes:0 @ https://phbidlautdemo.prahu-hub.com/user/forgotpassword:4015
[  330044ms] [LOG] minutes:0 @ https://phbidlautdemo.prahu-hub.com/user/forgotpassword:4015
[  331043ms] [LOG] minutes:0 @ https://phbidlautdemo.prahu-hub.com/user/forgotpassword:4015
[  332042ms] [LOG] minutes:0 @ https://phbidlautdemo.prahu-hub.com/user/forgotpassword:4015
[  333041ms] [LOG] minutes:0 @ https://phbidlautdemo.prahu-hub.com/user/forgotpassword:4015
[  334043ms] [LOG] minutes:0 @ https://phbidlautdemo.prahu-hub.com/user/forgotpassword:4015
[  335052ms] [LOG] minutes:0 @ https://phbidlautdemo.prahu-hub.com/user/forgotpassword:4015
[  336045ms] [LOG] minutes:0 @ https://phbidlautdemo.prahu-hub.com/user/forgotpassword:4015
[  337052ms] [LOG] minutes:0 @ https://phbidlautdemo.prahu-hub.com/user/forgotpassword:4015
[  338053ms] [LOG] minutes:0 @ https://phbidlautdemo.prahu-hub.com/user/forgotpassword:4015
[  339045ms] [LOG] minutes:0 @ https://phbidlautdemo.prahu-hub.com/user/forgotpassword:4015
[  340046ms] [LOG] minutes:0 @ https://phbidlautdemo.prahu-hub.com/user/forgotpassword:4015
[  341049ms] [LOG] minutes:0 @ https://phbidlautdemo.prahu-hub.com/user/forgotpassword:4015
[  342049ms] [LOG] minutes:0 @ https://phbidlautdemo.prahu-hub.com/user/forgotpassword:4015
[  343041ms] [LOG] minutes:0 @ https://phbidlautdemo.prahu-hub.com/user/forgotpassword:4015
[  344040ms] [LOG] minutes:0 @ https://phbidlautdemo.prahu-hub.com/user/forgotpassword:4015
[  697669ms] [LOG] minutes:4 @ https://phbidlautdemo.prahu-hub.com/user/forgotpassword:4015
[  698670ms] [LOG] minutes:4 @ https://phbidlautdemo.prahu-hub.com/user/forgotpassword:4015
[  699672ms] [LOG] minutes:4 @ https://phbidlautdemo.prahu-hub.com/user/forgotpassword:4015
[  700673ms] [LOG] minutes:4 @ https://phbidlautdemo.prahu-hub.com/user/forgotpassword:4015
[  701679ms] [LOG] minutes:4 @ https://phbidlautdemo.prahu-hub.com/user/forgotpassword:4015
[  702667ms] [LOG] minutes:4 @ https://phbidlautdemo.prahu-hub.com/user/forgotpassword:4015
[  703668ms] [LOG] minutes:4 @ https://phbidlautdemo.prahu-hub.com/user/forgotpassword:4015
[  704674ms] [LOG] minutes:4 @ https://phbidlautdemo.prahu-hub.com/user/forgotpassword:4015
[  705677ms] [LOG] minutes:4 @ https://phbidlautdemo.prahu-hub.com/user/forgotpassword:4015
[  706681ms] [LOG] minutes:4 @ https://phbidlautdemo.prahu-hub.com/user/forgotpassword:4015
[  707668ms] [LOG] minutes:4 @ https://phbidlautdemo.prahu-hub.com/user/forgotpassword:4015
[  708673ms] [LOG] minutes:4 @ https://phbidlautdemo.prahu-hub.com/user/forgotpassword:4015
[  709675ms] [LOG] minutes:4 @ https://phbidlautdemo.prahu-hub.com/user/forgotpassword:4015
[  710671ms] [LOG] minutes:4 @ https://phbidlautdemo.prahu-hub.com/user/forgotpassword:4015
[  711677ms] [LOG] minutes:4 @ https://phbidlautdemo.prahu-hub.com/user/forgotpassword:4015
[  712672ms] [LOG] minutes:4 @ https://phbidlautdemo.prahu-hub.com/user/forgotpassword:4015
[  713669ms] [LOG] minutes:4 @ https://phbidlautdemo.prahu-hub.com/user/forgotpassword:4015
[  714669ms] [LOG] minutes:4 @ https://phbidlautdemo.prahu-hub.com/user/forgotpassword:4015
[  715681ms] [LOG] minutes:4 @ https://phbidlautdemo.prahu-hub.com/user/forgotpassword:4015
[  716679ms] [LOG] minutes:4 @ https://phbidlautdemo.prahu-hub.com/user/forgotpassword:4015
[  717680ms] [LOG] minutes:4 @ https://phbidlautdemo.prahu-hub.com/user/forgotpassword:4015
[  718674ms] [LOG] minutes:4 @ https://phbidlautdemo.prahu-hub.com/user/forgotpassword:4015
[  719676ms] [LOG] minutes:4 @ https://phbidlautdemo.prahu-hub.com/user/forgotpassword:4015
[  720730ms] [LOG] minutes:4 @ https://phbidlautdemo.prahu-hub.com/user/forgotpassword:4015
[  721667ms] [LOG] minutes:4 @ https://phbidlautdemo.prahu-hub.com/user/forgotpassword:4015
[  722675ms] [LOG] minutes:4 @ https://phbidlautdemo.prahu-hub.com/user/forgotpassword:4015
[  723679ms] [LOG] minutes:4 @ https://phbidlautdemo.prahu-hub.com/user/forgotpassword:4015
[  724681ms] [LOG] minutes:4 @ https://phbidlautdemo.prahu-hub.com/user/forgotpassword:4015
[  725674ms] [LOG] minutes:4 @ https://phbidlautdemo.prahu-hub.com/user/forgotpassword:4015
[  726675ms] [LOG] minutes:4 @ https://phbidlautdemo.prahu-hub.com/user/forgotpassword:4015
[  727677ms] [LOG] minutes:4 @ https://phbidlautdemo.prahu-hub.com/user/forgotpassword:4015
[  728778ms] [LOG] minutes:4 @ https://phbidlautdemo.prahu-hub.com/user/forgotpassword:4015
[  729673ms] [LOG] minutes:4 @ https://phbidlautdemo.prahu-hub.com/user/forgotpassword:4015
[  730669ms] [LOG] minutes:4 @ https://phbidlautdemo.prahu-hub.com/user/forgotpassword:4015
[  731672ms] [LOG] minutes:4 @ https://phbidlautdemo.prahu-hub.com/user/forgotpassword:4015
[  732680ms] [LOG] minutes:4 @ https://phbidlautdemo.prahu-hub.com/user/forgotpassword:4015
[  733675ms] [LOG] minutes:4 @ https://phbidlautdemo.prahu-hub.com/user/forgotpassword:4015
[  734677ms] [LOG] minutes:4 @ https://phbidlautdemo.prahu-hub.com/user/forgotpassword:4015
[  735680ms] [LOG] minutes:4 @ https://phbidlautdemo.prahu-hub.com/user/forgotpassword:4015
[  736682ms] [LOG] minutes:4 @ https://phbidlautdemo.prahu-hub.com/user/forgotpassword:4015
[  737679ms] [LOG] minutes:4 @ https://phbidlautdemo.prahu-hub.com/user/forgotpassword:4015
[  738676ms] [LOG] minutes:4 @ https://phbidlautdemo.prahu-hub.com/user/forgotpassword:4015
[  739670ms] [LOG] minutes:4 @ https://phbidlautdemo.prahu-hub.com/user/forgotpassword:4015
[  740669ms] [LOG] minutes:4 @ https://phbidlautdemo.prahu-hub.com/user/forgotpassword:4015
[  741668ms] [LOG] minutes:4 @ https://phbidlautdemo.prahu-hub.com/user/forgotpassword:4015
[  742677ms] [LOG] minutes:4 @ https://phbidlautdemo.prahu-hub.com/user/forgotpassword:4015
[  743668ms] [LOG] minutes:4 @ https://phbidlautdemo.prahu-hub.com/user/forgotpassword:4015
[  744683ms] [LOG] minutes:4 @ https://phbidlautdemo.prahu-hub.com/user/forgotpassword:4015
[  745672ms] [LOG] minutes:4 @ https://phbidlautdemo.prahu-hub.com/user/forgotpassword:4015
[  746672ms] [LOG] minutes:4 @ https://phbidlautdemo.prahu-hub.com/user/forgotpassword:4015
[  747678ms] [LOG] minutes:4 @ https://phbidlautdemo.prahu-hub.com/user/forgotpassword:4015
[  748669ms] [LOG] minutes:4 @ https://phbidlautdemo.prahu-hub.com/user/forgotpassword:4015
[  749666ms] [LOG] minutes:4 @ https://phbidlautdemo.prahu-hub.com/user/forgotpassword:4015
[  750670ms] [LOG] minutes:4 @ https://phbidlautdemo.prahu-hub.com/user/forgotpassword:4015
[  751676ms] [LOG] minutes:4 @ https://phbidlautdemo.prahu-hub.com/user/forgotpassword:4015
[  752674ms] [LOG] minutes:4 @ https://phbidlautdemo.prahu-hub.com/user/forgotpassword:4015
[  753680ms] [LOG] minutes:4 @ https://phbidlautdemo.prahu-hub.com/user/forgotpassword:4015
[  754681ms] [LOG] minutes:4 @ https://phbidlautdemo.prahu-hub.com/user/forgotpassword:4015
[  755671ms] [LOG] minutes:4 @ https://phbidlautdemo.prahu-hub.com/user/forgotpassword:4015
[  756670ms] [LOG] minutes:4 @ https://phbidlautdemo.prahu-hub.com/user/forgotpassword:4015
[  757681ms] [LOG] minutes:3 @ https://phbidlautdemo.prahu-hub.com/user/forgotpassword:4015
[  758668ms] [LOG] minutes:3 @ https://phbidlautdemo.prahu-hub.com/user/forgotpassword:4015
[  759675ms] [LOG] minutes:3 @ https://phbidlautdemo.prahu-hub.com/user/forgotpassword:4015
[  760672ms] [LOG] minutes:3 @ https://phbidlautdemo.prahu-hub.com/user/forgotpassword:4015
[  761676ms] [LOG] minutes:3 @ https://phbidlautdemo.prahu-hub.com/user/forgotpassword:4015
[  762668ms] [LOG] minutes:3 @ https://phbidlautdemo.prahu-hub.com/user/forgotpassword:4015
[  763668ms] [LOG] minutes:3 @ https://phbidlautdemo.prahu-hub.com/user/forgotpassword:4015
[  764667ms] [LOG] minutes:3 @ https://phbidlautdemo.prahu-hub.com/user/forgotpassword:4015
[  765670ms] [LOG] minutes:3 @ https://phbidlautdemo.prahu-hub.com/user/forgotpassword:4015
[  766671ms] [LOG] minutes:3 @ https://phbidlautdemo.prahu-hub.com/user/forgotpassword:4015
[  767676ms] [LOG] minutes:3 @ https://phbidlautdemo.prahu-hub.com/user/forgotpassword:4015
[  768670ms] [LOG] minutes:3 @ https://phbidlautdemo.prahu-hub.com/user/forgotpassword:4015
[  769667ms] [LOG] minutes:3 @ https://phbidlautdemo.prahu-hub.com/user/forgotpassword:4015
[  770770ms] [LOG] minutes:3 @ https://phbidlautdemo.prahu-hub.com/user/forgotpassword:4015
[  771677ms] [LOG] minutes:3 @ https://phbidlautdemo.prahu-hub.com/user/forgotpassword:4015
[  772678ms] [LOG] minutes:3 @ https://phbidlautdemo.prahu-hub.com/user/forgotpassword:4015
[  773679ms] [LOG] minutes:3 @ https://phbidlautdemo.prahu-hub.com/user/forgotpassword:4015
[  774669ms] [LOG] minutes:3 @ https://phbidlautdemo.prahu-hub.com/user/forgotpassword:4015
[  775672ms] [LOG] minutes:3 @ https://phbidlautdemo.prahu-hub.com/user/forgotpassword:4015
[  776673ms] [LOG] minutes:3 @ https://phbidlautdemo.prahu-hub.com/user/forgotpassword:4015
[  777677ms] [LOG] minutes:3 @ https://phbidlautdemo.prahu-hub.com/user/forgotpassword:4015
[  778666ms] [LOG] minutes:3 @ https://phbidlautdemo.prahu-hub.com/user/forgotpassword:4015
[  779670ms] [LOG] minutes:3 @ https://phbidlautdemo.prahu-hub.com/user/forgotpassword:4015
[  780671ms] [LOG] minutes:3 @ https://phbidlautdemo.prahu-hub.com/user/forgotpassword:4015
[  781680ms] [LOG] minutes:3 @ https://phbidlautdemo.prahu-hub.com/user/forgotpassword:4015
[  782680ms] [LOG] minutes:3 @ https://phbidlautdemo.prahu-hub.com/user/forgotpassword:4015
[  783667ms] [LOG] minutes:3 @ https://phbidlautdemo.prahu-hub.com/user/forgotpassword:4015
[  784672ms] [LOG] minutes:3 @ https://phbidlautdemo.prahu-hub.com/user/forgotpassword:4015
[  785677ms] [LOG] minutes:3 @ https://phbidlautdemo.prahu-hub.com/user/forgotpassword:4015
[  786681ms] [LOG] minutes:3 @ https://phbidlautdemo.prahu-hub.com/user/forgotpassword:4015
[  787670ms] [LOG] minutes:3 @ https://phbidlautdemo.prahu-hub.com/user/forgotpassword:4015
[  788668ms] [LOG] minutes:3 @ https://phbidlautdemo.prahu-hub.com/user/forgotpassword:4015
[  789674ms] [LOG] minutes:3 @ https://phbidlautdemo.prahu-hub.com/user/forgotpassword:4015
[  790678ms] [LOG] minutes:3 @ https://phbidlautdemo.prahu-hub.com/user/forgotpassword:4015
[  791682ms] [LOG] minutes:3 @ https://phbidlautdemo.prahu-hub.com/user/forgotpassword:4015
[  792682ms] [LOG] minutes:3 @ https://phbidlautdemo.prahu-hub.com/user/forgotpassword:4015
[  793668ms] [LOG] minutes:3 @ https://phbidlautdemo.prahu-hub.com/user/forgotpassword:4015
[  794675ms] [LOG] minutes:3 @ https://phbidlautdemo.prahu-hub.com/user/forgotpassword:4015
[  795677ms] [LOG] minutes:3 @ https://phbidlautdemo.prahu-hub.com/user/forgotpassword:4015
[  796679ms] [LOG] minutes:3 @ https://phbidlautdemo.prahu-hub.com/user/forgotpassword:4015
[  797669ms] [LOG] minutes:3 @ https://phbidlautdemo.prahu-hub.com/user/forgotpassword:4015
[  798670ms] [LOG] minutes:3 @ https://phbidlautdemo.prahu-hub.com/user/forgotpassword:4015
[  799671ms] [LOG] minutes:3 @ https://phbidlautdemo.prahu-hub.com/user/forgotpassword:4015
[  800676ms] [LOG] minutes:3 @ https://phbidlautdemo.prahu-hub.com/user/forgotpassword:4015
[  801669ms] [LOG] minutes:3 @ https://phbidlautdemo.prahu-hub.com/user/forgotpassword:4015
[  802671ms] [LOG] minutes:3 @ https://phbidlautdemo.prahu-hub.com/user/forgotpassword:4015
[  803668ms] [LOG] minutes:3 @ https://phbidlautdemo.prahu-hub.com/user/forgotpassword:4015
[  804678ms] [LOG] minutes:3 @ https://phbidlautdemo.prahu-hub.com/user/forgotpassword:4015
[  805678ms] [LOG] minutes:3 @ https://phbidlautdemo.prahu-hub.com/user/forgotpassword:4015
[  806684ms] [LOG] minutes:3 @ https://phbidlautdemo.prahu-hub.com/user/forgotpassword:4015
[  807671ms] [LOG] minutes:3 @ https://phbidlautdemo.prahu-hub.com/user/forgotpassword:4015
[  808675ms] [LOG] minutes:3 @ https://phbidlautdemo.prahu-hub.com/user/forgotpassword:4015
[  809678ms] [LOG] minutes:3 @ https://phbidlautdemo.prahu-hub.com/user/forgotpassword:4015
[  810682ms] [LOG] minutes:3 @ https://phbidlautdemo.prahu-hub.com/user/forgotpassword:4015
[  811670ms] [LOG] minutes:3 @ https://phbidlautdemo.prahu-hub.com/user/forgotpassword:4015
[  812674ms] [LOG] minutes:3 @ https://phbidlautdemo.prahu-hub.com/user/forgotpassword:4015
[  813677ms] [LOG] minutes:3 @ https://phbidlautdemo.prahu-hub.com/user/forgotpassword:4015
[  814679ms] [LOG] minutes:3 @ https://phbidlautdemo.prahu-hub.com/user/forgotpassword:4015
[  815683ms] [LOG] minutes:3 @ https://phbidlautdemo.prahu-hub.com/user/forgotpassword:4015
[  816669ms] [LOG] minutes:3 @ https://phbidlautdemo.prahu-hub.com/user/forgotpassword:4015
[  817668ms] [LOG] minutes:2 @ https://phbidlautdemo.prahu-hub.com/user/forgotpassword:4015
[  818671ms] [LOG] minutes:2 @ https://phbidlautdemo.prahu-hub.com/user/forgotpassword:4015
[  819679ms] [LOG] minutes:2 @ https://phbidlautdemo.prahu-hub.com/user/forgotpassword:4015
[  820669ms] [LOG] minutes:2 @ https://phbidlautdemo.prahu-hub.com/user/forgotpassword:4015
[  821668ms] [LOG] minutes:2 @ https://phbidlautdemo.prahu-hub.com/user/forgotpassword:4015
[  822668ms] [LOG] minutes:2 @ https://phbidlautdemo.prahu-hub.com/user/forgotpassword:4015
[  823674ms] [LOG] minutes:2 @ https://phbidlautdemo.prahu-hub.com/user/forgotpassword:4015
[  824668ms] [LOG] minutes:2 @ https://phbidlautdemo.prahu-hub.com/user/forgotpassword:4015
[  825680ms] [LOG] minutes:2 @ https://phbidlautdemo.prahu-hub.com/user/forgotpassword:4015
[  826667ms] [LOG] minutes:2 @ https://phbidlautdemo.prahu-hub.com/user/forgotpassword:4015
[  827671ms] [LOG] minutes:2 @ https://phbidlautdemo.prahu-hub.com/user/forgotpassword:4015
[  828678ms] [LOG] minutes:2 @ https://phbidlautdemo.prahu-hub.com/user/forgotpassword:4015
[  829668ms] [LOG] minutes:2 @ https://phbidlautdemo.prahu-hub.com/user/forgotpassword:4015
[  830670ms] [LOG] minutes:2 @ https://phbidlautdemo.prahu-hub.com/user/forgotpassword:4015
[  831673ms] [LOG] minutes:2 @ https://phbidlautdemo.prahu-hub.com/user/forgotpassword:4015
[  832676ms] [LOG] minutes:2 @ https://phbidlautdemo.prahu-hub.com/user/forgotpassword:4015
[  833676ms] [LOG] minutes:2 @ https://phbidlautdemo.prahu-hub.com/user/forgotpassword:4015
[  834683ms] [LOG] minutes:2 @ https://phbidlautdemo.prahu-hub.com/user/forgotpassword:4015
[  835668ms] [LOG] minutes:2 @ https://phbidlautdemo.prahu-hub.com/user/forgotpassword:4015
[  836667ms] [LOG] minutes:2 @ https://phbidlautdemo.prahu-hub.com/user/forgotpassword:4015
[  837677ms] [LOG] minutes:2 @ https://phbidlautdemo.prahu-hub.com/user/forgotpassword:4015
[  838680ms] [LOG] minutes:2 @ https://phbidlautdemo.prahu-hub.com/user/forgotpassword:4015
[  839681ms] [LOG] minutes:2 @ https://phbidlautdemo.prahu-hub.com/user/forgotpassword:4015
[  840672ms] [LOG] minutes:2 @ https://phbidlautdemo.prahu-hub.com/user/forgotpassword:4015
[  841675ms] [LOG] minutes:2 @ https://phbidlautdemo.prahu-hub.com/user/forgotpassword:4015
[  842677ms] [LOG] minutes:2 @ https://phbidlautdemo.prahu-hub.com/user/forgotpassword:4015
[  843680ms] [LOG] minutes:2 @ https://phbidlautdemo.prahu-hub.com/user/forgotpassword:4015
[  844300ms] [VERBOSE] [DOM] Input elements should have autocomplete attributes (suggested: "new-password"): (More info: https://goo.gl/9p2vKq) %o @ https://phbidlautdemo.prahu-hub.com/user/forgotpassword:0
[  844300ms] [VERBOSE] [DOM] Input elements should have autocomplete attributes (suggested: "new-password"): (More info: https://goo.gl/9p2vKq) %o @ https://phbidlautdemo.prahu-hub.com/user/forgotpassword:0
[  844668ms] [LOG] minutes:2 @ https://phbidlautdemo.prahu-hub.com/user/forgotpassword:4015
[  845685ms] [LOG] minutes:2 @ https://phbidlautdemo.prahu-hub.com/user/forgotpassword:4015
[  846671ms] [LOG] minutes:2 @ https://phbidlautdemo.prahu-hub.com/user/forgotpassword:4015
[  847676ms] [LOG] minutes:2 @ https://phbidlautdemo.prahu-hub.com/user/forgotpassword:4015
[  848696ms] [LOG] minutes:2 @ https://phbidlautdemo.prahu-hub.com/user/forgotpassword:4015
[  849672ms] [LOG] minutes:2 @ https://phbidlautdemo.prahu-hub.com/user/forgotpassword:4015
[  850669ms] [LOG] minutes:2 @ https://phbidlautdemo.prahu-hub.com/user/forgotpassword:4015
[  851675ms] [LOG] minutes:2 @ https://phbidlautdemo.prahu-hub.com/user/forgotpassword:4015
[  852675ms] [LOG] minutes:2 @ https://phbidlautdemo.prahu-hub.com/user/forgotpassword:4015
[  853680ms] [LOG] minutes:2 @ https://phbidlautdemo.prahu-hub.com/user/forgotpassword:4015
[  854668ms] [LOG] minutes:2 @ https://phbidlautdemo.prahu-hub.com/user/forgotpassword:4015
[  855671ms] [LOG] minutes:2 @ https://phbidlautdemo.prahu-hub.com/user/forgotpassword:4015
[  856681ms] [LOG] minutes:2 @ https://phbidlautdemo.prahu-hub.com/user/forgotpassword:4015
[  857674ms] [LOG] minutes:2 @ https://phbidlautdemo.prahu-hub.com/user/forgotpassword:4015
[  858669ms] [LOG] minutes:2 @ https://phbidlautdemo.prahu-hub.com/user/forgotpassword:4015
[  859672ms] [LOG] minutes:2 @ https://phbidlautdemo.prahu-hub.com/user/forgotpassword:4015
[  860674ms] [LOG] minutes:2 @ https://phbidlautdemo.prahu-hub.com/user/forgotpassword:4015
[  861674ms] [LOG] minutes:2 @ https://phbidlautdemo.prahu-hub.com/user/forgotpassword:4015
[  862677ms] [LOG] minutes:2 @ https://phbidlautdemo.prahu-hub.com/user/forgotpassword:4015
[  863678ms] [LOG] minutes:2 @ https://phbidlautdemo.prahu-hub.com/user/forgotpassword:4015
[  864667ms] [LOG] minutes:2 @ https://phbidlautdemo.prahu-hub.com/user/forgotpassword:4015
[  865669ms] [LOG] minutes:2 @ https://phbidlautdemo.prahu-hub.com/user/forgotpassword:4015
[  866677ms] [LOG] minutes:2 @ https://phbidlautdemo.prahu-hub.com/user/forgotpassword:4015
[  867680ms] [LOG] minutes:2 @ https://phbidlautdemo.prahu-hub.com/user/forgotpassword:4015
[  868669ms] [LOG] minutes:2 @ https://phbidlautdemo.prahu-hub.com/user/forgotpassword:4015
[  869671ms] [LOG] minutes:2 @ https://phbidlautdemo.prahu-hub.com/user/forgotpassword:4015
[  870675ms] [LOG] minutes:2 @ https://phbidlautdemo.prahu-hub.com/user/forgotpassword:4015
[  871679ms] [LOG] minutes:2 @ https://phbidlautdemo.prahu-hub.com/user/forgotpassword:4015
[  872682ms] [LOG] minutes:2 @ https://phbidlautdemo.prahu-hub.com/user/forgotpassword:4015
[  873669ms] [LOG] minutes:2 @ https://phbidlautdemo.prahu-hub.com/user/forgotpassword:4015
[  874672ms] [LOG] minutes:2 @ https://phbidlautdemo.prahu-hub.com/user/forgotpassword:4015
[  875676ms] [LOG] minutes:2 @ https://phbidlautdemo.prahu-hub.com/user/forgotpassword:4015
[  876711ms] [LOG] minutes:2 @ https://phbidlautdemo.prahu-hub.com/user/forgotpassword:4015
[  877683ms] [LOG] minutes:1 @ https://phbidlautdemo.prahu-hub.com/user/forgotpassword:4015
[  878670ms] [LOG] minutes:1 @ https://phbidlautdemo.prahu-hub.com/user/forgotpassword:4015
[  879673ms] [LOG] minutes:1 @ https://phbidlautdemo.prahu-hub.com/user/forgotpassword:4015
[  880677ms] [LOG] minutes:1 @ https://phbidlautdemo.prahu-hub.com/user/forgotpassword:4015
[  881679ms] [LOG] minutes:1 @ https://phbidlautdemo.prahu-hub.com/user/forgotpassword:4015
[  882668ms] [LOG] minutes:1 @ https://phbidlautdemo.prahu-hub.com/user/forgotpassword:4015
[  883669ms] [LOG] minutes:1 @ https://phbidlautdemo.prahu-hub.com/user/forgotpassword:4015
[  884674ms] [LOG] minutes:1 @ https://phbidlautdemo.prahu-hub.com/user/forgotpassword:4015
[  885676ms] [LOG] minutes:1 @ https://phbidlautdemo.prahu-hub.com/user/forgotpassword:4015
[  886679ms] [LOG] minutes:1 @ https://phbidlautdemo.prahu-hub.com/user/forgotpassword:4015
[  887682ms] [LOG] minutes:1 @ https://phbidlautdemo.prahu-hub.com/user/forgotpassword:4015
[  888671ms] [LOG] minutes:1 @ https://phbidlautdemo.prahu-hub.com/user/forgotpassword:4015
[  889673ms] [LOG] minutes:1 @ https://phbidlautdemo.prahu-hub.com/user/forgotpassword:4015
[  890679ms] [LOG] minutes:1 @ https://phbidlautdemo.prahu-hub.com/user/forgotpassword:4015
[  891680ms] [LOG] minutes:1 @ https://phbidlautdemo.prahu-hub.com/user/forgotpassword:4015
[  892683ms] [LOG] minutes:1 @ https://phbidlautdemo.prahu-hub.com/user/forgotpassword:4015
[  893671ms] [LOG] minutes:1 @ https://phbidlautdemo.prahu-hub.com/user/forgotpassword:4015
[  894674ms] [LOG] minutes:1 @ https://phbidlautdemo.prahu-hub.com/user/forgotpassword:4015
[  895677ms] [LOG] minutes:1 @ https://phbidlautdemo.prahu-hub.com/user/forgotpassword:4015
[  896681ms] [LOG] minutes:1 @ https://phbidlautdemo.prahu-hub.com/user/forgotpassword:4015
[  897668ms] [LOG] minutes:1 @ https://phbidlautdemo.prahu-hub.com/user/forgotpassword:4015
[  898671ms] [LOG] minutes:1 @ https://phbidlautdemo.prahu-hub.com/user/forgotpassword:4015
[  899678ms] [LOG] minutes:1 @ https://phbidlautdemo.prahu-hub.com/user/forgotpassword:4015
[  900680ms] [LOG] minutes:1 @ https://phbidlautdemo.prahu-hub.com/user/forgotpassword:4015
[  901685ms] [LOG] minutes:1 @ https://phbidlautdemo.prahu-hub.com/user/forgotpassword:4015
[  902670ms] [LOG] minutes:1 @ https://phbidlautdemo.prahu-hub.com/user/forgotpassword:4015
[  903674ms] [LOG] minutes:1 @ https://phbidlautdemo.prahu-hub.com/user/forgotpassword:4015
[  904676ms] [LOG] minutes:1 @ https://phbidlautdemo.prahu-hub.com/user/forgotpassword:4015
[  905681ms] [LOG] minutes:1 @ https://phbidlautdemo.prahu-hub.com/user/forgotpassword:4015
[  906668ms] [LOG] minutes:1 @ https://phbidlautdemo.prahu-hub.com/user/forgotpassword:4015
[  907671ms] [LOG] minutes:1 @ https://phbidlautdemo.prahu-hub.com/user/forgotpassword:4015
[  908675ms] [LOG] minutes:1 @ https://phbidlautdemo.prahu-hub.com/user/forgotpassword:4015
[  909678ms] [LOG] minutes:1 @ https://phbidlautdemo.prahu-hub.com/user/forgotpassword:4015
[  910667ms] [LOG] minutes:1 @ https://phbidlautdemo.prahu-hub.com/user/forgotpassword:4015
[  911669ms] [LOG] minutes:1 @ https://phbidlautdemo.prahu-hub.com/user/forgotpassword:4015
[  912672ms] [LOG] minutes:1 @ https://phbidlautdemo.prahu-hub.com/user/forgotpassword:4015
[  913676ms] [LOG] minutes:1 @ https://phbidlautdemo.prahu-hub.com/user/forgotpassword:4015
[  914679ms] [LOG] minutes:1 @ https://phbidlautdemo.prahu-hub.com/user/forgotpassword:4015
[  915682ms] [LOG] minutes:1 @ https://phbidlautdemo.prahu-hub.com/user/forgotpassword:4015
[  916670ms] [LOG] minutes:1 @ https://phbidlautdemo.prahu-hub.com/user/forgotpassword:4015
[  917667ms] [LOG] minutes:1 @ https://phbidlautdemo.prahu-hub.com/user/forgotpassword:4015
[  918678ms] [LOG] minutes:1 @ https://phbidlautdemo.prahu-hub.com/user/forgotpassword:4015
[  919676ms] [LOG] minutes:1 @ https://phbidlautdemo.prahu-hub.com/user/forgotpassword:4015
[  920667ms] [LOG] minutes:1 @ https://phbidlautdemo.prahu-hub.com/user/forgotpassword:4015
[  921669ms] [LOG] minutes:1 @ https://phbidlautdemo.prahu-hub.com/user/forgotpassword:4015
[  922669ms] [LOG] minutes:1 @ https://phbidlautdemo.prahu-hub.com/user/forgotpassword:4015
[  923677ms] [LOG] minutes:1 @ https://phbidlautdemo.prahu-hub.com/user/forgotpassword:4015
[  924671ms] [LOG] minutes:1 @ https://phbidlautdemo.prahu-hub.com/user/forgotpassword:4015
[  925680ms] [LOG] minutes:1 @ https://phbidlautdemo.prahu-hub.com/user/forgotpassword:4015
[  926670ms] [LOG] minutes:1 @ https://phbidlautdemo.prahu-hub.com/user/forgotpassword:4015
[  927674ms] [LOG] minutes:1 @ https://phbidlautdemo.prahu-hub.com/user/forgotpassword:4015
[  928677ms] [LOG] minutes:1 @ https://phbidlautdemo.prahu-hub.com/user/forgotpassword:4015
[  929680ms] [LOG] minutes:1 @ https://phbidlautdemo.prahu-hub.com/user/forgotpassword:4015
[  930672ms] [LOG] minutes:1 @ https://phbidlautdemo.prahu-hub.com/user/forgotpassword:4015
[  931671ms] [LOG] minutes:1 @ https://phbidlautdemo.prahu-hub.com/user/forgotpassword:4015
[  932673ms] [LOG] minutes:1 @ https://phbidlautdemo.prahu-hub.com/user/forgotpassword:4015
[  933678ms] [LOG] minutes:1 @ https://phbidlautdemo.prahu-hub.com/user/forgotpassword:4015
[  934555ms] [LOG] false @ https://phbidlautdemo.prahu-hub.com/user/forgotpassword:3732
[  934667ms] [LOG] minutes:1 @ https://phbidlautdemo.prahu-hub.com/user/forgotpassword:4015
[  935681ms] [LOG] minutes:1 @ https://phbidlautdemo.prahu-hub.com/user/forgotpassword:4015
[  936668ms] [LOG] minutes:1 @ https://phbidlautdemo.prahu-hub.com/user/forgotpassword:4015
[  937674ms] [LOG] minutes:0 @ https://phbidlautdemo.prahu-hub.com/user/forgotpassword:4015
[  938678ms] [LOG] minutes:0 @ https://phbidlautdemo.prahu-hub.com/user/forgotpassword:4015
[  939682ms] [LOG] minutes:0 @ https://phbidlautdemo.prahu-hub.com/user/forgotpassword:4015
[  940669ms] [LOG] minutes:0 @ https://phbidlautdemo.prahu-hub.com/user/forgotpassword:4015
[  941668ms] [LOG] minutes:0 @ https://phbidlautdemo.prahu-hub.com/user/forgotpassword:4015
[  942677ms] [LOG] minutes:0 @ https://phbidlautdemo.prahu-hub.com/user/forgotpassword:4015
[  943680ms] [LOG] minutes:0 @ https://phbidlautdemo.prahu-hub.com/user/forgotpassword:4015
[  944683ms] [LOG] minutes:0 @ https://phbidlautdemo.prahu-hub.com/user/forgotpassword:4015
[  945670ms] [LOG] minutes:0 @ https://phbidlautdemo.prahu-hub.com/user/forgotpassword:4015
[  946674ms] [LOG] minutes:0 @ https://phbidlautdemo.prahu-hub.com/user/forgotpassword:4015
[  947678ms] [LOG] minutes:0 @ https://phbidlautdemo.prahu-hub.com/user/forgotpassword:4015
[  948681ms] [LOG] minutes:0 @ https://phbidlautdemo.prahu-hub.com/user/forgotpassword:4015
[  949668ms] [LOG] minutes:0 @ https://phbidlautdemo.prahu-hub.com/user/forgotpassword:4015
[  950671ms] [LOG] minutes:0 @ https://phbidlautdemo.prahu-hub.com/user/forgotpassword:4015
[  951675ms] [LOG] minutes:0 @ https://phbidlautdemo.prahu-hub.com/user/forgotpassword:4015
[  952677ms] [LOG] minutes:0 @ https://phbidlautdemo.prahu-hub.com/user/forgotpassword:4015
[  953682ms] [LOG] minutes:0 @ https://phbidlautdemo.prahu-hub.com/user/forgotpassword:4015
[  954669ms] [LOG] minutes:0 @ https://phbidlautdemo.prahu-hub.com/user/forgotpassword:4015
[  955672ms] [LOG] minutes:0 @ https://phbidlautdemo.prahu-hub.com/user/forgotpassword:4015
[  956676ms] [LOG] minutes:0 @ https://phbidlautdemo.prahu-hub.com/user/forgotpassword:4015
[  957679ms] [LOG] minutes:0 @ https://phbidlautdemo.prahu-hub.com/user/forgotpassword:4015
[  958667ms] [LOG] minutes:0 @ https://phbidlautdemo.prahu-hub.com/user/forgotpassword:4015
[  959669ms] [LOG] minutes:0 @ https://phbidlautdemo.prahu-hub.com/user/forgotpassword:4015
[  960674ms] [LOG] minutes:0 @ https://phbidlautdemo.prahu-hub.com/user/forgotpassword:4015
[  961676ms] [LOG] minutes:0 @ https://phbidlautdemo.prahu-hub.com/user/forgotpassword:4015
[  962680ms] [LOG] minutes:0 @ https://phbidlautdemo.prahu-hub.com/user/forgotpassword:4015
[  963668ms] [LOG] minutes:0 @ https://phbidlautdemo.prahu-hub.com/user/forgotpassword:4015
[  964670ms] [LOG] minutes:0 @ https://phbidlautdemo.prahu-hub.com/user/forgotpassword:4015
[  965674ms] [LOG] minutes:0 @ https://phbidlautdemo.prahu-hub.com/user/forgotpassword:4015
[  966677ms] [LOG] minutes:0 @ https://phbidlautdemo.prahu-hub.com/user/forgotpassword:4015
[  967681ms] [LOG] minutes:0 @ https://phbidlautdemo.prahu-hub.com/user/forgotpassword:4015
[  968668ms] [LOG] minutes:0 @ https://phbidlautdemo.prahu-hub.com/user/forgotpassword:4015
[  969671ms] [LOG] minutes:0 @ https://phbidlautdemo.prahu-hub.com/user/forgotpassword:4015
[  970675ms] [LOG] minutes:0 @ https://phbidlautdemo.prahu-hub.com/user/forgotpassword:4015
[  971680ms] [LOG] minutes:0 @ https://phbidlautdemo.prahu-hub.com/user/forgotpassword:4015
[  972682ms] [LOG] minutes:0 @ https://phbidlautdemo.prahu-hub.com/user/forgotpassword:4015
[  973668ms] [LOG] minutes:0 @ https://phbidlautdemo.prahu-hub.com/user/forgotpassword:4015
[  974673ms] [LOG] minutes:0 @ https://phbidlautdemo.prahu-hub.com/user/forgotpassword:4015
[  975677ms] [LOG] minutes:0 @ https://phbidlautdemo.prahu-hub.com/user/forgotpassword:4015
[  976679ms] [LOG] minutes:0 @ https://phbidlautdemo.prahu-hub.com/user/forgotpassword:4015
[  977683ms] [LOG] minutes:0 @ https://phbidlautdemo.prahu-hub.com/user/forgotpassword:4015
[  978669ms] [LOG] minutes:0 @ https://phbidlautdemo.prahu-hub.com/user/forgotpassword:4015
[  979673ms] [LOG] minutes:0 @ https://phbidlautdemo.prahu-hub.com/user/forgotpassword:4015
[  980676ms] [LOG] minutes:0 @ https://phbidlautdemo.prahu-hub.com/user/forgotpassword:4015
[  981679ms] [LOG] minutes:0 @ https://phbidlautdemo.prahu-hub.com/user/forgotpassword:4015
[  982683ms] [LOG] minutes:0 @ https://phbidlautdemo.prahu-hub.com/user/forgotpassword:4015
[  983671ms] [LOG] minutes:0 @ https://phbidlautdemo.prahu-hub.com/user/forgotpassword:4015
[  984674ms] [LOG] minutes:0 @ https://phbidlautdemo.prahu-hub.com/user/forgotpassword:4015
[  985677ms] [LOG] minutes:0 @ https://phbidlautdemo.prahu-hub.com/user/forgotpassword:4015
[  986681ms] [LOG] minutes:0 @ https://phbidlautdemo.prahu-hub.com/user/forgotpassword:4015
[  987667ms] [LOG] minutes:0 @ https://phbidlautdemo.prahu-hub.com/user/forgotpassword:4015
[  988672ms] [LOG] minutes:0 @ https://phbidlautdemo.prahu-hub.com/user/forgotpassword:4015
[  989675ms] [LOG] minutes:0 @ https://phbidlautdemo.prahu-hub.com/user/forgotpassword:4015
[  990679ms] [LOG] minutes:0 @ https://phbidlautdemo.prahu-hub.com/user/forgotpassword:4015
[  991675ms] [LOG] minutes:0 @ https://phbidlautdemo.prahu-hub.com/user/forgotpassword:4015
[  992670ms] [LOG] minutes:0 @ https://phbidlautdemo.prahu-hub.com/user/forgotpassword:4015
[  993672ms] [LOG] minutes:0 @ https://phbidlautdemo.prahu-hub.com/user/forgotpassword:4015
[  994673ms] [LOG] minutes:0 @ https://phbidlautdemo.prahu-hub.com/user/forgotpassword:4015
[  995679ms] [LOG] minutes:0 @ https://phbidlautdemo.prahu-hub.com/user/forgotpassword:4015
[  996681ms] [LOG] minutes:0 @ https://phbidlautdemo.prahu-hub.com/user/forgotpassword:4015
[ 1026093ms] [LOG] false @ https://phbidlautdemo.prahu-hub.com/user/forgotpassword:3732
[ 1100286ms] [LOG] true @ https://phbidlautdemo.prahu-hub.com/user/forgotpassword:3732
[ 1150233ms] ReferenceError: dete is not defined
    at https://phbidlautdemo.prahu-hub.com/user/login:1465:5
[ 1150258ms] TypeError: Failed to execute 'observe' on 'IntersectionObserver': parameter 1 is not of type 'Element'.
    at https://phbidlautdemo.prahu-hub.com/user/login:1932:14
[ 1150274ms] [VERBOSE] [DOM] Input elements should have autocomplete attributes (suggested: "current-password"): (More info: https://goo.gl/9p2vKq) %o @ https://phbidlautdemo.prahu-hub.com/user/login:0
[ 1150277ms] [LOG] 0 @ https://phbidlautdemo.prahu-hub.com/user/login:1426
[ 1150277ms] [LOG] undefined scr @ https://phbidlautdemo.prahu-hub.com/user/login:1430
[ 1168794ms] [LOG] ddd @ https://phbidlautdemo.prahu-hub.com/user/login:1525
[ 1168952ms] [LOG] {pesan: SUB_SHIPPER, status: 1, user_aktif: 1, hapus: 0, user_aktif_sub: null} @ https://phbidlautdemo.prahu-hub.com/user/login:1558
[ 1168953ms] [LOG] {pesan: SUB_SHIPPER, status: 1, user_aktif: 1, hapus: 0, user_aktif_sub: null} a @ https://phbidlautdemo.prahu-hub.com/user/login:1560
[ 1170180ms] Cannot use import statement outside a module
[ 1170213ms] ReferenceError: Chart is not defined
    at https://phbidlautdemo.prahu-hub.com/_resources/themes/prahutheme/js/scripts-init/charts/chartjs.js:8:13
[ 1170350ms] Unexpected token '<'
[ 1170351ms] Unexpected token '<'
[ 1170402ms] Uncaught TypeError: expect element to be DOM Element, but got null
    at n.init (https://cdnjs.cloudflare.com/ajax/libs/smooth-scrollbar/8.5.2/smooth-scrollbar.js:24:264)
    at <anonymous> (https://phbidlautdemo.prahu-hub.com/home/akunsaya:5168:14)
[ 1170412ms] [LOG] Akun Sayanamanya @ https://phbidlautdemo.prahu-hub.com/home/akunsaya:1834
[ 1170418ms] [LOG] WebSocket connection @ https://phbidlautdemo.prahu-hub.com/home/akunsaya:5563
[ 1170418ms] [LOG] WebSocket connection attempting... @ https://phbidlautdemo.prahu-hub.com/home/akunsaya:5641
[ 1171533ms] [LOG] WebSocket connected @ https://phbidlautdemo.prahu-hub.com/home/akunsaya:5572
[ 1171537ms] [LOG] update_dashboard_order_laut @ https://phbidlautdemo.prahu-hub.com/home/akunsaya:5613
[ 1171560ms] [LOG] Connected @ https://phbidlautdemo.prahu-hub.com/home/akunsaya:5613
[ 1171662ms] [LOG] 200 xhrglobal @ https://phbidlautdemo.prahu-hub.com/home/akunsaya:5494
[ 1171743ms] [LOG] 200 xhrglobal @ https://phbidlautdemo.prahu-hub.com/home/akunsaya:5494
[ 1172421ms] TypeError: $(...).DataTable is not a function
    at https://phbidlautdemo.prahu-hub.com/_resources/themes/prahutheme/js/scripts-init/tables.js:7:23
[ 1212766ms] [LOG] Connected @ https://phbidlautdemo.prahu-hub.com/home/akunsaya:5613
[ 1216501ms] [LOG] Connected @ https://phbidlautdemo.prahu-hub.com/home/akunsaya:5613
[ 1227735ms] [LOG] Connected @ https://phbidlautdemo.prahu-hub.com/home/akunsaya:5613
[ 1240320ms] [LOG] Connected @ https://phbidlautdemo.prahu-hub.com/home/akunsaya:5613
[ 1244045ms] [LOG] Connected @ https://phbidlautdemo.prahu-hub.com/home/akunsaya:5613
[ 1255400ms] [LOG] Connected @ https://phbidlautdemo.prahu-hub.com/home/akunsaya:5613
[ 1266957ms] [LOG] Connected @ https://phbidlautdemo.prahu-hub.com/home/akunsaya:5613
[ 1267758ms] [LOG] Connected @ https://phbidlautdemo.prahu-hub.com/home/akunsaya:5613
[ 1272680ms] [LOG] Connected @ https://phbidlautdemo.prahu-hub.com/home/akunsaya:5613
[ 1272925ms] [LOG] Connected @ https://phbidlautdemo.prahu-hub.com/home/akunsaya:5613
[ 1277173ms] [LOG] Connected @ https://phbidlautdemo.prahu-hub.com/home/akunsaya:5613
[ 1288433ms] [LOG] Connected @ https://phbidlautdemo.prahu-hub.com/home/akunsaya:5613
[ 1292741ms] [LOG] updateNotif.542-543-544-935-914-906-900-876-856-820-796-795-783-764-704-689-688-685-642-641-640-639-638-635-634-633-632-631-629-628-627-626-625-624-623-622-621-614-459-536-23 @ https://phbidlautdemo.prahu-hub.com/home/akunsaya:5613
[ 1292782ms] [LOG] notif_badge_hide.542-543-544-935-914-906-900-876-856-820-796-795-783-764-704-689-688-685-642-641-640-639-638-635-634-633-632-631-629-628-627-626-625-624-623-622-621-614-459-536-23 @ https://phbidlautdemo.prahu-hub.com/home/akunsaya:5613
[ 1292784ms] [LOG] update_dashboard_order_laut @ https://phbidlautdemo.prahu-hub.com/home/akunsaya:5613
[ 1294418ms] [LOG] Connected @ https://phbidlautdemo.prahu-hub.com/home/akunsaya:5613
[ 1295375ms] [LOG] Connected @ https://phbidlautdemo.prahu-hub.com/home/akunsaya:5613
[ 1300334ms] [LOG] Connected @ https://phbidlautdemo.prahu-hub.com/home/akunsaya:5613
[ 1310380ms] [LOG] Connected @ https://phbidlautdemo.prahu-hub.com/home/akunsaya:5613
[ 1314513ms] [LOG] Connected @ https://phbidlautdemo.prahu-hub.com/home/akunsaya:5613
[ 1330257ms] [LOG] Connected @ https://phbidlautdemo.prahu-hub.com/home/akunsaya:5613
[ 1338706ms] [LOG] Connected @ https://phbidlautdemo.prahu-hub.com/home/akunsaya:5613
[ 1344966ms] [LOG] Connected @ https://phbidlautdemo.prahu-hub.com/home/akunsaya:5613
[ 1349131ms] [LOG] Connected @ https://phbidlautdemo.prahu-hub.com/home/akunsaya:5613
[ 1352155ms] [LOG] Connected @ https://phbidlautdemo.prahu-hub.com/home/akunsaya:5613
[ 1364719ms] [LOG] Connected @ https://phbidlautdemo.prahu-hub.com/home/akunsaya:5613
[ 1374113ms] [LOG] Connected @ https://phbidlautdemo.prahu-hub.com/home/akunsaya:5613
[ 1374221ms] [LOG] Connected @ https://phbidlautdemo.prahu-hub.com/home/akunsaya:5613
[ 1382394ms] [LOG] Connected @ https://phbidlautdemo.prahu-hub.com/home/akunsaya:5613
[ 1383463ms] [LOG] Connected @ https://phbidlautdemo.prahu-hub.com/home/akunsaya:5613
[ 1385935ms] [LOG] Connected @ https://phbidlautdemo.prahu-hub.com/home/akunsaya:5613
