[    2539ms] Cannot use import statement outside a module
[    2550ms] ReferenceError: Chart is not defined
    at https://phbidlautdemo.prahu-hub.com/_resources/themes/prahutheme/js/scripts-init/charts/chartjs.js:8:13
[    3026ms] Unexpected token '<'
[    3555ms] Unexpected token '<'
[    3584ms] Uncaught TypeError: expect element to be DOM Element, but got null
    at n.init (https://cdnjs.cloudflare.com/ajax/libs/smooth-scrollbar/8.5.2/smooth-scrollbar.js:24:264)
    at <anonymous> (https://phbidlautdemo.prahu-hub.com/order/buatinvoice/1452:6655:14)
[    3605ms] [LOG] Daftar Ordernamanya @ https://phbidlautdemo.prahu-hub.com/order/buatinvoice/1452:2039
[    3633ms] [LOG] nilai_diskon 0 @ https://phbidlautdemo.prahu-hub.com/order/buatinvoice/1452:5803
[    3633ms] [LOG] 39640000 @ https://phbidlautdemo.prahu-hub.com/order/buatinvoice/1452:5804
[    3634ms] [LOG] nilai_diskon 0 @ https://phbidlautdemo.prahu-hub.com/order/buatinvoice/1452:5803
[    3634ms] [LOG] 39640000 @ https://phbidlautdemo.prahu-hub.com/order/buatinvoice/1452:5804
[    3635ms] [LOG] nilai_diskon 0 @ https://phbidlautdemo.prahu-hub.com/order/buatinvoice/1452:5803
[    3635ms] [LOG] 39640000 @ https://phbidlautdemo.prahu-hub.com/order/buatinvoice/1452:5804
[    3635ms] [LOG] nilai_diskon 0 @ https://phbidlautdemo.prahu-hub.com/order/buatinvoice/1452:5803
[    3635ms] [LOG] 39640000 @ https://phbidlautdemo.prahu-hub.com/order/buatinvoice/1452:5804
[    3644ms] [LOG] undefined @ https://phbidlautdemo.prahu-hub.com/order/buatinvoice/1452:7008
[    3644ms] [LOG] undefined @ https://phbidlautdemo.prahu-hub.com/order/buatinvoice/1452:7008
[    3644ms] [LOG] undefined @ https://phbidlautdemo.prahu-hub.com/order/buatinvoice/1452:7008
[    3644ms] [LOG] Masukkan Nama Perusahaan @ https://phbidlautdemo.prahu-hub.com/order/buatinvoice/1452:7008
[    3644ms] [LOG] Masukkan Nomor Telepon @ https://phbidlautdemo.prahu-hub.com/order/buatinvoice/1452:7008
[    3644ms] [LOG] Masukkan Alamat Email @ https://phbidlautdemo.prahu-hub.com/order/buatinvoice/1452:7008
[    3644ms] [LOG] Masukkan Nama Shipper @ https://phbidlautdemo.prahu-hub.com/order/buatinvoice/1452:7008
[    3644ms] [LOG] Masukkan ID Order @ https://phbidlautdemo.prahu-hub.com/order/buatinvoice/1452:7008
[    3644ms] [LOG] Masukkan Nomor Invoice @ https://phbidlautdemo.prahu-hub.com/order/buatinvoice/1452:7008
[    3644ms] [LOG] DD/MM/YYYY @ https://phbidlautdemo.prahu-hub.com/order/buatinvoice/1452:7008
[    3644ms] [LOG] DD/MM/YYYY @ https://phbidlautdemo.prahu-hub.com/order/buatinvoice/1452:7008
[    3645ms] [LOG] Harga @ https://phbidlautdemo.prahu-hub.com/order/buatinvoice/1452:7008
[    3645ms] [LOG] Harga @ https://phbidlautdemo.prahu-hub.com/order/buatinvoice/1452:7008
[    3645ms] [LOG] Harga @ https://phbidlautdemo.prahu-hub.com/order/buatinvoice/1452:7008
[    3645ms] [LOG] Harga @ https://phbidlautdemo.prahu-hub.com/order/buatinvoice/1452:7008
[    3645ms] [LOG] 0 @ https://phbidlautdemo.prahu-hub.com/order/buatinvoice/1452:7008
[    3645ms] [LOG] undefined @ https://phbidlautdemo.prahu-hub.com/order/buatinvoice/1452:7008
[    3645ms] [LOG] 0 @ https://phbidlautdemo.prahu-hub.com/order/buatinvoice/1452:7008
[    3645ms] [LOG] undefined @ https://phbidlautdemo.prahu-hub.com/order/buatinvoice/1452:7008
[    3645ms] [LOG] 0 @ https://phbidlautdemo.prahu-hub.com/order/buatinvoice/1452:7008
[    3646ms] [LOG] undefined @ https://phbidlautdemo.prahu-hub.com/order/buatinvoice/1452:7008
[    3646ms] [LOG] undefined @ https://phbidlautdemo.prahu-hub.com/order/buatinvoice/1452:7008
[    3646ms] [LOG] Masukkan Nomor Rekening @ https://phbidlautdemo.prahu-hub.com/order/buatinvoice/1452:7008
[    3646ms] [LOG] Masukkan Nama Bank @ https://phbidlautdemo.prahu-hub.com/order/buatinvoice/1452:7008
[    3646ms] [LOG] Masukkan Nomor Invoice @ https://phbidlautdemo.prahu-hub.com/order/buatinvoice/1452:7008
[    3646ms] [LOG] Masukkan Nomor Rekening @ https://phbidlautdemo.prahu-hub.com/order/buatinvoice/1452:7008
[    3646ms] [LOG] Masukkan Nama Bank @ https://phbidlautdemo.prahu-hub.com/order/buatinvoice/1452:7008
[    3646ms] [LOG] Masukkan Nomor Invoice @ https://phbidlautdemo.prahu-hub.com/order/buatinvoice/1452:7008
[    3646ms] [LOG] undefined @ https://phbidlautdemo.prahu-hub.com/order/buatinvoice/1452:7008
[    3646ms] [LOG] undefined @ https://phbidlautdemo.prahu-hub.com/order/buatinvoice/1452:7008
[    3646ms] [LOG] undefined @ https://phbidlautdemo.prahu-hub.com/order/buatinvoice/1452:7008
[    3647ms] [LOG] WebSocket connection @ https://phbidlautdemo.prahu-hub.com/order/buatinvoice/1452:7051
[    3647ms] [LOG] WebSocket connection attempting... @ https://phbidlautdemo.prahu-hub.com/order/buatinvoice/1452:7129
[    4600ms] [LOG] WebSocket connected @ https://phbidlautdemo.prahu-hub.com/order/buatinvoice/1452:7060
[    4602ms] [LOG] update_dashboard_order_laut @ https://phbidlautdemo.prahu-hub.com/order/buatinvoice/1452:7101
[    4913ms] [LOG] Connected @ https://phbidlautdemo.prahu-hub.com/order/buatinvoice/1452:7101
[    4986ms] [LOG] 200 xhrglobal @ https://phbidlautdemo.prahu-hub.com/order/buatinvoice/1452:6982
[    5042ms] [LOG] 200 xhrglobal @ https://phbidlautdemo.prahu-hub.com/order/buatinvoice/1452:6982
[    5615ms] TypeError: $(...).DataTable is not a function
    at https://phbidlautdemo.prahu-hub.com/_resources/themes/prahutheme/js/scripts-init/tables.js:7:23
