[    1534ms] Cannot use import statement outside a module
[    1549ms] ReferenceError: Chart is not defined
    at https://phbidlautdemo.prahu-hub.com/_resources/themes/prahutheme/js/scripts-init/charts/chartjs.js:8:13
[    1550ms] Unexpected token '<'
[    1665ms] Unexpected token '<'
[    1710ms] Uncaught TypeError: expect element to be DOM Element, but got null
    at n.init (https://cdnjs.cloudflare.com/ajax/libs/smooth-scrollbar/8.5.2/smooth-scrollbar.js:24:264)
    at <anonymous> (https://phbidlautdemo.prahu-hub.com/order/uploadinvoice/1407:7070:14)
[    1733ms] [LOG] Daftar Ordernamanya @ https://phbidlautdemo.prahu-hub.com/order/uploadinvoice/1407:2039
[    1743ms] [LOG] undefined @ https://phbidlautdemo.prahu-hub.com/order/uploadinvoice/1407:7423
[    1743ms] [LOG] undefined @ https://phbidlautdemo.prahu-hub.com/order/uploadinvoice/1407:7423
[    1743ms] [LOG] undefined @ https://phbidlautdemo.prahu-hub.com/order/uploadinvoice/1407:7423
[    1744ms] [LOG] undefined @ https://phbidlautdemo.prahu-hub.com/order/uploadinvoice/1407:7423
[    1748ms] [LOG] WebSocket connection @ https://phbidlautdemo.prahu-hub.com/order/uploadinvoice/1407:7466
[    1749ms] [LOG] WebSocket connection attempting... @ https://phbidlautdemo.prahu-hub.com/order/uploadinvoice/1407:7544
[    1866ms] [LOG] 200 xhrglobal @ https://phbidlautdemo.prahu-hub.com/order/uploadinvoice/1407:7397
[    1898ms] [LOG] WebSocket connected @ https://phbidlautdemo.prahu-hub.com/order/uploadinvoice/1407:7475
[    1900ms] [LOG] update_dashboard_order_laut @ https://phbidlautdemo.prahu-hub.com/order/uploadinvoice/1407:7516
[    1928ms] [LOG] Connected @ https://phbidlautdemo.prahu-hub.com/order/uploadinvoice/1407:7516
[    2084ms] [LOG] 200 xhrglobal @ https://phbidlautdemo.prahu-hub.com/order/uploadinvoice/1407:7397
[    2166ms] [LOG] 200 xhrglobal @ https://phbidlautdemo.prahu-hub.com/order/uploadinvoice/1407:7397
[    3743ms] TypeError: $(...).DataTable is not a function
    at https://phbidlautdemo.prahu-hub.com/_resources/themes/prahutheme/js/scripts-init/tables.js:7:23
[    6544ms] [LOG] Connected @ https://phbidlautdemo.prahu-hub.com/order/uploadinvoice/1407:7516
[   16299ms] [LOG] notif_badge_hide.485-471-460-459-454-451-447-417-385-262-194-192-49-42-18-8-373-1 @ https://phbidlautdemo.prahu-hub.com/order/uploadinvoice/1407:7516
[   16299ms] [LOG] updateNotifDarat.485-471-460-459-454-451-447-417-385-262-194-192-49-42-18-8-373-1 @ https://phbidlautdemo.prahu-hub.com/order/uploadinvoice/1407:7516
[   17439ms] [LOG] Connected @ https://phbidlautdemo.prahu-hub.com/order/uploadinvoice/1407:7516
