[    2334ms] Cannot use import statement outside a module
[    2351ms] ReferenceError: Chart is not defined
    at https://phbidlautdemo.prahu-hub.com/_resources/themes/prahutheme/js/scripts-init/charts/chartjs.js:8:13
[    2839ms] Unexpected token '<'
[    3353ms] Unexpected token '<'
[    3436ms] Uncaught TypeError: expect element to be DOM Element, but got null
    at n.init (https://cdnjs.cloudflare.com/ajax/libs/smooth-scrollbar/8.5.2/smooth-scrollbar.js:24:264)
    at <anonymous> (https://phbidlautdemo.prahu-hub.com/order/buatinvoice/1392:6698:14)
[    3459ms] [LOG] Daftar Ordernamanya @ https://phbidlautdemo.prahu-hub.com/order/buatinvoice/1392:2039
[    3484ms] [LOG] nilai_diskon 0 @ https://phbidlautdemo.prahu-hub.com/order/buatinvoice/1392:5846
[    3484ms] [LOG] 13213332.652 @ https://phbidlautdemo.prahu-hub.com/order/buatinvoice/1392:5847
[    3486ms] [LOG] nilai_diskon 0 @ https://phbidlautdemo.prahu-hub.com/order/buatinvoice/1392:5846
[    3486ms] [LOG] 13213332.012 @ https://phbidlautdemo.prahu-hub.com/order/buatinvoice/1392:5847
[    3486ms] [LOG] nilai_diskon 0 @ https://phbidlautdemo.prahu-hub.com/order/buatinvoice/1392:5846
[    3486ms] [LOG] 13213332.012 @ https://phbidlautdemo.prahu-hub.com/order/buatinvoice/1392:5847
[    3487ms] [LOG] nilai_diskon 0 @ https://phbidlautdemo.prahu-hub.com/order/buatinvoice/1392:5846
[    3487ms] [LOG] 13213332.012 @ https://phbidlautdemo.prahu-hub.com/order/buatinvoice/1392:5847
[    3494ms] [LOG] undefined @ https://phbidlautdemo.prahu-hub.com/order/buatinvoice/1392:7051
[    3494ms] [LOG] undefined @ https://phbidlautdemo.prahu-hub.com/order/buatinvoice/1392:7051
[    3495ms] [LOG] undefined @ https://phbidlautdemo.prahu-hub.com/order/buatinvoice/1392:7051
[    3495ms] [LOG] Masukkan Nama Perusahaan @ https://phbidlautdemo.prahu-hub.com/order/buatinvoice/1392:7051
[    3495ms] [LOG] Masukkan Nomor Telepon @ https://phbidlautdemo.prahu-hub.com/order/buatinvoice/1392:7051
[    3495ms] [LOG] Masukkan Alamat Email @ https://phbidlautdemo.prahu-hub.com/order/buatinvoice/1392:7051
[    3495ms] [LOG] Masukkan Nama Shipper @ https://phbidlautdemo.prahu-hub.com/order/buatinvoice/1392:7051
[    3495ms] [LOG] Masukkan ID Order @ https://phbidlautdemo.prahu-hub.com/order/buatinvoice/1392:7051
[    3495ms] [LOG] Masukkan Nomor Invoice @ https://phbidlautdemo.prahu-hub.com/order/buatinvoice/1392:7051
[    3495ms] [LOG] DD/MM/YYYY @ https://phbidlautdemo.prahu-hub.com/order/buatinvoice/1392:7051
[    3496ms] [LOG] DD/MM/YYYY @ https://phbidlautdemo.prahu-hub.com/order/buatinvoice/1392:7051
[    3496ms] [LOG] Harga @ https://phbidlautdemo.prahu-hub.com/order/buatinvoice/1392:7051
[    3496ms] [LOG] Harga @ https://phbidlautdemo.prahu-hub.com/order/buatinvoice/1392:7051
[    3496ms] [LOG] Harga @ https://phbidlautdemo.prahu-hub.com/order/buatinvoice/1392:7051
[    3496ms] [LOG] Harga @ https://phbidlautdemo.prahu-hub.com/order/buatinvoice/1392:7051
[    3497ms] [LOG] Harga @ https://phbidlautdemo.prahu-hub.com/order/buatinvoice/1392:7051
[    3497ms] [LOG] Harga @ https://phbidlautdemo.prahu-hub.com/order/buatinvoice/1392:7051
[    3497ms] [LOG] 0 @ https://phbidlautdemo.prahu-hub.com/order/buatinvoice/1392:7051
[    3497ms] [LOG] undefined @ https://phbidlautdemo.prahu-hub.com/order/buatinvoice/1392:7051
[    3497ms] [LOG] 0 @ https://phbidlautdemo.prahu-hub.com/order/buatinvoice/1392:7051
[    3497ms] [LOG] undefined @ https://phbidlautdemo.prahu-hub.com/order/buatinvoice/1392:7051
[    3497ms] [LOG] 0 @ https://phbidlautdemo.prahu-hub.com/order/buatinvoice/1392:7051
[    3497ms] [LOG] undefined @ https://phbidlautdemo.prahu-hub.com/order/buatinvoice/1392:7051
[    3497ms] [LOG] undefined @ https://phbidlautdemo.prahu-hub.com/order/buatinvoice/1392:7051
[    3498ms] [LOG] Masukkan Nomor Rekening @ https://phbidlautdemo.prahu-hub.com/order/buatinvoice/1392:7051
[    3498ms] [LOG] Masukkan Nama Bank @ https://phbidlautdemo.prahu-hub.com/order/buatinvoice/1392:7051
[    3498ms] [LOG] Masukkan Nomor Invoice @ https://phbidlautdemo.prahu-hub.com/order/buatinvoice/1392:7051
[    3498ms] [LOG] Masukkan Nomor Rekening @ https://phbidlautdemo.prahu-hub.com/order/buatinvoice/1392:7051
[    3498ms] [LOG] Masukkan Nama Bank @ https://phbidlautdemo.prahu-hub.com/order/buatinvoice/1392:7051
[    3498ms] [LOG] Masukkan Nomor Invoice @ https://phbidlautdemo.prahu-hub.com/order/buatinvoice/1392:7051
[    3498ms] [LOG] undefined @ https://phbidlautdemo.prahu-hub.com/order/buatinvoice/1392:7051
[    3498ms] [LOG] undefined @ https://phbidlautdemo.prahu-hub.com/order/buatinvoice/1392:7051
[    3498ms] [LOG] undefined @ https://phbidlautdemo.prahu-hub.com/order/buatinvoice/1392:7051
[    3499ms] [LOG] WebSocket connection @ https://phbidlautdemo.prahu-hub.com/order/buatinvoice/1392:7094
[    3499ms] [LOG] WebSocket connection attempting... @ https://phbidlautdemo.prahu-hub.com/order/buatinvoice/1392:7172
[    3612ms] [LOG] WebSocket connected @ https://phbidlautdemo.prahu-hub.com/order/buatinvoice/1392:7103
[    3614ms] [LOG] update_dashboard_order_laut @ https://phbidlautdemo.prahu-hub.com/order/buatinvoice/1392:7144
[    3640ms] [LOG] Connected @ https://phbidlautdemo.prahu-hub.com/order/buatinvoice/1392:7144
[    4018ms] [LOG] 200 xhrglobal @ https://phbidlautdemo.prahu-hub.com/order/buatinvoice/1392:7025
[    4061ms] [LOG] 200 xhrglobal @ https://phbidlautdemo.prahu-hub.com/order/buatinvoice/1392:7025
[    4582ms] [LOG] Connected @ https://phbidlautdemo.prahu-hub.com/order/buatinvoice/1392:7144
[    5473ms] TypeError: $(...).DataTable is not a function
    at https://phbidlautdemo.prahu-hub.com/_resources/themes/prahutheme/js/scripts-init/tables.js:7:23
