[    1045ms] Cannot use import statement outside a module
[    1064ms] ReferenceError: Chart is not defined
    at https://phbidlautdemo.prahu-hub.com/_resources/themes/prahutheme/js/scripts-init/charts/chartjs.js:8:13
[    1234ms] Unexpected token '<'
[    1235ms] Unexpected token '<'
[    1262ms] Uncaught TypeError: expect element to be DOM Element, but got null
    at n.init (https://cdnjs.cloudflare.com/ajax/libs/smooth-scrollbar/8.5.2/smooth-scrollbar.js:24:264)
    at <anonymous> (https://phbidlautdemo.prahu-hub.com/home/detaillaporanlogistik/dUkwK0ZZNEI4OVNoaktnQjZxSFA3QT09:5737:14)
[    1272ms] [LOG] Laporannamanya @ https://phbidlautdemo.prahu-hub.com/home/detaillaporanlogistik/dUkwK0ZZNEI4OVNoaktnQjZxSFA3QT09:1876
[    1278ms] [LOG] WebSocket connection @ https://phbidlautdemo.prahu-hub.com/home/detaillaporanlogistik/dUkwK0ZZNEI4OVNoaktnQjZxSFA3QT09:6132
[    1278ms] [LOG] WebSocket connection attempting... @ https://phbidlautdemo.prahu-hub.com/home/detaillaporanlogistik/dUkwK0ZZNEI4OVNoaktnQjZxSFA3QT09:6210
[    1420ms] [LOG] WebSocket connected @ https://phbidlautdemo.prahu-hub.com/home/detaillaporanlogistik/dUkwK0ZZNEI4OVNoaktnQjZxSFA3QT09:6141
[    1425ms] [LOG] update_dashboard_order_laut @ https://phbidlautdemo.prahu-hub.com/home/detaillaporanlogistik/dUkwK0ZZNEI4OVNoaktnQjZxSFA3QT09:6182
[    1447ms] [LOG] Connected @ https://phbidlautdemo.prahu-hub.com/home/detaillaporanlogistik/dUkwK0ZZNEI4OVNoaktnQjZxSFA3QT09:6182
[    1621ms] [LOG] 200 xhrglobal @ https://phbidlautdemo.prahu-hub.com/home/detaillaporanlogistik/dUkwK0ZZNEI4OVNoaktnQjZxSFA3QT09:6063
[    1662ms] [LOG] 200 xhrglobal @ https://phbidlautdemo.prahu-hub.com/home/detaillaporanlogistik/dUkwK0ZZNEI4OVNoaktnQjZxSFA3QT09:6063
[    3294ms] TypeError: $(...).DataTable is not a function
    at https://phbidlautdemo.prahu-hub.com/_resources/themes/prahutheme/js/scripts-init/tables.js:7:23
[    7762ms] [LOG] updateNotif.901-858-787-935-914-906-900-876-856-820-796-795-783-764-704-689-688-685-642-641-640-639-638-635-634-633-632-631-629-628-627-626-625-624-623-622-621-614-459-325-23 @ https://phbidlautdemo.prahu-hub.com/home/detaillaporanlogistik/dUkwK0ZZNEI4OVNoaktnQjZxSFA3QT09:6182
[    7852ms] [LOG] update_dashboard_order_laut @ https://phbidlautdemo.prahu-hub.com/home/detaillaporanlogistik/dUkwK0ZZNEI4OVNoaktnQjZxSFA3QT09:6182
[    8215ms] [LOG] Connected @ https://phbidlautdemo.prahu-hub.com/home/detaillaporanlogistik/dUkwK0ZZNEI4OVNoaktnQjZxSFA3QT09:6182
[    8508ms] [LOG] notif_badge_hide.901-858-787-935-914-906-900-876-856-820-796-795-783-764-704-689-688-685-642-641-640-639-638-635-634-633-632-631-629-628-627-626-625-624-623-622-621-614-459-325-23 @ https://phbidlautdemo.prahu-hub.com/home/detaillaporanlogistik/dUkwK0ZZNEI4OVNoaktnQjZxSFA3QT09:6182
[   11037ms] [LOG] Connected @ https://phbidlautdemo.prahu-hub.com/home/detaillaporanlogistik/dUkwK0ZZNEI4OVNoaktnQjZxSFA3QT09:6182
[   11166ms] [LOG] Connected @ https://phbidlautdemo.prahu-hub.com/home/detaillaporanlogistik/dUkwK0ZZNEI4OVNoaktnQjZxSFA3QT09:6182
