[    1422ms] Unexpected token '<'
[    1460ms] Cannot use import statement outside a module
[    1496ms] ReferenceError: Chart is not defined
    at https://phbidlautdemo.prahu-hub.com/_resources/themes/prahutheme/js/scripts-init/charts/chartjs.js:8:13
[    1542ms] Unexpected token '<'
[    1543ms] Unexpected token '<'
[    1613ms] TypeError: $(...).datetimepicker is not a function
    at https://phbidlautdemo.prahu-hub.com/lelang/batalkanlelang/1092:5740:15
[    1646ms] Uncaught TypeError: expect element to be DOM Element, but got null
    at <anonymous> (https://cdnjs.cloudflare.com/ajax/libs/smooth-scrollbar/8.5.2/smooth-scrollbar.js:24:264)
    at <anonymous> (https://phbidlautdemo.prahu-hub.com/lelang/batalkanlelang/1092:6252:14)
[    1781ms] [LOG] Pengajuan Lelangnamanya @ https://phbidlautdemo.prahu-hub.com/lelang/batalkanlelang/1092:2039
[    1804ms] [LOG] undefined @ https://phbidlautdemo.prahu-hub.com/lelang/batalkanlelang/1092:6605
[    1805ms] [LOG] undefined @ https://phbidlautdemo.prahu-hub.com/lelang/batalkanlelang/1092:6605
[    1805ms] [LOG] undefined @ https://phbidlautdemo.prahu-hub.com/lelang/batalkanlelang/1092:6605
[    1806ms] [LOG] WebSocket connection @ https://phbidlautdemo.prahu-hub.com/lelang/batalkanlelang/1092:6648
[    1807ms] [LOG] WebSocket connection attempting... @ https://phbidlautdemo.prahu-hub.com/lelang/batalkanlelang/1092:6726
[    1953ms] [LOG] WebSocket connected @ https://phbidlautdemo.prahu-hub.com/lelang/batalkanlelang/1092:6657
[    2017ms] [TABLE] {UI version: 8.4.1, Core version: 8.4.0, Build: NC8xMi8yMDIyfDRkZTU3MmExYg==, WebViewer Server: false, Full API: false} @ https://phbidlautdemo.prahu-hub.com/_resources/themes/prahutheme/javascript/PDFView/lib/ui/webviewer-ui.min.js:270
[    2030ms] [LOG] update_dashboard_order_laut @ https://phbidlautdemo.prahu-hub.com/lelang/batalkanlelang/1092:6698
[    2033ms] [LOG] Connected @ https://phbidlautdemo.prahu-hub.com/lelang/batalkanlelang/1092:6698
[    2310ms] [LOG] 200 xhrglobal @ https://phbidlautdemo.prahu-hub.com/lelang/batalkanlelang/1092:6579
[    2314ms] [LOG] 200 xhrglobal @ https://phbidlautdemo.prahu-hub.com/lelang/batalkanlelang/1092:6579
[    2528ms] [VERBOSE] [DOM] Password forms should have (optionally hidden) username fields for accessibility: (More info: https://goo.gl/9p2vKq) %o @ https://phbidlautdemo.prahu-hub.com/_resources/themes/prahutheme/javascript/PDFView/lib/ui/index.html#d=%2Fassets%2Fdokumenaanwijzing%2F65%2FAanwijzing-PT.-Primax-Geo-Sejahtera.pdf&a=1&disabledElements=downloadButton%2CprintButton%2ClanguageButton&filepicker=0&pdfnet=0&enableRedaction=0&enableMeasurement=0&pageHistory=1&notesInLeftPanel=0&singleServerMode=false&selectAnnotationOnCreation=0&autoFocusNoteOnAnnotationSelection=1&id=1&basePath=%2Flelang%2Fbatalkanlelang%2F1092:0
[    4941ms] [LOG] document loaded @ https://phbidlautdemo.prahu-hub.com/lelang/batalkanlelang/1092:5721
[    5028ms] TypeError: $(...).DataTable is not a function
    at https://phbidlautdemo.prahu-hub.com/_resources/themes/prahutheme/js/scripts-init/tables.js:7:23
