[    2614ms] Cannot use import statement outside a module
[    2637ms] ReferenceError: Chart is not defined
    at https://phbidlautdemo.prahu-hub.com/_resources/themes/prahutheme/js/scripts-init/charts/chartjs.js:8:13
[    2648ms] Unexpected token '<'
[    2769ms] Unexpected token '<'
[    2828ms] Uncaught TypeError: expect element to be DOM Element, but got null
    at n.init (https://cdnjs.cloudflare.com/ajax/libs/smooth-scrollbar/8.5.2/smooth-scrollbar.js:24:264)
    at <anonymous> (https://phbidlautdemo.prahu-hub.com/home/analitikscsr:6425:14)
[    2852ms] ReferenceError: selectEl is not defined
    at HTMLDocument.<anonymous> (https://phbidlautdemo.prahu-hub.com/home/analitikscsr:4725:3)
[    2857ms] ReferenceError: selectEl is not defined
    at HTMLDocument.<anonymous> (https://phbidlautdemo.prahu-hub.com/home/analitikscsr:5444:3)
[    2874ms] [LOG] Laporannamanya @ https://phbidlautdemo.prahu-hub.com/home/analitikscsr:2039
[    2890ms] [LOG] DD/MM/YYYY @ https://phbidlautdemo.prahu-hub.com/home/analitikscsr:6778
[    2890ms] [LOG] DD/MM/YYYY @ https://phbidlautdemo.prahu-hub.com/home/analitikscsr:6778
[    2891ms] [LOG] Search... @ https://phbidlautdemo.prahu-hub.com/home/analitikscsr:6778
[    2891ms] [LOG] Search... @ https://phbidlautdemo.prahu-hub.com/home/analitikscsr:6778
[    2891ms] [LOG] undefined @ https://phbidlautdemo.prahu-hub.com/home/analitikscsr:6778
[    2891ms] [LOG] Search... @ https://phbidlautdemo.prahu-hub.com/home/analitikscsr:6778
[    2892ms] [LOG] WebSocket connection @ https://phbidlautdemo.prahu-hub.com/home/analitikscsr:6821
[    2892ms] [LOG] WebSocket connection attempting... @ https://phbidlautdemo.prahu-hub.com/home/analitikscsr:6899
[    4086ms] [LOG] WebSocket connected @ https://phbidlautdemo.prahu-hub.com/home/analitikscsr:6830
[    4090ms] [LOG] update_dashboard_order_laut @ https://phbidlautdemo.prahu-hub.com/home/analitikscsr:6871
[    4238ms] [LOG] 200 xhrglobal @ https://phbidlautdemo.prahu-hub.com/home/analitikscsr:6752
[    4293ms] [LOG] 200 xhrglobal @ https://phbidlautdemo.prahu-hub.com/home/analitikscsr:6752
[    4405ms] [LOG] Connected @ https://phbidlautdemo.prahu-hub.com/home/analitikscsr:6871
[    4454ms] [LOG] Connected @ https://phbidlautdemo.prahu-hub.com/home/analitikscsr:6871
[    4903ms] TypeError: $(...).DataTable is not a function
    at https://phbidlautdemo.prahu-hub.com/_resources/themes/prahutheme/js/scripts-init/tables.js:7:23
[    5680ms] [LOG] Connected @ https://phbidlautdemo.prahu-hub.com/home/analitikscsr:6871
[    6739ms] [LOG] notif_badge_show.485-471-460-459-454-451-447-417-385-262-194-192-49-42-18-8-20-1 @ https://phbidlautdemo.prahu-hub.com/home/analitikscsr:6871
[    6753ms] [LOG] updateNotifDarat.485-471-460-459-454-451-447-417-385-262-194-192-49-42-18-8-20-1 @ https://phbidlautdemo.prahu-hub.com/home/analitikscsr:6871
[    9614ms] [LOG] Connected @ https://phbidlautdemo.prahu-hub.com/home/analitikscsr:6871
[   12458ms] [LOG] notif_badge_show.485-471-460-459-454-451-447-417-385-262-194-192-49-42-18-8-20-1 @ https://phbidlautdemo.prahu-hub.com/home/analitikscsr:6871
[   12471ms] [LOG] updateNotifDarat.485-471-460-459-454-451-447-417-385-262-194-192-49-42-18-8-20-1 @ https://phbidlautdemo.prahu-hub.com/home/analitikscsr:6871
[   19425ms] [LOG] Connected @ https://phbidlautdemo.prahu-hub.com/home/analitikscsr:6871
[   19532ms] [LOG] Connected @ https://phbidlautdemo.prahu-hub.com/home/analitikscsr:6871
[   22273ms] [LOG] notif_badge_show.485-471-460-459-454-451-447-417-385-262-194-192-49-42-18-8-20-1 @ https://phbidlautdemo.prahu-hub.com/home/analitikscsr:6871
[   22273ms] [LOG] updateNotifDarat.485-471-460-459-454-451-447-417-385-262-194-192-49-42-18-8-20-1 @ https://phbidlautdemo.prahu-hub.com/home/analitikscsr:6871
[   27337ms] [LOG] notif_badge_show.485-471-460-459-454-451-447-417-385-262-194-192-49-42-18-8-20-1 @ https://phbidlautdemo.prahu-hub.com/home/analitikscsr:6871
[   27340ms] [LOG] updateNotifDarat.485-471-460-459-454-451-447-417-385-262-194-192-49-42-18-8-20-1 @ https://phbidlautdemo.prahu-hub.com/home/analitikscsr:6871
[   29844ms] [LOG] Connected @ https://phbidlautdemo.prahu-hub.com/home/analitikscsr:6871
[   30869ms] [LOG] updateNotifDarat.485-471-460-459-454-451-447-417-385-262-194-192-49-42-18-8-20-1 @ https://phbidlautdemo.prahu-hub.com/home/analitikscsr:6871
[   30870ms] [LOG] notif_badge_show.485-471-460-459-454-451-447-417-385-262-194-192-49-42-18-8-20-1 @ https://phbidlautdemo.prahu-hub.com/home/analitikscsr:6871
[   32811ms] [LOG] Connected @ https://phbidlautdemo.prahu-hub.com/home/analitikscsr:6871
[   34754ms] [LOG] Connected @ https://phbidlautdemo.prahu-hub.com/home/analitikscsr:6871
[   39220ms] [LOG] notif_badge_show.485-471-460-459-454-451-447-417-385-262-194-192-49-42-18-8-20-1 @ https://phbidlautdemo.prahu-hub.com/home/analitikscsr:6871
[   39226ms] [LOG] updateNotifDarat.485-471-460-459-454-451-447-417-385-262-194-192-49-42-18-8-20-1 @ https://phbidlautdemo.prahu-hub.com/home/analitikscsr:6871
[   42513ms] [LOG] Connected @ https://phbidlautdemo.prahu-hub.com/home/analitikscsr:6871
[   42673ms] [LOG] Connected @ https://phbidlautdemo.prahu-hub.com/home/analitikscsr:6871
[   44747ms] [LOG] Connected @ https://phbidlautdemo.prahu-hub.com/home/analitikscsr:6871
[   45995ms] [LOG] updateNotifDarat.485-471-460-459-454-451-447-417-385-262-194-192-49-42-18-8-20-1 @ https://phbidlautdemo.prahu-hub.com/home/analitikscsr:6871
[   46007ms] [LOG] notif_badge_show.485-471-460-459-454-451-447-417-385-262-194-192-49-42-18-8-20-1 @ https://phbidlautdemo.prahu-hub.com/home/analitikscsr:6871
[   52734ms] [LOG] updateNotifDarat.485-471-460-459-454-451-447-417-385-262-194-192-49-42-18-8-20-1 @ https://phbidlautdemo.prahu-hub.com/home/analitikscsr:6871
[   52747ms] [LOG] notif_badge_show.485-471-460-459-454-451-447-417-385-262-194-192-49-42-18-8-20-1 @ https://phbidlautdemo.prahu-hub.com/home/analitikscsr:6871
[   54252ms] [LOG] Connected @ https://phbidlautdemo.prahu-hub.com/home/analitikscsr:6871
[   58301ms] [LOG] updateNotifDarat.485-471-460-459-454-451-447-417-385-262-194-192-49-42-18-8-20-1 @ https://phbidlautdemo.prahu-hub.com/home/analitikscsr:6871
[   58306ms] [LOG] notif_badge_show.485-471-460-459-454-451-447-417-385-262-194-192-49-42-18-8-20-1 @ https://phbidlautdemo.prahu-hub.com/home/analitikscsr:6871
[   60174ms] [LOG] Connected @ https://phbidlautdemo.prahu-hub.com/home/analitikscsr:6871
[   62038ms] [LOG] notif_badge_show.485-471-460-459-454-451-447-417-385-262-194-192-49-42-18-8-20-1 @ https://phbidlautdemo.prahu-hub.com/home/analitikscsr:6871
[   62042ms] [LOG] updateNotifDarat.485-471-460-459-454-451-447-417-385-262-194-192-49-42-18-8-20-1 @ https://phbidlautdemo.prahu-hub.com/home/analitikscsr:6871
[   62742ms] [LOG] Connected @ https://phbidlautdemo.prahu-hub.com/home/analitikscsr:6871
[   67346ms] [LOG] Connected @ https://phbidlautdemo.prahu-hub.com/home/analitikscsr:6871
[   70254ms] [LOG] Connected @ https://phbidlautdemo.prahu-hub.com/home/analitikscsr:6871
[   70506ms] [LOG] Connected @ https://phbidlautdemo.prahu-hub.com/home/analitikscsr:6871
[   72305ms] [LOG] Connected @ https://phbidlautdemo.prahu-hub.com/home/analitikscsr:6871
[   80957ms] [LOG] updateNotifDarat.20-1 @ https://phbidlautdemo.prahu-hub.com/home/analitikscsr:6871
[   80958ms] [LOG] updateNotifDarat.1 @ https://phbidlautdemo.prahu-hub.com/home/analitikscsr:6871
[   80968ms] [LOG] notif_badge_show.1 @ https://phbidlautdemo.prahu-hub.com/home/analitikscsr:6871
[   80974ms] [LOG] notif_badge_show.20-1 @ https://phbidlautdemo.prahu-hub.com/home/analitikscsr:6871
[   85207ms] [LOG] Connected @ https://phbidlautdemo.prahu-hub.com/home/analitikscsr:6871
[   98052ms] [LOG] Connected @ https://phbidlautdemo.prahu-hub.com/home/analitikscsr:6871
[  148364ms] [LOG] Connected @ https://phbidlautdemo.prahu-hub.com/home/analitikscsr:6871
[  160050ms] [LOG] Connected @ https://phbidlautdemo.prahu-hub.com/home/analitikscsr:6871
[  160293ms] [LOG] Connected @ https://phbidlautdemo.prahu-hub.com/home/analitikscsr:6871
[  162873ms] [LOG] Connected @ https://phbidlautdemo.prahu-hub.com/home/analitikscsr:6871
[  163012ms] [LOG] Connected @ https://phbidlautdemo.prahu-hub.com/home/analitikscsr:6871
[  163135ms] [LOG] Connected @ https://phbidlautdemo.prahu-hub.com/home/analitikscsr:6871
[  165318ms] [LOG] Connected @ https://phbidlautdemo.prahu-hub.com/home/analitikscsr:6871
[  167570ms] [LOG] Connected @ https://phbidlautdemo.prahu-hub.com/home/analitikscsr:6871
[  169084ms] [LOG] Connected @ https://phbidlautdemo.prahu-hub.com/home/analitikscsr:6871
[  171442ms] [LOG] Connected @ https://phbidlautdemo.prahu-hub.com/home/analitikscsr:6871
[  171510ms] [LOG] Connected @ https://phbidlautdemo.prahu-hub.com/home/analitikscsr:6871
[  176579ms] [LOG] Connected @ https://phbidlautdemo.prahu-hub.com/home/analitikscsr:6871
[  190014ms] [LOG] Connected @ https://phbidlautdemo.prahu-hub.com/home/analitikscsr:6871
[  191482ms] [LOG] Connected @ https://phbidlautdemo.prahu-hub.com/home/analitikscsr:6871
[  199582ms] [LOG] Connected @ https://phbidlautdemo.prahu-hub.com/home/analitikscsr:6871
