[     984ms] Cannot use import statement outside a module
[    1006ms] ReferenceError: Chart is not defined
    at https://phbidlautdemo.prahu-hub.com/_resources/themes/prahutheme/js/scripts-init/charts/chartjs.js:8:13
[    1208ms] Unexpected token '<'
[    1209ms] Unexpected token '<'
[    1361ms] Uncaught TypeError: expect element to be DOM Element, but got null
    at <anonymous> (https://cdnjs.cloudflare.com/ajax/libs/smooth-scrollbar/8.5.2/smooth-scrollbar.js:24:264)
    at <anonymous> (https://phbidlautdemo.prahu-hub.com/lelang/carirute:8164:14)
[    1468ms] [TABLE] {UI version: 8.4.1, Core version: 8.4.0, Build: NC8xMi8yMDIyfDRkZTU3MmExYg==, WebViewer Server: false, Full API: false} @ https://phbidlautdemo.prahu-hub.com/_resources/themes/prahutheme/javascript/PDFView/lib/ui/webviewer-ui.min.js:270
[    1492ms] [LOG] undefinednamanya @ https://phbidlautdemo.prahu-hub.com/lelang/carirute:2311
[    1516ms] [LOG] undefined @ https://phbidlautdemo.prahu-hub.com/lelang/carirute:8517
[    1517ms] [LOG] undefined @ https://phbidlautdemo.prahu-hub.com/lelang/carirute:8517
[    1517ms] [LOG] undefined @ https://phbidlautdemo.prahu-hub.com/lelang/carirute:8517
[    1517ms] [LOG] Masukkan Nomor Lelang @ https://phbidlautdemo.prahu-hub.com/lelang/carirute:8517
[    1517ms] [LOG] undefined @ https://phbidlautdemo.prahu-hub.com/lelang/carirute:8517
[    1518ms] [LOG] WebSocket connection @ https://phbidlautdemo.prahu-hub.com/lelang/carirute:8560
[    1519ms] [LOG] WebSocket connection attempting... @ https://phbidlautdemo.prahu-hub.com/lelang/carirute:8638
[    1821ms] [VERBOSE] [DOM] Password forms should have (optionally hidden) username fields for accessibility: (More info: https://goo.gl/9p2vKq) %o @ https://phbidlautdemo.prahu-hub.com/_resources/themes/prahutheme/javascript/PDFView/lib/ui/index.html#a=1&disabledElements=downloadButton%2CprintButton%2ClanguageButton&filepicker=0&pdfnet=0&enableRedaction=0&enableMeasurement=0&pageHistory=1&notesInLeftPanel=0&singleServerMode=false&selectAnnotationOnCreation=0&autoFocusNoteOnAnnotationSelection=1&id=1&basePath=%2Flelang%2Fcarirute:0
[    2087ms] [LOG] WebSocket connected @ https://phbidlautdemo.prahu-hub.com/lelang/carirute:8569
[    2126ms] [LOG] update_dashboard_order_laut @ https://phbidlautdemo.prahu-hub.com/lelang/carirute:8610
[    2130ms] [LOG] Connected @ https://phbidlautdemo.prahu-hub.com/lelang/carirute:8610
[    2312ms] [LOG] 200 xhrglobal @ https://phbidlautdemo.prahu-hub.com/lelang/carirute:8491
[    2316ms] [LOG] 200 xhrglobal @ https://phbidlautdemo.prahu-hub.com/lelang/carirute:8491
[    3504ms] TypeError: $(...).DataTable is not a function
    at https://phbidlautdemo.prahu-hub.com/_resources/themes/prahutheme/js/scripts-init/tables.js:7:23
[    9242ms] Cannot use import statement outside a module
[    9278ms] ReferenceError: Chart is not defined
    at https://phbidlautdemo.prahu-hub.com/_resources/themes/prahutheme/js/scripts-init/charts/chartjs.js:8:13
[    9442ms] Unexpected token '<'
[    9442ms] Unexpected token '<'
[    9599ms] Uncaught TypeError: expect element to be DOM Element, but got null
    at <anonymous> (https://cdnjs.cloudflare.com/ajax/libs/smooth-scrollbar/8.5.2/smooth-scrollbar.js:24:264)
    at <anonymous> (https://phbidlautdemo.prahu-hub.com/lelang/carirute?from=search&id_user=K3k2NHpZeklYckoraSt2eStFRmJPUT09&lelang=R09VaStNcDI5TE5UT2o3YWNWWDRPQT09&nomor_lelang=AGS-NRM-001%2F24-08%2F2026-JKT:8583:14)
[    9717ms] [TABLE] {UI version: 8.4.1, Core version: 8.4.0, Build: NC8xMi8yMDIyfDRkZTU3MmExYg==, WebViewer Server: false, Full API: false} @ https://phbidlautdemo.prahu-hub.com/_resources/themes/prahutheme/javascript/PDFView/lib/ui/webviewer-ui.min.js:270
[    9747ms] [LOG] undefinednamanya @ https://phbidlautdemo.prahu-hub.com/lelang/carirute?from=search&id_user=K3k2NHpZeklYckoraSt2eStFRmJPUT09&lelang=R09VaStNcDI5TE5UT2o3YWNWWDRPQT09&nomor_lelang=AGS-NRM-001%2F24-08%2F2026-JKT:2311
[    9777ms] [LOG] undefined @ https://phbidlautdemo.prahu-hub.com/lelang/carirute?from=search&id_user=K3k2NHpZeklYckoraSt2eStFRmJPUT09&lelang=R09VaStNcDI5TE5UT2o3YWNWWDRPQT09&nomor_lelang=AGS-NRM-001%2F24-08%2F2026-JKT:8936
[    9777ms] [LOG] undefined @ https://phbidlautdemo.prahu-hub.com/lelang/carirute?from=search&id_user=K3k2NHpZeklYckoraSt2eStFRmJPUT09&lelang=R09VaStNcDI5TE5UT2o3YWNWWDRPQT09&nomor_lelang=AGS-NRM-001%2F24-08%2F2026-JKT:8936
[    9777ms] [LOG] undefined @ https://phbidlautdemo.prahu-hub.com/lelang/carirute?from=search&id_user=K3k2NHpZeklYckoraSt2eStFRmJPUT09&lelang=R09VaStNcDI5TE5UT2o3YWNWWDRPQT09&nomor_lelang=AGS-NRM-001%2F24-08%2F2026-JKT:8936
[    9777ms] [LOG] Masukkan Nomor Lelang @ https://phbidlautdemo.prahu-hub.com/lelang/carirute?from=search&id_user=K3k2NHpZeklYckoraSt2eStFRmJPUT09&lelang=R09VaStNcDI5TE5UT2o3YWNWWDRPQT09&nomor_lelang=AGS-NRM-001%2F24-08%2F2026-JKT:8936
[    9777ms] [LOG] undefined @ https://phbidlautdemo.prahu-hub.com/lelang/carirute?from=search&id_user=K3k2NHpZeklYckoraSt2eStFRmJPUT09&lelang=R09VaStNcDI5TE5UT2o3YWNWWDRPQT09&nomor_lelang=AGS-NRM-001%2F24-08%2F2026-JKT:8936
[    9778ms] [LOG] WebSocket connection @ https://phbidlautdemo.prahu-hub.com/lelang/carirute?from=search&id_user=K3k2NHpZeklYckoraSt2eStFRmJPUT09&lelang=R09VaStNcDI5TE5UT2o3YWNWWDRPQT09&nomor_lelang=AGS-NRM-001%2F24-08%2F2026-JKT:8979
[    9779ms] [LOG] WebSocket connection attempting... @ https://phbidlautdemo.prahu-hub.com/lelang/carirute?from=search&id_user=K3k2NHpZeklYckoraSt2eStFRmJPUT09&lelang=R09VaStNcDI5TE5UT2o3YWNWWDRPQT09&nomor_lelang=AGS-NRM-001%2F24-08%2F2026-JKT:9057
[   10022ms] [VERBOSE] [DOM] Password forms should have (optionally hidden) username fields for accessibility: (More info: https://goo.gl/9p2vKq) %o @ https://phbidlautdemo.prahu-hub.com/_resources/themes/prahutheme/javascript/PDFView/lib/ui/index.html#a=1&disabledElements=downloadButton%2CprintButton%2ClanguageButton&filepicker=0&pdfnet=0&enableRedaction=0&enableMeasurement=0&pageHistory=1&notesInLeftPanel=0&singleServerMode=false&selectAnnotationOnCreation=0&autoFocusNoteOnAnnotationSelection=1&id=1&basePath=%2Flelang%2Fcarirute:0
[   10030ms] [LOG] [] @ https://phbidlautdemo.prahu-hub.com/_resources/themes/prahutheme/javascript/custom/hasilPenawaran.js?m=1&amp;m=1787972929:14
[   10031ms] [LOG] 200 xhrglobal @ https://phbidlautdemo.prahu-hub.com/lelang/carirute?from=search&id_user=K3k2NHpZeklYckoraSt2eStFRmJPUT09&lelang=R09VaStNcDI5TE5UT2o3YWNWWDRPQT09&nomor_lelang=AGS-NRM-001%2F24-08%2F2026-JKT:8910
[   10275ms] [LOG] WebSocket connected @ https://phbidlautdemo.prahu-hub.com/lelang/carirute?from=search&id_user=K3k2NHpZeklYckoraSt2eStFRmJPUT09&lelang=R09VaStNcDI5TE5UT2o3YWNWWDRPQT09&nomor_lelang=AGS-NRM-001%2F24-08%2F2026-JKT:8988
[   10316ms] [LOG] update_dashboard_order_laut @ https://phbidlautdemo.prahu-hub.com/lelang/carirute?from=search&id_user=K3k2NHpZeklYckoraSt2eStFRmJPUT09&lelang=R09VaStNcDI5TE5UT2o3YWNWWDRPQT09&nomor_lelang=AGS-NRM-001%2F24-08%2F2026-JKT:9029
[   10321ms] [LOG] Connected @ https://phbidlautdemo.prahu-hub.com/lelang/carirute?from=search&id_user=K3k2NHpZeklYckoraSt2eStFRmJPUT09&lelang=R09VaStNcDI5TE5UT2o3YWNWWDRPQT09&nomor_lelang=AGS-NRM-001%2F24-08%2F2026-JKT:9029
[   10522ms] [LOG] 200 xhrglobal @ https://phbidlautdemo.prahu-hub.com/lelang/carirute?from=search&id_user=K3k2NHpZeklYckoraSt2eStFRmJPUT09&lelang=R09VaStNcDI5TE5UT2o3YWNWWDRPQT09&nomor_lelang=AGS-NRM-001%2F24-08%2F2026-JKT:8910
[   10526ms] [LOG] 200 xhrglobal @ https://phbidlautdemo.prahu-hub.com/lelang/carirute?from=search&id_user=K3k2NHpZeklYckoraSt2eStFRmJPUT09&lelang=R09VaStNcDI5TE5UT2o3YWNWWDRPQT09&nomor_lelang=AGS-NRM-001%2F24-08%2F2026-JKT:8910
[   11766ms] TypeError: $(...).DataTable is not a function
    at https://phbidlautdemo.prahu-hub.com/_resources/themes/prahutheme/js/scripts-init/tables.js:7:23
