[    1118ms] Cannot use import statement outside a module
[    1167ms] ReferenceError: Chart is not defined
    at https://phbidlautdemo.prahu-hub.com/_resources/themes/prahutheme/js/scripts-init/charts/chartjs.js:8:13
[    1217ms] Unexpected token '<'
[    1218ms] Unexpected token '<'
[    1288ms] Uncaught TypeError: expect element to be DOM Element, but got null
    at n.init (https://cdnjs.cloudflare.com/ajax/libs/smooth-scrollbar/8.5.2/smooth-scrollbar.js:24:264)
    at <anonymous> (https://phbidlautdemo.prahu-hub.com/adminprahu/hakaksesadmin:5419:14)
[    1320ms] [LOG] Pengaturan Akunnamanya @ https://phbidlautdemo.prahu-hub.com/adminprahu/hakaksesadmin:2040
[    1333ms] [LOG] undefined @ https://phbidlautdemo.prahu-hub.com/adminprahu/hakaksesadmin:5772
[    1333ms] [LOG] Masukkan Nama Hak Akses @ https://phbidlautdemo.prahu-hub.com/adminprahu/hakaksesadmin:5772
[    1334ms] [LOG] undefined @ https://phbidlautdemo.prahu-hub.com/adminprahu/hakaksesadmin:5772
[    1334ms] [LOG] Masukkan Nama Kemasan @ https://phbidlautdemo.prahu-hub.com/adminprahu/hakaksesadmin:5772
[    1334ms] [LOG] undefined @ https://phbidlautdemo.prahu-hub.com/adminprahu/hakaksesadmin:5772
[    1335ms] [LOG] WebSocket connection @ https://phbidlautdemo.prahu-hub.com/adminprahu/hakaksesadmin:5815
[    1335ms] [LOG] WebSocket connection attempting... @ https://phbidlautdemo.prahu-hub.com/adminprahu/hakaksesadmin:5893
[    1598ms] [LOG] [Object, Object, Object, Object, Object, Object, Object, Object, Object, Object, Object, Object, Object, Object, Object, Object, Object, Object, Object, Object] @ https://phbidlautdemo.prahu-hub.com/_resources/themes/prahutheme/javascript/custom/hakaksesadmin.js?m=1787972929:125
[    1606ms] [LOG] 51 @ https://phbidlautdemo.prahu-hub.com/_resources/themes/prahutheme/javascript/custom/hakaksesadmin.js?m=1787972929:770
[    1606ms] [LOG] 51 countView1 1 pageNow 20 limitView1 @ https://phbidlautdemo.prahu-hub.com/_resources/themes/prahutheme/javascript/custom/hakaksesadmin.js?m=1787972929:772
[    1606ms] [LOG] 20 @ https://phbidlautdemo.prahu-hub.com/_resources/themes/prahutheme/javascript/custom/hakaksesadmin.js?m=1787972929:778
[    1606ms] [LOG] 51 jumlah data @ https://phbidlautdemo.prahu-hub.com/_resources/themes/prahutheme/javascript/custom/hakaksesadmin.js?m=1787972929:735
[    1606ms] [LOG] 3 @ https://phbidlautdemo.prahu-hub.com/_resources/themes/prahutheme/javascript/custom/hakaksesadmin.js?m=1787972929:737
[    1607ms] [LOG] 3 1 pageCount & pageNow @ https://phbidlautdemo.prahu-hub.com/_resources/themes/prahutheme/javascript/custom/hakaksesadmin.js?m=1787972929:661
[    1608ms] [LOG] 200 xhrglobal @ https://phbidlautdemo.prahu-hub.com/adminprahu/hakaksesadmin:5746
[    1608ms] [LOG] ce.fn.init stepItem @ https://phbidlautdemo.prahu-hub.com/_resources/themes/prahutheme/javascript/custom/hakaksesadmin.js?m=1787972929:635
[    2402ms] [LOG] WebSocket connected @ https://phbidlautdemo.prahu-hub.com/adminprahu/hakaksesadmin:5824
[    2406ms] [LOG] update_dashboard_order_laut @ https://phbidlautdemo.prahu-hub.com/adminprahu/hakaksesadmin:5865
[    2534ms] [LOG] 200 xhrglobal @ https://phbidlautdemo.prahu-hub.com/adminprahu/hakaksesadmin:5746
[    2579ms] [LOG] 200 xhrglobal @ https://phbidlautdemo.prahu-hub.com/adminprahu/hakaksesadmin:5746
[    3334ms] TypeError: $(...).DataTable is not a function
    at https://phbidlautdemo.prahu-hub.com/_resources/themes/prahutheme/js/scripts-init/tables.js:7:23
[    3517ms] [LOG] Connected @ https://phbidlautdemo.prahu-hub.com/adminprahu/hakaksesadmin:5865
[    8554ms] [LOG] 200 xhrglobal @ https://phbidlautdemo.prahu-hub.com/adminprahu/hakaksesadmin:5746
[   14223ms] [LOG] 200 xhrglobal @ https://phbidlautdemo.prahu-hub.com/adminprahu/hakaksesadmin:5746
[   15049ms] Cannot use import statement outside a module
[   15077ms] ReferenceError: Chart is not defined
    at https://phbidlautdemo.prahu-hub.com/_resources/themes/prahutheme/js/scripts-init/charts/chartjs.js:8:13
[   15290ms] Unexpected token '<'
[   15292ms] Unexpected token '<'
[   15389ms] Uncaught TypeError: expect element to be DOM Element, but got null
    at n.init (https://cdnjs.cloudflare.com/ajax/libs/smooth-scrollbar/8.5.2/smooth-scrollbar.js:24:264)
    at <anonymous> (https://phbidlautdemo.prahu-hub.com/adminprahu/hakaksesadmin:5424:14)
[   15437ms] [LOG] Pengaturan Akunnamanya @ https://phbidlautdemo.prahu-hub.com/adminprahu/hakaksesadmin:2040
[   15455ms] [LOG] undefined @ https://phbidlautdemo.prahu-hub.com/adminprahu/hakaksesadmin:5777
[   15456ms] [LOG] Masukkan Nama Hak Akses @ https://phbidlautdemo.prahu-hub.com/adminprahu/hakaksesadmin:5777
[   15456ms] [LOG] undefined @ https://phbidlautdemo.prahu-hub.com/adminprahu/hakaksesadmin:5777
[   15457ms] [LOG] Masukkan Nama Kemasan @ https://phbidlautdemo.prahu-hub.com/adminprahu/hakaksesadmin:5777
[   15457ms] [LOG] undefined @ https://phbidlautdemo.prahu-hub.com/adminprahu/hakaksesadmin:5777
[   15459ms] [LOG] WebSocket connection @ https://phbidlautdemo.prahu-hub.com/adminprahu/hakaksesadmin:5820
[   15460ms] [LOG] WebSocket connection attempting... @ https://phbidlautdemo.prahu-hub.com/adminprahu/hakaksesadmin:5898
[   15689ms] [LOG] WebSocket connected @ https://phbidlautdemo.prahu-hub.com/adminprahu/hakaksesadmin:5829
[   15695ms] [LOG] update_dashboard_order_laut @ https://phbidlautdemo.prahu-hub.com/adminprahu/hakaksesadmin:5870
[   15710ms] [LOG] [Object, Object, Object, Object, Object, Object, Object, Object, Object, Object, Object, Object, Object, Object, Object, Object, Object, Object, Object, Object] @ https://phbidlautdemo.prahu-hub.com/_resources/themes/prahutheme/javascript/custom/hakaksesadmin.js?m=1787972929:125
[   15721ms] [LOG] 50 @ https://phbidlautdemo.prahu-hub.com/_resources/themes/prahutheme/javascript/custom/hakaksesadmin.js?m=1787972929:770
[   15721ms] [LOG] 50 countView1 1 pageNow 20 limitView1 @ https://phbidlautdemo.prahu-hub.com/_resources/themes/prahutheme/javascript/custom/hakaksesadmin.js?m=1787972929:772
[   15721ms] [LOG] 20 @ https://phbidlautdemo.prahu-hub.com/_resources/themes/prahutheme/javascript/custom/hakaksesadmin.js?m=1787972929:778
[   15722ms] [LOG] 50 jumlah data @ https://phbidlautdemo.prahu-hub.com/_resources/themes/prahutheme/javascript/custom/hakaksesadmin.js?m=1787972929:735
[   15722ms] [LOG] 3 @ https://phbidlautdemo.prahu-hub.com/_resources/themes/prahutheme/javascript/custom/hakaksesadmin.js?m=1787972929:737
[   15722ms] [LOG] 3 1 pageCount & pageNow @ https://phbidlautdemo.prahu-hub.com/_resources/themes/prahutheme/javascript/custom/hakaksesadmin.js?m=1787972929:661
[   15723ms] [LOG] 200 xhrglobal @ https://phbidlautdemo.prahu-hub.com/adminprahu/hakaksesadmin:5751
[   15723ms] [LOG] ce.fn.init stepItem @ https://phbidlautdemo.prahu-hub.com/_resources/themes/prahutheme/javascript/custom/hakaksesadmin.js?m=1787972929:635
[   15765ms] [LOG] Connected @ https://phbidlautdemo.prahu-hub.com/adminprahu/hakaksesadmin:5870
[   15816ms] [LOG] 200 xhrglobal @ https://phbidlautdemo.prahu-hub.com/adminprahu/hakaksesadmin:5751
[   15864ms] [LOG] 200 xhrglobal @ https://phbidlautdemo.prahu-hub.com/adminprahu/hakaksesadmin:5751
[   17455ms] TypeError: $(...).DataTable is not a function
    at https://phbidlautdemo.prahu-hub.com/_resources/themes/prahutheme/js/scripts-init/tables.js:7:23
