[     996ms] Cannot use import statement outside a module
[    1043ms] ReferenceError: Chart is not defined
    at https://phbidlautdemo.prahu-hub.com/_resources/themes/prahutheme/js/scripts-init/charts/chartjs.js:8:13
[    1295ms] Unexpected token '<'
[    1296ms] Unexpected token '<'
[    1347ms] Uncaught TypeError: expect element to be DOM Element, but got null
    at n.init (https://cdnjs.cloudflare.com/ajax/libs/smooth-scrollbar/8.5.2/smooth-scrollbar.js:24:264)
    at <anonymous> (https://phbidlautdemo.prahu-hub.com/adminprahu/kontainer:5281:14)
[    1389ms] [LOG] Masternamanya @ https://phbidlautdemo.prahu-hub.com/adminprahu/kontainer:2040
[    1399ms] [LOG] undefined @ https://phbidlautdemo.prahu-hub.com/adminprahu/kontainer:5634
[    1399ms] [LOG] Masukkan Jenis Kontainer @ https://phbidlautdemo.prahu-hub.com/adminprahu/kontainer:5634
[    1399ms] [LOG] undefined @ https://phbidlautdemo.prahu-hub.com/adminprahu/kontainer:5634
[    1399ms] [LOG] Masukkan Nama Bank @ https://phbidlautdemo.prahu-hub.com/adminprahu/kontainer:5634
[    1399ms] [LOG] undefined @ https://phbidlautdemo.prahu-hub.com/adminprahu/kontainer:5634
[    1400ms] [LOG] WebSocket connection @ https://phbidlautdemo.prahu-hub.com/adminprahu/kontainer:5677
[    1401ms] [LOG] WebSocket connection attempting... @ https://phbidlautdemo.prahu-hub.com/adminprahu/kontainer:5755
[    1582ms] [LOG] [Object, Object, Object, Object, Object, Object, Object, Object, Object, Object, Object, Object, Object, Object] @ https://phbidlautdemo.prahu-hub.com/_resources/themes/prahutheme/javascript/custom/kontainer.js?m=1787972929:115
[    1589ms] [LOG] 14 @ https://phbidlautdemo.prahu-hub.com/_resources/themes/prahutheme/javascript/custom/kontainer.js?m=1787972929:857
[    1590ms] [LOG] 14 countView1 1 pageNow 20 limitView1 @ https://phbidlautdemo.prahu-hub.com/_resources/themes/prahutheme/javascript/custom/kontainer.js?m=1787972929:859
[    1590ms] [LOG] 14 @ https://phbidlautdemo.prahu-hub.com/_resources/themes/prahutheme/javascript/custom/kontainer.js?m=1787972929:870
[    1591ms] [LOG] 14 jumlah data @ https://phbidlautdemo.prahu-hub.com/_resources/themes/prahutheme/javascript/custom/kontainer.js?m=1787972929:816
[    1591ms] [LOG] 1 @ https://phbidlautdemo.prahu-hub.com/_resources/themes/prahutheme/javascript/custom/kontainer.js?m=1787972929:818
[    1592ms] [LOG] 1 1 pageCount & pageNow @ https://phbidlautdemo.prahu-hub.com/_resources/themes/prahutheme/javascript/custom/kontainer.js?m=1787972929:744
[    1594ms] [LOG] 200 xhrglobal @ https://phbidlautdemo.prahu-hub.com/adminprahu/kontainer:5608
[    1595ms] [LOG] ce.fn.init stepItem @ https://phbidlautdemo.prahu-hub.com/_resources/themes/prahutheme/javascript/custom/kontainer.js?m=1787972929:713
[    1649ms] [LOG] WebSocket connected @ https://phbidlautdemo.prahu-hub.com/adminprahu/kontainer:5686
[    1657ms] [LOG] update_dashboard_order_laut @ https://phbidlautdemo.prahu-hub.com/adminprahu/kontainer:5727
[    1696ms] [LOG] Connected @ https://phbidlautdemo.prahu-hub.com/adminprahu/kontainer:5727
[    1828ms] [LOG] 200 xhrglobal @ https://phbidlautdemo.prahu-hub.com/adminprahu/kontainer:5608
[    1894ms] [LOG] 200 xhrglobal @ https://phbidlautdemo.prahu-hub.com/adminprahu/kontainer:5608
[    3401ms] TypeError: $(...).DataTable is not a function
    at https://phbidlautdemo.prahu-hub.com/_resources/themes/prahutheme/js/scripts-init/tables.js:7:23
