[    1185ms] Cannot use import statement outside a module
[    1219ms] ReferenceError: Chart is not defined
    at https://phbidlautdemo.prahu-hub.com/_resources/themes/prahutheme/js/scripts-init/charts/chartjs.js:8:13
[    1302ms] Unexpected token '<'
[    1303ms] Unexpected token '<'
[    1388ms] Uncaught TypeError: expect element to be DOM Element, but got null
    at n.init (https://cdnjs.cloudflare.com/ajax/libs/smooth-scrollbar/8.5.2/smooth-scrollbar.js:24:264)
    at <anonymous> (https://phbidlautdemo.prahu-hub.com/adminprahu/settingpajak:5490:14)
[    1409ms] [LOG] Settingsnamanya @ https://phbidlautdemo.prahu-hub.com/adminprahu/settingpajak:2039
[    1420ms] [LOG] undefined @ https://phbidlautdemo.prahu-hub.com/adminprahu/settingpajak:5843
[    1420ms] [LOG] Masukkan Nama Item @ https://phbidlautdemo.prahu-hub.com/adminprahu/settingpajak:5843
[    1421ms] [LOG] 0 @ https://phbidlautdemo.prahu-hub.com/adminprahu/settingpajak:5843
[    1422ms] [LOG] WebSocket connection @ https://phbidlautdemo.prahu-hub.com/adminprahu/settingpajak:5886
[    1422ms] [LOG] WebSocket connection attempting... @ https://phbidlautdemo.prahu-hub.com/adminprahu/settingpajak:5964
[    3421ms] TypeError: $(...).DataTable is not a function
    at https://phbidlautdemo.prahu-hub.com/_resources/themes/prahutheme/js/scripts-init/tables.js:7:23
[    3752ms] [LOG] WebSocket connected @ https://phbidlautdemo.prahu-hub.com/adminprahu/settingpajak:5895
[    3757ms] [LOG] update_dashboard_order_laut @ https://phbidlautdemo.prahu-hub.com/adminprahu/settingpajak:5936
[    3873ms] [LOG] 200 xhrglobal @ https://phbidlautdemo.prahu-hub.com/adminprahu/settingpajak:5817
[    3925ms] [LOG] 200 xhrglobal @ https://phbidlautdemo.prahu-hub.com/adminprahu/settingpajak:5817
[    4550ms] [LOG] Connected @ https://phbidlautdemo.prahu-hub.com/adminprahu/settingpajak:5936
