[     958ms] Cannot use import statement outside a module
[    1005ms] ReferenceError: Chart is not defined
    at https://phbidlautdemo.prahu-hub.com/_resources/themes/prahutheme/js/scripts-init/charts/chartjs.js:8:13
[    1038ms] Unexpected token '<'
[    1138ms] Unexpected token '<'
[    1252ms] Unexpected token '<'
[    1255ms] [LOG] WebSocket mbconn @ https://phbidlautdemo.prahu-hub.com/home/dashboardorder:5661
[    1256ms] [LOG] on going... @ https://phbidlautdemo.prahu-hub.com/home/dashboardorder:5683
[    1292ms] Uncaught TypeError: expect element to be DOM Element, but got null
    at <anonymous> (https://cdnjs.cloudflare.com/ajax/libs/smooth-scrollbar/8.5.2/smooth-scrollbar.js:24:264)
    at <anonymous> (https://phbidlautdemo.prahu-hub.com/home/dashboardorder:6360:14)
[    1322ms] [LOG] DASHBOARDnamanya @ https://phbidlautdemo.prahu-hub.com/home/dashboardorder:2040
[    1379ms] [LOG] 30/07/2026 @ https://phbidlautdemo.prahu-hub.com/home/dashboardorder:5623
[    1380ms] [LOG] 30/08/2026 @ https://phbidlautdemo.prahu-hub.com/home/dashboardorder:5624
[    1430ms] [LOG] DD/MM/YYYY @ https://phbidlautdemo.prahu-hub.com/home/dashboardorder:6713
[    1431ms] [LOG] DD/MM/YYYY @ https://phbidlautdemo.prahu-hub.com/home/dashboardorder:6713
[    1432ms] [LOG] undefined @ https://phbidlautdemo.prahu-hub.com/home/dashboardorder:6713
[    1434ms] [LOG] WebSocket connection @ https://phbidlautdemo.prahu-hub.com/home/dashboardorder:6756
[    1434ms] [LOG] WebSocket connection attempting... @ https://phbidlautdemo.prahu-hub.com/home/dashboardorder:6834
[    1481ms] [LOG] 200 xhrglobal @ https://phbidlautdemo.prahu-hub.com/home/dashboardorder:6687
[    1498ms] [LOG] konak @ https://phbidlautdemo.prahu-hub.com/home/dashboardorder:5672
[    1503ms] [LOG] 200 xhrglobal @ https://phbidlautdemo.prahu-hub.com/home/dashboardorder:6687
[    1513ms] [LOG] update_dashboard_order_laut mbdebug @ https://phbidlautdemo.prahu-hub.com/home/dashboardorder:5678
[    1639ms] [LOG] Connected mbdebug @ https://phbidlautdemo.prahu-hub.com/home/dashboardorder:5678
[    1640ms] [LOG] WebSocket connected @ https://phbidlautdemo.prahu-hub.com/home/dashboardorder:6765
[    1647ms] [LOG] 0 sukses setelah pagination attr jumlah data @ https://phbidlautdemo.prahu-hub.com/_resources/themes/prahutheme/javascript/custom/dashboardorder.js?m=1787972929:301
[    1648ms] [LOG] [] @ https://phbidlautdemo.prahu-hub.com/_resources/themes/prahutheme/javascript/custom/dashboardorder.js?m=1787972929:14
[    1649ms] [LOG] 200 xhrglobal @ https://phbidlautdemo.prahu-hub.com/home/dashboardorder:6687
[    1655ms] [LOG] update_dashboard_order_laut @ https://phbidlautdemo.prahu-hub.com/home/dashboardorder:6806
[    1673ms] [LOG] Connected @ https://phbidlautdemo.prahu-hub.com/home/dashboardorder:6806
[    1676ms] [LOG] Connected mbdebug @ https://phbidlautdemo.prahu-hub.com/home/dashboardorder:5678
[    1714ms] [LOG] 0 sukses setelah pagination attr jumlah data @ https://phbidlautdemo.prahu-hub.com/_resources/themes/prahutheme/javascript/custom/dashboardorder.js?m=1787972929:301
[    1715ms] [LOG] [] @ https://phbidlautdemo.prahu-hub.com/_resources/themes/prahutheme/javascript/custom/dashboardorder.js?m=1787972929:14
[    1716ms] [LOG] 200 xhrglobal @ https://phbidlautdemo.prahu-hub.com/home/dashboardorder:6687
[    1760ms] [LOG] 200 xhrglobal @ https://phbidlautdemo.prahu-hub.com/home/dashboardorder:6687
[    1820ms] [LOG] 200 xhrglobal @ https://phbidlautdemo.prahu-hub.com/home/dashboardorder:6687
[    1931ms] [LOG] 200 xhrglobal @ https://phbidlautdemo.prahu-hub.com/home/dashboardorder:6687
[    2056ms] [LOG] 0 sukses setelah pagination attr jumlah data @ https://phbidlautdemo.prahu-hub.com/_resources/themes/prahutheme/javascript/custom/dashboardorder.js?m=1787972929:301
[    2057ms] [LOG] [] @ https://phbidlautdemo.prahu-hub.com/_resources/themes/prahutheme/javascript/custom/dashboardorder.js?m=1787972929:14
[    2059ms] [LOG] 200 xhrglobal @ https://phbidlautdemo.prahu-hub.com/home/dashboardorder:6687
[    2060ms] [LOG] 0 jumlah data @ https://phbidlautdemo.prahu-hub.com/_resources/themes/prahutheme/javascript/custom/dashboardorder.js?m=1787972929:200
[    2061ms] [LOG] 0 page jumlah @ https://phbidlautdemo.prahu-hub.com/_resources/themes/prahutheme/javascript/custom/dashboardorder.js?m=1787972929:202
[    2062ms] [LOG] 0 1 pageCount & pageNow @ https://phbidlautdemo.prahu-hub.com/_resources/themes/prahutheme/javascript/custom/dashboardorder.js?m=1787972929:130
[    2064ms] [LOG] 0 @ https://phbidlautdemo.prahu-hub.com/_resources/themes/prahutheme/javascript/custom/dashboardorder.js?m=1787972929:238
[    2065ms] [LOG] 0 jumlah data di info @ https://phbidlautdemo.prahu-hub.com/_resources/themes/prahutheme/javascript/custom/dashboardorder.js?m=1787972929:239
[    2066ms] [LOG] 0 jumlah data @ https://phbidlautdemo.prahu-hub.com/_resources/themes/prahutheme/javascript/custom/dashboardorder.js?m=1787972929:200
[    2067ms] [LOG] 0 page jumlah @ https://phbidlautdemo.prahu-hub.com/_resources/themes/prahutheme/javascript/custom/dashboardorder.js?m=1787972929:202
[    2067ms] [LOG] 0 1 pageCount & pageNow @ https://phbidlautdemo.prahu-hub.com/_resources/themes/prahutheme/javascript/custom/dashboardorder.js?m=1787972929:130
[    2069ms] [LOG] 0 @ https://phbidlautdemo.prahu-hub.com/_resources/themes/prahutheme/javascript/custom/dashboardorder.js?m=1787972929:238
[    2069ms] [LOG] 0 jumlah data di info @ https://phbidlautdemo.prahu-hub.com/_resources/themes/prahutheme/javascript/custom/dashboardorder.js?m=1787972929:239
[    3337ms] TypeError: $(...).DataTable is not a function
    at https://phbidlautdemo.prahu-hub.com/_resources/themes/prahutheme/js/scripts-init/tables.js:7:23
[   14795ms] [LOG] 30/07/2026 @ https://phbidlautdemo.prahu-hub.com/home/dashboardorder:5623
[   14796ms] [LOG] 30/08/2026 @ https://phbidlautdemo.prahu-hub.com/home/dashboardorder:5624
[   14901ms] [LOG] 200 xhrglobal @ https://phbidlautdemo.prahu-hub.com/home/dashboardorder:6687
[   15010ms] [LOG] 0 sukses setelah pagination attr jumlah data @ https://phbidlautdemo.prahu-hub.com/_resources/themes/prahutheme/javascript/custom/dashboardorder.js?m=1787972929:301
[   15011ms] [LOG] [] @ https://phbidlautdemo.prahu-hub.com/_resources/themes/prahutheme/javascript/custom/dashboardorder.js?m=1787972929:14
[   15013ms] [LOG] 200 xhrglobal @ https://phbidlautdemo.prahu-hub.com/home/dashboardorder:6687
[   15014ms] [LOG] 0 jumlah data @ https://phbidlautdemo.prahu-hub.com/_resources/themes/prahutheme/javascript/custom/dashboardorder.js?m=1787972929:200
[   15014ms] [LOG] 0 page jumlah @ https://phbidlautdemo.prahu-hub.com/_resources/themes/prahutheme/javascript/custom/dashboardorder.js?m=1787972929:202
[   15014ms] [LOG] 0 1 pageCount & pageNow @ https://phbidlautdemo.prahu-hub.com/_resources/themes/prahutheme/javascript/custom/dashboardorder.js?m=1787972929:130
[   15015ms] [LOG] 0 @ https://phbidlautdemo.prahu-hub.com/_resources/themes/prahutheme/javascript/custom/dashboardorder.js?m=1787972929:238
[   15015ms] [LOG] 0 jumlah data di info @ https://phbidlautdemo.prahu-hub.com/_resources/themes/prahutheme/javascript/custom/dashboardorder.js?m=1787972929:239
[   15016ms] [LOG] 0 jumlah data @ https://phbidlautdemo.prahu-hub.com/_resources/themes/prahutheme/javascript/custom/dashboardorder.js?m=1787972929:200
[   15016ms] [LOG] 0 page jumlah @ https://phbidlautdemo.prahu-hub.com/_resources/themes/prahutheme/javascript/custom/dashboardorder.js?m=1787972929:202
[   15016ms] [LOG] 0 1 pageCount & pageNow @ https://phbidlautdemo.prahu-hub.com/_resources/themes/prahutheme/javascript/custom/dashboardorder.js?m=1787972929:130
[   15017ms] [LOG] 0 @ https://phbidlautdemo.prahu-hub.com/_resources/themes/prahutheme/javascript/custom/dashboardorder.js?m=1787972929:238
[   15017ms] [LOG] 0 jumlah data di info @ https://phbidlautdemo.prahu-hub.com/_resources/themes/prahutheme/javascript/custom/dashboardorder.js?m=1787972929:239
[   15018ms] [LOG] 0 jumlah data @ https://phbidlautdemo.prahu-hub.com/_resources/themes/prahutheme/javascript/custom/dashboardorder.js?m=1787972929:200
[   15018ms] [LOG] 0 page jumlah @ https://phbidlautdemo.prahu-hub.com/_resources/themes/prahutheme/javascript/custom/dashboardorder.js?m=1787972929:202
[   15018ms] [LOG] 0 1 pageCount & pageNow @ https://phbidlautdemo.prahu-hub.com/_resources/themes/prahutheme/javascript/custom/dashboardorder.js?m=1787972929:130
[   15018ms] [LOG] 0 @ https://phbidlautdemo.prahu-hub.com/_resources/themes/prahutheme/javascript/custom/dashboardorder.js?m=1787972929:238
[   15019ms] [LOG] 0 jumlah data di info @ https://phbidlautdemo.prahu-hub.com/_resources/themes/prahutheme/javascript/custom/dashboardorder.js?m=1787972929:239
