[    1924ms] ReferenceError: dete is not defined
    at https://phbidlautdemo.prahu-hub.com/user/login:1465:5
[    3089ms] TypeError: Failed to execute 'observe' on 'IntersectionObserver': parameter 1 is not of type 'Element'.
    at https://phbidlautdemo.prahu-hub.com/user/login:1932:14
[    3128ms] [VERBOSE] [DOM] Input elements should have autocomplete attributes (suggested: "current-password"): (More info: https://goo.gl/9p2vKq) %o @ https://phbidlautdemo.prahu-hub.com/user/login:0
[    3134ms] [LOG] 0 @ https://phbidlautdemo.prahu-hub.com/user/login:1426
[    3134ms] [LOG] undefined scr @ https://phbidlautdemo.prahu-hub.com/user/login:1430
[    6297ms] [LOG] ddd @ https://phbidlautdemo.prahu-hub.com/user/login:1525
[    6457ms] [LOG] {pesan: SHIPPER, status: 0, user_aktif: 0, ParentID: 0, redirect: } @ https://phbidlautdemo.prahu-hub.com/user/login:1558
[    6458ms] [LOG] {pesan: SHIPPER, status: 0, user_aktif: 0, ParentID: 0, redirect: } a @ https://phbidlautdemo.prahu-hub.com/user/login:1560
[    7274ms] Cannot use import statement outside a module
[    7320ms] ReferenceError: Chart is not defined
    at https://phbidlautdemo.prahu-hub.com/_resources/themes/prahutheme/js/scripts-init/charts/chartjs.js:8:13
[    7320ms] Unexpected token '<'
[    7426ms] Unexpected token '<'
[    7504ms] Uncaught TypeError: expect element to be DOM Element, but got null
    at n.init (https://cdnjs.cloudflare.com/ajax/libs/smooth-scrollbar/8.5.2/smooth-scrollbar.js:24:264)
    at <anonymous> (https://phbidlautdemo.prahu-hub.com/home/continue_registration:6441:14)
[    7528ms] [LOG] undefinednamanya @ https://phbidlautdemo.prahu-hub.com/home/continue_registration:1392
[    7534ms] [LOG] undefined @ https://phbidlautdemo.prahu-hub.com/home/continue_registration:6793
[    7534ms] [LOG] undefined @ https://phbidlautdemo.prahu-hub.com/home/continue_registration:6793
[    7534ms] [LOG] Masukkan Nama Anda @ https://phbidlautdemo.prahu-hub.com/home/continue_registration:6793
[    7534ms] [LOG] Masukkan Nama Perusahaan @ https://phbidlautdemo.prahu-hub.com/home/continue_registration:6793
[    7534ms] [LOG] 08xxxxxxxxxx @ https://phbidlautdemo.prahu-hub.com/home/continue_registration:6793
[    7535ms] [LOG] Email Perusahaan @ https://phbidlautdemo.prahu-hub.com/home/continue_registration:6793
[    7535ms] [LOG] Email Perusahaan @ https://phbidlautdemo.prahu-hub.com/home/continue_registration:6793
[    7535ms] [LOG] Masukkan NPWP @ https://phbidlautdemo.prahu-hub.com/home/continue_registration:6793
[    7535ms] [LOG] undefined @ https://phbidlautdemo.prahu-hub.com/home/continue_registration:6793
[    7535ms] [LOG] Masukkan No. NPWP @ https://phbidlautdemo.prahu-hub.com/home/continue_registration:6793
[    7536ms] [LOG] Masukkan SIUP @ https://phbidlautdemo.prahu-hub.com/home/continue_registration:6793
[    7536ms] [LOG] undefined @ https://phbidlautdemo.prahu-hub.com/home/continue_registration:6793
[    7536ms] [LOG] Masukkan No. SIUP @ https://phbidlautdemo.prahu-hub.com/home/continue_registration:6793
[    7536ms] [LOG] Masukkan Identitas @ https://phbidlautdemo.prahu-hub.com/home/continue_registration:6793
[    7536ms] [LOG] undefined @ https://phbidlautdemo.prahu-hub.com/home/continue_registration:6793
[    7536ms] [LOG] Masukkan Logo Perusahaan (Bila Ada) @ https://phbidlautdemo.prahu-hub.com/home/continue_registration:6793
[    7537ms] [LOG] undefined @ https://phbidlautdemo.prahu-hub.com/home/continue_registration:6793
[    7539ms] [LOG] WebSocket connection @ https://phbidlautdemo.prahu-hub.com/home/continue_registration:6836
[    7539ms] [LOG] WebSocket connection attempting... @ https://phbidlautdemo.prahu-hub.com/home/continue_registration:6914
[    8598ms] [LOG] WebSocket connected @ https://phbidlautdemo.prahu-hub.com/home/continue_registration:6845
[    8610ms] [LOG] update_dashboard_order_laut @ https://phbidlautdemo.prahu-hub.com/home/continue_registration:6886
[    8626ms] [LOG] Connected @ https://phbidlautdemo.prahu-hub.com/home/continue_registration:6886
[    8710ms] [LOG] 200 xhrglobal @ https://phbidlautdemo.prahu-hub.com/home/continue_registration:6767
[    8758ms] [LOG] 200 xhrglobal @ https://phbidlautdemo.prahu-hub.com/home/continue_registration:6767
[    9538ms] TypeError: $(...).DataTable is not a function
    at https://phbidlautdemo.prahu-hub.com/_resources/themes/prahutheme/js/scripts-init/tables.js:7:23
[    9713ms] [LOG] Connected @ https://phbidlautdemo.prahu-hub.com/home/continue_registration:6886
