[    1442ms] Cannot use import statement outside a module
[    1497ms] ReferenceError: Chart is not defined
    at https://phbidlautdemo.prahu-hub.com/_resources/themes/prahutheme/js/scripts-init/charts/chartjs.js:8:13
[    1498ms] Unexpected token '<'
[    1547ms] Unexpected token '<'
[    1838ms] Uncaught TypeError: expect element to be DOM Element, but got null
    at <anonymous> (https://cdnjs.cloudflare.com/ajax/libs/smooth-scrollbar/8.5.2/smooth-scrollbar.js:24:264)
    at <anonymous> (https://phbidlautdemo.prahu-hub.com/lelang/edit_data_lelang/1089:9320:14)
[    1920ms] [LOG] Pengajuan Lelangnamanya @ https://phbidlautdemo.prahu-hub.com/lelang/edit_data_lelang/1089:2039
[    1982ms] [LOG] Sun Aug 30 2026 10:11:40 GMT+0700 (Western Indonesia Time) @ https://phbidlautdemo.prahu-hub.com/lelang/edit_data_lelang/1089:7918
[    2113ms] [LOG] undefined @ https://phbidlautdemo.prahu-hub.com/lelang/edit_data_lelang/1089:9673
[    2113ms] [LOG] undefined @ https://phbidlautdemo.prahu-hub.com/lelang/edit_data_lelang/1089:9673
[    2113ms] [LOG] undefined @ https://phbidlautdemo.prahu-hub.com/lelang/edit_data_lelang/1089:9673
[    2113ms] [LOG] undefined @ https://phbidlautdemo.prahu-hub.com/lelang/edit_data_lelang/1089:9673
[    2113ms] [LOG] undefined @ https://phbidlautdemo.prahu-hub.com/lelang/edit_data_lelang/1089:9673
[    2114ms] [LOG] undefined @ https://phbidlautdemo.prahu-hub.com/lelang/edit_data_lelang/1089:9673
[    2114ms] [LOG] undefined @ https://phbidlautdemo.prahu-hub.com/lelang/edit_data_lelang/1089:9673
[    2114ms] [LOG] undefined @ https://phbidlautdemo.prahu-hub.com/lelang/edit_data_lelang/1089:9673
[    2115ms] [LOG] Masukkan Nomor Lelang @ https://phbidlautdemo.prahu-hub.com/lelang/edit_data_lelang/1089:9673
[    2115ms] [LOG] DD/MM/YYYY hh:mm @ https://phbidlautdemo.prahu-hub.com/lelang/edit_data_lelang/1089:9673
[    2115ms] [LOG] DD/MM/YYYY hh:mm @ https://phbidlautdemo.prahu-hub.com/lelang/edit_data_lelang/1089:9673
[    2115ms] [LOG] DD/MM/YYYY hh:mm @ https://phbidlautdemo.prahu-hub.com/lelang/edit_data_lelang/1089:9673
[    2115ms] [LOG] DD/MM/YYYY hh:mm @ https://phbidlautdemo.prahu-hub.com/lelang/edit_data_lelang/1089:9673
[    2116ms] [LOG] undefined @ https://phbidlautdemo.prahu-hub.com/lelang/edit_data_lelang/1089:9673
[    2116ms] [LOG] undefined @ https://phbidlautdemo.prahu-hub.com/lelang/edit_data_lelang/1089:9673
[    2116ms] [LOG] Masukkan Nama PIC @ https://phbidlautdemo.prahu-hub.com/lelang/edit_data_lelang/1089:9673
[    2118ms] [LOG] Nomor Telp. @ https://phbidlautdemo.prahu-hub.com/lelang/edit_data_lelang/1089:9673
[    2118ms] [LOG] Masukkan Nama PIC @ https://phbidlautdemo.prahu-hub.com/lelang/edit_data_lelang/1089:9673
[    2119ms] [LOG] Nomor Telp. @ https://phbidlautdemo.prahu-hub.com/lelang/edit_data_lelang/1089:9673
[    2119ms] [LOG] undefined @ https://phbidlautdemo.prahu-hub.com/lelang/edit_data_lelang/1089:9673
[    2119ms] [LOG] undefined @ https://phbidlautdemo.prahu-hub.com/lelang/edit_data_lelang/1089:9673
[    2119ms] [LOG]  @ https://phbidlautdemo.prahu-hub.com/lelang/edit_data_lelang/1089:9673
[    2119ms] [LOG] Anda Bisa Memilih Beberapa @ https://phbidlautdemo.prahu-hub.com/lelang/edit_data_lelang/1089:9673
[    2120ms] [LOG] Jumlah Berapa Unit / Berapa Kontainer @ https://phbidlautdemo.prahu-hub.com/lelang/edit_data_lelang/1089:9673
[    2122ms] [LOG] WebSocket connection @ https://phbidlautdemo.prahu-hub.com/lelang/edit_data_lelang/1089:9716
[    2123ms] [LOG] WebSocket connection attempting... @ https://phbidlautdemo.prahu-hub.com/lelang/edit_data_lelang/1089:9794
[    2266ms] [TABLE] {UI version: 8.4.1, Core version: 8.4.0, Build: NC8xMi8yMDIyfDRkZTU3MmExYg==, WebViewer Server: false, Full API: false} @ https://phbidlautdemo.prahu-hub.com/_resources/themes/prahutheme/javascript/PDFView/lib/ui/webviewer-ui.min.js:270
[    2508ms] [VERBOSE] [DOM] Password forms should have (optionally hidden) username fields for accessibility: (More info: https://goo.gl/9p2vKq) %o @ https://phbidlautdemo.prahu-hub.com/_resources/themes/prahutheme/javascript/PDFView/lib/ui/index.html#d=%2Fassets%2Fdokumenaanwijzing%2F65%2FAanwijzing-PT.-Primax-Geo-Sejahtera.pdf&a=1&disabledElements=downloadButton%2CprintButton%2ClanguageButton&filepicker=0&pdfnet=0&enableRedaction=0&enableMeasurement=0&pageHistory=1&notesInLeftPanel=0&singleServerMode=false&selectAnnotationOnCreation=0&autoFocusNoteOnAnnotationSelection=1&id=1&basePath=%2Flelang%2Fedit_data_lelang%2F1089:0
[    2511ms] [LOG] WebSocket connected @ https://phbidlautdemo.prahu-hub.com/lelang/edit_data_lelang/1089:9725
[    2730ms] [LOG] update_dashboard_order_laut @ https://phbidlautdemo.prahu-hub.com/lelang/edit_data_lelang/1089:9766
[    2816ms] [LOG] 200 xhrglobal @ https://phbidlautdemo.prahu-hub.com/lelang/edit_data_lelang/1089:9647
[    2819ms] [LOG] 200 xhrglobal @ https://phbidlautdemo.prahu-hub.com/lelang/edit_data_lelang/1089:9647
[    2820ms] [LOG] Connected @ https://phbidlautdemo.prahu-hub.com/lelang/edit_data_lelang/1089:9766
[    4476ms] TypeError: $(...).DataTable is not a function
    at https://phbidlautdemo.prahu-hub.com/_resources/themes/prahutheme/js/scripts-init/tables.js:7:23
[    4783ms] [LOG] document loaded @ https://phbidlautdemo.prahu-hub.com/lelang/edit_data_lelang/1089:7788
