[    3743ms] Cannot use import statement outside a module
[    3746ms] ReferenceError: Chart is not defined
    at https://phbidlautdemo.prahu-hub.com/_resources/themes/prahutheme/js/scripts-init/charts/chartjs.js:8:13
[    4816ms] Unexpected token '<'
[    4819ms] Unexpected token '<'
[    4990ms] Uncaught TypeError: expect element to be DOM Element, but got null
    at n.init (https://cdnjs.cloudflare.com/ajax/libs/smooth-scrollbar/8.5.2/smooth-scrollbar.js:24:264)
    at <anonymous> (https://phbidlautdemo.prahu-hub.com/home/analitikscsr:5955:14)
[    5079ms] ReferenceError: selectEl is not defined
    at HTMLDocument.<anonymous> (https://phbidlautdemo.prahu-hub.com/home/analitikscsr:4563:3)
[    5082ms] ReferenceError: selectEl is not defined
    at HTMLDocument.<anonymous> (https://phbidlautdemo.prahu-hub.com/home/analitikscsr:5140:3)
[    4892ms] [LOG] Laporannamanya @ https://phbidlautdemo.prahu-hub.com/home/analitikscsr:1877
[    4903ms] [LOG] DD/MM/YYYY @ https://phbidlautdemo.prahu-hub.com/home/analitikscsr:6308
[    4903ms] [LOG] DD/MM/YYYY @ https://phbidlautdemo.prahu-hub.com/home/analitikscsr:6308
[    4903ms] [LOG] Search... @ https://phbidlautdemo.prahu-hub.com/home/analitikscsr:6308
[    4903ms] [LOG] Search... @ https://phbidlautdemo.prahu-hub.com/home/analitikscsr:6308
[    4903ms] [LOG] undefined @ https://phbidlautdemo.prahu-hub.com/home/analitikscsr:6308
[    4904ms] [LOG] WebSocket connection @ https://phbidlautdemo.prahu-hub.com/home/analitikscsr:6351
[    4904ms] [LOG] WebSocket connection attempting... @ https://phbidlautdemo.prahu-hub.com/home/analitikscsr:6429
[    5043ms] [LOG] WebSocket connected @ https://phbidlautdemo.prahu-hub.com/home/analitikscsr:6360
[    5045ms] [LOG] update_dashboard_order_laut @ https://phbidlautdemo.prahu-hub.com/home/analitikscsr:6401
[    5084ms] [LOG] Connected @ https://phbidlautdemo.prahu-hub.com/home/analitikscsr:6401
[    5462ms] [LOG] 200 xhrglobal @ https://phbidlautdemo.prahu-hub.com/home/analitikscsr:6282
[    5558ms] [LOG] 200 xhrglobal @ https://phbidlautdemo.prahu-hub.com/home/analitikscsr:6282
[    7092ms] TypeError: $(...).DataTable is not a function
    at https://phbidlautdemo.prahu-hub.com/_resources/themes/prahutheme/js/scripts-init/tables.js:7:23
[   22500ms] [LOG] Connected @ https://phbidlautdemo.prahu-hub.com/home/analitikscsr:6401
[   26703ms] [LOG] tglawal=01%2F01%2F2026&tglakhir=30%2F09%2F2026&status_filter=1 @ https://phbidlautdemo.prahu-hub.com/home/analitikscsr:5584
[   26704ms] [LOG] Saving session... @ https://phbidlautdemo.prahu-hub.com/home/analitikscsr:5594
[   27320ms] [LOG] 200 xhrglobal @ https://phbidlautdemo.prahu-hub.com/home/analitikscsr:6282
[   29719ms] Cannot use import statement outside a module
[   29742ms] ReferenceError: Chart is not defined
    at https://phbidlautdemo.prahu-hub.com/_resources/themes/prahutheme/js/scripts-init/charts/chartjs.js:8:13
[   30267ms] Unexpected token '<'
[   30822ms] Unexpected token '<'
[   30894ms] Uncaught TypeError: expect element to be DOM Element, but got null
    at n.init (https://cdnjs.cloudflare.com/ajax/libs/smooth-scrollbar/8.5.2/smooth-scrollbar.js:24:264)
    at <anonymous> (https://phbidlautdemo.prahu-hub.com/home/analitikscsr/?session_get=exp_6ab73cf432c353.62648248:6082:14)
[   30921ms] ReferenceError: selectEl is not defined
    at HTMLDocument.<anonymous> (https://phbidlautdemo.prahu-hub.com/home/analitikscsr/?session_get=exp_6ab73cf432c353.62648248:4564:3)
[   30932ms] ReferenceError: selectEl is not defined
    at HTMLDocument.<anonymous> (https://phbidlautdemo.prahu-hub.com/home/analitikscsr/?session_get=exp_6ab73cf432c353.62648248:5141:3)
[   30930ms] [LOG] Laporannamanya @ https://phbidlautdemo.prahu-hub.com/home/analitikscsr/?session_get=exp_6ab73cf432c353.62648248:1878
[   30943ms] [LOG] DD/MM/YYYY @ https://phbidlautdemo.prahu-hub.com/home/analitikscsr/?session_get=exp_6ab73cf432c353.62648248:6435
[   30943ms] [LOG] DD/MM/YYYY @ https://phbidlautdemo.prahu-hub.com/home/analitikscsr/?session_get=exp_6ab73cf432c353.62648248:6435
[   30943ms] [LOG] Search... @ https://phbidlautdemo.prahu-hub.com/home/analitikscsr/?session_get=exp_6ab73cf432c353.62648248:6435
[   30943ms] [LOG] Search... @ https://phbidlautdemo.prahu-hub.com/home/analitikscsr/?session_get=exp_6ab73cf432c353.62648248:6435
[   30944ms] [LOG] undefined @ https://phbidlautdemo.prahu-hub.com/home/analitikscsr/?session_get=exp_6ab73cf432c353.62648248:6435
[   30944ms] [LOG] WebSocket connection @ https://phbidlautdemo.prahu-hub.com/home/analitikscsr/?session_get=exp_6ab73cf432c353.62648248:6478
[   30944ms] [LOG] WebSocket connection attempting... @ https://phbidlautdemo.prahu-hub.com/home/analitikscsr/?session_get=exp_6ab73cf432c353.62648248:6556
[   31049ms] [LOG] WebSocket connected @ https://phbidlautdemo.prahu-hub.com/home/analitikscsr/?session_get=exp_6ab73cf432c353.62648248:6487
[   31050ms] [LOG] update_dashboard_order_laut @ https://phbidlautdemo.prahu-hub.com/home/analitikscsr/?session_get=exp_6ab73cf432c353.62648248:6528
[   31077ms] [LOG] Connected @ https://phbidlautdemo.prahu-hub.com/home/analitikscsr/?session_get=exp_6ab73cf432c353.62648248:6528
[   31404ms] [LOG] [Object, Object, Object, Object, Object, Object] @ https://phbidlautdemo.prahu-hub.com/_resources/themes/prahutheme/javascript/custom/analitikscsr.js?m=1788319233:172
[   31406ms] [LOG] undefined @ https://phbidlautdemo.prahu-hub.com/_resources/themes/prahutheme/javascript/custom/analitikscsr.js?m=1788319233:705
[   31406ms] [LOG] undefined countView1 1 pageNow 20 limitView1 @ https://phbidlautdemo.prahu-hub.com/_resources/themes/prahutheme/javascript/custom/analitikscsr.js?m=1788319233:707
[   31406ms] [LOG] undefined @ https://phbidlautdemo.prahu-hub.com/_resources/themes/prahutheme/javascript/custom/analitikscsr.js?m=1788319233:713
[   31406ms] [LOG] undefined jumlah data @ https://phbidlautdemo.prahu-hub.com/_resources/themes/prahutheme/javascript/custom/analitikscsr.js?m=1788319233:682
[   31406ms] [LOG] NaN @ https://phbidlautdemo.prahu-hub.com/_resources/themes/prahutheme/javascript/custom/analitikscsr.js?m=1788319233:684
[   31406ms] [LOG] NaN 1 pageCount & pageNow @ https://phbidlautdemo.prahu-hub.com/_resources/themes/prahutheme/javascript/custom/analitikscsr.js?m=1788319233:608
[   31408ms] [LOG] 200 xhrglobal @ https://phbidlautdemo.prahu-hub.com/home/analitikscsr/?session_get=exp_6ab73cf432c353.62648248:6409
[   31408ms] [LOG] ce.fn.init stepItem @ https://phbidlautdemo.prahu-hub.com/_resources/themes/prahutheme/javascript/custom/analitikscsr.js?m=1788319233:582
[   31516ms] [LOG] 200 xhrglobal @ https://phbidlautdemo.prahu-hub.com/home/analitikscsr/?session_get=exp_6ab73cf432c353.62648248:6409
[   31736ms] [LOG] 200 xhrglobal @ https://phbidlautdemo.prahu-hub.com/home/analitikscsr/?session_get=exp_6ab73cf432c353.62648248:6409
[   32951ms] TypeError: $(...).DataTable is not a function
    at https://phbidlautdemo.prahu-hub.com/_resources/themes/prahutheme/js/scripts-init/tables.js:7:23
