[     957ms] Cannot use import statement outside a module
[     984ms] ReferenceError: Chart is not defined
    at https://phbidlautdemo.prahu-hub.com/_resources/themes/prahutheme/js/scripts-init/charts/chartjs.js:8:13
[    1071ms] Unexpected token '<'
[    1204ms] Unexpected token '<'
[    1217ms] Uncaught TypeError: expect element to be DOM Element, but got null
    at n.init (https://cdnjs.cloudflare.com/ajax/libs/smooth-scrollbar/8.5.2/smooth-scrollbar.js:24:264)
    at <anonymous> (https://phbidlautdemo.prahu-hub.com/order/buatinvoice/1294:6698:14)
[    1242ms] [LOG] Daftar Ordernamanya @ https://phbidlautdemo.prahu-hub.com/order/buatinvoice/1294:2039
[    1275ms] [LOG] nilai_diskon 0 @ https://phbidlautdemo.prahu-hub.com/order/buatinvoice/1294:5846
[    1275ms] [LOG] 9543330 @ https://phbidlautdemo.prahu-hub.com/order/buatinvoice/1294:5847
[    1276ms] [LOG] nilai_diskon 0 @ https://phbidlautdemo.prahu-hub.com/order/buatinvoice/1294:5846
[    1276ms] [LOG] 9543330 @ https://phbidlautdemo.prahu-hub.com/order/buatinvoice/1294:5847
[    1277ms] [LOG] nilai_diskon 0 @ https://phbidlautdemo.prahu-hub.com/order/buatinvoice/1294:5846
[    1277ms] [LOG] 9543330 @ https://phbidlautdemo.prahu-hub.com/order/buatinvoice/1294:5847
[    1277ms] [LOG] nilai_diskon 0 @ https://phbidlautdemo.prahu-hub.com/order/buatinvoice/1294:5846
[    1277ms] [LOG] 9543330 @ https://phbidlautdemo.prahu-hub.com/order/buatinvoice/1294:5847
[    1288ms] [LOG] undefined @ https://phbidlautdemo.prahu-hub.com/order/buatinvoice/1294:7051
[    1289ms] [LOG] undefined @ https://phbidlautdemo.prahu-hub.com/order/buatinvoice/1294:7051
[    1289ms] [LOG] undefined @ https://phbidlautdemo.prahu-hub.com/order/buatinvoice/1294:7051
[    1289ms] [LOG] Masukkan Nama Perusahaan @ https://phbidlautdemo.prahu-hub.com/order/buatinvoice/1294:7051
[    1289ms] [LOG] Masukkan Nomor Telepon @ https://phbidlautdemo.prahu-hub.com/order/buatinvoice/1294:7051
[    1289ms] [LOG] Masukkan Alamat Email @ https://phbidlautdemo.prahu-hub.com/order/buatinvoice/1294:7051
[    1289ms] [LOG] Masukkan Nama Shipper @ https://phbidlautdemo.prahu-hub.com/order/buatinvoice/1294:7051
[    1289ms] [LOG] Masukkan ID Order @ https://phbidlautdemo.prahu-hub.com/order/buatinvoice/1294:7051
[    1289ms] [LOG] Masukkan Nomor Invoice @ https://phbidlautdemo.prahu-hub.com/order/buatinvoice/1294:7051
[    1290ms] [LOG] DD/MM/YYYY @ https://phbidlautdemo.prahu-hub.com/order/buatinvoice/1294:7051
[    1290ms] [LOG] DD/MM/YYYY @ https://phbidlautdemo.prahu-hub.com/order/buatinvoice/1294:7051
[    1290ms] [LOG] Harga @ https://phbidlautdemo.prahu-hub.com/order/buatinvoice/1294:7051
[    1290ms] [LOG] Harga @ https://phbidlautdemo.prahu-hub.com/order/buatinvoice/1294:7051
[    1290ms] [LOG] Harga @ https://phbidlautdemo.prahu-hub.com/order/buatinvoice/1294:7051
[    1291ms] [LOG] Harga @ https://phbidlautdemo.prahu-hub.com/order/buatinvoice/1294:7051
[    1291ms] [LOG] Harga @ https://phbidlautdemo.prahu-hub.com/order/buatinvoice/1294:7051
[    1291ms] [LOG] Harga @ https://phbidlautdemo.prahu-hub.com/order/buatinvoice/1294:7051
[    1291ms] [LOG] 0 @ https://phbidlautdemo.prahu-hub.com/order/buatinvoice/1294:7051
[    1291ms] [LOG] undefined @ https://phbidlautdemo.prahu-hub.com/order/buatinvoice/1294:7051
[    1291ms] [LOG] 0 @ https://phbidlautdemo.prahu-hub.com/order/buatinvoice/1294:7051
[    1291ms] [LOG] undefined @ https://phbidlautdemo.prahu-hub.com/order/buatinvoice/1294:7051
[    1291ms] [LOG] 0 @ https://phbidlautdemo.prahu-hub.com/order/buatinvoice/1294:7051
[    1291ms] [LOG] undefined @ https://phbidlautdemo.prahu-hub.com/order/buatinvoice/1294:7051
[    1292ms] [LOG] undefined @ https://phbidlautdemo.prahu-hub.com/order/buatinvoice/1294:7051
[    1292ms] [LOG] Masukkan Nomor Rekening @ https://phbidlautdemo.prahu-hub.com/order/buatinvoice/1294:7051
[    1292ms] [LOG] Masukkan Nama Bank @ https://phbidlautdemo.prahu-hub.com/order/buatinvoice/1294:7051
[    1292ms] [LOG] Masukkan Nomor Invoice @ https://phbidlautdemo.prahu-hub.com/order/buatinvoice/1294:7051
[    1292ms] [LOG] Masukkan Nomor Rekening @ https://phbidlautdemo.prahu-hub.com/order/buatinvoice/1294:7051
[    1292ms] [LOG] Masukkan Nama Bank @ https://phbidlautdemo.prahu-hub.com/order/buatinvoice/1294:7051
[    1292ms] [LOG] Masukkan Nomor Invoice @ https://phbidlautdemo.prahu-hub.com/order/buatinvoice/1294:7051
[    1292ms] [LOG] undefined @ https://phbidlautdemo.prahu-hub.com/order/buatinvoice/1294:7051
[    1292ms] [LOG] undefined @ https://phbidlautdemo.prahu-hub.com/order/buatinvoice/1294:7051
[    1292ms] [LOG] undefined @ https://phbidlautdemo.prahu-hub.com/order/buatinvoice/1294:7051
[    1293ms] [LOG] WebSocket connection @ https://phbidlautdemo.prahu-hub.com/order/buatinvoice/1294:7094
[    1293ms] [LOG] WebSocket connection attempting... @ https://phbidlautdemo.prahu-hub.com/order/buatinvoice/1294:7172
[    1450ms] [LOG] WebSocket connected @ https://phbidlautdemo.prahu-hub.com/order/buatinvoice/1294:7103
[    1453ms] [LOG] update_dashboard_order_laut @ https://phbidlautdemo.prahu-hub.com/order/buatinvoice/1294:7144
[    1477ms] [LOG] Connected @ https://phbidlautdemo.prahu-hub.com/order/buatinvoice/1294:7144
[    1627ms] [LOG] 200 xhrglobal @ https://phbidlautdemo.prahu-hub.com/order/buatinvoice/1294:7025
[    1693ms] [LOG] 200 xhrglobal @ https://phbidlautdemo.prahu-hub.com/order/buatinvoice/1294:7025
[    3259ms] TypeError: $(...).DataTable is not a function
    at https://phbidlautdemo.prahu-hub.com/_resources/themes/prahutheme/js/scripts-init/tables.js:7:23
