[     856ms] Cannot use import statement outside a module
[     886ms] ReferenceError: Chart is not defined
    at https://phbidlautdemo.prahu-hub.com/_resources/themes/prahutheme/js/scripts-init/charts/chartjs.js:8:13
[    1090ms] Unexpected token '<'
[    1091ms] Unexpected token '<'
[    1143ms] Uncaught TypeError: expect element to be DOM Element, but got null
    at n.init (https://cdnjs.cloudflare.com/ajax/libs/smooth-scrollbar/8.5.2/smooth-scrollbar.js:24:264)
    at <anonymous> (https://phbidlautdemo.prahu-hub.com/adminprahu/hakaksesadmin:5419:14)
[    1171ms] [LOG] Pengaturan Akunnamanya @ https://phbidlautdemo.prahu-hub.com/adminprahu/hakaksesadmin:2040
[    1181ms] [LOG] undefined @ https://phbidlautdemo.prahu-hub.com/adminprahu/hakaksesadmin:5772
[    1181ms] [LOG] Masukkan Nama Hak Akses @ https://phbidlautdemo.prahu-hub.com/adminprahu/hakaksesadmin:5772
[    1181ms] [LOG] undefined @ https://phbidlautdemo.prahu-hub.com/adminprahu/hakaksesadmin:5772
[    1182ms] [LOG] Masukkan Nama Kemasan @ https://phbidlautdemo.prahu-hub.com/adminprahu/hakaksesadmin:5772
[    1182ms] [LOG] undefined @ https://phbidlautdemo.prahu-hub.com/adminprahu/hakaksesadmin:5772
[    1183ms] [LOG] WebSocket connection @ https://phbidlautdemo.prahu-hub.com/adminprahu/hakaksesadmin:5815
[    1183ms] [LOG] WebSocket connection attempting... @ https://phbidlautdemo.prahu-hub.com/adminprahu/hakaksesadmin:5893
[    1334ms] [LOG] WebSocket connected @ https://phbidlautdemo.prahu-hub.com/adminprahu/hakaksesadmin:5824
[    1336ms] [LOG] update_dashboard_order_laut @ https://phbidlautdemo.prahu-hub.com/adminprahu/hakaksesadmin:5865
[    1365ms] [LOG] Connected @ https://phbidlautdemo.prahu-hub.com/adminprahu/hakaksesadmin:5865
[    1461ms] [LOG] [Object, Object, Object, Object, Object, Object, Object, Object, Object, Object, Object, Object, Object, Object, Object, Object, Object, Object, Object, Object] @ https://phbidlautdemo.prahu-hub.com/_resources/themes/prahutheme/javascript/custom/hakaksesadmin.js?m=1787972929:125
[    1467ms] [LOG] 54 @ https://phbidlautdemo.prahu-hub.com/_resources/themes/prahutheme/javascript/custom/hakaksesadmin.js?m=1787972929:770
[    1468ms] [LOG] 54 countView1 1 pageNow 20 limitView1 @ https://phbidlautdemo.prahu-hub.com/_resources/themes/prahutheme/javascript/custom/hakaksesadmin.js?m=1787972929:772
[    1468ms] [LOG] 20 @ https://phbidlautdemo.prahu-hub.com/_resources/themes/prahutheme/javascript/custom/hakaksesadmin.js?m=1787972929:778
[    1468ms] [LOG] 54 jumlah data @ https://phbidlautdemo.prahu-hub.com/_resources/themes/prahutheme/javascript/custom/hakaksesadmin.js?m=1787972929:735
[    1468ms] [LOG] 3 @ https://phbidlautdemo.prahu-hub.com/_resources/themes/prahutheme/javascript/custom/hakaksesadmin.js?m=1787972929:737
[    1469ms] [LOG] 3 1 pageCount & pageNow @ https://phbidlautdemo.prahu-hub.com/_resources/themes/prahutheme/javascript/custom/hakaksesadmin.js?m=1787972929:661
[    1470ms] [LOG] 200 xhrglobal @ https://phbidlautdemo.prahu-hub.com/adminprahu/hakaksesadmin:5746
[    1470ms] [LOG] ce.fn.init stepItem @ https://phbidlautdemo.prahu-hub.com/_resources/themes/prahutheme/javascript/custom/hakaksesadmin.js?m=1787972929:635
[    1577ms] [LOG] 200 xhrglobal @ https://phbidlautdemo.prahu-hub.com/adminprahu/hakaksesadmin:5746
[    1632ms] [LOG] 200 xhrglobal @ https://phbidlautdemo.prahu-hub.com/adminprahu/hakaksesadmin:5746
[    3183ms] TypeError: $(...).DataTable is not a function
    at https://phbidlautdemo.prahu-hub.com/_resources/themes/prahutheme/js/scripts-init/tables.js:7:23
[    8197ms] [LOG] 200 xhrglobal @ https://phbidlautdemo.prahu-hub.com/adminprahu/hakaksesadmin:5746
[   13888ms] [LOG] 200 xhrglobal @ https://phbidlautdemo.prahu-hub.com/adminprahu/hakaksesadmin:5746
[   14983ms] Cannot use import statement outside a module
[   15014ms] ReferenceError: Chart is not defined
    at https://phbidlautdemo.prahu-hub.com/_resources/themes/prahutheme/js/scripts-init/charts/chartjs.js:8:13
[   15170ms] Unexpected token '<'
[   15171ms] Unexpected token '<'
[   15232ms] Uncaught TypeError: expect element to be DOM Element, but got null
    at n.init (https://cdnjs.cloudflare.com/ajax/libs/smooth-scrollbar/8.5.2/smooth-scrollbar.js:24:264)
    at <anonymous> (https://phbidlautdemo.prahu-hub.com/adminprahu/hakaksesadmin:5424:14)
[   15266ms] [LOG] Pengaturan Akunnamanya @ https://phbidlautdemo.prahu-hub.com/adminprahu/hakaksesadmin:2040
[   15280ms] [LOG] undefined @ https://phbidlautdemo.prahu-hub.com/adminprahu/hakaksesadmin:5777
[   15281ms] [LOG] Masukkan Nama Hak Akses @ https://phbidlautdemo.prahu-hub.com/adminprahu/hakaksesadmin:5777
[   15281ms] [LOG] undefined @ https://phbidlautdemo.prahu-hub.com/adminprahu/hakaksesadmin:5777
[   15281ms] [LOG] Masukkan Nama Kemasan @ https://phbidlautdemo.prahu-hub.com/adminprahu/hakaksesadmin:5777
[   15281ms] [LOG] undefined @ https://phbidlautdemo.prahu-hub.com/adminprahu/hakaksesadmin:5777
[   15282ms] [LOG] WebSocket connection @ https://phbidlautdemo.prahu-hub.com/adminprahu/hakaksesadmin:5820
[   15283ms] [LOG] WebSocket connection attempting... @ https://phbidlautdemo.prahu-hub.com/adminprahu/hakaksesadmin:5898
[   15496ms] [LOG] WebSocket connected @ https://phbidlautdemo.prahu-hub.com/adminprahu/hakaksesadmin:5829
[   15501ms] [LOG] update_dashboard_order_laut @ https://phbidlautdemo.prahu-hub.com/adminprahu/hakaksesadmin:5870
[   15529ms] [LOG] Connected @ https://phbidlautdemo.prahu-hub.com/adminprahu/hakaksesadmin:5870
[   15545ms] [LOG] [Object, Object, Object, Object, Object, Object, Object, Object, Object, Object, Object, Object, Object, Object, Object, Object, Object, Object, Object, Object] @ https://phbidlautdemo.prahu-hub.com/_resources/themes/prahutheme/javascript/custom/hakaksesadmin.js?m=1787972929:125
[   15552ms] [LOG] 53 @ https://phbidlautdemo.prahu-hub.com/_resources/themes/prahutheme/javascript/custom/hakaksesadmin.js?m=1787972929:770
[   15553ms] [LOG] 53 countView1 1 pageNow 20 limitView1 @ https://phbidlautdemo.prahu-hub.com/_resources/themes/prahutheme/javascript/custom/hakaksesadmin.js?m=1787972929:772
[   15553ms] [LOG] 20 @ https://phbidlautdemo.prahu-hub.com/_resources/themes/prahutheme/javascript/custom/hakaksesadmin.js?m=1787972929:778
[   15553ms] [LOG] 53 jumlah data @ https://phbidlautdemo.prahu-hub.com/_resources/themes/prahutheme/javascript/custom/hakaksesadmin.js?m=1787972929:735
[   15553ms] [LOG] 3 @ https://phbidlautdemo.prahu-hub.com/_resources/themes/prahutheme/javascript/custom/hakaksesadmin.js?m=1787972929:737
[   15553ms] [LOG] 3 1 pageCount & pageNow @ https://phbidlautdemo.prahu-hub.com/_resources/themes/prahutheme/javascript/custom/hakaksesadmin.js?m=1787972929:661
[   15554ms] [LOG] 200 xhrglobal @ https://phbidlautdemo.prahu-hub.com/adminprahu/hakaksesadmin:5751
[   15555ms] [LOG] ce.fn.init stepItem @ https://phbidlautdemo.prahu-hub.com/_resources/themes/prahutheme/javascript/custom/hakaksesadmin.js?m=1787972929:635
[   15666ms] [LOG] 200 xhrglobal @ https://phbidlautdemo.prahu-hub.com/adminprahu/hakaksesadmin:5751
[   15722ms] [LOG] 200 xhrglobal @ https://phbidlautdemo.prahu-hub.com/adminprahu/hakaksesadmin:5751
[   17282ms] TypeError: $(...).DataTable is not a function
    at https://phbidlautdemo.prahu-hub.com/_resources/themes/prahutheme/js/scripts-init/tables.js:7:23
