[    1892ms] Cannot use import statement outside a module
[    1914ms] ReferenceError: Chart is not defined
    at https://phbidlautdemo.prahu-hub.com/_resources/themes/prahutheme/js/scripts-init/charts/chartjs.js:8:13
[    1914ms] Unexpected token '<'
[    1915ms] Unexpected token '<'
[    2110ms] [LOG] Daftar Ordernamanya @ https://phbidlautdemo.prahu-hub.com/order/orderdetail/VVpWU1E2WGxjN09xRTJWc0hqeTZDQT09:1877
[    2133ms] [LOG] undefined @ https://phbidlautdemo.prahu-hub.com/order/orderdetail/VVpWU1E2WGxjN09xRTJWc0hqeTZDQT09:9100
[    2133ms] [LOG] undefined @ https://phbidlautdemo.prahu-hub.com/order/orderdetail/VVpWU1E2WGxjN09xRTJWc0hqeTZDQT09:9100
[    2133ms] [LOG] undefined @ https://phbidlautdemo.prahu-hub.com/order/orderdetail/VVpWU1E2WGxjN09xRTJWc0hqeTZDQT09:9100
[    2133ms] [LOG] undefined @ https://phbidlautdemo.prahu-hub.com/order/orderdetail/VVpWU1E2WGxjN09xRTJWc0hqeTZDQT09:9100
[    2134ms] [LOG] WebSocket connection @ https://phbidlautdemo.prahu-hub.com/order/orderdetail/VVpWU1E2WGxjN09xRTJWc0hqeTZDQT09:9143
[    2135ms] [LOG] WebSocket connection attempting... @ https://phbidlautdemo.prahu-hub.com/order/orderdetail/VVpWU1E2WGxjN09xRTJWc0hqeTZDQT09:9221
[    2266ms] [LOG] WebSocket connected @ https://phbidlautdemo.prahu-hub.com/order/orderdetail/VVpWU1E2WGxjN09xRTJWc0hqeTZDQT09:9152
[    2271ms] [LOG] update_dashboard_order_laut @ https://phbidlautdemo.prahu-hub.com/order/orderdetail/VVpWU1E2WGxjN09xRTJWc0hqeTZDQT09:9193
[    2295ms] [LOG] Connected @ https://phbidlautdemo.prahu-hub.com/order/orderdetail/VVpWU1E2WGxjN09xRTJWc0hqeTZDQT09:9193
[    2443ms] [LOG] 200 xhrglobal @ https://phbidlautdemo.prahu-hub.com/order/orderdetail/VVpWU1E2WGxjN09xRTJWc0hqeTZDQT09:9074
[    2511ms] [LOG] 200 xhrglobal @ https://phbidlautdemo.prahu-hub.com/order/orderdetail/VVpWU1E2WGxjN09xRTJWc0hqeTZDQT09:9074
[    4124ms] TypeError: $(...).DataTable is not a function
    at https://phbidlautdemo.prahu-hub.com/_resources/themes/prahutheme/js/scripts-init/tables.js:7:23
[    4534ms] [LOG] Connected @ https://phbidlautdemo.prahu-hub.com/order/orderdetail/VVpWU1E2WGxjN09xRTJWc0hqeTZDQT09:9193
[    6352ms] [LOG] Connected @ https://phbidlautdemo.prahu-hub.com/order/orderdetail/VVpWU1E2WGxjN09xRTJWc0hqeTZDQT09:9193
