[     994ms] Cannot use import statement outside a module
[    1032ms] ReferenceError: Chart is not defined
    at https://phbidlautdemo.prahu-hub.com/_resources/themes/prahutheme/js/scripts-init/charts/chartjs.js:8:13
[    1040ms] Unexpected token '<'
[    1152ms] Unexpected token '<'
[    1171ms] [LOG] false @ https://phbidlautdemo.prahu-hub.com/home/editakunsaya:5592
[    1182ms] Uncaught TypeError: expect element to be DOM Element, but got null
    at n.init (https://cdnjs.cloudflare.com/ajax/libs/smooth-scrollbar/8.5.2/smooth-scrollbar.js:24:264)
    at <anonymous> (https://phbidlautdemo.prahu-hub.com/home/editakunsaya:7393:14)
[    1203ms] [LOG] Akun Sayanamanya @ https://phbidlautdemo.prahu-hub.com/home/editakunsaya:1876
[    1209ms] [LOG] 999debugggg7788 @ https://phbidlautdemo.prahu-hub.com/home/editakunsaya:5530
[    1212ms] [LOG] undefined @ https://phbidlautdemo.prahu-hub.com/home/editakunsaya:7745
[    1212ms] [LOG] undefined @ https://phbidlautdemo.prahu-hub.com/home/editakunsaya:7745
[    1212ms] [LOG] Masukkan Nama Anda @ https://phbidlautdemo.prahu-hub.com/home/editakunsaya:7745
[    1212ms] [LOG] Masukkan Nama Perusahaan @ https://phbidlautdemo.prahu-hub.com/home/editakunsaya:7745
[    1212ms] [LOG] 08xxxxxxxxxx @ https://phbidlautdemo.prahu-hub.com/home/editakunsaya:7745
[    1213ms] [LOG] Email Perusahaan @ https://phbidlautdemo.prahu-hub.com/home/editakunsaya:7745
[    1213ms] [LOG] Email Perusahaan @ https://phbidlautdemo.prahu-hub.com/home/editakunsaya:7745
[    1213ms] [LOG] undefined @ https://phbidlautdemo.prahu-hub.com/home/editakunsaya:7745
[    1214ms] [LOG] Masukkan NPWP @ https://phbidlautdemo.prahu-hub.com/home/editakunsaya:7745
[    1214ms] [LOG] Masukkan Gambar  @ https://phbidlautdemo.prahu-hub.com/home/editakunsaya:7745
[    1214ms] [LOG] Masukkan No. NPWP @ https://phbidlautdemo.prahu-hub.com/home/editakunsaya:7745
[    1214ms] [LOG] undefined @ https://phbidlautdemo.prahu-hub.com/home/editakunsaya:7745
[    1215ms] [LOG] Masukkan SIUP @ https://phbidlautdemo.prahu-hub.com/home/editakunsaya:7745
[    1215ms] [LOG] Masukkan Gambar Logo @ https://phbidlautdemo.prahu-hub.com/home/editakunsaya:7745
[    1215ms] [LOG] Masukkan No. SIUP @ https://phbidlautdemo.prahu-hub.com/home/editakunsaya:7745
[    1215ms] [LOG] undefined @ https://phbidlautdemo.prahu-hub.com/home/editakunsaya:7745
[    1215ms] [LOG] Masukkan Gambar @ https://phbidlautdemo.prahu-hub.com/home/editakunsaya:7745
[    1215ms] [LOG] Masukkan Gambar  @ https://phbidlautdemo.prahu-hub.com/home/editakunsaya:7745
[    1215ms] [LOG] undefined @ https://phbidlautdemo.prahu-hub.com/home/editakunsaya:7745
[    1215ms] [LOG] Masukkan Gambar @ https://phbidlautdemo.prahu-hub.com/home/editakunsaya:7745
[    1215ms] [LOG] Masukkan Gambar  @ https://phbidlautdemo.prahu-hub.com/home/editakunsaya:7745
[    1216ms] [LOG] WebSocket connection @ https://phbidlautdemo.prahu-hub.com/home/editakunsaya:7788
[    1216ms] [LOG] WebSocket connection attempting... @ https://phbidlautdemo.prahu-hub.com/home/editakunsaya:7866
[    1301ms] [LOG] debugggg7788 @ https://phbidlautdemo.prahu-hub.com/home/editakunsaya:5560
[    1302ms] [LOG] 200 xhrglobal @ https://phbidlautdemo.prahu-hub.com/home/editakunsaya:7719
[    1319ms] [LOG] WebSocket connected @ https://phbidlautdemo.prahu-hub.com/home/editakunsaya:7797
[    1321ms] [LOG] update_dashboard_order_laut @ https://phbidlautdemo.prahu-hub.com/home/editakunsaya:7838
[    1353ms] [LOG] Connected @ https://phbidlautdemo.prahu-hub.com/home/editakunsaya:7838
[    1433ms] [LOG] 200 xhrglobal @ https://phbidlautdemo.prahu-hub.com/home/editakunsaya:7719
[    1496ms] [LOG] 200 xhrglobal @ https://phbidlautdemo.prahu-hub.com/home/editakunsaya:7719
[    3210ms] TypeError: $(...).DataTable is not a function
    at https://phbidlautdemo.prahu-hub.com/_resources/themes/prahutheme/js/scripts-init/tables.js:7:23
