[    1561ms] Unexpected token '<'
[    1579ms] Cannot use import statement outside a module
[    1639ms] ReferenceError: Chart is not defined
    at https://phbidlautdemo.prahu-hub.com/_resources/themes/prahutheme/js/scripts-init/charts/chartjs.js:8:13
[    1640ms] Unexpected token '<'
[    1681ms] Unexpected token '<'
[    1844ms] [LOG] Daftar Ordernamanya @ https://phbidlautdemo.prahu-hub.com/order/ganti_jadwal/cE81VTMwcCswa2gzY09EQWtNclJHZz09:2039
[    1860ms] [LOG] Sat Aug 29 2026 17:58:52 GMT+0700 (Western Indonesia Time) @ https://phbidlautdemo.prahu-hub.com/order/ganti_jadwal/cE81VTMwcCswa2gzY09EQWtNclJHZz09:6452
[    1861ms] [LOG] ini max1Mon Aug 31 2026 00:00:00 GMT+0700 (Western Indonesia Time) @ https://phbidlautdemo.prahu-hub.com/order/ganti_jadwal/cE81VTMwcCswa2gzY09EQWtNclJHZz09:6488
[    1861ms] [LOG] ini max2Mon Sep 14 2026 00:00:00 GMT+0700 (Western Indonesia Time) @ https://phbidlautdemo.prahu-hub.com/order/ganti_jadwal/cE81VTMwcCswa2gzY09EQWtNclJHZz09:6490
[    1887ms] [LOG] undefined @ https://phbidlautdemo.prahu-hub.com/order/ganti_jadwal/cE81VTMwcCswa2gzY09EQWtNclJHZz09:8342
[    1887ms] [LOG] undefined @ https://phbidlautdemo.prahu-hub.com/order/ganti_jadwal/cE81VTMwcCswa2gzY09EQWtNclJHZz09:8342
[    1887ms] [LOG] undefined @ https://phbidlautdemo.prahu-hub.com/order/ganti_jadwal/cE81VTMwcCswa2gzY09EQWtNclJHZz09:8342
[    1888ms] [LOG] undefined @ https://phbidlautdemo.prahu-hub.com/order/ganti_jadwal/cE81VTMwcCswa2gzY09EQWtNclJHZz09:8342
[    1888ms] [LOG] Masukkan Nama Kapal @ https://phbidlautdemo.prahu-hub.com/order/ganti_jadwal/cE81VTMwcCswa2gzY09EQWtNclJHZz09:8342
[    1888ms] [LOG] Masukkan Voyage @ https://phbidlautdemo.prahu-hub.com/order/ganti_jadwal/cE81VTMwcCswa2gzY09EQWtNclJHZz09:8342
[    1888ms] [LOG] DD/MM/YYYY @ https://phbidlautdemo.prahu-hub.com/order/ganti_jadwal/cE81VTMwcCswa2gzY09EQWtNclJHZz09:8342
[    1890ms] [LOG] undefined @ https://phbidlautdemo.prahu-hub.com/order/ganti_jadwal/cE81VTMwcCswa2gzY09EQWtNclJHZz09:8342
[    1890ms] [LOG] undefined @ https://phbidlautdemo.prahu-hub.com/order/ganti_jadwal/cE81VTMwcCswa2gzY09EQWtNclJHZz09:8342
[    1890ms] [LOG] DD/MM/YYYY hh:mm @ https://phbidlautdemo.prahu-hub.com/order/ganti_jadwal/cE81VTMwcCswa2gzY09EQWtNclJHZz09:8342
[    1890ms] [LOG] DD/MM/YYYY @ https://phbidlautdemo.prahu-hub.com/order/ganti_jadwal/cE81VTMwcCswa2gzY09EQWtNclJHZz09:8342
[    1891ms] [LOG] DD/MM/YYYY @ https://phbidlautdemo.prahu-hub.com/order/ganti_jadwal/cE81VTMwcCswa2gzY09EQWtNclJHZz09:8342
[    1893ms] [LOG] WebSocket connection @ https://phbidlautdemo.prahu-hub.com/order/ganti_jadwal/cE81VTMwcCswa2gzY09EQWtNclJHZz09:8385
[    1894ms] [LOG] WebSocket connection attempting... @ https://phbidlautdemo.prahu-hub.com/order/ganti_jadwal/cE81VTMwcCswa2gzY09EQWtNclJHZz09:8463
[    2106ms] [LOG] WebSocket connected @ https://phbidlautdemo.prahu-hub.com/order/ganti_jadwal/cE81VTMwcCswa2gzY09EQWtNclJHZz09:8394
[    2113ms] [LOG] update_dashboard_order_laut @ https://phbidlautdemo.prahu-hub.com/order/ganti_jadwal/cE81VTMwcCswa2gzY09EQWtNclJHZz09:8435
[    2142ms] [LOG] Connected @ https://phbidlautdemo.prahu-hub.com/order/ganti_jadwal/cE81VTMwcCswa2gzY09EQWtNclJHZz09:8435
[    2294ms] [LOG] 200 xhrglobal @ https://phbidlautdemo.prahu-hub.com/order/ganti_jadwal/cE81VTMwcCswa2gzY09EQWtNclJHZz09:8316
[    2369ms] [LOG] 200 xhrglobal @ https://phbidlautdemo.prahu-hub.com/order/ganti_jadwal/cE81VTMwcCswa2gzY09EQWtNclJHZz09:8316
[    3863ms] TypeError: $(...).DataTable is not a function
    at https://phbidlautdemo.prahu-hub.com/_resources/themes/prahutheme/js/scripts-init/tables.js:7:23
