[     842ms] ReferenceError: dete is not defined
    at https://phbidlautdemo.prahu-hub.com/user/login:1465:5
[    1912ms] TypeError: Failed to execute 'observe' on 'IntersectionObserver': parameter 1 is not of type 'Element'.
    at https://phbidlautdemo.prahu-hub.com/user/login:1932:14
[    1926ms] [VERBOSE] [DOM] Input elements should have autocomplete attributes (suggested: "current-password"): (More info: https://goo.gl/9p2vKq) %o @ https://phbidlautdemo.prahu-hub.com/user/login:0
[    1929ms] [LOG] 0 @ https://phbidlautdemo.prahu-hub.com/user/login:1426
[    1929ms] [LOG] undefined scr @ https://phbidlautdemo.prahu-hub.com/user/login:1430
[    5759ms] [LOG] ddd @ https://phbidlautdemo.prahu-hub.com/user/login:1525
[    5919ms] [LOG] {pesan: ADMIN, status: 1, user_aktif: 1, ParentID: 0, redirect: } @ https://phbidlautdemo.prahu-hub.com/user/login:1558
[    5919ms] [LOG] {pesan: ADMIN, status: 1, user_aktif: 1, ParentID: 0, redirect: } a @ https://phbidlautdemo.prahu-hub.com/user/login:1560
[    7214ms] Cannot use import statement outside a module
[    7257ms] ReferenceError: Chart is not defined
    at https://phbidlautdemo.prahu-hub.com/_resources/themes/prahutheme/js/scripts-init/charts/chartjs.js:8:13
[    7315ms] Unexpected token '<'
[    7467ms] Unexpected token '<'
[    7565ms] Uncaught TypeError: expect element to be DOM Element, but got null
    at n.init (https://cdnjs.cloudflare.com/ajax/libs/smooth-scrollbar/8.5.2/smooth-scrollbar.js:24:264)
    at <anonymous> (https://phbidlautdemo.prahu-hub.com/lelang/listlelang?tab=semua-lelang:6190:14)
[    7643ms] [LOG] Pengajuan Lelangnamanya @ https://phbidlautdemo.prahu-hub.com/lelang/listlelang?tab=semua-lelang:2040
[    7654ms] [LOG] undefined @ https://phbidlautdemo.prahu-hub.com/lelang/listlelang?tab=semua-lelang:6543
[    7655ms] [LOG] undefined @ https://phbidlautdemo.prahu-hub.com/lelang/listlelang?tab=semua-lelang:6543
[    7655ms] [LOG] Masukkan Nomor Lelang @ https://phbidlautdemo.prahu-hub.com/lelang/listlelang?tab=semua-lelang:6543
[    7655ms] [LOG] DD/MM/YYYY @ https://phbidlautdemo.prahu-hub.com/lelang/listlelang?tab=semua-lelang:6543
[    7655ms] [LOG] DD/MM/YYYY @ https://phbidlautdemo.prahu-hub.com/lelang/listlelang?tab=semua-lelang:6543
[    7655ms] [LOG] DD/MM/YYYY @ https://phbidlautdemo.prahu-hub.com/lelang/listlelang?tab=semua-lelang:6543
[    7655ms] [LOG] DD/MM/YYYY @ https://phbidlautdemo.prahu-hub.com/lelang/listlelang?tab=semua-lelang:6543
[    7655ms] [LOG] undefined @ https://phbidlautdemo.prahu-hub.com/lelang/listlelang?tab=semua-lelang:6543
[    7655ms] [LOG] undefined @ https://phbidlautdemo.prahu-hub.com/lelang/listlelang?tab=semua-lelang:6543
[    7655ms] [LOG] Masukkan Nama Bank @ https://phbidlautdemo.prahu-hub.com/lelang/listlelang?tab=semua-lelang:6543
[    7656ms] [LOG] undefined @ https://phbidlautdemo.prahu-hub.com/lelang/listlelang?tab=semua-lelang:6543
[    7656ms] [LOG] WebSocket connection @ https://phbidlautdemo.prahu-hub.com/lelang/listlelang?tab=semua-lelang:6586
[    7657ms] [LOG] WebSocket connection attempting... @ https://phbidlautdemo.prahu-hub.com/lelang/listlelang?tab=semua-lelang:6664
[    8797ms] [LOG] WebSocket connected @ https://phbidlautdemo.prahu-hub.com/lelang/listlelang?tab=semua-lelang:6595
[    8798ms] [LOG] update_dashboard_order_laut @ https://phbidlautdemo.prahu-hub.com/lelang/listlelang?tab=semua-lelang:6636
[    8837ms] [LOG] Connected @ https://phbidlautdemo.prahu-hub.com/lelang/listlelang?tab=semua-lelang:6636
[    9662ms] TypeError: $(...).DataTable is not a function
    at https://phbidlautdemo.prahu-hub.com/_resources/themes/prahutheme/js/scripts-init/tables.js:7:23
[   10765ms] [LOG] [Object, Object, Object, Object, Object, Object, Object, Object, Object, Object, Object, Object, Object, Object, Object, Object, Object, Object, Object, Object] @ https://phbidlautdemo.prahu-hub.com/_resources/themes/prahutheme/javascript/custom/listLelang.js?m=1787971551:14
[   10769ms] [LOG] 1089 @ https://phbidlautdemo.prahu-hub.com/_resources/themes/prahutheme/javascript/custom/listLelang.js?m=1787971551:818
[   10769ms] [LOG] 1089 countView1 1 pageNow 20 limitView1 @ https://phbidlautdemo.prahu-hub.com/_resources/themes/prahutheme/javascript/custom/listLelang.js?m=1787971551:820
[   10769ms] [LOG] 20 @ https://phbidlautdemo.prahu-hub.com/_resources/themes/prahutheme/javascript/custom/listLelang.js?m=1787971551:826
[   10770ms] [LOG] 1089 jumlah data @ https://phbidlautdemo.prahu-hub.com/_resources/themes/prahutheme/javascript/custom/listLelang.js?m=1787971551:779
[   10770ms] [LOG] 55 @ https://phbidlautdemo.prahu-hub.com/_resources/themes/prahutheme/javascript/custom/listLelang.js?m=1787971551:781
[   10770ms] [LOG] 55 1 pageCount & pageNow @ https://phbidlautdemo.prahu-hub.com/_resources/themes/prahutheme/javascript/custom/listLelang.js?m=1787971551:704
[   10773ms] [LOG] 200 xhrglobal @ https://phbidlautdemo.prahu-hub.com/lelang/listlelang?tab=semua-lelang:6517
[   10794ms] ReferenceError: renderTooltipHarga is not defined
    at https://phbidlautdemo.prahu-hub.com/_resources/themes/prahutheme/javascript/custom/listLelang.js?m=1787971551:1049:9
[   10875ms] [LOG] 200 xhrglobal @ https://phbidlautdemo.prahu-hub.com/lelang/listlelang?tab=semua-lelang:6517
[   10943ms] [LOG] 200 xhrglobal @ https://phbidlautdemo.prahu-hub.com/lelang/listlelang?tab=semua-lelang:6517
[   16821ms] [LOG] Connected @ https://phbidlautdemo.prahu-hub.com/lelang/listlelang?tab=semua-lelang:6636
[   22162ms] Cannot use import statement outside a module
[   22192ms] ReferenceError: Chart is not defined
    at https://phbidlautdemo.prahu-hub.com/_resources/themes/prahutheme/js/scripts-init/charts/chartjs.js:8:13
[   22193ms] Unexpected token '<'
[   22195ms] Unexpected token '<'
[   22297ms] [LOG] Daftar Ordernamanya @ https://phbidlautdemo.prahu-hub.com/order/orderdetail/b1VKRnFWQkdHLzFRdDlxb3ZVNXhQZz09:2039
[   22319ms] [LOG] undefined @ https://phbidlautdemo.prahu-hub.com/order/orderdetail/b1VKRnFWQkdHLzFRdDlxb3ZVNXhQZz09:8333
[   22319ms] [LOG] undefined @ https://phbidlautdemo.prahu-hub.com/order/orderdetail/b1VKRnFWQkdHLzFRdDlxb3ZVNXhQZz09:8333
[   22319ms] [LOG] undefined @ https://phbidlautdemo.prahu-hub.com/order/orderdetail/b1VKRnFWQkdHLzFRdDlxb3ZVNXhQZz09:8333
[   22319ms] [LOG] undefined @ https://phbidlautdemo.prahu-hub.com/order/orderdetail/b1VKRnFWQkdHLzFRdDlxb3ZVNXhQZz09:8333
[   22320ms] [LOG] WebSocket connection @ https://phbidlautdemo.prahu-hub.com/order/orderdetail/b1VKRnFWQkdHLzFRdDlxb3ZVNXhQZz09:8376
[   22320ms] [LOG] WebSocket connection attempting... @ https://phbidlautdemo.prahu-hub.com/order/orderdetail/b1VKRnFWQkdHLzFRdDlxb3ZVNXhQZz09:8454
[   22445ms] [LOG] WebSocket connected @ https://phbidlautdemo.prahu-hub.com/order/orderdetail/b1VKRnFWQkdHLzFRdDlxb3ZVNXhQZz09:8385
[   22447ms] [LOG] update_dashboard_order_laut @ https://phbidlautdemo.prahu-hub.com/order/orderdetail/b1VKRnFWQkdHLzFRdDlxb3ZVNXhQZz09:8426
[   22485ms] [LOG] Connected @ https://phbidlautdemo.prahu-hub.com/order/orderdetail/b1VKRnFWQkdHLzFRdDlxb3ZVNXhQZz09:8426
[   22550ms] [LOG] 200 xhrglobal @ https://phbidlautdemo.prahu-hub.com/order/orderdetail/b1VKRnFWQkdHLzFRdDlxb3ZVNXhQZz09:8307
[   22649ms] [LOG] 200 xhrglobal @ https://phbidlautdemo.prahu-hub.com/order/orderdetail/b1VKRnFWQkdHLzFRdDlxb3ZVNXhQZz09:8307
[   24321ms] TypeError: $(...).DataTable is not a function
    at https://phbidlautdemo.prahu-hub.com/_resources/themes/prahutheme/js/scripts-init/tables.js:7:23
[   29867ms] [LOG] Connected @ https://phbidlautdemo.prahu-hub.com/order/orderdetail/b1VKRnFWQkdHLzFRdDlxb3ZVNXhQZz09:8426
[   31763ms] [LOG] Connected @ https://phbidlautdemo.prahu-hub.com/order/orderdetail/b1VKRnFWQkdHLzFRdDlxb3ZVNXhQZz09:8426
[   41949ms] [LOG] Connected @ https://phbidlautdemo.prahu-hub.com/order/orderdetail/b1VKRnFWQkdHLzFRdDlxb3ZVNXhQZz09:8426
[   46500ms] [LOG] updateNotifDarat.20-1 @ https://phbidlautdemo.prahu-hub.com/order/orderdetail/b1VKRnFWQkdHLzFRdDlxb3ZVNXhQZz09:8426
[   46504ms] [LOG] notif_badge_show.20-1 @ https://phbidlautdemo.prahu-hub.com/order/orderdetail/b1VKRnFWQkdHLzFRdDlxb3ZVNXhQZz09:8426
[   46516ms] [LOG] updateNotifDarat.1 @ https://phbidlautdemo.prahu-hub.com/order/orderdetail/b1VKRnFWQkdHLzFRdDlxb3ZVNXhQZz09:8426
[   46517ms] [LOG] notif_badge_show.1 @ https://phbidlautdemo.prahu-hub.com/order/orderdetail/b1VKRnFWQkdHLzFRdDlxb3ZVNXhQZz09:8426
[   47123ms] [LOG] Connected @ https://phbidlautdemo.prahu-hub.com/order/orderdetail/b1VKRnFWQkdHLzFRdDlxb3ZVNXhQZz09:8426
[   49703ms] [LOG] Connected @ https://phbidlautdemo.prahu-hub.com/order/orderdetail/b1VKRnFWQkdHLzFRdDlxb3ZVNXhQZz09:8426
[   52302ms] Cannot use import statement outside a module
[   52302ms] ReferenceError: Chart is not defined
    at https://phbidlautdemo.prahu-hub.com/_resources/themes/prahutheme/js/scripts-init/charts/chartjs.js:8:13
[   52482ms] Unexpected token '<'
[   52482ms] Unexpected token '<'
[   52577ms] Uncaught TypeError: expect element to be DOM Element, but got null
    at n.init (https://cdnjs.cloudflare.com/ajax/libs/smooth-scrollbar/8.5.2/smooth-scrollbar.js:24:264)
    at <anonymous> (https://phbidlautdemo.prahu-hub.com/order/orderlist:8239:14)
[   52617ms] [LOG] 1 @ https://phbidlautdemo.prahu-hub.com/_resources/themes/prahutheme/javascript/custom/orderList.js?m=1787972513:939
[   52617ms] [LOG] 20 @ https://phbidlautdemo.prahu-hub.com/_resources/themes/prahutheme/javascript/custom/orderList.js?m=1787972513:940
[   52622ms] [LOG] Daftar Ordernamanya @ https://phbidlautdemo.prahu-hub.com/order/orderlist:2308
[   52647ms] [LOG] Masukkan ID Order @ https://phbidlautdemo.prahu-hub.com/order/orderlist:8592
[   52647ms] [LOG] undefined @ https://phbidlautdemo.prahu-hub.com/order/orderlist:8592
[   52648ms] [LOG] Masukkan Nomor Lelang @ https://phbidlautdemo.prahu-hub.com/order/orderlist:8592
[   52648ms] [LOG] DD/MM/YYYY - DD/MM/YYYY @ https://phbidlautdemo.prahu-hub.com/order/orderlist:8592
[   52648ms] [LOG] Masukkan No. Kontainer @ https://phbidlautdemo.prahu-hub.com/order/orderlist:8592
[   52648ms] [LOG] DD/MM/YYYY - DD/MM/YYYY @ https://phbidlautdemo.prahu-hub.com/order/orderlist:8592
[   52648ms] [LOG] DD/MM/YYYY -  DD/MM/YYYY @ https://phbidlautdemo.prahu-hub.com/order/orderlist:8592
[   52648ms] [LOG] Search... @ https://phbidlautdemo.prahu-hub.com/order/orderlist:8592
[   52648ms] [LOG] Search... @ https://phbidlautdemo.prahu-hub.com/order/orderlist:8592
[   52648ms] [LOG] undefined @ https://phbidlautdemo.prahu-hub.com/order/orderlist:8592
[   52648ms] [LOG] Masukkan Nama Kapal @ https://phbidlautdemo.prahu-hub.com/order/orderlist:8592
[   52648ms] [LOG] DD/MM/YYYY @ https://phbidlautdemo.prahu-hub.com/order/orderlist:8592
[   52648ms] [LOG] Masukkan Jumlah @ https://phbidlautdemo.prahu-hub.com/order/orderlist:8592
[   52648ms] [LOG] Masukkan Nama Penerima Barang @ https://phbidlautdemo.prahu-hub.com/order/orderlist:8592
[   52648ms] [LOG] Search... @ https://phbidlautdemo.prahu-hub.com/order/orderlist:8592
[   52649ms] [LOG] Masukkan Nomor Referensi @ https://phbidlautdemo.prahu-hub.com/order/orderlist:8592
[   52649ms] [LOG] undefined @ https://phbidlautdemo.prahu-hub.com/order/orderlist:8592
[   52649ms] [LOG] Masukkan Harga Baru @ https://phbidlautdemo.prahu-hub.com/order/orderlist:8592
[   52649ms] [LOG] undefined @ https://phbidlautdemo.prahu-hub.com/order/orderlist:8592
[   52649ms] [LOG] WebSocket connection @ https://phbidlautdemo.prahu-hub.com/order/orderlist:8635
[   52650ms] [LOG] WebSocket connection attempting... @ https://phbidlautdemo.prahu-hub.com/order/orderlist:8713
[   52759ms] [LOG] WebSocket connected @ https://phbidlautdemo.prahu-hub.com/order/orderlist:8644
[   52771ms] [LOG] update_dashboard_order_laut @ https://phbidlautdemo.prahu-hub.com/order/orderlist:8685
[   52788ms] [LOG] Connected @ https://phbidlautdemo.prahu-hub.com/order/orderlist:8685
[   53602ms] [LOG] Connected @ https://phbidlautdemo.prahu-hub.com/order/orderlist:8685
[   54642ms] TypeError: $(...).DataTable is not a function
    at https://phbidlautdemo.prahu-hub.com/_resources/themes/prahutheme/js/scripts-init/tables.js:7:23
[   55247ms] [LOG] datanya20 @ https://phbidlautdemo.prahu-hub.com/_resources/themes/prahutheme/javascript/custom/orderList.js?m=1787972513:986
[   55248ms] [LOG] [Object, Object, Object, Object, Object, Object, Object, Object, Object, Object, Object, Object, Object, Object, Object, Object, Object, Object, Object, Object] @ https://phbidlautdemo.prahu-hub.com/_resources/themes/prahutheme/javascript/custom/orderList.js?m=1787972513:421
[   55249ms] [LOG] {ID: 1462, status_order: PENDING, JadwalID: 1859, ID_Order: 20260829-02602, dari_api: null} @ https://phbidlautdemo.prahu-hub.com/_resources/themes/prahutheme/javascript/custom/orderList.js?m=1787972513:427
[   55250ms] [LOG] [Pras Tujuan] penerima @ https://phbidlautdemo.prahu-hub.com/_resources/themes/prahutheme/javascript/custom/orderList.js?m=1787972513:648
[   55250ms] [LOG] {ID: 1461, status_order: KONFIRMASI_UNIT, JadwalID: 1858, ID_Order: 20260829-06501, dari_api: null} @ https://phbidlautdemo.prahu-hub.com/_resources/themes/prahutheme/javascript/custom/orderList.js?m=1787972513:427
[   55250ms] [LOG] [Manujo] penerima @ https://phbidlautdemo.prahu-hub.com/_resources/themes/prahutheme/javascript/custom/orderList.js?m=1787972513:648
[   55250ms] [LOG] {ID: 1460, status_order: KONFIRMASI_UNIT, JadwalID: 1855, ID_Order: 20260828-06506, dari_api: null} @ https://phbidlautdemo.prahu-hub.com/_resources/themes/prahutheme/javascript/custom/orderList.js?m=1787972513:427
[   55251ms] [LOG] [Manujo] penerima @ https://phbidlautdemo.prahu-hub.com/_resources/themes/prahutheme/javascript/custom/orderList.js?m=1787972513:648
[   55251ms] [LOG] {ID: 1459, status_order: CANCEL, JadwalID: 1846, ID_Order: 20260828-06505, dari_api: null} @ https://phbidlautdemo.prahu-hub.com/_resources/themes/prahutheme/javascript/custom/orderList.js?m=1787972513:427
[   55251ms] [LOG] [Manujo] penerima @ https://phbidlautdemo.prahu-hub.com/_resources/themes/prahutheme/javascript/custom/orderList.js?m=1787972513:648
[   55251ms] [LOG] {ID: 1458, status_order: KONFIRMASI_UNIT, JadwalID: 1846, ID_Order: 20260828-06504, dari_api: null} @ https://phbidlautdemo.prahu-hub.com/_resources/themes/prahutheme/javascript/custom/orderList.js?m=1787972513:427
[   55251ms] [LOG] [Manujo] penerima @ https://phbidlautdemo.prahu-hub.com/_resources/themes/prahutheme/javascript/custom/orderList.js?m=1787972513:648
[   55252ms] [LOG] {ID: 1457, status_order: PACKING_LIST, JadwalID: 1848, ID_Order: 20260828-08503, dari_api: null} @ https://phbidlautdemo.prahu-hub.com/_resources/themes/prahutheme/javascript/custom/orderList.js?m=1787972513:427
[   55252ms] [LOG] [050505500] penerima @ https://phbidlautdemo.prahu-hub.com/_resources/themes/prahutheme/javascript/custom/orderList.js?m=1787972513:648
[   55252ms] [LOG] {ID: 1456, status_order: DONE, JadwalID: 1853, ID_Order: 20260828-02602, dari_api: null} @ https://phbidlautdemo.prahu-hub.com/_resources/themes/prahutheme/javascript/custom/orderList.js?m=1787972513:427
[   55252ms] [LOG] [Pras Tujuan] penerima @ https://phbidlautdemo.prahu-hub.com/_resources/themes/prahutheme/javascript/custom/orderList.js?m=1787972513:648
[   55252ms] [LOG] {ID: 1455, status_order: DONE, JadwalID: 1848, ID_Order: 20260828-08501, dari_api: null} @ https://phbidlautdemo.prahu-hub.com/_resources/themes/prahutheme/javascript/custom/orderList.js?m=1787972513:427
[   55252ms] [LOG] [050505500] penerima @ https://phbidlautdemo.prahu-hub.com/_resources/themes/prahutheme/javascript/custom/orderList.js?m=1787972513:648
[   55254ms] [LOG] {ID: 1454, status_order: SHIPPER_VALIDATED, JadwalID: 1846, ID_Order: 20260827-06503, dari_api: null} @ https://phbidlautdemo.prahu-hub.com/_resources/themes/prahutheme/javascript/custom/orderList.js?m=1787972513:427
[   55254ms] [LOG] [Manujo] penerima @ https://phbidlautdemo.prahu-hub.com/_resources/themes/prahutheme/javascript/custom/orderList.js?m=1787972513:648
[   55254ms] [LOG] {ID: 1453, status_order: DONE, JadwalID: 1846, ID_Order: 20260827-06502, dari_api: null} @ https://phbidlautdemo.prahu-hub.com/_resources/themes/prahutheme/javascript/custom/orderList.js?m=1787972513:427
[   55255ms] [LOG] [Manujo] penerima @ https://phbidlautdemo.prahu-hub.com/_resources/themes/prahutheme/javascript/custom/orderList.js?m=1787972513:648
[   55255ms] [LOG] {ID: 1452, status_order: DONE, JadwalID: 1844, ID_Order: 20260827-06501, dari_api: null} @ https://phbidlautdemo.prahu-hub.com/_resources/themes/prahutheme/javascript/custom/orderList.js?m=1787972513:427
[   55255ms] [LOG] [Ik Bitung] penerima @ https://phbidlautdemo.prahu-hub.com/_resources/themes/prahutheme/javascript/custom/orderList.js?m=1787972513:648
[   55255ms] [LOG] {ID: 1451, status_order: DONE, JadwalID: 1845, ID_Order: 20260826-06507, dari_api: null} @ https://phbidlautdemo.prahu-hub.com/_resources/themes/prahutheme/javascript/custom/orderList.js?m=1787972513:427
[   55255ms] [LOG] [Ik Bitung] penerima @ https://phbidlautdemo.prahu-hub.com/_resources/themes/prahutheme/javascript/custom/orderList.js?m=1787972513:648
[   55256ms] [LOG] {ID: 1450, status_order: PENDING, JadwalID: 1844, ID_Order: 20260826-06506, dari_api: null} @ https://phbidlautdemo.prahu-hub.com/_resources/themes/prahutheme/javascript/custom/orderList.js?m=1787972513:427
[   55256ms] [LOG] [Ik Bitung] penerima @ https://phbidlautdemo.prahu-hub.com/_resources/themes/prahutheme/javascript/custom/orderList.js?m=1787972513:648
[   55256ms] [LOG] {ID: 1449, status_order: DONE, JadwalID: 1839, ID_Order: 20260826-06505, dari_api: null} @ https://phbidlautdemo.prahu-hub.com/_resources/themes/prahutheme/javascript/custom/orderList.js?m=1787972513:427
[   55256ms] [LOG] [Ik Bitung] penerima @ https://phbidlautdemo.prahu-hub.com/_resources/themes/prahutheme/javascript/custom/orderList.js?m=1787972513:648
[   55256ms] [LOG] {ID: 1448, status_order: DONE, JadwalID: 1851, ID_Order: 20260826-06504, dari_api: null} @ https://phbidlautdemo.prahu-hub.com/_resources/themes/prahutheme/javascript/custom/orderList.js?m=1787972513:427
[   55256ms] [LOG] [Ik Bitung] penerima @ https://phbidlautdemo.prahu-hub.com/_resources/themes/prahutheme/javascript/custom/orderList.js?m=1787972513:648
[   55257ms] [LOG] {ID: 1447, status_order: DONE, JadwalID: 1839, ID_Order: 20260826-06503, dari_api: null} @ https://phbidlautdemo.prahu-hub.com/_resources/themes/prahutheme/javascript/custom/orderList.js?m=1787972513:427
[   55257ms] [LOG] [Ik Bitung] penerima @ https://phbidlautdemo.prahu-hub.com/_resources/themes/prahutheme/javascript/custom/orderList.js?m=1787972513:648
[   55257ms] [LOG] {ID: 1446, status_order: DONE, JadwalID: 1839, ID_Order: 20260826-06502, dari_api: null} @ https://phbidlautdemo.prahu-hub.com/_resources/themes/prahutheme/javascript/custom/orderList.js?m=1787972513:427
[   55257ms] [LOG] [Ik Bitung] penerima @ https://phbidlautdemo.prahu-hub.com/_resources/themes/prahutheme/javascript/custom/orderList.js?m=1787972513:648
[   55257ms] [LOG] {ID: 1445, status_order: DONE, JadwalID: 1839, ID_Order: 20260826-06501, dari_api: null} @ https://phbidlautdemo.prahu-hub.com/_resources/themes/prahutheme/javascript/custom/orderList.js?m=1787972513:427
[   55257ms] [LOG] [Ik Bitung] penerima @ https://phbidlautdemo.prahu-hub.com/_resources/themes/prahutheme/javascript/custom/orderList.js?m=1787972513:648
[   55258ms] [LOG] {ID: 1444, status_order: DONE, JadwalID: 1830, ID_Order: 20260822-08505, dari_api: null} @ https://phbidlautdemo.prahu-hub.com/_resources/themes/prahutheme/javascript/custom/orderList.js?m=1787972513:427
[   55258ms] [LOG] [Roni] penerima @ https://phbidlautdemo.prahu-hub.com/_resources/themes/prahutheme/javascript/custom/orderList.js?m=1787972513:648
[   55258ms] [LOG] {ID: 1443, status_order: DONE, JadwalID: 1830, ID_Order: 20260822-08504, dari_api: null} @ https://phbidlautdemo.prahu-hub.com/_resources/themes/prahutheme/javascript/custom/orderList.js?m=1787972513:427
[   55258ms] [LOG] [Roni] penerima @ https://phbidlautdemo.prahu-hub.com/_resources/themes/prahutheme/javascript/custom/orderList.js?m=1787972513:648
[   55274ms] [LOG] [Object, Object, Object, Object, Object, Object, Object, Object, Object, Object, Object, Object, Object, Object, Object, Object, Object, Object, Object, Object] @ https://phbidlautdemo.prahu-hub.com/_resources/themes/prahutheme/javascript/custom/orderList.js?m=1787972513:40
[   55275ms] [LOG] {ID: 1462, status_order: PENDING, JadwalID: 1859, ID_Order: 20260829-02602, dari_api: null} @ https://phbidlautdemo.prahu-hub.com/_resources/themes/prahutheme/javascript/custom/orderList.js?m=1787972513:46
[   55276ms] [LOG] [Pras Tujuan] penerima @ https://phbidlautdemo.prahu-hub.com/_resources/themes/prahutheme/javascript/custom/orderList.js?m=1787972513:261
[   55276ms] [LOG] {ID: 1461, status_order: KONFIRMASI_UNIT, JadwalID: 1858, ID_Order: 20260829-06501, dari_api: null} @ https://phbidlautdemo.prahu-hub.com/_resources/themes/prahutheme/javascript/custom/orderList.js?m=1787972513:46
[   55276ms] [LOG] [Manujo] penerima @ https://phbidlautdemo.prahu-hub.com/_resources/themes/prahutheme/javascript/custom/orderList.js?m=1787972513:261
[   55276ms] [LOG] {ID: 1460, status_order: KONFIRMASI_UNIT, JadwalID: 1855, ID_Order: 20260828-06506, dari_api: null} @ https://phbidlautdemo.prahu-hub.com/_resources/themes/prahutheme/javascript/custom/orderList.js?m=1787972513:46
[   55276ms] [LOG] [Manujo] penerima @ https://phbidlautdemo.prahu-hub.com/_resources/themes/prahutheme/javascript/custom/orderList.js?m=1787972513:261
[   55276ms] [LOG] {ID: 1459, status_order: CANCEL, JadwalID: 1846, ID_Order: 20260828-06505, dari_api: null} @ https://phbidlautdemo.prahu-hub.com/_resources/themes/prahutheme/javascript/custom/orderList.js?m=1787972513:46
[   55277ms] [LOG] [Manujo] penerima @ https://phbidlautdemo.prahu-hub.com/_resources/themes/prahutheme/javascript/custom/orderList.js?m=1787972513:261
[   55277ms] [LOG] {ID: 1458, status_order: KONFIRMASI_UNIT, JadwalID: 1846, ID_Order: 20260828-06504, dari_api: null} @ https://phbidlautdemo.prahu-hub.com/_resources/themes/prahutheme/javascript/custom/orderList.js?m=1787972513:46
[   55277ms] [LOG] [Manujo] penerima @ https://phbidlautdemo.prahu-hub.com/_resources/themes/prahutheme/javascript/custom/orderList.js?m=1787972513:261
[   55277ms] [LOG] {ID: 1457, status_order: PACKING_LIST, JadwalID: 1848, ID_Order: 20260828-08503, dari_api: null} @ https://phbidlautdemo.prahu-hub.com/_resources/themes/prahutheme/javascript/custom/orderList.js?m=1787972513:46
[   55277ms] [LOG] [050505500] penerima @ https://phbidlautdemo.prahu-hub.com/_resources/themes/prahutheme/javascript/custom/orderList.js?m=1787972513:261
[   55278ms] [LOG] {ID: 1456, status_order: DONE, JadwalID: 1853, ID_Order: 20260828-02602, dari_api: null} @ https://phbidlautdemo.prahu-hub.com/_resources/themes/prahutheme/javascript/custom/orderList.js?m=1787972513:46
[   55278ms] [LOG] [Pras Tujuan] penerima @ https://phbidlautdemo.prahu-hub.com/_resources/themes/prahutheme/javascript/custom/orderList.js?m=1787972513:261
[   55278ms] [LOG] {ID: 1455, status_order: DONE, JadwalID: 1848, ID_Order: 20260828-08501, dari_api: null} @ https://phbidlautdemo.prahu-hub.com/_resources/themes/prahutheme/javascript/custom/orderList.js?m=1787972513:46
[   55279ms] [LOG] [050505500] penerima @ https://phbidlautdemo.prahu-hub.com/_resources/themes/prahutheme/javascript/custom/orderList.js?m=1787972513:261
[   55279ms] [LOG] {ID: 1454, status_order: SHIPPER_VALIDATED, JadwalID: 1846, ID_Order: 20260827-06503, dari_api: null} @ https://phbidlautdemo.prahu-hub.com/_resources/themes/prahutheme/javascript/custom/orderList.js?m=1787972513:46
[   55279ms] [LOG] [Manujo] penerima @ https://phbidlautdemo.prahu-hub.com/_resources/themes/prahutheme/javascript/custom/orderList.js?m=1787972513:261
[   55280ms] [LOG] {ID: 1453, status_order: DONE, JadwalID: 1846, ID_Order: 20260827-06502, dari_api: null} @ https://phbidlautdemo.prahu-hub.com/_resources/themes/prahutheme/javascript/custom/orderList.js?m=1787972513:46
[   55280ms] [LOG] [Manujo] penerima @ https://phbidlautdemo.prahu-hub.com/_resources/themes/prahutheme/javascript/custom/orderList.js?m=1787972513:261
[   55280ms] [LOG] {ID: 1452, status_order: DONE, JadwalID: 1844, ID_Order: 20260827-06501, dari_api: null} @ https://phbidlautdemo.prahu-hub.com/_resources/themes/prahutheme/javascript/custom/orderList.js?m=1787972513:46
[   55280ms] [LOG] [Ik Bitung] penerima @ https://phbidlautdemo.prahu-hub.com/_resources/themes/prahutheme/javascript/custom/orderList.js?m=1787972513:261
[   55280ms] [LOG] {ID: 1451, status_order: DONE, JadwalID: 1845, ID_Order: 20260826-06507, dari_api: null} @ https://phbidlautdemo.prahu-hub.com/_resources/themes/prahutheme/javascript/custom/orderList.js?m=1787972513:46
[   55281ms] [LOG] [Ik Bitung] penerima @ https://phbidlautdemo.prahu-hub.com/_resources/themes/prahutheme/javascript/custom/orderList.js?m=1787972513:261
[   55281ms] [LOG] {ID: 1450, status_order: PENDING, JadwalID: 1844, ID_Order: 20260826-06506, dari_api: null} @ https://phbidlautdemo.prahu-hub.com/_resources/themes/prahutheme/javascript/custom/orderList.js?m=1787972513:46
[   55281ms] [LOG] [Ik Bitung] penerima @ https://phbidlautdemo.prahu-hub.com/_resources/themes/prahutheme/javascript/custom/orderList.js?m=1787972513:261
[   55281ms] [LOG] {ID: 1449, status_order: DONE, JadwalID: 1839, ID_Order: 20260826-06505, dari_api: null} @ https://phbidlautdemo.prahu-hub.com/_resources/themes/prahutheme/javascript/custom/orderList.js?m=1787972513:46
[   55282ms] [LOG] [Ik Bitung] penerima @ https://phbidlautdemo.prahu-hub.com/_resources/themes/prahutheme/javascript/custom/orderList.js?m=1787972513:261
[   55282ms] [LOG] {ID: 1448, status_order: DONE, JadwalID: 1851, ID_Order: 20260826-06504, dari_api: null} @ https://phbidlautdemo.prahu-hub.com/_resources/themes/prahutheme/javascript/custom/orderList.js?m=1787972513:46
[   55282ms] [LOG] [Ik Bitung] penerima @ https://phbidlautdemo.prahu-hub.com/_resources/themes/prahutheme/javascript/custom/orderList.js?m=1787972513:261
[   55282ms] [LOG] {ID: 1447, status_order: DONE, JadwalID: 1839, ID_Order: 20260826-06503, dari_api: null} @ https://phbidlautdemo.prahu-hub.com/_resources/themes/prahutheme/javascript/custom/orderList.js?m=1787972513:46
[   55283ms] [LOG] [Ik Bitung] penerima @ https://phbidlautdemo.prahu-hub.com/_resources/themes/prahutheme/javascript/custom/orderList.js?m=1787972513:261
[   55283ms] [LOG] {ID: 1446, status_order: DONE, JadwalID: 1839, ID_Order: 20260826-06502, dari_api: null} @ https://phbidlautdemo.prahu-hub.com/_resources/themes/prahutheme/javascript/custom/orderList.js?m=1787972513:46
[   55283ms] [LOG] [Ik Bitung] penerima @ https://phbidlautdemo.prahu-hub.com/_resources/themes/prahutheme/javascript/custom/orderList.js?m=1787972513:261
[   55283ms] [LOG] {ID: 1445, status_order: DONE, JadwalID: 1839, ID_Order: 20260826-06501, dari_api: null} @ https://phbidlautdemo.prahu-hub.com/_resources/themes/prahutheme/javascript/custom/orderList.js?m=1787972513:46
[   55284ms] [LOG] [Ik Bitung] penerima @ https://phbidlautdemo.prahu-hub.com/_resources/themes/prahutheme/javascript/custom/orderList.js?m=1787972513:261
[   55284ms] [LOG] {ID: 1444, status_order: DONE, JadwalID: 1830, ID_Order: 20260822-08505, dari_api: null} @ https://phbidlautdemo.prahu-hub.com/_resources/themes/prahutheme/javascript/custom/orderList.js?m=1787972513:46
[   55284ms] [LOG] [Roni] penerima @ https://phbidlautdemo.prahu-hub.com/_resources/themes/prahutheme/javascript/custom/orderList.js?m=1787972513:261
[   55285ms] [LOG] {ID: 1443, status_order: DONE, JadwalID: 1830, ID_Order: 20260822-08504, dari_api: null} @ https://phbidlautdemo.prahu-hub.com/_resources/themes/prahutheme/javascript/custom/orderList.js?m=1787972513:46
[   55285ms] [LOG] [Roni] penerima @ https://phbidlautdemo.prahu-hub.com/_resources/themes/prahutheme/javascript/custom/orderList.js?m=1787972513:261
[   55303ms] [LOG] 1450 @ https://phbidlautdemo.prahu-hub.com/_resources/themes/prahutheme/javascript/custom/orderList.js?m=1787972513:916
[   55303ms] [LOG] 1450 countView1 1 pageNow 20 limitView1 @ https://phbidlautdemo.prahu-hub.com/_resources/themes/prahutheme/javascript/custom/orderList.js?m=1787972513:918
[   55307ms] [LOG] 20 @ https://phbidlautdemo.prahu-hub.com/_resources/themes/prahutheme/javascript/custom/orderList.js?m=1787972513:924
[   55309ms] [LOG] 1450 jumlah data @ https://phbidlautdemo.prahu-hub.com/_resources/themes/prahutheme/javascript/custom/orderList.js?m=1787972513:879
[   55309ms] [LOG] 73 @ https://phbidlautdemo.prahu-hub.com/_resources/themes/prahutheme/javascript/custom/orderList.js?m=1787972513:881
[   55310ms] [LOG] 73 1 pageCount & pageNow @ https://phbidlautdemo.prahu-hub.com/_resources/themes/prahutheme/javascript/custom/orderList.js?m=1787972513:810
[   55312ms] [LOG] 200 xhrglobal @ https://phbidlautdemo.prahu-hub.com/order/orderlist:8566
[   55384ms] [LOG] 200 xhrglobal @ https://phbidlautdemo.prahu-hub.com/order/orderlist:8566
[   55415ms] [LOG] 200 xhrglobal @ https://phbidlautdemo.prahu-hub.com/order/orderlist:8566
[   58256ms] [LOG] Connected @ https://phbidlautdemo.prahu-hub.com/order/orderlist:8685
[   61721ms] [LOG] Connected @ https://phbidlautdemo.prahu-hub.com/order/orderlist:8685
[   66230ms] [LOG] Connected @ https://phbidlautdemo.prahu-hub.com/order/orderlist:8685
[   71649ms] [LOG] Connected @ https://phbidlautdemo.prahu-hub.com/order/orderlist:8685
[   76576ms] [LOG] Connected @ https://phbidlautdemo.prahu-hub.com/order/orderlist:8685
[   86581ms] [LOG] Connected @ https://phbidlautdemo.prahu-hub.com/order/orderlist:8685
[   89184ms] Cannot use import statement outside a module
[   89193ms] ReferenceError: Chart is not defined
    at https://phbidlautdemo.prahu-hub.com/_resources/themes/prahutheme/js/scripts-init/charts/chartjs.js:8:13
[   89260ms] Unexpected token '<'
[   89365ms] Unexpected token '<'
[   89429ms] Uncaught TypeError: expect element to be DOM Element, but got null
    at n.init (https://cdnjs.cloudflare.com/ajax/libs/smooth-scrollbar/8.5.2/smooth-scrollbar.js:24:264)
    at <anonymous> (https://phbidlautdemo.prahu-hub.com/order/orderlist:8239:14)
[   89454ms] [LOG] 1 @ https://phbidlautdemo.prahu-hub.com/_resources/themes/prahutheme/javascript/custom/orderList.js?m=1787972513:939
[   89454ms] [LOG] 20 @ https://phbidlautdemo.prahu-hub.com/_resources/themes/prahutheme/javascript/custom/orderList.js?m=1787972513:940
[   89461ms] [LOG] Daftar Ordernamanya @ https://phbidlautdemo.prahu-hub.com/order/orderlist:2308
[   89476ms] [LOG] Masukkan ID Order @ https://phbidlautdemo.prahu-hub.com/order/orderlist:8592
[   89477ms] [LOG] undefined @ https://phbidlautdemo.prahu-hub.com/order/orderlist:8592
[   89477ms] [LOG] Masukkan Nomor Lelang @ https://phbidlautdemo.prahu-hub.com/order/orderlist:8592
[   89477ms] [LOG] DD/MM/YYYY - DD/MM/YYYY @ https://phbidlautdemo.prahu-hub.com/order/orderlist:8592
[   89477ms] [LOG] Masukkan No. Kontainer @ https://phbidlautdemo.prahu-hub.com/order/orderlist:8592
[   89477ms] [LOG] DD/MM/YYYY - DD/MM/YYYY @ https://phbidlautdemo.prahu-hub.com/order/orderlist:8592
[   89477ms] [LOG] DD/MM/YYYY -  DD/MM/YYYY @ https://phbidlautdemo.prahu-hub.com/order/orderlist:8592
[   89477ms] [LOG] Search... @ https://phbidlautdemo.prahu-hub.com/order/orderlist:8592
[   89477ms] [LOG] Search... @ https://phbidlautdemo.prahu-hub.com/order/orderlist:8592
[   89477ms] [LOG] undefined @ https://phbidlautdemo.prahu-hub.com/order/orderlist:8592
[   89477ms] [LOG] Masukkan Nama Kapal @ https://phbidlautdemo.prahu-hub.com/order/orderlist:8592
[   89477ms] [LOG] DD/MM/YYYY @ https://phbidlautdemo.prahu-hub.com/order/orderlist:8592
[   89477ms] [LOG] Masukkan Jumlah @ https://phbidlautdemo.prahu-hub.com/order/orderlist:8592
[   89477ms] [LOG] Masukkan Nama Penerima Barang @ https://phbidlautdemo.prahu-hub.com/order/orderlist:8592
[   89478ms] [LOG] Search... @ https://phbidlautdemo.prahu-hub.com/order/orderlist:8592
[   89478ms] [LOG] Masukkan Nomor Referensi @ https://phbidlautdemo.prahu-hub.com/order/orderlist:8592
[   89478ms] [LOG] undefined @ https://phbidlautdemo.prahu-hub.com/order/orderlist:8592
[   89478ms] [LOG] Masukkan Harga Baru @ https://phbidlautdemo.prahu-hub.com/order/orderlist:8592
[   89478ms] [LOG] undefined @ https://phbidlautdemo.prahu-hub.com/order/orderlist:8592
[   89478ms] [LOG] WebSocket connection @ https://phbidlautdemo.prahu-hub.com/order/orderlist:8635
[   89478ms] [LOG] WebSocket connection attempting... @ https://phbidlautdemo.prahu-hub.com/order/orderlist:8713
[   89582ms] [LOG] WebSocket connected @ https://phbidlautdemo.prahu-hub.com/order/orderlist:8644
[   89584ms] [LOG] update_dashboard_order_laut @ https://phbidlautdemo.prahu-hub.com/order/orderlist:8685
[   89610ms] [LOG] Connected @ https://phbidlautdemo.prahu-hub.com/order/orderlist:8685
[   91467ms] TypeError: $(...).DataTable is not a function
    at https://phbidlautdemo.prahu-hub.com/_resources/themes/prahutheme/js/scripts-init/tables.js:7:23
[   91807ms] [LOG] datanya20 @ https://phbidlautdemo.prahu-hub.com/_resources/themes/prahutheme/javascript/custom/orderList.js?m=1787972513:986
[   91808ms] [LOG] [Object, Object, Object, Object, Object, Object, Object, Object, Object, Object, Object, Object, Object, Object, Object, Object, Object, Object, Object, Object] @ https://phbidlautdemo.prahu-hub.com/_resources/themes/prahutheme/javascript/custom/orderList.js?m=1787972513:421
[   91809ms] [LOG] {ID: 1462, status_order: PENDING, JadwalID: 1859, ID_Order: 20260829-02602, dari_api: null} @ https://phbidlautdemo.prahu-hub.com/_resources/themes/prahutheme/javascript/custom/orderList.js?m=1787972513:427
[   91810ms] [LOG] [Pras Tujuan] penerima @ https://phbidlautdemo.prahu-hub.com/_resources/themes/prahutheme/javascript/custom/orderList.js?m=1787972513:648
[   91811ms] [LOG] {ID: 1461, status_order: KONFIRMASI_UNIT, JadwalID: 1858, ID_Order: 20260829-06501, dari_api: null} @ https://phbidlautdemo.prahu-hub.com/_resources/themes/prahutheme/javascript/custom/orderList.js?m=1787972513:427
[   91811ms] [LOG] [Manujo] penerima @ https://phbidlautdemo.prahu-hub.com/_resources/themes/prahutheme/javascript/custom/orderList.js?m=1787972513:648
[   91812ms] [LOG] {ID: 1460, status_order: KONFIRMASI_UNIT, JadwalID: 1855, ID_Order: 20260828-06506, dari_api: null} @ https://phbidlautdemo.prahu-hub.com/_resources/themes/prahutheme/javascript/custom/orderList.js?m=1787972513:427
[   91813ms] [LOG] [Manujo] penerima @ https://phbidlautdemo.prahu-hub.com/_resources/themes/prahutheme/javascript/custom/orderList.js?m=1787972513:648
[   91814ms] [LOG] {ID: 1459, status_order: CANCEL, JadwalID: 1846, ID_Order: 20260828-06505, dari_api: null} @ https://phbidlautdemo.prahu-hub.com/_resources/themes/prahutheme/javascript/custom/orderList.js?m=1787972513:427
[   91814ms] [LOG] [Manujo] penerima @ https://phbidlautdemo.prahu-hub.com/_resources/themes/prahutheme/javascript/custom/orderList.js?m=1787972513:648
[   91818ms] [LOG] {ID: 1458, status_order: KONFIRMASI_UNIT, JadwalID: 1846, ID_Order: 20260828-06504, dari_api: null} @ https://phbidlautdemo.prahu-hub.com/_resources/themes/prahutheme/javascript/custom/orderList.js?m=1787972513:427
[   91819ms] [LOG] [Manujo] penerima @ https://phbidlautdemo.prahu-hub.com/_resources/themes/prahutheme/javascript/custom/orderList.js?m=1787972513:648
[   91820ms] [LOG] {ID: 1457, status_order: PACKING_LIST, JadwalID: 1848, ID_Order: 20260828-08503, dari_api: null} @ https://phbidlautdemo.prahu-hub.com/_resources/themes/prahutheme/javascript/custom/orderList.js?m=1787972513:427
[   91821ms] [LOG] [050505500] penerima @ https://phbidlautdemo.prahu-hub.com/_resources/themes/prahutheme/javascript/custom/orderList.js?m=1787972513:648
[   91822ms] [LOG] {ID: 1456, status_order: DONE, JadwalID: 1853, ID_Order: 20260828-02602, dari_api: null} @ https://phbidlautdemo.prahu-hub.com/_resources/themes/prahutheme/javascript/custom/orderList.js?m=1787972513:427
[   91822ms] [LOG] [Pras Tujuan] penerima @ https://phbidlautdemo.prahu-hub.com/_resources/themes/prahutheme/javascript/custom/orderList.js?m=1787972513:648
[   91823ms] [LOG] {ID: 1455, status_order: DONE, JadwalID: 1848, ID_Order: 20260828-08501, dari_api: null} @ https://phbidlautdemo.prahu-hub.com/_resources/themes/prahutheme/javascript/custom/orderList.js?m=1787972513:427
[   91824ms] [LOG] [050505500] penerima @ https://phbidlautdemo.prahu-hub.com/_resources/themes/prahutheme/javascript/custom/orderList.js?m=1787972513:648
[   91825ms] [LOG] {ID: 1454, status_order: SHIPPER_VALIDATED, JadwalID: 1846, ID_Order: 20260827-06503, dari_api: null} @ https://phbidlautdemo.prahu-hub.com/_resources/themes/prahutheme/javascript/custom/orderList.js?m=1787972513:427
[   91825ms] [LOG] [Manujo] penerima @ https://phbidlautdemo.prahu-hub.com/_resources/themes/prahutheme/javascript/custom/orderList.js?m=1787972513:648
[   91826ms] [LOG] {ID: 1453, status_order: DONE, JadwalID: 1846, ID_Order: 20260827-06502, dari_api: null} @ https://phbidlautdemo.prahu-hub.com/_resources/themes/prahutheme/javascript/custom/orderList.js?m=1787972513:427
[   91827ms] [LOG] [Manujo] penerima @ https://phbidlautdemo.prahu-hub.com/_resources/themes/prahutheme/javascript/custom/orderList.js?m=1787972513:648
[   91827ms] [LOG] {ID: 1452, status_order: DONE, JadwalID: 1844, ID_Order: 20260827-06501, dari_api: null} @ https://phbidlautdemo.prahu-hub.com/_resources/themes/prahutheme/javascript/custom/orderList.js?m=1787972513:427
[   91828ms] [LOG] [Ik Bitung] penerima @ https://phbidlautdemo.prahu-hub.com/_resources/themes/prahutheme/javascript/custom/orderList.js?m=1787972513:648
[   91829ms] [LOG] {ID: 1451, status_order: DONE, JadwalID: 1845, ID_Order: 20260826-06507, dari_api: null} @ https://phbidlautdemo.prahu-hub.com/_resources/themes/prahutheme/javascript/custom/orderList.js?m=1787972513:427
[   91829ms] [LOG] [Ik Bitung] penerima @ https://phbidlautdemo.prahu-hub.com/_resources/themes/prahutheme/javascript/custom/orderList.js?m=1787972513:648
[   91830ms] [LOG] {ID: 1450, status_order: PENDING, JadwalID: 1844, ID_Order: 20260826-06506, dari_api: null} @ https://phbidlautdemo.prahu-hub.com/_resources/themes/prahutheme/javascript/custom/orderList.js?m=1787972513:427
[   91831ms] [LOG] [Ik Bitung] penerima @ https://phbidlautdemo.prahu-hub.com/_resources/themes/prahutheme/javascript/custom/orderList.js?m=1787972513:648
[   91835ms] [LOG] {ID: 1449, status_order: DONE, JadwalID: 1839, ID_Order: 20260826-06505, dari_api: null} @ https://phbidlautdemo.prahu-hub.com/_resources/themes/prahutheme/javascript/custom/orderList.js?m=1787972513:427
[   91835ms] [LOG] [Ik Bitung] penerima @ https://phbidlautdemo.prahu-hub.com/_resources/themes/prahutheme/javascript/custom/orderList.js?m=1787972513:648
[   91837ms] [LOG] {ID: 1448, status_order: DONE, JadwalID: 1851, ID_Order: 20260826-06504, dari_api: null} @ https://phbidlautdemo.prahu-hub.com/_resources/themes/prahutheme/javascript/custom/orderList.js?m=1787972513:427
[   91838ms] [LOG] [Ik Bitung] penerima @ https://phbidlautdemo.prahu-hub.com/_resources/themes/prahutheme/javascript/custom/orderList.js?m=1787972513:648
[   91839ms] [LOG] {ID: 1447, status_order: DONE, JadwalID: 1839, ID_Order: 20260826-06503, dari_api: null} @ https://phbidlautdemo.prahu-hub.com/_resources/themes/prahutheme/javascript/custom/orderList.js?m=1787972513:427
[   91839ms] [LOG] [Ik Bitung] penerima @ https://phbidlautdemo.prahu-hub.com/_resources/themes/prahutheme/javascript/custom/orderList.js?m=1787972513:648
[   91840ms] [LOG] {ID: 1446, status_order: DONE, JadwalID: 1839, ID_Order: 20260826-06502, dari_api: null} @ https://phbidlautdemo.prahu-hub.com/_resources/themes/prahutheme/javascript/custom/orderList.js?m=1787972513:427
[   91841ms] [LOG] [Ik Bitung] penerima @ https://phbidlautdemo.prahu-hub.com/_resources/themes/prahutheme/javascript/custom/orderList.js?m=1787972513:648
[   91842ms] [LOG] {ID: 1445, status_order: DONE, JadwalID: 1839, ID_Order: 20260826-06501, dari_api: null} @ https://phbidlautdemo.prahu-hub.com/_resources/themes/prahutheme/javascript/custom/orderList.js?m=1787972513:427
[   91842ms] [LOG] [Ik Bitung] penerima @ https://phbidlautdemo.prahu-hub.com/_resources/themes/prahutheme/javascript/custom/orderList.js?m=1787972513:648
[   91843ms] [LOG] {ID: 1444, status_order: DONE, JadwalID: 1830, ID_Order: 20260822-08505, dari_api: null} @ https://phbidlautdemo.prahu-hub.com/_resources/themes/prahutheme/javascript/custom/orderList.js?m=1787972513:427
[   91843ms] [LOG] [Roni] penerima @ https://phbidlautdemo.prahu-hub.com/_resources/themes/prahutheme/javascript/custom/orderList.js?m=1787972513:648
[   91844ms] [LOG] {ID: 1443, status_order: DONE, JadwalID: 1830, ID_Order: 20260822-08504, dari_api: null} @ https://phbidlautdemo.prahu-hub.com/_resources/themes/prahutheme/javascript/custom/orderList.js?m=1787972513:427
[   91844ms] [LOG] [Roni] penerima @ https://phbidlautdemo.prahu-hub.com/_resources/themes/prahutheme/javascript/custom/orderList.js?m=1787972513:648
[   91874ms] [LOG] [Object, Object, Object, Object, Object, Object, Object, Object, Object, Object, Object, Object, Object, Object, Object, Object, Object, Object, Object, Object] @ https://phbidlautdemo.prahu-hub.com/_resources/themes/prahutheme/javascript/custom/orderList.js?m=1787972513:40
[   91875ms] [LOG] {ID: 1462, status_order: PENDING, JadwalID: 1859, ID_Order: 20260829-02602, dari_api: null} @ https://phbidlautdemo.prahu-hub.com/_resources/themes/prahutheme/javascript/custom/orderList.js?m=1787972513:46
[   91876ms] [LOG] [Pras Tujuan] penerima @ https://phbidlautdemo.prahu-hub.com/_resources/themes/prahutheme/javascript/custom/orderList.js?m=1787972513:261
[   91876ms] [LOG] {ID: 1461, status_order: KONFIRMASI_UNIT, JadwalID: 1858, ID_Order: 20260829-06501, dari_api: null} @ https://phbidlautdemo.prahu-hub.com/_resources/themes/prahutheme/javascript/custom/orderList.js?m=1787972513:46
[   91876ms] [LOG] [Manujo] penerima @ https://phbidlautdemo.prahu-hub.com/_resources/themes/prahutheme/javascript/custom/orderList.js?m=1787972513:261
[   91876ms] [LOG] {ID: 1460, status_order: KONFIRMASI_UNIT, JadwalID: 1855, ID_Order: 20260828-06506, dari_api: null} @ https://phbidlautdemo.prahu-hub.com/_resources/themes/prahutheme/javascript/custom/orderList.js?m=1787972513:46
[   91877ms] [LOG] [Manujo] penerima @ https://phbidlautdemo.prahu-hub.com/_resources/themes/prahutheme/javascript/custom/orderList.js?m=1787972513:261
[   91877ms] [LOG] {ID: 1459, status_order: CANCEL, JadwalID: 1846, ID_Order: 20260828-06505, dari_api: null} @ https://phbidlautdemo.prahu-hub.com/_resources/themes/prahutheme/javascript/custom/orderList.js?m=1787972513:46
[   91877ms] [LOG] [Manujo] penerima @ https://phbidlautdemo.prahu-hub.com/_resources/themes/prahutheme/javascript/custom/orderList.js?m=1787972513:261
[   91878ms] [LOG] {ID: 1458, status_order: KONFIRMASI_UNIT, JadwalID: 1846, ID_Order: 20260828-06504, dari_api: null} @ https://phbidlautdemo.prahu-hub.com/_resources/themes/prahutheme/javascript/custom/orderList.js?m=1787972513:46
[   91878ms] [LOG] [Manujo] penerima @ https://phbidlautdemo.prahu-hub.com/_resources/themes/prahutheme/javascript/custom/orderList.js?m=1787972513:261
[   91878ms] [LOG] {ID: 1457, status_order: PACKING_LIST, JadwalID: 1848, ID_Order: 20260828-08503, dari_api: null} @ https://phbidlautdemo.prahu-hub.com/_resources/themes/prahutheme/javascript/custom/orderList.js?m=1787972513:46
[   91878ms] [LOG] [050505500] penerima @ https://phbidlautdemo.prahu-hub.com/_resources/themes/prahutheme/javascript/custom/orderList.js?m=1787972513:261
[   91879ms] [LOG] {ID: 1456, status_order: DONE, JadwalID: 1853, ID_Order: 20260828-02602, dari_api: null} @ https://phbidlautdemo.prahu-hub.com/_resources/themes/prahutheme/javascript/custom/orderList.js?m=1787972513:46
[   91879ms] [LOG] [Pras Tujuan] penerima @ https://phbidlautdemo.prahu-hub.com/_resources/themes/prahutheme/javascript/custom/orderList.js?m=1787972513:261
[   91879ms] [LOG] {ID: 1455, status_order: DONE, JadwalID: 1848, ID_Order: 20260828-08501, dari_api: null} @ https://phbidlautdemo.prahu-hub.com/_resources/themes/prahutheme/javascript/custom/orderList.js?m=1787972513:46
[   91879ms] [LOG] [050505500] penerima @ https://phbidlautdemo.prahu-hub.com/_resources/themes/prahutheme/javascript/custom/orderList.js?m=1787972513:261
[   91879ms] [LOG] {ID: 1454, status_order: SHIPPER_VALIDATED, JadwalID: 1846, ID_Order: 20260827-06503, dari_api: null} @ https://phbidlautdemo.prahu-hub.com/_resources/themes/prahutheme/javascript/custom/orderList.js?m=1787972513:46
[   91880ms] [LOG] [Manujo] penerima @ https://phbidlautdemo.prahu-hub.com/_resources/themes/prahutheme/javascript/custom/orderList.js?m=1787972513:261
[   91880ms] [LOG] {ID: 1453, status_order: DONE, JadwalID: 1846, ID_Order: 20260827-06502, dari_api: null} @ https://phbidlautdemo.prahu-hub.com/_resources/themes/prahutheme/javascript/custom/orderList.js?m=1787972513:46
[   91880ms] [LOG] [Manujo] penerima @ https://phbidlautdemo.prahu-hub.com/_resources/themes/prahutheme/javascript/custom/orderList.js?m=1787972513:261
[   91881ms] [LOG] {ID: 1452, status_order: DONE, JadwalID: 1844, ID_Order: 20260827-06501, dari_api: null} @ https://phbidlautdemo.prahu-hub.com/_resources/themes/prahutheme/javascript/custom/orderList.js?m=1787972513:46
[   91881ms] [LOG] [Ik Bitung] penerima @ https://phbidlautdemo.prahu-hub.com/_resources/themes/prahutheme/javascript/custom/orderList.js?m=1787972513:261
[   91881ms] [LOG] {ID: 1451, status_order: DONE, JadwalID: 1845, ID_Order: 20260826-06507, dari_api: null} @ https://phbidlautdemo.prahu-hub.com/_resources/themes/prahutheme/javascript/custom/orderList.js?m=1787972513:46
[   91881ms] [LOG] [Ik Bitung] penerima @ https://phbidlautdemo.prahu-hub.com/_resources/themes/prahutheme/javascript/custom/orderList.js?m=1787972513:261
[   91883ms] [LOG] {ID: 1450, status_order: PENDING, JadwalID: 1844, ID_Order: 20260826-06506, dari_api: null} @ https://phbidlautdemo.prahu-hub.com/_resources/themes/prahutheme/javascript/custom/orderList.js?m=1787972513:46
[   91883ms] [LOG] [Ik Bitung] penerima @ https://phbidlautdemo.prahu-hub.com/_resources/themes/prahutheme/javascript/custom/orderList.js?m=1787972513:261
[   91883ms] [LOG] {ID: 1449, status_order: DONE, JadwalID: 1839, ID_Order: 20260826-06505, dari_api: null} @ https://phbidlautdemo.prahu-hub.com/_resources/themes/prahutheme/javascript/custom/orderList.js?m=1787972513:46
[   91884ms] [LOG] [Ik Bitung] penerima @ https://phbidlautdemo.prahu-hub.com/_resources/themes/prahutheme/javascript/custom/orderList.js?m=1787972513:261
[   91884ms] [LOG] {ID: 1448, status_order: DONE, JadwalID: 1851, ID_Order: 20260826-06504, dari_api: null} @ https://phbidlautdemo.prahu-hub.com/_resources/themes/prahutheme/javascript/custom/orderList.js?m=1787972513:46
[   91884ms] [LOG] [Ik Bitung] penerima @ https://phbidlautdemo.prahu-hub.com/_resources/themes/prahutheme/javascript/custom/orderList.js?m=1787972513:261
[   91884ms] [LOG] {ID: 1447, status_order: DONE, JadwalID: 1839, ID_Order: 20260826-06503, dari_api: null} @ https://phbidlautdemo.prahu-hub.com/_resources/themes/prahutheme/javascript/custom/orderList.js?m=1787972513:46
[   91884ms] [LOG] [Ik Bitung] penerima @ https://phbidlautdemo.prahu-hub.com/_resources/themes/prahutheme/javascript/custom/orderList.js?m=1787972513:261
[   91885ms] [LOG] {ID: 1446, status_order: DONE, JadwalID: 1839, ID_Order: 20260826-06502, dari_api: null} @ https://phbidlautdemo.prahu-hub.com/_resources/themes/prahutheme/javascript/custom/orderList.js?m=1787972513:46
[   91885ms] [LOG] [Ik Bitung] penerima @ https://phbidlautdemo.prahu-hub.com/_resources/themes/prahutheme/javascript/custom/orderList.js?m=1787972513:261
[   91885ms] [LOG] {ID: 1445, status_order: DONE, JadwalID: 1839, ID_Order: 20260826-06501, dari_api: null} @ https://phbidlautdemo.prahu-hub.com/_resources/themes/prahutheme/javascript/custom/orderList.js?m=1787972513:46
[   91885ms] [LOG] [Ik Bitung] penerima @ https://phbidlautdemo.prahu-hub.com/_resources/themes/prahutheme/javascript/custom/orderList.js?m=1787972513:261
[   91885ms] [LOG] {ID: 1444, status_order: DONE, JadwalID: 1830, ID_Order: 20260822-08505, dari_api: null} @ https://phbidlautdemo.prahu-hub.com/_resources/themes/prahutheme/javascript/custom/orderList.js?m=1787972513:46
[   91885ms] [LOG] [Roni] penerima @ https://phbidlautdemo.prahu-hub.com/_resources/themes/prahutheme/javascript/custom/orderList.js?m=1787972513:261
[   91886ms] [LOG] {ID: 1443, status_order: DONE, JadwalID: 1830, ID_Order: 20260822-08504, dari_api: null} @ https://phbidlautdemo.prahu-hub.com/_resources/themes/prahutheme/javascript/custom/orderList.js?m=1787972513:46
[   91886ms] [LOG] [Roni] penerima @ https://phbidlautdemo.prahu-hub.com/_resources/themes/prahutheme/javascript/custom/orderList.js?m=1787972513:261
[   91900ms] [LOG] 1450 @ https://phbidlautdemo.prahu-hub.com/_resources/themes/prahutheme/javascript/custom/orderList.js?m=1787972513:916
[   91900ms] [LOG] 1450 countView1 1 pageNow 20 limitView1 @ https://phbidlautdemo.prahu-hub.com/_resources/themes/prahutheme/javascript/custom/orderList.js?m=1787972513:918
[   91900ms] [LOG] 20 @ https://phbidlautdemo.prahu-hub.com/_resources/themes/prahutheme/javascript/custom/orderList.js?m=1787972513:924
[   91900ms] [LOG] 1450 jumlah data @ https://phbidlautdemo.prahu-hub.com/_resources/themes/prahutheme/javascript/custom/orderList.js?m=1787972513:879
[   91900ms] [LOG] 73 @ https://phbidlautdemo.prahu-hub.com/_resources/themes/prahutheme/javascript/custom/orderList.js?m=1787972513:881
[   91900ms] [LOG] 73 1 pageCount & pageNow @ https://phbidlautdemo.prahu-hub.com/_resources/themes/prahutheme/javascript/custom/orderList.js?m=1787972513:810
[   91902ms] [LOG] 200 xhrglobal @ https://phbidlautdemo.prahu-hub.com/order/orderlist:8566
[   91930ms] [LOG] 200 xhrglobal @ https://phbidlautdemo.prahu-hub.com/order/orderlist:8566
[   91992ms] [LOG] 200 xhrglobal @ https://phbidlautdemo.prahu-hub.com/order/orderlist:8566
[   95807ms] [LOG] notif_badge_hide.913-937-935-914-906-900-876-856-820-796-795-783-764-704-689-688-685-642-641-640-639-638-635-634-633-632-631-629-628-627-626-625-624-623-622-621-614-459-123-23 @ https://phbidlautdemo.prahu-hub.com/order/orderlist:8685
[   95849ms] [LOG] updateNotif.913-937-935-914-906-900-876-856-820-796-795-783-764-704-689-688-685-642-641-640-639-638-635-634-633-632-631-629-628-627-626-625-624-623-622-621-614-459-123-23 @ https://phbidlautdemo.prahu-hub.com/order/orderlist:8685
[   95849ms] [LOG] Notif baru, fetching data... 40 true 23 @ https://phbidlautdemo.prahu-hub.com/order/orderlist:8698
[   95850ms] ReferenceError: loadDataNotif is not defined
    at ConnectWebsocket.conn.onmessage (https://phbidlautdemo.prahu-hub.com/order/orderlist:8700:29)
[   95861ms] [LOG] update_dashboard_order_laut @ https://phbidlautdemo.prahu-hub.com/order/orderlist:8685
[   95866ms] [LOG] Connected @ https://phbidlautdemo.prahu-hub.com/order/orderlist:8685
[  100351ms] Unexpected token '<'
[  100399ms] Cannot use import statement outside a module
[  100421ms] ReferenceError: Chart is not defined
    at https://phbidlautdemo.prahu-hub.com/_resources/themes/prahutheme/js/scripts-init/charts/chartjs.js:8:13
[  100422ms] Unexpected token '<'
[  100423ms] Unexpected token '<'
[  100485ms] [LOG] Daftar Ordernamanya @ https://phbidlautdemo.prahu-hub.com/order/ganti_jadwal/b1VKRnFWQkdHLzFRdDlxb3ZVNXhQZz09:2039
[  100493ms] [LOG] debug value date :  @ https://phbidlautdemo.prahu-hub.com/order/ganti_jadwal/b1VKRnFWQkdHLzFRdDlxb3ZVNXhQZz09:6570
[  100500ms] [LOG] Sat Aug 29 2026 10:02:52 GMT+0700 (Western Indonesia Time) @ https://phbidlautdemo.prahu-hub.com/order/ganti_jadwal/b1VKRnFWQkdHLzFRdDlxb3ZVNXhQZz09:6675
[  100500ms] [LOG] ini max1Sun Aug 30 2026 00:00:00 GMT+0700 (Western Indonesia Time) @ https://phbidlautdemo.prahu-hub.com/order/ganti_jadwal/b1VKRnFWQkdHLzFRdDlxb3ZVNXhQZz09:6711
[  100500ms] [LOG] ini max2Sun Sep 13 2026 00:00:00 GMT+0700 (Western Indonesia Time) @ https://phbidlautdemo.prahu-hub.com/order/ganti_jadwal/b1VKRnFWQkdHLzFRdDlxb3ZVNXhQZz09:6713
[  100507ms] [LOG] undefined @ https://phbidlautdemo.prahu-hub.com/order/ganti_jadwal/b1VKRnFWQkdHLzFRdDlxb3ZVNXhQZz09:8571
[  100507ms] [LOG] undefined @ https://phbidlautdemo.prahu-hub.com/order/ganti_jadwal/b1VKRnFWQkdHLzFRdDlxb3ZVNXhQZz09:8571
[  100508ms] [LOG] undefined @ https://phbidlautdemo.prahu-hub.com/order/ganti_jadwal/b1VKRnFWQkdHLzFRdDlxb3ZVNXhQZz09:8571
[  100508ms] [LOG] undefined @ https://phbidlautdemo.prahu-hub.com/order/ganti_jadwal/b1VKRnFWQkdHLzFRdDlxb3ZVNXhQZz09:8571
[  100508ms] [LOG] Masukkan Nama Kapal @ https://phbidlautdemo.prahu-hub.com/order/ganti_jadwal/b1VKRnFWQkdHLzFRdDlxb3ZVNXhQZz09:8571
[  100508ms] [LOG] Masukkan Voyage @ https://phbidlautdemo.prahu-hub.com/order/ganti_jadwal/b1VKRnFWQkdHLzFRdDlxb3ZVNXhQZz09:8571
[  100508ms] [LOG] DD/MM/YYYY @ https://phbidlautdemo.prahu-hub.com/order/ganti_jadwal/b1VKRnFWQkdHLzFRdDlxb3ZVNXhQZz09:8571
[  100509ms] [LOG] undefined @ https://phbidlautdemo.prahu-hub.com/order/ganti_jadwal/b1VKRnFWQkdHLzFRdDlxb3ZVNXhQZz09:8571
[  100509ms] [LOG] undefined @ https://phbidlautdemo.prahu-hub.com/order/ganti_jadwal/b1VKRnFWQkdHLzFRdDlxb3ZVNXhQZz09:8571
[  100509ms] [LOG] DD/MM/YYYY hh:mm @ https://phbidlautdemo.prahu-hub.com/order/ganti_jadwal/b1VKRnFWQkdHLzFRdDlxb3ZVNXhQZz09:8571
[  100509ms] [LOG] DD/MM/YYYY @ https://phbidlautdemo.prahu-hub.com/order/ganti_jadwal/b1VKRnFWQkdHLzFRdDlxb3ZVNXhQZz09:8571
[  100510ms] [LOG] DD/MM/YYYY @ https://phbidlautdemo.prahu-hub.com/order/ganti_jadwal/b1VKRnFWQkdHLzFRdDlxb3ZVNXhQZz09:8571
[  100510ms] [LOG] Masukkan Nama Kapal @ https://phbidlautdemo.prahu-hub.com/order/ganti_jadwal/b1VKRnFWQkdHLzFRdDlxb3ZVNXhQZz09:8571
[  100510ms] [LOG] undefined @ https://phbidlautdemo.prahu-hub.com/order/ganti_jadwal/b1VKRnFWQkdHLzFRdDlxb3ZVNXhQZz09:8571
[  100510ms] [LOG] Masukkan Voyage @ https://phbidlautdemo.prahu-hub.com/order/ganti_jadwal/b1VKRnFWQkdHLzFRdDlxb3ZVNXhQZz09:8571
[  100510ms] [LOG] DD/MM/YYYY @ https://phbidlautdemo.prahu-hub.com/order/ganti_jadwal/b1VKRnFWQkdHLzFRdDlxb3ZVNXhQZz09:8571
[  100511ms] [LOG] undefined @ https://phbidlautdemo.prahu-hub.com/order/ganti_jadwal/b1VKRnFWQkdHLzFRdDlxb3ZVNXhQZz09:8571
[  100511ms] [LOG] WebSocket connection @ https://phbidlautdemo.prahu-hub.com/order/ganti_jadwal/b1VKRnFWQkdHLzFRdDlxb3ZVNXhQZz09:8614
[  100512ms] [LOG] WebSocket connection attempting... @ https://phbidlautdemo.prahu-hub.com/order/ganti_jadwal/b1VKRnFWQkdHLzFRdDlxb3ZVNXhQZz09:8692
[  102170ms] [LOG] WebSocket connected @ https://phbidlautdemo.prahu-hub.com/order/ganti_jadwal/b1VKRnFWQkdHLzFRdDlxb3ZVNXhQZz09:8623
[  102172ms] [LOG] update_dashboard_order_laut @ https://phbidlautdemo.prahu-hub.com/order/ganti_jadwal/b1VKRnFWQkdHLzFRdDlxb3ZVNXhQZz09:8664
[  102198ms] [LOG] Connected @ https://phbidlautdemo.prahu-hub.com/order/ganti_jadwal/b1VKRnFWQkdHLzFRdDlxb3ZVNXhQZz09:8664
[  102300ms] [LOG] 200 xhrglobal @ https://phbidlautdemo.prahu-hub.com/order/ganti_jadwal/b1VKRnFWQkdHLzFRdDlxb3ZVNXhQZz09:8545
[  102382ms] [LOG] 200 xhrglobal @ https://phbidlautdemo.prahu-hub.com/order/ganti_jadwal/b1VKRnFWQkdHLzFRdDlxb3ZVNXhQZz09:8545
[  102548ms] TypeError: $(...).DataTable is not a function
    at https://phbidlautdemo.prahu-hub.com/_resources/themes/prahutheme/js/scripts-init/tables.js:7:23
[  105592ms] Cannot use import statement outside a module
[  105626ms] ReferenceError: Chart is not defined
    at https://phbidlautdemo.prahu-hub.com/_resources/themes/prahutheme/js/scripts-init/charts/chartjs.js:8:13
[  105778ms] Unexpected token '<'
[  105778ms] Unexpected token '<'
[  105876ms] [LOG] Daftar Ordernamanya @ https://phbidlautdemo.prahu-hub.com/order/edit_inputpesanan/b1VKRnFWQkdHLzFRdDlxb3ZVNXhQZz09:2307
[  105901ms] [LOG] Sat Aug 29 2026 09:30:00 GMT+0700 (Western Indonesia Time) @ https://phbidlautdemo.prahu-hub.com/order/edit_inputpesanan/b1VKRnFWQkdHLzFRdDlxb3ZVNXhQZz09:8588
[  105902ms] [LOG] Sun Aug 30 2026 00:00:00 GMT+0700 (Western Indonesia Time) @ https://phbidlautdemo.prahu-hub.com/order/edit_inputpesanan/b1VKRnFWQkdHLzFRdDlxb3ZVNXhQZz09:8589
[  105916ms] [LOG] undefined @ https://phbidlautdemo.prahu-hub.com/order/edit_inputpesanan/b1VKRnFWQkdHLzFRdDlxb3ZVNXhQZz09:9695
[  105916ms] [LOG] undefined @ https://phbidlautdemo.prahu-hub.com/order/edit_inputpesanan/b1VKRnFWQkdHLzFRdDlxb3ZVNXhQZz09:9695
[  105916ms] [LOG] undefined @ https://phbidlautdemo.prahu-hub.com/order/edit_inputpesanan/b1VKRnFWQkdHLzFRdDlxb3ZVNXhQZz09:9695
[  105917ms] [LOG] undefined @ https://phbidlautdemo.prahu-hub.com/order/edit_inputpesanan/b1VKRnFWQkdHLzFRdDlxb3ZVNXhQZz09:9695
[  105917ms] [LOG] undefined @ https://phbidlautdemo.prahu-hub.com/order/edit_inputpesanan/b1VKRnFWQkdHLzFRdDlxb3ZVNXhQZz09:9695
[  105917ms] [LOG] undefined @ https://phbidlautdemo.prahu-hub.com/order/edit_inputpesanan/b1VKRnFWQkdHLzFRdDlxb3ZVNXhQZz09:9695
[  105917ms] [LOG] undefined @ https://phbidlautdemo.prahu-hub.com/order/edit_inputpesanan/b1VKRnFWQkdHLzFRdDlxb3ZVNXhQZz09:9695
[  105917ms] [LOG] Masukkan Nomor Referensi @ https://phbidlautdemo.prahu-hub.com/order/edit_inputpesanan/b1VKRnFWQkdHLzFRdDlxb3ZVNXhQZz09:9695
[  105917ms] [LOG] Tulis alasan anda disini @ https://phbidlautdemo.prahu-hub.com/order/edit_inputpesanan/b1VKRnFWQkdHLzFRdDlxb3ZVNXhQZz09:9695
[  105917ms] [LOG] Masukkan Jumlah @ https://phbidlautdemo.prahu-hub.com/order/edit_inputpesanan/b1VKRnFWQkdHLzFRdDlxb3ZVNXhQZz09:9695
[  105917ms] [LOG] DD/MM/YYYY hh:mm @ https://phbidlautdemo.prahu-hub.com/order/edit_inputpesanan/b1VKRnFWQkdHLzFRdDlxb3ZVNXhQZz09:9695
[  105917ms] [LOG] Masukkan Deskripsi Umum Barang @ https://phbidlautdemo.prahu-hub.com/order/edit_inputpesanan/b1VKRnFWQkdHLzFRdDlxb3ZVNXhQZz09:9695
[  105917ms] [LOG] undefined @ https://phbidlautdemo.prahu-hub.com/order/edit_inputpesanan/b1VKRnFWQkdHLzFRdDlxb3ZVNXhQZz09:9695
[  105917ms] [LOG] Masukkan Nama PIC Pemuatan @ https://phbidlautdemo.prahu-hub.com/order/edit_inputpesanan/b1VKRnFWQkdHLzFRdDlxb3ZVNXhQZz09:9695
[  105917ms] [LOG] Masukkan Nomor @ https://phbidlautdemo.prahu-hub.com/order/edit_inputpesanan/b1VKRnFWQkdHLzFRdDlxb3ZVNXhQZz09:9695
[  105917ms] [LOG] undefined @ https://phbidlautdemo.prahu-hub.com/order/edit_inputpesanan/b1VKRnFWQkdHLzFRdDlxb3ZVNXhQZz09:9695
[  105917ms] [LOG] undefined @ https://phbidlautdemo.prahu-hub.com/order/edit_inputpesanan/b1VKRnFWQkdHLzFRdDlxb3ZVNXhQZz09:9695
[  105917ms] [LOG] Masukkan Nama Perusahaan @ https://phbidlautdemo.prahu-hub.com/order/edit_inputpesanan/b1VKRnFWQkdHLzFRdDlxb3ZVNXhQZz09:9695
[  105917ms] [LOG] Masukkan Nama PIC Penerimaan @ https://phbidlautdemo.prahu-hub.com/order/edit_inputpesanan/b1VKRnFWQkdHLzFRdDlxb3ZVNXhQZz09:9695
[  105918ms] [LOG] Masukkan Nomor @ https://phbidlautdemo.prahu-hub.com/order/edit_inputpesanan/b1VKRnFWQkdHLzFRdDlxb3ZVNXhQZz09:9695
[  105918ms] [LOG] Masukkan Nama Sales @ https://phbidlautdemo.prahu-hub.com/order/edit_inputpesanan/b1VKRnFWQkdHLzFRdDlxb3ZVNXhQZz09:9695
[  105918ms] [LOG] Masukkan Nomor Sales @ https://phbidlautdemo.prahu-hub.com/order/edit_inputpesanan/b1VKRnFWQkdHLzFRdDlxb3ZVNXhQZz09:9695
[  105918ms] [LOG] undefined @ https://phbidlautdemo.prahu-hub.com/order/edit_inputpesanan/b1VKRnFWQkdHLzFRdDlxb3ZVNXhQZz09:9695
[  105918ms] [LOG] undefined @ https://phbidlautdemo.prahu-hub.com/order/edit_inputpesanan/b1VKRnFWQkdHLzFRdDlxb3ZVNXhQZz09:9695
[  105919ms] [LOG] WebSocket connection @ https://phbidlautdemo.prahu-hub.com/order/edit_inputpesanan/b1VKRnFWQkdHLzFRdDlxb3ZVNXhQZz09:9738
[  105919ms] [LOG] WebSocket connection attempting... @ https://phbidlautdemo.prahu-hub.com/order/edit_inputpesanan/b1VKRnFWQkdHLzFRdDlxb3ZVNXhQZz09:9816
[  106019ms] [LOG] WebSocket connected @ https://phbidlautdemo.prahu-hub.com/order/edit_inputpesanan/b1VKRnFWQkdHLzFRdDlxb3ZVNXhQZz09:9747
[  106022ms] [LOG] update_dashboard_order_laut @ https://phbidlautdemo.prahu-hub.com/order/edit_inputpesanan/b1VKRnFWQkdHLzFRdDlxb3ZVNXhQZz09:9788
[  106051ms] [LOG] Connected @ https://phbidlautdemo.prahu-hub.com/order/edit_inputpesanan/b1VKRnFWQkdHLzFRdDlxb3ZVNXhQZz09:9788
[  106148ms] [LOG] 200 xhrglobal @ https://phbidlautdemo.prahu-hub.com/order/edit_inputpesanan/b1VKRnFWQkdHLzFRdDlxb3ZVNXhQZz09:9669
[  106192ms] [LOG] 200 xhrglobal @ https://phbidlautdemo.prahu-hub.com/order/edit_inputpesanan/b1VKRnFWQkdHLzFRdDlxb3ZVNXhQZz09:9669
[  107902ms] TypeError: $(...).DataTable is not a function
    at https://phbidlautdemo.prahu-hub.com/_resources/themes/prahutheme/js/scripts-init/tables.js:7:23
[  112459ms] Cannot use import statement outside a module
[  112480ms] ReferenceError: Chart is not defined
    at https://phbidlautdemo.prahu-hub.com/_resources/themes/prahutheme/js/scripts-init/charts/chartjs.js:8:13
[  112710ms] Unexpected token '<'
[  112710ms] Unexpected token '<'
[  112751ms] Uncaught TypeError: expect element to be DOM Element, but got null
    at n.init (https://cdnjs.cloudflare.com/ajax/libs/smooth-scrollbar/8.5.2/smooth-scrollbar.js:24:264)
    at <anonymous> (https://phbidlautdemo.prahu-hub.com/lelang/listlelang?tab=semua-lelang:6195:14)
[  112799ms] [LOG] Pengajuan Lelangnamanya @ https://phbidlautdemo.prahu-hub.com/lelang/listlelang?tab=semua-lelang:2040
[  112804ms] [LOG] undefined @ https://phbidlautdemo.prahu-hub.com/lelang/listlelang?tab=semua-lelang:6548
[  112804ms] [LOG] undefined @ https://phbidlautdemo.prahu-hub.com/lelang/listlelang?tab=semua-lelang:6548
[  112804ms] [LOG] Masukkan Nomor Lelang @ https://phbidlautdemo.prahu-hub.com/lelang/listlelang?tab=semua-lelang:6548
[  112805ms] [LOG] DD/MM/YYYY @ https://phbidlautdemo.prahu-hub.com/lelang/listlelang?tab=semua-lelang:6548
[  112806ms] [LOG] DD/MM/YYYY @ https://phbidlautdemo.prahu-hub.com/lelang/listlelang?tab=semua-lelang:6548
[  112806ms] [LOG] DD/MM/YYYY @ https://phbidlautdemo.prahu-hub.com/lelang/listlelang?tab=semua-lelang:6548
[  112806ms] [LOG] DD/MM/YYYY @ https://phbidlautdemo.prahu-hub.com/lelang/listlelang?tab=semua-lelang:6548
[  112806ms] [LOG] undefined @ https://phbidlautdemo.prahu-hub.com/lelang/listlelang?tab=semua-lelang:6548
[  112806ms] [LOG] undefined @ https://phbidlautdemo.prahu-hub.com/lelang/listlelang?tab=semua-lelang:6548
[  112806ms] [LOG] Masukkan Nama Bank @ https://phbidlautdemo.prahu-hub.com/lelang/listlelang?tab=semua-lelang:6548
[  112806ms] [LOG] undefined @ https://phbidlautdemo.prahu-hub.com/lelang/listlelang?tab=semua-lelang:6548
[  112807ms] [LOG] WebSocket connection @ https://phbidlautdemo.prahu-hub.com/lelang/listlelang?tab=semua-lelang:6591
[  112808ms] [LOG] WebSocket connection attempting... @ https://phbidlautdemo.prahu-hub.com/lelang/listlelang?tab=semua-lelang:6669
[  112908ms] [LOG] WebSocket connected @ https://phbidlautdemo.prahu-hub.com/lelang/listlelang?tab=semua-lelang:6600
[  112910ms] [LOG] update_dashboard_order_laut @ https://phbidlautdemo.prahu-hub.com/lelang/listlelang?tab=semua-lelang:6641
[  112996ms] [LOG] Connected @ https://phbidlautdemo.prahu-hub.com/lelang/listlelang?tab=semua-lelang:6641
[  114814ms] TypeError: $(...).DataTable is not a function
    at https://phbidlautdemo.prahu-hub.com/_resources/themes/prahutheme/js/scripts-init/tables.js:7:23
[  116115ms] [LOG] [Object, Object, Object, Object, Object, Object, Object, Object, Object, Object, Object, Object, Object, Object, Object, Object, Object, Object, Object, Object] @ https://phbidlautdemo.prahu-hub.com/_resources/themes/prahutheme/javascript/custom/listLelang.js?m=1787972513:14
[  116121ms] [LOG] 1089 @ https://phbidlautdemo.prahu-hub.com/_resources/themes/prahutheme/javascript/custom/listLelang.js?m=1787972513:818
[  116121ms] [LOG] 1089 countView1 1 pageNow 20 limitView1 @ https://phbidlautdemo.prahu-hub.com/_resources/themes/prahutheme/javascript/custom/listLelang.js?m=1787972513:820
[  116121ms] [LOG] 20 @ https://phbidlautdemo.prahu-hub.com/_resources/themes/prahutheme/javascript/custom/listLelang.js?m=1787972513:826
[  116122ms] [LOG] 1089 jumlah data @ https://phbidlautdemo.prahu-hub.com/_resources/themes/prahutheme/javascript/custom/listLelang.js?m=1787972513:779
[  116122ms] [LOG] 55 @ https://phbidlautdemo.prahu-hub.com/_resources/themes/prahutheme/javascript/custom/listLelang.js?m=1787972513:781
[  116122ms] [LOG] 55 1 pageCount & pageNow @ https://phbidlautdemo.prahu-hub.com/_resources/themes/prahutheme/javascript/custom/listLelang.js?m=1787972513:704
[  116124ms] [LOG] 200 xhrglobal @ https://phbidlautdemo.prahu-hub.com/lelang/listlelang?tab=semua-lelang:6522
[  116163ms] ReferenceError: renderTooltipHarga is not defined
    at https://phbidlautdemo.prahu-hub.com/_resources/themes/prahutheme/javascript/custom/listLelang.js?m=1787972513:1049:9
[  116245ms] [LOG] 200 xhrglobal @ https://phbidlautdemo.prahu-hub.com/lelang/listlelang?tab=semua-lelang:6522
[  116309ms] [LOG] 200 xhrglobal @ https://phbidlautdemo.prahu-hub.com/lelang/listlelang?tab=semua-lelang:6522
[  117957ms] Unexpected token '<'
[  117959ms] Cannot use import statement outside a module
[  117984ms] ReferenceError: Chart is not defined
    at https://phbidlautdemo.prahu-hub.com/_resources/themes/prahutheme/js/scripts-init/charts/chartjs.js:8:13
[  118231ms] Unexpected token '<'
[  118232ms] Unexpected token '<'
[  118351ms] TypeError: $(...).datetimepicker is not a function
    at https://phbidlautdemo.prahu-hub.com/order/editstatusorder/aHNFRzU3T1dRRlUrS2EvUmxHSUZqQT09:6234:15
[  118329ms] [LOG] Daftar Ordernamanya @ https://phbidlautdemo.prahu-hub.com/order/editstatusorder/aHNFRzU3T1dRRlUrS2EvUmxHSUZqQT09:2039
[  118348ms] [LOG] WebSocket connection @ https://phbidlautdemo.prahu-hub.com/order/editstatusorder/aHNFRzU3T1dRRlUrS2EvUmxHSUZqQT09:7100
[  118349ms] [LOG] WebSocket connection attempting... @ https://phbidlautdemo.prahu-hub.com/order/editstatusorder/aHNFRzU3T1dRRlUrS2EvUmxHSUZqQT09:7178
[  118455ms] [LOG] WebSocket connected @ https://phbidlautdemo.prahu-hub.com/order/editstatusorder/aHNFRzU3T1dRRlUrS2EvUmxHSUZqQT09:7109
[  118456ms] [LOG] update_dashboard_order_laut @ https://phbidlautdemo.prahu-hub.com/order/editstatusorder/aHNFRzU3T1dRRlUrS2EvUmxHSUZqQT09:7150
[  118497ms] [LOG] Connected @ https://phbidlautdemo.prahu-hub.com/order/editstatusorder/aHNFRzU3T1dRRlUrS2EvUmxHSUZqQT09:7150
[  118577ms] [LOG] 200 xhrglobal @ https://phbidlautdemo.prahu-hub.com/order/editstatusorder/aHNFRzU3T1dRRlUrS2EvUmxHSUZqQT09:7031
[  118635ms] [LOG] 200 xhrglobal @ https://phbidlautdemo.prahu-hub.com/order/editstatusorder/aHNFRzU3T1dRRlUrS2EvUmxHSUZqQT09:7031
[  120343ms] TypeError: $(...).DataTable is not a function
    at https://phbidlautdemo.prahu-hub.com/_resources/themes/prahutheme/js/scripts-init/tables.js:7:23
[  121057ms] [LOG] notif_badge_hide.485-471-460-459-454-451-447-417-385-262-194-192-49-42-18-8-20-1 @ https://phbidlautdemo.prahu-hub.com/order/editstatusorder/aHNFRzU3T1dRRlUrS2EvUmxHSUZqQT09:7150
[  121059ms] [LOG] updateNotifDarat.485-471-460-459-454-451-447-417-385-262-194-192-49-42-18-8-20-1 @ https://phbidlautdemo.prahu-hub.com/order/editstatusorder/aHNFRzU3T1dRRlUrS2EvUmxHSUZqQT09:7150
[  130833ms] [LOG] Connected @ https://phbidlautdemo.prahu-hub.com/order/editstatusorder/aHNFRzU3T1dRRlUrS2EvUmxHSUZqQT09:7150
[  155127ms] [LOG] Connected @ https://phbidlautdemo.prahu-hub.com/order/editstatusorder/aHNFRzU3T1dRRlUrS2EvUmxHSUZqQT09:7150
[  158091ms] [LOG] notif_badge_hide.485-471-460-459-454-451-447-417-385-262-194-192-49-42-18-8-20-1 @ https://phbidlautdemo.prahu-hub.com/order/editstatusorder/aHNFRzU3T1dRRlUrS2EvUmxHSUZqQT09:7150
[  158094ms] [LOG] updateNotifDarat.485-471-460-459-454-451-447-417-385-262-194-192-49-42-18-8-20-1 @ https://phbidlautdemo.prahu-hub.com/order/editstatusorder/aHNFRzU3T1dRRlUrS2EvUmxHSUZqQT09:7150
[  158853ms] Cannot use import statement outside a module
[  158865ms] ReferenceError: Chart is not defined
    at https://phbidlautdemo.prahu-hub.com/_resources/themes/prahutheme/js/scripts-init/charts/chartjs.js:8:13
[  158916ms] Unexpected token '<'
[  159030ms] Unexpected token '<'
[  159112ms] Uncaught TypeError: expect element to be DOM Element, but got null
    at n.init (https://cdnjs.cloudflare.com/ajax/libs/smooth-scrollbar/8.5.2/smooth-scrollbar.js:24:264)
    at <anonymous> (https://phbidlautdemo.prahu-hub.com/order/orderlist:8239:14)
[  159137ms] [LOG] 1 @ https://phbidlautdemo.prahu-hub.com/_resources/themes/prahutheme/javascript/custom/orderList.js?m=1787972513:939
[  159137ms] [LOG] 20 @ https://phbidlautdemo.prahu-hub.com/_resources/themes/prahutheme/javascript/custom/orderList.js?m=1787972513:940
[  159142ms] [LOG] Daftar Ordernamanya @ https://phbidlautdemo.prahu-hub.com/order/orderlist:2308
[  159157ms] [LOG] Masukkan ID Order @ https://phbidlautdemo.prahu-hub.com/order/orderlist:8592
[  159158ms] [LOG] undefined @ https://phbidlautdemo.prahu-hub.com/order/orderlist:8592
[  159158ms] [LOG] Masukkan Nomor Lelang @ https://phbidlautdemo.prahu-hub.com/order/orderlist:8592
[  159158ms] [LOG] DD/MM/YYYY - DD/MM/YYYY @ https://phbidlautdemo.prahu-hub.com/order/orderlist:8592
[  159158ms] [LOG] Masukkan No. Kontainer @ https://phbidlautdemo.prahu-hub.com/order/orderlist:8592
[  159159ms] [LOG] DD/MM/YYYY - DD/MM/YYYY @ https://phbidlautdemo.prahu-hub.com/order/orderlist:8592
[  159159ms] [LOG] DD/MM/YYYY -  DD/MM/YYYY @ https://phbidlautdemo.prahu-hub.com/order/orderlist:8592
[  159159ms] [LOG] Search... @ https://phbidlautdemo.prahu-hub.com/order/orderlist:8592
[  159159ms] [LOG] Search... @ https://phbidlautdemo.prahu-hub.com/order/orderlist:8592
[  159159ms] [LOG] undefined @ https://phbidlautdemo.prahu-hub.com/order/orderlist:8592
[  159159ms] [LOG] Masukkan Nama Kapal @ https://phbidlautdemo.prahu-hub.com/order/orderlist:8592
[  159159ms] [LOG] DD/MM/YYYY @ https://phbidlautdemo.prahu-hub.com/order/orderlist:8592
[  159160ms] [LOG] Masukkan Jumlah @ https://phbidlautdemo.prahu-hub.com/order/orderlist:8592
[  159160ms] [LOG] Masukkan Nama Penerima Barang @ https://phbidlautdemo.prahu-hub.com/order/orderlist:8592
[  159160ms] [LOG] Search... @ https://phbidlautdemo.prahu-hub.com/order/orderlist:8592
[  159160ms] [LOG] Masukkan Nomor Referensi @ https://phbidlautdemo.prahu-hub.com/order/orderlist:8592
[  159160ms] [LOG] undefined @ https://phbidlautdemo.prahu-hub.com/order/orderlist:8592
[  159160ms] [LOG] Masukkan Harga Baru @ https://phbidlautdemo.prahu-hub.com/order/orderlist:8592
[  159160ms] [LOG] undefined @ https://phbidlautdemo.prahu-hub.com/order/orderlist:8592
[  159161ms] [LOG] WebSocket connection @ https://phbidlautdemo.prahu-hub.com/order/orderlist:8635
[  159161ms] [LOG] WebSocket connection attempting... @ https://phbidlautdemo.prahu-hub.com/order/orderlist:8713
[  159267ms] [LOG] WebSocket connected @ https://phbidlautdemo.prahu-hub.com/order/orderlist:8644
[  159274ms] [LOG] update_dashboard_order_laut @ https://phbidlautdemo.prahu-hub.com/order/orderlist:8685
[  159296ms] [LOG] Connected @ https://phbidlautdemo.prahu-hub.com/order/orderlist:8685
[  161157ms] TypeError: $(...).DataTable is not a function
    at https://phbidlautdemo.prahu-hub.com/_resources/themes/prahutheme/js/scripts-init/tables.js:7:23
[  161462ms] [LOG] datanya20 @ https://phbidlautdemo.prahu-hub.com/_resources/themes/prahutheme/javascript/custom/orderList.js?m=1787972513:986
[  161462ms] [LOG] [Object, Object, Object, Object, Object, Object, Object, Object, Object, Object, Object, Object, Object, Object, Object, Object, Object, Object, Object, Object] @ https://phbidlautdemo.prahu-hub.com/_resources/themes/prahutheme/javascript/custom/orderList.js?m=1787972513:421
[  161463ms] [LOG] {ID: 1462, status_order: PENDING, JadwalID: 1859, ID_Order: 20260829-02602, dari_api: null} @ https://phbidlautdemo.prahu-hub.com/_resources/themes/prahutheme/javascript/custom/orderList.js?m=1787972513:427
[  161463ms] [LOG] [Pras Tujuan] penerima @ https://phbidlautdemo.prahu-hub.com/_resources/themes/prahutheme/javascript/custom/orderList.js?m=1787972513:648
[  161463ms] [LOG] {ID: 1461, status_order: KONFIRMASI_UNIT, JadwalID: 1858, ID_Order: 20260829-06501, dari_api: null} @ https://phbidlautdemo.prahu-hub.com/_resources/themes/prahutheme/javascript/custom/orderList.js?m=1787972513:427
[  161463ms] [LOG] [Manujo] penerima @ https://phbidlautdemo.prahu-hub.com/_resources/themes/prahutheme/javascript/custom/orderList.js?m=1787972513:648
[  161463ms] [LOG] {ID: 1460, status_order: KONFIRMASI_UNIT, JadwalID: 1855, ID_Order: 20260828-06506, dari_api: null} @ https://phbidlautdemo.prahu-hub.com/_resources/themes/prahutheme/javascript/custom/orderList.js?m=1787972513:427
[  161463ms] [LOG] [Manujo] penerima @ https://phbidlautdemo.prahu-hub.com/_resources/themes/prahutheme/javascript/custom/orderList.js?m=1787972513:648
[  161464ms] [LOG] {ID: 1459, status_order: CANCEL, JadwalID: 1846, ID_Order: 20260828-06505, dari_api: null} @ https://phbidlautdemo.prahu-hub.com/_resources/themes/prahutheme/javascript/custom/orderList.js?m=1787972513:427
[  161464ms] [LOG] [Manujo] penerima @ https://phbidlautdemo.prahu-hub.com/_resources/themes/prahutheme/javascript/custom/orderList.js?m=1787972513:648
[  161464ms] [LOG] {ID: 1458, status_order: KONFIRMASI_UNIT, JadwalID: 1846, ID_Order: 20260828-06504, dari_api: null} @ https://phbidlautdemo.prahu-hub.com/_resources/themes/prahutheme/javascript/custom/orderList.js?m=1787972513:427
[  161464ms] [LOG] [Manujo] penerima @ https://phbidlautdemo.prahu-hub.com/_resources/themes/prahutheme/javascript/custom/orderList.js?m=1787972513:648
[  161464ms] [LOG] {ID: 1457, status_order: PACKING_LIST, JadwalID: 1848, ID_Order: 20260828-08503, dari_api: null} @ https://phbidlautdemo.prahu-hub.com/_resources/themes/prahutheme/javascript/custom/orderList.js?m=1787972513:427
[  161464ms] [LOG] [050505500] penerima @ https://phbidlautdemo.prahu-hub.com/_resources/themes/prahutheme/javascript/custom/orderList.js?m=1787972513:648
[  161465ms] [LOG] {ID: 1456, status_order: DONE, JadwalID: 1853, ID_Order: 20260828-02602, dari_api: null} @ https://phbidlautdemo.prahu-hub.com/_resources/themes/prahutheme/javascript/custom/orderList.js?m=1787972513:427
[  161465ms] [LOG] [Pras Tujuan] penerima @ https://phbidlautdemo.prahu-hub.com/_resources/themes/prahutheme/javascript/custom/orderList.js?m=1787972513:648
[  161465ms] [LOG] {ID: 1455, status_order: DONE, JadwalID: 1848, ID_Order: 20260828-08501, dari_api: null} @ https://phbidlautdemo.prahu-hub.com/_resources/themes/prahutheme/javascript/custom/orderList.js?m=1787972513:427
[  161465ms] [LOG] [050505500] penerima @ https://phbidlautdemo.prahu-hub.com/_resources/themes/prahutheme/javascript/custom/orderList.js?m=1787972513:648
[  161465ms] [LOG] {ID: 1454, status_order: SHIPPER_VALIDATED, JadwalID: 1846, ID_Order: 20260827-06503, dari_api: null} @ https://phbidlautdemo.prahu-hub.com/_resources/themes/prahutheme/javascript/custom/orderList.js?m=1787972513:427
[  161466ms] [LOG] [Manujo] penerima @ https://phbidlautdemo.prahu-hub.com/_resources/themes/prahutheme/javascript/custom/orderList.js?m=1787972513:648
[  161466ms] [LOG] {ID: 1453, status_order: DONE, JadwalID: 1846, ID_Order: 20260827-06502, dari_api: null} @ https://phbidlautdemo.prahu-hub.com/_resources/themes/prahutheme/javascript/custom/orderList.js?m=1787972513:427
[  161466ms] [LOG] [Manujo] penerima @ https://phbidlautdemo.prahu-hub.com/_resources/themes/prahutheme/javascript/custom/orderList.js?m=1787972513:648
[  161466ms] [LOG] {ID: 1452, status_order: DONE, JadwalID: 1844, ID_Order: 20260827-06501, dari_api: null} @ https://phbidlautdemo.prahu-hub.com/_resources/themes/prahutheme/javascript/custom/orderList.js?m=1787972513:427
[  161466ms] [LOG] [Ik Bitung] penerima @ https://phbidlautdemo.prahu-hub.com/_resources/themes/prahutheme/javascript/custom/orderList.js?m=1787972513:648
[  161467ms] [LOG] {ID: 1451, status_order: DONE, JadwalID: 1845, ID_Order: 20260826-06507, dari_api: null} @ https://phbidlautdemo.prahu-hub.com/_resources/themes/prahutheme/javascript/custom/orderList.js?m=1787972513:427
[  161467ms] [LOG] [Ik Bitung] penerima @ https://phbidlautdemo.prahu-hub.com/_resources/themes/prahutheme/javascript/custom/orderList.js?m=1787972513:648
[  161467ms] [LOG] {ID: 1450, status_order: PENDING, JadwalID: 1844, ID_Order: 20260826-06506, dari_api: null} @ https://phbidlautdemo.prahu-hub.com/_resources/themes/prahutheme/javascript/custom/orderList.js?m=1787972513:427
[  161467ms] [LOG] [Ik Bitung] penerima @ https://phbidlautdemo.prahu-hub.com/_resources/themes/prahutheme/javascript/custom/orderList.js?m=1787972513:648
[  161467ms] [LOG] {ID: 1449, status_order: DONE, JadwalID: 1839, ID_Order: 20260826-06505, dari_api: null} @ https://phbidlautdemo.prahu-hub.com/_resources/themes/prahutheme/javascript/custom/orderList.js?m=1787972513:427
[  161467ms] [LOG] [Ik Bitung] penerima @ https://phbidlautdemo.prahu-hub.com/_resources/themes/prahutheme/javascript/custom/orderList.js?m=1787972513:648
[  161467ms] [LOG] {ID: 1448, status_order: DONE, JadwalID: 1851, ID_Order: 20260826-06504, dari_api: null} @ https://phbidlautdemo.prahu-hub.com/_resources/themes/prahutheme/javascript/custom/orderList.js?m=1787972513:427
[  161468ms] [LOG] [Ik Bitung] penerima @ https://phbidlautdemo.prahu-hub.com/_resources/themes/prahutheme/javascript/custom/orderList.js?m=1787972513:648
[  161468ms] [LOG] {ID: 1447, status_order: DONE, JadwalID: 1839, ID_Order: 20260826-06503, dari_api: null} @ https://phbidlautdemo.prahu-hub.com/_resources/themes/prahutheme/javascript/custom/orderList.js?m=1787972513:427
[  161468ms] [LOG] [Ik Bitung] penerima @ https://phbidlautdemo.prahu-hub.com/_resources/themes/prahutheme/javascript/custom/orderList.js?m=1787972513:648
[  161468ms] [LOG] {ID: 1446, status_order: DONE, JadwalID: 1839, ID_Order: 20260826-06502, dari_api: null} @ https://phbidlautdemo.prahu-hub.com/_resources/themes/prahutheme/javascript/custom/orderList.js?m=1787972513:427
[  161468ms] [LOG] [Ik Bitung] penerima @ https://phbidlautdemo.prahu-hub.com/_resources/themes/prahutheme/javascript/custom/orderList.js?m=1787972513:648
[  161468ms] [LOG] {ID: 1445, status_order: DONE, JadwalID: 1839, ID_Order: 20260826-06501, dari_api: null} @ https://phbidlautdemo.prahu-hub.com/_resources/themes/prahutheme/javascript/custom/orderList.js?m=1787972513:427
[  161469ms] [LOG] [Ik Bitung] penerima @ https://phbidlautdemo.prahu-hub.com/_resources/themes/prahutheme/javascript/custom/orderList.js?m=1787972513:648
[  161469ms] [LOG] {ID: 1444, status_order: DONE, JadwalID: 1830, ID_Order: 20260822-08505, dari_api: null} @ https://phbidlautdemo.prahu-hub.com/_resources/themes/prahutheme/javascript/custom/orderList.js?m=1787972513:427
[  161469ms] [LOG] [Roni] penerima @ https://phbidlautdemo.prahu-hub.com/_resources/themes/prahutheme/javascript/custom/orderList.js?m=1787972513:648
[  161469ms] [LOG] {ID: 1443, status_order: DONE, JadwalID: 1830, ID_Order: 20260822-08504, dari_api: null} @ https://phbidlautdemo.prahu-hub.com/_resources/themes/prahutheme/javascript/custom/orderList.js?m=1787972513:427
[  161469ms] [LOG] [Roni] penerima @ https://phbidlautdemo.prahu-hub.com/_resources/themes/prahutheme/javascript/custom/orderList.js?m=1787972513:648
[  161483ms] [LOG] [Object, Object, Object, Object, Object, Object, Object, Object, Object, Object, Object, Object, Object, Object, Object, Object, Object, Object, Object, Object] @ https://phbidlautdemo.prahu-hub.com/_resources/themes/prahutheme/javascript/custom/orderList.js?m=1787972513:40
[  161483ms] [LOG] {ID: 1462, status_order: PENDING, JadwalID: 1859, ID_Order: 20260829-02602, dari_api: null} @ https://phbidlautdemo.prahu-hub.com/_resources/themes/prahutheme/javascript/custom/orderList.js?m=1787972513:46
[  161483ms] [LOG] [Pras Tujuan] penerima @ https://phbidlautdemo.prahu-hub.com/_resources/themes/prahutheme/javascript/custom/orderList.js?m=1787972513:261
[  161484ms] [LOG] {ID: 1461, status_order: KONFIRMASI_UNIT, JadwalID: 1858, ID_Order: 20260829-06501, dari_api: null} @ https://phbidlautdemo.prahu-hub.com/_resources/themes/prahutheme/javascript/custom/orderList.js?m=1787972513:46
[  161484ms] [LOG] [Manujo] penerima @ https://phbidlautdemo.prahu-hub.com/_resources/themes/prahutheme/javascript/custom/orderList.js?m=1787972513:261
[  161484ms] [LOG] {ID: 1460, status_order: KONFIRMASI_UNIT, JadwalID: 1855, ID_Order: 20260828-06506, dari_api: null} @ https://phbidlautdemo.prahu-hub.com/_resources/themes/prahutheme/javascript/custom/orderList.js?m=1787972513:46
[  161484ms] [LOG] [Manujo] penerima @ https://phbidlautdemo.prahu-hub.com/_resources/themes/prahutheme/javascript/custom/orderList.js?m=1787972513:261
[  161484ms] [LOG] {ID: 1459, status_order: CANCEL, JadwalID: 1846, ID_Order: 20260828-06505, dari_api: null} @ https://phbidlautdemo.prahu-hub.com/_resources/themes/prahutheme/javascript/custom/orderList.js?m=1787972513:46
[  161484ms] [LOG] [Manujo] penerima @ https://phbidlautdemo.prahu-hub.com/_resources/themes/prahutheme/javascript/custom/orderList.js?m=1787972513:261
[  161484ms] [LOG] {ID: 1458, status_order: KONFIRMASI_UNIT, JadwalID: 1846, ID_Order: 20260828-06504, dari_api: null} @ https://phbidlautdemo.prahu-hub.com/_resources/themes/prahutheme/javascript/custom/orderList.js?m=1787972513:46
[  161485ms] [LOG] [Manujo] penerima @ https://phbidlautdemo.prahu-hub.com/_resources/themes/prahutheme/javascript/custom/orderList.js?m=1787972513:261
[  161485ms] [LOG] {ID: 1457, status_order: PACKING_LIST, JadwalID: 1848, ID_Order: 20260828-08503, dari_api: null} @ https://phbidlautdemo.prahu-hub.com/_resources/themes/prahutheme/javascript/custom/orderList.js?m=1787972513:46
[  161485ms] [LOG] [050505500] penerima @ https://phbidlautdemo.prahu-hub.com/_resources/themes/prahutheme/javascript/custom/orderList.js?m=1787972513:261
[  161485ms] [LOG] {ID: 1456, status_order: DONE, JadwalID: 1853, ID_Order: 20260828-02602, dari_api: null} @ https://phbidlautdemo.prahu-hub.com/_resources/themes/prahutheme/javascript/custom/orderList.js?m=1787972513:46
[  161485ms] [LOG] [Pras Tujuan] penerima @ https://phbidlautdemo.prahu-hub.com/_resources/themes/prahutheme/javascript/custom/orderList.js?m=1787972513:261
[  161485ms] [LOG] {ID: 1455, status_order: DONE, JadwalID: 1848, ID_Order: 20260828-08501, dari_api: null} @ https://phbidlautdemo.prahu-hub.com/_resources/themes/prahutheme/javascript/custom/orderList.js?m=1787972513:46
[  161486ms] [LOG] [050505500] penerima @ https://phbidlautdemo.prahu-hub.com/_resources/themes/prahutheme/javascript/custom/orderList.js?m=1787972513:261
[  161486ms] [LOG] {ID: 1454, status_order: SHIPPER_VALIDATED, JadwalID: 1846, ID_Order: 20260827-06503, dari_api: null} @ https://phbidlautdemo.prahu-hub.com/_resources/themes/prahutheme/javascript/custom/orderList.js?m=1787972513:46
[  161486ms] [LOG] [Manujo] penerima @ https://phbidlautdemo.prahu-hub.com/_resources/themes/prahutheme/javascript/custom/orderList.js?m=1787972513:261
[  161486ms] [LOG] {ID: 1453, status_order: DONE, JadwalID: 1846, ID_Order: 20260827-06502, dari_api: null} @ https://phbidlautdemo.prahu-hub.com/_resources/themes/prahutheme/javascript/custom/orderList.js?m=1787972513:46
[  161486ms] [LOG] [Manujo] penerima @ https://phbidlautdemo.prahu-hub.com/_resources/themes/prahutheme/javascript/custom/orderList.js?m=1787972513:261
[  161486ms] [LOG] {ID: 1452, status_order: DONE, JadwalID: 1844, ID_Order: 20260827-06501, dari_api: null} @ https://phbidlautdemo.prahu-hub.com/_resources/themes/prahutheme/javascript/custom/orderList.js?m=1787972513:46
[  161487ms] [LOG] [Ik Bitung] penerima @ https://phbidlautdemo.prahu-hub.com/_resources/themes/prahutheme/javascript/custom/orderList.js?m=1787972513:261
[  161487ms] [LOG] {ID: 1451, status_order: DONE, JadwalID: 1845, ID_Order: 20260826-06507, dari_api: null} @ https://phbidlautdemo.prahu-hub.com/_resources/themes/prahutheme/javascript/custom/orderList.js?m=1787972513:46
[  161487ms] [LOG] [Ik Bitung] penerima @ https://phbidlautdemo.prahu-hub.com/_resources/themes/prahutheme/javascript/custom/orderList.js?m=1787972513:261
[  161487ms] [LOG] {ID: 1450, status_order: PENDING, JadwalID: 1844, ID_Order: 20260826-06506, dari_api: null} @ https://phbidlautdemo.prahu-hub.com/_resources/themes/prahutheme/javascript/custom/orderList.js?m=1787972513:46
[  161487ms] [LOG] [Ik Bitung] penerima @ https://phbidlautdemo.prahu-hub.com/_resources/themes/prahutheme/javascript/custom/orderList.js?m=1787972513:261
[  161487ms] [LOG] {ID: 1449, status_order: DONE, JadwalID: 1839, ID_Order: 20260826-06505, dari_api: null} @ https://phbidlautdemo.prahu-hub.com/_resources/themes/prahutheme/javascript/custom/orderList.js?m=1787972513:46
[  161488ms] [LOG] [Ik Bitung] penerima @ https://phbidlautdemo.prahu-hub.com/_resources/themes/prahutheme/javascript/custom/orderList.js?m=1787972513:261
[  161488ms] [LOG] {ID: 1448, status_order: DONE, JadwalID: 1851, ID_Order: 20260826-06504, dari_api: null} @ https://phbidlautdemo.prahu-hub.com/_resources/themes/prahutheme/javascript/custom/orderList.js?m=1787972513:46
[  161488ms] [LOG] [Ik Bitung] penerima @ https://phbidlautdemo.prahu-hub.com/_resources/themes/prahutheme/javascript/custom/orderList.js?m=1787972513:261
[  161488ms] [LOG] {ID: 1447, status_order: DONE, JadwalID: 1839, ID_Order: 20260826-06503, dari_api: null} @ https://phbidlautdemo.prahu-hub.com/_resources/themes/prahutheme/javascript/custom/orderList.js?m=1787972513:46
[  161488ms] [LOG] [Ik Bitung] penerima @ https://phbidlautdemo.prahu-hub.com/_resources/themes/prahutheme/javascript/custom/orderList.js?m=1787972513:261
[  161488ms] [LOG] {ID: 1446, status_order: DONE, JadwalID: 1839, ID_Order: 20260826-06502, dari_api: null} @ https://phbidlautdemo.prahu-hub.com/_resources/themes/prahutheme/javascript/custom/orderList.js?m=1787972513:46
[  161489ms] [LOG] [Ik Bitung] penerima @ https://phbidlautdemo.prahu-hub.com/_resources/themes/prahutheme/javascript/custom/orderList.js?m=1787972513:261
[  161489ms] [LOG] {ID: 1445, status_order: DONE, JadwalID: 1839, ID_Order: 20260826-06501, dari_api: null} @ https://phbidlautdemo.prahu-hub.com/_resources/themes/prahutheme/javascript/custom/orderList.js?m=1787972513:46
[  161489ms] [LOG] [Ik Bitung] penerima @ https://phbidlautdemo.prahu-hub.com/_resources/themes/prahutheme/javascript/custom/orderList.js?m=1787972513:261
[  161489ms] [LOG] {ID: 1444, status_order: DONE, JadwalID: 1830, ID_Order: 20260822-08505, dari_api: null} @ https://phbidlautdemo.prahu-hub.com/_resources/themes/prahutheme/javascript/custom/orderList.js?m=1787972513:46
[  161489ms] [LOG] [Roni] penerima @ https://phbidlautdemo.prahu-hub.com/_resources/themes/prahutheme/javascript/custom/orderList.js?m=1787972513:261
[  161489ms] [LOG] {ID: 1443, status_order: DONE, JadwalID: 1830, ID_Order: 20260822-08504, dari_api: null} @ https://phbidlautdemo.prahu-hub.com/_resources/themes/prahutheme/javascript/custom/orderList.js?m=1787972513:46
[  161489ms] [LOG] [Roni] penerima @ https://phbidlautdemo.prahu-hub.com/_resources/themes/prahutheme/javascript/custom/orderList.js?m=1787972513:261
[  161502ms] [LOG] 1450 @ https://phbidlautdemo.prahu-hub.com/_resources/themes/prahutheme/javascript/custom/orderList.js?m=1787972513:916
[  161502ms] [LOG] 1450 countView1 1 pageNow 20 limitView1 @ https://phbidlautdemo.prahu-hub.com/_resources/themes/prahutheme/javascript/custom/orderList.js?m=1787972513:918
[  161502ms] [LOG] 20 @ https://phbidlautdemo.prahu-hub.com/_resources/themes/prahutheme/javascript/custom/orderList.js?m=1787972513:924
[  161502ms] [LOG] 1450 jumlah data @ https://phbidlautdemo.prahu-hub.com/_resources/themes/prahutheme/javascript/custom/orderList.js?m=1787972513:879
[  161502ms] [LOG] 73 @ https://phbidlautdemo.prahu-hub.com/_resources/themes/prahutheme/javascript/custom/orderList.js?m=1787972513:881
[  161502ms] [LOG] 73 1 pageCount & pageNow @ https://phbidlautdemo.prahu-hub.com/_resources/themes/prahutheme/javascript/custom/orderList.js?m=1787972513:810
[  161503ms] [LOG] 200 xhrglobal @ https://phbidlautdemo.prahu-hub.com/order/orderlist:8566
[  161615ms] [LOG] 200 xhrglobal @ https://phbidlautdemo.prahu-hub.com/order/orderlist:8566
[  161671ms] [LOG] 200 xhrglobal @ https://phbidlautdemo.prahu-hub.com/order/orderlist:8566
[  163975ms] [LOG] Connected @ https://phbidlautdemo.prahu-hub.com/order/orderlist:8685
[  166483ms] [LOG] 200 xhrglobal @ https://phbidlautdemo.prahu-hub.com/order/orderlist:8566
[  167467ms] Cannot use import statement outside a module
[  167478ms] ReferenceError: Chart is not defined
    at https://phbidlautdemo.prahu-hub.com/_resources/themes/prahutheme/js/scripts-init/charts/chartjs.js:8:13
[  167505ms] Unexpected token '<'
[  167617ms] Unexpected token '<'
[  167644ms] Uncaught TypeError: expect element to be DOM Element, but got null
    at n.init (https://cdnjs.cloudflare.com/ajax/libs/smooth-scrollbar/8.5.2/smooth-scrollbar.js:24:264)
    at <anonymous> (https://phbidlautdemo.prahu-hub.com/order/alihkanorder/b1VKRnFWQkdHLzFRdDlxb3ZVNXhQZz09?idorder=b1VKRnFWQkdHLzFRdDlxb3ZVNXhQZz09&alihkan=yes&lelang=aHU3VWY3Zkh0aHlmQUdtY2I5SElQdz09:7688:14)
[  167671ms] [LOG] Daftar Ordernamanya @ https://phbidlautdemo.prahu-hub.com/order/alihkanorder/b1VKRnFWQkdHLzFRdDlxb3ZVNXhQZz09?idorder=b1VKRnFWQkdHLzFRdDlxb3ZVNXhQZz09&alihkan=yes&lelang=aHU3VWY3Zkh0aHlmQUdtY2I5SElQdz09:2309
[  167680ms] [LOG] undefined @ https://phbidlautdemo.prahu-hub.com/order/alihkanorder/b1VKRnFWQkdHLzFRdDlxb3ZVNXhQZz09?idorder=b1VKRnFWQkdHLzFRdDlxb3ZVNXhQZz09&alihkan=yes&lelang=aHU3VWY3Zkh0aHlmQUdtY2I5SElQdz09:8041
[  167680ms] [LOG] undefined @ https://phbidlautdemo.prahu-hub.com/order/alihkanorder/b1VKRnFWQkdHLzFRdDlxb3ZVNXhQZz09?idorder=b1VKRnFWQkdHLzFRdDlxb3ZVNXhQZz09&alihkan=yes&lelang=aHU3VWY3Zkh0aHlmQUdtY2I5SElQdz09:8041
[  167680ms] [LOG] undefined @ https://phbidlautdemo.prahu-hub.com/order/alihkanorder/b1VKRnFWQkdHLzFRdDlxb3ZVNXhQZz09?idorder=b1VKRnFWQkdHLzFRdDlxb3ZVNXhQZz09&alihkan=yes&lelang=aHU3VWY3Zkh0aHlmQUdtY2I5SElQdz09:8041
[  167680ms] [LOG] undefined @ https://phbidlautdemo.prahu-hub.com/order/alihkanorder/b1VKRnFWQkdHLzFRdDlxb3ZVNXhQZz09?idorder=b1VKRnFWQkdHLzFRdDlxb3ZVNXhQZz09&alihkan=yes&lelang=aHU3VWY3Zkh0aHlmQUdtY2I5SElQdz09:8041
[  167680ms] [LOG] undefined @ https://phbidlautdemo.prahu-hub.com/order/alihkanorder/b1VKRnFWQkdHLzFRdDlxb3ZVNXhQZz09?idorder=b1VKRnFWQkdHLzFRdDlxb3ZVNXhQZz09&alihkan=yes&lelang=aHU3VWY3Zkh0aHlmQUdtY2I5SElQdz09:8041
[  167681ms] [LOG] undefined @ https://phbidlautdemo.prahu-hub.com/order/alihkanorder/b1VKRnFWQkdHLzFRdDlxb3ZVNXhQZz09?idorder=b1VKRnFWQkdHLzFRdDlxb3ZVNXhQZz09&alihkan=yes&lelang=aHU3VWY3Zkh0aHlmQUdtY2I5SElQdz09:8041
[  167681ms] [LOG] undefined @ https://phbidlautdemo.prahu-hub.com/order/alihkanorder/b1VKRnFWQkdHLzFRdDlxb3ZVNXhQZz09?idorder=b1VKRnFWQkdHLzFRdDlxb3ZVNXhQZz09&alihkan=yes&lelang=aHU3VWY3Zkh0aHlmQUdtY2I5SElQdz09:8041
[  167682ms] [LOG] undefined @ https://phbidlautdemo.prahu-hub.com/order/alihkanorder/b1VKRnFWQkdHLzFRdDlxb3ZVNXhQZz09?idorder=b1VKRnFWQkdHLzFRdDlxb3ZVNXhQZz09&alihkan=yes&lelang=aHU3VWY3Zkh0aHlmQUdtY2I5SElQdz09:8041
[  167682ms] [LOG] DD/MM/YYYY @ https://phbidlautdemo.prahu-hub.com/order/alihkanorder/b1VKRnFWQkdHLzFRdDlxb3ZVNXhQZz09?idorder=b1VKRnFWQkdHLzFRdDlxb3ZVNXhQZz09&alihkan=yes&lelang=aHU3VWY3Zkh0aHlmQUdtY2I5SElQdz09:8041
[  167683ms] [LOG] DD/MM/YYYY @ https://phbidlautdemo.prahu-hub.com/order/alihkanorder/b1VKRnFWQkdHLzFRdDlxb3ZVNXhQZz09?idorder=b1VKRnFWQkdHLzFRdDlxb3ZVNXhQZz09&alihkan=yes&lelang=aHU3VWY3Zkh0aHlmQUdtY2I5SElQdz09:8041
[  167684ms] [LOG] WebSocket connection @ https://phbidlautdemo.prahu-hub.com/order/alihkanorder/b1VKRnFWQkdHLzFRdDlxb3ZVNXhQZz09?idorder=b1VKRnFWQkdHLzFRdDlxb3ZVNXhQZz09&alihkan=yes&lelang=aHU3VWY3Zkh0aHlmQUdtY2I5SElQdz09:8084
[  167684ms] [LOG] WebSocket connection attempting... @ https://phbidlautdemo.prahu-hub.com/order/alihkanorder/b1VKRnFWQkdHLzFRdDlxb3ZVNXhQZz09?idorder=b1VKRnFWQkdHLzFRdDlxb3ZVNXhQZz09&alihkan=yes&lelang=aHU3VWY3Zkh0aHlmQUdtY2I5SElQdz09:8162
[  167811ms] [LOG] WebSocket connected @ https://phbidlautdemo.prahu-hub.com/order/alihkanorder/b1VKRnFWQkdHLzFRdDlxb3ZVNXhQZz09?idorder=b1VKRnFWQkdHLzFRdDlxb3ZVNXhQZz09&alihkan=yes&lelang=aHU3VWY3Zkh0aHlmQUdtY2I5SElQdz09:8093
[  167818ms] [LOG] update_dashboard_order_laut @ https://phbidlautdemo.prahu-hub.com/order/alihkanorder/b1VKRnFWQkdHLzFRdDlxb3ZVNXhQZz09?idorder=b1VKRnFWQkdHLzFRdDlxb3ZVNXhQZz09&alihkan=yes&lelang=aHU3VWY3Zkh0aHlmQUdtY2I5SElQdz09:8134
[  167859ms] [LOG] Connected @ https://phbidlautdemo.prahu-hub.com/order/alihkanorder/b1VKRnFWQkdHLzFRdDlxb3ZVNXhQZz09?idorder=b1VKRnFWQkdHLzFRdDlxb3ZVNXhQZz09&alihkan=yes&lelang=aHU3VWY3Zkh0aHlmQUdtY2I5SElQdz09:8134
[  168420ms] [LOG] [Object, Object, Object, Object, Object, Object, Object, Object, Object, Object, Object, Object, Object, Object, Object, Object, Object, Object] @ https://phbidlautdemo.prahu-hub.com/_resources/themes/prahutheme/javascript/custom/hasilPenawaran.js?m=1787972513:14
[  168452ms] [LOG] 18 @ https://phbidlautdemo.prahu-hub.com/_resources/themes/prahutheme/javascript/custom/hasilPenawaran.js?m=1787972513:889
[  168452ms] [LOG] 18 countView1 1 pageNow 20 limitView1 @ https://phbidlautdemo.prahu-hub.com/_resources/themes/prahutheme/javascript/custom/hasilPenawaran.js?m=1787972513:891
[  168452ms] [LOG] 18 @ https://phbidlautdemo.prahu-hub.com/_resources/themes/prahutheme/javascript/custom/hasilPenawaran.js?m=1787972513:902
[  168452ms] [LOG] 18 jumlah data @ https://phbidlautdemo.prahu-hub.com/_resources/themes/prahutheme/javascript/custom/hasilPenawaran.js?m=1787972513:867
[  168453ms] [LOG] 1 @ https://phbidlautdemo.prahu-hub.com/_resources/themes/prahutheme/javascript/custom/hasilPenawaran.js?m=1787972513:869
[  168453ms] [LOG] 1 1 pageCount & pageNow @ https://phbidlautdemo.prahu-hub.com/_resources/themes/prahutheme/javascript/custom/hasilPenawaran.js?m=1787972513:795
[  168453ms] [LOG] 200 xhrglobal @ https://phbidlautdemo.prahu-hub.com/order/alihkanorder/b1VKRnFWQkdHLzFRdDlxb3ZVNXhQZz09?idorder=b1VKRnFWQkdHLzFRdDlxb3ZVNXhQZz09&alihkan=yes&lelang=aHU3VWY3Zkh0aHlmQUdtY2I5SElQdz09:8015
[  168519ms] [LOG] 200 xhrglobal @ https://phbidlautdemo.prahu-hub.com/order/alihkanorder/b1VKRnFWQkdHLzFRdDlxb3ZVNXhQZz09?idorder=b1VKRnFWQkdHLzFRdDlxb3ZVNXhQZz09&alihkan=yes&lelang=aHU3VWY3Zkh0aHlmQUdtY2I5SElQdz09:8015
[  168722ms] [LOG] 200 xhrglobal @ https://phbidlautdemo.prahu-hub.com/order/alihkanorder/b1VKRnFWQkdHLzFRdDlxb3ZVNXhQZz09?idorder=b1VKRnFWQkdHLzFRdDlxb3ZVNXhQZz09&alihkan=yes&lelang=aHU3VWY3Zkh0aHlmQUdtY2I5SElQdz09:8015
[  169685ms] TypeError: $(...).DataTable is not a function
    at https://phbidlautdemo.prahu-hub.com/_resources/themes/prahutheme/js/scripts-init/tables.js:7:23
[  172658ms] [LOG] Connected @ https://phbidlautdemo.prahu-hub.com/order/alihkanorder/b1VKRnFWQkdHLzFRdDlxb3ZVNXhQZz09?idorder=b1VKRnFWQkdHLzFRdDlxb3ZVNXhQZz09&alihkan=yes&lelang=aHU3VWY3Zkh0aHlmQUdtY2I5SElQdz09:8134
[  175212ms] [LOG] Connected @ https://phbidlautdemo.prahu-hub.com/order/alihkanorder/b1VKRnFWQkdHLzFRdDlxb3ZVNXhQZz09?idorder=b1VKRnFWQkdHLzFRdDlxb3ZVNXhQZz09&alihkan=yes&lelang=aHU3VWY3Zkh0aHlmQUdtY2I5SElQdz09:8134
[  182662ms] [LOG] updateNotif.274-254-224-163-58-26-23 @ https://phbidlautdemo.prahu-hub.com/order/alihkanorder/b1VKRnFWQkdHLzFRdDlxb3ZVNXhQZz09?idorder=b1VKRnFWQkdHLzFRdDlxb3ZVNXhQZz09&alihkan=yes&lelang=aHU3VWY3Zkh0aHlmQUdtY2I5SElQdz09:8134
[  182662ms] [LOG] Notif baru, fetching data... 7 true 23 @ https://phbidlautdemo.prahu-hub.com/order/alihkanorder/b1VKRnFWQkdHLzFRdDlxb3ZVNXhQZz09?idorder=b1VKRnFWQkdHLzFRdDlxb3ZVNXhQZz09&alihkan=yes&lelang=aHU3VWY3Zkh0aHlmQUdtY2I5SElQdz09:8147
[  182669ms] ReferenceError: loadDataNotif is not defined
    at ConnectWebsocket.conn.onmessage (https://phbidlautdemo.prahu-hub.com/order/alihkanorder/b1VKRnFWQkdHLzFRdDlxb3ZVNXhQZz09?idorder=b1VKRnFWQkdHLzFRdDlxb3ZVNXhQZz09&alihkan=yes&lelang=aHU3VWY3Zkh0aHlmQUdtY2I5SElQdz09:8149:29)
[  182702ms] [LOG] notif_badge_show.274-254-224-163-58-26-23 @ https://phbidlautdemo.prahu-hub.com/order/alihkanorder/b1VKRnFWQkdHLzFRdDlxb3ZVNXhQZz09?idorder=b1VKRnFWQkdHLzFRdDlxb3ZVNXhQZz09&alihkan=yes&lelang=aHU3VWY3Zkh0aHlmQUdtY2I5SElQdz09:8134
[  182703ms] [LOG] Notif baru, fetching data... 7 true 23 @ https://phbidlautdemo.prahu-hub.com/order/alihkanorder/b1VKRnFWQkdHLzFRdDlxb3ZVNXhQZz09?idorder=b1VKRnFWQkdHLzFRdDlxb3ZVNXhQZz09&alihkan=yes&lelang=aHU3VWY3Zkh0aHlmQUdtY2I5SElQdz09:8153
[  182711ms] [LOG] update_dashboard_order_laut @ https://phbidlautdemo.prahu-hub.com/order/alihkanorder/b1VKRnFWQkdHLzFRdDlxb3ZVNXhQZz09?idorder=b1VKRnFWQkdHLzFRdDlxb3ZVNXhQZz09&alihkan=yes&lelang=aHU3VWY3Zkh0aHlmQUdtY2I5SElQdz09:8134
[  184859ms] [LOG] Connected @ https://phbidlautdemo.prahu-hub.com/order/alihkanorder/b1VKRnFWQkdHLzFRdDlxb3ZVNXhQZz09?idorder=b1VKRnFWQkdHLzFRdDlxb3ZVNXhQZz09&alihkan=yes&lelang=aHU3VWY3Zkh0aHlmQUdtY2I5SElQdz09:8134
[  186424ms] [LOG] Connected @ https://phbidlautdemo.prahu-hub.com/order/alihkanorder/b1VKRnFWQkdHLzFRdDlxb3ZVNXhQZz09?idorder=b1VKRnFWQkdHLzFRdDlxb3ZVNXhQZz09&alihkan=yes&lelang=aHU3VWY3Zkh0aHlmQUdtY2I5SElQdz09:8134
