[     864ms] Cannot use import statement outside a module
[     895ms] ReferenceError: Chart is not defined
    at https://phbidlautdemo.prahu-hub.com/_resources/themes/prahutheme/js/scripts-init/charts/chartjs.js:8:13
[    1065ms] Unexpected token '<'
[    1066ms] Unexpected token '<'
[    1123ms] Uncaught TypeError: expect element to be DOM Element, but got null
    at n.init (https://cdnjs.cloudflare.com/ajax/libs/smooth-scrollbar/8.5.2/smooth-scrollbar.js:24:264)
    at <anonymous> (https://phbidlautdemo.prahu-hub.com/adminprahu/pelayaran:5220:14)
[    1154ms] [LOG] Masternamanya @ https://phbidlautdemo.prahu-hub.com/adminprahu/pelayaran:2040
[    1165ms] [LOG] undefined @ https://phbidlautdemo.prahu-hub.com/adminprahu/pelayaran:5573
[    1165ms] [LOG] Masukkan Nama Pelayaran @ https://phbidlautdemo.prahu-hub.com/adminprahu/pelayaran:5573
[    1167ms] [LOG] WebSocket connection @ https://phbidlautdemo.prahu-hub.com/adminprahu/pelayaran:5616
[    1167ms] [LOG] WebSocket connection attempting... @ https://phbidlautdemo.prahu-hub.com/adminprahu/pelayaran:5694
[    1313ms] [LOG] WebSocket connected @ https://phbidlautdemo.prahu-hub.com/adminprahu/pelayaran:5625
[    1316ms] [LOG] update_dashboard_order_laut @ https://phbidlautdemo.prahu-hub.com/adminprahu/pelayaran:5666
[    1348ms] [LOG] Connected @ https://phbidlautdemo.prahu-hub.com/adminprahu/pelayaran:5666
[    1365ms] [LOG] [Object, Object, Object, Object, Object, Object, Object, Object, Object, Object, Object, Object, Object, Object, Object, Object, Object, Object, Object, Object] @ https://phbidlautdemo.prahu-hub.com/_resources/themes/prahutheme/javascript/custom/pelayaran.js?m=1787972929:115
[    1373ms] [LOG] 24 @ https://phbidlautdemo.prahu-hub.com/_resources/themes/prahutheme/javascript/custom/pelayaran.js?m=1787972929:693
[    1374ms] [LOG] 24 countView1 1 pageNow 20 limitView1 @ https://phbidlautdemo.prahu-hub.com/_resources/themes/prahutheme/javascript/custom/pelayaran.js?m=1787972929:695
[    1374ms] [LOG] 20 @ https://phbidlautdemo.prahu-hub.com/_resources/themes/prahutheme/javascript/custom/pelayaran.js?m=1787972929:701
[    1375ms] [LOG] 24 jumlah data @ https://phbidlautdemo.prahu-hub.com/_resources/themes/prahutheme/javascript/custom/pelayaran.js?m=1787972929:658
[    1375ms] [LOG] 2 @ https://phbidlautdemo.prahu-hub.com/_resources/themes/prahutheme/javascript/custom/pelayaran.js?m=1787972929:660
[    1376ms] [LOG] 2 1 pageCount & pageNow @ https://phbidlautdemo.prahu-hub.com/_resources/themes/prahutheme/javascript/custom/pelayaran.js?m=1787972929:584
[    1377ms] [LOG] 200 xhrglobal @ https://phbidlautdemo.prahu-hub.com/adminprahu/pelayaran:5547
[    1383ms] [LOG] ce.fn.init stepItem @ https://phbidlautdemo.prahu-hub.com/_resources/themes/prahutheme/javascript/custom/pelayaran.js?m=1787972929:558
[    1493ms] [LOG] 200 xhrglobal @ https://phbidlautdemo.prahu-hub.com/adminprahu/pelayaran:5547
[    1565ms] [LOG] 200 xhrglobal @ https://phbidlautdemo.prahu-hub.com/adminprahu/pelayaran:5547
[    3165ms] TypeError: $(...).DataTable is not a function
    at https://phbidlautdemo.prahu-hub.com/_resources/themes/prahutheme/js/scripts-init/tables.js:7:23
[    5131ms] [LOG] 200 xhrglobal @ https://phbidlautdemo.prahu-hub.com/adminprahu/pelayaran:5547
