[    2584ms] Unexpected token '<'
[    2674ms] Cannot use import statement outside a module
[    2738ms] ReferenceError: Chart is not defined
    at https://phbidlautdemo.prahu-hub.com/_resources/themes/prahutheme/js/scripts-init/charts/chartjs.js:8:13
[    2740ms] Unexpected token '<'
[    2742ms] Unexpected token '<'
[    2888ms] [LOG] Daftar Ordernamanya @ https://phbidlautdemo.prahu-hub.com/order/ganti_jadwal/MHZROHFLSlBlKyswU0p3SlpBRm5Idz09:2039
[    2913ms] [LOG] Sat Aug 29 2026 19:34:06 GMT+0700 (Western Indonesia Time) @ https://phbidlautdemo.prahu-hub.com/order/ganti_jadwal/MHZROHFLSlBlKyswU0p3SlpBRm5Idz09:6436
[    2914ms] [LOG] ini max1Thu Oct 01 2026 00:00:00 GMT+0700 (Western Indonesia Time) @ https://phbidlautdemo.prahu-hub.com/order/ganti_jadwal/MHZROHFLSlBlKyswU0p3SlpBRm5Idz09:6472
[    2914ms] [LOG] ini max2Thu Oct 15 2026 00:00:00 GMT+0700 (Western Indonesia Time) @ https://phbidlautdemo.prahu-hub.com/order/ganti_jadwal/MHZROHFLSlBlKyswU0p3SlpBRm5Idz09:6474
[    2938ms] [LOG] undefined @ https://phbidlautdemo.prahu-hub.com/order/ganti_jadwal/MHZROHFLSlBlKyswU0p3SlpBRm5Idz09:8326
[    2938ms] [LOG] undefined @ https://phbidlautdemo.prahu-hub.com/order/ganti_jadwal/MHZROHFLSlBlKyswU0p3SlpBRm5Idz09:8326
[    2938ms] [LOG] undefined @ https://phbidlautdemo.prahu-hub.com/order/ganti_jadwal/MHZROHFLSlBlKyswU0p3SlpBRm5Idz09:8326
[    2938ms] [LOG] undefined @ https://phbidlautdemo.prahu-hub.com/order/ganti_jadwal/MHZROHFLSlBlKyswU0p3SlpBRm5Idz09:8326
[    2939ms] [LOG] Masukkan Nama Kapal @ https://phbidlautdemo.prahu-hub.com/order/ganti_jadwal/MHZROHFLSlBlKyswU0p3SlpBRm5Idz09:8326
[    2939ms] [LOG] Masukkan Voyage @ https://phbidlautdemo.prahu-hub.com/order/ganti_jadwal/MHZROHFLSlBlKyswU0p3SlpBRm5Idz09:8326
[    2939ms] [LOG] DD/MM/YYYY @ https://phbidlautdemo.prahu-hub.com/order/ganti_jadwal/MHZROHFLSlBlKyswU0p3SlpBRm5Idz09:8326
[    2940ms] [LOG] undefined @ https://phbidlautdemo.prahu-hub.com/order/ganti_jadwal/MHZROHFLSlBlKyswU0p3SlpBRm5Idz09:8326
[    2941ms] [LOG] undefined @ https://phbidlautdemo.prahu-hub.com/order/ganti_jadwal/MHZROHFLSlBlKyswU0p3SlpBRm5Idz09:8326
[    2941ms] [LOG] DD/MM/YYYY hh:mm @ https://phbidlautdemo.prahu-hub.com/order/ganti_jadwal/MHZROHFLSlBlKyswU0p3SlpBRm5Idz09:8326
[    2941ms] [LOG] DD/MM/YYYY @ https://phbidlautdemo.prahu-hub.com/order/ganti_jadwal/MHZROHFLSlBlKyswU0p3SlpBRm5Idz09:8326
[    2942ms] [LOG] DD/MM/YYYY @ https://phbidlautdemo.prahu-hub.com/order/ganti_jadwal/MHZROHFLSlBlKyswU0p3SlpBRm5Idz09:8326
[    2944ms] [LOG] WebSocket connection @ https://phbidlautdemo.prahu-hub.com/order/ganti_jadwal/MHZROHFLSlBlKyswU0p3SlpBRm5Idz09:8369
[    2944ms] [LOG] WebSocket connection attempting... @ https://phbidlautdemo.prahu-hub.com/order/ganti_jadwal/MHZROHFLSlBlKyswU0p3SlpBRm5Idz09:8447
[    3312ms] [LOG] WebSocket connected @ https://phbidlautdemo.prahu-hub.com/order/ganti_jadwal/MHZROHFLSlBlKyswU0p3SlpBRm5Idz09:8378
[    3320ms] [LOG] update_dashboard_order_laut @ https://phbidlautdemo.prahu-hub.com/order/ganti_jadwal/MHZROHFLSlBlKyswU0p3SlpBRm5Idz09:8419
[    3412ms] [LOG] Connected @ https://phbidlautdemo.prahu-hub.com/order/ganti_jadwal/MHZROHFLSlBlKyswU0p3SlpBRm5Idz09:8419
[    3548ms] [LOG] 200 xhrglobal @ https://phbidlautdemo.prahu-hub.com/order/ganti_jadwal/MHZROHFLSlBlKyswU0p3SlpBRm5Idz09:8300
[    3600ms] [LOG] 200 xhrglobal @ https://phbidlautdemo.prahu-hub.com/order/ganti_jadwal/MHZROHFLSlBlKyswU0p3SlpBRm5Idz09:8300
[    4913ms] TypeError: $(...).DataTable is not a function
    at https://phbidlautdemo.prahu-hub.com/_resources/themes/prahutheme/js/scripts-init/tables.js:7:23
[   27503ms] [LOG] 200 xhrglobal @ https://phbidlautdemo.prahu-hub.com/order/ganti_jadwal/MHZROHFLSlBlKyswU0p3SlpBRm5Idz09:8300
[   27711ms] [LOG] 200 xhrglobal @ https://phbidlautdemo.prahu-hub.com/order/ganti_jadwal/MHZROHFLSlBlKyswU0p3SlpBRm5Idz09:8300
[   27957ms] [WARNING] SweetAlert2: Unknown parameter "cancelButtonClass" @ https://phbidlautdemo.prahu-hub.com/_resources/themes/prahutheme/js/sweetalert2.all.min.js:0
[   27958ms] [WARNING] SweetAlert2: Unknown parameter "confirmButtonClass" @ https://phbidlautdemo.prahu-hub.com/_resources/themes/prahutheme/js/sweetalert2.all.min.js:0
[   28015ms] [LOG] 200 xhrglobal @ https://phbidlautdemo.prahu-hub.com/order/ganti_jadwal/MHZROHFLSlBlKyswU0p3SlpBRm5Idz09:8300
[   34234ms] Cannot use import statement outside a module
[   34250ms] ReferenceError: Chart is not defined
    at https://phbidlautdemo.prahu-hub.com/_resources/themes/prahutheme/js/scripts-init/charts/chartjs.js:8:13
[   34251ms] Unexpected token '<'
[   34253ms] Unexpected token '<'
[   34394ms] [LOG] Daftar Ordernamanya @ https://phbidlautdemo.prahu-hub.com/order/orderdetail/MHZROHFLSlBlKyswU0p3SlpBRm5Idz09:2039
[   34417ms] [LOG] undefined @ https://phbidlautdemo.prahu-hub.com/order/orderdetail/MHZROHFLSlBlKyswU0p3SlpBRm5Idz09:7961
[   34417ms] [LOG] undefined @ https://phbidlautdemo.prahu-hub.com/order/orderdetail/MHZROHFLSlBlKyswU0p3SlpBRm5Idz09:7961
[   34417ms] [LOG] undefined @ https://phbidlautdemo.prahu-hub.com/order/orderdetail/MHZROHFLSlBlKyswU0p3SlpBRm5Idz09:7961
[   34417ms] [LOG] undefined @ https://phbidlautdemo.prahu-hub.com/order/orderdetail/MHZROHFLSlBlKyswU0p3SlpBRm5Idz09:7961
[   34418ms] [LOG] WebSocket connection @ https://phbidlautdemo.prahu-hub.com/order/orderdetail/MHZROHFLSlBlKyswU0p3SlpBRm5Idz09:8004
[   34419ms] [LOG] WebSocket connection attempting... @ https://phbidlautdemo.prahu-hub.com/order/orderdetail/MHZROHFLSlBlKyswU0p3SlpBRm5Idz09:8082
[   34562ms] [LOG] WebSocket connected @ https://phbidlautdemo.prahu-hub.com/order/orderdetail/MHZROHFLSlBlKyswU0p3SlpBRm5Idz09:8013
[   34566ms] [LOG] update_dashboard_order_laut @ https://phbidlautdemo.prahu-hub.com/order/orderdetail/MHZROHFLSlBlKyswU0p3SlpBRm5Idz09:8054
[   34594ms] [LOG] Connected @ https://phbidlautdemo.prahu-hub.com/order/orderdetail/MHZROHFLSlBlKyswU0p3SlpBRm5Idz09:8054
[   34811ms] [LOG] 200 xhrglobal @ https://phbidlautdemo.prahu-hub.com/order/orderdetail/MHZROHFLSlBlKyswU0p3SlpBRm5Idz09:7935
[   34875ms] [LOG] 200 xhrglobal @ https://phbidlautdemo.prahu-hub.com/order/orderdetail/MHZROHFLSlBlKyswU0p3SlpBRm5Idz09:7935
[   36406ms] TypeError: $(...).DataTable is not a function
    at https://phbidlautdemo.prahu-hub.com/_resources/themes/prahutheme/js/scripts-init/tables.js:7:23
[   57594ms] Unexpected token '<'
[   57632ms] Cannot use import statement outside a module
[   57666ms] ReferenceError: Chart is not defined
    at https://phbidlautdemo.prahu-hub.com/_resources/themes/prahutheme/js/scripts-init/charts/chartjs.js:8:13
[   58522ms] Unexpected token '<'
[   58525ms] Unexpected token '<'
[   58701ms] [LOG] Daftar Ordernamanya @ https://phbidlautdemo.prahu-hub.com/order/ganti_jadwal/MHZROHFLSlBlKyswU0p3SlpBRm5Idz09:2039
[   58713ms] [LOG] Sat Aug 29 2026 19:35:02 GMT+0700 (Western Indonesia Time) @ https://phbidlautdemo.prahu-hub.com/order/ganti_jadwal/MHZROHFLSlBlKyswU0p3SlpBRm5Idz09:6436
[   58717ms] [LOG] ini max1Thu Oct 01 2026 00:00:00 GMT+0700 (Western Indonesia Time) @ https://phbidlautdemo.prahu-hub.com/order/ganti_jadwal/MHZROHFLSlBlKyswU0p3SlpBRm5Idz09:6472
[   58718ms] [LOG] ini max2Thu Oct 15 2026 00:00:00 GMT+0700 (Western Indonesia Time) @ https://phbidlautdemo.prahu-hub.com/order/ganti_jadwal/MHZROHFLSlBlKyswU0p3SlpBRm5Idz09:6474
[   58739ms] [LOG] undefined @ https://phbidlautdemo.prahu-hub.com/order/ganti_jadwal/MHZROHFLSlBlKyswU0p3SlpBRm5Idz09:8326
[   58740ms] [LOG] undefined @ https://phbidlautdemo.prahu-hub.com/order/ganti_jadwal/MHZROHFLSlBlKyswU0p3SlpBRm5Idz09:8326
[   58740ms] [LOG] undefined @ https://phbidlautdemo.prahu-hub.com/order/ganti_jadwal/MHZROHFLSlBlKyswU0p3SlpBRm5Idz09:8326
[   58740ms] [LOG] undefined @ https://phbidlautdemo.prahu-hub.com/order/ganti_jadwal/MHZROHFLSlBlKyswU0p3SlpBRm5Idz09:8326
[   58740ms] [LOG] Masukkan Nama Kapal @ https://phbidlautdemo.prahu-hub.com/order/ganti_jadwal/MHZROHFLSlBlKyswU0p3SlpBRm5Idz09:8326
[   58740ms] [LOG] Masukkan Voyage @ https://phbidlautdemo.prahu-hub.com/order/ganti_jadwal/MHZROHFLSlBlKyswU0p3SlpBRm5Idz09:8326
[   58740ms] [LOG] DD/MM/YYYY @ https://phbidlautdemo.prahu-hub.com/order/ganti_jadwal/MHZROHFLSlBlKyswU0p3SlpBRm5Idz09:8326
[   58742ms] [LOG] undefined @ https://phbidlautdemo.prahu-hub.com/order/ganti_jadwal/MHZROHFLSlBlKyswU0p3SlpBRm5Idz09:8326
[   58742ms] [LOG] undefined @ https://phbidlautdemo.prahu-hub.com/order/ganti_jadwal/MHZROHFLSlBlKyswU0p3SlpBRm5Idz09:8326
[   58742ms] [LOG] DD/MM/YYYY hh:mm @ https://phbidlautdemo.prahu-hub.com/order/ganti_jadwal/MHZROHFLSlBlKyswU0p3SlpBRm5Idz09:8326
[   58742ms] [LOG] DD/MM/YYYY @ https://phbidlautdemo.prahu-hub.com/order/ganti_jadwal/MHZROHFLSlBlKyswU0p3SlpBRm5Idz09:8326
[   58743ms] [LOG] DD/MM/YYYY @ https://phbidlautdemo.prahu-hub.com/order/ganti_jadwal/MHZROHFLSlBlKyswU0p3SlpBRm5Idz09:8326
[   58745ms] [LOG] WebSocket connection @ https://phbidlautdemo.prahu-hub.com/order/ganti_jadwal/MHZROHFLSlBlKyswU0p3SlpBRm5Idz09:8369
[   58745ms] [LOG] WebSocket connection attempting... @ https://phbidlautdemo.prahu-hub.com/order/ganti_jadwal/MHZROHFLSlBlKyswU0p3SlpBRm5Idz09:8447
[   58873ms] [LOG] WebSocket connected @ https://phbidlautdemo.prahu-hub.com/order/ganti_jadwal/MHZROHFLSlBlKyswU0p3SlpBRm5Idz09:8378
[   58877ms] [LOG] update_dashboard_order_laut @ https://phbidlautdemo.prahu-hub.com/order/ganti_jadwal/MHZROHFLSlBlKyswU0p3SlpBRm5Idz09:8419
[   58910ms] [LOG] Connected @ https://phbidlautdemo.prahu-hub.com/order/ganti_jadwal/MHZROHFLSlBlKyswU0p3SlpBRm5Idz09:8419
[   59212ms] [LOG] 200 xhrglobal @ https://phbidlautdemo.prahu-hub.com/order/ganti_jadwal/MHZROHFLSlBlKyswU0p3SlpBRm5Idz09:8300
[   59333ms] [LOG] 200 xhrglobal @ https://phbidlautdemo.prahu-hub.com/order/ganti_jadwal/MHZROHFLSlBlKyswU0p3SlpBRm5Idz09:8300
[   60716ms] TypeError: $(...).DataTable is not a function
    at https://phbidlautdemo.prahu-hub.com/_resources/themes/prahutheme/js/scripts-init/tables.js:7:23
[   63133ms] [LOG] 200 xhrglobal @ https://phbidlautdemo.prahu-hub.com/order/ganti_jadwal/MHZROHFLSlBlKyswU0p3SlpBRm5Idz09:8300
[   63344ms] [LOG] 200 xhrglobal @ https://phbidlautdemo.prahu-hub.com/order/ganti_jadwal/MHZROHFLSlBlKyswU0p3SlpBRm5Idz09:8300
[   63556ms] [WARNING] SweetAlert2: Unknown parameter "cancelButtonClass" @ https://phbidlautdemo.prahu-hub.com/_resources/themes/prahutheme/js/sweetalert2.all.min.js:0
[   63556ms] [WARNING] SweetAlert2: Unknown parameter "confirmButtonClass" @ https://phbidlautdemo.prahu-hub.com/_resources/themes/prahutheme/js/sweetalert2.all.min.js:0
[   63592ms] [LOG] 200 xhrglobal @ https://phbidlautdemo.prahu-hub.com/order/ganti_jadwal/MHZROHFLSlBlKyswU0p3SlpBRm5Idz09:8300
[   64508ms] [LOG] true @ https://phbidlautdemo.prahu-hub.com/order/ganti_jadwal/MHZROHFLSlBlKyswU0p3SlpBRm5Idz09:7169
[   65856ms] [LOG] updateNotif.255-253-231-274-254-224-163-58-65-23 @ https://phbidlautdemo.prahu-hub.com/order/ganti_jadwal/MHZROHFLSlBlKyswU0p3SlpBRm5Idz09:8419
[   65857ms] [LOG] Notif baru, fetching data... 10 true 23 @ https://phbidlautdemo.prahu-hub.com/order/ganti_jadwal/MHZROHFLSlBlKyswU0p3SlpBRm5Idz09:8432
[   65860ms] ReferenceError: loadDataNotif is not defined
    at ConnectWebsocket.conn.onmessage (https://phbidlautdemo.prahu-hub.com/order/ganti_jadwal/MHZROHFLSlBlKyswU0p3SlpBRm5Idz09:8434:29)
[   65884ms] [LOG] notif_badge_show.255-253-231-274-254-224-163-58-65-23 @ https://phbidlautdemo.prahu-hub.com/order/ganti_jadwal/MHZROHFLSlBlKyswU0p3SlpBRm5Idz09:8419
[   65884ms] [LOG] Notif baru, fetching data... 10 true 23 @ https://phbidlautdemo.prahu-hub.com/order/ganti_jadwal/MHZROHFLSlBlKyswU0p3SlpBRm5Idz09:8438
[   65890ms] [LOG] update_dashboard_order_laut @ https://phbidlautdemo.prahu-hub.com/order/ganti_jadwal/MHZROHFLSlBlKyswU0p3SlpBRm5Idz09:8419
[   67570ms] Cannot use import statement outside a module
[   67603ms] ReferenceError: Chart is not defined
    at https://phbidlautdemo.prahu-hub.com/_resources/themes/prahutheme/js/scripts-init/charts/chartjs.js:8:13
[   68037ms] Unexpected token '<'
[   68040ms] Unexpected token '<'
[   68176ms] Uncaught TypeError: expect element to be DOM Element, but got null
    at n.init (https://cdnjs.cloudflare.com/ajax/libs/smooth-scrollbar/8.5.2/smooth-scrollbar.js:24:264)
    at <anonymous> (https://phbidlautdemo.prahu-hub.com/order/orderlist:8244:14)
[   68266ms] [LOG] 1 @ https://phbidlautdemo.prahu-hub.com/_resources/themes/prahutheme/javascript/custom/orderList.js?m=1787972929:939
[   68267ms] [LOG] 20 @ https://phbidlautdemo.prahu-hub.com/_resources/themes/prahutheme/javascript/custom/orderList.js?m=1787972929:940
[   68284ms] [LOG] Daftar Ordernamanya @ https://phbidlautdemo.prahu-hub.com/order/orderlist:2308
[   68315ms] [LOG] Masukkan ID Order @ https://phbidlautdemo.prahu-hub.com/order/orderlist:8597
[   68316ms] [LOG] undefined @ https://phbidlautdemo.prahu-hub.com/order/orderlist:8597
[   68316ms] [LOG] Masukkan Nomor Lelang @ https://phbidlautdemo.prahu-hub.com/order/orderlist:8597
[   68316ms] [LOG] DD/MM/YYYY - DD/MM/YYYY @ https://phbidlautdemo.prahu-hub.com/order/orderlist:8597
[   68316ms] [LOG] Masukkan No. Kontainer @ https://phbidlautdemo.prahu-hub.com/order/orderlist:8597
[   68317ms] [LOG] DD/MM/YYYY - DD/MM/YYYY @ https://phbidlautdemo.prahu-hub.com/order/orderlist:8597
[   68317ms] [LOG] DD/MM/YYYY -  DD/MM/YYYY @ https://phbidlautdemo.prahu-hub.com/order/orderlist:8597
[   68317ms] [LOG] Search... @ https://phbidlautdemo.prahu-hub.com/order/orderlist:8597
[   68317ms] [LOG] Search... @ https://phbidlautdemo.prahu-hub.com/order/orderlist:8597
[   68318ms] [LOG] undefined @ https://phbidlautdemo.prahu-hub.com/order/orderlist:8597
[   68318ms] [LOG] Masukkan Nama Kapal @ https://phbidlautdemo.prahu-hub.com/order/orderlist:8597
[   68318ms] [LOG] DD/MM/YYYY @ https://phbidlautdemo.prahu-hub.com/order/orderlist:8597
[   68319ms] [LOG] Masukkan Jumlah @ https://phbidlautdemo.prahu-hub.com/order/orderlist:8597
[   68319ms] [LOG] Masukkan Nama Penerima Barang @ https://phbidlautdemo.prahu-hub.com/order/orderlist:8597
[   68319ms] [LOG] Search... @ https://phbidlautdemo.prahu-hub.com/order/orderlist:8597
[   68320ms] [LOG] Masukkan Nomor Referensi @ https://phbidlautdemo.prahu-hub.com/order/orderlist:8597
[   68320ms] [LOG] undefined @ https://phbidlautdemo.prahu-hub.com/order/orderlist:8597
[   68320ms] [LOG] Masukkan Harga Baru @ https://phbidlautdemo.prahu-hub.com/order/orderlist:8597
[   68320ms] [LOG] undefined @ https://phbidlautdemo.prahu-hub.com/order/orderlist:8597
[   68322ms] [LOG] WebSocket connection @ https://phbidlautdemo.prahu-hub.com/order/orderlist:8640
[   68323ms] [LOG] WebSocket connection attempting... @ https://phbidlautdemo.prahu-hub.com/order/orderlist:8718
[   68456ms] [LOG] WebSocket connected @ https://phbidlautdemo.prahu-hub.com/order/orderlist:8649
[   68459ms] [LOG] update_dashboard_order_laut @ https://phbidlautdemo.prahu-hub.com/order/orderlist:8690
[   68489ms] [LOG] Connected @ https://phbidlautdemo.prahu-hub.com/order/orderlist:8690
[   70297ms] TypeError: $(...).DataTable is not a function
    at https://phbidlautdemo.prahu-hub.com/_resources/themes/prahutheme/js/scripts-init/tables.js:7:23
[   70752ms] [LOG] datanya20 @ https://phbidlautdemo.prahu-hub.com/_resources/themes/prahutheme/javascript/custom/orderList.js?m=1787972929:986
[   70753ms] [LOG] [Object, Object, Object, Object, Object, Object, Object, Object, Object, Object, Object, Object, Object, Object, Object, Object, Object, Object, Object, Object] @ https://phbidlautdemo.prahu-hub.com/_resources/themes/prahutheme/javascript/custom/orderList.js?m=1787972929:421
[   70753ms] [LOG] {ID: 1464, status_order: PACKING_LIST, JadwalID: 1872, ID_Order: 20260829-06504, dari_api: null} @ https://phbidlautdemo.prahu-hub.com/_resources/themes/prahutheme/javascript/custom/orderList.js?m=1787972929:427
[   70754ms] [LOG] [Manujo] penerima @ https://phbidlautdemo.prahu-hub.com/_resources/themes/prahutheme/javascript/custom/orderList.js?m=1787972929:648
[   70755ms] [LOG] {ID: 1463, status_order: PENDING, JadwalID: 1868, ID_Order: 20260829-02603, dari_api: null} @ https://phbidlautdemo.prahu-hub.com/_resources/themes/prahutheme/javascript/custom/orderList.js?m=1787972929:427
[   70755ms] [LOG] [Suyanto] penerima @ https://phbidlautdemo.prahu-hub.com/_resources/themes/prahutheme/javascript/custom/orderList.js?m=1787972929:648
[   70756ms] [LOG] {ID: 1462, status_order: PENDING, JadwalID: 1863, ID_Order: 20260829-02602, dari_api: null} @ https://phbidlautdemo.prahu-hub.com/_resources/themes/prahutheme/javascript/custom/orderList.js?m=1787972929:427
[   70756ms] [LOG] [Pras Tujuan] penerima @ https://phbidlautdemo.prahu-hub.com/_resources/themes/prahutheme/javascript/custom/orderList.js?m=1787972929:648
[   70757ms] [LOG] {ID: 1461, status_order: KONFIRMASI_UNIT, JadwalID: 1869, ID_Order: 20260829-06501, dari_api: null} @ https://phbidlautdemo.prahu-hub.com/_resources/themes/prahutheme/javascript/custom/orderList.js?m=1787972929:427
[   70757ms] [LOG] [Manujo] penerima @ https://phbidlautdemo.prahu-hub.com/_resources/themes/prahutheme/javascript/custom/orderList.js?m=1787972929:648
[   70757ms] [LOG] {ID: 1460, status_order: KONFIRMASI_UNIT, JadwalID: 1862, ID_Order: 20260828-06506, dari_api: null} @ https://phbidlautdemo.prahu-hub.com/_resources/themes/prahutheme/javascript/custom/orderList.js?m=1787972929:427
[   70758ms] [LOG] [Manujo] penerima @ https://phbidlautdemo.prahu-hub.com/_resources/themes/prahutheme/javascript/custom/orderList.js?m=1787972929:648
[   70761ms] [LOG] {ID: 1459, status_order: CANCEL, JadwalID: 1846, ID_Order: 20260828-06505, dari_api: null} @ https://phbidlautdemo.prahu-hub.com/_resources/themes/prahutheme/javascript/custom/orderList.js?m=1787972929:427
[   70762ms] [LOG] [Manujo] penerima @ https://phbidlautdemo.prahu-hub.com/_resources/themes/prahutheme/javascript/custom/orderList.js?m=1787972929:648
[   70762ms] [LOG] {ID: 1458, status_order: KONFIRMASI_UNIT, JadwalID: 1846, ID_Order: 20260828-06504, dari_api: null} @ https://phbidlautdemo.prahu-hub.com/_resources/themes/prahutheme/javascript/custom/orderList.js?m=1787972929:427
[   70762ms] [LOG] [Manujo] penerima @ https://phbidlautdemo.prahu-hub.com/_resources/themes/prahutheme/javascript/custom/orderList.js?m=1787972929:648
[   70763ms] [LOG] {ID: 1457, status_order: PACKING_LIST, JadwalID: 1848, ID_Order: 20260828-08503, dari_api: null} @ https://phbidlautdemo.prahu-hub.com/_resources/themes/prahutheme/javascript/custom/orderList.js?m=1787972929:427
[   70763ms] [LOG] [050505500] penerima @ https://phbidlautdemo.prahu-hub.com/_resources/themes/prahutheme/javascript/custom/orderList.js?m=1787972929:648
[   70764ms] [LOG] {ID: 1456, status_order: DONE, JadwalID: 1853, ID_Order: 20260828-02602, dari_api: null} @ https://phbidlautdemo.prahu-hub.com/_resources/themes/prahutheme/javascript/custom/orderList.js?m=1787972929:427
[   70765ms] [LOG] [Pras Tujuan] penerima @ https://phbidlautdemo.prahu-hub.com/_resources/themes/prahutheme/javascript/custom/orderList.js?m=1787972929:648
[   70766ms] [LOG] {ID: 1455, status_order: DONE, JadwalID: 1848, ID_Order: 20260828-08501, dari_api: null} @ https://phbidlautdemo.prahu-hub.com/_resources/themes/prahutheme/javascript/custom/orderList.js?m=1787972929:427
[   70767ms] [LOG] [050505500] penerima @ https://phbidlautdemo.prahu-hub.com/_resources/themes/prahutheme/javascript/custom/orderList.js?m=1787972929:648
[   70768ms] [LOG] {ID: 1454, status_order: SHIPPER_VALIDATED, JadwalID: 1846, ID_Order: 20260827-06503, dari_api: null} @ https://phbidlautdemo.prahu-hub.com/_resources/themes/prahutheme/javascript/custom/orderList.js?m=1787972929:427
[   70769ms] [LOG] [Manujo] penerima @ https://phbidlautdemo.prahu-hub.com/_resources/themes/prahutheme/javascript/custom/orderList.js?m=1787972929:648
[   70769ms] [LOG] {ID: 1453, status_order: DONE, JadwalID: 1846, ID_Order: 20260827-06502, dari_api: null} @ https://phbidlautdemo.prahu-hub.com/_resources/themes/prahutheme/javascript/custom/orderList.js?m=1787972929:427
[   70769ms] [LOG] [Manujo] penerima @ https://phbidlautdemo.prahu-hub.com/_resources/themes/prahutheme/javascript/custom/orderList.js?m=1787972929:648
[   70771ms] [LOG] {ID: 1452, status_order: DONE, JadwalID: 1844, ID_Order: 20260827-06501, dari_api: null} @ https://phbidlautdemo.prahu-hub.com/_resources/themes/prahutheme/javascript/custom/orderList.js?m=1787972929:427
[   70773ms] [LOG] [Ik Bitung] penerima @ https://phbidlautdemo.prahu-hub.com/_resources/themes/prahutheme/javascript/custom/orderList.js?m=1787972929:648
[   70774ms] [LOG] {ID: 1451, status_order: DONE, JadwalID: 1845, ID_Order: 20260826-06507, dari_api: null} @ https://phbidlautdemo.prahu-hub.com/_resources/themes/prahutheme/javascript/custom/orderList.js?m=1787972929:427
[   70774ms] [LOG] [Ik Bitung] penerima @ https://phbidlautdemo.prahu-hub.com/_resources/themes/prahutheme/javascript/custom/orderList.js?m=1787972929:648
[   70775ms] [LOG] {ID: 1450, status_order: PENDING, JadwalID: 1844, ID_Order: 20260826-06506, dari_api: null} @ https://phbidlautdemo.prahu-hub.com/_resources/themes/prahutheme/javascript/custom/orderList.js?m=1787972929:427
[   70775ms] [LOG] [Ik Bitung] penerima @ https://phbidlautdemo.prahu-hub.com/_resources/themes/prahutheme/javascript/custom/orderList.js?m=1787972929:648
[   70777ms] [LOG] {ID: 1449, status_order: DONE, JadwalID: 1839, ID_Order: 20260826-06505, dari_api: null} @ https://phbidlautdemo.prahu-hub.com/_resources/themes/prahutheme/javascript/custom/orderList.js?m=1787972929:427
[   70778ms] [LOG] [Ik Bitung] penerima @ https://phbidlautdemo.prahu-hub.com/_resources/themes/prahutheme/javascript/custom/orderList.js?m=1787972929:648
[   70779ms] [LOG] {ID: 1448, status_order: DONE, JadwalID: 1851, ID_Order: 20260826-06504, dari_api: null} @ https://phbidlautdemo.prahu-hub.com/_resources/themes/prahutheme/javascript/custom/orderList.js?m=1787972929:427
[   70780ms] [LOG] [Ik Bitung] penerima @ https://phbidlautdemo.prahu-hub.com/_resources/themes/prahutheme/javascript/custom/orderList.js?m=1787972929:648
[   70780ms] [LOG] {ID: 1447, status_order: DONE, JadwalID: 1839, ID_Order: 20260826-06503, dari_api: null} @ https://phbidlautdemo.prahu-hub.com/_resources/themes/prahutheme/javascript/custom/orderList.js?m=1787972929:427
[   70781ms] [LOG] [Ik Bitung] penerima @ https://phbidlautdemo.prahu-hub.com/_resources/themes/prahutheme/javascript/custom/orderList.js?m=1787972929:648
[   70781ms] [LOG] {ID: 1446, status_order: DONE, JadwalID: 1839, ID_Order: 20260826-06502, dari_api: null} @ https://phbidlautdemo.prahu-hub.com/_resources/themes/prahutheme/javascript/custom/orderList.js?m=1787972929:427
[   70782ms] [LOG] [Ik Bitung] penerima @ https://phbidlautdemo.prahu-hub.com/_resources/themes/prahutheme/javascript/custom/orderList.js?m=1787972929:648
[   70782ms] [LOG] {ID: 1445, status_order: DONE, JadwalID: 1839, ID_Order: 20260826-06501, dari_api: null} @ https://phbidlautdemo.prahu-hub.com/_resources/themes/prahutheme/javascript/custom/orderList.js?m=1787972929:427
[   70783ms] [LOG] [Ik Bitung] penerima @ https://phbidlautdemo.prahu-hub.com/_resources/themes/prahutheme/javascript/custom/orderList.js?m=1787972929:648
[   70815ms] [LOG] [Object, Object, Object, Object, Object, Object, Object, Object, Object, Object, Object, Object, Object, Object, Object, Object, Object, Object, Object, Object] @ https://phbidlautdemo.prahu-hub.com/_resources/themes/prahutheme/javascript/custom/orderList.js?m=1787972929:40
[   70816ms] [LOG] {ID: 1464, status_order: PACKING_LIST, JadwalID: 1872, ID_Order: 20260829-06504, dari_api: null} @ https://phbidlautdemo.prahu-hub.com/_resources/themes/prahutheme/javascript/custom/orderList.js?m=1787972929:46
[   70816ms] [LOG] [Manujo] penerima @ https://phbidlautdemo.prahu-hub.com/_resources/themes/prahutheme/javascript/custom/orderList.js?m=1787972929:261
[   70817ms] [LOG] {ID: 1463, status_order: PENDING, JadwalID: 1868, ID_Order: 20260829-02603, dari_api: null} @ https://phbidlautdemo.prahu-hub.com/_resources/themes/prahutheme/javascript/custom/orderList.js?m=1787972929:46
[   70817ms] [LOG] [Suyanto] penerima @ https://phbidlautdemo.prahu-hub.com/_resources/themes/prahutheme/javascript/custom/orderList.js?m=1787972929:261
[   70818ms] [LOG] {ID: 1462, status_order: PENDING, JadwalID: 1863, ID_Order: 20260829-02602, dari_api: null} @ https://phbidlautdemo.prahu-hub.com/_resources/themes/prahutheme/javascript/custom/orderList.js?m=1787972929:46
[   70818ms] [LOG] [Pras Tujuan] penerima @ https://phbidlautdemo.prahu-hub.com/_resources/themes/prahutheme/javascript/custom/orderList.js?m=1787972929:261
[   70818ms] [LOG] {ID: 1461, status_order: KONFIRMASI_UNIT, JadwalID: 1869, ID_Order: 20260829-06501, dari_api: null} @ https://phbidlautdemo.prahu-hub.com/_resources/themes/prahutheme/javascript/custom/orderList.js?m=1787972929:46
[   70819ms] [LOG] [Manujo] penerima @ https://phbidlautdemo.prahu-hub.com/_resources/themes/prahutheme/javascript/custom/orderList.js?m=1787972929:261
[   70819ms] [LOG] {ID: 1460, status_order: KONFIRMASI_UNIT, JadwalID: 1862, ID_Order: 20260828-06506, dari_api: null} @ https://phbidlautdemo.prahu-hub.com/_resources/themes/prahutheme/javascript/custom/orderList.js?m=1787972929:46
[   70819ms] [LOG] [Manujo] penerima @ https://phbidlautdemo.prahu-hub.com/_resources/themes/prahutheme/javascript/custom/orderList.js?m=1787972929:261
[   70820ms] [LOG] {ID: 1459, status_order: CANCEL, JadwalID: 1846, ID_Order: 20260828-06505, dari_api: null} @ https://phbidlautdemo.prahu-hub.com/_resources/themes/prahutheme/javascript/custom/orderList.js?m=1787972929:46
[   70820ms] [LOG] [Manujo] penerima @ https://phbidlautdemo.prahu-hub.com/_resources/themes/prahutheme/javascript/custom/orderList.js?m=1787972929:261
[   70821ms] [LOG] {ID: 1458, status_order: KONFIRMASI_UNIT, JadwalID: 1846, ID_Order: 20260828-06504, dari_api: null} @ https://phbidlautdemo.prahu-hub.com/_resources/themes/prahutheme/javascript/custom/orderList.js?m=1787972929:46
[   70821ms] [LOG] [Manujo] penerima @ https://phbidlautdemo.prahu-hub.com/_resources/themes/prahutheme/javascript/custom/orderList.js?m=1787972929:261
[   70822ms] [LOG] {ID: 1457, status_order: PACKING_LIST, JadwalID: 1848, ID_Order: 20260828-08503, dari_api: null} @ https://phbidlautdemo.prahu-hub.com/_resources/themes/prahutheme/javascript/custom/orderList.js?m=1787972929:46
[   70822ms] [LOG] [050505500] penerima @ https://phbidlautdemo.prahu-hub.com/_resources/themes/prahutheme/javascript/custom/orderList.js?m=1787972929:261
[   70822ms] [LOG] {ID: 1456, status_order: DONE, JadwalID: 1853, ID_Order: 20260828-02602, dari_api: null} @ https://phbidlautdemo.prahu-hub.com/_resources/themes/prahutheme/javascript/custom/orderList.js?m=1787972929:46
[   70823ms] [LOG] [Pras Tujuan] penerima @ https://phbidlautdemo.prahu-hub.com/_resources/themes/prahutheme/javascript/custom/orderList.js?m=1787972929:261
[   70823ms] [LOG] {ID: 1455, status_order: DONE, JadwalID: 1848, ID_Order: 20260828-08501, dari_api: null} @ https://phbidlautdemo.prahu-hub.com/_resources/themes/prahutheme/javascript/custom/orderList.js?m=1787972929:46
[   70824ms] [LOG] [050505500] penerima @ https://phbidlautdemo.prahu-hub.com/_resources/themes/prahutheme/javascript/custom/orderList.js?m=1787972929:261
[   70824ms] [LOG] {ID: 1454, status_order: SHIPPER_VALIDATED, JadwalID: 1846, ID_Order: 20260827-06503, dari_api: null} @ https://phbidlautdemo.prahu-hub.com/_resources/themes/prahutheme/javascript/custom/orderList.js?m=1787972929:46
[   70824ms] [LOG] [Manujo] penerima @ https://phbidlautdemo.prahu-hub.com/_resources/themes/prahutheme/javascript/custom/orderList.js?m=1787972929:261
[   70824ms] [LOG] {ID: 1453, status_order: DONE, JadwalID: 1846, ID_Order: 20260827-06502, dari_api: null} @ https://phbidlautdemo.prahu-hub.com/_resources/themes/prahutheme/javascript/custom/orderList.js?m=1787972929:46
[   70825ms] [LOG] [Manujo] penerima @ https://phbidlautdemo.prahu-hub.com/_resources/themes/prahutheme/javascript/custom/orderList.js?m=1787972929:261
[   70825ms] [LOG] {ID: 1452, status_order: DONE, JadwalID: 1844, ID_Order: 20260827-06501, dari_api: null} @ https://phbidlautdemo.prahu-hub.com/_resources/themes/prahutheme/javascript/custom/orderList.js?m=1787972929:46
[   70825ms] [LOG] [Ik Bitung] penerima @ https://phbidlautdemo.prahu-hub.com/_resources/themes/prahutheme/javascript/custom/orderList.js?m=1787972929:261
[   70826ms] [LOG] {ID: 1451, status_order: DONE, JadwalID: 1845, ID_Order: 20260826-06507, dari_api: null} @ https://phbidlautdemo.prahu-hub.com/_resources/themes/prahutheme/javascript/custom/orderList.js?m=1787972929:46
[   70826ms] [LOG] [Ik Bitung] penerima @ https://phbidlautdemo.prahu-hub.com/_resources/themes/prahutheme/javascript/custom/orderList.js?m=1787972929:261
[   70827ms] [LOG] {ID: 1450, status_order: PENDING, JadwalID: 1844, ID_Order: 20260826-06506, dari_api: null} @ https://phbidlautdemo.prahu-hub.com/_resources/themes/prahutheme/javascript/custom/orderList.js?m=1787972929:46
[   70827ms] [LOG] [Ik Bitung] penerima @ https://phbidlautdemo.prahu-hub.com/_resources/themes/prahutheme/javascript/custom/orderList.js?m=1787972929:261
[   70828ms] [LOG] {ID: 1449, status_order: DONE, JadwalID: 1839, ID_Order: 20260826-06505, dari_api: null} @ https://phbidlautdemo.prahu-hub.com/_resources/themes/prahutheme/javascript/custom/orderList.js?m=1787972929:46
[   70828ms] [LOG] [Ik Bitung] penerima @ https://phbidlautdemo.prahu-hub.com/_resources/themes/prahutheme/javascript/custom/orderList.js?m=1787972929:261
[   70828ms] [LOG] {ID: 1448, status_order: DONE, JadwalID: 1851, ID_Order: 20260826-06504, dari_api: null} @ https://phbidlautdemo.prahu-hub.com/_resources/themes/prahutheme/javascript/custom/orderList.js?m=1787972929:46
[   70829ms] [LOG] [Ik Bitung] penerima @ https://phbidlautdemo.prahu-hub.com/_resources/themes/prahutheme/javascript/custom/orderList.js?m=1787972929:261
[   70829ms] [LOG] {ID: 1447, status_order: DONE, JadwalID: 1839, ID_Order: 20260826-06503, dari_api: null} @ https://phbidlautdemo.prahu-hub.com/_resources/themes/prahutheme/javascript/custom/orderList.js?m=1787972929:46
[   70829ms] [LOG] [Ik Bitung] penerima @ https://phbidlautdemo.prahu-hub.com/_resources/themes/prahutheme/javascript/custom/orderList.js?m=1787972929:261
[   70830ms] [LOG] {ID: 1446, status_order: DONE, JadwalID: 1839, ID_Order: 20260826-06502, dari_api: null} @ https://phbidlautdemo.prahu-hub.com/_resources/themes/prahutheme/javascript/custom/orderList.js?m=1787972929:46
[   70830ms] [LOG] [Ik Bitung] penerima @ https://phbidlautdemo.prahu-hub.com/_resources/themes/prahutheme/javascript/custom/orderList.js?m=1787972929:261
[   70830ms] [LOG] {ID: 1445, status_order: DONE, JadwalID: 1839, ID_Order: 20260826-06501, dari_api: null} @ https://phbidlautdemo.prahu-hub.com/_resources/themes/prahutheme/javascript/custom/orderList.js?m=1787972929:46
[   70831ms] [LOG] [Ik Bitung] penerima @ https://phbidlautdemo.prahu-hub.com/_resources/themes/prahutheme/javascript/custom/orderList.js?m=1787972929:261
[   70852ms] [LOG] 1452 @ https://phbidlautdemo.prahu-hub.com/_resources/themes/prahutheme/javascript/custom/orderList.js?m=1787972929:916
[   70853ms] [LOG] 1452 countView1 1 pageNow 20 limitView1 @ https://phbidlautdemo.prahu-hub.com/_resources/themes/prahutheme/javascript/custom/orderList.js?m=1787972929:918
[   70853ms] [LOG] 20 @ https://phbidlautdemo.prahu-hub.com/_resources/themes/prahutheme/javascript/custom/orderList.js?m=1787972929:924
[   70854ms] [LOG] 1452 jumlah data @ https://phbidlautdemo.prahu-hub.com/_resources/themes/prahutheme/javascript/custom/orderList.js?m=1787972929:879
[   70854ms] [LOG] 73 @ https://phbidlautdemo.prahu-hub.com/_resources/themes/prahutheme/javascript/custom/orderList.js?m=1787972929:881
[   70854ms] [LOG] 73 1 pageCount & pageNow @ https://phbidlautdemo.prahu-hub.com/_resources/themes/prahutheme/javascript/custom/orderList.js?m=1787972929:810
[   70856ms] [LOG] 200 xhrglobal @ https://phbidlautdemo.prahu-hub.com/order/orderlist:8571
[   70950ms] [LOG] 200 xhrglobal @ https://phbidlautdemo.prahu-hub.com/order/orderlist:8571
[   70959ms] [LOG] 200 xhrglobal @ https://phbidlautdemo.prahu-hub.com/order/orderlist:8571
[  103951ms] Cannot use import statement outside a module
[  103968ms] ReferenceError: Chart is not defined
    at https://phbidlautdemo.prahu-hub.com/_resources/themes/prahutheme/js/scripts-init/charts/chartjs.js:8:13
[  104561ms] Unexpected token '<'
[  104565ms] Unexpected token '<'
[  104731ms] [LOG] Daftar Ordernamanya @ https://phbidlautdemo.prahu-hub.com/order/orderdetail/MHZROHFLSlBlKyswU0p3SlpBRm5Idz09:2039
[  104753ms] [LOG] undefined @ https://phbidlautdemo.prahu-hub.com/order/orderdetail/MHZROHFLSlBlKyswU0p3SlpBRm5Idz09:7961
[  104753ms] [LOG] undefined @ https://phbidlautdemo.prahu-hub.com/order/orderdetail/MHZROHFLSlBlKyswU0p3SlpBRm5Idz09:7961
[  104753ms] [LOG] undefined @ https://phbidlautdemo.prahu-hub.com/order/orderdetail/MHZROHFLSlBlKyswU0p3SlpBRm5Idz09:7961
[  104753ms] [LOG] undefined @ https://phbidlautdemo.prahu-hub.com/order/orderdetail/MHZROHFLSlBlKyswU0p3SlpBRm5Idz09:7961
[  104754ms] [LOG] WebSocket connection @ https://phbidlautdemo.prahu-hub.com/order/orderdetail/MHZROHFLSlBlKyswU0p3SlpBRm5Idz09:8004
[  104755ms] [LOG] WebSocket connection attempting... @ https://phbidlautdemo.prahu-hub.com/order/orderdetail/MHZROHFLSlBlKyswU0p3SlpBRm5Idz09:8082
[  105029ms] [LOG] WebSocket connected @ https://phbidlautdemo.prahu-hub.com/order/orderdetail/MHZROHFLSlBlKyswU0p3SlpBRm5Idz09:8013
[  105031ms] [LOG] update_dashboard_order_laut @ https://phbidlautdemo.prahu-hub.com/order/orderdetail/MHZROHFLSlBlKyswU0p3SlpBRm5Idz09:8054
[  105094ms] [LOG] Connected @ https://phbidlautdemo.prahu-hub.com/order/orderdetail/MHZROHFLSlBlKyswU0p3SlpBRm5Idz09:8054
[  105217ms] [LOG] 200 xhrglobal @ https://phbidlautdemo.prahu-hub.com/order/orderdetail/MHZROHFLSlBlKyswU0p3SlpBRm5Idz09:7935
[  105264ms] [LOG] 200 xhrglobal @ https://phbidlautdemo.prahu-hub.com/order/orderdetail/MHZROHFLSlBlKyswU0p3SlpBRm5Idz09:7935
[  106748ms] TypeError: $(...).DataTable is not a function
    at https://phbidlautdemo.prahu-hub.com/_resources/themes/prahutheme/js/scripts-init/tables.js:7:23
[  109408ms] Cannot use import statement outside a module
[  109450ms] ReferenceError: Chart is not defined
    at https://phbidlautdemo.prahu-hub.com/_resources/themes/prahutheme/js/scripts-init/charts/chartjs.js:8:13
[  109645ms] Unexpected token '<'
[  109952ms] Unexpected token '<'
[  110027ms] Uncaught TypeError: expect element to be DOM Element, but got null
    at n.init (https://cdnjs.cloudflare.com/ajax/libs/smooth-scrollbar/8.5.2/smooth-scrollbar.js:24:264)
    at <anonymous> (https://phbidlautdemo.prahu-hub.com/order/historyupdateorder/MHZROHFLSlBlKyswU0p3SlpBRm5Idz09:5157:14)
[  110047ms] [LOG] Daftar Ordernamanya @ https://phbidlautdemo.prahu-hub.com/order/historyupdateorder/MHZROHFLSlBlKyswU0p3SlpBRm5Idz09:2039
[  110055ms] [LOG] WebSocket connection @ https://phbidlautdemo.prahu-hub.com/order/historyupdateorder/MHZROHFLSlBlKyswU0p3SlpBRm5Idz09:5553
[  110056ms] [LOG] WebSocket connection attempting... @ https://phbidlautdemo.prahu-hub.com/order/historyupdateorder/MHZROHFLSlBlKyswU0p3SlpBRm5Idz09:5631
[  110193ms] [LOG] WebSocket connected @ https://phbidlautdemo.prahu-hub.com/order/historyupdateorder/MHZROHFLSlBlKyswU0p3SlpBRm5Idz09:5562
[  110199ms] [LOG] update_dashboard_order_laut @ https://phbidlautdemo.prahu-hub.com/order/historyupdateorder/MHZROHFLSlBlKyswU0p3SlpBRm5Idz09:5603
[  110228ms] [LOG] Connected @ https://phbidlautdemo.prahu-hub.com/order/historyupdateorder/MHZROHFLSlBlKyswU0p3SlpBRm5Idz09:5603
[  110510ms] [LOG] 200 xhrglobal @ https://phbidlautdemo.prahu-hub.com/order/historyupdateorder/MHZROHFLSlBlKyswU0p3SlpBRm5Idz09:5484
[  110565ms] [LOG] 200 xhrglobal @ https://phbidlautdemo.prahu-hub.com/order/historyupdateorder/MHZROHFLSlBlKyswU0p3SlpBRm5Idz09:5484
[  112056ms] TypeError: $(...).DataTable is not a function
    at https://phbidlautdemo.prahu-hub.com/_resources/themes/prahutheme/js/scripts-init/tables.js:7:23
[  131152ms] [LOG] Connected @ https://phbidlautdemo.prahu-hub.com/order/historyupdateorder/MHZROHFLSlBlKyswU0p3SlpBRm5Idz09:5603
[  157400ms] [LOG] Connected @ https://phbidlautdemo.prahu-hub.com/order/historyupdateorder/MHZROHFLSlBlKyswU0p3SlpBRm5Idz09:5603
[  167519ms] [LOG] Connected @ https://phbidlautdemo.prahu-hub.com/order/historyupdateorder/MHZROHFLSlBlKyswU0p3SlpBRm5Idz09:5603
[  179484ms] [LOG] Connected @ https://phbidlautdemo.prahu-hub.com/order/historyupdateorder/MHZROHFLSlBlKyswU0p3SlpBRm5Idz09:5603
