[    1833ms] Cannot use import statement outside a module
[    1865ms] ReferenceError: Chart is not defined
    at https://phbidlautdemo.prahu-hub.com/_resources/themes/prahutheme/js/scripts-init/charts/chartjs.js:8:13
[    1929ms] Unexpected token '<'
[    2071ms] Unexpected token '<'
[    2255ms] [LOG] Daftar Ordernamanya @ https://phbidlautdemo.prahu-hub.com/order/orderdetail/dmVSUnFiaGxwdU9oYjJnZHhEY0cyUT09:1755
[    2292ms] [LOG] undefined @ https://phbidlautdemo.prahu-hub.com/order/orderdetail/dmVSUnFiaGxwdU9oYjJnZHhEY0cyUT09:8213
[    2293ms] [LOG] undefined @ https://phbidlautdemo.prahu-hub.com/order/orderdetail/dmVSUnFiaGxwdU9oYjJnZHhEY0cyUT09:8213
[    2293ms] [LOG] undefined @ https://phbidlautdemo.prahu-hub.com/order/orderdetail/dmVSUnFiaGxwdU9oYjJnZHhEY0cyUT09:8213
[    2293ms] [LOG] undefined @ https://phbidlautdemo.prahu-hub.com/order/orderdetail/dmVSUnFiaGxwdU9oYjJnZHhEY0cyUT09:8213
[    2296ms] [LOG] WebSocket connection @ https://phbidlautdemo.prahu-hub.com/order/orderdetail/dmVSUnFiaGxwdU9oYjJnZHhEY0cyUT09:8256
[    2297ms] [LOG] WebSocket connection attempting... @ https://phbidlautdemo.prahu-hub.com/order/orderdetail/dmVSUnFiaGxwdU9oYjJnZHhEY0cyUT09:8334
[    2497ms] [LOG] WebSocket connected @ https://phbidlautdemo.prahu-hub.com/order/orderdetail/dmVSUnFiaGxwdU9oYjJnZHhEY0cyUT09:8265
[    2536ms] [LOG] update_dashboard_order_laut @ https://phbidlautdemo.prahu-hub.com/order/orderdetail/dmVSUnFiaGxwdU9oYjJnZHhEY0cyUT09:8306
[    2551ms] [LOG] Connected @ https://phbidlautdemo.prahu-hub.com/order/orderdetail/dmVSUnFiaGxwdU9oYjJnZHhEY0cyUT09:8306
[    2846ms] [LOG] 200 xhrglobal @ https://phbidlautdemo.prahu-hub.com/order/orderdetail/dmVSUnFiaGxwdU9oYjJnZHhEY0cyUT09:8187
[    2849ms] [LOG] 200 xhrglobal @ https://phbidlautdemo.prahu-hub.com/order/orderdetail/dmVSUnFiaGxwdU9oYjJnZHhEY0cyUT09:8187
[    4268ms] TypeError: $(...).DataTable is not a function
    at https://phbidlautdemo.prahu-hub.com/_resources/themes/prahutheme/js/scripts-init/tables.js:7:23
[   31991ms] [LOG] Connected @ https://phbidlautdemo.prahu-hub.com/order/orderdetail/dmVSUnFiaGxwdU9oYjJnZHhEY0cyUT09:8306
[   41120ms] [LOG] Connected @ https://phbidlautdemo.prahu-hub.com/order/orderdetail/dmVSUnFiaGxwdU9oYjJnZHhEY0cyUT09:8306
[   71981ms] [LOG] Connected @ https://phbidlautdemo.prahu-hub.com/order/orderdetail/dmVSUnFiaGxwdU9oYjJnZHhEY0cyUT09:8306
[   83308ms] [LOG] Connected @ https://phbidlautdemo.prahu-hub.com/order/orderdetail/dmVSUnFiaGxwdU9oYjJnZHhEY0cyUT09:8306
[   91647ms] [LOG] Connected @ https://phbidlautdemo.prahu-hub.com/order/orderdetail/dmVSUnFiaGxwdU9oYjJnZHhEY0cyUT09:8306
[  100845ms] [LOG] Connected @ https://phbidlautdemo.prahu-hub.com/order/orderdetail/dmVSUnFiaGxwdU9oYjJnZHhEY0cyUT09:8306
[  124130ms] [LOG] Connected @ https://phbidlautdemo.prahu-hub.com/order/orderdetail/dmVSUnFiaGxwdU9oYjJnZHhEY0cyUT09:8306
[  133917ms] [LOG] Connected @ https://phbidlautdemo.prahu-hub.com/order/orderdetail/dmVSUnFiaGxwdU9oYjJnZHhEY0cyUT09:8306
[  158134ms] [LOG] Connected @ https://phbidlautdemo.prahu-hub.com/order/orderdetail/dmVSUnFiaGxwdU9oYjJnZHhEY0cyUT09:8306
[  188223ms] [LOG] Connected @ https://phbidlautdemo.prahu-hub.com/order/orderdetail/dmVSUnFiaGxwdU9oYjJnZHhEY0cyUT09:8306
[  198254ms] [LOG] Connected @ https://phbidlautdemo.prahu-hub.com/order/orderdetail/dmVSUnFiaGxwdU9oYjJnZHhEY0cyUT09:8306
[  207673ms] [LOG] Connected @ https://phbidlautdemo.prahu-hub.com/order/orderdetail/dmVSUnFiaGxwdU9oYjJnZHhEY0cyUT09:8306
[  217168ms] [LOG] Connected @ https://phbidlautdemo.prahu-hub.com/order/orderdetail/dmVSUnFiaGxwdU9oYjJnZHhEY0cyUT09:8306
[  244739ms] [LOG] Connected @ https://phbidlautdemo.prahu-hub.com/order/orderdetail/dmVSUnFiaGxwdU9oYjJnZHhEY0cyUT09:8306
[  256406ms] [LOG] Connected @ https://phbidlautdemo.prahu-hub.com/order/orderdetail/dmVSUnFiaGxwdU9oYjJnZHhEY0cyUT09:8306
