[     -36ms] [LOG] Connected @ https://phbidlautdemo.prahu-hub.com/lelang/listlelang?tab=semua-lelang:6636
[      79ms] [LOG] [Object, Object, Object, Object, Object, Object, Object, Object, Object, Object, Object, Object, Object, Object, Object, Object, Object, Object, Object, Object] @ https://phbidlautdemo.prahu-hub.com/_resources/themes/prahutheme/javascript/custom/listLelang.js?m=1788319233:14
[      83ms] [LOG] 1094 @ https://phbidlautdemo.prahu-hub.com/_resources/themes/prahutheme/javascript/custom/listLelang.js?m=1788319233:818
[      83ms] [LOG] 1094 countView1 1 pageNow 20 limitView1 @ https://phbidlautdemo.prahu-hub.com/_resources/themes/prahutheme/javascript/custom/listLelang.js?m=1788319233:820
[      84ms] [LOG] 20 @ https://phbidlautdemo.prahu-hub.com/_resources/themes/prahutheme/javascript/custom/listLelang.js?m=1788319233:826
[      84ms] [LOG] 1094 jumlah data @ https://phbidlautdemo.prahu-hub.com/_resources/themes/prahutheme/javascript/custom/listLelang.js?m=1788319233:779
[      84ms] [LOG] 55 @ https://phbidlautdemo.prahu-hub.com/_resources/themes/prahutheme/javascript/custom/listLelang.js?m=1788319233:781
[      84ms] [LOG] 55 1 pageCount & pageNow @ https://phbidlautdemo.prahu-hub.com/_resources/themes/prahutheme/javascript/custom/listLelang.js?m=1788319233:704
[      87ms] [LOG] 200 xhrglobal @ https://phbidlautdemo.prahu-hub.com/lelang/listlelang?tab=semua-lelang:6517
[     114ms] ReferenceError: renderTooltipHarga is not defined
    at https://phbidlautdemo.prahu-hub.com/_resources/themes/prahutheme/javascript/custom/listLelang.js?m=1788319233:1049:9
[     199ms] [LOG] 200 xhrglobal @ https://phbidlautdemo.prahu-hub.com/lelang/listlelang?tab=semua-lelang:6517
[     259ms] [LOG] 200 xhrglobal @ https://phbidlautdemo.prahu-hub.com/lelang/listlelang?tab=semua-lelang:6517
[    1405ms] Cannot use import statement outside a module
[    1440ms] ReferenceError: Chart is not defined
    at https://phbidlautdemo.prahu-hub.com/_resources/themes/prahutheme/js/scripts-init/charts/chartjs.js:8:13
[    1442ms] Unexpected token '<'
[    1444ms] Unexpected token '<'
[    1476ms] Uncaught TypeError: expect element to be DOM Element, but got null
    at n.init (https://cdnjs.cloudflare.com/ajax/libs/smooth-scrollbar/8.5.2/smooth-scrollbar.js:24:264)
    at <anonymous> (https://phbidlautdemo.prahu-hub.com/order/buatinvoice/1453:6614:14)
[    1495ms] [LOG] Daftar Ordernamanya @ https://phbidlautdemo.prahu-hub.com/order/buatinvoice/1453:2039
[    1530ms] [LOG] nilai_diskon 0 @ https://phbidlautdemo.prahu-hub.com/order/buatinvoice/1453:5762
[    1530ms] [LOG] 440444.884 @ https://phbidlautdemo.prahu-hub.com/order/buatinvoice/1453:5763
[    1531ms] [LOG] nilai_diskon 0 @ https://phbidlautdemo.prahu-hub.com/order/buatinvoice/1453:5762
[    1532ms] [LOG] 440444.004 @ https://phbidlautdemo.prahu-hub.com/order/buatinvoice/1453:5763
[    1532ms] [LOG] nilai_diskon 0 @ https://phbidlautdemo.prahu-hub.com/order/buatinvoice/1453:5762
[    1533ms] [LOG] 440444.004 @ https://phbidlautdemo.prahu-hub.com/order/buatinvoice/1453:5763
[    1533ms] [LOG] nilai_diskon 0 @ https://phbidlautdemo.prahu-hub.com/order/buatinvoice/1453:5762
[    1533ms] [LOG] 440444.004 @ https://phbidlautdemo.prahu-hub.com/order/buatinvoice/1453:5763
[    1548ms] [LOG] undefined @ https://phbidlautdemo.prahu-hub.com/order/buatinvoice/1453:6967
[    1548ms] [LOG] undefined @ https://phbidlautdemo.prahu-hub.com/order/buatinvoice/1453:6967
[    1548ms] [LOG] undefined @ https://phbidlautdemo.prahu-hub.com/order/buatinvoice/1453:6967
[    1548ms] [LOG] Masukkan Nama Perusahaan @ https://phbidlautdemo.prahu-hub.com/order/buatinvoice/1453:6967
[    1549ms] [LOG] Masukkan Nomor Telepon @ https://phbidlautdemo.prahu-hub.com/order/buatinvoice/1453:6967
[    1549ms] [LOG] Masukkan Alamat Email @ https://phbidlautdemo.prahu-hub.com/order/buatinvoice/1453:6967
[    1549ms] [LOG] Masukkan Nama Shipper @ https://phbidlautdemo.prahu-hub.com/order/buatinvoice/1453:6967
[    1549ms] [LOG] Masukkan ID Order @ https://phbidlautdemo.prahu-hub.com/order/buatinvoice/1453:6967
[    1549ms] [LOG] Masukkan Nomor Invoice @ https://phbidlautdemo.prahu-hub.com/order/buatinvoice/1453:6967
[    1549ms] [LOG] DD/MM/YYYY @ https://phbidlautdemo.prahu-hub.com/order/buatinvoice/1453:6967
[    1550ms] [LOG] DD/MM/YYYY @ https://phbidlautdemo.prahu-hub.com/order/buatinvoice/1453:6967
[    1550ms] [LOG] Harga @ https://phbidlautdemo.prahu-hub.com/order/buatinvoice/1453:6967
[    1550ms] [LOG] Harga @ https://phbidlautdemo.prahu-hub.com/order/buatinvoice/1453:6967
[    1550ms] [LOG] 0 @ https://phbidlautdemo.prahu-hub.com/order/buatinvoice/1453:6967
[    1551ms] [LOG] undefined @ https://phbidlautdemo.prahu-hub.com/order/buatinvoice/1453:6967
[    1551ms] [LOG] 0 @ https://phbidlautdemo.prahu-hub.com/order/buatinvoice/1453:6967
[    1551ms] [LOG] undefined @ https://phbidlautdemo.prahu-hub.com/order/buatinvoice/1453:6967
[    1551ms] [LOG] 0 @ https://phbidlautdemo.prahu-hub.com/order/buatinvoice/1453:6967
[    1551ms] [LOG] undefined @ https://phbidlautdemo.prahu-hub.com/order/buatinvoice/1453:6967
[    1551ms] [LOG] undefined @ https://phbidlautdemo.prahu-hub.com/order/buatinvoice/1453:6967
[    1551ms] [LOG] Masukkan Nomor Rekening @ https://phbidlautdemo.prahu-hub.com/order/buatinvoice/1453:6967
[    1552ms] [LOG] Masukkan Nama Bank @ https://phbidlautdemo.prahu-hub.com/order/buatinvoice/1453:6967
[    1552ms] [LOG] Masukkan Nomor Invoice @ https://phbidlautdemo.prahu-hub.com/order/buatinvoice/1453:6967
[    1552ms] [LOG] Masukkan Nomor Rekening @ https://phbidlautdemo.prahu-hub.com/order/buatinvoice/1453:6967
[    1552ms] [LOG] Masukkan Nama Bank @ https://phbidlautdemo.prahu-hub.com/order/buatinvoice/1453:6967
[    1552ms] [LOG] Masukkan Nomor Invoice @ https://phbidlautdemo.prahu-hub.com/order/buatinvoice/1453:6967
[    1552ms] [LOG] undefined @ https://phbidlautdemo.prahu-hub.com/order/buatinvoice/1453:6967
[    1552ms] [LOG] undefined @ https://phbidlautdemo.prahu-hub.com/order/buatinvoice/1453:6967
[    1552ms] [LOG] undefined @ https://phbidlautdemo.prahu-hub.com/order/buatinvoice/1453:6967
[    1553ms] [LOG] WebSocket connection @ https://phbidlautdemo.prahu-hub.com/order/buatinvoice/1453:7010
[    1554ms] [LOG] WebSocket connection attempting... @ https://phbidlautdemo.prahu-hub.com/order/buatinvoice/1453:7088
[    2519ms] [LOG] WebSocket connected @ https://phbidlautdemo.prahu-hub.com/order/buatinvoice/1453:7019
[    2521ms] [LOG] update_dashboard_order_laut @ https://phbidlautdemo.prahu-hub.com/order/buatinvoice/1453:7060
[    2619ms] [LOG] 200 xhrglobal @ https://phbidlautdemo.prahu-hub.com/order/buatinvoice/1453:6941
[    2683ms] [LOG] 200 xhrglobal @ https://phbidlautdemo.prahu-hub.com/order/buatinvoice/1453:6941
[    2836ms] [LOG] Connected @ https://phbidlautdemo.prahu-hub.com/order/buatinvoice/1453:7060
[    3502ms] TypeError: $(...).DataTable is not a function
    at https://phbidlautdemo.prahu-hub.com/_resources/themes/prahutheme/js/scripts-init/tables.js:7:23
[    7890ms] [LOG] Connected @ https://phbidlautdemo.prahu-hub.com/order/buatinvoice/1453:7060
[   12105ms] [LOG] Connected @ https://phbidlautdemo.prahu-hub.com/order/buatinvoice/1453:7060
[   12640ms] [LOG] Connected @ https://phbidlautdemo.prahu-hub.com/order/buatinvoice/1453:7060
[   12655ms] [LOG] Connected @ https://phbidlautdemo.prahu-hub.com/order/buatinvoice/1453:7060
[   12963ms] [LOG] Connected @ https://phbidlautdemo.prahu-hub.com/order/buatinvoice/1453:7060
[   13859ms] [LOG] Connected @ https://phbidlautdemo.prahu-hub.com/order/buatinvoice/1453:7060
[   16891ms] [LOG] Connected @ https://phbidlautdemo.prahu-hub.com/order/buatinvoice/1453:7060
