[    1048ms] [LOG] [Object, Object, Object, Object, Object, Object, Object, Object, Object, Object, Object, Object, Object, Object, Object, Object, Object, Object, Object, Object] @ https://phbidlautdemo.prahu-hub.com/_resources/themes/prahutheme/javascript/custom/listLelang.js?m=1787972929:14
[    1061ms] [LOG] 1092 @ https://phbidlautdemo.prahu-hub.com/_resources/themes/prahutheme/javascript/custom/listLelang.js?m=1787972929:818
[    1061ms] [LOG] 1092 countView1 1 pageNow 20 limitView1 @ https://phbidlautdemo.prahu-hub.com/_resources/themes/prahutheme/javascript/custom/listLelang.js?m=1787972929:820
[    1062ms] [LOG] 20 @ https://phbidlautdemo.prahu-hub.com/_resources/themes/prahutheme/javascript/custom/listLelang.js?m=1787972929:826
[    1063ms] [LOG] 1092 jumlah data @ https://phbidlautdemo.prahu-hub.com/_resources/themes/prahutheme/javascript/custom/listLelang.js?m=1787972929:779
[    1063ms] [LOG] 55 @ https://phbidlautdemo.prahu-hub.com/_resources/themes/prahutheme/javascript/custom/listLelang.js?m=1787972929:781
[    1064ms] [LOG] 55 1 pageCount & pageNow @ https://phbidlautdemo.prahu-hub.com/_resources/themes/prahutheme/javascript/custom/listLelang.js?m=1787972929:704
[    1076ms] [LOG] 200 xhrglobal @ https://phbidlautdemo.prahu-hub.com/lelang/listlelang?tab=semua-lelang:6517
[    1122ms] ReferenceError: renderTooltipHarga is not defined
    at https://phbidlautdemo.prahu-hub.com/_resources/themes/prahutheme/javascript/custom/listLelang.js?m=1787972929:1049:9
[    1150ms] [LOG] 200 xhrglobal @ https://phbidlautdemo.prahu-hub.com/lelang/listlelang?tab=semua-lelang:6517
[    1229ms] [LOG] 200 xhrglobal @ https://phbidlautdemo.prahu-hub.com/lelang/listlelang?tab=semua-lelang:6517
[    2548ms] Cannot use import statement outside a module
[    2575ms] ReferenceError: Chart is not defined
    at https://phbidlautdemo.prahu-hub.com/_resources/themes/prahutheme/js/scripts-init/charts/chartjs.js:8:13
[    2618ms] Unexpected token '<'
[    2805ms] Unexpected token '<'
[    2908ms] Uncaught TypeError: expect element to be DOM Element, but got null
    at n.init (https://cdnjs.cloudflare.com/ajax/libs/smooth-scrollbar/8.5.2/smooth-scrollbar.js:24:264)
    at <anonymous> (https://phbidlautdemo.prahu-hub.com/order/alihkanorder/cE81VTMwcCswa2gzY09EQWtNclJHZz09?idorder=cE81VTMwcCswa2gzY09EQWtNclJHZz09&alihkan=yes&lelang=ZWJxcUswV2tJeDE3dlo1T1BHVXJLUT09:7676:14)
[    2957ms] [LOG] Daftar Ordernamanya @ https://phbidlautdemo.prahu-hub.com/order/alihkanorder/cE81VTMwcCswa2gzY09EQWtNclJHZz09?idorder=cE81VTMwcCswa2gzY09EQWtNclJHZz09&alihkan=yes&lelang=ZWJxcUswV2tJeDE3dlo1T1BHVXJLUT09:2309
[    2985ms] [LOG] undefined @ https://phbidlautdemo.prahu-hub.com/order/alihkanorder/cE81VTMwcCswa2gzY09EQWtNclJHZz09?idorder=cE81VTMwcCswa2gzY09EQWtNclJHZz09&alihkan=yes&lelang=ZWJxcUswV2tJeDE3dlo1T1BHVXJLUT09:8029
[    2985ms] [LOG] undefined @ https://phbidlautdemo.prahu-hub.com/order/alihkanorder/cE81VTMwcCswa2gzY09EQWtNclJHZz09?idorder=cE81VTMwcCswa2gzY09EQWtNclJHZz09&alihkan=yes&lelang=ZWJxcUswV2tJeDE3dlo1T1BHVXJLUT09:8029
[    2985ms] [LOG] undefined @ https://phbidlautdemo.prahu-hub.com/order/alihkanorder/cE81VTMwcCswa2gzY09EQWtNclJHZz09?idorder=cE81VTMwcCswa2gzY09EQWtNclJHZz09&alihkan=yes&lelang=ZWJxcUswV2tJeDE3dlo1T1BHVXJLUT09:8029
[    2985ms] [LOG] undefined @ https://phbidlautdemo.prahu-hub.com/order/alihkanorder/cE81VTMwcCswa2gzY09EQWtNclJHZz09?idorder=cE81VTMwcCswa2gzY09EQWtNclJHZz09&alihkan=yes&lelang=ZWJxcUswV2tJeDE3dlo1T1BHVXJLUT09:8029
[    2985ms] [LOG] undefined @ https://phbidlautdemo.prahu-hub.com/order/alihkanorder/cE81VTMwcCswa2gzY09EQWtNclJHZz09?idorder=cE81VTMwcCswa2gzY09EQWtNclJHZz09&alihkan=yes&lelang=ZWJxcUswV2tJeDE3dlo1T1BHVXJLUT09:8029
[    2986ms] [LOG] undefined @ https://phbidlautdemo.prahu-hub.com/order/alihkanorder/cE81VTMwcCswa2gzY09EQWtNclJHZz09?idorder=cE81VTMwcCswa2gzY09EQWtNclJHZz09&alihkan=yes&lelang=ZWJxcUswV2tJeDE3dlo1T1BHVXJLUT09:8029
[    2986ms] [LOG] undefined @ https://phbidlautdemo.prahu-hub.com/order/alihkanorder/cE81VTMwcCswa2gzY09EQWtNclJHZz09?idorder=cE81VTMwcCswa2gzY09EQWtNclJHZz09&alihkan=yes&lelang=ZWJxcUswV2tJeDE3dlo1T1BHVXJLUT09:8029
[    2986ms] [LOG] undefined @ https://phbidlautdemo.prahu-hub.com/order/alihkanorder/cE81VTMwcCswa2gzY09EQWtNclJHZz09?idorder=cE81VTMwcCswa2gzY09EQWtNclJHZz09&alihkan=yes&lelang=ZWJxcUswV2tJeDE3dlo1T1BHVXJLUT09:8029
[    2986ms] [LOG] DD/MM/YYYY @ https://phbidlautdemo.prahu-hub.com/order/alihkanorder/cE81VTMwcCswa2gzY09EQWtNclJHZz09?idorder=cE81VTMwcCswa2gzY09EQWtNclJHZz09&alihkan=yes&lelang=ZWJxcUswV2tJeDE3dlo1T1BHVXJLUT09:8029
[    2987ms] [LOG] DD/MM/YYYY @ https://phbidlautdemo.prahu-hub.com/order/alihkanorder/cE81VTMwcCswa2gzY09EQWtNclJHZz09?idorder=cE81VTMwcCswa2gzY09EQWtNclJHZz09&alihkan=yes&lelang=ZWJxcUswV2tJeDE3dlo1T1BHVXJLUT09:8029
[    2988ms] [LOG] WebSocket connection @ https://phbidlautdemo.prahu-hub.com/order/alihkanorder/cE81VTMwcCswa2gzY09EQWtNclJHZz09?idorder=cE81VTMwcCswa2gzY09EQWtNclJHZz09&alihkan=yes&lelang=ZWJxcUswV2tJeDE3dlo1T1BHVXJLUT09:8072
[    2988ms] [LOG] WebSocket connection attempting... @ https://phbidlautdemo.prahu-hub.com/order/alihkanorder/cE81VTMwcCswa2gzY09EQWtNclJHZz09?idorder=cE81VTMwcCswa2gzY09EQWtNclJHZz09&alihkan=yes&lelang=ZWJxcUswV2tJeDE3dlo1T1BHVXJLUT09:8150
[    3194ms] [LOG] WebSocket connected @ https://phbidlautdemo.prahu-hub.com/order/alihkanorder/cE81VTMwcCswa2gzY09EQWtNclJHZz09?idorder=cE81VTMwcCswa2gzY09EQWtNclJHZz09&alihkan=yes&lelang=ZWJxcUswV2tJeDE3dlo1T1BHVXJLUT09:8081
[    3197ms] [LOG] update_dashboard_order_laut @ https://phbidlautdemo.prahu-hub.com/order/alihkanorder/cE81VTMwcCswa2gzY09EQWtNclJHZz09?idorder=cE81VTMwcCswa2gzY09EQWtNclJHZz09&alihkan=yes&lelang=ZWJxcUswV2tJeDE3dlo1T1BHVXJLUT09:8122
[    3228ms] [LOG] Connected @ https://phbidlautdemo.prahu-hub.com/order/alihkanorder/cE81VTMwcCswa2gzY09EQWtNclJHZz09?idorder=cE81VTMwcCswa2gzY09EQWtNclJHZz09&alihkan=yes&lelang=ZWJxcUswV2tJeDE3dlo1T1BHVXJLUT09:8122
[    3243ms] [LOG] [Object, Object] @ https://phbidlautdemo.prahu-hub.com/_resources/themes/prahutheme/javascript/custom/hasilPenawaran.js?m=1787972929:14
[    3263ms] [LOG] 2 @ https://phbidlautdemo.prahu-hub.com/_resources/themes/prahutheme/javascript/custom/hasilPenawaran.js?m=1787972929:889
[    3263ms] [LOG] 2 countView1 1 pageNow 20 limitView1 @ https://phbidlautdemo.prahu-hub.com/_resources/themes/prahutheme/javascript/custom/hasilPenawaran.js?m=1787972929:891
[    3264ms] [LOG] 2 @ https://phbidlautdemo.prahu-hub.com/_resources/themes/prahutheme/javascript/custom/hasilPenawaran.js?m=1787972929:902
[    3264ms] [LOG] 2 jumlah data @ https://phbidlautdemo.prahu-hub.com/_resources/themes/prahutheme/javascript/custom/hasilPenawaran.js?m=1787972929:867
[    3264ms] [LOG] 1 @ https://phbidlautdemo.prahu-hub.com/_resources/themes/prahutheme/javascript/custom/hasilPenawaran.js?m=1787972929:869
[    3265ms] [LOG] 1 1 pageCount & pageNow @ https://phbidlautdemo.prahu-hub.com/_resources/themes/prahutheme/javascript/custom/hasilPenawaran.js?m=1787972929:795
[    3266ms] [LOG] 200 xhrglobal @ https://phbidlautdemo.prahu-hub.com/order/alihkanorder/cE81VTMwcCswa2gzY09EQWtNclJHZz09?idorder=cE81VTMwcCswa2gzY09EQWtNclJHZz09&alihkan=yes&lelang=ZWJxcUswV2tJeDE3dlo1T1BHVXJLUT09:8003
[    3375ms] [LOG] 200 xhrglobal @ https://phbidlautdemo.prahu-hub.com/order/alihkanorder/cE81VTMwcCswa2gzY09EQWtNclJHZz09?idorder=cE81VTMwcCswa2gzY09EQWtNclJHZz09&alihkan=yes&lelang=ZWJxcUswV2tJeDE3dlo1T1BHVXJLUT09:8003
[    3438ms] [LOG] 200 xhrglobal @ https://phbidlautdemo.prahu-hub.com/order/alihkanorder/cE81VTMwcCswa2gzY09EQWtNclJHZz09?idorder=cE81VTMwcCswa2gzY09EQWtNclJHZz09&alihkan=yes&lelang=ZWJxcUswV2tJeDE3dlo1T1BHVXJLUT09:8003
[    4972ms] TypeError: $(...).DataTable is not a function
    at https://phbidlautdemo.prahu-hub.com/_resources/themes/prahutheme/js/scripts-init/tables.js:7:23
