[    1268ms] Cannot use import statement outside a module
[    1446ms] ReferenceError: Chart is not defined
    at https://phbidlautdemo.prahu-hub.com/_resources/themes/prahutheme/js/scripts-init/charts/chartjs.js:8:13
[    1453ms] Unexpected token '<'
[    1453ms] Unexpected token '<'
[    1707ms] Uncaught TypeError: expect element to be DOM Element, but got null
    at <anonymous> (https://cdnjs.cloudflare.com/ajax/libs/smooth-scrollbar/8.5.2/smooth-scrollbar.js:24:264)
    at <anonymous> (https://phbidlautdemo.prahu-hub.com/lelang/listlelang?tab=lelang-tutup:6190:14)
[    2006ms] [LOG] Pengajuan Lelangnamanya @ https://phbidlautdemo.prahu-hub.com/lelang/listlelang?tab=lelang-tutup:2040
[    2022ms] [LOG] undefined @ https://phbidlautdemo.prahu-hub.com/lelang/listlelang?tab=lelang-tutup:6543
[    2022ms] [LOG] undefined @ https://phbidlautdemo.prahu-hub.com/lelang/listlelang?tab=lelang-tutup:6543
[    2023ms] [LOG] Masukkan Nomor Lelang @ https://phbidlautdemo.prahu-hub.com/lelang/listlelang?tab=lelang-tutup:6543
[    2023ms] [LOG] DD/MM/YYYY @ https://phbidlautdemo.prahu-hub.com/lelang/listlelang?tab=lelang-tutup:6543
[    2023ms] [LOG] DD/MM/YYYY @ https://phbidlautdemo.prahu-hub.com/lelang/listlelang?tab=lelang-tutup:6543
[    2023ms] [LOG] DD/MM/YYYY @ https://phbidlautdemo.prahu-hub.com/lelang/listlelang?tab=lelang-tutup:6543
[    2024ms] [LOG] DD/MM/YYYY @ https://phbidlautdemo.prahu-hub.com/lelang/listlelang?tab=lelang-tutup:6543
[    2024ms] [LOG] undefined @ https://phbidlautdemo.prahu-hub.com/lelang/listlelang?tab=lelang-tutup:6543
[    2024ms] [LOG] undefined @ https://phbidlautdemo.prahu-hub.com/lelang/listlelang?tab=lelang-tutup:6543
[    2024ms] [LOG] Masukkan Nama Bank @ https://phbidlautdemo.prahu-hub.com/lelang/listlelang?tab=lelang-tutup:6543
[    2024ms] [LOG] undefined @ https://phbidlautdemo.prahu-hub.com/lelang/listlelang?tab=lelang-tutup:6543
[    2025ms] [LOG] WebSocket connection @ https://phbidlautdemo.prahu-hub.com/lelang/listlelang?tab=lelang-tutup:6586
[    2026ms] [LOG] WebSocket connection attempting... @ https://phbidlautdemo.prahu-hub.com/lelang/listlelang?tab=lelang-tutup:6664
[    2473ms] [LOG] WebSocket connected @ https://phbidlautdemo.prahu-hub.com/lelang/listlelang?tab=lelang-tutup:6595
[    2484ms] [LOG] update_dashboard_order_laut @ https://phbidlautdemo.prahu-hub.com/lelang/listlelang?tab=lelang-tutup:6636
[    2513ms] [LOG] Connected @ https://phbidlautdemo.prahu-hub.com/lelang/listlelang?tab=lelang-tutup:6636
[    4022ms] TypeError: $(...).DataTable is not a function
    at https://phbidlautdemo.prahu-hub.com/_resources/themes/prahutheme/js/scripts-init/tables.js:7:23
[    5013ms] [LOG] [Object, Object, Object, Object, Object, Object, Object, Object, Object, Object, Object, Object, Object, Object, Object, Object, Object, Object, Object, Object] @ https://phbidlautdemo.prahu-hub.com/_resources/themes/prahutheme/javascript/custom/listLelang.js?m=1787972929:14
[    5022ms] [LOG] 108 @ https://phbidlautdemo.prahu-hub.com/_resources/themes/prahutheme/javascript/custom/listLelang.js?m=1787972929:818
[    5022ms] [LOG] 108 countView1 1 pageNow 20 limitView1 @ https://phbidlautdemo.prahu-hub.com/_resources/themes/prahutheme/javascript/custom/listLelang.js?m=1787972929:820
[    5023ms] [LOG] 20 @ https://phbidlautdemo.prahu-hub.com/_resources/themes/prahutheme/javascript/custom/listLelang.js?m=1787972929:826
[    5024ms] [LOG] 108 jumlah data @ https://phbidlautdemo.prahu-hub.com/_resources/themes/prahutheme/javascript/custom/listLelang.js?m=1787972929:779
[    5024ms] [LOG] 6 @ https://phbidlautdemo.prahu-hub.com/_resources/themes/prahutheme/javascript/custom/listLelang.js?m=1787972929:781
[    5024ms] [LOG] 6 1 pageCount & pageNow @ https://phbidlautdemo.prahu-hub.com/_resources/themes/prahutheme/javascript/custom/listLelang.js?m=1787972929:704
[    5032ms] [LOG] 200 xhrglobal @ https://phbidlautdemo.prahu-hub.com/lelang/listlelang?tab=lelang-tutup:6517
[    5122ms] ReferenceError: renderTooltipHarga is not defined
    at https://phbidlautdemo.prahu-hub.com/_resources/themes/prahutheme/javascript/custom/listLelang.js?m=1787972929:1049:9
[    5128ms] [LOG] 200 xhrglobal @ https://phbidlautdemo.prahu-hub.com/lelang/listlelang?tab=lelang-tutup:6517
[    5191ms] [LOG] 200 xhrglobal @ https://phbidlautdemo.prahu-hub.com/lelang/listlelang?tab=lelang-tutup:6517
[   19435ms] [LOG] 1089 @ https://phbidlautdemo.prahu-hub.com/_resources/themes/prahutheme/javascript/custom/listLelang.js?m=1787972929:509
[   19548ms] [LOG] 200 xhrglobal @ https://phbidlautdemo.prahu-hub.com/lelang/listlelang?tab=lelang-tutup:6517
[   21048ms] Cannot use import statement outside a module
[   21196ms] ReferenceError: Chart is not defined
    at https://phbidlautdemo.prahu-hub.com/_resources/themes/prahutheme/js/scripts-init/charts/chartjs.js:8:13
[   21198ms] Unexpected token '<'
[   21205ms] Unexpected token '<'
[   21954ms] Uncaught TypeError: expect element to be DOM Element, but got null
    at <anonymous> (https://cdnjs.cloudflare.com/ajax/libs/smooth-scrollbar/8.5.2/smooth-scrollbar.js:24:264)
    at <anonymous> (https://phbidlautdemo.prahu-hub.com/lelang/edit_data_lelang/1089:9320:14)
[   23195ms] [TABLE] {UI version: 8.4.1, Core version: 8.4.0, Build: NC8xMi8yMDIyfDRkZTU3MmExYg==, WebViewer Server: false, Full API: false} @ https://phbidlautdemo.prahu-hub.com/_resources/themes/prahutheme/javascript/PDFView/lib/ui/webviewer-ui.min.js:270
[   23240ms] [LOG] Pengajuan Lelangnamanya @ https://phbidlautdemo.prahu-hub.com/lelang/edit_data_lelang/1089:2039
[   23254ms] [LOG] Sun Aug 30 2026 10:40:57 GMT+0700 (Western Indonesia Time) @ https://phbidlautdemo.prahu-hub.com/lelang/edit_data_lelang/1089:7918
[   23340ms] [LOG] undefined @ https://phbidlautdemo.prahu-hub.com/lelang/edit_data_lelang/1089:9673
[   23341ms] [LOG] undefined @ https://phbidlautdemo.prahu-hub.com/lelang/edit_data_lelang/1089:9673
[   23341ms] [LOG] undefined @ https://phbidlautdemo.prahu-hub.com/lelang/edit_data_lelang/1089:9673
[   23341ms] [LOG] undefined @ https://phbidlautdemo.prahu-hub.com/lelang/edit_data_lelang/1089:9673
[   23341ms] [LOG] undefined @ https://phbidlautdemo.prahu-hub.com/lelang/edit_data_lelang/1089:9673
[   23342ms] [LOG] undefined @ https://phbidlautdemo.prahu-hub.com/lelang/edit_data_lelang/1089:9673
[   23342ms] [LOG] undefined @ https://phbidlautdemo.prahu-hub.com/lelang/edit_data_lelang/1089:9673
[   23342ms] [LOG] undefined @ https://phbidlautdemo.prahu-hub.com/lelang/edit_data_lelang/1089:9673
[   23342ms] [LOG] Masukkan Nomor Lelang @ https://phbidlautdemo.prahu-hub.com/lelang/edit_data_lelang/1089:9673
[   23342ms] [LOG] DD/MM/YYYY hh:mm @ https://phbidlautdemo.prahu-hub.com/lelang/edit_data_lelang/1089:9673
[   23343ms] [LOG] DD/MM/YYYY hh:mm @ https://phbidlautdemo.prahu-hub.com/lelang/edit_data_lelang/1089:9673
[   23343ms] [LOG] DD/MM/YYYY hh:mm @ https://phbidlautdemo.prahu-hub.com/lelang/edit_data_lelang/1089:9673
[   23343ms] [LOG] DD/MM/YYYY hh:mm @ https://phbidlautdemo.prahu-hub.com/lelang/edit_data_lelang/1089:9673
[   23343ms] [LOG] undefined @ https://phbidlautdemo.prahu-hub.com/lelang/edit_data_lelang/1089:9673
[   23344ms] [LOG] undefined @ https://phbidlautdemo.prahu-hub.com/lelang/edit_data_lelang/1089:9673
[   23344ms] [LOG] Masukkan Nama PIC @ https://phbidlautdemo.prahu-hub.com/lelang/edit_data_lelang/1089:9673
[   23344ms] [LOG] Nomor Telp. @ https://phbidlautdemo.prahu-hub.com/lelang/edit_data_lelang/1089:9673
[   23344ms] [LOG] Masukkan Nama PIC @ https://phbidlautdemo.prahu-hub.com/lelang/edit_data_lelang/1089:9673
[   23344ms] [LOG] Nomor Telp. @ https://phbidlautdemo.prahu-hub.com/lelang/edit_data_lelang/1089:9673
[   23344ms] [LOG] undefined @ https://phbidlautdemo.prahu-hub.com/lelang/edit_data_lelang/1089:9673
[   23345ms] [LOG] undefined @ https://phbidlautdemo.prahu-hub.com/lelang/edit_data_lelang/1089:9673
[   23346ms] [LOG]  @ https://phbidlautdemo.prahu-hub.com/lelang/edit_data_lelang/1089:9673
[   23346ms] [LOG] Anda Bisa Memilih Beberapa @ https://phbidlautdemo.prahu-hub.com/lelang/edit_data_lelang/1089:9673
[   23347ms] [LOG] Jumlah Berapa Unit / Berapa Kontainer @ https://phbidlautdemo.prahu-hub.com/lelang/edit_data_lelang/1089:9673
[   23349ms] [LOG] WebSocket connection @ https://phbidlautdemo.prahu-hub.com/lelang/edit_data_lelang/1089:9716
[   23349ms] [LOG] WebSocket connection attempting... @ https://phbidlautdemo.prahu-hub.com/lelang/edit_data_lelang/1089:9794
[   23722ms] [VERBOSE] [DOM] Password forms should have (optionally hidden) username fields for accessibility: (More info: https://goo.gl/9p2vKq) %o @ https://phbidlautdemo.prahu-hub.com/_resources/themes/prahutheme/javascript/PDFView/lib/ui/index.html#d=%2Fassets%2Fdokumenaanwijzing%2F65%2FAanwijzing-PT.-Primax-Geo-Sejahtera.pdf&a=1&disabledElements=downloadButton%2CprintButton%2ClanguageButton&filepicker=0&pdfnet=0&enableRedaction=0&enableMeasurement=0&pageHistory=1&notesInLeftPanel=0&singleServerMode=false&selectAnnotationOnCreation=0&autoFocusNoteOnAnnotationSelection=1&id=1&basePath=%2Flelang%2Fedit_data_lelang%2F1089:0
[   24043ms] [LOG] WebSocket connected @ https://phbidlautdemo.prahu-hub.com/lelang/edit_data_lelang/1089:9725
[   24138ms] [LOG] update_dashboard_order_laut @ https://phbidlautdemo.prahu-hub.com/lelang/edit_data_lelang/1089:9766
[   24142ms] [LOG] Connected @ https://phbidlautdemo.prahu-hub.com/lelang/edit_data_lelang/1089:9766
[   24175ms] [LOG] 200 xhrglobal @ https://phbidlautdemo.prahu-hub.com/lelang/edit_data_lelang/1089:9647
[   24222ms] [LOG] 200 xhrglobal @ https://phbidlautdemo.prahu-hub.com/lelang/edit_data_lelang/1089:9647
[   27093ms] [LOG] document loaded @ https://phbidlautdemo.prahu-hub.com/lelang/edit_data_lelang/1089:7788
[   27175ms] TypeError: $(...).DataTable is not a function
    at https://phbidlautdemo.prahu-hub.com/_resources/themes/prahutheme/js/scripts-init/tables.js:7:23
