[    1321ms] Cannot use import statement outside a module
[    1340ms] ReferenceError: Chart is not defined
    at https://phbidlautdemo.prahu-hub.com/_resources/themes/prahutheme/js/scripts-init/charts/chartjs.js:8:13
[    1593ms] Unexpected token '<'
[    1599ms] Unexpected token '<'
[    1632ms] Uncaught TypeError: expect element to be DOM Element, but got null
    at n.init (https://cdnjs.cloudflare.com/ajax/libs/smooth-scrollbar/8.5.2/smooth-scrollbar.js:24:264)
    at <anonymous> (https://phbidlautdemo.prahu-hub.com/home/akunsaya:5351:14)
[    1643ms] [LOG] Akun Sayanamanya @ https://phbidlautdemo.prahu-hub.com/home/akunsaya:1876
[    1649ms] [LOG] WebSocket connection @ https://phbidlautdemo.prahu-hub.com/home/akunsaya:5746
[    1649ms] [LOG] WebSocket connection attempting... @ https://phbidlautdemo.prahu-hub.com/home/akunsaya:5824
[    2538ms] [LOG] WebSocket connected @ https://phbidlautdemo.prahu-hub.com/home/akunsaya:5755
[    2544ms] [LOG] update_dashboard_order_laut @ https://phbidlautdemo.prahu-hub.com/home/akunsaya:5796
[    2566ms] [LOG] Connected @ https://phbidlautdemo.prahu-hub.com/home/akunsaya:5796
[    2668ms] [LOG] 200 xhrglobal @ https://phbidlautdemo.prahu-hub.com/home/akunsaya:5677
[    2742ms] [LOG] 200 xhrglobal @ https://phbidlautdemo.prahu-hub.com/home/akunsaya:5677
[    3655ms] TypeError: $(...).DataTable is not a function
    at https://phbidlautdemo.prahu-hub.com/_resources/themes/prahutheme/js/scripts-init/tables.js:7:23
[    4455ms] [LOG] Connected @ https://phbidlautdemo.prahu-hub.com/home/akunsaya:5796
[   16149ms] [LOG] Connected @ https://phbidlautdemo.prahu-hub.com/home/akunsaya:5796
[   30661ms] [LOG] Connected @ https://phbidlautdemo.prahu-hub.com/home/akunsaya:5796
[   30664ms] [LOG] Connected @ https://phbidlautdemo.prahu-hub.com/home/akunsaya:5796
[   33018ms] [LOG] Connected @ https://phbidlautdemo.prahu-hub.com/home/akunsaya:5796
[   34643ms] [LOG] Connected @ https://phbidlautdemo.prahu-hub.com/home/akunsaya:5796
[   49206ms] [LOG] Connected @ https://phbidlautdemo.prahu-hub.com/home/akunsaya:5796
[   49398ms] [LOG] Connected @ https://phbidlautdemo.prahu-hub.com/home/akunsaya:5796
[   60219ms] [LOG] Connected @ https://phbidlautdemo.prahu-hub.com/home/akunsaya:5796
[   60352ms] [LOG] Connected @ https://phbidlautdemo.prahu-hub.com/home/akunsaya:5796
[   60368ms] [LOG] Connected @ https://phbidlautdemo.prahu-hub.com/home/akunsaya:5796
[   60397ms] [LOG] Connected @ https://phbidlautdemo.prahu-hub.com/home/akunsaya:5796
[   60477ms] [LOG] Connected @ https://phbidlautdemo.prahu-hub.com/home/akunsaya:5796
[   66239ms] [LOG] Connected @ https://phbidlautdemo.prahu-hub.com/home/akunsaya:5796
[   67645ms] [LOG] Connected @ https://phbidlautdemo.prahu-hub.com/home/akunsaya:5796
[   76969ms] [LOG] Connected @ https://phbidlautdemo.prahu-hub.com/home/akunsaya:5796
[   82096ms] [LOG] Connected @ https://phbidlautdemo.prahu-hub.com/home/akunsaya:5796
[   82765ms] [LOG] Connected @ https://phbidlautdemo.prahu-hub.com/home/akunsaya:5796
[  106568ms] [LOG] Connected @ https://phbidlautdemo.prahu-hub.com/home/akunsaya:5796
[  112534ms] [LOG] Connected @ https://phbidlautdemo.prahu-hub.com/home/akunsaya:5796
[  121404ms] [LOG] Connected @ https://phbidlautdemo.prahu-hub.com/home/akunsaya:5796
[  121485ms] [LOG] Connected @ https://phbidlautdemo.prahu-hub.com/home/akunsaya:5796
[  147051ms] [LOG] Connected @ https://phbidlautdemo.prahu-hub.com/home/akunsaya:5796
[  148865ms] [LOG] Connected @ https://phbidlautdemo.prahu-hub.com/home/akunsaya:5796
[  149245ms] [LOG] Connected @ https://phbidlautdemo.prahu-hub.com/home/akunsaya:5796
[  155880ms] [LOG] Connected @ https://phbidlautdemo.prahu-hub.com/home/akunsaya:5796
[  157133ms] [LOG] Connected @ https://phbidlautdemo.prahu-hub.com/home/akunsaya:5796
[  165078ms] [LOG] Connected @ https://phbidlautdemo.prahu-hub.com/home/akunsaya:5796
[  166100ms] [LOG] Connected @ https://phbidlautdemo.prahu-hub.com/home/akunsaya:5796
[  181240ms] [LOG] Connected @ https://phbidlautdemo.prahu-hub.com/home/akunsaya:5796
[  181259ms] [LOG] Connected @ https://phbidlautdemo.prahu-hub.com/home/akunsaya:5796
[  181762ms] [LOG] Connected @ https://phbidlautdemo.prahu-hub.com/home/akunsaya:5796
[  183483ms] [LOG] Connected @ https://phbidlautdemo.prahu-hub.com/home/akunsaya:5796
[  185229ms] [LOG] notif_badge_hide.485-471-460-459-454-451-447-417-385-262-194-192-49-42-18-8-20-1 @ https://phbidlautdemo.prahu-hub.com/home/akunsaya:5796
[  185233ms] [LOG] updateNotifDarat.485-471-460-459-454-451-447-417-385-262-194-192-49-42-18-8-20-1 @ https://phbidlautdemo.prahu-hub.com/home/akunsaya:5796
[  185305ms] [LOG] Connected @ https://phbidlautdemo.prahu-hub.com/home/akunsaya:5796
[  185465ms] [LOG] Connected @ https://phbidlautdemo.prahu-hub.com/home/akunsaya:5796
[  186975ms] [LOG] updateNotif.913-935-914-906-900-876-856-820-796-795-783-764-704-689-688-685-642-641-640-639-638-635-634-633-632-631-629-628-627-626-625-624-623-622-621-614-613-459-123-23 @ https://phbidlautdemo.prahu-hub.com/home/akunsaya:5796
[  186979ms] [LOG] notif_badge_show.913-935-914-906-900-876-856-820-796-795-783-764-704-689-688-685-642-641-640-639-638-635-634-633-632-631-629-628-627-626-625-624-623-622-621-614-613-459-123-23 @ https://phbidlautdemo.prahu-hub.com/home/akunsaya:5796
[  187041ms] [LOG] update_dashboard_order_laut @ https://phbidlautdemo.prahu-hub.com/home/akunsaya:5796
[  189094ms] [LOG] Connected @ https://phbidlautdemo.prahu-hub.com/home/akunsaya:5796
[  189488ms] [LOG] Connected @ https://phbidlautdemo.prahu-hub.com/home/akunsaya:5796
[  192790ms] [LOG] Connected @ https://phbidlautdemo.prahu-hub.com/home/akunsaya:5796
[  205450ms] [LOG] Connected @ https://phbidlautdemo.prahu-hub.com/home/akunsaya:5796
[  208137ms] [LOG] Connected @ https://phbidlautdemo.prahu-hub.com/home/akunsaya:5796
[  208743ms] [LOG] Connected @ https://phbidlautdemo.prahu-hub.com/home/akunsaya:5796
[  210771ms] [LOG] Connected @ https://phbidlautdemo.prahu-hub.com/home/akunsaya:5796
[  214611ms] [LOG] Connected @ https://phbidlautdemo.prahu-hub.com/home/akunsaya:5796
[  217108ms] [LOG] Connected @ https://phbidlautdemo.prahu-hub.com/home/akunsaya:5796
[  217193ms] [LOG] Connected @ https://phbidlautdemo.prahu-hub.com/home/akunsaya:5796
[  217366ms] [LOG] Connected @ https://phbidlautdemo.prahu-hub.com/home/akunsaya:5796
[  218185ms] [LOG] Connected @ https://phbidlautdemo.prahu-hub.com/home/akunsaya:5796
[  219516ms] [LOG] Connected @ https://phbidlautdemo.prahu-hub.com/home/akunsaya:5796
[  222021ms] [LOG] Connected @ https://phbidlautdemo.prahu-hub.com/home/akunsaya:5796
[  237492ms] [LOG] updateNotif.913-935-914-906-900-876-856-820-796-795-783-764-704-689-688-685-642-641-640-639-638-635-634-633-632-631-629-628-627-626-625-624-623-622-621-614-613-459-123-23 @ https://phbidlautdemo.prahu-hub.com/home/akunsaya:5796
[  237496ms] [LOG] notif_badge_show.913-935-914-906-900-876-856-820-796-795-783-764-704-689-688-685-642-641-640-639-638-635-634-633-632-631-629-628-627-626-625-624-623-622-621-614-613-459-123-23 @ https://phbidlautdemo.prahu-hub.com/home/akunsaya:5796
[  237500ms] [LOG] update_dashboard_order_laut @ https://phbidlautdemo.prahu-hub.com/home/akunsaya:5796
[  237894ms] [LOG] Connected @ https://phbidlautdemo.prahu-hub.com/home/akunsaya:5796
[  239479ms] [LOG] Connected @ https://phbidlautdemo.prahu-hub.com/home/akunsaya:5796
[  247859ms] [LOG] Connected @ https://phbidlautdemo.prahu-hub.com/home/akunsaya:5796
[  248988ms] [LOG] Connected @ https://phbidlautdemo.prahu-hub.com/home/akunsaya:5796
[  262303ms] [LOG] Connected @ https://phbidlautdemo.prahu-hub.com/home/akunsaya:5796
[  266939ms] [LOG] Connected @ https://phbidlautdemo.prahu-hub.com/home/akunsaya:5796
[  276746ms] [LOG] updateNotif.913-935-914-906-900-876-856-820-796-795-783-764-704-689-688-685-642-641-640-639-638-635-634-633-632-631-629-628-627-626-625-624-623-622-621-614-613-459-123-23 @ https://phbidlautdemo.prahu-hub.com/home/akunsaya:5796
[  276750ms] [LOG] notif_badge_show.913-935-914-906-900-876-856-820-796-795-783-764-704-689-688-685-642-641-640-639-638-635-634-633-632-631-629-628-627-626-625-624-623-622-621-614-613-459-123-23 @ https://phbidlautdemo.prahu-hub.com/home/akunsaya:5796
[  276761ms] [LOG] update_dashboard_order_laut @ https://phbidlautdemo.prahu-hub.com/home/akunsaya:5796
[  278662ms] [LOG] Connected @ https://phbidlautdemo.prahu-hub.com/home/akunsaya:5796
[  294067ms] [LOG] Connected @ https://phbidlautdemo.prahu-hub.com/home/akunsaya:5796
[  296825ms] [LOG] Connected @ https://phbidlautdemo.prahu-hub.com/home/akunsaya:5796
[  299491ms] [LOG] Connected @ https://phbidlautdemo.prahu-hub.com/home/akunsaya:5796
[  299620ms] [LOG] Connected @ https://phbidlautdemo.prahu-hub.com/home/akunsaya:5796
[  305196ms] [LOG] Connected @ https://phbidlautdemo.prahu-hub.com/home/akunsaya:5796
[  305797ms] [LOG] Connected @ https://phbidlautdemo.prahu-hub.com/home/akunsaya:5796
[  309191ms] [LOG] Connected @ https://phbidlautdemo.prahu-hub.com/home/akunsaya:5796
[  311326ms] [LOG] Connected @ https://phbidlautdemo.prahu-hub.com/home/akunsaya:5796
[  327484ms] [LOG] Connected @ https://phbidlautdemo.prahu-hub.com/home/akunsaya:5796
[  334602ms] [LOG] Connected @ https://phbidlautdemo.prahu-hub.com/home/akunsaya:5796
[  344206ms] [LOG] Connected @ https://phbidlautdemo.prahu-hub.com/home/akunsaya:5796
[  348547ms] [LOG] Connected @ https://phbidlautdemo.prahu-hub.com/home/akunsaya:5796
[  353746ms] [LOG] Connected @ https://phbidlautdemo.prahu-hub.com/home/akunsaya:5796
[  358303ms] [LOG] updateNotif.913-935-914-906-900-876-856-820-796-795-783-764-704-689-688-685-642-641-640-639-638-635-634-633-632-631-629-628-627-626-625-624-623-622-621-614-613-459-123-23 @ https://phbidlautdemo.prahu-hub.com/home/akunsaya:5796
[  358307ms] [LOG] notif_badge_show.913-935-914-906-900-876-856-820-796-795-783-764-704-689-688-685-642-641-640-639-638-635-634-633-632-631-629-628-627-626-625-624-623-622-621-614-613-459-123-23 @ https://phbidlautdemo.prahu-hub.com/home/akunsaya:5796
[  358313ms] [LOG] update_dashboard_order_laut @ https://phbidlautdemo.prahu-hub.com/home/akunsaya:5796
[  360501ms] [LOG] Connected @ https://phbidlautdemo.prahu-hub.com/home/akunsaya:5796
[  362993ms] [LOG] Connected @ https://phbidlautdemo.prahu-hub.com/home/akunsaya:5796
[  370088ms] [LOG] Connected @ https://phbidlautdemo.prahu-hub.com/home/akunsaya:5796
[  374464ms] [LOG] Connected @ https://phbidlautdemo.prahu-hub.com/home/akunsaya:5796
[  377548ms] [LOG] Connected @ https://phbidlautdemo.prahu-hub.com/home/akunsaya:5796
[  379285ms] [LOG] Connected @ https://phbidlautdemo.prahu-hub.com/home/akunsaya:5796
[  380711ms] [LOG] Connected @ https://phbidlautdemo.prahu-hub.com/home/akunsaya:5796
[  381179ms] [LOG] Connected @ https://phbidlautdemo.prahu-hub.com/home/akunsaya:5796
[  381361ms] [LOG] Connected @ https://phbidlautdemo.prahu-hub.com/home/akunsaya:5796
[  383348ms] [LOG] Connected @ https://phbidlautdemo.prahu-hub.com/home/akunsaya:5796
[  384789ms] [LOG] Connected @ https://phbidlautdemo.prahu-hub.com/home/akunsaya:5796
[  387621ms] [LOG] Connected @ https://phbidlautdemo.prahu-hub.com/home/akunsaya:5796
[  394021ms] [LOG] Connected @ https://phbidlautdemo.prahu-hub.com/home/akunsaya:5796
[  400536ms] [LOG] Connected @ https://phbidlautdemo.prahu-hub.com/home/akunsaya:5796
[  409757ms] [LOG] updateNotif.913-935-914-906-900-876-856-820-796-795-783-764-704-689-688-685-642-641-640-639-638-635-634-633-632-631-629-628-627-626-625-624-623-622-621-614-613-459-123-23 @ https://phbidlautdemo.prahu-hub.com/home/akunsaya:5796
[  409802ms] [LOG] notif_badge_show.913-935-914-906-900-876-856-820-796-795-783-764-704-689-688-685-642-641-640-639-638-635-634-633-632-631-629-628-627-626-625-624-623-622-621-614-613-459-123-23 @ https://phbidlautdemo.prahu-hub.com/home/akunsaya:5796
[  409813ms] [LOG] update_dashboard_order_laut @ https://phbidlautdemo.prahu-hub.com/home/akunsaya:5796
[  409949ms] [LOG] Connected @ https://phbidlautdemo.prahu-hub.com/home/akunsaya:5796
[  411797ms] [LOG] Connected @ https://phbidlautdemo.prahu-hub.com/home/akunsaya:5796
