[     399ms] [LOG] Connected @ https://phbidlautdemo.prahu-hub.com/lelang/historyupdateharga/aksrcng2ZXQyRFVxa01QVnRzdTlmQT09:5762
[    1278ms] Cannot use import statement outside a module
[    1313ms] ReferenceError: Chart is not defined
    at https://phbidlautdemo.prahu-hub.com/_resources/themes/prahutheme/js/scripts-init/charts/chartjs.js:8:13
[    1531ms] Unexpected token '<'
[    1532ms] Unexpected token '<'
[    1684ms] Uncaught TypeError: expect element to be DOM Element, but got null
    at <anonymous> (https://cdnjs.cloudflare.com/ajax/libs/smooth-scrollbar/8.5.2/smooth-scrollbar.js:24:264)
    at <anonymous> (https://phbidlautdemo.prahu-hub.com/lelang/carirute:8164:14)
[    1726ms] [LOG] undefinednamanya @ https://phbidlautdemo.prahu-hub.com/lelang/carirute:2311
[    1779ms] [LOG] undefined @ https://phbidlautdemo.prahu-hub.com/lelang/carirute:8517
[    1781ms] [LOG] undefined @ https://phbidlautdemo.prahu-hub.com/lelang/carirute:8517
[    1782ms] [LOG] undefined @ https://phbidlautdemo.prahu-hub.com/lelang/carirute:8517
[    1783ms] [LOG] Masukkan Nomor Lelang @ https://phbidlautdemo.prahu-hub.com/lelang/carirute:8517
[    1783ms] [LOG] undefined @ https://phbidlautdemo.prahu-hub.com/lelang/carirute:8517
[    1785ms] [LOG] WebSocket connection @ https://phbidlautdemo.prahu-hub.com/lelang/carirute:8560
[    1785ms] [LOG] WebSocket connection attempting... @ https://phbidlautdemo.prahu-hub.com/lelang/carirute:8638
[    1984ms] [LOG] WebSocket connected @ https://phbidlautdemo.prahu-hub.com/lelang/carirute:8569
[    2045ms] [TABLE] {UI version: 8.4.1, Core version: 8.4.0, Build: NC8xMi8yMDIyfDRkZTU3MmExYg==, WebViewer Server: false, Full API: false} @ https://phbidlautdemo.prahu-hub.com/_resources/themes/prahutheme/javascript/PDFView/lib/ui/webviewer-ui.min.js:270
[    2059ms] [LOG] update_dashboard_order_laut @ https://phbidlautdemo.prahu-hub.com/lelang/carirute:8610
[    2060ms] [LOG] Connected @ https://phbidlautdemo.prahu-hub.com/lelang/carirute:8610
[    2307ms] [VERBOSE] [DOM] Password forms should have (optionally hidden) username fields for accessibility: (More info: https://goo.gl/9p2vKq) %o @ https://phbidlautdemo.prahu-hub.com/_resources/themes/prahutheme/javascript/PDFView/lib/ui/index.html#a=1&disabledElements=downloadButton%2CprintButton%2ClanguageButton&filepicker=0&pdfnet=0&enableRedaction=0&enableMeasurement=0&pageHistory=1&notesInLeftPanel=0&singleServerMode=false&selectAnnotationOnCreation=0&autoFocusNoteOnAnnotationSelection=1&id=1&basePath=%2Flelang%2Fcarirute:0
[    2322ms] [LOG] 200 xhrglobal @ https://phbidlautdemo.prahu-hub.com/lelang/carirute:8491
[    2331ms] [LOG] 200 xhrglobal @ https://phbidlautdemo.prahu-hub.com/lelang/carirute:8491
[    3753ms] TypeError: $(...).DataTable is not a function
    at https://phbidlautdemo.prahu-hub.com/_resources/themes/prahutheme/js/scripts-init/tables.js:7:23
