[     906ms] Cannot use import statement outside a module
[     937ms] ReferenceError: Chart is not defined
    at https://phbidlautdemo.prahu-hub.com/_resources/themes/prahutheme/js/scripts-init/charts/chartjs.js:8:13
[     963ms] Unexpected token '<'
[    1077ms] Unexpected token '<'
[    1175ms] Uncaught TypeError: expect element to be DOM Element, but got null
    at <anonymous> (https://cdnjs.cloudflare.com/ajax/libs/smooth-scrollbar/8.5.2/smooth-scrollbar.js:24:264)
    at <anonymous> (https://phbidlautdemo.prahu-hub.com/home/laporanowner:5479:14)
[    1201ms] [LOG] Laporannamanya @ https://phbidlautdemo.prahu-hub.com/home/laporanowner:2039
[    1222ms] [LOG] DD/MM/YYYY @ https://phbidlautdemo.prahu-hub.com/home/laporanowner:5832
[    1222ms] [LOG] DD/MM/YYYY @ https://phbidlautdemo.prahu-hub.com/home/laporanowner:5832
[    1222ms] [LOG] undefined @ https://phbidlautdemo.prahu-hub.com/home/laporanowner:5832
[    1223ms] [LOG] WebSocket connection @ https://phbidlautdemo.prahu-hub.com/home/laporanowner:5875
[    1224ms] [LOG] WebSocket connection attempting... @ https://phbidlautdemo.prahu-hub.com/home/laporanowner:5953
[    1376ms] [LOG] WebSocket connected @ https://phbidlautdemo.prahu-hub.com/home/laporanowner:5884
[    1380ms] [LOG] update_dashboard_order_laut @ https://phbidlautdemo.prahu-hub.com/home/laporanowner:5925
[    1406ms] [LOG] Connected @ https://phbidlautdemo.prahu-hub.com/home/laporanowner:5925
[    1548ms] [LOG] 200 xhrglobal @ https://phbidlautdemo.prahu-hub.com/home/laporanowner:5806
[    1602ms] [LOG] 200 xhrglobal @ https://phbidlautdemo.prahu-hub.com/home/laporanowner:5806
[    3212ms] TypeError: $(...).DataTable is not a function
    at https://phbidlautdemo.prahu-hub.com/_resources/themes/prahutheme/js/scripts-init/tables.js:7:23
[   21811ms] [LOG] 01/08/2026 @ https://phbidlautdemo.prahu-hub.com/home/laporanowner:5053
[   21811ms] [LOG] 30/08/2026 @ https://phbidlautdemo.prahu-hub.com/home/laporanowner:5054
[   23270ms] Cannot use import statement outside a module
[   23308ms] ReferenceError: Chart is not defined
    at https://phbidlautdemo.prahu-hub.com/_resources/themes/prahutheme/js/scripts-init/charts/chartjs.js:8:13
[   23354ms] Unexpected token '<'
[   23536ms] Unexpected token '<'
[   23624ms] Uncaught TypeError: expect element to be DOM Element, but got null
    at <anonymous> (https://cdnjs.cloudflare.com/ajax/libs/smooth-scrollbar/8.5.2/smooth-scrollbar.js:24:264)
    at <anonymous> (https://phbidlautdemo.prahu-hub.com/home/laporanowner?tgl_awal=01%2F08%2F2026&tgl_akhir=30%2F08%2F2026&status_filter=1&BidOwnerID=123:5610:14)
[   23654ms] [LOG] Laporannamanya @ https://phbidlautdemo.prahu-hub.com/home/laporanowner?tgl_awal=01%2F08%2F2026&tgl_akhir=30%2F08%2F2026&status_filter=1&BidOwnerID=123:2040
[   23683ms] [LOG] DD/MM/YYYY @ https://phbidlautdemo.prahu-hub.com/home/laporanowner?tgl_awal=01%2F08%2F2026&tgl_akhir=30%2F08%2F2026&status_filter=1&BidOwnerID=123:5963
[   23684ms] [LOG] DD/MM/YYYY @ https://phbidlautdemo.prahu-hub.com/home/laporanowner?tgl_awal=01%2F08%2F2026&tgl_akhir=30%2F08%2F2026&status_filter=1&BidOwnerID=123:5963
[   23684ms] [LOG] undefined @ https://phbidlautdemo.prahu-hub.com/home/laporanowner?tgl_awal=01%2F08%2F2026&tgl_akhir=30%2F08%2F2026&status_filter=1&BidOwnerID=123:5963
[   23684ms] [LOG] undefined @ https://phbidlautdemo.prahu-hub.com/home/laporanowner?tgl_awal=01%2F08%2F2026&tgl_akhir=30%2F08%2F2026&status_filter=1&BidOwnerID=123:5963
[   23685ms] [LOG] WebSocket connection @ https://phbidlautdemo.prahu-hub.com/home/laporanowner?tgl_awal=01%2F08%2F2026&tgl_akhir=30%2F08%2F2026&status_filter=1&BidOwnerID=123:6006
[   23686ms] [LOG] WebSocket connection attempting... @ https://phbidlautdemo.prahu-hub.com/home/laporanowner?tgl_awal=01%2F08%2F2026&tgl_akhir=30%2F08%2F2026&status_filter=1&BidOwnerID=123:6084
[   23739ms] [LOG] 200 xhrglobal @ https://phbidlautdemo.prahu-hub.com/home/laporanowner?tgl_awal=01%2F08%2F2026&tgl_akhir=30%2F08%2F2026&status_filter=1&BidOwnerID=123:5937
[   23855ms] [LOG] WebSocket connected @ https://phbidlautdemo.prahu-hub.com/home/laporanowner?tgl_awal=01%2F08%2F2026&tgl_akhir=30%2F08%2F2026&status_filter=1&BidOwnerID=123:6015
[   23859ms] [LOG] update_dashboard_order_laut @ https://phbidlautdemo.prahu-hub.com/home/laporanowner?tgl_awal=01%2F08%2F2026&tgl_akhir=30%2F08%2F2026&status_filter=1&BidOwnerID=123:6056
[   23885ms] [LOG] Connected @ https://phbidlautdemo.prahu-hub.com/home/laporanowner?tgl_awal=01%2F08%2F2026&tgl_akhir=30%2F08%2F2026&status_filter=1&BidOwnerID=123:6056
[   23890ms] [LOG] [Array(0)] shownya @ https://phbidlautdemo.prahu-hub.com/_resources/themes/prahutheme/javascript/custom/laporanowner.js?m=1787972929:651
[   23891ms] [LOG] 0 sdsad ff @ https://phbidlautdemo.prahu-hub.com/_resources/themes/prahutheme/javascript/custom/laporanowner.js?m=1787972929:588
[   23892ms] [LOG] 0 sdsad ff @ https://phbidlautdemo.prahu-hub.com/_resources/themes/prahutheme/javascript/custom/laporanowner.js?m=1787972929:588
[   23892ms] [LOG] aam 0 @ https://phbidlautdemo.prahu-hub.com/_resources/themes/prahutheme/javascript/custom/laporanowner.js?m=1787972929:664
[   23892ms] [LOG] 0 sdsad ff @ https://phbidlautdemo.prahu-hub.com/_resources/themes/prahutheme/javascript/custom/laporanowner.js?m=1787972929:588
[   23892ms] [LOG] undefined aamshow @ https://phbidlautdemo.prahu-hub.com/_resources/themes/prahutheme/javascript/custom/laporanowner.js?m=1787972929:665
[   23893ms] [LOG] 0 sdsad ff @ https://phbidlautdemo.prahu-hub.com/_resources/themes/prahutheme/javascript/custom/laporanowner.js?m=1787972929:588
[   23893ms] [LOG] [] @ https://phbidlautdemo.prahu-hub.com/_resources/themes/prahutheme/javascript/custom/laporanowner.js?m=1787972929:43
[   23894ms] [LOG] 0 sdsad ff @ https://phbidlautdemo.prahu-hub.com/_resources/themes/prahutheme/javascript/custom/laporanowner.js?m=1787972929:588
[   23896ms] [LOG] 200 xhrglobal @ https://phbidlautdemo.prahu-hub.com/home/laporanowner?tgl_awal=01%2F08%2F2026&tgl_akhir=30%2F08%2F2026&status_filter=1&BidOwnerID=123:5937
[   23897ms] [LOG] ce.fn.init stepItem @ https://phbidlautdemo.prahu-hub.com/_resources/themes/prahutheme/javascript/custom/laporanowner.js?m=1787972929:444
[   24054ms] [LOG] 200 xhrglobal @ https://phbidlautdemo.prahu-hub.com/home/laporanowner?tgl_awal=01%2F08%2F2026&tgl_akhir=30%2F08%2F2026&status_filter=1&BidOwnerID=123:5937
[   24133ms] [LOG] 200 xhrglobal @ https://phbidlautdemo.prahu-hub.com/home/laporanowner?tgl_awal=01%2F08%2F2026&tgl_akhir=30%2F08%2F2026&status_filter=1&BidOwnerID=123:5937
[   25668ms] TypeError: $(...).DataTable is not a function
    at https://phbidlautdemo.prahu-hub.com/_resources/themes/prahutheme/js/scripts-init/tables.js:7:23
