[    1231ms] Cannot use import statement outside a module
[    1264ms] ReferenceError: Chart is not defined
    at https://phbidlautdemo.prahu-hub.com/_resources/themes/prahutheme/js/scripts-init/charts/chartjs.js:8:13
[    1307ms] Unexpected token '<'
[    1423ms] Unexpected token '<'
[    1629ms] Uncaught TypeError: expect element to be DOM Element, but got null
    at <anonymous> (https://cdnjs.cloudflare.com/ajax/libs/smooth-scrollbar/8.5.2/smooth-scrollbar.js:24:264)
    at <anonymous> (https://phbidlautdemo.prahu-hub.com/lelang/carirute/?from=search&id_user=VnVIdDB5ZmFLVndiUi9YMURaUWVsUT09&lelang=aksrcng2ZXQyRFVxa01QVnRzdTlmQT09&nomor_lelang=COBA%2F20%2FMAKASSAR:9282:14)
[    1775ms] [TABLE] {UI version: 8.4.1, Core version: 8.4.0, Build: NC8xMi8yMDIyfDRkZTU3MmExYg==, WebViewer Server: false, Full API: false} @ https://phbidlautdemo.prahu-hub.com/_resources/themes/prahutheme/javascript/PDFView/lib/ui/webviewer-ui.min.js:270
[    1919ms] [LOG] undefinednamanya @ https://phbidlautdemo.prahu-hub.com/lelang/carirute/?from=search&id_user=VnVIdDB5ZmFLVndiUi9YMURaUWVsUT09&lelang=aksrcng2ZXQyRFVxa01QVnRzdTlmQT09&nomor_lelang=COBA%2F20%2FMAKASSAR:2311
[    1953ms] [LOG] undefined @ https://phbidlautdemo.prahu-hub.com/lelang/carirute/?from=search&id_user=VnVIdDB5ZmFLVndiUi9YMURaUWVsUT09&lelang=aksrcng2ZXQyRFVxa01QVnRzdTlmQT09&nomor_lelang=COBA%2F20%2FMAKASSAR:9635
[    1954ms] [LOG] undefined @ https://phbidlautdemo.prahu-hub.com/lelang/carirute/?from=search&id_user=VnVIdDB5ZmFLVndiUi9YMURaUWVsUT09&lelang=aksrcng2ZXQyRFVxa01QVnRzdTlmQT09&nomor_lelang=COBA%2F20%2FMAKASSAR:9635
[    1954ms] [LOG] undefined @ https://phbidlautdemo.prahu-hub.com/lelang/carirute/?from=search&id_user=VnVIdDB5ZmFLVndiUi9YMURaUWVsUT09&lelang=aksrcng2ZXQyRFVxa01QVnRzdTlmQT09&nomor_lelang=COBA%2F20%2FMAKASSAR:9635
[    1954ms] [LOG] Masukkan Nomor Lelang @ https://phbidlautdemo.prahu-hub.com/lelang/carirute/?from=search&id_user=VnVIdDB5ZmFLVndiUi9YMURaUWVsUT09&lelang=aksrcng2ZXQyRFVxa01QVnRzdTlmQT09&nomor_lelang=COBA%2F20%2FMAKASSAR:9635
[    1954ms] [LOG] undefined @ https://phbidlautdemo.prahu-hub.com/lelang/carirute/?from=search&id_user=VnVIdDB5ZmFLVndiUi9YMURaUWVsUT09&lelang=aksrcng2ZXQyRFVxa01QVnRzdTlmQT09&nomor_lelang=COBA%2F20%2FMAKASSAR:9635
[    1954ms] [LOG] undefined @ https://phbidlautdemo.prahu-hub.com/lelang/carirute/?from=search&id_user=VnVIdDB5ZmFLVndiUi9YMURaUWVsUT09&lelang=aksrcng2ZXQyRFVxa01QVnRzdTlmQT09&nomor_lelang=COBA%2F20%2FMAKASSAR:9635
[    1954ms] [LOG] undefined @ https://phbidlautdemo.prahu-hub.com/lelang/carirute/?from=search&id_user=VnVIdDB5ZmFLVndiUi9YMURaUWVsUT09&lelang=aksrcng2ZXQyRFVxa01QVnRzdTlmQT09&nomor_lelang=COBA%2F20%2FMAKASSAR:9635
[    1955ms] [LOG] undefined @ https://phbidlautdemo.prahu-hub.com/lelang/carirute/?from=search&id_user=VnVIdDB5ZmFLVndiUi9YMURaUWVsUT09&lelang=aksrcng2ZXQyRFVxa01QVnRzdTlmQT09&nomor_lelang=COBA%2F20%2FMAKASSAR:9635
[    1955ms] [LOG] DD/MM/YYYY @ https://phbidlautdemo.prahu-hub.com/lelang/carirute/?from=search&id_user=VnVIdDB5ZmFLVndiUi9YMURaUWVsUT09&lelang=aksrcng2ZXQyRFVxa01QVnRzdTlmQT09&nomor_lelang=COBA%2F20%2FMAKASSAR:9635
[    1955ms] [LOG] DD/MM/YYYY @ https://phbidlautdemo.prahu-hub.com/lelang/carirute/?from=search&id_user=VnVIdDB5ZmFLVndiUi9YMURaUWVsUT09&lelang=aksrcng2ZXQyRFVxa01QVnRzdTlmQT09&nomor_lelang=COBA%2F20%2FMAKASSAR:9635
[    1955ms] [LOG] undefined @ https://phbidlautdemo.prahu-hub.com/lelang/carirute/?from=search&id_user=VnVIdDB5ZmFLVndiUi9YMURaUWVsUT09&lelang=aksrcng2ZXQyRFVxa01QVnRzdTlmQT09&nomor_lelang=COBA%2F20%2FMAKASSAR:9635
[    1957ms] [LOG] WebSocket connection @ https://phbidlautdemo.prahu-hub.com/lelang/carirute/?from=search&id_user=VnVIdDB5ZmFLVndiUi9YMURaUWVsUT09&lelang=aksrcng2ZXQyRFVxa01QVnRzdTlmQT09&nomor_lelang=COBA%2F20%2FMAKASSAR:9678
[    1958ms] [LOG] WebSocket connection attempting... @ https://phbidlautdemo.prahu-hub.com/lelang/carirute/?from=search&id_user=VnVIdDB5ZmFLVndiUi9YMURaUWVsUT09&lelang=aksrcng2ZXQyRFVxa01QVnRzdTlmQT09&nomor_lelang=COBA%2F20%2FMAKASSAR:9756
[    2211ms] [VERBOSE] [DOM] Password forms should have (optionally hidden) username fields for accessibility: (More info: https://goo.gl/9p2vKq) %o @ https://phbidlautdemo.prahu-hub.com/_resources/themes/prahutheme/javascript/PDFView/lib/ui/index.html#d=%2Fassets%2Fdokumenaanwijzing%2F85%2F1.pdf&a=1&disabledElements=downloadButton%2CprintButton%2ClanguageButton&filepicker=0&pdfnet=0&enableRedaction=0&enableMeasurement=0&pageHistory=1&notesInLeftPanel=0&singleServerMode=false&selectAnnotationOnCreation=0&autoFocusNoteOnAnnotationSelection=1&id=1&basePath=%2Flelang%2Fcarirute%2F:0
[    2459ms] [LOG] WebSocket connected @ https://phbidlautdemo.prahu-hub.com/lelang/carirute/?from=search&id_user=VnVIdDB5ZmFLVndiUi9YMURaUWVsUT09&lelang=aksrcng2ZXQyRFVxa01QVnRzdTlmQT09&nomor_lelang=COBA%2F20%2FMAKASSAR:9687
[    2568ms] [LOG] [Object, Object, Object, Object, Object, Object] @ https://phbidlautdemo.prahu-hub.com/_resources/themes/prahutheme/javascript/custom/hasilPenawaran.js?m=1&amp;m=1787972929:14
[    2598ms] [LOG] 6 @ https://phbidlautdemo.prahu-hub.com/_resources/themes/prahutheme/javascript/custom/hasilPenawaran.js?m=1&amp;m=1787972929:889
[    2598ms] [LOG] 6 countView1 1 pageNow 20 limitView1 @ https://phbidlautdemo.prahu-hub.com/_resources/themes/prahutheme/javascript/custom/hasilPenawaran.js?m=1&amp;m=1787972929:891
[    2598ms] [LOG] 6 @ https://phbidlautdemo.prahu-hub.com/_resources/themes/prahutheme/javascript/custom/hasilPenawaran.js?m=1&amp;m=1787972929:902
[    2599ms] [LOG] 6 jumlah data @ https://phbidlautdemo.prahu-hub.com/_resources/themes/prahutheme/javascript/custom/hasilPenawaran.js?m=1&amp;m=1787972929:867
[    2599ms] [LOG] 1 @ https://phbidlautdemo.prahu-hub.com/_resources/themes/prahutheme/javascript/custom/hasilPenawaran.js?m=1&amp;m=1787972929:869
[    2599ms] [LOG] 1 1 pageCount & pageNow @ https://phbidlautdemo.prahu-hub.com/_resources/themes/prahutheme/javascript/custom/hasilPenawaran.js?m=1&amp;m=1787972929:795
[    2600ms] [LOG] 200 xhrglobal @ https://phbidlautdemo.prahu-hub.com/lelang/carirute/?from=search&id_user=VnVIdDB5ZmFLVndiUi9YMURaUWVsUT09&lelang=aksrcng2ZXQyRFVxa01QVnRzdTlmQT09&nomor_lelang=COBA%2F20%2FMAKASSAR:9609
[    2603ms] [LOG] update_dashboard_order_laut @ https://phbidlautdemo.prahu-hub.com/lelang/carirute/?from=search&id_user=VnVIdDB5ZmFLVndiUi9YMURaUWVsUT09&lelang=aksrcng2ZXQyRFVxa01QVnRzdTlmQT09&nomor_lelang=COBA%2F20%2FMAKASSAR:9728
[    2624ms] [LOG] 200 xhrglobal @ https://phbidlautdemo.prahu-hub.com/lelang/carirute/?from=search&id_user=VnVIdDB5ZmFLVndiUi9YMURaUWVsUT09&lelang=aksrcng2ZXQyRFVxa01QVnRzdTlmQT09&nomor_lelang=COBA%2F20%2FMAKASSAR:9609
[    2625ms] [LOG] Connected @ https://phbidlautdemo.prahu-hub.com/lelang/carirute/?from=search&id_user=VnVIdDB5ZmFLVndiUi9YMURaUWVsUT09&lelang=aksrcng2ZXQyRFVxa01QVnRzdTlmQT09&nomor_lelang=COBA%2F20%2FMAKASSAR:9728
[    3019ms] [LOG] 200 xhrglobal @ https://phbidlautdemo.prahu-hub.com/lelang/carirute/?from=search&id_user=VnVIdDB5ZmFLVndiUi9YMURaUWVsUT09&lelang=aksrcng2ZXQyRFVxa01QVnRzdTlmQT09&nomor_lelang=COBA%2F20%2FMAKASSAR:9609
[    3937ms] TypeError: $(...).DataTable is not a function
    at https://phbidlautdemo.prahu-hub.com/_resources/themes/prahutheme/js/scripts-init/tables.js:7:23
[    5599ms] [LOG] document loaded @ https://phbidlautdemo.prahu-hub.com/lelang/carirute/?from=search&id_user=VnVIdDB5ZmFLVndiUi9YMURaUWVsUT09&lelang=aksrcng2ZXQyRFVxa01QVnRzdTlmQT09&nomor_lelang=COBA%2F20%2FMAKASSAR:6292
[   14057ms] [LOG] Connected @ https://phbidlautdemo.prahu-hub.com/lelang/carirute/?from=search&id_user=VnVIdDB5ZmFLVndiUi9YMURaUWVsUT09&lelang=aksrcng2ZXQyRFVxa01QVnRzdTlmQT09&nomor_lelang=COBA%2F20%2FMAKASSAR:9728
