[    2513ms] Cannot use import statement outside a module
[    2567ms] ReferenceError: Chart is not defined
    at https://phbidlautdemo.prahu-hub.com/_resources/themes/prahutheme/js/scripts-init/charts/chartjs.js:8:13
[    2568ms] Unexpected token '<'
[    2569ms] Unexpected token '<'
[    2650ms] Uncaught TypeError: expect element to be DOM Element, but got null
    at n.init (https://cdnjs.cloudflare.com/ajax/libs/smooth-scrollbar/8.5.2/smooth-scrollbar.js:24:264)
    at <anonymous> (https://phbidlautdemo.prahu-hub.com/adminprahu/reminder:5679:14)
[    2675ms] [LOG] Settingsnamanya @ https://phbidlautdemo.prahu-hub.com/adminprahu/reminder:2039
[    2686ms] [LOG] WebSocket connection @ https://phbidlautdemo.prahu-hub.com/adminprahu/reminder:6075
[    2687ms] [LOG] WebSocket connection attempting... @ https://phbidlautdemo.prahu-hub.com/adminprahu/reminder:6153
[    3392ms] [LOG] WebSocket connected @ https://phbidlautdemo.prahu-hub.com/adminprahu/reminder:6084
[    3399ms] [LOG] update_dashboard_order_laut @ https://phbidlautdemo.prahu-hub.com/adminprahu/reminder:6125
[    3585ms] [LOG] 200 xhrglobal @ https://phbidlautdemo.prahu-hub.com/adminprahu/reminder:6006
[    3659ms] [LOG] 200 xhrglobal @ https://phbidlautdemo.prahu-hub.com/adminprahu/reminder:6006
[    3677ms] [LOG] Connected @ https://phbidlautdemo.prahu-hub.com/adminprahu/reminder:6125
[    4686ms] TypeError: $(...).DataTable is not a function
    at https://phbidlautdemo.prahu-hub.com/_resources/themes/prahutheme/js/scripts-init/tables.js:7:23
[    8287ms] Cannot use import statement outside a module
[    8322ms] ReferenceError: Chart is not defined
    at https://phbidlautdemo.prahu-hub.com/_resources/themes/prahutheme/js/scripts-init/charts/chartjs.js:8:13
[    8323ms] Unexpected token '<'
[    8324ms] Unexpected token '<'
[    8410ms] Uncaught TypeError: expect element to be DOM Element, but got null
    at n.init (https://cdnjs.cloudflare.com/ajax/libs/smooth-scrollbar/8.5.2/smooth-scrollbar.js:24:264)
    at <anonymous> (https://phbidlautdemo.prahu-hub.com/adminprahu/settingReminder/WVdieFN2bXUvdTM3UlJ2RUkvSndwQT09:5281:14)
[    8435ms] [LOG] Settingsnamanya @ https://phbidlautdemo.prahu-hub.com/adminprahu/settingReminder/WVdieFN2bXUvdTM3UlJ2RUkvSndwQT09:2039
[    8454ms] [LOG] undefined @ https://phbidlautdemo.prahu-hub.com/adminprahu/settingReminder/WVdieFN2bXUvdTM3UlJ2RUkvSndwQT09:5634
[    8455ms] [LOG] undefined @ https://phbidlautdemo.prahu-hub.com/adminprahu/settingReminder/WVdieFN2bXUvdTM3UlJ2RUkvSndwQT09:5634
[    8455ms] [LOG]  @ https://phbidlautdemo.prahu-hub.com/adminprahu/settingReminder/WVdieFN2bXUvdTM3UlJ2RUkvSndwQT09:5634
[    8455ms] [LOG] 0 @ https://phbidlautdemo.prahu-hub.com/adminprahu/settingReminder/WVdieFN2bXUvdTM3UlJ2RUkvSndwQT09:5634
[    8457ms] [LOG] WebSocket connection @ https://phbidlautdemo.prahu-hub.com/adminprahu/settingReminder/WVdieFN2bXUvdTM3UlJ2RUkvSndwQT09:5677
[    8457ms] [LOG] WebSocket connection attempting... @ https://phbidlautdemo.prahu-hub.com/adminprahu/settingReminder/WVdieFN2bXUvdTM3UlJ2RUkvSndwQT09:5755
[    8813ms] [LOG] WebSocket connected @ https://phbidlautdemo.prahu-hub.com/adminprahu/settingReminder/WVdieFN2bXUvdTM3UlJ2RUkvSndwQT09:5686
[    8816ms] [LOG] update_dashboard_order_laut @ https://phbidlautdemo.prahu-hub.com/adminprahu/settingReminder/WVdieFN2bXUvdTM3UlJ2RUkvSndwQT09:5727
[    8958ms] [LOG] Connected @ https://phbidlautdemo.prahu-hub.com/adminprahu/settingReminder/WVdieFN2bXUvdTM3UlJ2RUkvSndwQT09:5727
[    9005ms] [LOG] 200 xhrglobal @ https://phbidlautdemo.prahu-hub.com/adminprahu/settingReminder/WVdieFN2bXUvdTM3UlJ2RUkvSndwQT09:5608
[    9097ms] [LOG] 200 xhrglobal @ https://phbidlautdemo.prahu-hub.com/adminprahu/settingReminder/WVdieFN2bXUvdTM3UlJ2RUkvSndwQT09:5608
[   10455ms] TypeError: $(...).DataTable is not a function
    at https://phbidlautdemo.prahu-hub.com/_resources/themes/prahutheme/js/scripts-init/tables.js:7:23
[   14549ms] [LOG] "ok" @ https://phbidlautdemo.prahu-hub.com/adminprahu/settingReminder/WVdieFN2bXUvdTM3UlJ2RUkvSndwQT09:4954
[   14561ms] [LOG] 200 xhrglobal @ https://phbidlautdemo.prahu-hub.com/adminprahu/settingReminder/WVdieFN2bXUvdTM3UlJ2RUkvSndwQT09:5608
[   16267ms] Cannot use import statement outside a module
[   16311ms] ReferenceError: Chart is not defined
    at https://phbidlautdemo.prahu-hub.com/_resources/themes/prahutheme/js/scripts-init/charts/chartjs.js:8:13
[   16317ms] Unexpected token '<'
[   16325ms] Unexpected token '<'
[   16441ms] Uncaught TypeError: expect element to be DOM Element, but got null
    at n.init (https://cdnjs.cloudflare.com/ajax/libs/smooth-scrollbar/8.5.2/smooth-scrollbar.js:24:264)
    at <anonymous> (https://phbidlautdemo.prahu-hub.com/adminprahu/reminder:5684:14)
[   16462ms] [LOG] Settingsnamanya @ https://phbidlautdemo.prahu-hub.com/adminprahu/reminder:2039
[   16471ms] [LOG] WebSocket connection @ https://phbidlautdemo.prahu-hub.com/adminprahu/reminder:6080
[   16471ms] [LOG] WebSocket connection attempting... @ https://phbidlautdemo.prahu-hub.com/adminprahu/reminder:6158
[   16839ms] [LOG] WebSocket connected @ https://phbidlautdemo.prahu-hub.com/adminprahu/reminder:6089
[   16845ms] [LOG] update_dashboard_order_laut @ https://phbidlautdemo.prahu-hub.com/adminprahu/reminder:6130
[   16950ms] [LOG] Connected @ https://phbidlautdemo.prahu-hub.com/adminprahu/reminder:6130
[   17047ms] [LOG] 200 xhrglobal @ https://phbidlautdemo.prahu-hub.com/adminprahu/reminder:6011
[   17096ms] [LOG] 200 xhrglobal @ https://phbidlautdemo.prahu-hub.com/adminprahu/reminder:6011
[   18472ms] TypeError: $(...).DataTable is not a function
    at https://phbidlautdemo.prahu-hub.com/_resources/themes/prahutheme/js/scripts-init/tables.js:7:23
