[    1573ms] Cannot use import statement outside a module
[    1610ms] ReferenceError: Chart is not defined
    at https://phbidlautdemo.prahu-hub.com/_resources/themes/prahutheme/js/scripts-init/charts/chartjs.js:8:13
[    1612ms] Unexpected token '<'
[    1612ms] Unexpected token '<'
[    1689ms] Uncaught TypeError: expect element to be DOM Element, but got null
    at <anonymous> (https://cdnjs.cloudflare.com/ajax/libs/smooth-scrollbar/8.5.2/smooth-scrollbar.js:24:264)
    at <anonymous> (https://phbidlautdemo.prahu-hub.com/home/laporanlogistik:5558:14)
[    1713ms] [LOG] Laporannamanya @ https://phbidlautdemo.prahu-hub.com/home/laporanlogistik:2039
[    1732ms] [LOG] DD/MM/YYYY @ https://phbidlautdemo.prahu-hub.com/home/laporanlogistik:5911
[    1733ms] [LOG] DD/MM/YYYY @ https://phbidlautdemo.prahu-hub.com/home/laporanlogistik:5911
[    1733ms] [LOG] undefined @ https://phbidlautdemo.prahu-hub.com/home/laporanlogistik:5911
[    1734ms] [LOG] WebSocket connection @ https://phbidlautdemo.prahu-hub.com/home/laporanlogistik:5954
[    1734ms] [LOG] WebSocket connection attempting... @ https://phbidlautdemo.prahu-hub.com/home/laporanlogistik:6032
[    1872ms] [LOG] WebSocket connected @ https://phbidlautdemo.prahu-hub.com/home/laporanlogistik:5963
[    1877ms] [LOG] update_dashboard_order_laut @ https://phbidlautdemo.prahu-hub.com/home/laporanlogistik:6004
[    1931ms] [LOG] Connected @ https://phbidlautdemo.prahu-hub.com/home/laporanlogistik:6004
[    2096ms] [LOG] 200 xhrglobal @ https://phbidlautdemo.prahu-hub.com/home/laporanlogistik:5885
[    2156ms] [LOG] 200 xhrglobal @ https://phbidlautdemo.prahu-hub.com/home/laporanlogistik:5885
[    3724ms] TypeError: $(...).DataTable is not a function
    at https://phbidlautdemo.prahu-hub.com/_resources/themes/prahutheme/js/scripts-init/tables.js:7:23
