[    1010ms] Cannot use import statement outside a module
[    1030ms] ReferenceError: Chart is not defined
    at https://phbidlautdemo.prahu-hub.com/_resources/themes/prahutheme/js/scripts-init/charts/chartjs.js:8:13
[    1101ms] Unexpected token '<'
[    1355ms] Unexpected token '<'
[    1418ms] Unexpected token '<'
[    1422ms] [LOG] WebSocket mbconn @ https://phbidlautdemo.prahu-hub.com/home/dashboardorder/?tgl_awal=01%2F07%2F2026&tgl_akhir=01%2F08%2F2026:5350
[    1422ms] [LOG] on going... @ https://phbidlautdemo.prahu-hub.com/home/dashboardorder/?tgl_awal=01%2F07%2F2026&tgl_akhir=01%2F08%2F2026:5372
[    1429ms] Uncaught TypeError: expect element to be DOM Element, but got null
    at n.init (https://cdnjs.cloudflare.com/ajax/libs/smooth-scrollbar/8.5.2/smooth-scrollbar.js:24:264)
    at <anonymous> (https://phbidlautdemo.prahu-hub.com/home/dashboardorder/?tgl_awal=01%2F07%2F2026&tgl_akhir=01%2F08%2F2026:6049:14)
[    1447ms] [LOG] DASHBOARDnamanya @ https://phbidlautdemo.prahu-hub.com/home/dashboardorder/?tgl_awal=01%2F07%2F2026&tgl_akhir=01%2F08%2F2026:1877
[    1470ms] [LOG] 01/07/2026 @ https://phbidlautdemo.prahu-hub.com/home/dashboardorder/?tgl_awal=01%2F07%2F2026&tgl_akhir=01%2F08%2F2026:5312
[    1470ms] [LOG] 01/08/2026 @ https://phbidlautdemo.prahu-hub.com/home/dashboardorder/?tgl_awal=01%2F07%2F2026&tgl_akhir=01%2F08%2F2026:5313
[    1486ms] [LOG] DD/MM/YYYY @ https://phbidlautdemo.prahu-hub.com/home/dashboardorder/?tgl_awal=01%2F07%2F2026&tgl_akhir=01%2F08%2F2026:6401
[    1487ms] [LOG] DD/MM/YYYY @ https://phbidlautdemo.prahu-hub.com/home/dashboardorder/?tgl_awal=01%2F07%2F2026&tgl_akhir=01%2F08%2F2026:6401
[    1488ms] [LOG] undefined @ https://phbidlautdemo.prahu-hub.com/home/dashboardorder/?tgl_awal=01%2F07%2F2026&tgl_akhir=01%2F08%2F2026:6401
[    1489ms] [LOG] WebSocket connection @ https://phbidlautdemo.prahu-hub.com/home/dashboardorder/?tgl_awal=01%2F07%2F2026&tgl_akhir=01%2F08%2F2026:6444
[    1489ms] [LOG] WebSocket connection attempting... @ https://phbidlautdemo.prahu-hub.com/home/dashboardorder/?tgl_awal=01%2F07%2F2026&tgl_akhir=01%2F08%2F2026:6522
[    1557ms] [LOG] 200 xhrglobal @ https://phbidlautdemo.prahu-hub.com/home/dashboardorder/?tgl_awal=01%2F07%2F2026&tgl_akhir=01%2F08%2F2026:6375
[    1560ms] [LOG] konak @ https://phbidlautdemo.prahu-hub.com/home/dashboardorder/?tgl_awal=01%2F07%2F2026&tgl_akhir=01%2F08%2F2026:5361
[    1561ms] [LOG] update_dashboard_order_laut mbdebug @ https://phbidlautdemo.prahu-hub.com/home/dashboardorder/?tgl_awal=01%2F07%2F2026&tgl_akhir=01%2F08%2F2026:5367
[    1573ms] [LOG] 200 xhrglobal @ https://phbidlautdemo.prahu-hub.com/home/dashboardorder/?tgl_awal=01%2F07%2F2026&tgl_akhir=01%2F08%2F2026:6375
[    1590ms] [LOG] Connected mbdebug @ https://phbidlautdemo.prahu-hub.com/home/dashboardorder/?tgl_awal=01%2F07%2F2026&tgl_akhir=01%2F08%2F2026:5367
[    1696ms] [LOG] WebSocket connected @ https://phbidlautdemo.prahu-hub.com/home/dashboardorder/?tgl_awal=01%2F07%2F2026&tgl_akhir=01%2F08%2F2026:6453
[    1697ms] [LOG] update_dashboard_order_laut @ https://phbidlautdemo.prahu-hub.com/home/dashboardorder/?tgl_awal=01%2F07%2F2026&tgl_akhir=01%2F08%2F2026:6494
[    1724ms] [LOG] Connected @ https://phbidlautdemo.prahu-hub.com/home/dashboardorder/?tgl_awal=01%2F07%2F2026&tgl_akhir=01%2F08%2F2026:6494
[    1725ms] [LOG] Connected mbdebug @ https://phbidlautdemo.prahu-hub.com/home/dashboardorder/?tgl_awal=01%2F07%2F2026&tgl_akhir=01%2F08%2F2026:5367
[    1745ms] [LOG] 1 sukses setelah pagination attr jumlah data @ https://phbidlautdemo.prahu-hub.com/_resources/themes/prahutheme/javascript/custom/dashboardorder.js?m=1786589824:301
[    1746ms] [LOG] [Object] @ https://phbidlautdemo.prahu-hub.com/_resources/themes/prahutheme/javascript/custom/dashboardorder.js?m=1786589824:14
[    1746ms] [LOG] 1 @ https://phbidlautdemo.prahu-hub.com/_resources/themes/prahutheme/javascript/custom/dashboardorder.js?m=1786589824:238
[    1747ms] [LOG] 1 jumlah data di info @ https://phbidlautdemo.prahu-hub.com/_resources/themes/prahutheme/javascript/custom/dashboardorder.js?m=1786589824:239
[    1747ms] [LOG] 1 jumlah data @ https://phbidlautdemo.prahu-hub.com/_resources/themes/prahutheme/javascript/custom/dashboardorder.js?m=1786589824:200
[    1747ms] [LOG] 1 page jumlah @ https://phbidlautdemo.prahu-hub.com/_resources/themes/prahutheme/javascript/custom/dashboardorder.js?m=1786589824:202
[    1747ms] [LOG] 1 1 pageCount & pageNow @ https://phbidlautdemo.prahu-hub.com/_resources/themes/prahutheme/javascript/custom/dashboardorder.js?m=1786589824:130
[    1748ms] [LOG] 200 xhrglobal @ https://phbidlautdemo.prahu-hub.com/home/dashboardorder/?tgl_awal=01%2F07%2F2026&tgl_akhir=01%2F08%2F2026:6375
[    1791ms] [LOG] 200 xhrglobal @ https://phbidlautdemo.prahu-hub.com/home/dashboardorder/?tgl_awal=01%2F07%2F2026&tgl_akhir=01%2F08%2F2026:6375
[    1874ms] [LOG] 1 sukses setelah pagination attr jumlah data @ https://phbidlautdemo.prahu-hub.com/_resources/themes/prahutheme/javascript/custom/dashboardorder.js?m=1786589824:301
[    1874ms] [LOG] [Object] @ https://phbidlautdemo.prahu-hub.com/_resources/themes/prahutheme/javascript/custom/dashboardorder.js?m=1786589824:14
[    1875ms] [LOG] 1 @ https://phbidlautdemo.prahu-hub.com/_resources/themes/prahutheme/javascript/custom/dashboardorder.js?m=1786589824:238
[    1876ms] [LOG] 1 jumlah data di info @ https://phbidlautdemo.prahu-hub.com/_resources/themes/prahutheme/javascript/custom/dashboardorder.js?m=1786589824:239
[    1876ms] [LOG] 1 jumlah data @ https://phbidlautdemo.prahu-hub.com/_resources/themes/prahutheme/javascript/custom/dashboardorder.js?m=1786589824:200
[    1876ms] [LOG] 1 page jumlah @ https://phbidlautdemo.prahu-hub.com/_resources/themes/prahutheme/javascript/custom/dashboardorder.js?m=1786589824:202
[    1876ms] [LOG] 1 1 pageCount & pageNow @ https://phbidlautdemo.prahu-hub.com/_resources/themes/prahutheme/javascript/custom/dashboardorder.js?m=1786589824:130
[    1877ms] [LOG] 200 xhrglobal @ https://phbidlautdemo.prahu-hub.com/home/dashboardorder/?tgl_awal=01%2F07%2F2026&tgl_akhir=01%2F08%2F2026:6375
[    2037ms] [LOG] 200 xhrglobal @ https://phbidlautdemo.prahu-hub.com/home/dashboardorder/?tgl_awal=01%2F07%2F2026&tgl_akhir=01%2F08%2F2026:6375
[    2099ms] [LOG] 200 xhrglobal @ https://phbidlautdemo.prahu-hub.com/home/dashboardorder/?tgl_awal=01%2F07%2F2026&tgl_akhir=01%2F08%2F2026:6375
[    2183ms] [LOG] 1 sukses setelah pagination attr jumlah data @ https://phbidlautdemo.prahu-hub.com/_resources/themes/prahutheme/javascript/custom/dashboardorder.js?m=1786589824:301
[    2183ms] [LOG] [Object] @ https://phbidlautdemo.prahu-hub.com/_resources/themes/prahutheme/javascript/custom/dashboardorder.js?m=1786589824:14
[    2183ms] [LOG] 1 @ https://phbidlautdemo.prahu-hub.com/_resources/themes/prahutheme/javascript/custom/dashboardorder.js?m=1786589824:238
[    2184ms] [LOG] 1 jumlah data di info @ https://phbidlautdemo.prahu-hub.com/_resources/themes/prahutheme/javascript/custom/dashboardorder.js?m=1786589824:239
[    2184ms] [LOG] 1 jumlah data @ https://phbidlautdemo.prahu-hub.com/_resources/themes/prahutheme/javascript/custom/dashboardorder.js?m=1786589824:200
[    2184ms] [LOG] 1 page jumlah @ https://phbidlautdemo.prahu-hub.com/_resources/themes/prahutheme/javascript/custom/dashboardorder.js?m=1786589824:202
[    2184ms] [LOG] 1 1 pageCount & pageNow @ https://phbidlautdemo.prahu-hub.com/_resources/themes/prahutheme/javascript/custom/dashboardorder.js?m=1786589824:130
[    2185ms] [LOG] 200 xhrglobal @ https://phbidlautdemo.prahu-hub.com/home/dashboardorder/?tgl_awal=01%2F07%2F2026&tgl_akhir=01%2F08%2F2026:6375
[    2185ms] [LOG] 1 jumlah data @ https://phbidlautdemo.prahu-hub.com/_resources/themes/prahutheme/javascript/custom/dashboardorder.js?m=1786589824:200
[    2185ms] [LOG] 1 page jumlah @ https://phbidlautdemo.prahu-hub.com/_resources/themes/prahutheme/javascript/custom/dashboardorder.js?m=1786589824:202
[    2185ms] [LOG] 1 1 pageCount & pageNow @ https://phbidlautdemo.prahu-hub.com/_resources/themes/prahutheme/javascript/custom/dashboardorder.js?m=1786589824:130
[    2186ms] [LOG] 1 @ https://phbidlautdemo.prahu-hub.com/_resources/themes/prahutheme/javascript/custom/dashboardorder.js?m=1786589824:238
[    2186ms] [LOG] 1 jumlah data di info @ https://phbidlautdemo.prahu-hub.com/_resources/themes/prahutheme/javascript/custom/dashboardorder.js?m=1786589824:239
[    2186ms] [LOG] 1 jumlah data @ https://phbidlautdemo.prahu-hub.com/_resources/themes/prahutheme/javascript/custom/dashboardorder.js?m=1786589824:200
[    2186ms] [LOG] 1 page jumlah @ https://phbidlautdemo.prahu-hub.com/_resources/themes/prahutheme/javascript/custom/dashboardorder.js?m=1786589824:202
[    2186ms] [LOG] 1 1 pageCount & pageNow @ https://phbidlautdemo.prahu-hub.com/_resources/themes/prahutheme/javascript/custom/dashboardorder.js?m=1786589824:130
[    2187ms] [LOG] 1 @ https://phbidlautdemo.prahu-hub.com/_resources/themes/prahutheme/javascript/custom/dashboardorder.js?m=1786589824:238
[    2187ms] [LOG] 1 jumlah data di info @ https://phbidlautdemo.prahu-hub.com/_resources/themes/prahutheme/javascript/custom/dashboardorder.js?m=1786589824:239
[    3457ms] TypeError: $(...).DataTable is not a function
    at https://phbidlautdemo.prahu-hub.com/_resources/themes/prahutheme/js/scripts-init/tables.js:7:23
