[    1493ms] ReferenceError: dete is not defined
    at https://phbidlautdemo.prahu-hub.com/user/login:1465:5
[    4070ms] TypeError: Failed to execute 'observe' on 'IntersectionObserver': parameter 1 is not of type 'Element'.
    at https://phbidlautdemo.prahu-hub.com/user/login:1932:14
[    4107ms] [VERBOSE] [DOM] Input elements should have autocomplete attributes (suggested: "current-password"): (More info: https://goo.gl/9p2vKq) %o @ https://phbidlautdemo.prahu-hub.com/user/login:0
[    4115ms] [LOG] 0 @ https://phbidlautdemo.prahu-hub.com/user/login:1426
[    4115ms] [LOG] undefined scr @ https://phbidlautdemo.prahu-hub.com/user/login:1430
[    7117ms] [LOG] ddd @ https://phbidlautdemo.prahu-hub.com/user/login:1525
[    7358ms] [LOG] {pesan: SUB_SHIPPER, status: 1, user_aktif: 1, hapus: 0, user_aktif_sub: null} @ https://phbidlautdemo.prahu-hub.com/user/login:1558
[    7358ms] [LOG] {pesan: SUB_SHIPPER, status: 1, user_aktif: 1, hapus: 0, user_aktif_sub: null} a @ https://phbidlautdemo.prahu-hub.com/user/login:1560
[    8882ms] Cannot use import statement outside a module
[    8904ms] ReferenceError: Chart is not defined
    at https://phbidlautdemo.prahu-hub.com/_resources/themes/prahutheme/js/scripts-init/charts/chartjs.js:8:13
[    9157ms] Unexpected token '<'
[    9160ms] Unexpected token '<'
[    9234ms] Uncaught TypeError: expect element to be DOM Element, but got null
    at n.init (https://cdnjs.cloudflare.com/ajax/libs/smooth-scrollbar/8.5.2/smooth-scrollbar.js:24:264)
    at <anonymous> (https://phbidlautdemo.prahu-hub.com/home/akunsaya:5168:14)
[    9247ms] [LOG] Akun Sayanamanya @ https://phbidlautdemo.prahu-hub.com/home/akunsaya:1834
[    9254ms] [LOG] WebSocket connection @ https://phbidlautdemo.prahu-hub.com/home/akunsaya:5563
[    9254ms] [LOG] WebSocket connection attempting... @ https://phbidlautdemo.prahu-hub.com/home/akunsaya:5641
[    9402ms] [LOG] WebSocket connected @ https://phbidlautdemo.prahu-hub.com/home/akunsaya:5572
[    9406ms] [LOG] update_dashboard_order_laut @ https://phbidlautdemo.prahu-hub.com/home/akunsaya:5613
[    9429ms] [LOG] Connected @ https://phbidlautdemo.prahu-hub.com/home/akunsaya:5613
[    9639ms] [LOG] 200 xhrglobal @ https://phbidlautdemo.prahu-hub.com/home/akunsaya:5494
[    9708ms] [LOG] 200 xhrglobal @ https://phbidlautdemo.prahu-hub.com/home/akunsaya:5494
[   10032ms] [LOG] Connected @ https://phbidlautdemo.prahu-hub.com/home/akunsaya:5613
[   11265ms] TypeError: $(...).DataTable is not a function
    at https://phbidlautdemo.prahu-hub.com/_resources/themes/prahutheme/js/scripts-init/tables.js:7:23
[   17833ms] [LOG] Connected @ https://phbidlautdemo.prahu-hub.com/home/akunsaya:5613
[   19885ms] [LOG] Connected @ https://phbidlautdemo.prahu-hub.com/home/akunsaya:5613
[   24767ms] [LOG] Connected @ https://phbidlautdemo.prahu-hub.com/home/akunsaya:5613
[   26483ms] [LOG] Connected @ https://phbidlautdemo.prahu-hub.com/home/akunsaya:5613
[   35689ms] [LOG] Connected @ https://phbidlautdemo.prahu-hub.com/home/akunsaya:5613
[   41751ms] [LOG] Connected @ https://phbidlautdemo.prahu-hub.com/home/akunsaya:5613
[   41806ms] [LOG] Connected @ https://phbidlautdemo.prahu-hub.com/home/akunsaya:5613
[   42847ms] [LOG] Connected @ https://phbidlautdemo.prahu-hub.com/home/akunsaya:5613
[   47597ms] [LOG] notif_badge_hide.913-935-914-906-900-876-856-820-796-795-783-764-704-689-688-685-642-641-640-639-638-635-634-633-632-631-629-628-627-626-625-624-623-622-621-614-459-123-23 @ https://phbidlautdemo.prahu-hub.com/home/akunsaya:5613
[   47601ms] [LOG] update_dashboard_order_laut @ https://phbidlautdemo.prahu-hub.com/home/akunsaya:5613
[   47947ms] [LOG] updateNotif.913-935-914-906-900-876-856-820-796-795-783-764-704-689-688-685-642-641-640-639-638-635-634-633-632-631-629-628-627-626-625-624-623-622-621-614-459-123-23 @ https://phbidlautdemo.prahu-hub.com/home/akunsaya:5613
[   50368ms] [LOG] Connected @ https://phbidlautdemo.prahu-hub.com/home/akunsaya:5613
