[     890ms] Cannot use import statement outside a module
[     909ms] ReferenceError: Chart is not defined
    at https://phbidlautdemo.prahu-hub.com/_resources/themes/prahutheme/js/scripts-init/charts/chartjs.js:8:13
[    1105ms] Unexpected token '<'
[    1106ms] Unexpected token '<'
[    1174ms] Uncaught TypeError: expect element to be DOM Element, but got null
    at n.init (https://cdnjs.cloudflare.com/ajax/libs/smooth-scrollbar/8.5.2/smooth-scrollbar.js:24:264)
    at <anonymous> (https://phbidlautdemo.prahu-hub.com/adminprahu/kontainer:5281:14)
[    1213ms] [LOG] Masternamanya @ https://phbidlautdemo.prahu-hub.com/adminprahu/kontainer:2040
[    1226ms] [LOG] undefined @ https://phbidlautdemo.prahu-hub.com/adminprahu/kontainer:5634
[    1227ms] [LOG] Masukkan Jenis Kontainer @ https://phbidlautdemo.prahu-hub.com/adminprahu/kontainer:5634
[    1227ms] [LOG] undefined @ https://phbidlautdemo.prahu-hub.com/adminprahu/kontainer:5634
[    1227ms] [LOG] Masukkan Nama Bank @ https://phbidlautdemo.prahu-hub.com/adminprahu/kontainer:5634
[    1227ms] [LOG] undefined @ https://phbidlautdemo.prahu-hub.com/adminprahu/kontainer:5634
[    1228ms] [LOG] WebSocket connection @ https://phbidlautdemo.prahu-hub.com/adminprahu/kontainer:5677
[    1229ms] [LOG] WebSocket connection attempting... @ https://phbidlautdemo.prahu-hub.com/adminprahu/kontainer:5755
[    1372ms] [LOG] WebSocket connected @ https://phbidlautdemo.prahu-hub.com/adminprahu/kontainer:5686
[    1381ms] [LOG] update_dashboard_order_laut @ https://phbidlautdemo.prahu-hub.com/adminprahu/kontainer:5727
[    1388ms] [LOG] [Object, Object, Object, Object, Object, Object, Object, Object, Object, Object, Object, Object, Object, Object] @ https://phbidlautdemo.prahu-hub.com/_resources/themes/prahutheme/javascript/custom/kontainer.js?m=1787972929:115
[    1396ms] [LOG] 14 @ https://phbidlautdemo.prahu-hub.com/_resources/themes/prahutheme/javascript/custom/kontainer.js?m=1787972929:857
[    1397ms] [LOG] 14 countView1 1 pageNow 20 limitView1 @ https://phbidlautdemo.prahu-hub.com/_resources/themes/prahutheme/javascript/custom/kontainer.js?m=1787972929:859
[    1398ms] [LOG] 14 @ https://phbidlautdemo.prahu-hub.com/_resources/themes/prahutheme/javascript/custom/kontainer.js?m=1787972929:870
[    1399ms] [LOG] 14 jumlah data @ https://phbidlautdemo.prahu-hub.com/_resources/themes/prahutheme/javascript/custom/kontainer.js?m=1787972929:816
[    1399ms] [LOG] 1 @ https://phbidlautdemo.prahu-hub.com/_resources/themes/prahutheme/javascript/custom/kontainer.js?m=1787972929:818
[    1400ms] [LOG] 1 1 pageCount & pageNow @ https://phbidlautdemo.prahu-hub.com/_resources/themes/prahutheme/javascript/custom/kontainer.js?m=1787972929:744
[    1403ms] [LOG] 200 xhrglobal @ https://phbidlautdemo.prahu-hub.com/adminprahu/kontainer:5608
[    1404ms] [LOG] ce.fn.init stepItem @ https://phbidlautdemo.prahu-hub.com/_resources/themes/prahutheme/javascript/custom/kontainer.js?m=1787972929:713
[    1432ms] [LOG] Connected @ https://phbidlautdemo.prahu-hub.com/adminprahu/kontainer:5727
[    1511ms] [LOG] 200 xhrglobal @ https://phbidlautdemo.prahu-hub.com/adminprahu/kontainer:5608
[    1559ms] [LOG] 200 xhrglobal @ https://phbidlautdemo.prahu-hub.com/adminprahu/kontainer:5608
[    3227ms] TypeError: $(...).DataTable is not a function
    at https://phbidlautdemo.prahu-hub.com/_resources/themes/prahutheme/js/scripts-init/tables.js:7:23
[    5156ms] [LOG] 200 xhrglobal @ https://phbidlautdemo.prahu-hub.com/adminprahu/kontainer:5608
